
Gurobi 12.0.0 (win64) logging started Mon Sep  7 03:59:55 2026

Set parameter LogFile to value "C:\Users\TECNO-MASTER\Desktop\Elmo_infrastructure_sizing_NP-\output\DCH_septiembre\Bateria_482\Costo_variable\Carga_libre\Carga_on_board_variable_3estaciones_P320kW_Descomp/station_3_d335\gurobi.log"
Set parameter Threads to value 1
Set parameter Heuristics to value 0.5
Set parameter MIPFocus to value 3
Set parameter Presolve to value 2
Set parameter FlowCoverCuts to value 2
Set parameter TimeLimit to value 1200
Gurobi Optimizer version 12.0.0 build v12.0.0rc1 (win64 - Windows 11+.0 (26200.2))

CPU model: Intel(R) Core(TM) i9-14900K, instruction set [SSE2|AVX|AVX2]
Thread count: 24 physical cores, 32 logical processors, using up to 1 threads

Non-default parameters:
TimeLimit  1200
MIPGap  0.05
Heuristics  0.5
MIPFocus  3
FlowCoverCuts  2
Presolve  2
Threads  1

Optimize a model with 22740 rows, 37249 columns and 109726 nonzeros
Model fingerprint: 0x684f7c9a
Variable types: 17323 continuous, 19926 integer (19925 binary)
Coefficient statistics:
  Matrix range     [1e-01, 3e+02]
  Objective range  [4e-03, 1e+02]
  Bounds range     [1e+00, 1e+00]
  RHS range        [1e+00, 1e+04]
Presolve removed 20416 rows and 26955 columns
Presolve time: 0.08s
Presolved: 2324 rows, 10294 columns, 30328 nonzeros
Variable types: 840 continuous, 9454 integer (9454 binary)
Root relaxation presolved: 2324 rows, 10294 columns, 30328 nonzeros


Root relaxation: objective 1.142129e+05, 3564 iterations, 0.08 seconds (0.17 work units)

    Nodes    |    Current Node    |     Objective Bounds      |     Work
 Expl Unexpl |  Obj  Depth IntInf | Incumbent    BestBd   Gap | It/Node Time

     0     0 114212.894    0   68          - 114212.894      -     -    0s
H    0     0                    114514.24500 114212.894  0.26%     -    0s

Explored 1 nodes (6824 simplex iterations) in 0.43 seconds (0.79 work units)
Thread count was 1 (of 32 available processors)

Solution count 1: 114514 

Optimal solution found (tolerance 5.00e-02)
Best objective 1.145142450027e+05, best bound 1.142128941630e+05, gap 0.2632%
