
Gurobi 12.0.0 (win64) logging started Mon Sep  7 03:59:46 2026

Set parameter LogFile to value "C:\Users\TECNO-MASTER\Desktop\Elmo_infrastructure_sizing_NP-\output\DCH_septiembre\Bateria_482\Costo_variable\Carga_libre\Carga_on_board_variable_3estaciones_P320kW_Descomp/station_2_d182\gurobi.log"
Set parameter Threads to value 1
Set parameter Heuristics to value 0.5
Set parameter MIPFocus to value 3
Set parameter Presolve to value 2
Set parameter FlowCoverCuts to value 2
Set parameter TimeLimit to value 1200
Gurobi Optimizer version 12.0.0 build v12.0.0rc1 (win64 - Windows 11+.0 (26200.2))

CPU model: Intel(R) Core(TM) i9-14900K, instruction set [SSE2|AVX|AVX2]
Thread count: 24 physical cores, 32 logical processors, using up to 1 threads

Non-default parameters:
TimeLimit  1200
MIPGap  0.05
Heuristics  0.5
MIPFocus  3
FlowCoverCuts  2
Presolve  2
Threads  1

Optimize a model with 23772 rows, 39247 columns and 115808 nonzeros
Model fingerprint: 0xa1b49351
Variable types: 18325 continuous, 20922 integer (20921 binary)
Coefficient statistics:
  Matrix range     [1e-01, 3e+02]
  Objective range  [1e-02, 1e+02]
  Bounds range     [1e+00, 1e+00]
  RHS range        [1e+00, 1e+04]
Presolve removed 21412 rows and 28434 columns
Presolve time: 0.25s
Presolved: 2360 rows, 10813 columns, 32026 nonzeros
Variable types: 841 continuous, 9972 integer (9972 binary)
Root relaxation presolved: 2360 rows, 10813 columns, 32026 nonzeros


Root relaxation: objective 1.165080e+05, 2925 iterations, 0.15 seconds (0.12 work units)

    Nodes    |    Current Node    |     Objective Bounds      |     Work
 Expl Unexpl |  Obj  Depth IntInf | Incumbent    BestBd   Gap | It/Node Time

     0     0 116507.999    0   45          - 116507.999      -     -    0s
H    0     0                    121335.75159 116507.999  3.98%     -    0s

Explored 1 nodes (5301 simplex iterations) in 0.92 seconds (0.71 work units)
Thread count was 1 (of 32 available processors)

Solution count 1: 121336 

Optimal solution found (tolerance 5.00e-02)
Best objective 1.213357515901e+05, best bound 1.165079994431e+05, gap 3.9788%
