
Gurobi 12.0.0 (win64) logging started Wed Jul  1 13:54:50 2026

Set parameter LogFile to value "output/DCH_taller_julio/Costo_variable/Carga_on_board_320kW_st2_2ch/station_3_d121\gurobi.log"
Set parameter Threads to value 5
Set parameter Heuristics to value 0.5
Set parameter MIPFocus to value 3
Set parameter Presolve to value 2
Set parameter FlowCoverCuts to value 2
Set parameter TimeLimit to value 172800
Gurobi Optimizer version 12.0.0 build v12.0.0rc1 (win64 - Windows 11+.0 (26200.2))

CPU model: Intel(R) Core(TM) i9-14900K, instruction set [SSE2|AVX|AVX2]
Thread count: 24 physical cores, 32 logical processors, using up to 5 threads

Non-default parameters:
TimeLimit  172800
MIPGap  0.01
Heuristics  0.5
MIPFocus  3
FlowCoverCuts  2
Presolve  2
Threads  5

Optimize a model with 22793 rows, 35809 columns and 109900 nonzeros
Model fingerprint: 0x98de76b1
Variable types: 17323 continuous, 18486 integer (18485 binary)
Coefficient statistics:
  Matrix range     [1e-01, 3e+02]
  Objective range  [8e-03, 1e+02]
  Bounds range     [1e+00, 1e+00]
  RHS range        [1e+00, 1e+04]
Presolve removed 20486 rows and 25838 columns
Presolve time: 0.12s
Presolved: 2307 rows, 9971 columns, 29520 nonzeros
Variable types: 821 continuous, 9150 integer (9150 binary)
Root relaxation presolved: 2307 rows, 9971 columns, 29520 nonzeros


Root relaxation: objective 1.280240e+05, 3213 iterations, 0.16 seconds (0.22 work units)

    Nodes    |    Current Node    |     Objective Bounds      |     Work
 Expl Unexpl |  Obj  Depth IntInf | Incumbent    BestBd   Gap | It/Node Time

     0     0 128024.023    0  188          - 128024.023      -     -    0s
H    0     0                    283717.14854 128024.023  54.9%     -    1s
H    0     0                    129150.63087 128024.023  0.87%     -    1s
     0     0 128039.131    0  174 129150.631 128039.131  0.86%     -    1s

Cutting planes:
  Gomory: 9
  Cover: 4
  Implied bound: 9
  Clique: 13
  MIR: 4
  Mixing: 3
  Flow cover: 8
  Zero half: 20
  RLT: 11
  Relax-and-lift: 14
  BQP: 4
  PSD: 7

Explored 1 nodes (11831 simplex iterations) in 1.98 seconds (1.98 work units)
Thread count was 5 (of 32 available processors)

Solution count 2: 129151 283717 

Optimal solution found (tolerance 1.00e-02)
Best objective 1.291506308670e+05, best bound 1.280391306012e+05, gap 0.8606%
