
Gurobi 12.0.0 (win64) logging started Mon Sep  7 03:36:17 2026

Set parameter LogFile to value "C:\Users\TECNO-MASTER\Desktop\Elmo_infrastructure_sizing_NP-\output\DCH_septiembre\Bateria_353\Costo_fijo\Carga_libre\Carga_on_board_fixed_3estaciones_P320kW_Descomp/station_2_d213_stage1\gurobi.log"
Set parameter Threads to value 1
Set parameter Heuristics to value 0.5
Set parameter MIPFocus to value 3
Set parameter Presolve to value 2
Set parameter FlowCoverCuts to value 2
Set parameter TimeLimit to value 1200
Gurobi Optimizer version 12.0.0 build v12.0.0rc1 (win64 - Windows 11+.0 (26200.2))

CPU model: Intel(R) Core(TM) i9-14900K, instruction set [SSE2|AVX|AVX2]
Thread count: 24 physical cores, 32 logical processors, using up to 1 threads

Non-default parameters:
TimeLimit  1200
MIPGap  0.05
Heuristics  0.5
MIPFocus  3
FlowCoverCuts  2
Presolve  2
Threads  1

Optimize a model with 23772 rows, 39247 columns and 116710 nonzeros
Model fingerprint: 0xf45d276a
Variable types: 18325 continuous, 20922 integer (20921 binary)
Coefficient statistics:
  Matrix range     [1e-01, 3e+02]
  Objective range  [4e-01, 8e+04]
  Bounds range     [1e+00, 1e+00]
  RHS range        [1e+00, 1e+04]
Presolve removed 20947 rows and 28432 columns
Presolve time: 0.28s
Presolved: 2825 rows, 10815 columns, 33077 nonzeros
Variable types: 841 continuous, 9974 integer (9973 binary)
Root relaxation presolved: 2825 rows, 10815 columns, 33077 nonzeros


Root relaxation: objective 6.891402e+04, 4625 iterations, 0.55 seconds (0.66 work units)

    Nodes    |    Current Node    |     Objective Bounds      |     Work
 Expl Unexpl |  Obj  Depth IntInf | Incumbent    BestBd   Gap | It/Node Time

     0     0 68914.0245    0  426          - 68914.0245      -     -    2s
     0     0 118039.339    0   90          - 118039.339      -     -    5s
     0     0 118039.339    0   16          - 118039.339      -     -    5s
H    0     0                    118039.33919 118039.339  0.00%     -    5s

Cutting planes:
  Gomory: 4
  Implied bound: 2
  MIR: 3
  Mixing: 7
  Flow cover: 4

Explored 1 nodes (28541 simplex iterations) in 5.67 seconds (5.81 work units)
Thread count was 1 (of 32 available processors)

Solution count 2: 118039 118039 

Optimal solution found (tolerance 5.00e-02)
Best objective 1.180393391853e+05, best bound 1.180393391853e+05, gap 0.0000%
