
Gurobi 12.0.3 (win64) logging started Sun Aug 23 17:24:23 2026

Set parameter LogFile to value "C:\Users\TECNO-MASTER\Desktop\Elmo_infrastructure_sizing_NP-\output\DCH_agosto\Costo_variable\Carga_libre\Carga_on_board_variable_3estaciones_P1000kW_Descomp/station_1_d121\gurobi.log"
Set parameter Threads to value 1
Set parameter Heuristics to value 0.5
Set parameter MIPFocus to value 3
Set parameter Presolve to value 2
Set parameter FlowCoverCuts to value 2
Set parameter TimeLimit to value 172800
Gurobi Optimizer version 12.0.3 build v12.0.3rc0 (win64 - Windows 11+.0 (26200.2))

CPU model: Intel(R) Core(TM) i9-14900K, instruction set [SSE2|AVX|AVX2]
Thread count: 24 physical cores, 32 logical processors, using up to 1 threads

Non-default parameters:
TimeLimit  172800
MIPGap  0.01
Heuristics  0.5
MIPFocus  3
FlowCoverCuts  2
Presolve  2
Threads  1

Optimize a model with 22770 rows, 37249 columns and 109784 nonzeros
Model fingerprint: 0xd25177f1
Variable types: 17323 continuous, 19926 integer (19925 binary)
Coefficient statistics:
  Matrix range     [1e-01, 1e+03]
  Objective range  [8e-03, 1e+02]
  Bounds range     [1e+00, 3e+00]
  RHS range        [1e+00, 1e+04]
Presolve removed 20325 rows and 26960 columns
Presolve time: 0.22s
Presolved: 2445 rows, 10289 columns, 31876 nonzeros
Variable types: 841 continuous, 9448 integer (9362 binary)
Root relaxation presolved: 2445 rows, 10289 columns, 31876 nonzeros


Root relaxation: objective 2.112280e+05, 3826 iterations, 0.19 seconds (0.18 work units)

    Nodes    |    Current Node    |     Objective Bounds      |     Work
 Expl Unexpl |  Obj  Depth IntInf | Incumbent    BestBd   Gap | It/Node Time

     0     0 211227.997    0  116          - 211227.997      -     -    1s
H    0     0                    219120.45305 211227.997  3.60%     -    1s
H    0     0                    218800.88677 211227.997  3.46%     -    1s
H    0     0                    218029.87495 211227.997  3.12%     -    1s
     0     0 211228.002    0   91 218029.875 211228.002  3.12%     -    2s
H    0     0                    215183.23675 211228.002  1.84%     -    2s
H    0     0                    215171.98128 211228.002  1.83%     -    2s
H    0     0                    214893.95971 211228.002  1.71%     -    2s
     0     0 211228.002    0   96 214893.960 211228.002  1.71%     -    3s
H    0     0                    213954.23047 211228.002  1.27%     -    3s
H    0     0                    213946.45049 211228.002  1.27%     -    3s
H    0     0                    213832.54651 211228.002  1.22%     -    3s
     0     0 211228.002    0  139 213832.547 211228.002  1.22%     -    3s
     0     0 211228.002    0   88 213832.547 211228.002  1.22%     -    4s
H    0     0                    213639.06173 211228.002  1.13%     -    4s
H    0     0                    213256.72302 211228.002  0.95%     -    4s

Cutting planes:
  Gomory: 4
  Lift-and-project: 1
  Cover: 7
  Implied bound: 10
  Clique: 4
  MIR: 3
  Flow cover: 14
  Zero half: 7
  RLT: 5
  Relax-and-lift: 13
  PSD: 6

Explored 1 nodes (21618 simplex iterations) in 4.74 seconds (3.88 work units)
Thread count was 1 (of 32 available processors)

Solution count 10: 213257 213639 213833 ... 218801

Optimal solution found (tolerance 1.00e-02)
Best objective 2.132567230186e+05, best bound 2.112280016051e+05, gap 0.9513%
