
Gurobi 12.0.3 (win64) logging started Sun Aug 23 17:22:01 2026

Set parameter LogFile to value "C:\Users\TECNO-MASTER\Desktop\Elmo_infrastructure_sizing_NP-\output\DCH_agosto\Costo_variable\Ventana_restringida\Carga_on_board_variable_3estaciones_P1000kW_Descomp/station_1_d213_stage1\gurobi.log"
Set parameter Threads to value 1
Set parameter Heuristics to value 0.5
Set parameter MIPFocus to value 3
Set parameter Presolve to value 2
Set parameter FlowCoverCuts to value 2
Set parameter TimeLimit to value 172800
Gurobi Optimizer version 12.0.3 build v12.0.3rc0 (win64 - Windows 11+.0 (26200.2))

CPU model: Intel(R) Core(TM) i9-14900K, instruction set [SSE2|AVX|AVX2]
Thread count: 24 physical cores, 32 logical processors, using up to 1 threads

Non-default parameters:
TimeLimit  172800
MIPGap  0.01
Heuristics  0.5
MIPFocus  3
FlowCoverCuts  2
Presolve  2
Threads  1

Optimize a model with 23314 rows, 37249 columns and 111230 nonzeros
Model fingerprint: 0xd85913f0
Variable types: 17323 continuous, 19926 integer (19925 binary)
Coefficient statistics:
  Matrix range     [1e-01, 1e+03]
  Objective range  [8e-03, 2e+05]
  Bounds range     [1e+00, 3e+00]
  RHS range        [1e+00, 1e+04]
Presolve removed 22108 rows and 28486 columns
Presolve time: 0.17s
Presolved: 1206 rows, 8763 columns, 27242 nonzeros
Variable types: 233 continuous, 8530 integer (8443 binary)
Root relaxation presolved: 1206 rows, 8763 columns, 27242 nonzeros


Use crossover to convert LP symmetric solution to basic solution...

Root relaxation: objective 1.368865e+05, 3014 iterations, 0.06 seconds (0.05 work units)

    Nodes    |    Current Node    |     Objective Bounds      |     Work
 Expl Unexpl |  Obj  Depth IntInf | Incumbent    BestBd   Gap | It/Node Time

     0     0 136886.522    0  147          - 136886.522      -     -    0s
     0     0 163385.116    0  125          - 163385.116      -     -    1s
     0     0 169547.935    0  143          - 169547.935      -     -    2s
H    0     0                    401733.38928 169547.935  57.8%     -    2s
H    0     0                    399712.57743 169547.935  57.6%     -    2s
H    0     0                    398178.15229 169547.935  57.4%     -    2s
H    0     0                    248120.96781 169547.935  31.7%     -    2s
H    0     0                    244575.98853 169547.935  30.7%     -    2s
H    0     0                    244568.14312 169547.935  30.7%     -    2s
H    0     0                    244566.73244 169547.935  30.7%     -    2s
H    0     0                    242945.53250 169547.935  30.2%     -    2s
H    0     0                    242942.82993 169547.935  30.2%     -    2s
     0     0 169547.935    0  148 242942.830 169547.935  30.2%     -    2s
     0     0 169547.935    0  131 242942.830 169547.935  30.2%     -    3s
H    0     0                    241632.26926 169547.935  29.8%     -    3s
H    0     0                    241591.98339 169547.935  29.8%     -    3s
H    0     0                    239364.15133 169547.935  29.2%     -    3s
H    0     0                    239228.52633 169547.935  29.1%     -    3s
H    0     0                    233247.69135 169547.935  27.3%     -    3s
H    0     0                    233024.94454 169547.935  27.2%     -    3s
H    0     0                    231888.58975 169547.935  26.9%     -    3s
H    0     0                    231888.44170 169547.935  26.9%     -    3s
H    0     0                    231887.14785 169547.935  26.9%     -    3s
     0     0 169547.935    0  155 231887.148 169547.935  26.9%     -    3s
     0     0 169547.935    0  135 231887.148 169547.935  26.9%     -    4s
H    0     0                    231164.02525 169547.935  26.7%     -    4s
H    0     0                    230925.04394 169547.935  26.6%     -    4s
     0     0 169547.935    0  143 230925.044 169547.935  26.6%     -    4s
     0     0 169547.935    0  121 230925.044 169547.935  26.6%     -    5s
H    0     0                    224199.05633 169547.935  24.4%     -    5s
H    0     0                    224178.07134 169547.935  24.4%     -    5s
     0     0 169547.935    0  139 224178.071 169547.935  24.4%     -    5s
     0     0 181303.897    0   96 224178.071 181303.897  19.1%     -    6s
     0     0 181303.897    0  116 224178.071 181303.897  19.1%     -    6s
H    0     0                    224088.15032 181303.897  19.1%     -    6s
H    0     0                    224025.47815 181303.897  19.1%     -    6s
H    0     0                    224019.11482 181303.897  19.1%     -    6s
     0     0 181303.897    0  120 224019.115 181303.897  19.1%     -    6s
     0     0 181303.897    0   88 224019.115 181303.897  19.1%     -    7s
H    0     0                    223125.34354 181303.897  18.7%     -    7s
H    0     0                    220052.17677 181303.897  17.6%     -    7s
H    0     0                    219156.18223 181303.897  17.3%     -    7s
H    0     0                    218953.76762 181303.897  17.2%     -    7s
H    0     0                    218935.44048 181303.897  17.2%     -    7s
H    0     0                    218932.01829 181303.897  17.2%     -    7s
     0     0 181303.897    0  100 218932.018 181303.897  17.2%     -    7s
     0     0 181303.897    0  102 218932.018 181303.897  17.2%     -    8s
     0     0 181303.897    0   99 218932.018 181303.897  17.2%     -    9s
H    0     0                    218890.50298 181303.897  17.2%     -    9s
H    0     0                    218843.20537 181303.897  17.2%     -    9s
     0     2 183583.129    0   96 218843.205 183583.129  16.1%     -    9s

Cutting planes:
  Gomory: 7
  Lift-and-project: 2
  Cover: 9
  Clique: 1
  MIR: 9
  Mixing: 2
  Flow cover: 16
  Zero half: 7
  Relax-and-lift: 9

Explored 2 nodes (21305 simplex iterations) in 9.65 seconds (9.97 work units)
Thread count was 1 (of 32 available processors)

Solution count 10: 218843 218891 218932 ... 224025

Optimal solution found (tolerance 1.00e-02)
Best objective 2.188432053722e+05, best bound 2.180109883162e+05, gap 0.3803%
