
Gurobi 12.0.3 (win64) logging started Sun Aug 23 17:24:24 2026

Set parameter LogFile to value "C:\Users\TECNO-MASTER\Desktop\Elmo_infrastructure_sizing_NP-\output\DCH_agosto\Costo_variable\Carga_libre\Carga_on_board_variable_3estaciones_P1000kW_Descomp/station_2_d244\gurobi.log"
Set parameter Threads to value 1
Set parameter Heuristics to value 0.5
Set parameter MIPFocus to value 3
Set parameter Presolve to value 2
Set parameter FlowCoverCuts to value 2
Set parameter TimeLimit to value 172800
Gurobi Optimizer version 12.0.3 build v12.0.3rc0 (win64 - Windows 11+.0 (26200.2))

CPU model: Intel(R) Core(TM) i9-14900K, instruction set [SSE2|AVX|AVX2]
Thread count: 24 physical cores, 32 logical processors, using up to 1 threads

Non-default parameters:
TimeLimit  172800
MIPGap  0.01
Heuristics  0.5
MIPFocus  3
FlowCoverCuts  2
Presolve  2
Threads  1

Optimize a model with 23772 rows, 39247 columns and 115808 nonzeros
Model fingerprint: 0xdbef7b5b
Variable types: 18325 continuous, 20922 integer (20921 binary)
Coefficient statistics:
  Matrix range     [1e-01, 1e+03]
  Objective range  [8e-03, 1e+02]
  Bounds range     [1e+00, 3e+00]
  RHS range        [1e+00, 1e+04]
Presolve removed 21321 rows and 28443 columns
Presolve time: 0.25s
Presolved: 2451 rows, 10804 columns, 33500 nonzeros
Variable types: 841 continuous, 9963 integer (9872 binary)
Root relaxation presolved: 2451 rows, 10804 columns, 33500 nonzeros


Root relaxation: objective 2.117362e+05, 3901 iterations, 0.24 seconds (0.19 work units)

    Nodes    |    Current Node    |     Objective Bounds      |     Work
 Expl Unexpl |  Obj  Depth IntInf | Incumbent    BestBd   Gap | It/Node Time

     0     0 211736.230    0  205          - 211736.230      -     -    1s
H    0     0                    245620.96796 211736.230  13.8%     -    1s
H    0     0                    240518.45450 211736.230  12.0%     -    1s
H    0     0                    239259.44822 211736.230  11.5%     -    1s
H    0     0                    235413.72537 211736.230  10.1%     -    1s
H    0     0                    235228.78713 211736.230  10.0%     -    1s
H    0     0                    232022.21961 211736.230  8.74%     -    1s
H    0     0                    224832.16530 211736.230  5.82%     -    1s
H    0     0                    224704.33662 211736.230  5.77%     -    1s
H    0     0                    224701.08047 211736.230  5.77%     -    1s
H    0     0                    224661.52860 211736.230  5.75%     -    1s
     0     0 211895.186    0  191 224661.529 211895.186  5.68%     -    2s
H    0     0                    224629.36234 211895.186  5.67%     -    2s
H    0     0                    223668.35309 211895.186  5.26%     -    2s
H    0     0                    221843.89102 211895.186  4.48%     -    2s
     0     0 211896.654    0  215 221843.891 211896.654  4.48%     -    3s
     0     0 211896.654    0  218 221843.891 211896.654  4.48%     -    3s
     0     0 211930.479    0  217 221843.891 211930.479  4.47%     -    4s
H    0     0                    219488.22530 211930.479  3.44%     -    4s
H    0     0                    218393.04284 211930.479  2.96%     -    4s
H    0     0                    217598.33448 211930.479  2.60%     -    4s
     0     0 211930.571    0  223 217598.334 211930.571  2.60%     -    4s
     0     0 211930.571    0  222 217598.334 211930.571  2.60%     -    4s
     0     0 211948.974    0  239 217598.334 211948.974  2.60%     -    4s
H    0     0                    216491.92759 211953.607  2.10%     -    4s
H    0     0                    213546.54837 211953.607  0.75%     -    4s

Cutting planes:
  Gomory: 25
  Lift-and-project: 9
  Cover: 13
  Implied bound: 7
  Projected implied bound: 2
  Clique: 7
  MIR: 9
  Flow cover: 24
  Zero half: 9
  RLT: 4
  Relax-and-lift: 28
  BQP: 3
  PSD: 5

Explored 1 nodes (13932 simplex iterations) in 4.99 seconds (4.43 work units)
Thread count was 1 (of 32 available processors)

Solution count 10: 213547 216492 217598 ... 224701

Optimal solution found (tolerance 1.00e-02)
Best objective 2.135465483736e+05, best bound 2.119536073415e+05, gap 0.7459%
