
Gurobi 12.0.3 (win64) logging started Wed Jul  8 01:25:35 2026

Set parameter LogFile to value "output/GX_pruebas/P640kW/gurobi.log"
Set parameter Threads to value 32
Set parameter Heuristics to value 0.5
Set parameter MIPFocus to value 3
Set parameter Presolve to value 2
Set parameter FlowCoverCuts to value 2
Set parameter TimeLimit to value 172800
Gurobi Optimizer version 12.0.3 build v12.0.3rc0 (win64 - Windows 11+.0 (26200.2))

CPU model: Intel(R) Core(TM) i9-14900K, instruction set [SSE2|AVX|AVX2]
Thread count: 24 physical cores, 32 logical processors, using up to 32 threads

Non-default parameters:
TimeLimit  172800
MIPGap  0.01
Heuristics  0.5
MIPFocus  3
FlowCoverCuts  2
Presolve  2
Threads  32

Optimize a model with 136890 rows, 204829 columns and 972256 nonzeros
Model fingerprint: 0x6bb7aa24
Variable types: 98619 continuous, 106210 integer (106207 binary)
Coefficient statistics:
  Matrix range     [3e-02, 8e+04]
  Objective range  [3e+00, 1e+06]
  Bounds range     [1e+00, 8e+04]
  RHS range        [1e+00, 8e+04]
Presolve removed 117222 rows and 155206 columns
Presolve time: 0.85s
Presolved: 19668 rows, 49623 columns, 306263 nonzeros
Variable types: 5284 continuous, 44339 integer (44336 binary)
Root relaxation presolve removed 870 rows and 0 columns
Root relaxation presolved: 18798 rows, 49623 columns, 303988 nonzeros

Deterministic concurrent LP optimizer: primal and dual simplex
Showing primal log only...

Concurrent spin time: 0.17s

Solved with dual simplex

Root relaxation: objective 1.780433e+06, 22114 iterations, 1.96 seconds (4.33 work units)
Total elapsed time = 5.04s (DegenMoves)

    Nodes    |    Current Node    |     Objective Bounds      |     Work
 Expl Unexpl |  Obj  Depth IntInf | Incumbent    BestBd   Gap | It/Node Time

     0     0 1851383.09    0  590          - 1851383.09      -     -    7s
     0     0 2594140.17    0  310          - 2594140.17      -     -   13s
     0     0 2603140.15    0  644          - 2603140.15      -     -   14s
     0     0 2603140.15    0  652          - 2603140.15      -     -   14s
     0     0 2603140.15    0  380          - 2603140.15      -     -   18s
     0     0 2603140.15    0  465          - 2603140.15      -     -   19s
     0     0 2603140.15    0  466          - 2603140.15      -     -   19s
     0     0 2603140.15    0  363          - 2603140.15      -     -   24s
     0     0 2603140.15    0  395          - 2603140.15      -     -   24s
     0     0 2603140.15    0  353          - 2603140.15      -     -   31s
     0     0 2603140.15    0  453          - 2603140.15      -     -   31s
     0     0 2603140.15    0  261          - 2603140.15      -     -   38s
     0     0 2603140.15    0  416          - 2603140.15      -     -   39s
     0     0 2603140.15    0  365          - 2603140.15      -     -   45s
     0     0 2603140.15    0  400          - 2603140.15      -     -   46s
     0     0 2603140.15    0  348          - 2603140.15      -     -   52s
     0     0 2603140.15    0  348          - 2603140.15      -     -   53s
     0     2 2603140.15    0  348          - 2603140.15      -     -   69s
     1     4 2603140.15    1  373          - 2603140.15      -  8309   70s
    95   144 2603140.15    7  276          - 2603140.15      -   485   76s
   254   702 2603140.15   13  200          - 2603140.15      -   412   81s
   701  2495 2603140.15   23  132          - 2603140.15      -   188   89s
  2494  6686 2603140.15   73   61          - 2603140.15      -  60.3  101s
  6690  6688 2603140.15  114  518          - 2603140.15      -  47.6  112s
  6691  6689 2603140.15  167  488          - 2603140.15      -  47.6  118s
  6693  6690 2603140.15   90  883          - 2603140.15      -  47.6  120s
  6694  6691 2603140.15  100  476          - 2603140.15      -  47.6  128s
  6697  6693 2603140.15  167  725          - 2603140.15      -  47.6  132s
  6698  6694 2603140.15   26  412          - 2603140.15      -  47.6  140s
  6700  6695 2603140.15   81  385          - 2603140.15      -  47.5  149s
  6701  6696 2603140.15  108  554          - 2603140.15      -  47.5  153s
  6702  6696 2603140.15   94  363          - 2603140.15      -  47.5  158s
  6703  6697 2603140.15  155  430          - 2603140.15      -  47.5  162s
  6704  6698 2603140.15   60  284          - 2603140.15      -  47.5  167s
  6705  6698 2603140.15   97  452          - 2603140.15      -  47.5  172s
  6706  6699 2603140.15  117  263          - 2603140.15      -  47.5  175s
  6708  6700 2603140.15  146  334          - 2603140.15      -  47.5  181s
  6710  6702 2603140.15  117  255          - 2603140.15      -  47.5  186s
  6712  6703 2603140.15  148  180          - 2603140.15      -  47.5  191s
  6714  6704 2603140.15  105  311          - 2603140.15      -  47.4  196s
  6717  6706 2603140.15   58  204          - 2603140.15      -  47.4  204s
H 6717  6370                    6702972.2405 2603140.15  61.2%  47.4  215s
H 6717  6051                    5013229.0380 2603140.15  48.1%  47.4  215s
H 6717  5748                    5012820.8112 2603140.15  48.1%  47.4  217s
H 6717  5460                    5011046.2194 2603140.15  48.1%  47.4  218s
H 6717  5186                    4069097.1814 2603140.15  36.0%  47.4  218s
H 6717  4926                    4068241.3554 2603140.15  36.0%  47.4  219s
H 6718  4682                    4067736.3415 2603140.15  36.0%  92.6  220s
  6749  4732 2603140.15   17  382 4067736.34 2603140.15  36.0%  95.4  228s
H 6776  4489                    4066814.2266 2603140.15  36.0%  96.5  228s
  6781  4517 2603140.15   18  320 4066814.23 2603140.15  36.0%  97.1  230s
  6813  4538 2603140.15   19  298 4066814.23 2603140.15  36.0%  99.1  236s
  6845  4560 2616372.14   20  622 4066814.23 2603140.15  36.0%   100  247s
H 6846  4336                    4066740.3503 2603140.15  36.0%   100  247s
  6877  4358 2603140.15   21  335 4066740.35 2603140.15  36.0%   100  266s
H 6881  4145                    4066730.0871 2603140.15  36.0%   100  266s
H 6909  4571                    4066721.5997 2603140.15  36.0%   100  278s
H 6989  4354                    4066183.8528 2603140.15  36.0%  99.2  278s
H 7049  4153                    3077935.8031 2603140.15  15.4%  98.5  278s
H 7369  3871                    3077731.2656 2603140.15  15.4%  95.8  278s
H 7549  4281                    3077324.9039 2603140.15  15.4%  93.7  303s
  8212  6207 2603140.15   32  303 3077324.90 2603140.15  15.4%   100  342s
H 8744  5833                    2603160.3993 2603140.15  0.00%   103  342s
H 8875  5641                    2603155.3330 2603140.15  0.00%   102  342s

Cutting planes:
  Gomory: 16
  Lift-and-project: 15
  Cover: 18
  MIR: 191
  Flow cover: 61
  GUB cover: 40
  Zero half: 97
  RLT: 7

Explored 10610 nodes (1463296 simplex iterations) in 343.82 seconds (421.01 work units)
Thread count was 32 (of 32 available processors)

Solution count 10: 2.60316e+06 2.60316e+06 3.07732e+06 ... 4.06681e+06

Optimal solution found (tolerance 1.00e-02)
Warning: max constraint violation (8.0418e-06) exceeds tolerance
Best objective 2.603155333050e+06, best bound 2.603140149325e+06, gap 0.0006%
