
Gurobi 12.0.3 (win64) logging started Sun Aug 23 17:23:31 2026

Set parameter LogFile to value "C:\Users\TECNO-MASTER\Desktop\Elmo_infrastructure_sizing_NP-\output\DCH_agosto\Costo_variable\Carga_libre\Carga_on_board_variable_3estaciones_P1000kW_Descomp/station_2_d121_stage1\gurobi.log"
Set parameter Threads to value 1
Set parameter Heuristics to value 0.5
Set parameter MIPFocus to value 3
Set parameter Presolve to value 2
Set parameter FlowCoverCuts to value 2
Set parameter TimeLimit to value 172800
Gurobi Optimizer version 12.0.3 build v12.0.3rc0 (win64 - Windows 11+.0 (26200.2))

CPU model: Intel(R) Core(TM) i9-14900K, instruction set [SSE2|AVX|AVX2]
Thread count: 24 physical cores, 32 logical processors, using up to 1 threads

Non-default parameters:
TimeLimit  172800
MIPGap  0.01
Heuristics  0.5
MIPFocus  3
FlowCoverCuts  2
Presolve  2
Threads  1

Optimize a model with 23772 rows, 39247 columns and 116710 nonzeros
Model fingerprint: 0x9bda55a1
Variable types: 18325 continuous, 20922 integer (20921 binary)
Coefficient statistics:
  Matrix range     [1e-01, 1e+03]
  Objective range  [8e-03, 2e+05]
  Bounds range     [1e+00, 3e+00]
  RHS range        [1e+00, 1e+04]
Presolve removed 20876 rows and 28441 columns
Presolve time: 0.27s
Presolved: 2896 rows, 10806 columns, 34238 nonzeros
Variable types: 841 continuous, 9965 integer (9873 binary)
Root relaxation presolved: 2896 rows, 10806 columns, 34238 nonzeros


Root relaxation: objective 4.740583e+04, 4106 iterations, 0.43 seconds (0.52 work units)

    Nodes    |    Current Node    |     Objective Bounds      |     Work
 Expl Unexpl |  Obj  Depth IntInf | Incumbent    BestBd   Gap | It/Node Time

     0     0 47405.8289    0  383          - 47405.8289      -     -    1s
     0     0 78423.8577    0  256          - 78423.8577      -     -    3s
H    0     0                    398803.36456 80572.3170  79.8%     -    3s
H    0     0                    397109.65106 80572.3170  79.7%     -    3s
H    0     0                    213143.41722 80572.3170  62.2%     -    3s
H    0     0                    213129.70634 80572.3170  62.2%     -    3s
H    0     0                    213122.94586 80572.3170  62.2%     -    3s
H    0     0                    213113.17542 80572.3170  62.2%     -    3s
H    0     0                    213062.51068 80572.3170  62.2%     -    3s
H    0     0                    213046.70142 80572.3170  62.2%     -    3s
H    0     0                    213046.33575 80572.3170  62.2%     -    3s
H    0     0                    213044.56253 80572.3170  62.2%     -    4s
H    0     0                    213043.96677 80572.3170  62.2%     -    4s
     0     0 80572.3170    0  250 213043.967 80572.3170  62.2%     -    4s
     0     0 80572.3170    0  282 213043.967 80572.3170  62.2%     -    5s
H    0     0                    212931.99853 80572.3170  62.2%     -    5s
H    0     0                    212906.72409 80572.3170  62.2%     -    5s
     0     0 80572.3170    0  301 212906.724 80572.3170  62.2%     -    5s
     0     0 80572.3170    0  321 212906.724 80572.3170  62.2%     -    7s
     0     0 80572.3170    0  255 212906.724 80572.3170  62.2%     -    8s
H    0     0                    212696.71697 80572.3170  62.1%     -    8s
H    0     0                    212663.73936 80572.3170  62.1%     -    8s
H    0     0                    212417.67179 80572.3170  62.1%     -    9s
H    0     0                    212335.84841 80572.3170  62.1%     -    9s
H    0     0                    212318.69025 80572.3170  62.1%     -    9s
H    0     0                    212304.53897 80572.3170  62.0%     -   10s
H    0     0                    212301.00846 80572.3170  62.0%     -   10s
     0     2 80573.4712    0  255 212301.008 80573.4712  62.0%     -   10s

Cutting planes:
  Gomory: 3
  MIR: 1
  StrongCG: 1

Explored 3 nodes (36203 simplex iterations) in 10.76 seconds (11.02 work units)
Thread count was 1 (of 32 available processors)

Solution count 10: 212301 212305 212319 ... 213044

Optimal solution found (tolerance 1.00e-02)
Best objective 2.123010084609e+05, best bound 2.112367070372e+05, gap 0.5013%
