
Gurobi 12.0.0 (win64) logging started Mon Sep  7 03:42:47 2026

Set parameter LogFile to value "C:\Users\TECNO-MASTER\Desktop\Elmo_infrastructure_sizing_NP-\output\DCH_septiembre\Bateria_353\Costo_variable\Ventana_restringida\Carga_on_board_variable_3estaciones_P320kW_Descomp/station_1_d152_stage1\gurobi.log"
Set parameter Threads to value 1
Set parameter Heuristics to value 0.5
Set parameter MIPFocus to value 3
Set parameter Presolve to value 2
Set parameter FlowCoverCuts to value 2
Set parameter TimeLimit to value 1200
Gurobi Optimizer version 12.0.0 build v12.0.0rc1 (win64 - Windows 11+.0 (26200.2))

CPU model: Intel(R) Core(TM) i9-14900K, instruction set [SSE2|AVX|AVX2]
Thread count: 24 physical cores, 32 logical processors, using up to 1 threads

Non-default parameters:
TimeLimit  1200
MIPGap  0.05
Heuristics  0.5
MIPFocus  3
FlowCoverCuts  2
Presolve  2
Threads  1

Optimize a model with 23314 rows, 37249 columns and 111230 nonzeros
Model fingerprint: 0xeba321ac
Variable types: 17323 continuous, 19926 integer (19925 binary)
Coefficient statistics:
  Matrix range     [1e-01, 3e+02]
  Objective range  [1e-02, 8e+04]
  Bounds range     [1e+00, 1e+00]
  RHS range        [1e+00, 1e+04]
Presolve removed 22120 rows and 28478 columns
Presolve time: 0.16s
Presolved: 1194 rows, 8771 columns, 26470 nonzeros
Variable types: 233 continuous, 8538 integer (8537 binary)
Root relaxation presolved: 1194 rows, 8771 columns, 26470 nonzeros


Use crossover to convert LP symmetric solution to basic solution...

Root relaxation: objective 1.780349e+05, 3488 iterations, 0.07 seconds (0.06 work units)

    Nodes    |    Current Node    |     Objective Bounds      |     Work
 Expl Unexpl |  Obj  Depth IntInf | Incumbent    BestBd   Gap | It/Node Time

     0     0 189528.129    0   83          - 189528.129      -     -    0s
H    0     0                    231155.91943 189528.129  18.0%     -    0s
H    0     0                    216096.58554 189528.129  12.3%     -    0s
H    0     0                    214879.57267 189528.129  11.8%     -    0s
H    0     0                    214623.22088 189528.129  11.7%     -    0s
H    0     0                    214153.35719 189528.129  11.5%     -    0s
     0     0 193388.664    0   85 214153.357 193388.664  9.70%     -    1s
     0     0 194986.729    0   75 214153.357 194986.729  8.95%     -    1s
     0     0 194986.729    0   70 214153.357 194986.729  8.95%     -    2s
H    0     0                    207447.98456 194986.729  6.01%     -    2s
H    0     0                    207033.69804 194986.729  5.82%     -    2s
     0     0 194986.729    0   89 207033.698 194986.729  5.82%     -    2s
     0     0 194986.729    0   89 207033.698 194986.729  5.82%     -    2s
     0     0 194986.729    0   64 207033.698 194986.729  5.82%     -    3s
H    0     0                    206195.36653 194986.729  5.44%     -    3s
     0     0 194986.729    0   68 206195.367 194986.729  5.44%     -    3s
     0     0 194986.729    0   68 206195.367 194986.729  5.44%     -    3s
H    0     0                    204783.81871 194986.729  4.78%     -    3s

Cutting planes:
  Gomory: 3
  Cover: 2
  MIR: 3
  Flow cover: 3
  Zero half: 32
  RLT: 1

Explored 1 nodes (11666 simplex iterations) in 3.98 seconds (3.75 work units)
Thread count was 1 (of 32 available processors)

Solution count 9: 204784 206195 207034 ... 231156

Optimal solution found (tolerance 5.00e-02)
Best objective 2.047838187064e+05, best bound 1.949867293228e+05, gap 4.7841%
