
Gurobi 12.0.0 (win64) logging started Tue Sep  1 00:18:55 2026

Set parameter LogFile to value "output/Taller_DET_Agosto/Resultados_finales/Carga_ob_8lhds_autonomo_potenciabase_ssee/station_1_d244\gurobi.log"
Set parameter Threads to value 1
Set parameter Heuristics to value 0.5
Set parameter MIPFocus to value 3
Set parameter Presolve to value 2
Set parameter FlowCoverCuts to value 2
Set parameter TimeLimit to value 172800
Gurobi Optimizer version 12.0.0 build v12.0.0rc1 (win64 - Windows 11+.0 (26200.2))

CPU model: 11th Gen Intel(R) Core(TM) i7-1165G7 @ 2.80GHz, instruction set [SSE2|AVX|AVX2|AVX512]
Thread count: 4 physical cores, 8 logical processors, using up to 1 threads

Non-default parameters:
TimeLimit  172800
MIPGap  0.01
Heuristics  0.5
MIPFocus  3
FlowCoverCuts  2
Presolve  2
Threads  1

Optimize a model with 51794 rows, 87521 columns and 258222 nonzeros
Model fingerprint: 0x549c0a9a
Variable types: 41079 continuous, 46442 integer (46441 binary)
Coefficient statistics:
  Matrix range     [1e-01, 1e+03]
  Objective range  [4e-01, 1e+02]
  Bounds range     [1e+00, 3e+00]
  RHS range        [1e+00, 4e+04]
Presolve removed 49067 rows and 60730 columns
Presolve time: 1.13s
Presolved: 2727 rows, 26791 columns, 80169 nonzeros
Variable types: 697 continuous, 26094 integer (26094 binary)
Root relaxation presolved: 2727 rows, 26791 columns, 80169 nonzeros


Use crossover to convert LP symmetric solution to basic solution...

Root relaxation: objective 7.943431e+05, 7212 iterations, 0.56 seconds (0.21 work units)

    Nodes    |    Current Node    |     Objective Bounds      |     Work
 Expl Unexpl |  Obj  Depth IntInf | Incumbent    BestBd   Gap | It/Node Time

     0     0 794343.066    0  101          - 794343.066      -     -    4s
     0     0 794343.066    0   94          - 794343.066      -     -    8s
     0     0 794343.066    0  163          - 794343.066      -     -    8s
     0     0 794343.066    0   78          - 794343.066      -     -   12s
     0     0 794343.066    0  107          - 794343.066      -     -   13s
     0     0 794343.066    0  111          - 794343.066      -     -   17s
     0     0 794343.066    0  109          - 794343.066      -     -   17s
     0     0 794343.066    0   78          - 794343.066      -     -   22s
     0     0 794343.066    0   78          - 794343.066      -     -   23s
H    0     0                    932256.53217 794343.066  14.8%     -   61s
H    0     0                    848563.04695 794343.066  6.39%     -   62s
H    0     0                    848477.76069 794343.066  6.38%     -   62s
H    0     0                    847859.22365 794343.066  6.31%     -   63s
H    0     0                    847642.80263 794343.066  6.29%     -   63s
H    0     0                    846761.35519 794343.066  6.19%     -   64s
H    0     0                    846064.36501 794343.066  6.11%     -   65s
H    0     0                    844673.82157 794343.066  5.96%     -   65s
H    0     0                    840874.15774 794343.066  5.53%     -   66s
H    0     0                    833962.46001 794343.066  4.75%     -   66s
H    0     0                    833924.83041 794343.066  4.75%     -   67s
H    0     0                    833684.23858 794343.066  4.72%     -   67s
H    0     0                    832743.81894 794343.066  4.61%     -   68s
H    0     0                    829684.31268 794343.066  4.26%     -   70s
H    0     0                    829529.27721 794343.066  4.24%     -   71s
H    0     0                    827741.06802 794343.066  4.03%     -   71s
H    0     0                    827340.26291 794343.066  3.99%     -   71s
     0     2 794343.066    0   78 827340.263 794343.066  3.99%     -   71s
     6     8 794343.066    3  172 827340.263 794343.066  3.99%  1272   75s
    14    16 794343.066    7  122 827340.263 794343.066  3.99%   743   80s
    21    23 794343.066    3  188 827340.263 794343.066  3.99%   809   85s
    26    28 794343.066   13  133 827340.263 794343.066  3.99%   878   90s
H   27    27                    827292.95451 794343.066  3.98%   845   93s
H   27    27                    827050.67747 794343.066  3.95%   845   95s
H   27    27                    826808.07039 794343.066  3.93%   845   96s
H   27    27                    826629.09332 794343.066  3.91%   845   97s
H   27    27                    826215.60491 794343.066  3.86%   845   97s
H   27    27                    826131.82188 794343.066  3.85%   845   99s
    27    29 794343.066    6  208 826131.822 794343.066  3.85%   924  101s
    31    33 794343.066    8  161 826131.822 794343.066  3.85%   956  106s
    34    36 794343.066    9  123 826131.822 794343.066  3.85%  1016  110s
    38    40 794343.066   16  172 826131.822 794343.066  3.85%  1140  115s
    43    45 794343.066    8  162 826131.822 794343.066  3.85%  1207  120s
    46    48 794343.066   20   80 826131.822 794343.066  3.85%  1569  127s
    51    53 794343.066   12  130 826131.822 794343.066  3.85%  1558  130s
H   52    52                    825837.87734 794343.066  3.81%  1528  131s
H   52    52                    824478.58622 794343.066  3.66%  1528  133s
H   52    52                    824356.59315 794343.066  3.64%  1528  133s
H   52    52                    824341.83761 794343.066  3.64%  1528  133s
H   54    54                    823946.66661 794343.066  3.59%  1506  141s
H   54    54                    823774.66910 794343.066  3.57%  1506  142s
H   54    54                    823549.57694 794343.066  3.55%  1506  143s
H   54    54                    823385.49339 794343.066  3.53%  1506  147s
    57    59 794376.661    7  191 823385.493 794343.066  3.53%  1539  150s
    69    71 794343.066   16  150 823385.493 794343.066  3.53%  1509  155s
    77    79 794343.066   20   83 823385.493 794343.066  3.53%  1618  160s
H   78    78                    821706.46143 794343.066  3.33%  1597  161s
H   78    78                    821445.64295 794343.066  3.30%  1597  161s
H   81    81                    821300.71240 794343.066  3.28%  1571  167s
H   81    81                    821244.99134 794343.066  3.28%  1571  167s
    81    83 794343.066   22  144 821244.991 794343.066  3.28%  1585  172s
    89    91 794343.066    4  176 821244.991 794343.066  3.28%  1557  175s
H  101   101                    821184.10644 794343.066  3.27%  1443  183s
   101   103 794343.066   10  125 821184.106 794343.066  3.27%  1469  185s
H  104   104                    820985.52216 794343.066  3.25%  1446  187s
H  104   104                    820917.88943 794343.066  3.24%  1446  187s
   106   108 794343.066   27  127 820917.889 794343.066  3.24%  1445  196s
   116   118 794343.066   26  124 820917.889 794343.066  3.24%  1450  200s
H  130   130                    820439.97027 794343.066  3.18%  1442  207s
H  130   130                    819062.58351 794343.066  3.02%  1442  207s
H  130   130                    818759.45789 794343.066  2.98%  1442  207s
   136   138 794343.066   19  179 818759.458 794343.066  2.98%  1550  210s
   148   150 794343.066   30  161 818759.458 794343.066  2.98%  1583  219s
   153   155 794343.066   29  106 818759.458 794343.066  2.98%  1564  220s
H  156   156                    818670.88669 794343.066  2.97%  1576  221s
H  156   156                    818666.41671 794343.066  2.97%  1576  221s
   174   176 794343.066   18  158 818666.417 794343.066  2.97%  1567  225s
H  182   182                    818461.75005 794343.066  2.95%  1539  227s
H  182   182                    818113.32257 794343.066  2.91%  1539  227s
H  182   182                    817854.00388 794343.066  2.87%  1539  227s
H  182   182                    817819.52306 794343.066  2.87%  1539  228s
   191   193 794343.066   33  128 817819.523 794343.066  2.87%  1533  236s
   200   202 794343.066   22  124 817819.523 794343.066  2.87%  1586  240s
   203   205 794343.066   31   99 817819.523 794343.066  2.87%  1567  245s
   233   235 794343.066   20  144 817819.523 794343.066  2.87%  1534  250s
   243   245 794343.066   22  182 817819.523 794343.066  2.87%  1537  256s
H  260   260                    817767.80480 794343.066  2.86%  1527  259s
H  260   260                    817750.70753 794343.066  2.86%  1527  261s
   284   286 794343.066   25  166 817750.708 794343.066  2.86%  1503  265s
H  286   286                    817668.63479 794343.066  2.85%  1497  265s
H  286   286                    817593.40792 794343.066  2.84%  1497  265s
   300   302 794343.066   16  133 817593.408 794343.066  2.84%  1486  273s
H  312   312                    817303.16473 794343.066  2.81%  1461  275s
H  312   312                    817272.77314 794343.066  2.81%  1461  276s
   338   340 794343.066   15  132 817272.773 794343.066  2.81%  1452  282s
H  344   344                    813301.33511 794343.066  2.33%  1454  285s
H  344   336                    800261.44026 794343.066  0.74%  1454  285s

Cutting planes:
  Gomory: 56
  Lift-and-project: 1
  Cover: 91
  Implied bound: 45
  Projected implied bound: 7
  Clique: 17
  MIR: 508
  Mixing: 36
  Flow cover: 809
  Zero half: 700
  RLT: 73
  Relax-and-lift: 152
  PSD: 60

Explored 345 nodes (572425 simplex iterations) in 285.38 seconds (192.86 work units)
Thread count was 1 (of 8 available processors)

Solution count 10: 800261 813301 817273 ... 817854

Optimal solution found (tolerance 1.00e-02)
Best objective 8.002614402575e+05, best bound 7.943430655833e+05, gap 0.7396%
