
Gurobi 12.0.1 (win64) logging started Mon Apr  6 16:05:49 2026

Set parameter LogFile to value "output/Escenarios_DCH/Costo_variable/3_estaciones_base/Carga_on_board_variable_3estaciones_P500kW\gurobi.log"
Set parameter Threads to value 24
Set parameter Heuristics to value 0.5
Set parameter MIPFocus to value 3
Set parameter Presolve to value 2
Set parameter FlowCoverCuts to value 2
Set parameter TimeLimit to value 172800
Gurobi Optimizer version 12.0.1 build v12.0.1rc0 (win64 - Windows 11+.0 (26200.2))

CPU model: 11th Gen Intel(R) Core(TM) i7-1165G7 @ 2.80GHz, instruction set [SSE2|AVX|AVX2|AVX512]
Thread count: 4 physical cores, 8 logical processors, using up to 24 threads

Warning: Thread count (24) is larger than processor count (8)
         Reduce the value of the Threads parameter to improve performance


Non-default parameters:
TimeLimit  172800
MIPGap  0.01
Heuristics  0.5
MIPFocus  3
FlowCoverCuts  2
Presolve  2
Threads  24

Optimize a model with 275043 rows, 895254 columns and 2912262 nonzeros
Model fingerprint: 0xacc12ea7
Variable types: 114192 continuous, 781062 integer (781059 binary)
Coefficient statistics:
  Matrix range     [1e-01, 5e+02]
  Objective range  [3e-03, 3e+05]
  Bounds range     [1e+00, 1e+00]
  RHS range        [1e+00, 1e+18]
Warning: Model contains large rhs
         Consider reformulating model or setting NumericFocus parameter
         to avoid numerical issues.
Found heuristic solution: objective 9.739107e+10
Presolve removed 203160 rows and 561456 columns (presolve time = 5s)...
Presolve removed 203160 rows and 561456 columns (presolve time = 10s)...
Presolve removed 203160 rows and 561456 columns
Presolve time: 13.06s
Presolved: 71883 rows, 333798 columns, 1011630 nonzeros
Variable types: 46656 continuous, 287142 integer (287139 binary)
Root relaxation presolve removed 17568 rows and 17568 columns
Root relaxation presolved: 54315 rows, 316230 columns, 976494 nonzeros

Deterministic concurrent LP optimizer: primal simplex, dual simplex, and barrier
Showing barrier log only...

Root barrier log...

Ordering time: 1.11s

Barrier statistics:
 Dense cols : 6
 AA' NZ     : 7.711e+05
 Factor NZ  : 3.260e+06 (roughly 180 MB of memory)
 Factor Ops : 3.861e+08 (less than 1 second per iteration)
 Threads    : 22

                  Objective                Residual
Iter       Primal          Dual         Primal    Dual     Compl     Time
   0   1.64634436e+12 -1.77096050e+12  4.48e+03 1.17e+05  1.71e+08    16s
   1   1.03079639e+12 -1.58375415e+12  2.73e+03 3.16e+05  1.01e+08    16s
   2   9.20324986e+11 -1.61266166e+12  2.44e+03 1.45e+05  8.45e+07    16s
   3   6.29466466e+10 -1.34527622e+12  6.78e+01 1.86e-05  4.29e+06    16s
   4   9.59323232e+09 -2.37850802e+11  3.57e+00 1.01e-05  4.56e+05    16s
   5   3.08631683e+09 -6.47380232e+10  4.30e-01 1.81e-06  1.06e+05    16s
   6   4.59427981e+08 -6.14416490e+09  1.64e-02 1.21e-07  9.86e+03    17s
   7   7.92516744e+07 -1.56021374e+09  1.92e-03 1.24e-07  2.43e+03    17s
   8   2.98192997e+07 -2.36691873e+08  8.84e-04 1.46e-09  3.95e+02    17s
   9   1.37387765e+07 -5.24333122e+07  3.74e-04 3.59e-09  9.81e+01    17s
  10   6.18443533e+06 -7.80868317e+06  1.56e-04 1.74e-09  2.07e+01    17s
  11   3.57525012e+06 -3.12598034e+06  8.18e-05 1.38e-09  9.93e+00    17s
  12   2.64359695e+06 -1.26789676e+06  5.63e-05 1.13e-09  5.80e+00    17s
  13   1.96239595e+06 -6.62562764e+05  3.81e-05 9.83e-10  3.89e+00    17s
  14   1.83705277e+06 -5.71617473e+05  3.47e-05 9.87e-10  3.57e+00    17s
  15   1.53153456e+06 -2.25112203e+05  2.64e-05 9.76e-10  2.60e+00    18s
  16   1.39061054e+06 -4.94346699e+04  2.25e-05 9.41e-10  2.13e+00    18s
  17   1.22423827e+06  2.38209783e+05  1.80e-05 1.13e-09  1.46e+00    18s
  18   1.04623978e+06  3.42100595e+05  1.31e-05 9.10e-10  1.04e+00    18s
  19   9.37841612e+05  3.90030548e+05  1.02e-05 9.78e-10  8.12e-01    18s
  20   8.34066832e+05  4.49978435e+05  7.26e-06 1.10e-09  5.69e-01    18s
  21   7.96068466e+05  4.91684248e+05  6.19e-06 9.66e-10  4.51e-01    18s
  22   7.39198832e+05  5.12119325e+05  4.60e-06 8.29e-10  3.36e-01    19s
  23   7.02315272e+05  5.39212470e+05  3.53e-06 1.02e-09  2.42e-01    19s
  24   6.73446132e+05  5.51010583e+05  2.71e-06 1.24e-09  1.81e-01    19s
  25   6.52919298e+05  5.63649884e+05  2.12e-06 1.02e-09  1.32e-01    19s
  26   6.17350340e+05  5.68667855e+05  1.11e-06 8.68e-10  7.21e-02    19s
  27   6.04446964e+05  5.71842995e+05  7.38e-07 1.02e-09  4.83e-02    19s
  28   5.97696280e+05  5.75684743e+05  5.43e-07 9.25e-10  3.26e-02    19s
  29   5.87240257e+05  5.77296716e+05  2.36e-07 8.85e-10  1.47e-02    20s
  30   5.85102508e+05  5.77694749e+05  1.73e-07 8.76e-10  1.10e-02    20s
  31   5.84773016e+05  5.78159358e+05  1.63e-07 8.18e-10  9.80e-03    20s
  32   5.83452220e+05  5.78495933e+05  1.23e-07 7.91e-10  7.34e-03    20s
  33   5.82339988e+05  5.78812976e+05  8.96e-08 1.05e-09  5.23e-03    20s
  34   5.81994944e+05  5.79225888e+05  7.95e-08 1.08e-09  4.10e-03    20s
  35   5.80926890e+05  5.79296233e+05  4.97e-08 1.16e-09  2.42e-03    20s
  36   5.80487504e+05  5.79331769e+05  3.65e-08 1.07e-09  1.71e-03    20s
  37   5.80082962e+05  5.79314057e+05  2.36e-08 1.24e-09  1.14e-03    20s
  38   5.79451146e+05  5.79340151e+05  3.88e-09 1.11e-09  1.64e-04    20s
  39   5.79347117e+05  5.79347021e+05  3.53e-10 1.19e-09  1.42e-07    21s
  40   5.79347024e+05  5.79347024e+05  1.51e-09 9.31e-10  2.52e-11    21s

Barrier solved model in 40 iterations and 20.73 seconds (38.41 work units)
Optimal objective 5.79347024e+05

  Building initial crossover basis                                25s

Root crossover log...

    5158 DPushes remaining with DInf 0.0000000e+00                25s
       0 DPushes remaining with DInf 0.0000000e+00                26s

    7735 PPushes remaining with PInf 2.1188605e-06                26s
       0 PPushes remaining with PInf 0.0000000e+00                27s

  Push phase complete: Pinf 0.0000000e+00, Dinf 1.3111509e-09     27s


Root simplex log...

Iteration    Objective       Primal Inf.    Dual Inf.      Time
   12896    5.7934702e+05   0.000000e+00   0.000000e+00     27s
Concurrent spin time: 2.74s (can be avoided by choosing Method=3)

Solved with barrier
   14247    5.7934668e+05   0.000000e+00   4.544196e+03     30s
   14992    5.7934702e+05   0.000000e+00   0.000000e+00     31s
Extra simplex iterations after uncrush: 2096

Root relaxation: objective 5.793470e+05, 14992 iterations, 17.08 seconds (8.62 work units)
Total elapsed time = 48.02s (DegenMoves)
Total elapsed time = 59.35s (DegenMoves)
Total elapsed time = 65.66s (DegenMoves)
Total elapsed time = 71.45s (DegenMoves)
Total elapsed time = 79.17s (DegenMoves)

    Nodes    |    Current Node    |     Objective Bounds      |     Work
 Expl Unexpl |  Obj  Depth IntInf | Incumbent    BestBd   Gap | It/Node Time

     0     0 579347.024    0 14389 9.7391e+10 579347.024   100%     -   84s
H    0     0                    4.773026e+10 579347.024   100%     -   88s
     0     0 607613.143    0 13251 4.7730e+10 607613.143   100%     -  196s
     0     0 626431.859    0 15013 4.7730e+10 626431.859   100%     -  211s
     0     0 644724.287    0 15227 4.7730e+10 644724.287   100%     -  225s
     0     0 669884.695    0 15324 4.7730e+10 669884.695   100%     -  239s
     0     0 702559.211    0 15352 4.7730e+10 702559.211   100%     -  247s
     0     0 738244.550    0 15240 4.7730e+10 738244.550   100%     -  257s
     0     0 774786.013    0 15294 4.7730e+10 774786.013   100%     -  263s
     0     0 812927.890    0 15276 4.7730e+10 812927.890   100%     -  267s
     0     0 852379.334    0 15102 4.7730e+10 852379.334   100%     -  274s
     0     0 901834.908    0 14139 4.7730e+10 901834.908   100%     -  288s
     0     0 984820.343    0 12967 4.7730e+10 984820.343   100%     -  307s
     0     0 1058635.35    0 12386 4.7730e+10 1058635.35   100%     -  325s
     0     0 1063614.66    0 12311 4.7730e+10 1063614.66   100%     -  326s
     0     0 1063615.95    0 12309 4.7730e+10 1063615.95   100%     -  327s
     0     0 1077591.71    0 10168 4.7730e+10 1077591.71   100%     -  413s
H    0     0                    3.116936e+10 1079249.16   100%     -  425s
H    0     0                    3.116812e+10 1079249.16   100%     -  425s
H    0     0                    3.116761e+10 1079249.16   100%     -  427s
     0     0 1090414.60    0 9552 3.1168e+10 1090414.60   100%     -  433s
     0     0 1092313.29    0 9735 3.1168e+10 1092313.29   100%     -  439s
     0     0 1093448.15    0 9688 3.1168e+10 1093448.15   100%     -  441s
     0     0 1093454.33    0 9623 3.1168e+10 1093454.33   100%     -  442s
     0     0 1095423.08    0 8514 3.1168e+10 1095423.08   100%     -  521s
H    0     0                    3.115861e+10 1095423.08   100%     -  542s
     0     0 1113987.48    0 9387 3.1159e+10 1113987.48   100%     -  557s
     0     0 1114935.98    0 9243 3.1159e+10 1114935.98   100%     -  558s
     0     0 1114939.69    0 9263 3.1159e+10 1114939.69   100%     -  559s
     0     0 1145049.43    0 8116 3.1159e+10 1145049.43   100%     -  644s
H    0     0                    3.115782e+10 1145049.43   100%     -  655s
H    0     0                    3.115782e+10 1145049.43   100%     -  659s
     0     0 1150198.77    0 8773 3.1158e+10 1150198.77   100%     -  662s
     0     0 1150778.48    0 8706 3.1158e+10 1150778.48   100%     -  663s
     0     0 1150788.80    0 8714 3.1158e+10 1150788.80   100%     -  664s
     0     0 1150826.04    0 8056 3.1158e+10 1150826.04   100%     -  738s
     0     0 1177597.01    0 9309 3.1158e+10 1177597.01   100%     -  805s
     0     0 1181573.46    0 9515 3.1158e+10 1181573.46   100%     -  807s
     0     0 1181685.82    0 9324 3.1158e+10 1181685.82   100%     -  808s
     0     0 1207259.11    0 8212 3.1158e+10 1207259.11   100%     -  882s
H    0     0                    1.558412e+10 1207259.11   100%     -  897s
H    0     0                    1.558357e+10 1207259.11   100%     -  901s
     0     0 1208632.23    0 8844 1.5584e+10 1208632.23   100%     -  903s
     0     0 1209821.40    0 8968 1.5584e+10 1209821.40   100%     -  907s
     0     0 1210053.08    0 9065 1.5584e+10 1210053.08   100%     -  908s
     0     0 1215723.15    0 8364 1.5584e+10 1215723.15   100%     -  986s
H    0     0                    5.411420e+08 1215723.15   100%     -  986s
H    0     0                    6.337284e+07 1215723.15  98.1%     -  987s
H    0     0                    3.020814e+07 1215723.15  96.0%     -  989s
H    0     0                    1.359174e+07 1215723.15  91.1%     -  990s
H    0     0                    4987453.6738 1215723.15  75.6%     -  990s
H    0     0                    4865743.7913 1215723.15  75.0%     -  991s
H    0     0                    4651975.1777 1215723.15  73.9%     -  992s
H    0     0                    4500673.8401 1215723.15  73.0%     -  993s
H    0     0                    4286910.9127 1215723.15  71.6%     -  995s
H    0     0                    3893899.9665 1215723.15  68.8%     -  995s
H    0     0                    3865384.9000 1215723.15  68.5%     -  995s
H    0     0                    3773436.8526 1215723.15  67.8%     -  995s
H    0     0                    3773038.0592 1215723.15  67.8%     -  999s
H    0     0                    3772850.5891 1215723.15  67.8%     -  999s
H    0     0                    3772628.5759 1215723.15  67.8%     -  999s
H    0     0                    3772564.3339 1215723.15  67.8%     -  999s
H    0     0                    3772548.6703 1215723.15  67.8%     -  999s
     0     0 1217320.57    0 8979 3772548.67 1217320.57  67.7%     - 1006s
     0     0 1217655.00    0 8909 3772548.67 1217655.00  67.7%     - 1007s
     0     0 1218185.92    0 8219 3772548.67 1218185.92  67.7%     - 1070s
     0     0 1218185.92    0 8216 3772548.67 1218185.92  67.7%     - 1089s
H    0     0                    3650911.3741 1218185.92  66.6%     - 1107s
H    0     0                    3650523.3809 1218185.92  66.6%     - 1109s
H    0     0                    3563167.7278 1218185.92  65.8%     - 1111s
H    0     0                    3562366.7928 1218185.92  65.8%     - 1116s
H    0     0                    3196833.2535 1218185.92  61.9%     - 1117s
H    0     0                    3075714.7390 1218185.92  60.4%     - 1125s
H    0     0                    2954521.0103 1218185.92  58.8%     - 1125s
H    0     0                    2710321.9543 1218185.92  55.1%     - 1126s
H    0     0                    2526232.9819 1218185.92  51.8%     - 1235s
H    0     0                    2526092.6493 1218185.92  51.8%     - 1237s
H    0     0                    2345272.6667 1218185.92  48.1%     - 1241s
H    0     0                    2344896.4802 1218185.92  48.0%     - 1241s
H    0     0                    2344213.0181 1218185.92  48.0%     - 1242s
H    0     0                    2314627.3304 1218185.92  47.4%     - 1247s
H    0     0                    2130323.8493 1218185.92  42.8%     - 1247s
H    0     0                    2038355.6240 1218185.92  40.2%     - 1260s
H    0     0                    2038350.3798 1218185.92  40.2%     - 1262s
H    0     0                    2038348.3545 1218185.92  40.2%     - 1262s
H    0     0                    2009221.5039 1218185.92  39.4%     - 1266s
H    0     0                    1859208.4159 1218185.92  34.5%     - 1269s
H    0     0                    1738192.6291 1218185.92  29.9%     - 1286s
H    0     0                    1738186.5976 1218185.92  29.9%     - 1286s
H    0     0                    1738181.4228 1218185.92  29.9%     - 1286s
H    0     0                    1736349.9814 1218185.92  29.8%     - 1339s
H    0     2                    1613365.1883 1218185.92  24.5%     - 1365s
     0     2 1218185.92    0 8216 1613365.19 1218185.92  24.5%     - 1365s
     1     2     cutoff    1      1613365.19 1226387.27  24.0% 22569 1372s
     3     4 1273695.80    2 7695 1613365.19 1271663.53  21.2% 21083 1393s
     5     4 1317913.99    3 7452 1613365.19 1289097.94  20.1% 33789 1414s
     9     4 1324142.05    4 6286 1613365.19 1318529.24  18.3% 25730 1431s
    13     4 1395780.34    5 5766 1613365.19 1366493.51  15.3% 27041 1446s
    17     3 infeasible    6      1613365.19 1395834.26  13.5% 26339 1466s
    20     6 1404952.59    6 4463 1613365.19 1404952.59  12.9% 26645 1483s
    23    12 1405624.89    7 4780 1613365.19 1404952.59  12.9% 23840 1492s
    29    24 1405706.60    8 5033 1613365.19 1405624.90  12.9% 20274 1520s
    41    48 1406033.13    9 5305 1613365.19 1405706.60  12.9% 16429 1566s
    65    95 1406771.75   10 5573 1613365.19 1406017.25  12.9% 13481 1679s
   112   119 1410816.36   11 5704 1613365.19 1406771.75  12.8% 10040 1822s
H  113   119                    1544103.8831 1406771.75  8.89%  9951 1822s
H  133   119                    1543517.9511 1406776.18  8.86% 10439 1824s
   136   143 1415734.47   11 5607 1543517.95 1406776.20  8.86% 10597 1946s
H  160   167                    1543348.6233 1410816.36  8.59% 11229 2357s
H  161   167                    1542920.8076 1410816.36  8.56% 11228 2357s
H  169   167                    1542909.9360 1410816.37  8.56% 11257 2357s
H  172   167                    1542905.5556 1410816.37  8.56% 11259 2357s
H  174   167                    1542810.7222 1410816.37  8.56% 11263 2357s
   184   191 1415733.24   13 5559 1542810.72 1410818.92  8.56% 11325 2486s
   208   215 1415729.77   14 5507 1542810.72 1415729.76  8.24% 11160 3081s
H  222   215                    1539959.8565 1415729.76  8.07% 10459 3082s
H  224   215                    1538983.3339 1415729.76  8.01% 10366 3082s
   232   839 1415729.76   16 5501 1538983.33 1415729.76  8.01% 10010 4174s
H  257   839                    1538767.4435 1415729.76  8.00%  9037 4174s
H  283   839                    1537781.0335 1415729.76  7.94%  8207 4174s
   440   839 1415729.78   15 5529 1537781.03 1415729.76  7.94%  5282 4175s
H  856  1487                    1536859.1541 1415729.76  7.88%  2722 6361s
H  883  1487                    1536721.0790 1415729.76  7.87%  2639 6361s
H  964  1487                    1536451.9355 1415729.77  7.86%  2419 6361s
H  991  1487                    1536075.2502 1415729.77  7.83%  2353 6361s
H 1099  1487                    1535694.2311 1415729.77  7.81%  2123 6361s
  1504  3359 1415729.82   19 5493 1535694.23 1415729.77  7.81%  1554 6523s
  3377  3360 1415733.23   43 8216 1535694.23 1415729.78  7.81%   696 6842s
H 3378  3192                    1535675.5298 1415729.78  7.81%   696 6920s
H 3378  3033                    1535647.6250 1415729.78  7.81%   696 8347s
H 3378  2881                    1535509.9948 1415729.78  7.80%   696 8347s
H 3378  2737                    1535282.0839 1415729.78  7.79%   696 8347s
H 3378  2600                    1535257.0696 1415729.78  7.79%   696 8347s
H 3378  2470                    1535244.0070 1415729.78  7.78%   696 8347s
H 3378  2347                    1535202.9550 1415729.78  7.78%   696 8347s
H 3378  2229                    1535201.4230 1415729.78  7.78%   696 8347s
H 3378  2118                    1535201.2118 1415729.78  7.78%   696 8347s
H 3378  2012                    1535190.3102 1415729.78  7.78%   696 8347s
H 3378  1911                    1535182.6045 1415729.78  7.78%   696 8347s
H 3378  1816                    1535178.3039 1415729.78  7.78%   696 8347s
H 3378  1725                    1534845.5123 1415729.78  7.76%   696 8347s
H 3378  1639                    1534842.9335 1415729.78  7.76%   696 8347s
H 3378  1557                    1534455.4410 1415729.78  7.74%   696 8348s
H 3378  1479                    1534455.2242 1415729.78  7.74%   696 8348s
H 3378  1405                    1534437.8241 1415729.78  7.74%   696 8348s
H 3378  1335                    1534426.4558 1415729.78  7.74%   696 8348s
H 3378  1268                    1534412.7225 1415729.78  7.73%   696 8348s
H 3378  1204                    1534311.0617 1415729.78  7.73%   696 8348s
H 3378  1144                    1534310.8400 1415729.78  7.73%   696 8348s
H 3378  1087                    1534309.9828 1415729.78  7.73%   696 8348s
H 3378  1033                    1534309.6835 1415729.78  7.73%   696 8348s
H 3378   981                    1534309.2255 1415729.78  7.73%   696 8348s
H 3378   932                    1534306.9340 1415729.78  7.73%   696 8348s
H 3378   885                    1534196.6000 1415729.78  7.72%   696 8348s
H 3378   841                    1534145.8432 1415729.78  7.72%   696 8348s
H 3378   799                    1534130.7825 1415729.78  7.72%   696 8348s
H 3378   759                    1534059.7518 1415729.78  7.71%   696 8348s
H 3378   721                    1534004.2551 1415729.78  7.71%   696 8348s
H 3378   685                    1533954.1091 1415729.78  7.71%   696 8348s
H 3378   651                    1533953.4832 1415729.78  7.71%   696 8348s
H 3378   618                    1533934.4495 1415729.78  7.71%   696 8348s
H 3378   587                    1533933.2072 1415729.78  7.71%   696 8348s
H 3378   558                    1533932.5114 1415729.78  7.71%   696 8348s
H 3378   530                    1533932.1930 1415729.78  7.71%   696 8348s
H 3378   503                    1533932.0759 1415729.78  7.71%   696 8348s
H 3378   478                    1533932.0755 1415729.78  7.71%   696 8348s
H 3378   454                    1533521.8600 1415729.78  7.68%   696 8348s
H 3378   431                    1533506.4211 1415729.78  7.68%   696 8348s
H 3378   410                    1533500.6155 1415729.78  7.68%   696 8349s
H 3378   389                    1533469.4907 1415729.78  7.68%   696 8349s
H 3378   370                    1533336.7104 1415729.78  7.67%   696 8349s
H 3378   351                    1533243.4553 1415729.78  7.66%   696 8375s
H 3378   334                    1533173.9715 1415729.78  7.66%   696 8375s
H 3378   317                    1533143.1719 1415729.78  7.66%   696 8375s
H 3378   301                    1532753.4783 1415729.78  7.63%   696 8375s
H 3378   286                    1532713.3174 1415729.78  7.63%   696 8375s
H 3378   272                    1532617.5746 1415729.78  7.63%   696 8375s
H 3378   258                    1532607.2998 1415729.78  7.63%   696 8375s
H 3378   245                    1532602.1954 1415729.78  7.63%   696 8375s
H 3378   233                    1532598.1997 1415729.78  7.63%   696 8375s
H 3378   221                    1532572.3260 1415729.78  7.62%   696 8375s
H 3379   210                    1532572.1960 1415729.78  7.62%   695 8451s
H 3379   200                    1532537.6803 1415729.78  7.62%   695 8451s
H 3379   189                    1532491.9751 1415729.78  7.62%   695 8451s
H 3379   180                    1532446.9479 1415729.78  7.62%   695 8451s
  3380   181 1427319.46   13 11437 1532446.95 1415729.78  7.62%   695 8490s
H 3380   172                    1532430.9707 1415729.78  7.62%   695 8517s
H 3380   163                    1532417.6286 1415729.78  7.61%   695 8517s
H 3380   155                    1532412.4432 1415729.78  7.61%   695 8517s
H 3380   147                    1532409.1794 1415729.78  7.61%   695 8517s
H 3380   140                    1532311.3540 1415729.78  7.61%   695 8518s
  3381   141 1415733.85   35 11914 1532311.35 1415729.78  7.61%   695 8541s
H 3381   134                    1532202.3857 1415729.78  7.60%   695 8669s
H 3381   127                    1532044.7228 1415729.78  7.59%   695 8669s
H 3381   120                    1532035.2263 1415729.78  7.59%   695 8669s
H 3381   114                    1531651.9640 1415729.78  7.57%   695 8669s
H 3381   108                    1531314.8315 1415729.78  7.55%   695 8669s
H 3381   103                    1531296.1384 1415729.78  7.55%   695 8669s
H 3381    98                    1531268.9763 1415729.78  7.55%   695 8669s
H 3381    93                    1531247.4604 1415729.78  7.54%   695 8669s
H 3381    88                    1531231.4806 1415729.78  7.54%   695 8681s
H 3382    84                    1530920.6669 1415729.78  7.52%   695 8692s
H 3382    79                    1530823.6644 1415729.78  7.52%   695 8692s
H 3383    76                    1530684.9677 1415729.78  7.51%   695 8714s
H 3383    72                    1530312.3467 1415729.78  7.49%   695 8714s
  3384    73 1415729.93   64 12196 1530312.35 1415729.78  7.49%   694 8715s
  3385    73 1415739.70   80 12379 1530312.35 1415729.78  7.49%   694 8742s
  3386    74 1415730.03   92 12054 1530312.35 1415729.78  7.49%   694 8752s
  3387    75 1415731.43   14 11809 1530312.35 1415729.78  7.49%   694 8762s
  3388    75 1415733.65   34 11645 1530312.35 1415729.78  7.49%   694 8766s
  3389    76 1415739.27   61 11516 1530312.35 1415729.78  7.49%   693 8771s
  3390    77 1427309.53   12 11702 1530312.35 1415729.78  7.49%   693 8782s
  3391    77 1415730.06   21 11428 1530312.35 1415729.78  7.49%   693 8804s
  3392    78 1415733.13   40 10780 1530312.35 1415729.78  7.49%   693 8817s
  3393    79 1415733.23   41 10184 1530312.35 1415729.78  7.49%   693 8836s
  3394    79 1415733.21   25 9183 1530312.35 1415729.78  7.49%   692 8845s
  3395    80 1415729.87   22 8443 1530312.35 1415729.78  7.49%   692 8852s
  3396    81 1415730.43   43 8324 1530312.35 1415729.78  7.49%   692 8946s
  3397    81 1415732.27   31 6196 1530312.35 1415729.78  7.49%   692 9049s
  3398    82 1415733.61   46 6728 1530312.35 1415729.78  7.49%   692 9054s
  3399    83 1415734.39   32 6909 1530312.35 1415729.78  7.49%   691 9059s
  3400    83 1415729.93   80 7143 1530312.35 1415729.78  7.49%   691 9147s
  3401    84 1415729.96   27 6038 1530312.35 1415729.78  7.49%   691 9249s
  3402    85 1415733.56   92 6680 1530312.35 1415729.78  7.49%   691 9338s
  3403    85 1415729.89   29 6066 1530312.35 1415729.78  7.49%   691 9437s
  3404    86 1415745.41   36 5971 1530312.35 1415729.78  7.49%   690 9513s
  3405    87 1415733.56   41 5971 1530312.35 1415729.78  7.49%   690 9847s
  3406    88     cutoff   13      1530312.35 1415729.78  7.49%  1110 9875s
  3408    90 1415729.78   14 5530 1530312.35 1415729.78  7.49%  1119 9889s
  3410    89 1415729.78   15 5390 1530312.35 1415729.78  7.49%  1145 9914s
  3414    88 1415729.78   16 4497 1530312.35 1415729.78  7.49%  1176 9926s
  3418    90 1415729.78   17 4607 1530312.35 1415729.78  7.49%  1195 9937s
  3422    97 1415729.78   18 4812 1530312.35 1415729.78  7.49%  1210 9952s
  3430   110 1415729.78   19 4958 1530312.35 1415729.78  7.49%  1234 9975s
  3446   129 1415729.78   20 5149 1530312.35 1415729.78  7.49%  1241 10052s
H 3469   116                    1530176.7907 1415729.78  7.48%  1248 10054s
  3470   232 1415729.78   21 5367 1530176.79 1415729.78  7.48%  1249 10098s
  3585   194 1415729.78   21 5295 1530176.79 1415729.78  7.48%  1222 10101s
  3586   217 1415729.78   21 5374 1530176.79 1415729.78  7.48%  1222 10146s
  3610   233 1415729.78   22 5348 1530176.79 1415729.78  7.48%  1230 10359s
  3616   231 1415729.78   26 5233 1530176.79 1415729.78  7.48%  1233 10360s
  3634   249 1415729.78   22 5278 1530176.79 1415729.78  7.48%  1242 10702s
  3658   268 1415729.78   25 5390 1530176.79 1415729.78  7.48%  1258 10870s
  3682   292 1415729.78   26 5245 1530176.79 1415729.78  7.48%  1278 10985s
  3706   316 1415729.78   25 5304 1530176.79 1415729.78  7.48%  1299 11033s
  3730   340 1415729.78   25 5352 1530176.79 1415729.78  7.48%  1319 11080s
  3754   364 1415729.78   22 5340 1530176.79 1415729.78  7.48%  1332 11136s
  3778   388 1415729.78   27 5399 1530176.79 1415729.78  7.48%  1347 11186s
  3802   412 1415729.78   23 5525 1530176.79 1415729.78  7.48%  1362 11235s
  3826   436 1415729.78   25 5385 1530176.79 1415729.78  7.48%  1378 11287s
  3850   460 1415729.78   27 5411 1530176.79 1415729.78  7.48%  1394 11340s
  3874   484 1415729.78   24 5416 1530176.79 1415729.78  7.48%  1411 11418s
  3897   484 1415729.78   27 5413 1530176.79 1415729.78  7.48%  1424 11420s
  3898   508 1415729.78   27 5344 1530176.79 1415729.78  7.48%  1425 12269s
  3907   508 1415729.78   25 5391 1530176.79 1415729.78  7.48%  1431 12270s
  3922   988 1415729.78   24 5402 1530176.79 1415729.78  7.48%  1440 12977s
  4382   988 1415729.78   27 5440 1530176.79 1415729.78  7.48%  1311 12980s
  4402  1120 1415729.78   26 5394 1530176.79 1415729.78  7.48%  1306 13256s
  4534  1252 1415729.78   25 5431 1530176.79 1415729.78  7.48%  1287 13479s
  4576  1252 1415729.78   27 5506 1530176.79 1415729.78  7.48%  1281 13480s
  4666  1276 1415729.78   24 5371 1530176.79 1415729.78  7.48%  1270 13772s
  4690  1300 1415729.78   27 5429 1530176.79 1415729.78  7.48%  1280 14025s
  4714  1324 1415729.78   24 5485 1530176.79 1415729.78  7.48%  1288 14170s
  4738  1348 1415729.78   27 5384 1530176.79 1415729.78  7.48%  1295 14264s
  4762  1372 1415729.78   23 5502 1530176.79 1415729.78  7.48%  1303 14440s
  4786  1418 1415729.78   26 5541 1530176.79 1415729.78  7.48%  1311 14578s
  4832  1464 1415729.78   24 5462 1530176.79 1415729.78  7.48%  1315 14732s
  4878  1763 1415729.78   26 5459 1530176.79 1415729.78  7.48%  1317 14863s
  5100  1763 1415729.78   24 5427 1530176.79 1415729.78  7.48%  1271 14865s
  5177  1787 1415729.78   24 5438 1530176.79 1415729.78  7.48%  1256 15069s
  5178  1787 1415729.78   24 5539 1530176.79 1415729.78  7.48%  1256 15070s
  5201  1811 1415729.78   25 5391 1530176.79 1415729.78  7.48%  1261 15258s
  5221  1811 1415729.78   28 5404 1530176.79 1415729.78  7.48%  1269 15260s
  5225  1835 1415729.78   26 5513 1530176.79 1415729.78  7.48%  1270 15430s
  5249  1859 1415729.78   28 5400 1530176.79 1415729.78  7.48%  1281 15699s
  5252  1859 1415729.78   28 5422 1530176.79 1415729.78  7.48%  1281 15700s
  5273  3755 1415729.78   28 5452 1530176.79 1415729.78  7.48%  1286 16408s
  6853  3755 1415729.78   24 5319 1530176.79 1415729.78  7.48%  1004 16412s
  7169  4024 1415729.78   27 5348 1530176.79 1415729.78  7.48%   963 17877s
  7438  4648 1415729.78   27 5310 1530176.79 1415729.78  7.48%   937 18791s
H 7619  4648                    1529920.8829 1415729.78  7.46%   918 18792s
  8062  6544 1415729.78   26 5407 1529920.88 1415729.78  7.46%   875 19041s
  9326  6544 1415729.78   28 5310 1529920.88 1415729.78  7.46%   769 19045s
  9958  6568 1415729.78   28 5386 1529920.88 1415729.78  7.46%   726 20795s
  9982  7504 1415729.78   25 5337 1529920.88 1415729.78  7.46%   729 21242s
 10918  9400 1416410.11   34 5372 1529920.88 1415729.78  7.46%   680 21565s
 12814 11291 1418232.14   29 5396 1529920.88 1415729.78  7.46%   600 21860s
 14472 11291 1418244.92   38 5410 1529920.88 1415729.78  7.46%   549 21865s
 14705 12491 1418244.86   30 5352 1529920.88 1415729.78  7.46%   543 22465s
 15905 12515 1418279.98   42 5346 1529920.88 1415729.78  7.46%   515 23345s
 15929 13254 1418280.83   31 5307 1529920.88 1415729.78  7.46%   519 23891s
 16668 14526 1418292.17   42 5293 1529920.88 1415729.78  7.46%   504 24252s
 17410 14526 1418290.32   34 5308 1529920.88 1415729.78  7.46%   488 24255s
 17940 14550 1418308.94   36 5352 1529920.88 1415729.78  7.46%   479 25064s
 17959 14550 1418309.08   29 5336 1529920.88 1415729.78  7.46%   481 25066s
 17964 14633 1418350.63   34 5354 1529920.88 1415729.78  7.46%   481 25926s
 18047 15608 1418383.48   34 5281 1529920.88 1415729.78  7.46%   483 26303s
 18392 15608 1418367.01   29 5259 1529920.88 1415729.78  7.46%   478 26305s
 19022 16016 1419413.33   26 5280 1529920.88 1415729.78  7.46%   468 26538s
 19430 17326 1419454.25   34 5242 1529920.88 1415729.78  7.46%   463 26809s
 20129 17326 1419459.79   42 5324 1529920.88 1415729.78  7.46%   453 26811s
 20740 18698 1419474.63   30 5271 1529920.88 1415729.78  7.46%   444 27099s
 20797 18698 1419474.66   33 5304 1529920.88 1415729.78  7.46%   443 27100s
 22112 19091 1419491.50   39 5301 1529920.88 1415729.78  7.46%   427 27608s
 22359 19091 1419495.49   39 5263 1529920.88 1415729.78  7.46%   425 27610s
 22505 19115 1419500.15   27 5306 1529920.88 1415729.78  7.46%   424 62028s
 22524 19115 1419500.62   29 5297 1529920.88 1415729.78  7.46%   426 62030s
 22529 19139 1419511.09   31 5264 1529920.88 1415729.78  7.46%   426 63188s
H22553 19163                    1529659.1283 1415729.78  7.45%   429 65601s
H22567 19163                    1529654.9751 1415729.78  7.45%   430 65603s
 22577 19609 1419557.38   41 5301 1529654.98 1415729.78  7.45%   432 66255s
 23023 20185 1419589.70   37 5242 1529654.98 1415729.78  7.45%   428 66647s
 23599 20257 1421361.61   36 5278 1529654.98 1415729.78  7.45%   422 67581s
 23671 20281 1423764.20   28 5489 1529654.98 1415729.78  7.45%   424 68658s
 23695 20994 1423790.03   44 5294 1529654.98 1415729.78  7.45%   426 69465s
 24408 22290 1423769.47   25 5381 1529654.98 1415729.78  7.45%   418 70014s
 25056 22290 1423766.93   34 5373 1529654.98 1415729.78  7.45%   411 70016s
 25704 24186 1423767.08   27 5381 1529654.98 1415729.78  7.45%   404 70922s
 27600 24210 1423799.12   47 5332 1529654.98 1415729.78  7.45%   384 73861s
 27624 24234 1423776.70   29 5264 1529654.98 1415729.78  7.45%   386 75344s
 27648 24301 1423777.76   32 5331 1529654.98 1415729.78  7.45%   388 76639s
 27715 24846 1423782.19   29 5335 1529654.98 1415729.78  7.45%   389 77765s
 28260 26298 1423779.76   26 5330 1529654.98 1415729.78  7.45%   386 78565s
 29712 28147 1423774.96   37 5307 1529654.98 1415729.78  7.45%   373 78976s
 30104 28147 1423778.22   44 5460 1529654.98 1415729.78  7.45%   370 78980s
 31561 28171 1423782.61   32 5384 1529654.98 1415729.78  7.45%   359 86041s
 31585 28195 1423784.71   46 5452 1529654.98 1415729.78  7.45%   361 87375s
 31609 29211 1423784.70   36 5327 1529654.98 1415729.78  7.45%   362 88156s
H32006 29211                    1529594.8886 1415729.78  7.44%   360 88157s
 32625 29235 1423766.65   26 5349 1529594.89 1415729.78  7.44%   356 106134s
 32649 29259 1423776.26   27 5366 1529594.89 1415729.78  7.44%   358 109954s
 32650 29259 1423776.35   27 5342 1529594.89 1415729.78  7.44%   358 109955s
 32673 29648 1423779.17   26 5339 1529594.89 1415729.78  7.44%   359 111046s
 33062 29672 1423762.05   25 5426 1529594.89 1415729.78  7.44%   357 149161s
 33086 29869 1423768.42   25 5373 1529594.89 1415729.78  7.44%   358 150579s
 33087 29869 1423768.33   25 5367 1529594.89 1415729.78  7.44%   358 150580s
 33283 31640 1423763.55   24 5350 1529594.89 1415729.78  7.44%   358 151044s
 33441 31640 1423763.55   24 5365 1529594.89 1415729.78  7.44%   357 151045s
 35054 32048 1423765.52   28 5364 1529594.89 1415729.78  7.44%   346 151368s
 35462 33944 1423769.91   24 5436 1529594.89 1415729.78  7.44%   344 151797s
 37358 34088 1423770.52   24 5433 1529594.89 1415729.78  7.44%   333 154253s
 37502 34112 1423764.15   24 5418 1529594.89 1415729.78  7.44%   333 156138s
 37526 35985 1423776.22   27 5399 1529594.89 1415729.78  7.44%   334 156915s
 39399 37881 1424160.74   42 5249 1529594.89 1415729.78  7.44%   324 157345s
 41295 37905 1423763.69   26 5348 1529594.89 1415729.78  7.44%   315 172847s

Cutting planes:
  Gomory: 56
  Lift-and-project: 8
  Implied bound: 325
  Projected implied bound: 76
  MIR: 13599
  Mixing: 848
  Flow cover: 18813
  RLT: 422
  Relax-and-lift: 1517

Explored 41319 nodes (14457145 simplex iterations) in 172858.08 seconds (7611.91 work units)
Thread count was 24 (of 8 available processors)

Solution count 10: 1.52959e+06 1.52965e+06 1.52966e+06 ... 1.53123e+06

Time limit reached
Best objective 1.529594888612e+06, best bound 1.415729778920e+06, gap 7.4441%
