
Gurobi 10.0.0 (win64) logging started Mon Jul 27 21:49:12 2026

Set parameter LogFile to value "output/Taller_DET_Agosto_Carga_ob_8lhd_Descomp/station_1_d305_stage1\gurobi.log"
Set parameter Threads to value 1
Set parameter Heuristics to value 0.5
Set parameter MIPFocus to value 3
Set parameter Presolve to value 2
Set parameter FlowCoverCuts to value 2
Set parameter TimeLimit to value 172800
Gurobi Optimizer version 10.0.0 build v10.0.0rc2 (win64)

CPU model: 11th Gen Intel(R) Core(TM) i7-1165G7 @ 2.80GHz, instruction set [SSE2|AVX|AVX2|AVX512]
Thread count: 4 physical cores, 8 logical processors, using up to 1 threads

Optimize a model with 55067 rows, 87521 columns and 415506 nonzeros
Model fingerprint: 0xf0fea57d
Variable types: 41079 continuous, 46442 integer (46441 binary)
Coefficient statistics:
  Matrix range     [1e-01, 3e+02]
  Objective range  [4e-01, 9e+04]
  Bounds range     [1e+00, 3e+00]
  RHS range        [1e+00, 3e+04]
Presolve removed 51869 rows and 65664 columns
Presolve time: 2.95s
Presolved: 3198 rows, 21857 columns, 137835 nonzeros
Variable types: 263 continuous, 21594 integer (21419 binary)
Root relaxation presolved: 3198 rows, 21857 columns, 137835 nonzeros


Root relaxation: objective 6.590314e+05, 3621 iterations, 0.61 seconds (0.37 work units)
Total elapsed time = 5.24s

    Nodes    |    Current Node    |     Objective Bounds      |     Work
 Expl Unexpl |  Obj  Depth IntInf | Incumbent    BestBd   Gap | It/Node Time

     0     0 693394.012    0   23          - 693394.012      -     -    6s
H    0     0                    779466.99289 693394.012  11.0%     -    6s
     0     0 693394.012    0   13 779466.993 693394.012  11.0%     -    8s
H    0     0                    779419.01170 693394.012  11.0%     -    8s
     0     0 693394.012    0   23 779419.012 693394.012  11.0%     -    8s
     0     0 693394.012    0   15 779419.012 693394.012  11.0%     -    9s
     0     0 693394.012    0   31 779419.012 693394.012  11.0%     -   10s
     0     0 693394.012    0   16 779419.012 693394.012  11.0%     -   12s
     0     0 693394.012    0   24 779419.012 693394.012  11.0%     -   12s
     0     0 693394.012    0   13 779419.012 693394.012  11.0%     -   13s
     0     0 693394.012    0   13 779419.012 693394.012  11.0%     -   14s
H    0     0                    693405.61510 693394.012  0.00%     -   14s

Cutting planes:
  Gomory: 9
  Lift-and-project: 7
  Cover: 1
  MIR: 5
  Flow cover: 11
  GUB cover: 1
  Zero half: 2

Explored 1 nodes (30620 simplex iterations) in 14.77 seconds (7.47 work units)
Thread count was 1 (of 8 available processors)

Solution count 3: 693406 779419 779467 

Optimal solution found (tolerance 1.00e-02)
Best objective 6.934056151001e+05, best bound 6.933940117007e+05, gap 0.0017%
