
Gurobi 12.0.3 (win64) logging started Sun Aug 23 17:24:23 2026

Set parameter LogFile to value "C:\Users\TECNO-MASTER\Desktop\Elmo_infrastructure_sizing_NP-\output\DCH_agosto\Costo_variable\Carga_libre\Carga_on_board_variable_3estaciones_P1000kW_Descomp/station_1_d213\gurobi.log"
Set parameter Threads to value 1
Set parameter Heuristics to value 0.5
Set parameter MIPFocus to value 3
Set parameter Presolve to value 2
Set parameter FlowCoverCuts to value 2
Set parameter TimeLimit to value 172800
Gurobi Optimizer version 12.0.3 build v12.0.3rc0 (win64 - Windows 11+.0 (26200.2))

CPU model: Intel(R) Core(TM) i9-14900K, instruction set [SSE2|AVX|AVX2]
Thread count: 24 physical cores, 32 logical processors, using up to 1 threads

Non-default parameters:
TimeLimit  172800
MIPGap  0.01
Heuristics  0.5
MIPFocus  3
FlowCoverCuts  2
Presolve  2
Threads  1

Optimize a model with 22770 rows, 37249 columns and 109784 nonzeros
Model fingerprint: 0xe7db1344
Variable types: 17323 continuous, 19926 integer (19925 binary)
Coefficient statistics:
  Matrix range     [1e-01, 1e+03]
  Objective range  [8e-03, 1e+02]
  Bounds range     [1e+00, 3e+00]
  RHS range        [1e+00, 1e+04]
Presolve removed 20325 rows and 26960 columns
Presolve time: 0.23s
Presolved: 2445 rows, 10289 columns, 31876 nonzeros
Variable types: 841 continuous, 9448 integer (9362 binary)
Root relaxation presolved: 2445 rows, 10289 columns, 31876 nonzeros


Root relaxation: objective 2.114027e+05, 4387 iterations, 0.24 seconds (0.20 work units)

    Nodes    |    Current Node    |     Objective Bounds      |     Work
 Expl Unexpl |  Obj  Depth IntInf | Incumbent    BestBd   Gap | It/Node Time

     0     0 211402.700    0  232          - 211402.700      -     -    1s
H    0     0                    284474.06915 211402.700  25.7%     -    1s
H    0     0                    270444.53259 211402.700  21.8%     -    1s
H    0     0                    245120.35190 211402.700  13.8%     -    1s
H    0     0                    240282.93064 211402.700  12.0%     -    1s
H    0     0                    240275.30129 211402.700  12.0%     -    1s
H    0     0                    235672.89805 211402.700  10.3%     -    1s
H    0     0                    232939.44450 211402.700  9.25%     -    1s
H    0     0                    232872.77244 211402.700  9.22%     -    1s
H    0     0                    232871.64262 211402.700  9.22%     -    1s
H    0     0                    232870.55498 211402.700  9.22%     -    1s
H    0     0                    232868.61192 211402.700  9.22%     -    1s
     0     0 211535.840    0  215 232868.612 211535.840  9.16%     -    2s
H    0     0                    232667.85769 211535.874  9.08%     -    2s
H    0     0                    232561.98957 211535.874  9.04%     -    2s
H    0     0                    227208.19103 211535.874  6.90%     -    2s
H    0     0                    226633.52444 211535.874  6.66%     -    2s
H    0     0                    212754.44601 211535.874  0.57%     -    2s

Cutting planes:
  Gomory: 13
  Lift-and-project: 8
  Implied bound: 8
  MIR: 1
  Flow cover: 8

Explored 1 nodes (8846 simplex iterations) in 2.72 seconds (1.78 work units)
Thread count was 1 (of 32 available processors)

Solution count 10: 212754 226634 227208 ... 232939

Optimal solution found (tolerance 1.00e-02)
Best objective 2.127544460138e+05, best bound 2.115358741317e+05, gap 0.5728%
