
Gurobi 12.0.3 (win64) logging started Tue Jul  7 01:04:37 2026

Set parameter LogFile to value "output/DCH_taller_julio/Costo_variable/Ventana_restringida/Carga_on_board_640kW_Descomp_ventana_carga/station_1_d244\gurobi.log"
Set parameter Threads to value 5
Set parameter Heuristics to value 0.5
Set parameter MIPFocus to value 3
Set parameter Presolve to value 2
Set parameter FlowCoverCuts to value 2
Set parameter TimeLimit to value 172800
Gurobi Optimizer version 12.0.3 build v12.0.3rc0 (win64 - Windows 11+.0 (26200.2))

CPU model: Intel(R) Core(TM) i9-14900K, instruction set [SSE2|AVX|AVX2]
Thread count: 24 physical cores, 32 logical processors, using up to 5 threads

Non-default parameters:
TimeLimit  172800
MIPGap  0.01
Heuristics  0.5
MIPFocus  3
FlowCoverCuts  2
Presolve  2
Threads  5

Optimize a model with 23329 rows, 35809 columns and 110436 nonzeros
Model fingerprint: 0x43577e48
Variable types: 17323 continuous, 18486 integer (18485 binary)
Coefficient statistics:
  Matrix range     [1e-01, 6e+02]
  Objective range  [8e-03, 1e+02]
  Bounds range     [1e+00, 1e+00]
  RHS range        [1e+00, 1e+04]
Presolve removed 22241 rows and 27286 columns
Presolve time: 0.11s
Presolved: 1088 rows, 8523 columns, 25613 nonzeros
Variable types: 245 continuous, 8278 integer (8278 binary)
Root relaxation presolved: 1088 rows, 8523 columns, 25613 nonzeros


Use crossover to convert LP symmetric solution to basic solution...

Root relaxation: objective 3.512011e+05, 3011 iterations, 0.04 seconds (0.04 work units)

    Nodes    |    Current Node    |     Objective Bounds      |     Work
 Expl Unexpl |  Obj  Depth IntInf | Incumbent    BestBd   Gap | It/Node Time

     0     0 351201.080    0   75          - 351201.080      -     -    0s
H    0     0                    366286.67367 354398.503  3.25%     -    0s
     0     0 354398.503    0   32 366286.674 354398.503  3.25%     -    0s
H    0     0                    363051.54969 354398.503  2.38%     -    0s
H    0     0                    363050.78926 354398.503  2.38%     -    1s
H    0     0                    362973.83908 354398.503  2.36%     -    1s
H    0     0                    362949.84721 354398.503  2.36%     -    1s
H    0     0                    362945.46805 354398.503  2.35%     -    1s
H    0     0                    359899.47666 354398.503  1.53%     -    1s
H    0     0                    358606.53626 354398.503  1.17%     -    1s
     0     0 354398.503    0   59 358606.536 354398.503  1.17%     -    1s
     0     0 354398.503    0   51 358606.536 354398.503  1.17%     -    1s
     0     0 354398.503    0   50 358606.536 354398.503  1.17%     -    2s
H    0     0                    358605.01021 354398.503  1.17%     -    2s
H    0     0                    358604.77663 354398.503  1.17%     -    2s
H    0     0                    358604.76680 354398.503  1.17%     -    2s
H    0     0                    358604.62925 354398.503  1.17%     -    2s
     0     0 354398.503    0   47 358604.629 354398.503  1.17%     -    2s
H    0     0                    355829.57071 354398.503  0.40%     -    3s
     0     0 354398.503    0   64 355829.571 354398.503  0.40%     -    3s

Cutting planes:
  Gomory: 20
  Lift-and-project: 18
  Cover: 3
  Implied bound: 11
  Projected implied bound: 6
  Clique: 3
  MIR: 22
  Mixing: 4
  Flow cover: 51
  Zero half: 2
  RLT: 8
  Relax-and-lift: 21
  PSD: 2

Explored 1 nodes (11902 simplex iterations) in 3.43 seconds (2.96 work units)
Thread count was 5 (of 32 available processors)

Solution count 10: 355830 358605 358605 ... 362974

Optimal solution found (tolerance 1.00e-02)
Best objective 3.558295707078e+05, best bound 3.543985026143e+05, gap 0.4022%
