
Gurobi 12.0.3 (win64) logging started Sun Aug 23 17:25:05 2026

Set parameter LogFile to value "C:\Users\TECNO-MASTER\Desktop\Elmo_infrastructure_sizing_NP-\output\DCH_agosto\Costo_variable\Ventana_restringida\Carga_on_board_variable_3estaciones_P640kW_Descomp/station_1_d244_stage1\gurobi.log"
Set parameter Threads to value 1
Set parameter Heuristics to value 0.5
Set parameter MIPFocus to value 3
Set parameter Presolve to value 2
Set parameter FlowCoverCuts to value 2
Set parameter TimeLimit to value 172800
Gurobi Optimizer version 12.0.3 build v12.0.3rc0 (win64 - Windows 11+.0 (26200.2))

CPU model: Intel(R) Core(TM) i9-14900K, instruction set [SSE2|AVX|AVX2]
Thread count: 24 physical cores, 32 logical processors, using up to 1 threads

Non-default parameters:
TimeLimit  172800
MIPGap  0.01
Heuristics  0.5
MIPFocus  3
FlowCoverCuts  2
Presolve  2
Threads  1

Optimize a model with 23314 rows, 37249 columns and 111230 nonzeros
Model fingerprint: 0x22ebbccd
Variable types: 17323 continuous, 19926 integer (19925 binary)
Coefficient statistics:
  Matrix range     [1e-01, 6e+02]
  Objective range  [8e-03, 1e+05]
  Bounds range     [1e+00, 3e+00]
  RHS range        [1e+00, 1e+04]
Presolve removed 22108 rows and 28486 columns
Presolve time: 0.19s
Presolved: 1206 rows, 8763 columns, 27242 nonzeros
Variable types: 233 continuous, 8530 integer (8443 binary)
Root relaxation presolved: 1206 rows, 8763 columns, 27242 nonzeros


Use crossover to convert LP symmetric solution to basic solution...

Root relaxation: objective 1.521475e+05, 3505 iterations, 0.07 seconds (0.06 work units)

    Nodes    |    Current Node    |     Objective Bounds      |     Work
 Expl Unexpl |  Obj  Depth IntInf | Incumbent    BestBd   Gap | It/Node Time

     0     0 152147.532    0  156          - 152147.532      -     -    0s
     0     0 168399.739    0  146          - 168399.739      -     -    1s
     0     0 169930.767    0  149          - 169930.767      -     -    2s
     0     0 169930.767    0  157          - 169930.767      -     -    2s
     0     0 169930.767    0  144          - 169930.767      -     -    2s
     0     0 169930.767    0  154          - 169930.767      -     -    2s
     0     0 169930.767    0  132          - 169930.767      -     -    3s
H    0     0                    372623.42596 169930.767  54.4%     -    3s
     0     0 169930.767    0  130 372623.426 169930.767  54.4%     -    3s
H    0     0                    225742.96506 169930.767  24.7%     -    3s
H    0     0                    225378.14189 169930.767  24.6%     -    3s
H    0     0                    223543.14847 169930.767  24.0%     -    4s
H    0     0                    222060.58454 169930.767  23.5%     -    4s
H    0     0                    221979.67270 169930.767  23.4%     -    4s
H    0     0                    203099.51681 169930.767  16.3%     -    4s
H    0     0                    203091.55039 169930.767  16.3%     -    4s
H    0     0                    203089.55728 169930.767  16.3%     -    4s
H    0     0                    202746.12656 169930.767  16.2%     -    4s
H    0     0                    192869.46874 169930.767  11.9%     -    4s
H    0     0                    192445.40639 169930.767  11.7%     -    4s
H    0     0                    191574.73623 169930.767  11.3%     -    4s
H    0     0                    189076.08057 169930.767  10.1%     -    4s
H    0     0                    188549.15175 169930.767  9.87%     -    4s
H    0     0                    188528.61231 169930.767  9.86%     -    4s
H    0     0                    186273.00318 169930.767  8.77%     -    4s
H    0     0                    184756.87389 169930.767  8.02%     -    4s
H    0     0                    184756.87374 169930.767  8.02%     -    4s
H    0     0                    184594.15006 169930.767  7.94%     -    4s
H    0     0                    184584.27120 169930.767  7.94%     -    5s
H    0     0                    184581.77614 169930.767  7.94%     -    5s
H    0     0                    184576.36419 169930.767  7.93%     -    5s
     0     2 169930.767    0  128 184576.364 169930.767  7.93%     -    5s
H    9     7                    184571.34929 174120.159  5.66%   409    5s
H    9     7                    184143.87642 174120.159  5.44%   409    5s
H   27    23                    179274.42274 175366.055  2.18%   351    7s
H   52    47                    179129.73434 176611.951  1.41%   378    8s
H   52    47                    179129.73429 176611.951  1.41%   378    8s
H   52    47                    179129.73424 176611.951  1.41%   378    8s
H   54    48                    178912.90541 176611.951  1.29%   380    9s
    70    64 176611.951    9  116 178912.905 176611.951  1.29%   385   10s
H   78    70                    178594.78787 176611.951  1.11%   379   10s
H   78    70                    178591.13952 176611.951  1.11%   379   10s
H  104    94                    178590.98805 176611.951  1.11%   410   12s
H  104    92                    177879.20170 176611.951  0.71%   410   12s

Cutting planes:
  Gomory: 4
  Lift-and-project: 5
  Cover: 40
  Implied bound: 31
  Projected implied bound: 5
  Clique: 28
  MIR: 272
  Mixing: 4
  Flow cover: 382
  Zero half: 15
  RLT: 1
  Relax-and-lift: 67
  PSD: 1

Explored 105 nodes (53609 simplex iterations) in 12.13 seconds (13.79 work units)
Thread count was 1 (of 32 available processors)

Solution count 10: 177879 178591 178591 ... 184144

Optimal solution found (tolerance 1.00e-02)
Best objective 1.778792017006e+05, best bound 1.766119506473e+05, gap 0.7124%
