
Gurobi 12.0.3 (win64) logging started Tue Jun 30 14:33:20 2026

Set parameter LogFile to value "output/DCH_taller_julio/Costo_variable/Carga_on_board_320kW_Descomp/station_2_d1\gurobi.log"
Set parameter Threads to value 5
Set parameter Heuristics to value 0.5
Set parameter MIPFocus to value 3
Set parameter Presolve to value 2
Set parameter FlowCoverCuts to value 2
Set parameter TimeLimit to value 172800
Gurobi Optimizer version 12.0.3 build v12.0.3rc0 (win64 - Windows 11+.0 (26200.2))

CPU model: Intel(R) Core(TM) i9-14900K, instruction set [SSE2|AVX|AVX2]
Thread count: 24 physical cores, 32 logical processors, using up to 5 threads

Non-default parameters:
TimeLimit  172800
MIPGap  0.01
Heuristics  0.5
MIPFocus  3
FlowCoverCuts  2
Presolve  2
Threads  5

Optimize a model with 23765 rows, 37807 columns and 115870 nonzeros
Model fingerprint: 0xcf96ef17
Variable types: 18325 continuous, 19482 integer (19481 binary)
Coefficient statistics:
  Matrix range     [1e-01, 3e+02]
  Objective range  [1e-02, 1e+02]
  Bounds range     [1e+00, 1e+00]
  RHS range        [1e+00, 1e+04]
Presolve removed 21482 rows and 27339 columns
Presolve time: 0.15s
Presolved: 2283 rows, 10468 columns, 30858 nonzeros
Variable types: 820 continuous, 9648 integer (9648 binary)
Root relaxation presolved: 2283 rows, 10468 columns, 30858 nonzeros


Root relaxation: objective 1.298079e+05, 3846 iterations, 0.22 seconds (0.30 work units)

    Nodes    |    Current Node    |     Objective Bounds      |     Work
 Expl Unexpl |  Obj  Depth IntInf | Incumbent    BestBd   Gap | It/Node Time

     0     0 129807.915    0  286          - 129807.915      -     -    1s
H    0     0                    133476.73039 129807.915  2.75%     -    1s
     0     0 129836.256    0  324 133476.730 129836.256  2.73%     -    2s
H    0     0                    130625.54064 129836.256  0.60%     -    2s

Cutting planes:
  Gomory: 5
  Lift-and-project: 3
  Cover: 1
  Implied bound: 15
  Clique: 2
  MIR: 3
  Flow cover: 7
  RLT: 4
  Relax-and-lift: 3
  PSD: 1

Explored 1 nodes (17217 simplex iterations) in 2.40 seconds (2.59 work units)
Thread count was 5 (of 32 available processors)

Solution count 2: 130626 133477 

Optimal solution found (tolerance 1.00e-02)
Best objective 1.306255406400e+05, best bound 1.298362561549e+05, gap 0.6042%
