
Gurobi 12.0.3 (win64) logging started Sun Aug 23 02:54:58 2026

Set parameter LogFile to value "C:\Users\TECNO-MASTER\Desktop\Elmo_infrastructure_sizing_NP-\output\DCH_agosto\Costo_variable\Carga_libre\Carga_on_board_variable_3estaciones_P640kW_Descomp/station_2_d91\gurobi.log"
Set parameter Threads to value 1
Set parameter Heuristics to value 0.5
Set parameter MIPFocus to value 3
Set parameter Presolve to value 2
Set parameter FlowCoverCuts to value 2
Set parameter TimeLimit to value 172800
Gurobi Optimizer version 12.0.3 build v12.0.3rc0 (win64 - Windows 11+.0 (26200.2))

CPU model: Intel(R) Core(TM) i9-14900K, instruction set [SSE2|AVX|AVX2]
Thread count: 24 physical cores, 32 logical processors, using up to 1 threads

Non-default parameters:
TimeLimit  172800
MIPGap  0.01
Heuristics  0.5
MIPFocus  3
FlowCoverCuts  2
Presolve  2
Threads  1

Optimize a model with 23772 rows, 39247 columns and 115808 nonzeros
Model fingerprint: 0xcd208569
Variable types: 18325 continuous, 20922 integer (20921 binary)
Coefficient statistics:
  Matrix range     [1e-01, 6e+02]
  Objective range  [1e-02, 1e+02]
  Bounds range     [1e+00, 3e+00]
  RHS range        [1e+00, 1e+04]
Presolve removed 21321 rows and 28443 columns
Presolve time: 0.40s
Presolved: 2451 rows, 10804 columns, 33500 nonzeros
Variable types: 841 continuous, 9963 integer (9872 binary)
Root relaxation presolved: 2451 rows, 10804 columns, 33500 nonzeros


Root relaxation: objective 1.650640e+05, 3543 iterations, 0.42 seconds (0.17 work units)

    Nodes    |    Current Node    |     Objective Bounds      |     Work
 Expl Unexpl |  Obj  Depth IntInf | Incumbent    BestBd   Gap | It/Node Time

     0     0 165064.040    0  206          - 165064.040      -     -    1s
H    0     0                    242067.82259 165064.040  31.8%     -    1s
H    0     0                    242024.40278 165064.040  31.8%     -    1s
H    0     0                    240934.49317 165064.040  31.5%     -    1s
H    0     0                    240891.07336 165064.040  31.5%     -    1s
H    0     0                    240369.95532 165064.040  31.3%     -    1s
H    0     0                    240326.53551 165064.040  31.3%     -    1s
H    0     0                    178724.79614 165064.040  7.64%     -    1s
H    0     0                    178623.68669 165064.040  7.59%     -    1s
H    0     0                    178111.84401 165064.040  7.33%     -    1s
H    0     0                    177728.89307 165064.040  7.13%     -    1s
H    0     0                    174918.09570 165064.040  5.63%     -    1s
H    0     0                    174914.10493 165064.040  5.63%     -    1s
H    0     0                    174825.17810 165064.040  5.58%     -    1s
H    0     0                    174772.49409 165064.040  5.55%     -    2s
     0     0 165194.272    0  221 174772.494 165194.272  5.48%     -    2s
H    0     0                    174340.92781 165194.272  5.25%     -    2s
H    0     0                    174301.49839 165194.272  5.22%     -    2s
H    0     0                    172833.09877 165194.272  4.42%     -    3s
H    0     0                    170508.69394 165194.272  3.12%     -    3s
H    0     0                    170483.23487 165194.272  3.10%     -    3s
H    0     0                    170073.48895 165194.272  2.87%     -    3s
H    0     0                    170067.86396 165194.272  2.87%     -    3s
H    0     0                    169953.22214 165194.272  2.80%     -    3s
     0     0 165194.273    0  231 169953.222 165194.273  2.80%     -    3s
     0     0 165229.844    0  213 169953.222 165229.844  2.78%     -    4s
H    0     0                    167966.81826 165238.153  1.62%     -    4s
H    0     0                    167916.39673 165238.153  1.59%     -    4s
H    0     0                    166796.07766 165238.153  0.93%     -    4s

Cutting planes:
  Gomory: 15
  Lift-and-project: 6
  Cover: 6
  Implied bound: 7
  Clique: 2
  MIR: 3
  Flow cover: 11
  Zero half: 4
  RLT: 2
  Relax-and-lift: 9
  PSD: 3

Explored 1 nodes (11971 simplex iterations) in 4.34 seconds (3.05 work units)
Thread count was 1 (of 32 available processors)

Solution count 10: 166796 167916 167967 ... 174301

Optimal solution found (tolerance 1.00e-02)
Best objective 1.667960776624e+05, best bound 1.652381530413e+05, gap 0.9340%
