
Gurobi 12.0.3 (win64) logging started Tue Jul  7 17:16:38 2026

Set parameter LogFile to value "output/DCH_taller_julio/Costo_fijo/Ventana_restringida/Carga_on_board_640kW_Descomp_ventana_carga/station_1_d182\gurobi.log"
Set parameter Threads to value 5
Set parameter Heuristics to value 0.5
Set parameter MIPFocus to value 3
Set parameter Presolve to value 2
Set parameter FlowCoverCuts to value 2
Set parameter TimeLimit to value 172800
Gurobi Optimizer version 12.0.3 build v12.0.3rc0 (win64 - Windows 11+.0 (26200.2))

CPU model: Intel(R) Core(TM) i9-14900K, instruction set [SSE2|AVX|AVX2]
Thread count: 24 physical cores, 32 logical processors, using up to 5 threads

Non-default parameters:
TimeLimit  172800
MIPGap  0.01
Heuristics  0.5
MIPFocus  3
FlowCoverCuts  2
Presolve  2
Threads  5

Optimize a model with 23329 rows, 35809 columns and 110436 nonzeros
Model fingerprint: 0x1c6842f2
Variable types: 17323 continuous, 18486 integer (18485 binary)
Coefficient statistics:
  Matrix range     [1e-01, 6e+02]
  Objective range  [4e-01, 1e+02]
  Bounds range     [1e+00, 1e+00]
  RHS range        [1e+00, 1e+04]
Presolve removed 22241 rows and 27286 columns
Presolve time: 0.34s
Presolved: 1088 rows, 8523 columns, 25613 nonzeros
Variable types: 245 continuous, 8278 integer (8278 binary)
Root relaxation presolved: 1088 rows, 8523 columns, 25613 nonzeros


Use crossover to convert LP symmetric solution to basic solution...

Root relaxation: objective 2.154932e+05, 2924 iterations, 0.10 seconds (0.04 work units)

    Nodes    |    Current Node    |     Objective Bounds      |     Work
 Expl Unexpl |  Obj  Depth IntInf | Incumbent    BestBd   Gap | It/Node Time

     0     0 215493.178    0   90          - 215493.178      -     -    1s
H    0     0                    223804.94158 217567.228  2.79%     -    2s
H    0     0                    223800.45878 217567.228  2.79%     -    2s
     0     0 218772.671    0   40 223800.459 218772.671  2.25%     -    2s
     0     0 218772.671    0   35 223800.459 218772.671  2.25%     -    3s
     0     0 218772.671    0   33 223800.459 218772.671  2.25%     -    3s
     0     0 218772.671    0   57 223800.459 218772.671  2.25%     -    3s
     0     0 218772.671    0   65 223800.459 218772.671  2.25%     -    4s
H    0     0                    222449.27451 218772.671  1.65%     -    5s
     0     0 218772.671    0   32 222449.275 218772.671  1.65%     -    5s
H    0     0                    222447.36881 218772.671  1.65%     -    5s
H    0     0                    221848.28499 218772.671  1.39%     -    5s
H    0     0                    221695.22505 218772.671  1.32%     -    5s
     0     0 218772.671    0   32 221695.225 218772.671  1.32%     -    5s
H    0     0                    221535.20383 218772.671  1.25%     -    6s
     0     0 218772.671    0   52 221535.204 218772.671  1.25%     -    7s
     0     0 218772.671    0   50 221535.204 218772.671  1.25%     -    7s
     0     0 218772.671    0   43 221535.204 218772.671  1.25%     -    8s
     0     0 218772.671    0   43 221535.204 218772.671  1.25%     -    9s
     0     2 218772.671    0   43 221535.204 218772.671  1.25%     -   11s
H   62    77                    219640.23670 218772.671  0.39%   173   12s

Cutting planes:
  Gomory: 13
  Lift-and-project: 8
  Cover: 38
  Implied bound: 43
  Projected implied bound: 3
  Clique: 5
  MIR: 82
  Mixing: 3
  Flow cover: 142
  Zero half: 43
  RLT: 41
  Relax-and-lift: 86
  BQP: 2
  PSD: 27

Explored 84 nodes (29977 simplex iterations) in 12.77 seconds (6.14 work units)
Thread count was 5 (of 32 available processors)

Solution count 8: 219640 221535 221695 ... 223805

Optimal solution found (tolerance 1.00e-02)
Best objective 2.196402367003e+05, best bound 2.187726706626e+05, gap 0.3950%
