
Gurobi 12.0.3 (win64) logging started Tue Jul  7 18:00:50 2026

Set parameter LogFile to value "output/DCH_taller_julio/Costo_variable/Ventana_restringida/Carga_on_board_1000kW_Descomp_ventana_carga/station_2_d305_stage1\gurobi.log"
Set parameter Threads to value 5
Set parameter Heuristics to value 0.5
Set parameter MIPFocus to value 3
Set parameter Presolve to value 2
Set parameter FlowCoverCuts to value 2
Set parameter TimeLimit to value 172800
Gurobi Optimizer version 12.0.3 build v12.0.3rc0 (win64 - Windows 11+.0 (26200.2))

CPU model: Intel(R) Core(TM) i9-14900K, instruction set [SSE2|AVX|AVX2]
Thread count: 24 physical cores, 32 logical processors, using up to 5 threads

Non-default parameters:
TimeLimit  172800
MIPGap  0.01
Heuristics  0.5
MIPFocus  3
FlowCoverCuts  2
Presolve  2
Threads  5

Optimize a model with 24301 rows, 37807 columns and 117308 nonzeros
Model fingerprint: 0x1fc60260
Variable types: 18325 continuous, 19482 integer (19481 binary)
Coefficient statistics:
  Matrix range     [1e-01, 1e+03]
  Objective range  [1e-01, 2e+05]
  Bounds range     [1e+00, 1e+00]
  RHS range        [1e+00, 1e+04]
Presolve removed 23058 rows and 28785 columns
Presolve time: 0.35s
Presolved: 1243 rows, 9022 columns, 27354 nonzeros
Variable types: 244 continuous, 8778 integer (8777 binary)
Root relaxation presolved: 1243 rows, 9022 columns, 27354 nonzeros


Use crossover to convert LP symmetric solution to basic solution...

Root relaxation: objective 1.246769e+05, 3606 iterations, 0.15 seconds (0.07 work units)

    Nodes    |    Current Node    |     Objective Bounds      |     Work
 Expl Unexpl |  Obj  Depth IntInf | Incumbent    BestBd   Gap | It/Node Time

     0     0 220063.377    0  117          - 220063.377      -     -    1s
H    0     0                    396944.44889 220063.377  44.6%     -    2s
H    0     0                    220157.54994 220063.377  0.04%     -    2s
H    0     0                    220146.64705 220063.377  0.04%     -    2s
H    0     0                    220137.59774 220063.377  0.03%     -    2s
     0     0 220084.075    0   77 220137.598 220084.075  0.02%     -    2s

Cutting planes:
  Gomory: 9
  Lift-and-project: 28
  Cover: 2
  Implied bound: 3
  Projected implied bound: 4
  MIR: 13
  Mixing: 2
  Flow cover: 24
  RLT: 2

Explored 1 nodes (11883 simplex iterations) in 2.79 seconds (1.33 work units)
Thread count was 5 (of 32 available processors)

Solution count 4: 220138 220147 220158 396944 

Optimal solution found (tolerance 1.00e-02)
Best objective 2.201375977385e+05, best bound 2.200840748874e+05, gap 0.0243%
