
Gurobi 12.0.3 (win64) logging started Mon Sep  7 19:29:18 2026

Set parameter LogFile to value "C:\Users\TECNO-MASTER\Desktop\Elmo_infrastructure_sizing_NP-\output\DCH_septiembre\Bateria_353\Costo_variable\Carga_libre\Carga_on_board_variable_3estaciones_P640kW_Descomp/station_1_d91_stage1\gurobi.log"
Set parameter Threads to value 1
Set parameter Heuristics to value 0.5
Set parameter MIPFocus to value 3
Set parameter Presolve to value 2
Set parameter FlowCoverCuts to value 2
Set parameter TimeLimit to value 1200
Gurobi Optimizer version 12.0.3 build v12.0.3rc0 (win64 - Windows 11+.0 (26200.2))

CPU model: Intel(R) Core(TM) i9-14900K, instruction set [SSE2|AVX|AVX2]
Thread count: 24 physical cores, 32 logical processors, using up to 1 threads

Non-default parameters:
TimeLimit  1200
MIPGap  0.05
Heuristics  0.5
MIPFocus  3
FlowCoverCuts  2
Presolve  2
Threads  1

Optimize a model with 22770 rows, 37249 columns and 110686 nonzeros
Model fingerprint: 0xe7e9274a
Variable types: 17323 continuous, 19926 integer (19925 binary)
Coefficient statistics:
  Matrix range     [1e-01, 6e+02]
  Objective range  [1e-02, 1e+05]
  Bounds range     [1e+00, 1e+00]
  RHS range        [1e+00, 1e+04]
Presolve removed 19880 rows and 26950 columns
Presolve time: 0.26s
Presolved: 2890 rows, 10299 columns, 31950 nonzeros
Variable types: 841 continuous, 9458 integer (9457 binary)
Root relaxation presolved: 2890 rows, 10299 columns, 31950 nonzeros


Root relaxation: objective 5.396963e+04, 5297 iterations, 0.61 seconds (0.70 work units)

    Nodes    |    Current Node    |     Objective Bounds      |     Work
 Expl Unexpl |  Obj  Depth IntInf | Incumbent    BestBd   Gap | It/Node Time

     0     0 53969.6326    0  384          - 53969.6326      -     -    1s
     0     0 73353.0542    0  323          - 73353.0542      -     -    3s
     0     0 87858.1492    0  338          - 87858.1492      -     -    3s
     0     0 87858.1492    0  309          - 87858.1492      -     -    5s
     0     0 87858.1492    0  421          - 87858.1492      -     -    5s
     0     0 87858.1492    0  405          - 87858.1492      -     -    5s
     0     0 87858.1492    0  306          - 87858.1492      -     -    7s
     0     0 87858.1492    0  360          - 87858.1492      -     -    7s
     0     0 94569.2496    0  242          - 94569.2496      -     -   10s
     0     0 94569.2496    0  266          - 94569.2496      -     -   11s
     0     0 94569.2496    0  264          - 94569.2496      -     -   12s
     0     0 94569.2496    0  227          - 94569.2496      -     -   12s
     0     0 94569.2496    0  227          - 94569.2496      -     -   13s
H    0     0                    331593.29096 94569.2496  71.5%     -   13s
H    0     0                    331234.35957 94569.2496  71.4%     -   13s
H    0     0                    286215.77960 94569.2496  67.0%     -   13s
H    0     0                    185610.50652 94569.2496  49.0%     -   13s
H    0     0                    179284.49077 94569.2496  47.3%     -   13s
H    0     0                    167198.40017 94569.2496  43.4%     -   13s
H    0     0                    166868.75309 94569.2496  43.3%     -   13s
H    0     0                    166849.82183 94569.2496  43.3%     -   13s
H    0     0                    166837.35697 94569.2496  43.3%     -   13s
H    0     0                    166828.48323 94569.2496  43.3%     -   13s
H    0     0                    164973.60250 94569.2496  42.7%     -   13s
     0     2 94659.0205    0  227 164973.603 94659.0205  42.6%     -   13s
H    9     7                    164865.33117 148412.666  10.0%  2014   15s
H    9     7                    159012.41101 148412.666  6.67%  2014   15s
H    9     7                    158916.40873 148412.666  6.61%  2014   15s
H    9     7                    158865.32831 148412.666  6.58%  2014   15s
H    9     7                    158865.00616 148412.666  6.58%  2014   15s
H    9     7                    157857.78399 148412.666  5.98%  2014   15s
H   14    12                    150745.11568 148461.417  1.51%  1573   15s

Cutting planes:
  Gomory: 9
  Lift-and-project: 2
  Cover: 77
  Implied bound: 260
  Clique: 52
  MIR: 282
  Mixing: 65
  Flow cover: 577
  Zero half: 155
  RLT: 14
  Relax-and-lift: 175

Explored 15 nodes (86882 simplex iterations) in 15.95 seconds (21.79 work units)
Thread count was 1 (of 32 available processors)

Solution count 10: 150745 150745 157858 ... 166828

Optimal solution found (tolerance 5.00e-02)
Best objective 1.507451156817e+05, best bound 1.484639318179e+05, gap 1.5133%
