
Gurobi 12.0.3 (win64) logging started Tue Jun 30 15:28:22 2026

Set parameter LogFile to value "output/DCH_taller_julio/Costo_variable/Carga_on_board_1000kW_Descomp/station_2_d335_stage1\gurobi.log"
Set parameter Threads to value 5
Set parameter Heuristics to value 0.5
Set parameter MIPFocus to value 3
Set parameter Presolve to value 2
Set parameter FlowCoverCuts to value 2
Set parameter TimeLimit to value 172800
Gurobi Optimizer version 12.0.3 build v12.0.3rc0 (win64 - Windows 11+.0 (26200.2))

CPU model: Intel(R) Core(TM) i9-14900K, instruction set [SSE2|AVX|AVX2]
Thread count: 24 physical cores, 32 logical processors, using up to 5 threads

Non-default parameters:
TimeLimit  172800
MIPGap  0.01
Heuristics  0.5
MIPFocus  3
FlowCoverCuts  2
Presolve  2
Threads  5

Optimize a model with 23765 rows, 37807 columns and 116772 nonzeros
Model fingerprint: 0x0cbe1692
Variable types: 18325 continuous, 19482 integer (19481 binary)
Coefficient statistics:
  Matrix range     [1e-01, 1e+03]
  Objective range  [4e-03, 2e+05]
  Bounds range     [1e+00, 1e+00]
  RHS range        [1e+00, 1e+04]
Presolve removed 20926 rows and 27337 columns
Presolve time: 0.18s
Presolved: 2839 rows, 10470 columns, 32446 nonzeros
Variable types: 820 continuous, 9650 integer (9649 binary)
Root relaxation presolved: 2839 rows, 10470 columns, 32446 nonzeros


Root relaxation: objective 5.344718e+04, 4268 iterations, 0.36 seconds (0.68 work units)

    Nodes    |    Current Node    |     Objective Bounds      |     Work
 Expl Unexpl |  Obj  Depth IntInf | Incumbent    BestBd   Gap | It/Node Time

     0     0 213688.363    0  274          - 213688.363      -     -    4s
H    0     0                    397710.81631 213688.363  46.3%     -    4s
     0     0 213928.084    0  250 397710.816 213928.084  46.2%     -    4s
H    0     0                    393155.21702 213930.494  45.6%     -    4s
H    0     0                    216713.20716 213930.494  1.28%     -    4s
H    0     0                    216678.73999 213930.494  1.27%     -    4s
H    0     0                    216068.45794 213930.494  0.99%     -    4s

Cutting planes:
  Gomory: 20
  Lift-and-project: 15
  Implied bound: 3
  Flow cover: 5

Explored 1 nodes (50011 simplex iterations) in 4.93 seconds (7.35 work units)
Thread count was 5 (of 32 available processors)

Solution count 5: 216068 216679 216713 ... 397711

Optimal solution found (tolerance 1.00e-02)
Best objective 2.160684579419e+05, best bound 2.139304942877e+05, gap 0.9895%
