
Gurobi 12.0.3 (win64) logging started Tue Jun 30 15:29:42 2026

Set parameter LogFile to value "output/DCH_taller_julio/Costo_variable/Carga_on_board_1000kW_Descomp/station_2_d60\gurobi.log"
Set parameter Threads to value 5
Set parameter Heuristics to value 0.5
Set parameter MIPFocus to value 3
Set parameter Presolve to value 2
Set parameter FlowCoverCuts to value 2
Set parameter TimeLimit to value 172800
Gurobi Optimizer version 12.0.3 build v12.0.3rc0 (win64 - Windows 11+.0 (26200.2))

CPU model: Intel(R) Core(TM) i9-14900K, instruction set [SSE2|AVX|AVX2]
Thread count: 24 physical cores, 32 logical processors, using up to 5 threads

Non-default parameters:
TimeLimit  172800
MIPGap  0.01
Heuristics  0.5
MIPFocus  3
FlowCoverCuts  2
Presolve  2
Threads  5

Optimize a model with 23765 rows, 37807 columns and 115870 nonzeros
Model fingerprint: 0xc914c668
Variable types: 18325 continuous, 19482 integer (19481 binary)
Coefficient statistics:
  Matrix range     [1e-01, 1e+03]
  Objective range  [9e-03, 1e+02]
  Bounds range     [1e+00, 1e+00]
  RHS range        [1e+00, 1e+04]
Presolve removed 21363 rows and 27339 columns
Presolve time: 0.11s
Presolved: 2402 rows, 10468 columns, 31810 nonzeros
Variable types: 820 continuous, 9648 integer (9648 binary)
Root relaxation presolved: 2402 rows, 10468 columns, 31810 nonzeros


Root relaxation: objective 2.134670e+05, 2939 iterations, 0.11 seconds (0.17 work units)

    Nodes    |    Current Node    |     Objective Bounds      |     Work
 Expl Unexpl |  Obj  Depth IntInf | Incumbent    BestBd   Gap | It/Node Time

     0     0 213467.041    0  310          - 213467.041      -     -    0s
H    0     0                    220229.40758 213514.116  3.05%     -    0s
H    0     0                    216277.70198 213566.688  1.25%     -    1s
H    0     0                    216071.20030 213566.688  1.16%     -    1s
H    0     0                    215842.39600 213566.688  1.05%     -    1s
H    0     0                    215814.58457 213566.688  1.04%     -    1s
H    0     0                    215535.90788 213566.688  0.91%     -    1s
H    0     0                    215535.86044 213566.688  0.91%     -    1s
     0     0 213580.498    0  288 215535.860 213580.498  0.91%     -    1s

Cutting planes:
  Gomory: 24
  Lift-and-project: 24
  Implied bound: 38
  Projected implied bound: 2
  MIR: 39
  Mixing: 12
  Flow cover: 152
  RLT: 5
  Relax-and-lift: 1

Explored 1 nodes (7607 simplex iterations) in 1.21 seconds (1.33 work units)
Thread count was 5 (of 32 available processors)

Solution count 7: 215536 215536 215815 ... 220229

Optimal solution found (tolerance 1.00e-02)
Best objective 2.155358604430e+05, best bound 2.135804976138e+05, gap 0.9072%
