
Gurobi 12.0.3 (win64) logging started Tue Jul  7 18:06:55 2026

Set parameter LogFile to value "output/DCH_taller_julio/Costo_variable/Ventana_restringida/Carga_on_board_1000kW_Descomp_ventana_carga/station_3_d60\gurobi.log"
Set parameter Threads to value 5
Set parameter Heuristics to value 0.5
Set parameter MIPFocus to value 3
Set parameter Presolve to value 2
Set parameter FlowCoverCuts to value 2
Set parameter TimeLimit to value 172800
Gurobi Optimizer version 12.0.3 build v12.0.3rc0 (win64 - Windows 11+.0 (26200.2))

CPU model: Intel(R) Core(TM) i9-14900K, instruction set [SSE2|AVX|AVX2]
Thread count: 24 physical cores, 32 logical processors, using up to 5 threads

Non-default parameters:
TimeLimit  172800
MIPGap  0.01
Heuristics  0.5
MIPFocus  3
FlowCoverCuts  2
Presolve  2
Threads  5

Optimize a model with 23299 rows, 35809 columns and 110376 nonzeros
Model fingerprint: 0x3ddc6abe
Variable types: 17323 continuous, 18486 integer (18485 binary)
Coefficient statistics:
  Matrix range     [1e-01, 1e+03]
  Objective range  [9e-03, 1e+02]
  Bounds range     [1e+00, 1e+00]
  RHS range        [1e+00, 1e+04]
Presolve removed 22211 rows and 27287 columns
Presolve time: 0.32s
Presolved: 1088 rows, 8522 columns, 25658 nonzeros
Variable types: 244 continuous, 8278 integer (8278 binary)
Root relaxation presolved: 1088 rows, 8522 columns, 25658 nonzeros


Use crossover to convert LP symmetric solution to basic solution...

Root relaxation: objective 2.200279e+05, 2880 iterations, 0.09 seconds (0.04 work units)

    Nodes    |    Current Node    |     Objective Bounds      |     Work
 Expl Unexpl |  Obj  Depth IntInf | Incumbent    BestBd   Gap | It/Node Time

     0     0 220027.916    0  102          - 220027.916      -     -    1s
H    0     0                    223150.64174 220027.916  1.40%     -    1s
H    0     0                    220398.33522 220027.916  0.17%     -    2s
H    0     0                    220234.56597 220027.916  0.09%     -    2s
H    0     0                    220218.57302 220027.916  0.09%     -    2s
H    0     0                    220212.07089 220027.916  0.08%     -    2s
H    0     0                    220210.97513 220027.916  0.08%     -    2s
H    0     0                    220210.50991 220027.916  0.08%     -    2s
H    0     0                    220204.94301 220027.916  0.08%     -    2s
     0     0 220044.531    0  112 220204.943 220044.531  0.07%     -    2s

Cutting planes:
  Gomory: 7
  Lift-and-project: 3
  Cover: 2
  Implied bound: 7
  Projected implied bound: 4
  Clique: 4
  MIR: 11
  Flow cover: 33
  Zero half: 8
  RLT: 6
  Relax-and-lift: 3
  BQP: 5
  PSD: 3

Explored 1 nodes (7447 simplex iterations) in 2.24 seconds (0.88 work units)
Thread count was 5 (of 32 available processors)

Solution count 8: 220205 220211 220211 ... 223151

Optimal solution found (tolerance 1.00e-02)
Best objective 2.202049430119e+05, best bound 2.200445312410e+05, gap 0.0728%
