
Gurobi 12.0.0 (win64) logging started Mon Sep  7 03:56:26 2026

Set parameter LogFile to value "C:\Users\TECNO-MASTER\Desktop\Elmo_infrastructure_sizing_NP-\output\DCH_septiembre\Bateria_482\Costo_variable\Carga_libre\Carga_on_board_variable_3estaciones_P160kW_Descomp/station_2_d244_stage1\gurobi.log"
Set parameter Threads to value 1
Set parameter Heuristics to value 0.5
Set parameter MIPFocus to value 3
Set parameter Presolve to value 2
Set parameter FlowCoverCuts to value 2
Set parameter TimeLimit to value 1200
Gurobi Optimizer version 12.0.0 build v12.0.0rc1 (win64 - Windows 11+.0 (26200.2))

CPU model: Intel(R) Core(TM) i9-14900K, instruction set [SSE2|AVX|AVX2]
Thread count: 24 physical cores, 32 logical processors, using up to 1 threads

Non-default parameters:
TimeLimit  1200
MIPGap  0.05
Heuristics  0.5
MIPFocus  3
FlowCoverCuts  2
Presolve  2
Threads  1

Optimize a model with 23772 rows, 39247 columns and 116710 nonzeros
Model fingerprint: 0x4dd321f5
Variable types: 18325 continuous, 20922 integer (20921 binary)
Coefficient statistics:
  Matrix range     [1e-01, 2e+02]
  Objective range  [8e-03, 6e+04]
  Bounds range     [1e+00, 1e+00]
  RHS range        [1e+00, 1e+04]
Presolve removed 20947 rows and 28432 columns
Presolve time: 0.26s
Presolved: 2825 rows, 10815 columns, 33077 nonzeros
Variable types: 841 continuous, 9974 integer (9973 binary)
Root relaxation presolved: 2825 rows, 10815 columns, 33077 nonzeros


Root relaxation: objective 1.426648e+05, 8098 iterations, 1.20 seconds (1.27 work units)

    Nodes    |    Current Node    |     Objective Bounds      |     Work
 Expl Unexpl |  Obj  Depth IntInf | Incumbent    BestBd   Gap | It/Node Time

     0     0 142664.756    0  469          - 142664.756      -     -    2s
     0     0 151659.039    0  376          - 151659.039      -     -    2s
     0     0 155083.757    0  240          - 155083.757      -     -    4s
     0     0 156448.384    0  238          - 156448.384      -     -    5s
     0     0 156448.384    0  240          - 156448.384      -     -    5s
     0     0 156448.384    0  266          - 156448.384      -     -    7s
     0     0 156448.384    0  247          - 156448.384      -     -    8s
H    0     0                    169620.17725 156448.384  7.77%     -    8s
H    0     0                    168865.52113 156448.384  7.35%     -    8s
H    0     0                    168865.52097 156448.384  7.35%     -    8s
H    0     0                    168793.21639 156448.384  7.31%     -    8s
H    0     0                    168567.66481 156448.384  7.19%     -    8s
H    0     0                    168458.62988 156448.384  7.13%     -    8s
H    0     0                    167382.11719 156448.384  6.53%     -    8s
     0     2 156448.384    0  247 167382.117 156448.384  6.53%     -    9s

Cutting planes:
  Gomory: 4
  Cover: 13
  Clique: 6
  Flow cover: 1
  Zero half: 6
  Relax-and-lift: 15

Explored 3 nodes (30206 simplex iterations) in 9.08 seconds (8.27 work units)
Thread count was 1 (of 32 available processors)

Solution count 7: 167382 168459 168568 ... 169620

Optimal solution found (tolerance 5.00e-02)
Best objective 1.673821171857e+05, best bound 1.641558597819e+05, gap 1.9275%
