
Gurobi 12.0.3 (win64) logging started Sun Aug 23 02:54:47 2026

Set parameter LogFile to value "C:\Users\TECNO-MASTER\Desktop\Elmo_infrastructure_sizing_NP-\output\DCH_agosto\Costo_variable\Carga_libre\Carga_on_board_variable_3estaciones_P640kW_Descomp/station_1_d152\gurobi.log"
Set parameter Threads to value 1
Set parameter Heuristics to value 0.5
Set parameter MIPFocus to value 3
Set parameter Presolve to value 2
Set parameter FlowCoverCuts to value 2
Set parameter TimeLimit to value 172800
Gurobi Optimizer version 12.0.3 build v12.0.3rc0 (win64 - Windows 11+.0 (26200.2))

CPU model: Intel(R) Core(TM) i9-14900K, instruction set [SSE2|AVX|AVX2]
Thread count: 24 physical cores, 32 logical processors, using up to 1 threads

Non-default parameters:
TimeLimit  172800
MIPGap  0.01
Heuristics  0.5
MIPFocus  3
FlowCoverCuts  2
Presolve  2
Threads  1

Optimize a model with 22770 rows, 37249 columns and 109784 nonzeros
Model fingerprint: 0x3488e71b
Variable types: 17323 continuous, 19926 integer (19925 binary)
Coefficient statistics:
  Matrix range     [1e-01, 6e+02]
  Objective range  [1e-02, 1e+02]
  Bounds range     [1e+00, 3e+00]
  RHS range        [1e+00, 1e+04]
Presolve removed 20325 rows and 26960 columns
Presolve time: 0.29s
Presolved: 2445 rows, 10289 columns, 31876 nonzeros
Variable types: 841 continuous, 9448 integer (9362 binary)
Root relaxation presolved: 2445 rows, 10289 columns, 31876 nonzeros


Root relaxation: objective 1.640476e+05, 3135 iterations, 0.38 seconds (0.15 work units)

    Nodes    |    Current Node    |     Objective Bounds      |     Work
 Expl Unexpl |  Obj  Depth IntInf | Incumbent    BestBd   Gap | It/Node Time

     0     0 164047.635    0  142          - 164047.635      -     -    2s
H    0     0                    219322.30114 164047.635  25.2%     -    2s
H    0     0                    190549.83010 164047.635  13.9%     -    2s
H    0     0                    188519.34385 164047.635  13.0%     -    2s
H    0     0                    177595.88865 164047.635  7.63%     -    2s
H    0     0                    177458.12646 164047.635  7.56%     -    2s
H    0     0                    177411.18651 164047.635  7.53%     -    2s
H    0     0                    169658.06090 164047.635  3.31%     -    2s
H    0     0                    169634.90108 164047.635  3.29%     -    2s
H    0     0                    169530.63147 164047.635  3.23%     -    2s
     0     0 164047.641    0  148 169530.631 164047.641  3.23%     -    3s
H    0     0                    169524.27870 164047.641  3.23%     -    3s
H    0     0                    169512.24116 164047.641  3.22%     -    3s
H    0     0                    169502.70583 164047.641  3.22%     -    3s
H    0     0                    168682.51760 164047.641  2.75%     -    3s
H    0     0                    168681.00879 164047.641  2.75%     -    3s
H    0     0                    168347.54213 164047.641  2.55%     -    3s
H    0     0                    165002.96733 164047.641  0.58%     -    3s

Cutting planes:
  Gomory: 9
  Lift-and-project: 1
  Cover: 1
  Implied bound: 9
  Flow cover: 2
  Zero half: 1
  RLT: 2
  Relax-and-lift: 2
  PSD: 1

Explored 1 nodes (11330 simplex iterations) in 3.79 seconds (1.89 work units)
Thread count was 1 (of 32 available processors)

Solution count 10: 165003 168348 168681 ... 169658

Optimal solution found (tolerance 1.00e-02)
Best objective 1.650029673266e+05, best bound 1.640476412845e+05, gap 0.5790%
