
Gurobi 12.0.3 (win64) logging started Sun Aug 23 02:36:13 2026

Set parameter LogFile to value "C:\Users\TECNO-MASTER\Desktop\Elmo_infrastructure_sizing_NP-\output\DCH_agosto\Costo_fijo\Ventana_restringida\Carga_on_board_fixed_3estaciones_P1000kW_Descomp/station_2_d91\gurobi.log"
Set parameter Threads to value 1
Set parameter Heuristics to value 0.5
Set parameter MIPFocus to value 3
Set parameter Presolve to value 2
Set parameter FlowCoverCuts to value 2
Set parameter TimeLimit to value 172800
Gurobi Optimizer version 12.0.3 build v12.0.3rc0 (win64 - Windows 11+.0 (26200.2))

CPU model: Intel(R) Core(TM) i9-14900K, instruction set [SSE2|AVX|AVX2]
Thread count: 24 physical cores, 32 logical processors, using up to 1 threads

Non-default parameters:
TimeLimit  172800
MIPGap  0.01
Heuristics  0.5
MIPFocus  3
FlowCoverCuts  2
Presolve  2
Threads  1

Optimize a model with 24316 rows, 39247 columns and 116352 nonzeros
Model fingerprint: 0x24cb6caf
Variable types: 18325 continuous, 20922 integer (20921 binary)
Coefficient statistics:
  Matrix range     [1e-01, 1e+03]
  Objective range  [4e-01, 1e+02]
  Bounds range     [1e+00, 3e+00]
  RHS range        [1e+00, 1e+04]
Presolve removed 23245 rows and 29971 columns
Presolve time: 0.22s
Presolved: 1071 rows, 9276 columns, 28625 nonzeros
Variable types: 233 continuous, 9043 integer (8952 binary)
Root relaxation presolved: 1071 rows, 9276 columns, 28625 nonzeros


Use crossover to convert LP symmetric solution to basic solution...

Root relaxation: objective 2.187683e+05, 2767 iterations, 0.05 seconds (0.03 work units)

    Nodes    |    Current Node    |     Objective Bounds      |     Work
 Expl Unexpl |  Obj  Depth IntInf | Incumbent    BestBd   Gap | It/Node Time

     0     0 218768.341    0   43          - 218768.341      -     -    0s
H    0     0                    269631.29598 218768.341  18.9%     -    0s
H    0     0                    256996.52395 218768.341  14.9%     -    0s
H    0     0                    252877.27736 218768.341  13.5%     -    0s
H    0     0                    252870.79918 218768.341  13.5%     -    0s
     0     0 218768.341    0   75 252870.799 218768.341  13.5%     -    1s
H    0     0                    239470.96002 218768.557  8.65%     -    1s
     0     0 218768.592    0   63 239470.960 218768.592  8.65%     -    1s
     0     0 218768.592    0   85 239470.960 218768.592  8.65%     -    1s
     0     0 218768.592    0   31 239470.960 218768.592  8.65%     -    1s
H    0     0                    237071.60784 218768.592  7.72%     -    1s
H    0     0                    237049.00224 218768.592  7.71%     -    1s
H    0     0                    231796.90557 218768.592  5.62%     -    1s
     0     0 218768.592    0   31 231796.906 218768.592  5.62%     -    2s
H    0     0                    229608.70689 218768.592  4.72%     -    2s
     0     0 218768.592    0   35 229608.707 218768.592  4.72%     -    2s
     0     0 218768.592    0   33 229608.707 218768.592  4.72%     -    2s
     0     0 218768.592    0   23 229608.707 218768.592  4.72%     -    3s
H    0     0                    229398.98569 218768.592  4.63%     -    3s
H    0     0                    229153.63067 218768.592  4.53%     -    3s
H    0     0                    228978.15174 218768.592  4.46%     -    3s
H    0     0                    228566.66340 218768.592  4.29%     -    3s
     0     0 218768.592    0   35 228566.663 218768.592  4.29%     -    3s
     0     0 218768.592    0   23 228566.663 218768.592  4.29%     -    4s
     0     0 218768.592    0   23 228566.663 218768.592  4.29%     -    4s
H    0     0                    226240.44994 218768.592  3.30%     -    4s
H    0     0                    222620.84142 218768.592  1.73%     -    4s
H    0     0                    221264.55978 218768.592  1.13%     -    4s
     0     2 218768.592    0   23 221264.560 218768.592  1.13%     -    4s
     7     9 218768.592    4   47 221264.560 218768.592  1.13%   390    5s
H   40    40                    220495.21130 218768.592  0.78%   293    7s

Cutting planes:
  Gomory: 2
  Lift-and-project: 4
  Cover: 16
  Implied bound: 32
  Clique: 13
  MIR: 187
  Mixing: 2
  StrongCG: 2
  Flow cover: 319
  Zero half: 44
  RLT: 6
  Relax-and-lift: 45
  PSD: 9

Explored 41 nodes (27429 simplex iterations) in 7.83 seconds (10.11 work units)
Thread count was 1 (of 32 available processors)

Solution count 10: 220495 221265 222621 ... 231797

Optimal solution found (tolerance 1.00e-02)
Best objective 2.204952113015e+05, best bound 2.187685915901e+05, gap 0.7831%
