
Gurobi 12.0.1 (win64) logging started Mon Apr  6 12:44:10 2026

Set parameter LogFile to value "output/Escenarios_DCH/Costo_variable/3_estaciones_base/Carga_on_board_variable_3estaciones_P300kW\gurobi.log"
Set parameter Threads to value 24
Set parameter Heuristics to value 0.5
Set parameter MIPFocus to value 3
Set parameter Presolve to value 2
Set parameter FlowCoverCuts to value 2
Set parameter TimeLimit to value 172800
Gurobi Optimizer version 12.0.1 build v12.0.1rc0 (win64 - Windows 11+.0 (26200.2))

CPU model: 11th Gen Intel(R) Core(TM) i7-1165G7 @ 2.80GHz, instruction set [SSE2|AVX|AVX2|AVX512]
Thread count: 4 physical cores, 8 logical processors, using up to 24 threads

Warning: Thread count (24) is larger than processor count (8)
         Reduce the value of the Threads parameter to improve performance


Non-default parameters:
TimeLimit  172800
MIPGap  0.01
Heuristics  0.5
MIPFocus  3
FlowCoverCuts  2
Presolve  2
Threads  24

Optimize a model with 275046 rows, 895254 columns and 2912265 nonzeros
Model fingerprint: 0xf50f33e5
Variable types: 114192 continuous, 781062 integer (781059 binary)
Coefficient statistics:
  Matrix range     [1e-01, 3e+02]
  Objective range  [3e-03, 3e+05]
  Bounds range     [1e+00, 1e+00]
  RHS range        [1e+00, 1e+18]
Warning: Model contains large rhs
         Consider reformulating model or setting NumericFocus parameter
         to avoid numerical issues.
Found heuristic solution: objective 9.880238e+10
Presolve removed 226590 rows and 561462 columns (presolve time = 31s)...
Presolve removed 226590 rows and 561462 columns
Presolve time: 30.90s
Presolved: 48456 rows, 333792 columns, 931104 nonzeros
Variable types: 46656 continuous, 287136 integer (287136 binary)
Root relaxation presolve removed 17568 rows and 17568 columns
Root relaxation presolved: 30888 rows, 316224 columns, 895968 nonzeros

Deterministic concurrent LP optimizer: primal simplex, dual simplex, and barrier
Showing barrier log only...

Root barrier log...

Ordering time: 0.26s

Barrier statistics:
 AA' NZ     : 5.910e+05
 Factor NZ  : 2.028e+06 (roughly 160 MB of memory)
 Factor Ops : 1.692e+08 (less than 1 second per iteration)
 Threads    : 22

                  Objective                Residual
Iter       Primal          Dual         Primal    Dual     Compl     Time
   0   1.51141205e+11 -1.35575808e+12  2.58e+02 3.23e+04  1.25e+07    33s
   1   4.02429935e+10 -4.06460155e+11  2.45e+01 1.86e-09  1.45e+06    33s
   2   2.23497344e+09 -9.92560381e+10  3.89e-02 1.63e-09  1.58e+05    33s
   3   2.42196793e+08 -3.46590747e+09  1.08e-03 1.38e-09  5.69e+03    33s
   4   4.43767068e+07 -5.65014715e+08  2.47e-04 1.23e-09  9.35e+02    33s
   5   2.11098957e+07 -7.25287608e+07  7.68e-05 1.47e-09  1.44e+02    33s
   6   1.40984319e+07 -3.53026779e+07  5.19e-05 1.08e-09  7.58e+01    34s
   7   1.28386565e+07 -8.09481980e+06  4.71e-05 1.23e-09  3.21e+01    34s
   8   1.03182760e+07 -3.52628021e+06  3.69e-05 1.10e-09  2.12e+01    34s
   9   6.74237675e+06 -9.30496558e+05  2.25e-05 1.05e-09  1.18e+01    34s
  10   3.64547511e+06 -1.04601073e+05  9.95e-06 1.10e-09  5.76e+00    34s
  11   2.81502616e+06  4.41308740e+05  6.63e-06 9.58e-10  3.64e+00    34s
  12   2.21701846e+06  6.68932451e+05  4.32e-06 1.00e-09  2.38e+00    34s
  13   1.96354986e+06  7.28327933e+05  3.31e-06 1.02e-09  1.90e+00    34s
  14   1.77291090e+06  8.86008663e+05  2.58e-06 1.03e-09  1.36e+00    34s
  15   1.64125835e+06  9.45862590e+05  2.05e-06 1.03e-09  1.07e+00    34s
  16   1.53885580e+06  1.00031435e+06  1.66e-06 1.03e-09  8.27e-01    35s
  17   1.39216327e+06  1.02977126e+06  1.09e-06 9.13e-10  5.56e-01    35s
  18   1.32236749e+06  1.05197404e+06  8.16e-07 9.33e-10  4.15e-01    35s
  19   1.25051864e+06  1.08044437e+06  5.42e-07 1.01e-09  2.61e-01    35s
  20   1.18778804e+06  1.09760199e+06  2.95e-07 8.84e-10  1.38e-01    35s
  21   1.15901685e+06  1.10403505e+06  1.86e-07 8.89e-10  8.44e-02    35s
  22   1.14630214e+06  1.10689064e+06  1.37e-07 1.06e-09  6.05e-02    35s
  23   1.13415780e+06  1.10864179e+06  9.03e-08 8.93e-10  3.92e-02    35s
  24   1.12633432e+06  1.10944083e+06  6.05e-08 9.28e-10  2.59e-02    36s
  25   1.11928475e+06  1.10979863e+06  3.40e-08 1.14e-09  1.46e-02    36s
  26   1.11519348e+06  1.10994520e+06  1.87e-08 9.18e-10  8.06e-03    36s
  27   1.11306390e+06  1.11001302e+06  1.07e-08 8.40e-10  4.68e-03    36s
  28   1.11193914e+06  1.11003920e+06  6.55e-09 1.00e-09  2.92e-03    36s
  29   1.11095818e+06  1.11009043e+06  2.95e-09 9.70e-10  1.33e-03    36s
  30   1.11041506e+06  1.11011829e+06  9.72e-10 1.01e-09  4.56e-04    36s
  31   1.11031772e+06  1.11012585e+06  6.40e-10 9.02e-10  2.94e-04    36s
  32   1.11020730e+06  1.11013283e+06  2.64e-10 9.59e-10  1.14e-04    36s
  33   1.11015738e+06  1.11013684e+06  9.93e-11 9.75e-10  3.15e-05    36s
  34   1.11014544e+06  1.11013857e+06  1.06e-10 9.37e-10  1.05e-05    36s
  35   1.11014274e+06  1.11014002e+06  1.02e-10 1.16e-09  4.18e-06    37s
  36   1.11014072e+06  1.11014020e+06  1.97e-10 7.37e-10  7.88e-07    37s
  37   1.11014043e+06  1.11014032e+06  1.42e-10 9.53e-10  1.69e-07    37s
  38   1.11014036e+06  1.11014035e+06  2.07e-10 7.87e-10  1.52e-08    37s
  39   1.11014036e+06  1.11014036e+06  1.69e-11 1.17e-09  1.28e-09    37s

Barrier solved model in 39 iterations and 36.90 seconds (16.64 work units)
Optimal objective 1.11014036e+06


Root crossover log...

    7410 DPushes remaining with DInf 0.0000000e+00                37s
       0 DPushes remaining with DInf 0.0000000e+00                37s

  115980 PPushes remaining with PInf 4.8186451e-05                37s
       0 PPushes remaining with PInf 0.0000000e+00                40s

  Push phase complete: Pinf 0.0000000e+00, Dinf 6.9794170e-12     40s


Root simplex log...

Iteration    Objective       Primal Inf.    Dual Inf.      Time
  123393    1.1101404e+06   0.000000e+00   0.000000e+00     40s
Concurrent spin time: 1.16s (can be avoided by choosing Method=3)

Solved with barrier
  127568    1.1101404e+06   0.000000e+00   0.000000e+00     41s
Extra simplex iterations after uncrush: 4175

Root relaxation: objective 1.110140e+06, 127568 iterations, 9.92 seconds (4.37 work units)
Total elapsed time = 47.46s (DegenMoves)
Total elapsed time = 50.55s (DegenMoves)

    Nodes    |    Current Node    |     Objective Bounds      |     Work
 Expl Unexpl |  Obj  Depth IntInf | Incumbent    BestBd   Gap | It/Node Time

     0     0 1110140.36    0 5681 9.8802e+10 1110140.36   100%     -   54s
H    0     0                    4.017454e+10 1110140.36   100%     -   55s
     0     0 1110188.29    0 5646 4.0175e+10 1110188.29   100%     -   73s
H    0     0                    4.184990e+07 1110188.29  97.3%     -   74s
     0     0 1121262.30    0 6439 4.1850e+07 1121262.30  97.3%     -   76s
     0     0 1155990.46    0 6350 4.1850e+07 1155990.46  97.2%     -   78s
     0     0 1191630.43    0 6130 4.1850e+07 1191630.43  97.2%     -   80s
     0     0 1226320.68    0 5933 4.1850e+07 1226320.68  97.1%     -   82s
     0     0 1259438.78    0 5799 4.1850e+07 1259438.78  97.0%     -   83s
     0     0 1294607.85    0 5596 4.1850e+07 1294607.85  96.9%     -   85s
     0     0 1331421.90    0 5121 4.1850e+07 1331421.90  96.8%     -   86s
     0     0 1366916.67    0 4776 4.1850e+07 1366916.67  96.7%     -   87s
     0     0 1404184.48    0 4189 4.1850e+07 1404184.48  96.6%     -   89s
     0     0 1439209.58    0 3256 4.1850e+07 1439209.58  96.6%     -   91s
     0     0 1471628.44    0 2461 4.1850e+07 1471628.44  96.5%     -   92s
     0     0 1471709.27    0 2425 4.1850e+07 1471709.27  96.5%     -   92s
     0     0 1471882.14    0 1191 4.1850e+07 1471882.14  96.5%     -  113s
H    0     0                    3.149157e+07 1471882.14  95.3%     -  120s
     0     0 1471989.43    0 1372 3.1492e+07 1471989.43  95.3%     -  120s
     0     0 1472115.59    0 1036 3.1492e+07 1472115.59  95.3%     -  139s
H    0     0                    3.131580e+07 1472115.59  95.3%     -  141s
     0     0 1472116.02    0 1233 3.1316e+07 1472116.02  95.3%     -  141s
     0     0 1472140.54    0 1005 3.1316e+07 1472140.54  95.3%     -  157s
     0     0 1472140.54    0 1005 3.1316e+07 1472140.54  95.3%     -  164s
H    0     0                    4940194.1710 1472140.54  70.2%     -  166s
H    0     0                    4911074.1044 1472140.54  70.0%     -  166s
H    0     0                    4911073.3869 1472140.54  70.0%     -  166s
H    0     0                    4911071.9297 1472140.54  70.0%     -  169s
H    0     0                    4910393.9649 1472140.54  70.0%     -  172s
H    0     0                    4881092.3699 1472140.54  69.8%     -  174s
H    0     0                    4822758.3683 1472140.54  69.5%     -  177s
H    0     0                    4792783.1943 1472140.54  69.3%     -  178s
H    0     0                    4792577.1488 1472140.54  69.3%     -  182s
H    0     0                    4763495.6510 1472140.54  69.1%     -  183s
H    0     0                    4733576.9664 1472140.54  68.9%     -  187s
H    0     0                    4704684.5499 1472140.54  68.7%     -  187s
H    0     0                    4675392.2890 1472140.54  68.5%     -  187s
H    0     0                    4675317.9745 1472140.54  68.5%     -  187s
H    0     0                    4558609.0791 1472140.54  67.7%     -  189s
H    0     0                    4558537.1992 1472140.54  67.7%     -  189s
H    0     0                    4384335.2382 1472140.54  66.4%     -  199s
H    0     0                    4355091.3555 1472140.54  66.2%     -  199s
H    0     0                    3961249.6433 1472140.54  62.8%     -  218s
H    0     0                    3932251.8021 1472140.54  62.6%     -  222s
H    0     0                    3840389.9326 1472140.54  61.7%     -  223s
H    0     0                    3656664.7215 1472140.54  59.7%     -  226s
H    0     0                    3656650.0420 1472140.54  59.7%     -  228s
H    0     0                    3656649.8013 1472140.54  59.7%     -  228s
H    0     0                    3656577.8643 1472140.54  59.7%     -  240s
H    0     0                    3598493.2609 1472140.54  59.1%     -  249s
H    0     0                    3482256.4309 1472140.54  57.7%     -  253s
H    0     0                    3453146.7816 1472140.54  57.4%     -  263s
H    0     0                    3395200.3815 1472140.54  56.6%     -  267s
H    0     0                    3395172.9220 1472140.54  56.6%     -  277s
H    0     0                    3337008.9479 1472140.54  55.9%     -  282s
H    0     0                    3278856.4143 1472140.54  55.1%     -  286s
H    0     0                    3249779.6504 1472140.54  54.7%     -  291s
H    0     0                    3220738.6570 1472140.54  54.3%     -  301s
H    0     0                    3220735.6806 1472140.54  54.3%     -  308s
H    0     0                    3162667.0895 1472140.54  53.5%     -  313s
H    0     0                    3133742.4673 1472140.54  53.0%     -  319s
H    0     0                    3104658.5378 1472140.54  52.6%     -  323s
H    0     0                    3046548.3884 1472140.54  51.7%     -  326s
H    0     0                    2959325.3154 1472140.54  50.3%     -  339s
H    0     0                    2901238.2044 1472140.54  49.3%     -  343s
H    0     0                    2901224.2009 1472140.54  49.3%     -  346s
H    0     0                    2843104.6331 1472140.54  48.2%     -  351s
H    0     0                    2843045.7053 1472140.54  48.2%     -  357s
H    0     0                    2756061.5407 1472140.54  46.6%     -  363s
H    0     0                    2698073.9902 1472140.54  45.4%     -  369s
H    0     0                    2639690.6657 1472140.54  44.2%     -  374s
H    0     0                    2581610.4142 1472140.54  43.0%     -  377s
H    0     0                    2465313.0637 1472140.54  40.3%     -  386s
H    0     0                    2407260.9286 1472140.54  38.8%     -  397s
H    0     0                    2320049.4449 1472140.54  36.5%     -  406s
H    0     0                    2261984.6835 1472140.54  34.9%     -  414s
H    0     0                    2175003.5582 1472140.54  32.3%     -  420s
H    0     0                    2145707.6121 1472140.54  31.4%     -  424s
H    0     0                    2116553.5795 1472140.54  30.4%     -  430s
H    0     0                    2058512.9985 1472140.54  28.5%     -  436s
    37     4 1472140.71    2   37 2058513.00 1472140.71  28.5% 20861  446s
   331   853 1472140.71   12   55 2058513.00 1472140.71  28.5%  2337  451s
H  888   853                    2058453.3658 1472140.71  28.5%  24.7  451s
   889   857 1472224.29    2   78 2058453.37 1472224.29  28.5%   892  458s
   943  1110 1472224.34    7  119 2058453.37 1472224.34  28.5%   847  461s
  1168  1165 1472224.34    9  123 2058453.37 1472224.34  28.5%   686  468s
  1199  1255 1472224.34   10  118 2058453.37 1472224.34  28.5%   669  474s
  1289  3175 1472224.34   11  114 2058453.37 1472224.34  28.5%   624  483s
H 3209  3175                    2058447.6384 1472224.34  28.5%  17.7  484s
  3210  3179 1472266.86    2   43 2058447.64 1472266.86  28.5%   258  494s
  3234  3213 1472266.90    6   57 2058447.64 1472266.90  28.5%   257  495s
  3421  3815 1472266.91    9   56 2058447.64 1472266.91  28.5%   245  501s
H 3862  3815                    2058196.2308 1472266.91  28.5%  25.8  502s
  3863  3819 1472288.26    2   42 2058196.23 1472288.26  28.5%   225  507s
  3917  4111 1472288.26    7   63 2058196.23 1472288.26  28.5%   223  512s
  4157  4755 1472288.26    8   66 2058196.23 1472288.26  28.5%   210  515s
H 4801  4755                    2058195.9310 1472288.26  28.5%  25.6  516s
  4802  4760 1472288.26    2   35 2058195.93 1472288.26  28.5%   186  525s
  4856  5044 1472289.43    7   36 2058195.93 1472289.43  28.5%   184  530s
  5494  5453 1472289.45    2   34 2058195.93 1472289.45  28.5%   166  541s
  5524  5504 1472289.45    6   51 2058195.93 1472289.45  28.5%   165  545s
  5772  7044 1472289.45   13   47 2058195.93 1472289.45  28.5%   158  553s
  7089  7048 1472289.50    2   22 2058195.93 1472289.50  28.5%   132  558s
  7119  7100 1472289.75    6   49 2058195.93 1472289.75  28.5%   132  560s
  7383  7379 1472289.75    7   43 2058195.93 1472289.75  28.5%   127  567s
  7422  7981 1472289.75   12   49 2058195.93 1472289.75  28.5%   127  573s
H 8024  7981                    2029092.7987 1472289.75  27.4%  23.8  573s
  8025  7985 1472317.30    2   44 2029092.80 1472317.30  27.4%   120  581s
  8079  8188 1472325.42    7   54 2029092.80 1472325.42  27.4%   119  585s
H 9066  9023                    2029010.5570 1472326.31  27.4%  23.8  588s
  9067  9027 1472357.13    2   30 2029010.56 1472357.13  27.4%   109  594s
  9081  9055 1472357.13    5   52 2029010.56 1472357.13  27.4%   109  595s
  9356  9338 1472357.13   13   48 2029010.56 1472357.13  27.4%   106  602s
  9380 10628 1472357.13    7   49 2029010.56 1472357.13  27.4%   105  606s
H10670 10628                    2028881.6114 1472357.13  27.4%  22.5  606s
 10671 10633 1472357.24    2   92 2028881.61 1472357.24  27.4%  94.8  615s
 10725 10905 1472357.24    7  116 2028881.61 1472357.24  27.4%  94.4  620s
 11240 11202 1472357.49    2   60 2028881.61 1472357.49  27.4%  92.1  629s
 11254 11230 1472357.49    5   74 2028881.61 1472357.49  27.4%  92.1  630s
 11530 12872 1472357.58   17   76 2028881.61 1472357.58  27.4%  90.2  637s
H12912 12872                    2028874.6585 1472357.58  27.4%  22.4  638s
 12913 12876 1472357.58    2   74 2028874.66 1472357.58  27.4%  82.1  643s
 12927 12904 1472357.58    5  120 2028874.66 1472357.58  27.4%  82.2  645s
 13149 13924 1472358.58    8  109 2028874.66 1472358.58  27.4%  82.2  654s
H13963 13924                    2028857.6837 1472358.58  27.4%  25.0  654s
 13964 13928 1472359.28    2   58 2028857.68 1472359.28  27.4%  80.3  660s
 14258 14877 1472359.42    7   63 2028857.68 1472359.42  27.4%  78.8  667s
H14915 14877                    1999698.3144 1472359.42  26.4%  24.8  667s
 14916 14881 1472414.36    2   90 1999698.31 1472414.36  26.4%  76.5  676s
 14970 15149 1472414.98    6  130 1999698.31 1472414.94  26.4%  76.8  681s
 15210 15197 1472415.00    7  130 1999698.31 1472414.98  26.4%  75.8  689s
 15234 15249 1472415.00   16  125 1999698.31 1472414.98  26.4%  75.8  695s
 15286 16968 1472415.00   15  132 1999698.31 1472414.98  26.4%  75.6  707s
H17005 16968                    1999624.4003 1472414.98  26.4%  24.1  707s
 17006 16972 1472423.46    2   53 1999624.40 1472423.46  26.4%  69.5  713s
 17036 17024 1472423.56    6   63 1999624.40 1472423.46  26.4%  69.4  716s
 17300 17367 1472423.56    7   74 1999624.40 1472423.46  26.4%  68.4  722s
 17403 19208 1472423.46   10   71 1999624.40 1472423.46  26.4%  68.1  730s
H19244 19208                    1999500.6697 1472423.46  26.4%  23.1  730s
 19245 19212 1472439.55    2   37 1999500.67 1472439.55  26.4%  63.1  738s
 19275 19264 1472442.77    6   36 1999500.67 1472439.55  26.4%  63.0  740s
 19539 19880 1472439.64    7   57 1999500.67 1472439.64  26.4%  62.3  746s
H19915 19880                    1999484.9014 1472439.64  26.4%  23.3  747s
 19916 19884 1472457.85    2   37 1999484.90 1472457.85  26.4%  62.0  756s
 19970 20176 1472458.01    7   52 1999484.90 1472458.01  26.4%  61.9  761s
 20210 20753 1472458.01   12   56 1999484.90 1472458.01  26.4%  61.2  765s
H20787 20753                    1999421.1800 1472458.01  26.4%  23.5  765s
 20788 20757 1472458.03    2   26 1999421.18 1472458.03  26.4%  60.6  772s
 20818 20809 1472458.24    6   44 1999421.18 1472458.23  26.4%  60.5  775s
 21073 21064 1472458.23   13   44 1999421.18 1472458.23  26.4%  59.8  782s
 21097 21088 1472458.23   12   51 1999421.18 1472458.23  26.4%  59.8  788s
 21121 21259 1472458.23    9   45 1999421.18 1472458.23  26.4%  59.7  794s
H21292 21259                    1999373.7850 1472458.23  26.4%  23.6  794s
 21293 21263 1472508.95    2   22 1999373.79 1472508.95  26.4%  59.9  801s
 21571 21563 1472509.04   12   29 1999373.79 1472508.95  26.4%  59.2  806s
 21595 22327 1472509.04    8   28 1999373.79 1472508.95  26.4%  59.1  811s
H22359 22327                    1999353.2126 1472508.95  26.4%  23.7  811s
 22360 22331 1472509.77    2   40 1999353.21 1472509.77  26.4%  58.1  819s
 22374 22359 1472517.46    5   82 1999353.21 1472517.43  26.4%  58.2  820s
 22414 22612 1472517.49    7   85 1999353.21 1472517.49  26.4%  58.1  825s
 22667 22680 1472519.26    9   64 1999353.21 1472517.51  26.4%  57.6  832s
 22711 22848 1472528.42   12  109 1999353.21 1472517.53  26.4%  57.5  837s
H22879 22848                    1999270.6747 1472517.54  26.3%  24.3  838s
 22880 22852 1472518.53    2   20 1999270.67 1472518.53  26.3%  58.0  842s
 22934 23144 1472518.53    7   34 1999270.67 1472518.53  26.3%  57.9  846s
 23253 24840 1472518.53   15   28 1999270.67 1472518.53  26.3%  57.2  855s
H24870 24840                    1999201.1969 1472518.53  26.3%  23.4  855s
 24871 24844 1472535.33    2   65 1999201.20 1472535.33  26.3%  54.4  862s
 24925 25113 1472535.40    7  102 1999201.20 1472535.39  26.3%  54.3  867s
 25142 25411 1472535.40   10  111 1999201.20 1472535.40  26.3%  53.9  871s
H25440 25411                    1999190.0547 1472535.40  26.3%  23.6  871s
 25441 25415 1472537.74    2   51 1999190.05 1472537.74  26.3%  53.9  881s
 25495 25704 1472537.74    7   74 1999190.05 1472537.74  26.3%  53.8  886s
 25732 26354 1472537.74    8   76 1999190.05 1472537.74  26.3%  53.4  890s
H26382 26354                    1999110.3017 1472537.74  26.3%  23.6  890s
 26383 26359 1472537.74    2   61 1999110.30 1472537.74  26.3%  52.8  895s
 26437 26627 1472540.61    7   90 1999110.30 1472537.74  26.3%  53.0  900s
H27840 27813                    1999094.3964 1472540.52  26.3%  24.2  904s
 27841 27817 1472566.05    2   25 1999094.40 1472566.05  26.3%  51.9  915s
 27895 28109 1472566.06    7   47 1999094.40 1472566.06  26.3%  51.8  921s
 28188 28928 1472566.06    7   54 1999094.40 1472566.06  26.3%  51.4  929s
H28954 28928                    1999094.2698 1472566.06  26.3%  24.2  929s
 28955 28933 1472605.20    2   21 1999094.27 1472605.20  26.3%  50.9  940s
 29218 29201 1472605.20   14   13 1999094.27 1472605.20  26.3%  50.9  947s
 29244 29233 1472605.20   10   25 1999094.27 1472605.20  26.3%  51.4  951s
 29280 29323 1472605.20   18   11 1999094.27 1472605.20  26.3%  51.6  958s
 29370 30879 1472605.20   19   11 1999094.27 1472605.20  26.3%  51.6  969s
 30944 30883 1472612.96    2   32 1999094.27 1472612.96  26.3%  50.6  976s
 30998 31175 1472612.96    7   47 1999094.27 1472612.96  26.3%  50.6  981s
 31238 31199 1472612.96   12   57 1999094.27 1472612.96  26.3%  50.2  985s
 31262 32010 1472612.96   12   53 1999094.27 1472612.96  26.3%  50.2  990s
H32073 32010                    1883013.4698 1472612.96  21.8%  25.5  990s
 32074 32014 1472651.40    2   45 1883013.47 1472651.40  21.8%  49.5  997s
 32128 32306 1472671.80    7   29 1883013.47 1472671.80  21.8%  49.4 1004s
 32368 32330 1472671.80   13   33 1883013.47 1472671.80  21.8%  49.1 1008s
 32392 33429 1472671.80    7   45 1883013.47 1472671.80  21.8%  49.1 1013s
H33491 33429                    1824968.6726 1472671.80  19.3%  25.1 1013s
 33492 33433 1472697.42    2   20 1824968.67 1472697.42  19.3%  48.1 1020s
 33546 33509 1472711.82    7   22 1824968.67 1472711.82  19.3%  48.1 1025s
 33637 33929 1472711.82    7   22 1824968.67 1472711.82  19.3%  48.0 1042s
 33990 36329 1472711.82   19   32 1824968.67 1472711.82  19.3%  47.5 1057s
H36390 36329                    1795849.9235 1472711.82  18.0%  23.9 1057s
 36391 36333 1472741.46    2   32 1795849.92 1472741.23  18.0%  45.1 1066s
 36445 36526 1472741.46    7   50 1795849.92 1472741.23  18.0%  45.1 1072s
 36586 36552 1472741.23   11   31 1795849.92 1472741.23  18.0%  45.0 1076s
 36612 37632 1472741.23    8   43 1795849.92 1472741.23  18.0%  44.9 1080s
H37692 37632                    1737824.5940 1472741.23  15.3%  23.8 1080s
 37693 37636 1472754.52    2   26 1737824.59 1472754.52  15.3%  44.3 1085s
 37747 37909 1472793.36    7   67 1737824.59 1472793.36  15.3%  44.2 1090s
 37968 37933 1472793.36   12   63 1737824.59 1472793.36  15.3%  44.0 1095s
 37992 37957 1472793.36    8   63 1737824.59 1472793.36  15.3%  44.0 1100s
 38016 38600 1472793.36    8   57 1737824.59 1472793.36  15.3%  43.9 1106s
H38659 38600                    1679627.4766 1472793.36  12.3%  23.8 1106s
 38660 38604 1472826.44    2   27 1679627.48 1472826.44  12.3%  43.7 1114s
 38666 38616 1472831.13    4   41 1679627.48 1472831.13  12.3%  43.7 1115s
 38952 38918 1472831.13   13   32 1679627.48 1472831.13  12.3%  43.4 1123s
 38976 38942 1472831.13    7   41 1679627.48 1472831.13  12.3%  43.4 1127s
 39000 39113 1472831.13   14   38 1679627.48 1472831.13  12.3%  43.4 1132s
H39171 39113                    1650718.7667 1472831.13  10.8%  23.9 1132s
 39172 39117 1472872.78    2   29 1650718.77 1472872.78  10.8%  43.6 1141s
 39226 39401 1472872.78    7   50 1650718.77 1472872.78  10.8%  43.6 1147s
 39458 39425 1472872.78    7   37 1650718.77 1472872.78  10.8%  43.4 1152s
 39482 40786 1472872.78   13   49 1650718.77 1472872.78  10.8%  43.3 1158s
H40843 40786                    1621717.8855 1472872.78  9.18%  23.6 1158s
 40844 40788 1472892.90    2   15 1621717.89 1472892.90  9.18%  42.4 1179s
 40848 40794 1472892.90    4   24 1621717.89 1472892.90  9.18%  42.5 1180s
 41067 41051 1472892.90   14   32 1621717.89 1472892.90  9.18%  42.8 1187s
 41123 41433 1472892.90   14   14 1621717.89 1472892.90  9.18%  42.8 1194s
H41533 41433                    1621717.8842 1472892.90  9.18%  25.2 1194s
 41534 41437 1472923.06    2   20 1621717.88 1472923.06  9.18%  43.7 1202s
 41588 41729 1472923.06    7   25 1621717.88 1472923.06  9.18%  43.7 1205s
H42040 41941                    1592736.0812 1472923.06  7.52%  25.4 1207s
 42041 41945 1472955.84    2   40 1592736.08 1472955.84  7.52%  43.7 1214s
 42055 41973 1472955.84    5   22 1592736.08 1472955.84  7.52%  43.7 1215s
 42321 42247 1472955.84   10   18 1592736.08 1472955.84  7.52%  43.5 1223s
 42345 42314 1472955.84    7   25 1592736.08 1472955.84  7.52%  43.5 1228s
 42412 44092 1472955.84   18   23 1592736.08 1472955.84  7.52%  43.4 1234s
H44212 44092                    1563931.4460 1472955.84  5.82%  24.8 1234s
 44212 46576 1472955.84   35   55 1563931.45 1472955.84  5.82%  41.8 1244s
 46696 52692 1472955.88   12  120 1563931.45 1472955.84  5.82%  39.9 1260s
 52816 53992 1472955.84   16   70 1563931.45 1472955.84  5.82%  35.9 1270s
H54118 53948                    1563894.8112 1472955.84  5.81%  21.5 1271s
 54118 56240 1472955.85   25   56 1563894.81 1472955.84  5.81%  35.4 1282s
 56414 59533 1472955.84   28   29 1563894.81 1472955.84  5.81%  34.3 1294s
 59707 63061 1472955.84   64   51 1563894.81 1472955.84  5.81%  32.8 1306s
 63235 67174 1472955.84    8   41 1563894.81 1472955.84  5.81%  31.3 1329s
H67349 67174                    1563894.7978 1472955.84  5.81%  18.5 1330s
 67349 69532 1472967.34   14   44 1563894.80 1472956.12  5.81%  29.7 1338s
 69707 69556 1472963.77   73   33 1563894.80 1472963.77  5.81%  28.9 1347s
 69731 75676 1472963.77   54   38 1563894.80 1472963.77  5.81%  28.9 1367s
H75851 75676                    1563848.4887 1472963.77  5.81%  17.1 1368s
 75851 77550 1472963.78   18  119 1563848.49 1472963.77  5.81%  27.0 1381s
 77725 77629 1472963.77   48   60 1563848.49 1472963.77  5.81%  26.6 1386s
 77804 83749 1472963.78   36   63 1563848.49 1472963.77  5.81%  26.6 1408s
H83924 83749                    1563844.6867 1472963.77  5.81%  16.0 1409s
 83924 88379 1472967.66    9   53 1563844.69 1472964.58  5.81%  25.0 1425s
 88554 91389 1472965.31    7   66 1563844.69 1472965.31  5.81%  24.3 1436s
 91564 97509 1472965.33    9  134 1563844.69 1472965.31  5.81%  23.6 1455s
H97684 97509                    1563844.6863 1472965.31  5.81%  14.8 1456s
 97684 98395 1472965.31   41   64 1563844.69 1472965.31  5.81%  22.5 1464s
 98570 101004 1472968.99    9   52 1563844.69 1472965.31  5.81%  22.4 1473s
 101179 103476 1472965.31   10   60 1563844.69 1472965.31  5.81%  21.9 1483s
 103651 105996 1472965.31   10   41 1563844.69 1472965.31  5.81%  21.6 1500s
 106171 111276 1472965.31    9   32 1563844.69 1472965.31  5.81%  21.1 1523s
 111451 111911 1472971.40   12   83 1563844.69 1472965.31  5.81%  20.4 1533s
 112086 114369 1472983.24   17   78 1563844.69 1472981.17  5.81%  20.5 1547s
 114544 117251 1472983.00   21   26 1563844.69 1472983.00  5.81%  20.3 1562s
 117426 118823 1472983.00    9  105 1563844.69 1472983.00  5.81%  19.9 1575s
 118998 122714 1472983.00   14   69 1563844.69 1472983.00  5.81%  19.8 1597s
 122889 122738 1472983.00    9  103 1563844.69 1472983.00  5.81%  19.3 1604s
 122913 128841 1472985.44   10   61 1563844.69 1472983.02  5.81%  19.3 1635s
H129033 128841                    1563789.5306 1472983.12  5.81%  12.8 1637s
 129033 134258 1472983.12   16   53 1563789.53 1472983.12  5.81%  18.7 1671s
 134458 139383 1472983.12   20   11 1563789.53 1472983.12  5.81%  18.1 1715s
 139639 140380 1472983.12   17   62 1563789.53 1472983.12  5.81%  18.1 1743s
 140636 144930 1472986.29   66   33 1563789.53 1472983.12  5.81%  18.0 1790s
H145224 144926                    1563774.3243 1472983.12  5.81%  12.7 1792s
 145246 144529 1472983.12   17   21 1563774.32 1472983.12  5.81%  18.3 1851s
 145276 144571 1472983.12   21   31 1563774.32 1472983.12  5.81%  18.3 1857s
 145300 144617 1472983.12   22   35 1563774.32 1472983.12  5.81%  18.3 1862s
 145354 144516 1472983.13   23   35 1563774.32 1472983.13  5.81%  18.3 1871s
 145397 144891 1472983.98   22   37 1563774.32 1472983.98  5.81%  18.3 1888s
 145786 146670 1472983.98   23   35 1563774.32 1472983.98  5.81%  18.3 1925s
H147695 145915                    1563773.6833 1472983.98  5.81%  13.1 1926s
 147695 150593 1472984.14   25   55 1563773.68 1472983.98  5.81%  18.2 1971s
H152375 150570                    1534860.8829 1472983.98  4.03%  12.9 1973s
 152375 152659 1472983.98   30   55 1534860.88 1472983.98  4.03%  17.8 2035s
H154464 152659                    1534860.8806 1472983.98  4.03%  12.8 2036s
 154464 155179 1472983.98   30   35 1534860.88 1472983.98  4.03%  17.7 2072s
 156984 155218 1472983.98   32   42 1534860.88 1472983.98  4.03%  17.5 2096s
 157023 161338 1472983.98   59   50 1534860.88 1472983.98  4.03%  17.5 2199s
 158808 161338 1472983.98    9   50 1534860.88 1472983.98  4.03%  17.3 2200s
H163143 161042                    1505902.1824 1472983.98  2.19%  12.4 2202s
 163143 162635 1472983.98   18   29 1505902.18 1472983.98  2.19%  16.9 2245s
 164764 164824 1472983.98   18   23 1505902.18 1472983.98  2.19%  17.0 2279s
 166963 170242 1472983.98   53   20 1505902.18 1472983.98  2.19%  16.9 2340s
 172649 170263 1472983.99   15   39 1505902.18 1472983.99  2.19%  17.0 2369s
 172655 170273 1472984.01   17   48 1505902.18 1472983.99  2.19%  17.0 2370s
 172679 170305 1472984.00   19   46 1505902.18 1472984.00  2.19%  17.0 2375s
 172703 170535 1472984.00   20   48 1505902.18 1472984.00  2.19%  17.0 2381s
 172943 170475 1472984.00   21   50 1505902.18 1472984.00  2.19%  17.0 2386s
 172967 171029 1472984.00   22   50 1505902.18 1472984.00  2.19%  17.0 2395s
 173597 170425 1473033.06   17   85 1505902.18 1473033.06  2.18%  17.2 2458s
 173611 170448 1473033.06   20   96 1505902.18 1473033.06  2.18%  17.2 2461s
 173651 170483 1473033.09   22  117 1505902.18 1473033.06  2.18%  17.2 2467s
 173675 170433 1473033.14   23  107 1505902.18 1473033.09  2.18%  17.2 2472s
 174035 170445 1473033.17   24   87 1505902.18 1473033.12  2.18%  17.2 2482s
 174167 171009 1473033.12   28   66 1505902.18 1473033.12  2.18%  17.2 2499s
H174775 170424                    1505902.1775 1473033.13  2.18%  12.9 2500s
 174775 170987 1473033.13   65   68 1505902.18 1473033.13  2.18%  17.2 2512s
 175364 170882 1473058.39   17   36 1505902.18 1473058.39  2.18%  17.4 2533s
 175378 170906 1473058.39   20   65 1505902.18 1473058.39  2.18%  17.4 2535s
 175590 171055 1473058.39   23   63 1505902.18 1473058.39  2.18%  17.4 2543s
H175656 170915                    1505900.1506 1473058.39  2.18%  13.2 2544s
 175680 170772 1473058.42   14   38 1505900.15 1473058.42  2.18%  17.6 2561s
 175734 171006 1473058.45   19   57 1505900.15 1473058.42  2.18%  17.6 2567s
 175938 171063 1473058.42   25   43 1505900.15 1473058.42  2.18%  17.6 2571s
 176063 171886 1473058.50   21   57 1505900.15 1473058.50  2.18%  17.6 2579s
H176937 171594                    1505900.0215 1473058.53  2.18%  13.3 2579s
 176960 171613 1473058.53   17   30 1505900.02 1473058.53  2.18%  17.8 2594s
 176966 171623 1473058.53   19   26 1505900.02 1473058.53  2.18%  17.8 2595s
 177014 171869 1473058.62   22   22 1505900.02 1473058.62  2.18%  17.8 2602s
 177236 172136 1473058.88   26   32 1505900.02 1473058.88  2.18%  17.7 2607s
 177778 174287 1473058.88   37   38 1505900.02 1473058.88  2.18%  17.7 2623s
H180110 173510                    1505896.0785 1473058.88  2.18%  13.3 2624s
 180136 173531 1473058.90   17   36 1505896.08 1473058.90  2.18%  17.7 2640s
 180190 173743 1473058.90   22   36 1505896.08 1473058.90  2.18%  17.7 2649s
 180368 174075 1473059.00   23   39 1505896.08 1473058.90  2.18%  17.7 2655s
 180760 176187 1473076.30   24   21 1505896.08 1473059.01  2.18%  17.7 2675s
 183055 175224 1473125.64   32   25 1505896.08 1473125.64  2.18%  17.9 2718s
 183069 175248 1473125.64   35   20 1505896.08 1473125.64  2.18%  17.9 2720s
 183109 175498 1473125.64   37   18 1505896.08 1473125.64  2.18%  17.9 2725s
 183349 175514 1473125.64   42   18 1505896.08 1473125.64  2.18%  17.9 2730s
 183445 176466 1473125.64   49   22 1505896.08 1473125.64  2.18%  17.9 2739s
H184680 176055                    1505892.1947 1473125.64  2.18%  13.7 2740s
 184706 176076 1473125.91   17   33 1505892.19 1473125.91  2.18%  18.0 2753s
 184720 176099 1473125.92   20   25 1505892.19 1473125.92  2.18%  18.0 2755s
 184760 176169 1473125.92   22   35 1505892.19 1473125.92  2.18%  18.0 2760s
 185015 176137 1473125.92   24   39 1505892.19 1473125.92  2.18%  18.0 2770s
 185044 176715 1473125.92   25   40 1505892.19 1473125.92  2.18%  18.0 2777s
H185636 176518                    1505892.0795 1473125.93  2.18%  13.9 2777s
 185659 176148 1473153.84   14   15 1505892.08 1473153.84  2.17%  18.2 2793s
 185673 176171 1473153.84   17   24 1505892.08 1473153.84  2.17%  18.2 2795s
 185760 176259 1473153.84   20   22 1505892.08 1473153.84  2.17%  18.2 2805s
 185806 176891 1473153.84   23   26 1505892.08 1473153.84  2.17%  18.2 2822s
 186453 180631 1473153.84   24   26 1505892.08 1473153.84  2.17%  18.1 2844s
H190413 178942                    1505891.9016 1473153.84  2.17%  13.8 2845s
 190413 184793 1473153.84   13  119 1505891.90 1473153.84  2.17%  17.8 2866s
 196290 184814 1473154.09   17   34 1505891.90 1473154.09  2.17%  17.7 2883s
 196320 184856 1473154.19   21   54 1505891.90 1473154.09  2.17%  17.7 2886s
 196541 184641 1473154.13   28   57 1505891.90 1473154.13  2.17%  17.7 2891s
 196598 185246 1473165.19   26   57 1505891.90 1473154.13  2.17%  17.7 2897s
H197222 185038                    1505890.4563 1473154.13  2.17%  13.9 2898s
 197251 185061 1473157.69   15   39 1505890.46 1473157.66  2.17%  17.9 2916s
 197305 185335 1473157.66   20   20 1505890.46 1473157.66  2.17%  17.9 2921s
 197545 185283 1473157.66   24   20 1505890.46 1473157.66  2.17%  18.0 2925s
 197573 185936 1473157.66   25   20 1505890.46 1473157.66  2.17%  18.0 2930s
 198258 185534 1473197.41   16   43 1505890.46 1473197.41  2.17%  18.1 2948s
 198288 185576 1473197.41   20   48 1505890.46 1473197.41  2.17%  18.1 2951s
 198542 185832 1473235.82   22   38 1505890.46 1473197.46  2.17%  18.1 2955s
 198657 187201 1473214.85   28   72 1505890.46 1473197.46  2.17%  18.1 2964s
H200071 186730                    1505888.1053 1473198.70  2.17%  14.2 2964s
 200098 185949 1473203.91   12  100 1505888.11 1473203.91  2.17%  18.2 2999s
 200112 185973 1473203.91   15  112 1505888.11 1473203.91  2.17%  18.2 3000s
 200152 186134 1473203.91   17  106 1505888.11 1473203.91  2.17%  18.2 3005s
 200303 185750 1473203.92   18  126 1505888.11 1473203.92  2.17%  18.2 3010s
 200341 186337 1473203.95   19   99 1505888.11 1473203.93  2.17%  18.2 3019s
H200941 186137                    1505888.0490 1473203.94  2.17%  14.5 3019s
 200975 185715 1473243.08   16   27 1505888.05 1473243.08  2.17%  18.4 3050s
 201266 185915 1473243.91   27   51 1505888.05 1473243.08  2.17%  18.5 3057s
 201291 186503 1473265.68   24   47 1505888.05 1473243.11  2.17%  18.5 3061s
H201911 186296                    1505863.3515 1473243.53  2.17%  14.7 3061s
 201938 186317 1473264.39   16   49 1505863.35 1473264.39  2.16%  18.7 3087s
 201992 186382 1473264.39   21   52 1505863.35 1473264.39  2.16%  18.6 3091s
 202383 187242 1473265.21   24   49 1505863.35 1473264.39  2.16%  18.6 3097s
H203183 186975                    1505859.8235 1473264.39  2.16%  14.9 3097s
 203208 186668 1473271.66   16   45 1505859.82 1473271.66  2.16%  18.8 3110s
 203262 186874 1473271.66   21   46 1505859.82 1473271.66  2.16%  18.8 3115s
 203666 188105 1473275.30   26   59 1505859.82 1473271.80  2.16%  18.8 3125s
H204800 187727                    1505855.4570 1473272.76  2.16%  15.1 3126s
 204827 187451 1473286.89   16   49 1505855.46 1473286.89  2.16%  19.0 3162s
 204881 187642 1473286.89   21   51 1505855.46 1473286.89  2.16%  19.0 3167s
 205038 187960 1473313.62   22   56 1505855.46 1473286.89  2.16%  19.0 3170s
 205408 189545 1473286.89   26   50 1505855.46 1473286.89  2.16%  19.0 3180s
H207116 188975                    1505831.4181 1473286.89  2.16%  15.3 3180s
 207137 188992 1473286.89   16   17 1505831.42 1473286.89  2.16%  19.0 3191s
 207191 189077 1473286.89   21   25 1505831.42 1473286.89  2.16%  19.0 3195s
 207300 189818 1473290.26   23   19 1505831.42 1473287.55  2.16%  19.0 3202s
 208048 189419 1473314.54   16   33 1505831.42 1473314.54  2.16%  19.2 3224s
 208062 189442 1473314.54   19   31 1505831.42 1473314.54  2.16%  19.2 3225s
 208342 189663 1473314.58   22   27 1505831.42 1473314.58  2.16%  19.2 3231s
 208392 190298 1473325.15   24   27 1505831.42 1473314.58  2.16%  19.2 3238s
H209045 190081                    1505831.3981 1473314.58  2.16%  15.5 3238s
 209070 190101 1473351.39   16   20 1505831.40 1473351.39  2.16%  19.3 3265s
 209318 190277 1473422.32   24   16 1505831.40 1473351.39  2.16%  19.3 3270s
 209959 196607 1473352.03   11  108 1505831.40 1473352.03  2.16%  19.3 3291s
 215935 196157 1473362.25   14   46 1505831.40 1473362.25  2.16%  19.1 3308s
 215965 196199 1473367.53   18   70 1505831.40 1473362.25  2.16%  19.1 3310s
 216147 196856 1473362.25   24   53 1505831.40 1473362.25  2.16%  19.1 3318s
 216710 198930 1473362.25   26   55 1505831.40 1473362.25  2.16%  19.1 3328s
H218971 197913                    1505799.2998 1473362.25  2.15%  15.6 3329s
 219002 197937 1473365.20   13   19 1505799.30 1473365.20  2.15%  19.3 3351s
 219056 198180 1473365.20   18   72 1505799.30 1473365.20  2.15%  19.3 3355s
 219320 197683 1473365.21   21   38 1505799.30 1473365.21  2.15%  19.3 3363s
H219951 197473                    1505788.7446 1473365.21  2.15%  15.8 3363s
 219989 197500 1473394.94   11   23 1505788.74 1473394.94  2.15%  19.4 3384s
 219991 197501 1473394.94   12   19 1505788.74 1473394.94  2.15%  19.4 3385s
 220079 197799 1473394.94   19   33 1505788.74 1473394.94  2.15%  19.5 3390s
 220599 199454 1473396.33   25   46 1505788.74 1473396.20  2.15%  19.5 3405s
 222377 198528 1473433.11   11   23 1505788.74 1473433.11  2.15%  19.6 3435s
 222507 198634 1473433.56   26   22 1505788.74 1473433.56  2.15%  19.7 3443s
 222531 198854 1473433.56   25   37 1505788.74 1473433.56  2.15%  19.7 3447s
 222759 199799 1473433.56   25   33 1505788.74 1473433.56  2.15%  19.7 3459s
H223785 199457                    1505788.7440 1473433.71  2.15%  16.3 3459s
 223785 205577 1473433.71    8   60 1505788.74 1473433.71  2.15%  19.7 3483s
 229930 204741 1473443.26   11   33 1505788.74 1473443.26  2.15%  19.4 3508s
 229962 204784 1473443.26   16   33 1505788.74 1473443.26  2.15%  19.5 3510s
 230055 204844 1473443.26   18   39 1505788.74 1473443.26  2.15%  19.5 3515s
 230220 204944 1473443.26   20   11 1505788.74 1473443.26  2.15%  19.5 3529s
 230246 205851 1473443.26   21   21 1505788.74 1473443.26  2.15%  19.5 3540s
H231277 205507                    1505785.4696 1473443.26  2.15%  16.4 3541s
 231277 208986 1473443.26   28   37 1505785.47 1473443.26  2.15%  19.7 3563s
H234756 205314                    1476779.4096 1473443.26  0.23%  16.4 3564s

Cutting planes:
  Gomory: 127
  Lift-and-project: 63
  Implied bound: 61
  MIR: 69
  Mixing: 21
  Flow cover: 3709
  RLT: 16
  Relax-and-lift: 69

Explored 234756 nodes (4627746 simplex iterations) in 3575.99 seconds (1000.35 work units)
Thread count was 24 (of 8 available processors)

Solution count 10: 1.47678e+06 1.47678e+06 1.50579e+06 ... 1.50586e+06

Optimal solution found (tolerance 1.00e-02)
Best objective 1.476779412144e+06, best bound 1.473443260690e+06, gap 0.2259%
