
Gurobi 12.0.3 (win64) logging started Tue Aug 18 19:36:25 2026

Set parameter LogFile to value "output/Monolitico_swap_320kW_1significativo_verano/gurobi.log"
Set parameter Threads to value 32
Set parameter Heuristics to value 0.5
Set parameter MIPFocus to value 3
Set parameter Presolve to value 2
Set parameter FlowCoverCuts to value 2
Set parameter TimeLimit to value 172800
Gurobi Optimizer version 12.0.3 build v12.0.3rc0 (win64 - Windows 11+.0 (26200.2))

CPU model: Intel(R) Core(TM) i9-14900K, instruction set [SSE2|AVX|AVX2]
Thread count: 24 physical cores, 32 logical processors, using up to 32 threads

Non-default parameters:
TimeLimit  172800
MIPGap  0.01
Heuristics  0.5
MIPFocus  3
FlowCoverCuts  2
Presolve  2
Threads  32

Optimize a model with 150640 rows, 284215 columns and 1388964 nonzeros
Model fingerprint: 0x4461b9ad
Model has 9 quadratic constraints
Variable types: 19560 continuous, 264655 integer (99015 binary)
Coefficient statistics:
  Matrix range     [2e-02, 1e+03]
  QMatrix range    [1e+00, 1e+00]
  QLMatrix range   [1e+00, 4e+02]
  Objective range  [3e+00, 3e+05]
  Bounds range     [1e+00, 8e+04]
  RHS range        [1e+00, 1e+04]
Presolve removed 130466 rows and 233483 columns
Presolve time: 0.80s
Presolved: 20210 rows, 50733 columns, 254226 nonzeros
Presolved model has 9 bilinear constraint(s)

Solving non-convex MIQCP

Variable types: 6232 continuous, 44501 integer (41779 binary)
Root relaxation presolve removed 0 rows and 1 columns
Root relaxation presolved: 20210 rows, 50732 columns, 254226 nonzeros

Deterministic concurrent LP optimizer: primal and dual simplex
Showing primal log only...

Concurrent spin time: 0.15s

Solved with primal simplex

Root relaxation: objective 8.419124e+05, 32102 iterations, 2.24 seconds (5.00 work units)
Total elapsed time = 5.19s (DegenMoves)

    Nodes    |    Current Node    |     Objective Bounds      |     Work
 Expl Unexpl |  Obj  Depth IntInf | Incumbent    BestBd   Gap | It/Node Time

     0     0 1040672.30    0  453          - 1040672.30      -     -    5s
     0     0 1071487.09    0  575          - 1071487.09      -     -    9s
     0     0 1072947.24    0  593          - 1072947.24      -     -    9s
     0     0 1192580.79    0  470          - 1192580.79      -     -   14s
     0     0 1192580.79    0  470          - 1192580.79      -     -   14s
     0     0 1192580.79    0  490          - 1192580.79      -     -   19s
     0     0 1192580.79    0  509          - 1192580.79      -     -   20s
     0     0 1192580.79    0  486          - 1192580.79      -     -   24s
     0     0 1192580.79    0  487          - 1192580.79      -     -   24s
     0     0 1192580.79    0  481          - 1192580.79      -     -   28s
     0     0 1192580.79    0  501          - 1192580.79      -     -   28s
     0     0 1192580.79    0  486          - 1192580.79      -     -   32s
     0     0 1192580.79    0  473          - 1192580.79      -     -   34s
     0     2 1192580.79    0  473          - 1192580.79      -     -   58s
    15    32 1193206.14    4  571          - 1193080.35      -   933   61s
    95   234 1196577.42    7  624          - 1193466.63      -  1388   66s
   332   401 1197637.73    8  597          - 1194467.12      -   624   70s
   498   570 1197463.26   14  603          - 1194770.17      -   671   75s
   618   688 1196789.01   17  553          - 1194885.77      -   652   80s
   788   832 1196278.63   22  560          - 1194971.63      -   688   87s
   877   945 1195608.19   21  543          - 1194972.22      -   742   92s
   997  1033 1195942.52   23  524          - 1194972.22      -   805   97s
  1032  1101 1195392.82   24  545          - 1194981.04      -   818  101s
  1223  1348 1195335.47   21  579          - 1195193.37      -   792  108s
  1347  1639 1199757.22   18  591          - 1195269.96      -   760  116s
  1638  1785 1200285.01   29  575          - 1195276.91      -   692  121s
  1784  1953 1195646.48   10  595          - 1195289.53      -   712  126s
  1952  2154 1196702.16   21  562          - 1195297.54      -   720  132s
  2153  2485 1196511.83   32  571          - 1195310.57      -   716  138s
  2484  2825 1196154.21   31  643          - 1195328.92      -   674  144s
  2824  3158 1196508.83   30  631          - 1195343.26      -   632  150s
  3160  3160 1196541.72   29  445          - 1195375.35      -   605  159s
  3161  3161 1196278.63   25  537          - 1195375.35      -   605  164s
  3162  3162 1199834.12   26  657          - 1195375.35      -   605  166s
  3163  3162 1198104.24   32  473          - 1195375.35      -   605  175s
  3165  3164 1197230.36   35  455          - 1195375.35      -   604  188s
  3166  3164 1196211.34   33  621          - 1195375.35      -   604  192s
  3167  3165 1197921.06   22  445          - 1195375.35      -   604  202s
  3168  3166 1198488.86    9  548          - 1195375.35      -   604  206s
  3169  3166 1199207.35   14  431          - 1195375.35      -   604  216s
  3170  3167 1195597.69   17  521          - 1195375.35      -   603  220s
  3171  3168 1196474.93   11  428          - 1195375.35      -   603  229s
  3172  3168 1196786.50   29  528          - 1195375.35      -   603  234s
  3173  3169 1200271.90   33  446          - 1195375.35      -   603  243s
  3174  3170 1195712.75   20  519          - 1195375.35      -   603  247s
  3175  3170 1199789.95   19  466          - 1195375.35      -   602  257s
  3176  3171 1195412.61   26  552          - 1195375.35      -   602  262s
  3177  3172 1196129.81   30  478          - 1195375.35      -   602  272s
  3178  3172 1195732.11   22  582          - 1195375.35      -   602  280s
  3179  3173 1197213.54   30  447          - 1195375.35      -   602  299s
  3180  3174 1197471.52    8  430          - 1195375.35      -   602  306s
H 3180  3014                    1.049324e+07 1195375.35  88.6%   602  327s
H 3180  2863                    1.005814e+07 1195375.35  88.1%   602  360s
H 3180  2720                    9761981.9258 1195375.35  87.8%   602  360s
H 3180  2583                    9761975.2676 1195375.35  87.8%   602  362s
H 3180  2454                    9761968.6095 1195375.35  87.8%   602  362s
H 3180  2331                    9761961.9514 1195375.35  87.8%   602  363s
H 3180  2214                    9760955.9018 1195375.35  87.8%   602  363s
H 3180  2103                    9760922.3205 1195375.35  87.8%   602  363s
H 3180  1997                    9760888.7392 1195375.35  87.8%   602  363s
H 3180  1897                    9760551.1296 1195375.35  87.8%   602  363s
H 3180  1802                    9752427.7750 1195375.35  87.7%   602  363s
H 3180  1711                    9752394.1937 1195375.35  87.7%   602  363s
H 3180  1625                    9749188.3300 1195375.35  87.7%   602  365s
  3184  1632 1195375.35   16  569 9749188.33 1195375.35  87.7%   666  370s
  3212  1679 1436121.34   19  671 9749188.33 1195375.35  87.7%   673  381s
H 3224  1594                    9744933.6115 1195375.35  87.7%   704  381s
  3244  1619 1195375.35   20  610 9744933.61 1195375.35  87.7%   737  385s
  3276  1641 1195375.35   21  592 9744933.61 1195375.35  87.7%   749  394s
  3308  1662 1197007.53   22  647 9744933.61 1195375.35  87.7%   749  404s
  3340  1683 1195375.35   23  561 9744933.61 1195375.35  87.7%   750  411s
  3372  1705 1195375.35   24  576 9744933.61 1195375.35  87.7%   772  421s
H 3400  1617                    9738551.5337 1195375.35  87.7%   792  421s
  3404  1648 1199467.98   25  574 9738551.53 1195375.35  87.7%   796  433s
  3436  1669 1195595.14   26  575 9738551.53 1195375.35  87.7%   819  444s
H 3441  1594                    9731285.5383 1195375.35  87.7%   821  444s
  3468  1720 1198017.91   27  585 9731285.54 1195375.35  87.7%   830  454s
  3603  1707 1195903.34   28  562 9731285.54 1195572.10  87.7%   834  462s
  3635  1728 1195877.18   30  558 9731285.54 1195746.20  87.7%   840  471s
H 3640  1656                    9729584.7844 1195877.18  87.7%   843  471s
  3667  1760 1199192.24   31  586 9729584.78 1195914.98  87.7%   861  478s
H 3775  1658                    9728626.4807 1196117.98  87.7%   867  478s
  3780  1689 1198959.56   32  580 9728626.48 1196170.52  87.7%   867  486s
  3812  1710 1199185.28   37  618 9728626.48 1196604.77  87.7%   872  494s
H 3813  1647                    9712665.2055 1196604.77  87.7%   872  494s
H 3836  1579                    8242415.6945 1196604.77  85.5%   873  494s
  3844  1683 1198208.83   38  538 8242415.69 1196700.58  85.5%   873  499s
  3951  1680 1200000.20   40  544 8242415.69 1196744.79  85.5%   865  507s
  3983  1709 1201417.85   41  512 8242415.69 1196822.05  85.5%   874  513s
H 3997  1646                    6445270.6907 1196888.99  81.4%   877  513s
H 4009  1588                    6265556.1903 1196888.99  80.9%   879  513s
  4023  1696 1201432.17   42  512 6265556.19 1196892.89  80.9%   886  517s
  4135  1690 1200146.78   43  534 6265556.19 1196959.09  80.9%   885  526s
  4167  1721 1197482.66   39  542 6265556.19 1197091.02  80.9%   888  539s
H 4175  1667                    6257833.8763 1197102.67  80.9%   890  539s
H 4178  1617                    4464608.3084 1197102.67  73.2%   894  539s
H 4187  1567                    2825437.0588 1197102.67  57.6%   892  539s
  4208  1780 1197994.98   38  549 2825437.06 1197102.67  57.6%   898  549s
  4428  1739 1197631.39   38  535 2825437.06 1197161.06  57.6%   878  570s
  4460  1775 1203024.71   40  519 2825437.06 1197188.28  57.6%   895  588s
H 4461  1731                    2824150.0064 1197188.28  57.6%   894  588s
H 4470  1686                    2818123.2357 1197188.28  57.5%   895  588s
H 4486  1640                    2817714.7447 1197188.28  57.5%   895  588s
  4507  1828 1201128.10   32  616 2817714.74 1197213.97  57.5%   896  598s
  4702  1795 1202970.08   39  527 2817714.74 1197250.72  57.5%   890  619s
  4734  1825 1197325.74   31  553 2817714.74 1197288.94  57.5%   896  635s
H 4749  1783                    2817342.7735 1197296.85  57.5%   895  635s
H 4768  1740                    2808044.9300 1197296.85  57.4%   894  635s
  4774  1876 1201364.43   33  623 2808044.93 1197298.53  57.4%   896  663s
H 4785  1839                    2807333.5991 1197322.90  57.4%   894  663s
H 4813  1796                    2801098.9372 1197337.33  57.3%   893  663s
  4912  1795 1200154.82   30  556 2801098.94 1197364.74  57.3%   887  684s
  4944  1822 1197453.92   31  542 2801098.94 1197396.95  57.3%   892  699s
  4981  1872 1200073.61   33  561 2801098.94 1197451.19  57.3%   900  713s
H 5006  1864                    1930807.3778 1197451.84  38.0%   901  713s
  5044  1896 1202462.34   34  660 1930807.38 1197458.89  38.0%   908  725s
H 5045  1896                    1803378.8067 1197458.89  33.6%   907  725s
H 5070  1896                    1798749.1836 1197496.37  33.4%   920  725s
  5076  2042 1198542.31   31  630 1798749.18 1197496.37  33.4%   923  734s
  5222  2074 1198888.43   29  607 1798749.18 1197576.44  33.4%   947  749s
H 5228  2074                    1798353.4083 1197583.85  33.4%   950  749s
H 5233  2074                    1725376.4011 1197583.85  30.6%   955  749s
  5254  2216 1198695.38   34  605 1725376.40 1197583.85  30.6%   977  760s
  5396  2248 1200787.62   40  591 1725376.40 1197594.08  30.6%   996  773s
  5428  2308 1200778.54   39  607 1725376.40 1197631.39  30.6%  1040  786s
H 5472  2308                    1571838.2562 1197671.95  23.8%  1054  786s
  5488  2534 1201828.13   24  567 1571838.26 1197681.11  23.8%  1060  797s
  5714  2569 1199698.36   31  577 1571838.26 1197719.05  23.8%  1071  811s
  5749  2611 1199171.75   37  665 1571838.26 1197756.79  23.8%  1116  822s
  5791  2683 1202723.08   41  565 1571838.26 1197802.23  23.8%  1167  834s
  5863  2715 1204300.67   36  576 1571838.26 1197854.23  23.8%  1209  848s
  5895  2773 1199079.32   41  562 1571838.26 1197884.95  23.8%  1257  864s
H 5923  2773                    1570930.1641 1197903.56  23.7%  1279  864s
  5953  3013 1199065.58   22  603 1570930.16 1197916.79  23.7%  1296  878s
  6193  3050 1202742.15   40  572 1570930.16 1197956.33  23.7%  1298  896s
H 6208  3050                    1496551.1249 1197971.09  20.0%  1319  896s
  6230  3082 1201283.33   35  570 1496551.12 1197974.37  20.0%  1336  924s
  6262  3140 1201226.24   36  578 1496551.12 1197974.37  20.0%  1377  967s
  6320  3178 1201647.69   29  588 1496551.12 1198044.53  19.9%  1390 1006s
H 6329  3150                    1247877.0224 1198051.97  3.99%  1390 1006s
  6360  3182 1200994.42   41  611 1247877.02 1198076.55  3.99%  1389 1030s
  6394  3542 1199984.25   37  588 1247877.02 1198108.19  3.99%  1394 1052s
H 6523  3542                    1247862.4671 1198110.76  3.99%  1377 1052s
  6784  3577 1198637.66   33  618 1247862.47 1198131.92  3.99%  1346 1074s
H 6819  3577                    1247790.5196 1198158.35  3.98%  1351 1074s
  6821  4128 1201568.04   37  606 1247790.52 1198161.06  3.98%  1351 1095s
  7372  4160 1200652.38   22  613 1247790.52 1198196.04  3.97%  1275 1124s
H 7377  4160                    1247363.2988 1198202.95  3.94%  1276 1124s
  7404  4713 1201323.07   42  635 1247363.30 1198230.95  3.94%  1279 1147s
  7957  4745 1200042.09   41  591 1247363.30 1198273.20  3.94%  1208 1174s
  7989  5150 1202029.55   35  622 1247363.30 1198302.75  3.93%  1211 1199s
H 8137  5150                    1246920.8909 1198317.07  3.90%  1194 1199s
  8396  5653 1198620.45   34  672 1246920.89 1198338.04  3.90%  1166 1223s
  8899  5695 1202102.05   36  590 1246920.89 1198387.23  3.89%  1117 1252s
  8941  6204 1205907.80   24  620 1246920.89 1198420.37  3.89%  1117 1273s
  9450  6268 1201748.81   44  625 1246920.89 1198462.00  3.89%  1072 1302s
  9514  6860 1201235.09   30  598 1246920.89 1198504.74  3.88%  1071 1330s
 10106  7558 1198716.87   42  621 1246920.89 1198552.02  3.88%  1022 1360s
H10203  7558                    1246904.3006 1198556.30  3.88%  1015 1360s
 10804  7599 1201318.60   34  575 1246904.30 1198581.83  3.88%   972 1390s
 10845  8248 1202029.55   38  636 1246904.30 1198610.39  3.87%   972 1420s
 11495  9078 1204143.03   32  611 1246904.30 1198648.91  3.87%   932 1453s
 12326  9159 1200694.49   34  582 1246904.30 1198695.38  3.87%   885 1488s
H12407  9909                    1246872.5854 1198737.72  3.86%   883 1521s
 13157 11005 1201987.76   39  576 1246872.59 1198769.71  3.86%   846 1560s
 14253 11108 infeasible   27      1246872.59 1198820.27  3.85%   798 1598s
H14274 11108                    1246839.9096 1198833.01  3.85%   798 1598s
 14358 12261 1200257.80   45  577 1246839.91 1198862.60  3.85%   796 1634s
 15511 12442 1201922.38   47  581 1246839.91 1198900.81  3.84%   754 1672s
 15692 13486 1202132.50   27  659 1246839.91 1198953.10  3.84%   749 1710s
 16738 13729 1199658.89   34  596 1246839.91 1198991.75  3.84%   719 1757s
 16981 14955 1200404.80   43  612 1246839.91 1199041.57  3.83%   713 1798s
 18209 15190 1202024.08   41  658 1246839.91 1199087.28  3.83%   680 1842s
 18444 16544 1202041.29   46  613 1246839.91 1199131.16  3.83%   676 1884s
 19798 16821 1206620.24   27  636 1246839.91 1199171.75  3.82%   647 1933s
 20077 18352 1202136.01   42  586 1246839.91 1199217.95  3.82%   643 1983s
 21608 18685 1201715.02   34  615 1246839.91 1199246.86  3.82%   615 2029s
 21943 20217 1201096.79   24  624 1246839.91 1199303.02  3.81%   611 2085s
 23477 20590 1206761.13   25  632 1246839.91 1199347.64  3.81%   588 2135s
 23854 21872 1203922.60   40  577 1246839.91 1199401.31  3.80%   584 2178s
 25138 22390 1200020.14   31  625 1246839.91 1199430.61  3.80%   567 2235s
 25656 24189 1199549.29   27  622 1246839.91 1199484.32  3.80%   562 2295s
 27455 24791 1201454.16   51  664 1246839.91 1199516.73  3.80%   542 2354s
 28061 25674 1202348.23   44  670 1246839.91 1199561.24  3.79%   537 2416s
H28948 25731                    1246803.6347 1199598.34  3.79%   529 2654s
 29005 30903 1201633.18   36  641 1246803.63 1199637.15  3.78%   530 2996s
 34189 31854 1203297.61   33  620 1246803.63 1199687.81  3.78%   486 3212s
H34453 31854                    1246783.6835 1199729.69  3.77%   484 3212s
H34514 31854                    1246596.6045 1199733.33  3.76%   484 3212s
 35154 34442 1202740.69   45  606 1246596.60 1199766.55  3.76%   481 3299s
 37801 35025 1203012.25   38  616 1246596.60 1199836.06  3.75%   466 3516s
H37867 35025                    1246593.4638 1199847.85  3.75%   466 3516s
H37933 35025                    1246592.6782 1199850.35  3.75%   465 3516s
 38395 38215 1203039.38   24  611 1246592.68 1199877.99  3.75%   463 3633s
 41651 41363 1204972.11   31  593 1246592.68 1199930.38  3.74%   453 3730s
 44799 44087 1205418.11   34  587 1246592.68 1200035.72  3.73%   440 3824s
H46445 44087                    1244800.7758 1200097.00  3.59%   435 3824s
 47523 47248 1205497.68   45  615 1244800.78 1200198.17  3.58%   432 3939s
 48922 47248 1206926.84   42  608 1244800.78 1200240.91  3.58%   428 3940s
 50686 47295 1212894.56   33  583 1244800.78 1200410.87  3.57%   424 4192s
 50733 49863 1205531.88   37  622 1244800.78 1200460.82  3.56%   424 4291s
 53303 51917 1206968.36   48  576 1244800.78 1200529.98  3.56%   419 4407s
 55357 54265 1204486.55   35  594 1244800.78 1200629.75  3.55%   414 4513s
 57707 57111 1206776.66   41  557 1244800.78 1200766.62  3.54%   409 4630s
 60557 61761 1206083.33   36  594 1244800.78 1200881.49  3.53%   403 4794s
 65207 63866 1208284.49   42  586 1244800.78 1201059.32  3.51%   395 4899s
 67312 67101 1207817.98   46  580 1244800.78 1201212.68  3.50%   391 5003s
 70549 70296 1207992.51   53  577 1244800.78 1201346.11  3.49%   386 5104s
 73744 73443 1205350.25   42  593 1244800.78 1201490.71  3.48%   382 5226s
 76895 76755 1204957.44   39  512 1244800.78 1201587.92  3.47%   379 5325s
 80213 80170 1208310.08   52  631 1244800.78 1201736.79  3.46%   375 5434s
 83630 83621 1207399.21   43  601 1244800.78 1201853.76  3.45%   371 5561s
 87081 86980 1209392.83   51  525 1244800.78 1201980.15  3.44%   367 5683s
 90442 93103 1207349.02   27  639 1244800.78 1202057.69  3.43%   364 5879s
 96569 95384 1211662.70   34  564 1244800.78 1202220.29  3.42%   358 6023s
 98854 98882 1210543.32   47  660 1244800.78 1202332.03  3.41%   356 6181s
 102354 101337 1210097.06   51  553 1244800.78 1202409.70  3.41%   354 6360s
 104811 102533 1209776.37   32  590 1244800.78 1202514.56  3.40%   352 6773s
 106007 106252 1207988.39   33  551 1244800.78 1202564.89  3.39%   352 6943s
 109728 110009 1207167.24   43  555 1244800.78 1202671.59  3.38%   349 7118s
 113485 113544 1209417.54   42  602 1244800.78 1202761.11  3.38%   347 7283s
 117020 117247 1207073.76   33  587 1244800.78 1202871.52  3.37%   346 7454s
 120725 122757 1211169.81   57  553 1244800.78 1202963.26  3.36%   344 7693s
 126241 126074 1207562.08   42  634 1244800.78 1203088.52  3.35%   342 7878s
 129560 128170 1209768.00   49  576 1244800.78 1203216.38  3.34%   340 8054s
 131658 131419 1208322.00   57  511 1244800.78 1203296.20  3.33%   340 8216s
 134907 133000 1212242.23   42  561 1244800.78 1203374.34  3.33%   338 8312s

Cutting planes:
  Gomory: 21
  Lift-and-project: 34
  Implied bound: 589
  MIR: 125
  Mixing: 1
  StrongCG: 2
  Flow cover: 483
  GUB cover: 3
  Inf proof: 2
  Zero half: 2
  RLT: 56
  Relax-and-lift: 96

Explored 136496 nodes (46277172 simplex iterations) in 8314.78 seconds (4721.25 work units)
Thread count was 32 (of 32 available processors)

Solution count 10: 1.2448e+06 1.24659e+06 1.24659e+06 ... 1.24692e+06

Solve interrupted
Best objective 1.244800775835e+06, best bound 1.203411850912e+06, gap 3.3249%
