
Gurobi 12.0.3 (win64) logging started Tue Jun 30 15:29:28 2026

Set parameter LogFile to value "output/DCH_taller_julio/Costo_variable/Carga_on_board_1000kW_Descomp/station_1_d182\gurobi.log"
Set parameter Threads to value 5
Set parameter Heuristics to value 0.5
Set parameter MIPFocus to value 3
Set parameter Presolve to value 2
Set parameter FlowCoverCuts to value 2
Set parameter TimeLimit to value 172800
Gurobi Optimizer version 12.0.3 build v12.0.3rc0 (win64 - Windows 11+.0 (26200.2))

CPU model: Intel(R) Core(TM) i9-14900K, instruction set [SSE2|AVX|AVX2]
Thread count: 24 physical cores, 32 logical processors, using up to 5 threads

Non-default parameters:
TimeLimit  172800
MIPGap  0.01
Heuristics  0.5
MIPFocus  3
FlowCoverCuts  2
Presolve  2
Threads  5

Optimize a model with 22793 rows, 35809 columns and 109900 nonzeros
Model fingerprint: 0x6ad8f200
Variable types: 17323 continuous, 18486 integer (18485 binary)
Coefficient statistics:
  Matrix range     [1e-01, 1e+03]
  Objective range  [1e-02, 1e+02]
  Bounds range     [1e+00, 1e+00]
  RHS range        [1e+00, 1e+04]
Presolve removed 20397 rows and 25838 columns
Presolve time: 0.10s
Presolved: 2396 rows, 9971 columns, 30232 nonzeros
Variable types: 821 continuous, 9150 integer (9150 binary)
Root relaxation presolved: 2396 rows, 9971 columns, 30232 nonzeros


Root relaxation: objective 2.132286e+05, 3806 iterations, 0.10 seconds (0.18 work units)

    Nodes    |    Current Node    |     Objective Bounds      |     Work
 Expl Unexpl |  Obj  Depth IntInf | Incumbent    BestBd   Gap | It/Node Time

     0     0 213228.581    0  245          - 213228.581      -     -    0s
H    0     0                    402596.48040 213362.271  47.0%     -    0s
H    0     0                    271256.66341 213519.162  21.3%     -    0s
H    0     0                    267718.83768 213519.162  20.2%     -    1s
H    0     0                    267638.86609 213519.162  20.2%     -    1s
H    0     0                    267576.99639 213519.162  20.2%     -    1s
H    0     0                    267202.82602 213519.162  20.1%     -    1s
H    0     0                    267140.56759 213519.162  20.1%     -    1s
H    0     0                    246572.22551 213519.162  13.4%     -    1s
H    0     0                    234854.46540 213519.162  9.08%     -    1s
H    0     0                    234777.59237 213519.162  9.05%     -    1s
H    0     0                    233526.75457 213519.162  8.57%     -    1s
H    0     0                    233444.95054 213519.162  8.54%     -    1s
H    0     0                    227903.88263 213519.162  6.31%     -    1s
H    0     0                    227902.23775 213519.162  6.31%     -    1s
     0     0 213519.162    0  267 227902.238 213519.162  6.31%     -    1s
H    0     0                    227532.46687 213519.162  6.16%     -    1s
H    0     0                    227417.27417 213519.162  6.11%     -    1s
H    0     0                    227413.40423 213519.162  6.11%     -    1s
H    0     0                    217631.24996 213530.112  1.88%     -    1s
H    0     0                    217616.05424 213530.112  1.88%     -    1s
H    0     0                    217592.01370 213530.112  1.87%     -    1s
H    0     0                    217587.27938 213530.112  1.86%     -    1s
H    0     0                    217508.21792 213530.112  1.83%     -    1s
     0     0 213530.112    0  285 217508.218 213530.112  1.83%     -    1s
     0     0 213530.112    0  288 217508.218 213530.112  1.83%     -    1s
     0     0 213597.139    0  270 217508.218 213597.139  1.80%     -    2s
H    0     0                    217430.22118 213597.139  1.76%     -    2s
     0     0 213597.139    0  276 217430.221 213597.139  1.76%     -    2s
     0     0 213597.139    0  280 217430.221 213597.139  1.76%     -    2s
H    0     0                    216257.99054 213622.205  1.22%     -    3s
H    0     0                    215699.83972 213622.205  0.96%     -    3s
H    0     0                    215425.99145 213622.205  0.84%     -    3s
H    0     0                    215342.35700 213622.205  0.80%     -    3s
H    0     0                    215339.84681 213622.205  0.80%     -    3s
H    0     0                    215339.80233 213622.205  0.80%     -    3s
     0     0 213699.659    0  267 215339.802 213699.659  0.76%     -    3s

Cutting planes:
  Gomory: 31
  Lift-and-project: 17
  Cover: 22
  Implied bound: 11
  Projected implied bound: 3
  Clique: 6
  MIR: 71
  Mixing: 5
  StrongCG: 1
  Flow cover: 117
  Zero half: 25
  RLT: 4
  Relax-and-lift: 72
  BQP: 9
  PSD: 9

Explored 1 nodes (15589 simplex iterations) in 3.11 seconds (3.83 work units)
Thread count was 5 (of 32 available processors)

Solution count 10: 215340 215340 215342 ... 217592

Optimal solution found (tolerance 1.00e-02)
Best objective 2.153398023309e+05, best bound 2.136996593616e+05, gap 0.7617%
