
Gurobi 12.0.3 (win64) logging started Sun Aug 23 02:53:49 2026

Set parameter LogFile to value "C:\Users\TECNO-MASTER\Desktop\Elmo_infrastructure_sizing_NP-\output\DCH_agosto\Costo_variable\Carga_libre\Carga_on_board_variable_3estaciones_P640kW_Descomp/station_2_d152_stage1\gurobi.log"
Set parameter Threads to value 1
Set parameter Heuristics to value 0.5
Set parameter MIPFocus to value 3
Set parameter Presolve to value 2
Set parameter FlowCoverCuts to value 2
Set parameter TimeLimit to value 172800
Gurobi Optimizer version 12.0.3 build v12.0.3rc0 (win64 - Windows 11+.0 (26200.2))

CPU model: Intel(R) Core(TM) i9-14900K, instruction set [SSE2|AVX|AVX2]
Thread count: 24 physical cores, 32 logical processors, using up to 1 threads

Non-default parameters:
TimeLimit  172800
MIPGap  0.01
Heuristics  0.5
MIPFocus  3
FlowCoverCuts  2
Presolve  2
Threads  1

Optimize a model with 23772 rows, 39247 columns and 116710 nonzeros
Model fingerprint: 0xbe09de03
Variable types: 18325 continuous, 20922 integer (20921 binary)
Coefficient statistics:
  Matrix range     [1e-01, 6e+02]
  Objective range  [1e-02, 1e+05]
  Bounds range     [1e+00, 3e+00]
  RHS range        [1e+00, 1e+04]
Presolve removed 20876 rows and 28441 columns
Presolve time: 0.35s
Presolved: 2896 rows, 10806 columns, 34238 nonzeros
Variable types: 841 continuous, 9965 integer (9873 binary)
Root relaxation presolved: 2896 rows, 10806 columns, 34238 nonzeros


Root relaxation: objective 5.565377e+04, 4727 iterations, 0.49 seconds (0.69 work units)

    Nodes    |    Current Node    |     Objective Bounds      |     Work
 Expl Unexpl |  Obj  Depth IntInf | Incumbent    BestBd   Gap | It/Node Time

     0     0 55653.7737    0  403          - 55653.7737      -     -    1s
     0     0 164060.807    0  212          - 164060.807      -     -   10s
H    0     0                    342469.49122 164060.807  52.1%     -   10s
H    0     0                    213131.65556 164060.807  23.0%     -   10s
H    0     0                    212942.08262 164060.807  23.0%     -   10s
H    0     0                    208797.87021 164060.807  21.4%     -   10s
H    0     0                    191209.30286 164060.807  14.2%     -   10s
H    0     0                    190672.39639 164060.807  14.0%     -   10s
H    0     0                    190312.59839 164060.807  13.8%     -   10s
H    0     0                    189949.73254 164060.807  13.6%     -   10s
H    0     0                    188388.52054 164060.807  12.9%     -   10s
H    0     0                    166702.60772 164060.807  1.58%     -   10s
H    0     0                    166631.94677 164060.807  1.54%     -   10s
H    0     0                    166503.07759 164060.807  1.47%     -   10s
H    0     0                    166502.82347 164060.807  1.47%     -   10s
H    0     0                    166502.74133 164060.807  1.47%     -   10s
H    0     0                    166424.93773 164060.807  1.42%     -   10s
H    0     0                    166185.70045 164060.807  1.28%     -   10s
H    0     0                    166145.34489 164060.807  1.25%     -   10s
H    0     0                    166144.78695 164060.807  1.25%     -   10s
     0     0 164060.851    0  217 166144.787 164060.851  1.25%     -   10s
     0     0 164103.402    0  235 166144.787 164103.402  1.23%     -   12s
H    0     0                    166026.24774 164103.509  1.16%     -   12s
     0     0 164103.509    0  245 166026.248 164103.509  1.16%     -   12s
     0     0 164168.299    0  217 166026.248 164168.299  1.12%     -   13s
     0     0 164171.985    0  208 166026.248 164171.985  1.12%     -   14s
H    0     0                    165986.83476 164180.463  1.09%     -   14s
H    0     0                    165644.86071 164180.463  0.88%     -   14s

Cutting planes:
  Gomory: 12
  Lift-and-project: 9
  Cover: 9
  Implied bound: 6
  Projected implied bound: 1
  Clique: 3
  MIR: 3
  Flow cover: 9
  Zero half: 9
  RLT: 1
  Relax-and-lift: 8

Explored 1 nodes (48033 simplex iterations) in 14.17 seconds (10.80 work units)
Thread count was 1 (of 32 available processors)

Solution count 10: 165645 165987 166026 ... 166503

Optimal solution found (tolerance 1.00e-02)
Best objective 1.656448607111e+05, best bound 1.641804633656e+05, gap 0.8841%
