
Gurobi 12.0.3 (win64) logging started Tue Jul  7 00:56:26 2026

Set parameter LogFile to value "output/DCH_taller_julio/Costo_fijo/Ventana_restringida/Carga_on_board_1000kW_Descomp_ventana_carga/station_2_d1_stage1\gurobi.log"
Set parameter Threads to value 5
Set parameter Heuristics to value 0.5
Set parameter MIPFocus to value 3
Set parameter Presolve to value 2
Set parameter FlowCoverCuts to value 2
Set parameter TimeLimit to value 172800
Gurobi Optimizer version 12.0.3 build v12.0.3rc0 (win64 - Windows 11+.0 (26200.2))

CPU model: Intel(R) Core(TM) i9-14900K, instruction set [SSE2|AVX|AVX2]
Thread count: 24 physical cores, 32 logical processors, using up to 5 threads

Non-default parameters:
TimeLimit  172800
MIPGap  0.01
Heuristics  0.5
MIPFocus  3
FlowCoverCuts  2
Presolve  2
Threads  5

Optimize a model with 24301 rows, 37807 columns and 117308 nonzeros
Model fingerprint: 0xa49ab40f
Variable types: 18325 continuous, 19482 integer (19481 binary)
Coefficient statistics:
  Matrix range     [1e-01, 1e+03]
  Objective range  [4e-01, 2e+05]
  Bounds range     [1e+00, 1e+00]
  RHS range        [1e+00, 1e+04]
Presolve removed 23058 rows and 28785 columns
Presolve time: 0.09s
Presolved: 1243 rows, 9022 columns, 27354 nonzeros
Variable types: 244 continuous, 8778 integer (8777 binary)
Root relaxation presolved: 1243 rows, 9022 columns, 27354 nonzeros


Use crossover to convert LP symmetric solution to basic solution...

Root relaxation: objective 1.679096e+05, 3473 iterations, 0.04 seconds (0.06 work units)

    Nodes    |    Current Node    |     Objective Bounds      |     Work
 Expl Unexpl |  Obj  Depth IntInf | Incumbent    BestBd   Gap | It/Node Time

     0     0 167909.551    0  198          - 167909.551      -     -    0s
     0     0 301351.261    0  145          - 301351.261      -     -    0s
H    0     0                    488986.55074 301351.261  38.4%     -    0s
H    0     0                    488984.61342 301351.261  38.4%     -    0s
H    0     0                    357584.61342 301351.261  15.7%     -    0s

Cutting planes:
  Gomory: 5
  Lift-and-project: 2
  Cover: 5
  Implied bound: 1
  Projected implied bound: 3
  Clique: 1
  MIR: 22
  Mixing: 2
  Flow cover: 49
  GUB cover: 1
  Zero half: 8
  RLT: 1
  Relax-and-lift: 5

Explored 1 nodes (7264 simplex iterations) in 0.62 seconds (1.01 work units)
Thread count was 5 (of 32 available processors)

Solution count 3: 357585 488985 488987 

Optimal solution found (tolerance 1.00e-02)
Best objective 3.575846134232e+05, best bound 3.575545639017e+05, gap 0.0084%
