
Gurobi 12.0.0 (win64) logging started Mon Sep  7 04:00:56 2026

Set parameter LogFile to value "C:\Users\TECNO-MASTER\Desktop\Elmo_infrastructure_sizing_NP-\output\DCH_septiembre\Bateria_482\Costo_variable\Ventana_restringida\Carga_on_board_variable_3estaciones_P640kW_Descomp/station_1_d60\gurobi.log"
Set parameter Threads to value 1
Set parameter Heuristics to value 0.5
Set parameter MIPFocus to value 3
Set parameter Presolve to value 2
Set parameter FlowCoverCuts to value 2
Set parameter TimeLimit to value 1200
Gurobi Optimizer version 12.0.0 build v12.0.0rc1 (win64 - Windows 11+.0 (26200.2))

CPU model: Intel(R) Core(TM) i9-14900K, instruction set [SSE2|AVX|AVX2]
Thread count: 24 physical cores, 32 logical processors, using up to 1 threads

Non-default parameters:
TimeLimit  1200
MIPGap  0.05
Heuristics  0.5
MIPFocus  3
FlowCoverCuts  2
Presolve  2
Threads  1

Optimize a model with 23284 rows, 37249 columns and 110268 nonzeros
Model fingerprint: 0xcdd335ec
Variable types: 17323 continuous, 19926 integer (19925 binary)
Coefficient statistics:
  Matrix range     [1e-01, 6e+02]
  Objective range  [9e-03, 1e+02]
  Bounds range     [1e+00, 1e+00]
  RHS range        [1e+00, 1e+04]
Presolve removed 22219 rows and 28481 columns
Presolve time: 0.17s
Presolved: 1065 rows, 8768 columns, 26382 nonzeros
Variable types: 232 continuous, 8536 integer (8536 binary)
Root relaxation presolved: 1065 rows, 8768 columns, 26382 nonzeros


Use crossover to convert LP symmetric solution to basic solution...

Root relaxation: objective 1.561669e+05, 2854 iterations, 0.04 seconds (0.03 work units)

    Nodes    |    Current Node    |     Objective Bounds      |     Work
 Expl Unexpl |  Obj  Depth IntInf | Incumbent    BestBd   Gap | It/Node Time

     0     0 156166.856    0   32          - 156166.856      -     -    0s
H    0     0                    156294.36722 156166.856  0.08%     -    0s

Explored 1 nodes (3896 simplex iterations) in 0.67 seconds (0.49 work units)
Thread count was 1 (of 32 available processors)

Solution count 1: 156294 

Optimal solution found (tolerance 5.00e-02)
Best objective 1.562943672204e+05, best bound 1.561668559952e+05, gap 0.0816%
