
Gurobi 12.0.3 (win64) logging started Tue Jun 30 14:45:49 2026

Set parameter LogFile to value "output/DCH_taller_julio/Costo_fijo/Carga_on_board_640kW_Descomp/station_3_d305\gurobi.log"
Set parameter Threads to value 5
Set parameter Heuristics to value 0.5
Set parameter MIPFocus to value 3
Set parameter Presolve to value 2
Set parameter FlowCoverCuts to value 2
Set parameter TimeLimit to value 172800
Gurobi Optimizer version 12.0.3 build v12.0.3rc0 (win64 - Windows 11+.0 (26200.2))

CPU model: Intel(R) Core(TM) i9-14900K, instruction set [SSE2|AVX|AVX2]
Thread count: 24 physical cores, 32 logical processors, using up to 5 threads

Non-default parameters:
TimeLimit  172800
MIPGap  0.01
Heuristics  0.5
MIPFocus  3
FlowCoverCuts  2
Presolve  2
Threads  5

Optimize a model with 22763 rows, 35809 columns and 109840 nonzeros
Model fingerprint: 0xc63e6c34
Variable types: 17323 continuous, 18486 integer (18485 binary)
Coefficient statistics:
  Matrix range     [1e-01, 6e+02]
  Objective range  [4e-01, 1e+02]
  Bounds range     [1e+00, 1e+00]
  RHS range        [1e+00, 1e+04]
Presolve removed 20367 rows and 25839 columns
Presolve time: 0.15s
Presolved: 2396 rows, 9970 columns, 30322 nonzeros
Variable types: 820 continuous, 9150 integer (9150 binary)
Root relaxation presolved: 2396 rows, 9970 columns, 30322 nonzeros


Root relaxation: objective 1.737524e+05, 3212 iterations, 0.12 seconds (0.14 work units)

    Nodes    |    Current Node    |     Objective Bounds      |     Work
 Expl Unexpl |  Obj  Depth IntInf | Incumbent    BestBd   Gap | It/Node Time

     0     0 173752.362    0    2          - 173752.362      -     -    0s
H    0     0                    173770.67846 173752.362  0.01%     -    0s

Explored 1 nodes (5950 simplex iterations) in 0.70 seconds (0.67 work units)
Thread count was 5 (of 32 available processors)

Solution count 1: 173771 

Optimal solution found (tolerance 1.00e-02)
Best objective 1.737706784577e+05, best bound 1.737523619976e+05, gap 0.0105%
