
Gurobi 10.0.0 (win64) logging started Thu Sep 24 01:34:34 2026

Set parameter LogFile to value "output/Resultados_finales_tesis/Mina_modelo/P_red_gen_bat\gurobi.log"
Set parameter Threads to value 32
Set parameter Heuristics to value 0.5
Set parameter MIPFocus to value 3
Set parameter Presolve to value 2
Set parameter FlowCoverCuts to value 2
Set parameter TimeLimit to value 172800
Set parameter NonConvex to value 2
Gurobi Optimizer version 10.0.0 build v10.0.0rc2 (win64)

CPU model: 11th Gen Intel(R) Core(TM) i7-1165G7 @ 2.80GHz, instruction set [SSE2|AVX|AVX2|AVX512]
Thread count: 4 physical cores, 8 logical processors, using up to 32 threads

Warning: Thread count (32) is larger than processor count (8)
         Reduce the value of the Threads parameter to improve performance


Optimize a model with 633713 rows, 858705 columns and 2625680 nonzeros
Model fingerprint: 0xd52b45d1
Model has 9 quadratic constraints
Variable types: 397854 continuous, 460851 integer (460830 binary)
Coefficient statistics:
  Matrix range     [2e-02, 1e+03]
  QMatrix range    [1e+00, 1e+00]
  QLMatrix range   [3e-01, 3e-01]
  Objective range  [5e-01, 1e+06]
  Bounds range     [1e+00, 5e+03]
  RHS range        [1e+00, 2e+04]
Presolve removed 484683 rows and 635532 columns (presolve time = 5s) ...
Presolve removed 484683 rows and 635532 columns
Presolve time: 8.53s
Presolved: 149066 rows, 223173 columns, 843353 nonzeros
Presolved model has 9 bilinear constraint(s)
Variable types: 44464 continuous, 178709 integer (177290 binary)
Root relaxation presolve removed 10560 rows and 0 columns
Root relaxation presolved: 138506 rows, 223173 columns, 819457 nonzeros

Deterministic concurrent LP optimizer: primal simplex, dual simplex, and barrier
Showing barrier log only...

Root barrier log...

Ordering time: 0.06s

Barrier statistics:
 Dense cols : 24
 AA' NZ     : 8.455e+05
 Factor NZ  : 2.643e+06 (roughly 170 MB of memory)
 Factor Ops : 5.699e+07 (less than 1 second per iteration)
 Threads    : 30

                  Objective                Residual
Iter       Primal          Dual         Primal    Dual     Compl     Time
   0   1.87161037e+09 -1.76527305e+12  7.30e+05 8.74e+02  1.95e+08    11s
   1   1.74613298e+09 -1.56081000e+12  5.05e+05 7.04e+04  1.31e+08    11s
   2   1.57328345e+09 -1.21837481e+12  4.02e+05 6.55e+03  1.00e+08    11s
   3   2.16925268e+08 -1.00628605e+12  5.32e+04 1.20e-05  1.50e+07    11s
   4   9.26463874e+07 -5.88481049e+11  2.10e+04 9.75e-05  5.84e+06    12s
   5   3.67705740e+07 -2.77439392e+11  6.87e+03 1.25e-06  1.87e+06    12s
   6   1.66062252e+07 -1.24757706e+11  1.88e+03 3.86e-05  5.55e+05    12s
   7   1.06878179e+07 -3.70410459e+10  4.98e+02 2.68e-05  1.36e+05    12s
   8   7.89040895e+06 -1.62682413e+10  1.09e+02 3.54e-06  4.04e+04    12s
   9   7.41925021e+06 -6.00033311e+09  6.13e+01 1.06e-06  1.42e+04    12s
  10   7.03941491e+06 -4.27822029e+09  2.65e+01 7.23e-07  8.98e+03    12s
  11   6.98450370e+06 -1.85769664e+09  2.38e+01 3.84e-07  5.19e+03    12s
  12   6.93818272e+06  2.84977048e+10  2.29e+01 3.37e-07  5.16e+03    13s
  13   1.86836317e+10 -1.76527305e+12  7.30e+06 8.74e+02  1.91e+09    13s
  14   3.46435204e+09 -3.85918330e+11  1.41e+06 5.08e+03  8.04e+07    13s
  15   1.91369084e+08 -2.92336190e+10  7.47e+04 2.27e+03  5.22e+05    13s
  16   1.12898514e+08 -1.12742148e+10  4.49e+04 8.76e+02  1.59e+05    13s
  17   3.24067669e+07 -2.44456228e+09  1.39e+04 1.90e+02  2.29e+04    14s
  18   1.47562018e+07 -6.49346817e+08  5.62e+03 5.05e+01  5.20e+03    14s
  19   1.35871675e+07 -4.96349764e+08  5.02e+03 3.87e+01  4.08e+03    14s
  20   1.14639219e+07 -4.69255367e+08  3.81e+03 3.66e+01  3.23e+03    14s
  21   8.91524895e+06 -4.31626278e+08  1.92e+03 3.37e+01  1.99e+03    14s
  22   5.91375695e+06 -2.55022083e+08  3.82e+02 2.00e+01  7.07e+02    14s
  23   5.45934614e+06 -1.22736502e+08  2.26e+02 9.81e+00  3.35e+02    15s
  24   5.00401565e+06 -9.01535443e+07  1.30e+02 7.29e+00  2.30e+02    15s
  25   4.88599713e+06 -6.10527387e+07  1.11e+02 5.04e+00  1.60e+02    15s
  26   4.84888622e+06 -5.62699590e+07  1.06e+02 4.67e+00  1.48e+02    15s
  27   4.83380606e+06 -5.10736986e+07  1.04e+02 4.27e+00  1.35e+02    15s
  28   4.78665154e+06 -4.94035042e+07  9.08e+01 4.15e+00  1.29e+02    15s
  29   4.72445526e+06 -4.75765530e+07  7.76e+01 4.00e+00  1.22e+02    16s
  30   4.64446986e+06 -2.66457449e+07  6.82e+01 2.37e+00  7.44e+01    16s
  31   4.38516565e+06 -1.18788497e+07  2.73e+01 1.23e+00  3.64e+01    16s
  32   4.36766969e+06  3.43948096e+06  2.43e+01 5.30e-02  2.37e+01    16s
  33   4.68665208e+06  3.88173430e+06  2.43e+01 5.05e-02  4.75e+01    16s
  34   4.82259801e+06  3.97002011e+06  2.42e+01 5.00e-02  5.31e+01    16s
  35   5.05586327e+06  4.05226806e+06  2.42e+01 5.07e-02  5.82e+01    17s
  36   5.11058168e+06  4.20094301e+06  2.42e+01 5.19e-02  6.69e+01    17s
  37   5.33721045e+06  4.76588967e+06  2.42e+01 5.21e-02  1.04e+02    17s
  38   5.46736772e+06  5.01296679e+06  2.42e+01 4.81e-02  1.28e+02    17s
  39   6.02647114e+06  5.59849046e+06  2.41e+01 4.02e-02  2.22e+02    17s
  40   6.29605945e+06  6.64564769e+06  2.41e+01 2.66e-02  3.39e+02    18s
  41   6.84073128e+06  9.66490341e+06  2.41e+01 1.70e-06  1.04e+03    18s
  42   7.50438724e+06  1.33387048e+07  2.40e+01 2.19e-06  3.46e+03    18s
  43   8.27354765e+06  1.65699204e+07  2.40e+01 6.39e-06  1.45e+04    18s
  44   9.32057262e+06  5.41211441e+07  2.40e+01 1.25e-02  3.57e+05    18s
  45   1.06815755e+07  6.32704261e+07  2.40e+01 5.40e-02  2.18e+06    18s
  46*  1.02940090e+07  2.70802507e+11  1.56e-01 2.73e-01  3.30e+04    18s
  47*  1.03088781e+07  1.59948464e+11  2.67e-02 7.23e-01  3.29e+04    19s
  48*  1.03713211e+07  1.88416258e+12  4.74e-03 9.18e+00  5.38e+04    19s
  49*  1.05952365e+07  8.01978068e+12  4.75e-03 1.12e+02  5.34e+04    19s
  50*  1.06874034e+07  1.86037043e+14  3.42e-03 9.52e+02  2.37e+05    19s
  51*  1.08276353e+07  4.85437752e+15  2.08e-03 2.96e+03  2.60e+05    19s
  52*  1.08423058e+07  3.45339543e+17  4.13e-04 7.69e+04  3.86e+05    20s
  53*  1.08423765e+07  4.39760949e+17  1.55e-04 1.21e+05  1.49e+05    20s
  54*  1.08426409e+07  1.56961602e+18  2.51e-05 7.06e+04  2.43e+04    20s
  55*  1.08447887e+07  3.43081893e+20  1.27e-07 7.08e+04  1.30e+02    20s
  56*  1.08447888e+07  2.85451315e+25  1.28e-12 4.83e+04  1.30e-03    20s
  57*  1.08447888e+07  2.85328099e+30  1.28e-17 3.41e+04  1.30e-08    20s
  58*  1.08447888e+07  2.85436314e+35  1.28e-22 3.37e+04  1.30e-13    21s

Barrier performed 58 iterations in 20.57 seconds (26.97 work units)
Numerical trouble encountered


Root simplex log...

Iteration    Objective       Primal Inf.    Dual Inf.      Time
       0   -2.0099985e+06   4.962431e+05   0.000000e+00     21s
   46434    7.0967731e+05   3.725002e+05   0.000000e+00     25s
Concurrent spin time: 4.29s (can be avoided by choosing Method=3)

Solved with dual simplex

Root relaxation: infeasible, 97206 iterations, 18.98 seconds (11.86 work units)

    Nodes    |    Current Node    |     Objective Bounds      |     Work
 Expl Unexpl |  Obj  Depth IntInf | Incumbent    BestBd   Gap | It/Node Time

     0     0 infeasible    0               - infeasible      -     -   28s

Explored 1 nodes (97206 simplex iterations) in 28.53 seconds (31.83 work units)
Thread count was 32 (of 8 available processors)

Solution count 0

Model is infeasible
Best objective -, best bound -, gap -
