
Gurobi 12.0.3 (win64) logging started Mon Sep  7 19:24:43 2026

Set parameter LogFile to value "C:\Users\TECNO-MASTER\Desktop\Elmo_infrastructure_sizing_NP-\output\DCH_septiembre\Bateria_353\Costo_variable\Carga_libre\Carga_on_board_variable_3estaciones_P160kW_Descomp/station_3_d32\gurobi.log"
Set parameter Threads to value 1
Set parameter Heuristics to value 0.5
Set parameter MIPFocus to value 3
Set parameter Presolve to value 2
Set parameter FlowCoverCuts to value 2
Set parameter TimeLimit to value 1200
Gurobi Optimizer version 12.0.3 build v12.0.3rc0 (win64 - Windows 11+.0 (26200.2))

CPU model: Intel(R) Core(TM) i9-14900K, instruction set [SSE2|AVX|AVX2]
Thread count: 24 physical cores, 32 logical processors, using up to 1 threads

Non-default parameters:
TimeLimit  1200
MIPGap  0.05
Heuristics  0.5
MIPFocus  3
FlowCoverCuts  2
Presolve  2
Threads  1

Optimize a model with 22740 rows, 37249 columns and 109726 nonzeros
Model fingerprint: 0xe4fc441b
Variable types: 17323 continuous, 19926 integer (19925 binary)
Coefficient statistics:
  Matrix range     [1e-01, 2e+02]
  Objective range  [3e-03, 1e+02]
  Bounds range     [1e+00, 2e+00]
  RHS range        [1e+00, 1e+04]
Presolve removed 20416 rows and 26955 columns
Presolve time: 0.19s
Presolved: 2324 rows, 10294 columns, 30328 nonzeros
Variable types: 840 continuous, 9454 integer (9454 binary)
Root relaxation presolved: 2324 rows, 10294 columns, 30328 nonzeros


Root relaxation: objective 1.565282e+05, 3767 iterations, 0.19 seconds (0.18 work units)

    Nodes    |    Current Node    |     Objective Bounds      |     Work
 Expl Unexpl |  Obj  Depth IntInf | Incumbent    BestBd   Gap | It/Node Time

     0     0 156528.225    0   46          - 156528.225      -     -    1s
     0     0 156561.833    0   89          - 156561.833      -     -    1s
     0     0 156561.833    0   93          - 156561.833      -     -    2s
     0     0 156561.833    0   93          - 156561.833      -     -    2s
     0     0 156561.833    0   15          - 156561.833      -     -    3s
H    0     0                    156647.54181 156561.833  0.05%     -    3s

Cutting planes:
  Gomory: 6
  Lift-and-project: 2
  Cover: 5
  Implied bound: 2
  Clique: 1
  MIR: 2
  Flow cover: 2
  Zero half: 19
  Relax-and-lift: 5
  PSD: 4

Explored 1 nodes (15533 simplex iterations) in 3.21 seconds (2.58 work units)
Thread count was 1 (of 32 available processors)

Solution count 1: 156648 

Optimal solution found (tolerance 5.00e-02)
Best objective 1.566475418147e+05, best bound 1.565618332632e+05, gap 0.0547%
