
Gurobi 12.0.3 (win64) logging started Tue Jul  7 18:04:59 2026

Set parameter LogFile to value "output/DCH_taller_julio/Costo_variable/Ventana_restringida/Carga_on_board_1000kW_Descomp_ventana_carga/station_1_d91\gurobi.log"
Set parameter Threads to value 5
Set parameter Heuristics to value 0.5
Set parameter MIPFocus to value 3
Set parameter Presolve to value 2
Set parameter FlowCoverCuts to value 2
Set parameter TimeLimit to value 172800
Gurobi Optimizer version 12.0.3 build v12.0.3rc0 (win64 - Windows 11+.0 (26200.2))

CPU model: Intel(R) Core(TM) i9-14900K, instruction set [SSE2|AVX|AVX2]
Thread count: 24 physical cores, 32 logical processors, using up to 5 threads

Non-default parameters:
TimeLimit  172800
MIPGap  0.01
Heuristics  0.5
MIPFocus  3
FlowCoverCuts  2
Presolve  2
Threads  5

Optimize a model with 23329 rows, 35809 columns and 110436 nonzeros
Model fingerprint: 0x918439a9
Variable types: 17323 continuous, 18486 integer (18485 binary)
Coefficient statistics:
  Matrix range     [1e-01, 1e+03]
  Objective range  [1e-02, 1e+02]
  Bounds range     [1e+00, 1e+00]
  RHS range        [1e+00, 1e+04]
Presolve removed 22241 rows and 27286 columns
Presolve time: 0.35s
Presolved: 1088 rows, 8523 columns, 25613 nonzeros
Variable types: 245 continuous, 8278 integer (8278 binary)
Root relaxation presolved: 1088 rows, 8523 columns, 25613 nonzeros


Use crossover to convert LP symmetric solution to basic solution...

Root relaxation: objective 2.217653e+05, 2886 iterations, 0.10 seconds (0.04 work units)

    Nodes    |    Current Node    |     Objective Bounds      |     Work
 Expl Unexpl |  Obj  Depth IntInf | Incumbent    BestBd   Gap | It/Node Time

     0     0 221765.291    0   98          - 221765.291      -     -    1s
H    0     0                    400602.38885 221765.291  44.6%     -    1s
H    0     0                    228538.36690 221765.291  2.96%     -    2s
H    0     0                    225032.14067 221765.291  1.45%     -    2s
H    0     0                    224587.75219 221765.291  1.26%     -    2s
H    0     0                    224365.79169 221765.291  1.16%     -    2s
H    0     0                    224283.97671 221765.291  1.12%     -    2s
     0     0 221775.242    0   85 224283.977 221775.242  1.12%     -    2s
H    0     0                    223489.55788 221775.242  0.77%     -    2s

Cutting planes:
  Cover: 2
  Implied bound: 3
  Projected implied bound: 2
  Clique: 3
  MIR: 1
  Flow cover: 3
  Zero half: 5
  RLT: 3
  BQP: 5
  PSD: 2

Explored 1 nodes (10737 simplex iterations) in 2.62 seconds (1.03 work units)
Thread count was 5 (of 32 available processors)

Solution count 7: 223490 224284 224366 ... 400602

Optimal solution found (tolerance 1.00e-02)
Best objective 2.234895578767e+05, best bound 2.217752421750e+05, gap 0.7671%
