
Gurobi 12.0.0 (win64) logging started Mon Sep  7 04:01:34 2026

Set parameter LogFile to value "C:\Users\TECNO-MASTER\Desktop\Elmo_infrastructure_sizing_NP-\output\DCH_septiembre\Bateria_482\Costo_variable\Carga_libre\Carga_on_board_variable_3estaciones_P640kW_Descomp/station_2_d244_stage1\gurobi.log"
Set parameter Threads to value 1
Set parameter Heuristics to value 0.5
Set parameter MIPFocus to value 3
Set parameter Presolve to value 2
Set parameter FlowCoverCuts to value 2
Set parameter TimeLimit to value 1200
Gurobi Optimizer version 12.0.0 build v12.0.0rc1 (win64 - Windows 11+.0 (26200.2))

CPU model: Intel(R) Core(TM) i9-14900K, instruction set [SSE2|AVX|AVX2]
Thread count: 24 physical cores, 32 logical processors, using up to 1 threads

Non-default parameters:
TimeLimit  1200
MIPGap  0.05
Heuristics  0.5
MIPFocus  3
FlowCoverCuts  2
Presolve  2
Threads  1

Optimize a model with 23772 rows, 39247 columns and 116710 nonzeros
Model fingerprint: 0x52979a38
Variable types: 18325 continuous, 20922 integer (20921 binary)
Coefficient statistics:
  Matrix range     [1e-01, 6e+02]
  Objective range  [8e-03, 1e+05]
  Bounds range     [1e+00, 1e+00]
  RHS range        [1e+00, 1e+04]
Presolve removed 20876 rows and 28432 columns
Presolve time: 0.26s
Presolved: 2896 rows, 10815 columns, 33492 nonzeros
Variable types: 841 continuous, 9974 integer (9973 binary)
Root relaxation presolved: 2896 rows, 10815 columns, 33492 nonzeros


Root relaxation: objective 5.596956e+04, 4257 iterations, 0.52 seconds (0.68 work units)

    Nodes    |    Current Node    |     Objective Bounds      |     Work
 Expl Unexpl |  Obj  Depth IntInf | Incumbent    BestBd   Gap | It/Node Time

     0     0 55969.5638    0  402          - 55969.5638      -     -    2s
     0     0 105029.802    0  503          - 105029.802      -     -    3s
     0     0 113757.151    0  511          - 113757.151      -     -    4s
     0     0 133069.431    0  244          - 133069.431      -     -    6s
H    0     0                    301331.48239 133069.431  55.8%     -    6s
H    0     0                    282064.13048 133069.431  52.8%     -    6s
H    0     0                    175661.06857 133069.431  24.2%     -    6s
H    0     0                    175364.69519 133069.431  24.1%     -    6s
H    0     0                    170870.95517 133069.431  22.1%     -    6s
H    0     0                    167069.34176 133069.431  20.4%     -    6s
H    0     0                    167067.02186 133069.431  20.3%     -    6s
     0     0 148414.717    0  363 167067.022 148414.717  11.2%     -    7s
     0     0 148414.717    0  357 167067.022 148414.717  11.2%     -    7s
     0     0 148414.717    0  197 167067.022 148414.717  11.2%     -    8s
H    0     0                    166787.88232 148414.717  11.0%     -    8s
H    0     0                    158146.31664 148414.717  6.15%     -    8s
H    0     0                    157807.12901 148414.717  5.95%     -    8s
H    0     0                    150677.62874 148414.717  1.50%     -    8s

Cutting planes:
  Gomory: 13
  Cover: 12
  Implied bound: 16
  Clique: 7
  Flow cover: 7
  Zero half: 7
  Relax-and-lift: 17

Explored 1 nodes (37955 simplex iterations) in 8.69 seconds (10.01 work units)
Thread count was 1 (of 32 available processors)

Solution count 10: 150678 157807 158146 ... 282064

Optimal solution found (tolerance 5.00e-02)
Best objective 1.506776287430e+05, best bound 1.484147171199e+05, gap 1.5018%
