
Gurobi 12.0.3 (win64) logging started Tue Jul  7 01:03:40 2026

Set parameter LogFile to value "output/DCH_taller_julio/Costo_variable/Ventana_restringida/Carga_on_board_640kW_Descomp_ventana_carga/station_3_d1_stage1\gurobi.log"
Set parameter Threads to value 5
Set parameter Heuristics to value 0.5
Set parameter MIPFocus to value 3
Set parameter Presolve to value 2
Set parameter FlowCoverCuts to value 2
Set parameter TimeLimit to value 172800
Gurobi Optimizer version 12.0.3 build v12.0.3rc0 (win64 - Windows 11+.0 (26200.2))

CPU model: Intel(R) Core(TM) i9-14900K, instruction set [SSE2|AVX|AVX2]
Thread count: 24 physical cores, 32 logical processors, using up to 5 threads

Non-default parameters:
TimeLimit  172800
MIPGap  0.01
Heuristics  0.5
MIPFocus  3
FlowCoverCuts  2
Presolve  2
Threads  5

Optimize a model with 23299 rows, 35809 columns and 111278 nonzeros
Model fingerprint: 0x1c29dca5
Variable types: 17323 continuous, 18486 integer (18485 binary)
Coefficient statistics:
  Matrix range     [1e-01, 6e+02]
  Objective range  [1e-02, 2e+05]
  Bounds range     [1e+00, 1e+00]
  RHS range        [1e+00, 1e+04]
Presolve removed 22062 rows and 27285 columns
Presolve time: 0.08s
Presolved: 1237 rows, 8524 columns, 25866 nonzeros
Variable types: 244 continuous, 8280 integer (8279 binary)
Root relaxation presolved: 1237 rows, 8524 columns, 25866 nonzeros


Use crossover to convert LP symmetric solution to basic solution...

Root relaxation: objective 1.760183e+05, 3217 iterations, 0.03 seconds (0.07 work units)

    Nodes    |    Current Node    |     Objective Bounds      |     Work
 Expl Unexpl |  Obj  Depth IntInf | Incumbent    BestBd   Gap | It/Node Time

     0     0 311916.991    0   60          - 311916.991      -     -    0s
H    0     0                    395179.03087 311916.991  21.1%     -    0s
H    0     0                    394764.82879 311916.991  21.0%     -    0s
H    0     0                    394758.75253 311916.991  21.0%     -    0s
H    0     0                    394655.73771 311916.991  21.0%     -    0s
H    0     0                    394611.44640 311916.991  21.0%     -    0s
H    0     0                    311987.20806 311916.991  0.02%     -    0s

Cutting planes:
  Gomory: 15
  Lift-and-project: 15
  Cover: 2
  Projected implied bound: 6
  MIR: 24
  Mixing: 2
  Flow cover: 36
  Mod-K: 2
  RLT: 1
  Relax-and-lift: 3

Explored 1 nodes (6853 simplex iterations) in 0.52 seconds (0.86 work units)
Thread count was 5 (of 32 available processors)

Solution count 6: 311987 394611 394656 ... 395179

Optimal solution found (tolerance 1.00e-02)
Best objective 3.119872080634e+05, best bound 3.119169912744e+05, gap 0.0225%
