
Gurobi 12.0.3 (win64) logging started Mon Sep  7 19:27:23 2026

Set parameter LogFile to value "C:\Users\TECNO-MASTER\Desktop\Elmo_infrastructure_sizing_NP-\output\DCH_septiembre\Bateria_353\Costo_variable\Carga_libre\Carga_on_board_variable_3estaciones_P320kW_Descomp/station_3_d213\gurobi.log"
Set parameter Threads to value 1
Set parameter Heuristics to value 0.5
Set parameter MIPFocus to value 3
Set parameter Presolve to value 2
Set parameter FlowCoverCuts to value 2
Set parameter TimeLimit to value 1200
Gurobi Optimizer version 12.0.3 build v12.0.3rc0 (win64 - Windows 11+.0 (26200.2))

CPU model: Intel(R) Core(TM) i9-14900K, instruction set [SSE2|AVX|AVX2]
Thread count: 24 physical cores, 32 logical processors, using up to 1 threads

Non-default parameters:
TimeLimit  1200
MIPGap  0.05
Heuristics  0.5
MIPFocus  3
FlowCoverCuts  2
Presolve  2
Threads  1

Optimize a model with 22770 rows, 37249 columns and 109786 nonzeros
Model fingerprint: 0xf1287e70
Variable types: 17323 continuous, 19926 integer (19925 binary)
Coefficient statistics:
  Matrix range     [1e-01, 3e+02]
  Objective range  [8e-03, 1e+02]
  Bounds range     [1e+00, 1e+00]
  RHS range        [1e+00, 1e+04]
Presolve removed 20416 rows and 26954 columns
Presolve time: 0.20s
Presolved: 2354 rows, 10295 columns, 30478 nonzeros
Variable types: 841 continuous, 9454 integer (9454 binary)
Root relaxation presolved: 2354 rows, 10295 columns, 30478 nonzeros


Root relaxation: objective 1.171335e+05, 3624 iterations, 0.24 seconds (0.22 work units)

    Nodes    |    Current Node    |     Objective Bounds      |     Work
 Expl Unexpl |  Obj  Depth IntInf | Incumbent    BestBd   Gap | It/Node Time

     0     0 117133.488    0   51          - 117133.488      -     -    1s
     0     0 117150.793    0   25          - 117150.793      -     -    1s
H    0     0                    117160.73913 117150.793  0.01%     -    1s

Cutting planes:
  Gomory: 4
  Cover: 4
  Implied bound: 4
  Clique: 9
  Flow cover: 1
  Zero half: 2
  RLT: 6
  Relax-and-lift: 12
  BQP: 1
  PSD: 3

Explored 1 nodes (8351 simplex iterations) in 1.89 seconds (1.28 work units)
Thread count was 1 (of 32 available processors)

Solution count 1: 117161 

Optimal solution found (tolerance 5.00e-02)
Best objective 1.171607391274e+05, best bound 1.171507934652e+05, gap 0.0085%
