
Gurobi 12.0.3 (win64) logging started Tue Jun 30 14:57:19 2026

Set parameter LogFile to value "output/DCH_taller_julio/Costo_variable/Carga_on_board_640kW_Descomp/station_2_d244\gurobi.log"
Set parameter Threads to value 5
Set parameter Heuristics to value 0.5
Set parameter MIPFocus to value 3
Set parameter Presolve to value 2
Set parameter FlowCoverCuts to value 2
Set parameter TimeLimit to value 172800
Gurobi Optimizer version 12.0.3 build v12.0.3rc0 (win64 - Windows 11+.0 (26200.2))

CPU model: Intel(R) Core(TM) i9-14900K, instruction set [SSE2|AVX|AVX2]
Thread count: 24 physical cores, 32 logical processors, using up to 5 threads

Non-default parameters:
TimeLimit  172800
MIPGap  0.01
Heuristics  0.5
MIPFocus  3
FlowCoverCuts  2
Presolve  2
Threads  5

Optimize a model with 23795 rows, 37807 columns and 115930 nonzeros
Model fingerprint: 0x97a55236
Variable types: 18325 continuous, 19482 integer (19481 binary)
Coefficient statistics:
  Matrix range     [1e-01, 6e+02]
  Objective range  [8e-03, 1e+02]
  Bounds range     [1e+00, 1e+00]
  RHS range        [1e+00, 1e+04]
Presolve removed 21393 rows and 27338 columns
Presolve time: 0.16s
Presolved: 2402 rows, 10469 columns, 31720 nonzeros
Variable types: 821 continuous, 9648 integer (9648 binary)
Root relaxation presolved: 2402 rows, 10469 columns, 31720 nonzeros


Root relaxation: objective 1.678981e+05, 3264 iterations, 0.14 seconds (0.17 work units)

    Nodes    |    Current Node    |     Objective Bounds      |     Work
 Expl Unexpl |  Obj  Depth IntInf | Incumbent    BestBd   Gap | It/Node Time

     0     0 167898.103    0  343          - 167898.103      -     -    0s
H    0     0                    226778.85259 167898.103  26.0%     -    0s
H    0     0                    200434.27412 167898.103  16.2%     -    0s
H    0     0                    200314.10953 167898.103  16.2%     -    0s
H    0     0                    198664.11207 167898.103  15.5%     -    0s
H    0     0                    198603.33807 167898.103  15.5%     -    0s
H    0     0                    192260.01751 167898.103  12.7%     -    0s
H    0     0                    191676.91498 167898.103  12.4%     -    0s
H    0     0                    191607.39660 167898.103  12.4%     -    0s
H    0     0                    187382.03070 167898.103  10.4%     -    0s
H    0     0                    184783.07083 167898.103  9.14%     -    0s
H    0     0                    183504.77200 168156.331  8.36%     -    1s
H    0     0                    174800.94691 168156.331  3.80%     -    1s
     0     0 168186.507    0  397 174800.947 168186.507  3.78%     -    1s
H    0     0                    173335.45196 168186.507  2.97%     -    2s
H    0     0                    173273.37362 168186.507  2.94%     -    2s
H    0     0                    173230.06737 168186.507  2.91%     -    2s
H    0     0                    173229.86945 168186.507  2.91%     -    2s
H    0     0                    173045.43069 168186.507  2.81%     -    2s
H    0     0                    172993.83211 168186.507  2.78%     -    2s
H    0     0                    171360.32295 168186.507  1.85%     -    2s
H    0     0                    171360.29580 168186.507  1.85%     -    2s
H    0     0                    171204.85382 168202.155  1.75%     -    2s
H    0     0                    171181.79559 168202.155  1.74%     -    2s
H    0     0                    170795.07747 168202.155  1.52%     -    2s
     0     0 168224.539    0  399 170795.077 168224.539  1.51%     -    2s
H    0     0                    170749.77633 168224.539  1.48%     -    2s
     0     0 168224.539    0  405 170749.776 168224.539  1.48%     -    2s
     0     0 168224.539    0  401 170749.776 168224.539  1.48%     -    2s
H    0     0                    170365.07195 168224.539  1.26%     -    2s
H    0     0                    170189.35545 168224.539  1.15%     -    2s
H    0     0                    170091.30216 168224.539  1.10%     -    2s
H    0     0                    170056.67353 168224.539  1.08%     -    2s
     0     0 168340.216    0  465 170056.674 168340.216  1.01%     -    3s
     0     0 168340.216    0  451 170056.674 168340.216  1.01%     -    3s
H    0     0                    169864.04505 168340.216  0.90%     -    3s
H    0     0                    169538.88342 168340.216  0.71%     -    3s
     0     0 168340.216    0  537 169538.883 168340.216  0.71%     -    3s

Cutting planes:
  Gomory: 52
  Lift-and-project: 11
  Cover: 31
  Implied bound: 3
  Clique: 5
  MIR: 31
  Mixing: 3
  Flow cover: 72
  Zero half: 12
  RLT: 12
  Relax-and-lift: 34
  BQP: 1
  PSD: 7

Explored 1 nodes (15359 simplex iterations) in 3.89 seconds (3.51 work units)
Thread count was 5 (of 32 available processors)

Solution count 10: 169539 169864 170057 ... 171205

Optimal solution found (tolerance 1.00e-02)
Best objective 1.695388834237e+05, best bound 1.683402164084e+05, gap 0.7070%
