
Gurobi 12.0.0 (win64) logging started Mon Feb  2 18:12:01 2026

Set parameter LogFile to value "ELMO_log.txt"
Set parameter Threads to value 24
Set parameter Heuristics to value 0.5
Set parameter MIPFocus to value 3
Set parameter Presolve to value 2
Set parameter FlowCoverCuts to value 2
Set parameter TimeLimit to value 172800
Gurobi Optimizer version 12.0.0 build v12.0.0rc1 (win64 - Windows 11+.0 (26200.2))

CPU model: Intel(R) Core(TM) i9-14900K, instruction set [SSE2|AVX|AVX2]
Thread count: 24 physical cores, 32 logical processors, using up to 24 threads

Non-default parameters:
TimeLimit  172800
MIPGap  0.01
Heuristics  0.5
MIPFocus  3
FlowCoverCuts  2
Presolve  2
Threads  24

Optimize a model with 266401 rows, 791570 columns and 2907938 nonzeros
Model fingerprint: 0x8c97aa9a
Variable types: 114192 continuous, 677378 integer (677377 binary)
Coefficient statistics:
  Matrix range     [1e-01, 4e+02]
  Objective range  [3e-03, 3e+05]
  Bounds range     [1e+00, 1e+00]
  RHS range        [1e+00, 1e+18]
Warning: Model contains large rhs
         Consider reformulating model or setting NumericFocus parameter
         to avoid numerical issues.
Found heuristic solution: objective 9.739107e+10
Presolve removed 220873 rows and 457777 columns
Presolve time: 2.56s
Presolved: 45528 rows, 333793 columns, 932568 nonzeros
Variable types: 46656 continuous, 287137 integer (287136 binary)
Root relaxation presolve removed 17568 rows and 17568 columns
Root relaxation presolved: 27960 rows, 316225 columns, 897432 nonzeros

Deterministic concurrent LP optimizer: primal simplex, dual simplex, and barrier
Showing barrier log only...

Root barrier log...

Ordering time: 0.05s

Barrier statistics:
 Dense cols : 1
 AA' NZ     : 5.924e+05
 Factor NZ  : 1.319e+06 (roughly 150 MB of memory)
 Factor Ops : 8.255e+07 (less than 1 second per iteration)
 Threads    : 22

                  Objective                Residual
Iter       Primal          Dual         Primal    Dual     Compl     Time
   0   1.39775605e+11 -1.35744393e+12  2.11e+02 3.44e+04  1.09e+07     3s
   1   6.55268014e+10 -4.35474289e+11  7.26e+01 4.61e+04  3.13e+06     4s
   2   2.53735163e+09 -1.90104529e+11  4.84e-14 1.63e-09  2.97e+05     4s
   3   1.26708945e+09 -2.01472884e+10  2.46e-13 1.22e-09  3.30e+04     4s
   4   1.29984735e+08 -9.97419775e+08  4.07e-13 1.18e-09  1.74e+03     4s
   5   1.25684941e+07 -2.19728753e+08  3.90e-13 1.21e-09  3.58e+02     4s
   6   2.54506774e+06 -1.84906212e+07  5.14e-13 1.06e-09  3.24e+01     4s
   7   7.75471451e+05 -4.74217274e+06  8.08e-13 1.25e-09  8.51e+00     4s
   8   6.49609381e+05 -1.54659663e+06  6.97e-13 9.82e-10  3.39e+00     4s
   9   5.71307698e+05 -9.36162325e+05  5.47e-13 1.02e-09  2.32e+00     4s
  10   5.20644169e+05 -1.29124528e+05  6.06e-13 8.47e-10  1.00e+00     4s
  11   5.01336993e+05  1.17850420e+05  4.35e-13 9.62e-10  5.91e-01     4s
  12   4.66559314e+05  2.30987734e+05  4.91e-13 8.57e-10  3.63e-01     4s
  13   4.58189095e+05  2.63439506e+05  4.55e-13 8.62e-10  3.00e-01     4s
  14   4.53395557e+05  2.93310351e+05  1.79e-12 9.26e-10  2.47e-01     4s
  15   4.41281397e+05  3.30303224e+05  1.66e-12 8.85e-10  1.71e-01     4s
  16   4.23426945e+05  3.48001025e+05  1.56e-12 8.00e-10  1.16e-01     4s
  17   4.17679203e+05  3.62939128e+05  1.30e-12 9.99e-10  8.44e-02     4s
  18   4.06062899e+05  3.73765938e+05  1.40e-12 8.26e-10  4.98e-02     4s
  19   4.03990366e+05  3.77624383e+05  1.45e-12 8.87e-10  4.07e-02     4s
  20   4.01036772e+05  3.80255521e+05  1.79e-11 9.13e-10  3.20e-02     5s
  21   3.98441762e+05  3.81765655e+05  5.12e-11 8.32e-10  2.57e-02     5s
  22   3.96282356e+05  3.84135121e+05  9.03e-11 8.41e-10  1.87e-02     5s
  23   3.94484859e+05  3.85241700e+05  7.15e-11 8.83e-10  1.43e-02     5s
  24   3.91678103e+05  3.85615403e+05  1.32e-10 9.29e-10  9.35e-03     5s
  25   3.90712658e+05  3.86478911e+05  1.10e-10 8.98e-10  6.53e-03     5s
  26   3.90338221e+05  3.86832419e+05  9.84e-11 8.65e-10  5.41e-03     5s
  27   3.89165129e+05  3.87052635e+05  9.20e-11 9.35e-10  3.26e-03     5s
  28   3.88455936e+05  3.87174034e+05  1.39e-10 8.68e-10  1.98e-03     5s
  29   3.88040881e+05  3.87232448e+05  1.00e-10 9.27e-10  1.25e-03     5s
  30   3.88021604e+05  3.87252705e+05  9.93e-11 9.69e-10  1.19e-03     5s
  31   3.87900068e+05  3.87276999e+05  8.62e-11 9.25e-10  9.61e-04     5s
  32   3.87775606e+05  3.87296647e+05  7.49e-11 9.06e-10  7.38e-04     5s
  33   3.87739677e+05  3.87308000e+05  8.16e-11 8.51e-10  6.66e-04     5s
  34   3.87643739e+05  3.87323031e+05  2.31e-10 1.02e-09  4.94e-04     5s
  35   3.87559335e+05  3.87332909e+05  1.45e-10 8.07e-10  3.49e-04     5s
  36   3.87506625e+05  3.87340914e+05  1.12e-10 8.62e-10  2.55e-04     5s
  37   3.87475254e+05  3.87344878e+05  1.13e-10 8.02e-10  2.01e-04     5s
  38   3.87382941e+05  3.87348691e+05  5.66e-10 1.08e-09  5.28e-05     6s
  39   3.87367440e+05  3.87349757e+05  4.71e-10 8.56e-10  2.73e-05     6s
  40   3.87360204e+05  3.87350616e+05  4.00e-10 8.79e-10  1.48e-05     6s
  41   3.87353037e+05  3.87350968e+05  6.77e-10 8.79e-10  3.19e-06     6s
  42   3.87351828e+05  3.87351172e+05  2.19e-10 1.06e-09  1.01e-06     6s
  43   3.87351306e+05  3.87351221e+05  2.82e-11 7.47e-10  1.31e-07     6s
  44   3.87351239e+05  3.87351228e+05  4.63e-11 1.12e-09  1.70e-08     6s
  45   3.87351229e+05  3.87351229e+05  1.87e-11 9.34e-10  1.02e-09     6s

Barrier solved model in 45 iterations and 5.83 seconds (12.05 work units)
Optimal objective 3.87351229e+05


Root crossover log...

    8091 DPushes remaining with DInf 0.0000000e+00                 6s
       0 DPushes remaining with DInf 0.0000000e+00                 6s

  129264 PPushes remaining with PInf 8.0636763e-04                 6s
       0 PPushes remaining with PInf 0.0000000e+00                 7s

  Push phase complete: Pinf 0.0000000e+00, Dinf 3.1053513e-05      7s


Root simplex log...

Iteration    Objective       Primal Inf.    Dual Inf.      Time
  137354    3.8735123e+05   0.000000e+00   3.105339e-05      7s
  137356    3.8735123e+05   0.000000e+00   0.000000e+00      7s
Concurrent spin time: 0.70s (can be avoided by choosing Method=3)

Solved with barrier
  139948    3.8735123e+05   0.000000e+00   0.000000e+00      8s
Extra simplex iterations after uncrush: 2592

Root relaxation: objective 3.873512e+05, 139948 iterations, 5.22 seconds (6.41 work units)
Total elapsed time = 10.96s (DegenMoves)
Total elapsed time = 15.80s (DegenMoves)

    Nodes    |    Current Node    |     Objective Bounds      |     Work
 Expl Unexpl |  Obj  Depth IntInf | Incumbent    BestBd   Gap | It/Node Time

     0     0 387351.229    0 7216 9.7391e+10 387351.229   100%     -   21s
H    0     0                    2.326695e+07 387351.229  98.3%     -   21s
H    0     0                    2.325672e+07 387351.229  98.3%     -   21s
     0     0 387400.644    0 6837 2.3257e+07 387400.644  98.3%     -   35s
H    0     0                    2.012393e+07 387401.886  98.1%     -   36s
H    0     0                    1.828241e+07 387401.886  97.9%     -   36s
H    0     0                    1.815900e+07 387401.886  97.9%     -   36s
H    0     0                    1.811173e+07 387401.886  97.9%     -   36s
H    0     0                    1.805339e+07 387401.886  97.9%     -   36s
H    0     0                    1.793225e+07 387401.886  97.8%     -   36s
     0     0 387465.402    0 8069 1.7932e+07 387465.402  97.8%     -   38s
     0     0 409756.411    0 8523 1.7932e+07 409756.411  97.7%     -   45s
     0     0 444590.567    0 8064 1.7932e+07 444590.567  97.5%     -   48s
     0     0 481074.105    0 8057 1.7932e+07 481074.105  97.3%     -   50s
     0     0 517833.114    0 8023 1.7932e+07 517833.114  97.1%     -   53s
     0     0 553999.410    0 8042 1.7932e+07 553999.410  96.9%     -   56s
     0     0 590842.184    0 8023 1.7932e+07 590842.184  96.7%     -   59s
     0     0 627740.023    0 7881 1.7932e+07 627740.023  96.5%     -   62s
     0     0 662111.120    0 6965 1.7932e+07 662111.120  96.3%     -   70s
     0     0 703989.345    0 5542 1.7932e+07 703989.345  96.1%     -   80s
     0     0 749312.326    0 4537 1.7932e+07 749312.326  95.8%     -   89s
     0     0 784229.222    0 3929 1.7932e+07 784229.222  95.6%     -   93s
     0     0 784229.290    0 3843 1.7932e+07 784229.290  95.6%     -   93s
     0     0 784229.290    0 3845 1.7932e+07 784229.290  95.6%     -   93s
     0     0 784277.428    0 2112 1.7932e+07 784277.428  95.6%     -  111s
H    0     0                    1711837.7784 784277.428  54.2%     -  112s
H    0     0                    1568612.1159 784277.428  50.0%     -  112s
H    0     0                    1568563.2008 784277.428  50.0%     -  112s
H    0     0                    1567186.4465 784277.428  50.0%     -  112s
     0     0 784502.168    0 2692 1567186.45 784502.168  49.9%     -  113s
     0     0 784537.587    0 2633 1567186.45 784537.587  49.9%     -  114s
     0     0 784629.976    0 1845 1567186.45 784629.976  49.9%     -  133s
H    0     0                    1242229.1542 784629.976  36.8%     -  133s
H    0     0                    911499.27106 784629.976  13.9%     -  134s
     0     0 784671.424    0 2107 911499.271 784671.424  13.9%     -  134s
     0     0 784691.742    0 1839 911499.271 784691.742  13.9%     -  149s
     0     0 784691.742    0 1817 911499.271 784691.742  13.9%     -  156s
H    0     0                    911455.62336 784691.742  13.9%     -  158s
H    0     0                    911330.49876 784691.742  13.9%     -  158s
H    0     0                    905464.00658 784691.742  13.3%     -  159s
H    0     0                    894265.20992 784691.742  12.3%     -  161s
H    0     0                    893733.24577 784691.742  12.2%     -  165s
H    0     0                    893302.62859 784691.742  12.2%     -  165s
H    0     0                    892606.66980 784691.742  12.1%     -  166s
H    0     0                    892347.15065 784691.742  12.1%     -  166s
H    0     0                    891801.14507 784691.742  12.0%     -  166s
H    0     0                    891753.33645 784691.742  12.0%     -  166s
H    0     0                    891660.23801 784691.742  12.0%     -  166s
H    0     0                    891557.80472 784691.742  12.0%     -  166s
H    0     0                    891403.84775 784691.742  12.0%     -  166s
H    0     0                    889439.16196 784691.742  11.8%     -  168s
H    0     0                    889408.27677 784691.742  11.8%     -  168s
H    0     0                    887868.89927 784691.742  11.6%     -  170s
H    0     0                    887809.51768 784691.742  11.6%     -  170s
H    0     0                    887682.02283 784691.742  11.6%     -  170s
H    0     0                    887566.29276 784691.742  11.6%     -  170s
H    0     0                    886953.12010 784691.742  11.5%     -  171s
H    0     0                    886752.21358 784691.742  11.5%     -  171s
H    0     0                    886398.01091 784691.742  11.5%     -  171s
H    0     0                    886366.45708 784691.742  11.5%     -  171s
H    0     0                    882878.62748 784691.742  11.1%     -  174s
H    0     2                    836063.97671 784691.742  6.14%     -  183s
     0     2 784691.742    0 1798 836063.977 784691.742  6.14%     -  183s
     1     4 797384.359    1 2334 836063.977 784822.633  6.13% 93874  188s
     3     8 785549.963    2 2055 836063.977 785456.301  6.05% 34725  190s
    15    32 785575.044    4 2294 836063.977 785571.640  6.04% 10544  198s
    31    56 785577.186    5 2374 836063.977 785575.044  6.04% 12789  213s
H   33    56                    835952.18089 785575.044  6.03% 12061  213s
H   40    56                    835717.38511 785575.046  6.00% 10207  213s
    55   176 785580.171    6 2611 835717.385 785577.186  6.00%  8038  226s
   175   200 785580.940    6 2600 835717.385 785577.291  6.00%  2740  285s
   199   224 785580.515    9 2723 835717.385 785580.171  6.00%  2577  375s
H  210   224                    835709.16396 785580.172  6.00%  2493  375s
H  223   830                    835474.57632 785580.184  5.97%  2414  500s
H  276   830                    835444.24295 785580.184  5.97%  1972  500s
H  759   830                    835390.58669 785580.202  5.96%   788  500s
H  829  2101                    833349.38751 785580.216  5.73%   742  736s
H 1036  2101                    832729.21675 785580.219  5.66%   612  736s
H 1244  2101                    832652.89693 785580.249  5.65%   525  736s
  2100  4093 785584.240    9 2809 832652.897 785580.297  5.65%   348  778s
H 4092  4093                    832646.82458 785580.515  5.65%   205  803s
H 4092  4093                    832633.38482 785580.515  5.65%   205  805s
H 4092  4093                    832632.35515 785580.515  5.65%   205  806s
H 4092  4093                    832632.14540 785580.515  5.65%   205  808s
H 4092  4093                    832578.31661 785580.515  5.64%   205  809s
H 4092  4093                    832576.86714 785580.515  5.64%   205  810s
H 4092  4093                    832576.86699 785580.515  5.64%   205  810s
H 4092  4093                    832504.96380 785580.515  5.64%   205  812s
  4093  4094 785585.959   33 1817 832504.964 785580.515  5.64%   205  850s
H 4094  3890                    832481.72644 785580.515  5.63%   205  871s
H 4094  3695                    832466.50734 785580.515  5.63%   205  877s
H 4095  3510                    832447.62692 785580.515  5.63%   205  904s
  4096  3511 785585.181   40 6621 832447.627 785580.515  5.63%   205  906s
  4097  3512 785584.155   18 6978 832447.627 785580.515  5.63%   205  910s
  4099  3513 785584.217   13 7227 832447.627 785580.515  5.63%   204  917s
  4100  3514 785583.934   90 7424 832447.627 785580.515  5.63%   204  920s
  4102  3515 785580.553    7 7488 832447.627 785580.515  5.63%   204  927s
  4103  3516 785583.447   40 6798 832447.627 785580.515  5.63%   204  934s
H 4103  3340                    832426.65820 785580.515  5.63%   204  953s
H 4103  3173                    831830.22237 785580.515  5.56%   204  953s
H 4103  3014                    831827.01768 785580.515  5.56%   204  953s
H 4103  2863                    831817.65169 785580.515  5.56%   204  953s
  4105  2864 785584.332   62 4345 831817.652 785580.515  5.56%   204  963s
H 4105  2721                    831781.05683 785580.515  5.55%   204  967s
H 4107  2586                    831777.53826 785580.515  5.55%   204  983s
H 4108  2457                    831737.44585 785580.515  5.55%   204 1028s
H 4108  2334                    831622.25903 785580.515  5.54%   204 1029s
H 4108  2217                    831607.38463 785580.515  5.53%   204 1030s
H 4108  2106                    831606.88709 785580.515  5.53%   204 1030s
H 4108  2000                    831574.19921 785580.515  5.53%   204 1035s
H 4108  1900                    831573.16331 785580.515  5.53%   204 1035s
H 4108  1805                    831565.31082 785580.515  5.53%   204 1035s
H 4108  1714                    831561.38577 785580.515  5.53%   204 1035s
H 4108  1628                    831558.19902 785580.515  5.53%   204 1035s
H 4109  1547                    831485.50096 785580.515  5.52%   204 1038s
H 4109  1470                    831350.18278 785580.515  5.51%   204 1038s
H 4109  1396                    830884.86702 785580.515  5.45%   204 1041s
H 4110  1326                    830618.71307 785580.515  5.42%   204 1066s
H 4110  1259                    830612.56981 785580.515  5.42%   204 1066s
H 4110  1196                    830611.66058 785580.515  5.42%   204 1066s
H 4110  1136                    830602.56088 785580.515  5.42%   204 1066s
H 4110  1079                    830489.42504 785580.515  5.41%   204 1069s
H 4111  1025                    830481.03934 785580.515  5.41%   204 1096s
H 4111   974                    830480.64979 785580.515  5.41%   204 1096s
H 4111   925                    830480.45007 785580.515  5.41%   204 1096s
H 4111   878                    830480.10016 785580.515  5.41%   204 1096s
H 4111   834                    830417.31901 785580.515  5.40%   204 1096s
  4112   835 785589.707   22 2041 830417.319 785589.707  5.40%   204 1113s
  4113   835 785589.707   64 2550 830417.319 785589.707  5.40%   204 1128s
  4114   836 785590.892   84 2764 830417.319 785590.892  5.40%   204 1162s
  4115   837 785592.550   25 2060 830417.319 785592.550  5.40%   204 1185s
  4116   837 785592.550   18 2498 830417.319 785592.550  5.40%   204 1216s
  4117   838 785592.550   61 2002 830417.319 785592.550  5.40%   204 1269s
  4118   839 785592.550   11 2486 830417.319 785592.550  5.40%   203 1329s
  4119   839 785592.550   37 2034 830417.319 785592.550  5.40%   203 1414s
  4120   840 785592.550   92 2328 830417.319 785592.550  5.40%   203 1471s
  4121   841 785592.550   38 2147 830417.319 785592.550  5.40%   203 1535s
  4122   841 785592.550   33 2465 830417.319 785592.550  5.40%   203 1585s
  4123   842 785592.550   77 2131 830417.319 785592.550  5.40%   203 1679s
  4124   843 785592.550   28 2316 830417.319 785592.550  5.40%   203 1712s
  4125   843 785592.550   36 2110 830417.319 785592.550  5.40%   203 1792s
  4126   844 785592.550   18 2440 830417.319 785592.550  5.40%   203 1866s
  4127   845 785592.550   18 2126 830417.319 785592.550  5.40%   203 1954s
  4128   845 785592.550   30 2044 830417.319 785592.550  5.40%   203 1996s
H 4128   802                    830414.21899 785592.550  5.40%   203 2170s
H 4128   761                    830414.01087 785592.550  5.40%   203 2198s
H 4128   723                    830373.06244 785592.550  5.39%   203 2198s
H 4128   686                    830309.75062 785592.550  5.39%   203 2203s
H 4128   651                    830280.01377 785592.550  5.38%   203 2210s
  4129   652 785592.550   12 2044 830280.014 785592.550  5.38%   203 2236s
H 4129   621                    829862.27212 785592.550  5.33%   493 2285s
  4130   623 785592.550   10 1879 829862.272 785592.550  5.33%   499 2294s
  4132   626 785592.550   11 2111 829862.272 785592.550  5.33%   516 2298s
  4136   633 785592.550   12 2427 829862.272 785592.550  5.33%   518 2304s
  4144   646 785592.550   13 2503 829862.272 785592.550  5.33%   532 2314s
  4160   665 785592.550   14 2748 829862.272 785592.550  5.33%   577 2372s
H 4168   630                    829862.07843 785592.550  5.33%   580 2372s
  4184   745 785592.550   15 2809 829862.078 785592.550  5.33%   593 2389s
  4304   729 785592.550   15 2907 829862.078 785592.550  5.33%   593 2465s
H 4306   698                    829861.37445 785592.550  5.33%   593 2465s
  4328   715 785592.550   17 2883 829861.374 785592.550  5.33%   606 2683s
H 4329   686                    829842.92303 785592.550  5.33%   606 2683s
H 4331   659                    829795.30432 785592.550  5.33%   607 2684s
  4352   724 785592.550   20 3000 829795.304 785592.550  5.33%   623 2935s
H 4424  1109                    829757.54164 785592.550  5.32%   638 3237s
H 4454  1075                    829728.29472 785592.550  5.32%   636 3237s
H 4455  1050                    829708.57379 785592.550  5.32%   637 3237s
H 4558   994                    829682.95931 785592.550  5.31%   632 3238s
H 4744   911                    829626.74762 785592.550  5.31%   617 3238s
  4859  2457 785592.550   20 2840 829626.748 785592.550  5.31%   611 4429s
H 4884  2428                    829606.92171 785592.550  5.31%   608 4429s
H 4950  2388                    829497.18961 785592.550  5.29%   602 4429s
H 5082  2326                    829493.64871 785592.550  5.29%   590 4429s
H 5214  2315                    829492.81541 785592.550  5.29%   579 4429s
H 5280  2315                    829444.78149 785592.550  5.29%   573 4430s
H 6072  2315                    829381.82997 785592.550  5.28%   515 4430s
  6443  4307 785592.550   20 2957 829381.830 785592.550  5.28%   494 5023s
  8435  5963 785592.550   19 2888 829381.830 785592.550  5.28%   402 5360s
 10091  7939 785592.550   17 2770 829381.830 785592.550  5.28%   354 6053s
 12067  9931 785592.550   16 2871 829381.830 785592.550  5.28%   312 6123s
 14059 11923 785592.550   18 2868 829381.830 785592.550  5.28%   281 6201s
 16051 13915 785592.550   19 2930 829381.830 785592.550  5.28%   258 6285s
 18043 13939 785592.550   19 2890 829381.830 785592.550  5.28%   241 7382s
 18067 15327 785599.340   23 2882 829381.830 785592.550  5.28%   244 7686s
 19455 17282 785599.556   21 3002 829381.830 785592.550  5.28%   235 7785s
H21410 17736                    829346.87000 785592.550  5.28%   223 8310s
 21864 17760 785611.358   21 2888 829346.870 785592.550  5.28%   222 9263s
H21872 17760                    829342.57125 785592.550  5.28%   223 9263s
 21888 19540 785611.383   20 2855 829342.571 785592.550  5.28%   224 9503s
H23668 19564                    829314.08073 785592.550  5.27%   214 10550s
H23677 19564                    829298.32605 785592.550  5.27%   215 10550s
H23679 19564                    829286.03823 785592.550  5.27%   215 10551s
H23681 19564                    829254.13680 785592.550  5.27%   215 10551s
H23682 19564                    828545.63259 785592.550  5.18%   215 10551s
 23692 19950 785613.551   23 2892 828545.633 785592.550  5.18%   216 11520s
H24078 19974                    828523.47912 785592.550  5.18%   215 12235s
H24079 19974                    828521.55177 785592.550  5.18%   216 12235s
H24087 19974                    828506.34695 785592.550  5.18%   216 12235s
H24088 19974                    828471.29796 785592.550  5.18%   216 12235s
H24102 19998                    828450.87933 785592.550  5.17%   217 13619s
H24103 19998                    828438.49118 785592.550  5.17%   217 13619s
H24115 19998                    828418.87558 785592.550  5.17%   218 13619s
 24126 21990 785619.992   29 2917 828418.876 785592.550  5.17%   219 13727s
H26118 22014                    828416.62581 785592.550  5.17%   209 16143s
H26119 22014                    828408.23926 785592.550  5.17%   209 16143s
H26121 22014                    828407.64315 785592.550  5.17%   210 16143s
H26122 22014                    828394.99995 785592.550  5.17%   210 16143s
H26131 22014                    828391.43378 785592.550  5.17%   210 16144s
 26142 24006 785619.812   29 2801 828391.434 785592.550  5.17%   211 16256s
 28134 24030 785620.364   28 2857 828391.434 785592.550  5.17%   203 17231s
 28158 24054 785620.383   34 2823 828391.434 785592.550  5.17%   204 17630s
H28182 24078                    828382.43607 785592.550  5.17%   206 18456s
H28184 24078                    828380.88943 785592.550  5.17%   206 18456s
H28185 24078                    828374.69900 785592.550  5.16%   206 18456s
H28187 24078                    828371.58446 785592.550  5.16%   206 18456s
 28206 25652 785634.194   39 2849 828371.584 785592.550  5.16%   208 18558s
H29780 25676                    828342.76830 785592.550  5.16%   202 19516s
H29786 25676                    828331.08012 785592.550  5.16%   202 19516s
H29794 25676                    828190.69507 785592.550  5.14%   203 19517s
 29804 27083 785620.705   40 2802 828190.695 785592.550  5.14%   204 19618s
 31211 27107 785626.488   40 2932 828190.695 785592.550  5.14%   200 20923s
 31235 27131 785634.189   43 2813 828190.695 785592.550  5.14%   201 21393s
H31243 27131                    828182.44153 785592.550  5.14%   202 21393s
 31259 27155 785634.715   37 2725 828182.442 785592.550  5.14%   203 22388s
H31283 27179                    828145.36651 785592.550  5.14%   204 23534s
 31299 27179 785620.435   23 2831 828145.367 785592.550  5.14%   205 23535s
 31307 27875 785619.483   17 2833 828145.367 785592.550  5.14%   205 24130s
 32003 27899 785619.506   20 2917 828145.367 785592.550  5.14%   203 24700s
H32027 27923                    828138.02358 785592.550  5.14%   204 25665s
H32028 27923                    828137.61046 785592.550  5.14%   204 25666s
H32029 27923                    828112.28852 785592.550  5.13%   204 25666s
H32039 27923                    828111.23282 785592.550  5.13%   205 25666s
H32040 27923                    828100.85966 785592.550  5.13%   205 25666s
 32051 28259 785620.635   22 2908 828100.860 785592.550  5.13%   205 25754s
 32191 28259 785620.652   22 2965 828100.860 785592.550  5.13%   205 25755s
 32387 29747 785620.590   29 2974 828100.860 785592.550  5.13%   205 26182s
 33875 29771 785620.722   45 2749 828100.860 785592.550  5.13%   201 26973s
 33899 29795 785621.251   31 2890 828100.860 785592.550  5.13%   202 27605s
 33923 30154 785633.405   24 2858 828100.860 785592.550  5.13%   203 28131s
 34282 31613 785633.366   29 2818 828100.860 785592.550  5.13%   203 28403s
 35444 31613 785633.467   22 2940 828100.860 785592.550  5.13%   200 28405s
 35741 33587 785633.393   29 2855 828100.860 785592.550  5.13%   199 28563s
 37142 33587 785633.620   31 2715 828100.860 785592.550  5.13%   195 28565s
 37715 35578 785633.713   30 2903 828100.860 785592.550  5.13%   194 28722s
 39458 35578 785633.775   34 2802 828100.860 785592.550  5.13%   189 28725s
 39706 37570 785633.761   25 2905 828100.860 785592.550  5.13%   189 28878s
 41200 37570 785633.875   30 2907 828100.860 785592.550  5.13%   185 28880s
 41698 39562 785633.858   34 2920 828100.860 785592.550  5.13%   184 29038s
 43690 41554 785634.009   42 2846 828100.860 785592.550  5.13%   180 29201s
 45682 43546 785634.010   40 2689 828100.860 785592.550  5.13%   176 29371s
 47674 43570 785634.116   29 2766 828100.860 785592.550  5.13%   172 30303s
H47696 43570                    828095.11705 785592.550  5.13%   173 30304s
 47698 43594 785634.130   34 2790 828095.117 785592.550  5.13%   173 32626s
H47720 43594                    828095.10477 785592.550  5.13%   174 32626s
 47722 43618 785634.141   39 2859 828095.105 785592.550  5.13%   174 33707s
 47746 43642 785634.555   36 2701 828095.105 785592.550  5.13%   175 34853s
H47749 43642                    828094.70642 785592.550  5.13%   175 34853s
H47752 43642                    828092.89738 785592.550  5.13%   176 34854s
 47770 43666 785634.342   38 2756 828092.897 785592.550  5.13%   176 36379s
H47791 43666                    828092.85945 785592.550  5.13%   177 36380s
 47794 44362 785634.254   47 2801 828092.859 785592.550  5.13%   177 38237s
H48490 44386                    828092.85895 785592.550  5.13%   177 39179s
H48499 44386                    828087.35513 785592.550  5.13%   177 39179s
H48506 44386                    828083.74076 785592.550  5.13%   178 39179s
 48508 44386 785730.211   45 2784 828083.741 785592.550  5.13%   178 39180s
H48510 44386                    828083.23016 785592.550  5.13%   178 39180s
H48514 44410                    828082.44365 785592.550  5.13%   178 40082s
H48523 44410                    828080.13900 785592.550  5.13%   178 40082s
H48527 44410                    828079.82199 785592.550  5.13%   178 40082s
 48538 45682 785646.274   48 2758 828079.822 785592.550  5.13%   179 41611s
 49810 45706 785649.369   56 2715 828079.822 785592.550  5.13%   177 42907s
H49812 45706                    828074.86002 785592.550  5.13%   177 42907s
H49817 45706                    828072.51045 785592.550  5.13%   177 42907s
 49834 47522 785634.064   21 2855 828072.510 785592.550  5.13%   178 43772s
 51573 47522 785635.066   22 2869 828072.510 785592.550  5.13%   175 43775s
H51650 48299                    828068.41570 785592.550  5.13%   175 49294s
 51650 48299 785635.066   23 2888 828068.416 785592.550  5.13%   175 49295s
H51665 48299                    828005.23002 785592.550  5.12%   175 49295s
H51766 48299                    827932.78439 785592.550  5.11%   175 49295s
H52348 48299                    827904.15582 785592.550  5.11%   174 49296s
H52427 48335                    827866.74090 785592.550  5.11%   174 59683s
H52429 48335                    827853.17579 785592.550  5.10%   174 59683s
H52430 48335                    827826.90742 785592.550  5.10%   174 59683s
H52439 48335                    827812.32231 785592.550  5.10%   174 59684s
H52450 48335                    827755.17439 785592.550  5.09%   175 59684s
 52461 48335 785639.011   23 2836 827755.174 785592.550  5.09%   175 59685s
 52463 50327 785649.760   65 2734 827755.174 785592.550  5.09%   175 59860s
 54455 50351 785649.785   59 2737 827755.174 785592.550  5.09%   172 63954s
H54456 50351                    827754.40280 785592.550  5.09%   172 63954s
H54461 50351                    827753.45123 785592.550  5.09%   172 63954s
H54471 50351                    827752.62622 785592.550  5.09%   173 63955s
H54476 50351                    827747.83487 785592.550  5.09%   173 63955s
 54479 52343 785642.777   21 2831 827747.835 785592.550  5.09%   173 64162s
 56471 52367 785658.209   61 2629 827747.835 785592.550  5.09%   170 67921s
 56495 52426 785642.276   22 2779 827747.835 785592.550  5.09%   170 69853s
 56554 53434 785650.651   19 2820 827747.835 785592.550  5.09%   171 72221s
 57562 53559 785650.735   22 2751 827747.835 785592.550  5.09%   170 74505s
 57687 55551 785650.771   19 2739 827747.835 785592.550  5.09%   170 74743s
 59679 55575 785650.776   21 2801 827747.835 785592.550  5.09%   167 78721s
 59703 56073 785650.763   19 2909 827747.835 785592.550  5.09%   168 80333s
 60201 58065 785650.773   20 2757 827747.835 785592.550  5.09%   168 80636s
 62193 60057 785651.838   22 2802 827747.835 785592.550  5.09%   165 80835s
 64185 62049 785651.785   26 2871 827747.835 785592.550  5.09%   163 81015s
 66177 64041 785650.768   20 2871 827747.835 785592.550  5.09%   160 81206s
 68169 66033 785650.797   21 2918 827747.835 785592.550  5.09%   159 81402s
 70161 68024 785650.806   24 2822 827747.835 785592.550  5.09%   157 81603s
 71489 68024 785664.462   25 2694 827747.835 785592.550  5.09%   156 81605s
 72152 68048 785650.786   22 2783 827747.835 785592.550  5.09%   155 84447s
 72176 68072 785650.822   22 2857 827747.835 785592.550  5.09%   156 85610s
 72200 68096 785650.875   23 2831 827747.835 785592.550  5.09%   156 86802s
 72224 68406 785650.904   22 2821 827747.835 785592.550  5.09%   156 87401s
 72534 70398 785650.945   24 2800 827747.835 785592.550  5.09%   156 87634s
 72866 70398 785650.910   20 2855 827747.835 785592.550  5.09%   156 87635s
 74526 72390 785650.948   22 2867 827747.835 785592.550  5.09%   155 87839s
 76518 74382 785650.917   21 2909 827747.835 785592.550  5.09%   153 88053s
 77597 74382 785650.919   22 2857 827747.835 785592.550  5.09%   152 88055s
 78510 76374 785650.928   23 2870 827747.835 785592.550  5.09%   152 88274s
 78759 76374 785650.910   22 2935 827747.835 785592.550  5.09%   152 88275s
 80502 76398 785650.944   22 2924 827747.835 785592.550  5.09%   150 90526s
 80526 76422 785650.991   24 2904 827747.835 785592.550  5.09%   151 91487s
 80550 76446 785664.616   25 2821 827747.835 785592.550  5.09%   151 92743s
 80574 76679 785651.021   27 2776 827747.835 785592.550  5.09%   152 93600s
 80807 78671 785651.093   22 2836 827747.835 785592.550  5.09%   152 93849s
 81554 78671 785651.150   24 2866 827747.835 785592.550  5.09%   151 93850s
 82799 79963 785651.189   24 2890 827747.835 785592.550  5.09%   151 94111s
 84091 81835 785651.055   22 2866 827747.835 785592.550  5.09%   150 94371s
 85963 83616 785651.085   20 2781 827747.835 785592.550  5.09%   149 94667s
 87744 85251 785651.097   18 2851 827747.835 785592.550  5.09%   148 94978s
 89379 85275 785651.110   17 2812 827747.835 785592.550  5.09%   147 98407s
 89403 85299 785651.722   26 2781 827747.835 785592.550  5.09%   147 99840s
 89427 85324 785651.302   27 2744 827747.835 785592.550  5.09%   148 101316s
 89452 85418 785651.305   21 2840 827747.835 785592.550  5.09%   148 103636s
 89546 85442 785651.374   24 2817 827747.835 785592.550  5.09%   148 105650s
 89570 85466 785651.320   21 2860 827747.835 785592.550  5.09%   149 107427s
 89594 85719 785651.369   24 2770 827747.835 785592.550  5.09%   149 108794s
 89647 85719 785651.396   21 2808 827747.835 785592.550  5.09%   149 108795s
 89847 86361 785651.488   26 2860 827747.835 785592.601  5.09%   149 109611s
 90489 87871 785656.056   25 2808 827747.835 785592.723  5.09%   149 110274s
 91999 87895 785652.936   31 2903 827747.835 785592.850  5.09%   149 114381s
 92023 87934 785667.384   59 2742 827747.835 785592.917  5.09%   149 116257s
 92062 88331 785674.302   61 2820 827747.835 785592.982  5.09%   150 117561s
 92459 90323 785668.410   68 2731 827747.835 785593.043  5.09%   150 117907s
 94451 92285 785652.144   27 2809 827747.835 785593.121  5.09%   149 118307s
 96413 94277 785736.241   60 2763 827747.835 785593.211  5.09%   148 118611s
 98405 94301 785657.721   26 2923 827747.835 785593.242  5.09%   147 123005s
 98429 94325 785668.145   52 2701 827747.835 785593.460  5.09%   148 124836s
 98453 94482 785652.620   27 2767 827747.835 785593.609  5.09%   148 126323s
 98610 95630 785668.462   23 2829 827747.835 785593.678  5.09%   148 126725s
 99758 97622 785664.969   22 2837 827747.835 785593.875  5.09%   148 127028s
 101003 97622 785665.000   24 2759 827747.835 785593.910  5.09%   147 127031s
 101750 99614 785653.703   38 2791 827747.835 785593.963  5.09%   147 127333s
 102580 99614 785664.926   27 2683 827747.835 785594.012  5.09%   147 127335s
 103742 101606 785780.807   26 2750 827747.835 785594.073  5.09%   146 127679s
 104157 101606 785669.477   70 2712 827747.835 785594.099  5.09%   146 127680s
 105734 103510 785668.497   27 2933 827747.835 785594.242  5.09%   145 127970s
 107638 103534 785664.883   28 2925 827747.835 785594.342  5.09%   144 130873s
 107662 103558 785669.302   42 2815 827747.835 785594.428  5.09%   145 132204s
 107686 103582 785665.350   26 2862 827747.835 785594.457  5.09%   145 133737s
 107710 103619 785665.313   27 2912 827747.835 785594.473  5.09%   145 136142s
 107747 103818 785665.490   29 2855 827747.835 785594.515  5.09%   146 137846s
H107860 103818                    827747.14216 785594.566  5.09%   146 137847s
 107946 105810 785665.427   32 2801 827747.142 785594.599  5.09%   146 138194s
 108112 105810 785665.630   30 2881 827747.142 785594.599  5.09%   146 138195s
 109938 107782 785665.496   32 2861 827747.142 785594.642  5.09%   145 138511s
 111910 107806 785668.946   27 2876 827747.142 785594.696  5.09%   144 141897s
 111934 107830 785665.182   29 2815 827747.142 785594.735  5.09%   145 143361s
 111958 107854 785669.989   27 2860 827747.142 785594.771  5.09%   145 145017s
 111982 108081 785668.933   25 2876 827747.142 785594.812  5.09%   146 146071s
 112209 108465 785665.458   27 2847 827747.142 785594.921  5.09%   146 146334s
 112417 108465 785718.243   45 2866 827747.142 785594.961  5.09%   146 146335s
 112593 110331 785655.275   41 2806 827747.142 785594.996  5.09%   146 146732s
 113690 110331 785665.438   29 2847 827747.142 785595.037  5.09%   146 146735s
 114459 112323 785665.465   33 2959 827747.142 785595.061  5.09%   145 147025s
 116451 112429 785665.654   34 2837 827747.142 785595.110  5.09%   144 148970s
H116552 112429                    827747.14173 785595.148  5.09%   145 148972s

Cutting planes:
  Gomory: 415
  Lift-and-project: 217
  Implied bound: 247
  MIR: 6955
  Mixing: 282
  Flow cover: 15244
  GUB cover: 5
  Zero half: 1
  RLT: 1
  Relax-and-lift: 1048

Explored 116557 nodes (17708237 simplex iterations) in 148976.47 seconds (6850.34 work units)
Thread count was 24 (of 32 available processors)

Solution count 10: 827747 827747 827748 ... 827853

Solve interrupted
Best objective 8.277471417251e+05, best bound 7.855951579393e+05, gap 5.0924%
