
Gurobi 13.0.2 (linux64) logging started Tue Oct  6 14:31:43 2026

Set parameter OutputFlag to value 1
Set parameter LogToConsole to value 0
Set parameter TimeLimit to value 900
Set parameter MIPGap to value 0.0001
Set parameter MIPFocus to value 3
Gurobi Optimizer version 13.0.2 build v13.0.2rc1 (linux64 - "Ubuntu 24.04.5 LTS")

CPU model: Intel(R) Xeon(R) Gold 6130 CPU @ 2.10GHz, instruction set [SSE2|AVX|AVX2|AVX512]
Thread count: 32 physical cores, 64 logical processors, using up to 8 threads

Non-default parameters:
TimeLimit  900
MIPFocus  3
LogToConsole  0
Threads  8

Optimize a model with 15176 rows, 14896 columns and 85048 nonzeros (Min)
Model fingerprint: 0x588c1d63
Model has 198 linear objective coefficients
Variable types: 3450 continuous, 11446 integer (8641 binary)
Coefficient statistics:
  Matrix range     [1e-02, 1e+03]
  Objective range  [6e-01, 1e+06]
  Bounds range     [1e+00, 5e+02]
  RHS range        [1e+00, 3e+03]

User MIP start produced solution with objective 24621.8 (0.08s)
Loaded user MIP start with objective 24621.8

Presolve removed 11263 rows and 7079 columns
Presolve time: 0.33s
Presolved: 3913 rows, 7817 columns, 36224 nonzeros
Variable types: 1220 continuous, 6597 integer (5935 binary)
Root relaxation presolve removed 41 rows and 1 columns
Root relaxation presolved: 3872 rows, 7856 columns, 31219 nonzeros


Root relaxation: objective 2.324560e+04, 4430 iterations, 0.37 seconds (0.20 work units)

    Nodes    |    Current Node    |     Objective Bounds      |     Work
 Expl Unexpl |  Obj  Depth IntInf | Incumbent    BestBd   Gap | It/Node Time

     0     0 23245.5957    0  160 24621.7930 23245.5957  5.59%     -    1s
     0     0 23245.5957    0  386 24621.7930 23245.5957  5.59%     -    2s
     0     0 23245.5957    0  125 24621.7930 23245.5957  5.59%     -    3s
     0     0 23260.4813    0  115 24621.7930 23260.4813  5.53%     -    3s
     0     0 23260.4813    0  132 24621.7930 23260.4813  5.53%     -    3s
     0     0 23260.4813    0  301 24621.7930 23260.4813  5.53%     -    3s
     0     0 23260.4813    0   56 24621.7930 23260.4813  5.53%     -    4s
     0     0 23260.4813    0  113 24621.7930 23260.4813  5.53%     -    5s
     0     0 23260.4813    0  267 24621.7930 23260.4813  5.53%     -    6s
     0     0 23260.4813    0   65 24621.7930 23260.4813  5.53%     -    7s
     0     0 23260.4813    0  178 24621.7930 23260.4813  5.53%     -    7s
     0     0 23260.4813    0  276 24621.7930 23260.4813  5.53%     -    8s
     0     0 23260.4813    0   87 24621.7930 23260.4813  5.53%     -    8s
     0     0 23260.4813    0   87 24621.7930 23260.4813  5.53%     -    9s
     0     0 23260.4813    0   87 24621.7930 23260.4813  5.53%     -    9s
     0     2 23260.4813    0   87 24621.7930 23260.4813  5.53%     -    9s
     3     8 23568.4909    2  267 24621.7930 23260.4813  5.53%   224   10s
   637  1116 23260.4813   21  171 24621.7930 23260.4813  5.53%  34.8   17s
  2150  2053 23358.8013   46   87 24621.7930 23260.4813  5.53%  33.7   20s
  2155  2056 23320.6653  121  160 24621.7930 23260.4813  5.53%  33.6   25s
  2158  2058 23260.4813   14   46 24621.7930 23260.4813  5.53%  33.6   31s
  2160  2060 23274.4997  126   34 24621.7930 23260.4813  5.53%  33.5   35s
  2164  2062 23358.8013   36   51 24621.7930 23260.4813  5.53%  33.5   41s
  2167  2064 23327.2791   71  153 24621.7930 23260.4813  5.53%  33.4   45s
  2171  2067 23260.4813   11  209 24621.7930 23260.4813  5.53%  33.4   50s
  2173  2068 23260.4813   89   58 24621.7930 23260.4813  5.53%  33.3   56s
  2197  2134 23260.4813   16  306 24621.7930 23260.4813  5.53%  42.7   60s
  2873  3028 23260.4813   26  145 24621.7930 23260.4813  5.53%  41.2   67s
  3862  3359 23795.0423   77  283 24621.7930 23260.4813  5.53%  35.5   72s
  4083  3679 23260.4813  104  323 24621.7930 23260.4813  5.53%  35.6   75s
  5221  4190 23260.4813  152  229 24621.7930 23260.4813  5.53%  37.7   80s
  5522  4663 23260.4813   79  280 24621.7930 23260.4813  5.53%  40.7   87s
  6986  6319 23651.8311  103  308 24621.7930 23260.4813  5.53%  39.4   91s
 10714  9126 23735.1713   89  327 24621.7930 23260.4813  5.53%  36.1   95s
 14350 11810 23260.4813  178  283 24621.7930 23260.4813  5.53%  33.1  100s
 15600 13421 23666.7902  102  267 24621.7930 23260.4813  5.53%  32.6  106s
 17047 14472 23260.4813   57  378 24621.7930 23260.4813  5.53%  31.9  110s
 17762 15765 23260.4813   72  346 24621.7930 23260.4813  5.53%  32.2  117s
 20066 17869 23260.4813  329  319 24621.7930 23260.4813  5.53%  32.5  121s
 22936 20712 23260.4813  265  317 24621.7930 23260.4813  5.53%  32.1  125s
 25922 23526 23260.4813  121  265 24621.7930 23260.4813  5.53%  32.2  130s
 28896 26478 24151.8723  146  218 24621.7930 23260.4813  5.53%  31.7  135s
 34204 31391 24235.2125  177  354 24621.7930 23260.4813  5.53%  30.3  140s
 40525 37171 23260.4813   67  342 24621.7930 23260.4813  5.53%  29.5  145s
 42859 39124 23260.4813   95  268 24621.7930 23260.4813  5.53%  30.2  150s
 44905 41885 23988.3906  226  392 24621.7930 23260.4813  5.53%  30.2  156s
 48502 45274 23260.4813  211  251 24621.7930 23260.4813  5.53%  31.1  160s
 53849 49721 23260.4813  106  310 24621.7930 23260.4813  5.53%  30.5  165s
 58880 54979 24235.2125  197  241 24621.7930 23260.4813  5.53%  30.1  170s
 62632 57852 23986.1111  198  299 24621.7930 23260.4813  5.53%  29.7  175s
 63466 58522 23600.9801  163  205 24621.7930 23260.4813  5.53%  29.9  180s
 64451 59842 24069.5213   75  309 24621.7930 23260.4813  5.53%  30.2  185s
 68082 63287     cutoff  139      24621.7930 23260.4813  5.53%  29.8  191s
 69516 64839 23260.4813  124  427 24621.7930 23260.4813  5.53%  29.8  196s
 71761 67368     cutoff  172      24621.7930 23260.4813  5.53%  30.1  200s
 75006 71099     cutoff  151      24621.7930 23260.4813  5.53%  29.6  205s
 78957 73614 23260.4813  171  358 24621.7930 23260.4813  5.53%  29.3  210s
 81230 76113 23260.4813  112  361 24621.7930 23260.4813  5.53%  29.4  216s
 83268 78044 23260.4813  292  211 24621.7930 23260.4813  5.53%  29.2  220s
 85997 80913 23260.4813  148  281 24621.7930 23260.4813  5.53%  29.3  226s
 88023 82308 23260.4813  315  297 24621.7930 23260.4813  5.53%  29.3  231s
 89234 83311 23901.8517  104  341 24621.7930 23260.4813  5.53%  29.5  235s
 90161 84676     cutoff  322      24621.7930 23260.4813  5.53%  29.5  240s
 93778 88719 23260.4813  178  345 24621.7930 23260.4813  5.53%  29.7  245s
 99548 93840     cutoff  186      24621.7930 23260.4813  5.53%  29.6  250s
 103626 97752 23260.4813  204  263 24621.7930 23260.4813  5.53%  29.4  255s
 108375 102052 24479.2600  211  303 24621.7930 23260.4813  5.53%  29.4  260s
 112550 105580 23988.5431  239  267 24621.7930 23260.4813  5.53%  29.4  265s
 114187 107292 23483.2198  197  310 24621.7930 23260.4813  5.53%  29.4  271s
 114929 108117 23827.7744  237  370 24621.7930 23260.4813  5.53%  29.7  278s
 116150 109321 23260.4813  227  220 24621.7930 23260.4813  5.53%  29.7  280s
 120153 113741 23827.7744  223  404 24621.7930 23260.4813  5.53%  29.8  285s
 125108 118342 23302.4034  253  190 24621.7930 23260.4813  5.53%  30.1  290s
 130317 122967 23301.3006  221  276 24621.7930 23260.4813  5.53%  30.1  295s
 134674 127788 24158.9833  240  245 24621.7930 23260.4813  5.53%  30.1  300s
 139485 132081 23301.3006  177  277 24621.7930 23260.4813  5.53%  30.1  305s
 144737 137318 23988.3906  241  315 24621.7930 23260.4813  5.53%  30.2  310s
 148641 140955 24401.8929  200  262 24621.7930 23260.4813  5.53%  30.3  315s
 152649 144850 23901.8517  187  336 24621.7930 23260.4813  5.53%  30.3  320s
 156383 147948 23260.4813  118  293 24621.7930 23260.4813  5.53%  30.4  325s
 158350 149691 23260.4813  155  379 24621.7930 23260.4813  5.53%  30.5  331s
 158764 150385 23745.7340  145  218 24621.7930 23260.4813  5.53%  30.6  335s
 160212 151789 23260.4813   87  304 24621.7930 23260.4813  5.53%  30.6  340s
 163853 155621 24068.5321  256  302 24621.7930 23260.4813  5.53%  30.5  345s
 166382 157819 23725.7976  260  278 24621.7930 23260.4813  5.53%  30.6  350s
 170012 161669 24401.8929  135  297 24621.7930 23260.4813  5.53%  30.6  356s
 173098 163377 23509.0177  136  298 24621.7930 23260.4813  5.53%  30.7  360s
 173804 164349 infeasible  188      24621.7930 23260.4813  5.53%  30.7  365s
 175378 166265 23303.8693  126  269 24621.7930 23260.4813  5.53%  30.6  371s
 178337 169520 24235.2125  164  327 24621.7930 23260.4813  5.53%  30.5  376s
 181523 172438 infeasible  137      24621.7930 23260.4813  5.53%  30.5  380s
 182662 173424 24151.8723  132  308 24621.7930 23260.4813  5.53%  30.4  385s
 187626 178329 23735.1713  137  329 24621.7930 23260.4813  5.53%  30.2  390s
 193376 183347 23260.4813  125  248 24621.7930 23260.4813  5.53%  30.2  395s
 198305 187903 24151.8723  247  219 24621.7930 23260.4813  5.53%  30.2  400s
 203633 192710 23752.1288  231  188 24621.7930 23260.4813  5.53%  30.5  405s
 206982 195591 23260.4813  239  216 24621.7930 23260.4813  5.53%  30.8  410s
 210525 199143 23675.6371  228  190 24621.7930 23260.4813  5.53%  31.1  415s
 213791 202270 infeasible  159      24621.7930 23260.4813  5.53%  31.2  420s
 216021 204058 23260.4813  252  262 24621.7930 23260.4813  5.53%  31.2  425s
 217972 205580 23402.3605  151  293 24621.7930 23260.4813  5.53%  31.3  430s
 219193 206899 24401.8929  209  250 24621.7930 23260.4813  5.53%  31.3  436s
 221221 209877     cutoff  205      24621.7930 23260.4813  5.53%  31.3  441s
 224642 213555 23303.8693  153  343 24621.7930 23260.4813  5.53%  31.1  453s
 226924 215365 24154.3613  236  168 24621.7930 23260.4813  5.53%  31.1  456s
 230301 217638     cutoff  166      24621.7930 23260.4813  5.53%  31.1  460s
 236170 222947     cutoff  209      24621.7930 23260.4813  5.53%  31.4  465s
 239810 226093 24231.4901  187  239 24621.7930 23260.4813  5.53%  31.8  471s
 242654 228529 23377.8213  215  321 24621.7930 23260.4813  5.53%  32.3  476s
 245939 231642 23761.7632  174  225 24621.7930 23260.4813  5.53%  32.5  480s
 249430 234507 24407.8273  120  359 24621.7930 23260.4813  5.53%  32.8  485s
 253540 238056 24407.8273  280  189 24621.7930 23260.4813  5.53%  32.9  490s
 257603 241641 23997.1509  258  243 24621.7930 23260.4813  5.53%  33.1  495s
 259990 244116 24004.8562  209  343 24621.7930 23260.4813  5.53%  33.4  500s
 262611 246300 24407.8273  139  251 24621.7930 23260.4813  5.53%  33.5  505s
 265468 248820     cutoff  190      24621.7930 23260.4813  5.53%  33.7  511s
 268618 252384 24407.8273  141  272 24621.7930 23260.4813  5.53%  33.9  516s
 272040 255510 24407.8273  120  234 24621.7930 23260.4813  5.53%  33.9  520s
 276645 259368 24407.8273  160  260 24621.7930 23260.4813  5.53%  33.9  525s
 278075 260341 24407.8273  193  215 24621.7930 23260.4813  5.53%  34.1  530s
 279650 262203 23769.1712  130  311 24621.7930 23260.4813  5.53%  34.4  535s
 283586 266180 23992.4800  156  335 24621.7930 23260.4813  5.53%  34.5  541s
 284590 266218 23377.8213  163  311 24621.7930 23260.4813  5.53%  34.6  545s
 285188 266875 24145.6607  292  243 24621.7930 23260.4813  5.53%  34.6  553s
 285330 266993 23377.8213  183  327 24621.7930 23260.4813  5.53%  34.6  555s
 285584 267147 23377.8213  144  188 24621.7930 23260.4813  5.53%  34.6  564s
 285648 267461 24185.8722  122  240 24621.7930 23260.4813  5.53%  34.7  568s
 286008 267930 23377.8213   92  318 24621.7930 23260.4813  5.53%  34.7  573s
 286514 267937 23377.8213   99  382 24621.7930 23260.4813  5.53%  34.7  579s
 286523 268088 23377.8213   94  320 24621.7930 23260.4813  5.53%  34.7  584s
 286674 269723 23377.8213  144  415 24621.7930 23260.4813  5.53%  34.7  589s
 288504 271501 23377.8213  346  228 24621.7930 23260.4813  5.53%  34.7  592s
 290389 272754     cutoff   49      24621.7930 23260.4813  5.53%  34.7  595s
 292935 274937 23377.8213   53  301 24621.7930 23260.4813  5.53%  34.8  600s
 297296 278881     cutoff  193      24621.7930 23260.4813  5.53%  34.7  606s
 299846 281410 23377.8213  133  396 24621.7930 23260.4813  5.53%  34.8  611s
 302714 283972 23377.8213  154  430 24621.7930 23260.4813  5.53%  34.7  615s
 306235 286941 23377.8213  151  339 24621.7930 23260.4813  5.53%  34.7  620s
 310014 290532 23762.2784  243  348 24621.7930 23260.4813  5.53%  34.7  626s
 313249 294233 23377.8213  262  335 24621.7930 23260.4813  5.53%  34.7  630s
 317063 297413 24352.5526  174  269 24621.7930 23260.4813  5.53%  34.8  636s
 320870 300576     cutoff  143      24621.7930 23260.4813  5.53%  34.7  640s
 322086 302042 23377.8213  224  354 24621.7930 23260.4813  5.53%  34.7  645s
 323252 302670 24102.5320   85  287 24621.7930 23260.4813  5.53%  34.7  650s
 325978 306333 23923.9969  144  284 24621.7930 23260.4813  5.53%  34.6  655s
 329490 309258 24103.8578  170  382 24621.7930 23260.4813  5.53%  34.6  661s
 333284 313035 23935.8516  167  376 24621.7930 23260.4813  5.53%  34.5  665s
 337760 316930 24102.5320  180  251 24621.7930 23260.4813  5.53%  34.5  671s
 340824 320351 23941.5674  154  341 24621.7930 23260.4813  5.53%  34.5  675s
 345381 324152 24070.4023  205  380 24621.7930 23260.4813  5.53%  34.4  680s
 346864 325478     cutoff  172      24621.7930 23260.4813  5.53%  34.4  685s
 348848 327366 23377.8213  250  303 24621.7930 23260.4813  5.53%  34.4  691s
 351460 330272 23593.5786  173  256 24621.7930 23260.4813  5.53%  34.5  695s
 355639 334367 24102.5320   32  345 24621.7930 23260.4813  5.53%  34.4  700s
 360767 338684 23852.5114  229  382 24621.7930 23260.4813  5.53%  34.4  705s
 366107 344034 24299.7131  157  258 24621.7930 23260.4813  5.53%  34.4  710s
 372243 349629 23685.8310  182  268 24621.7930 23260.4813  5.53%  34.5  715s
 377693 354900 24269.2124  218  413 24621.7930 23260.4813  5.53%  34.4  720s
 380134 356643 23377.8213  211  277 24621.7930 23260.4813  5.53%  34.4  725s
 381007 358407 23852.5114  142  418 24621.7930 23260.4813  5.53%  34.5  730s
 387721 364704 23941.5674  163  227 24621.7930 23260.4813  5.53%  34.4  735s
 394373 370448 23992.4800  109  211 24621.7930 23260.4813  5.53%  34.4  740s
 400649 376662 23992.4800  164  258 24621.7930 23260.4813  5.53%  34.3  745s
 406134 381894 23377.8213  218  401 24621.7930 23260.4813  5.53%  34.3  750s
 412904 388237 23602.4908  289  341 24621.7930 23260.4813  5.53%  34.3  755s
 418716 393514 23377.8213  221  374 24621.7930 23260.4813  5.53%  34.4  760s
 423094 398088 23377.8213   56  329 24621.7930 23260.4813  5.53%  34.4  765s
 427035 401244 23377.8213  182  381 24621.7930 23260.4813  5.53%  34.4  770s
 433531 407520 24407.8273  230  227 24621.7930 23260.4813  5.53%  34.3  775s
 438775 412557     cutoff  281      24621.7930 23260.4813  5.53%  34.3  780s
 446997 420859 infeasible  217      24621.7930 23260.4813  5.53%  34.3  785s
 451762 425260 24352.5526  137  314 24621.7930 23260.4813  5.53%  34.2  790s
 457243 429797 23377.8213  115  261 24621.7930 23260.4813  5.53%  34.2  795s
 462006 435091 23377.8213  140  328 24621.7930 23260.4813  5.53%  34.2  800s
 470683 442736 24352.5526  163  359 24621.7930 23260.4813  5.53%  34.2  805s
 476748 448266 23377.8213   76  388 24621.7930 23260.4813  5.53%  34.2  810s
 478936 451538 23377.8213  146  361 24621.7930 23260.4813  5.53%  34.2  815s
 482549 454033 23992.4800  225  269 24621.7930 23260.4813  5.53%  34.2  820s
 484233 455699 24371.4360  244  301 24621.7930 23260.4813  5.53%  34.1  826s
 485588 456807 23377.8213   92  343 24621.7930 23260.4813  5.53%  34.1  830s
 487245 458140 23377.8213  107  308 24621.7930 23260.4813  5.53%  34.2  835s
 488953 460424 23377.8213  276  264 24621.7930 23260.4813  5.53%  34.2  840s
 497989 468241 infeasible  167      24621.7930 23260.4813  5.53%  34.1  845s
 504884 475220 infeasible  166      24621.7930 23260.4813  5.53%  34.1  850s
 512820 483009 23377.8213  127  287 24621.7930 23260.4813  5.53%  34.2  855s
 517210 486647 23377.8213  297  239 24621.7930 23260.4813  5.53%  34.2  860s
 525556 494768 23992.4800  228  306 24621.7930 23260.4813  5.53%  34.1  865s
 532983 501475 23617.0306  285  300 24621.7930 23260.4813  5.53%  34.0  870s
 535386 503975 23992.4800  191  369 24621.7930 23260.4813  5.53%  34.1  875s
 543117 511455     cutoff  120      24621.7930 23260.4813  5.53%  34.1  880s
 548415 516236 23992.4800  176  271 24621.7930 23260.4813  5.53%  34.0  885s
 554477 522062 23685.8310  297  310 24621.7930 23260.4813  5.53%  34.0  891s
 559051 526072 23377.8213  149  355 24621.7930 23260.4813  5.53%  34.0  895s
 562849 529224 23992.4800  178  262 24621.7930 23260.4813  5.53%  34.0  900s

Cutting planes:
  Gomory: 7
  Lift-and-project: 3
  MIR: 1
  Flow cover: 3
  Inf proof: 1

Explored 562899 nodes (19158180 simplex iterations) in 900.02 seconds (880.31 work units)
Thread count was 8 (of 64 available processors)

Solution count 1: 24621.8 

Time limit reached
Best objective 2.462179302009e+04, best bound 2.339070336909e+04, gap 5.0000%
Set parameter MIPFocus to value 0
