
Gurobi 13.0.2 (linux64) logging started Tue Oct  6 14:17:22 2026

Set parameter OutputFlag to value 1
Set parameter LogToConsole to value 0
Set parameter TimeLimit to value 900
Set parameter MIPGap to value 0.0001
Set parameter MIPFocus to value 3
Gurobi Optimizer version 13.0.2 build v13.0.2rc1 (linux64 - "Ubuntu 24.04.5 LTS")

CPU model: Intel(R) Xeon(R) Gold 6130 CPU @ 2.10GHz, instruction set [SSE2|AVX|AVX2|AVX512]
Thread count: 32 physical cores, 64 logical processors, using up to 8 threads

Non-default parameters:
TimeLimit  900
MIPFocus  3
LogToConsole  0
Threads  8

Optimize a model with 15176 rows, 14896 columns and 85048 nonzeros (Min)
Model fingerprint: 0x566b6cfd
Model has 198 linear objective coefficients
Variable types: 3450 continuous, 11446 integer (8641 binary)
Coefficient statistics:
  Matrix range     [1e-02, 1e+03]
  Objective range  [7e-01, 1e+06]
  Bounds range     [1e+00, 5e+02]
  RHS range        [1e+00, 3e+03]

User MIP start produced solution with objective 35750.8 (0.03s)
Loaded user MIP start with objective 35750.8

Presolve removed 11263 rows and 7079 columns
Presolve time: 0.22s
Presolved: 3913 rows, 7817 columns, 36224 nonzeros
Variable types: 1220 continuous, 6597 integer (5935 binary)
Root relaxation presolve removed 41 rows and 1 columns
Root relaxation presolved: 3872 rows, 7856 columns, 31219 nonzeros


Root relaxation: objective 3.448836e+04, 5281 iterations, 0.49 seconds (0.33 work units)

    Nodes    |    Current Node    |     Objective Bounds      |     Work
 Expl Unexpl |  Obj  Depth IntInf | Incumbent    BestBd   Gap | It/Node Time

     0     0 34488.3597    0  214 35750.8435 34488.3597  3.53%     -    1s
     0     0 34488.3597    0  441 35750.8435 34488.3597  3.53%     -    2s
     0     0 34488.3597    0  121 35750.8435 34488.3597  3.53%     -    3s
     0     0 34488.3597    0  147 35750.8435 34488.3597  3.53%     -    3s
     0     0 34488.3597    0  329 35750.8435 34488.3597  3.53%     -    4s
     0     0 34488.3597    0   85 35750.8435 34488.3597  3.53%     -    4s
     0     0 34488.3597    0  133 35750.8435 34488.3597  3.53%     -    5s
     0     0 34488.3597    0  252 35750.8435 34488.3597  3.53%     -    6s
     0     0 34488.3597    0  105 35750.8435 34488.3597  3.53%     -    7s
     0     0 34488.3597    0  253 35750.8435 34488.3597  3.53%     -    7s
     0     0 34488.3597    0  268 35750.8435 34488.3597  3.53%     -    7s
     0     0 34488.3597    0   82 35750.8435 34488.3597  3.53%     -    8s
     0     0 34495.6278    0   82 35750.8435 34495.6278  3.51%     -    9s
     0     0 34495.6278    0   82 35750.8435 34495.6278  3.51%     -    9s
     0     2 34495.6278    0   82 35750.8435 34495.6278  3.51%     -   10s
   227   229 35152.7793   18  224 35750.8435 34495.6278  3.51%  69.1   16s
   244   499 34495.6278   31  401 35750.8435 34495.6278  3.51%  74.2   20s
   965  1927 34495.6278  138  350 35750.8435 34495.6278  3.51%  52.4   27s
  2069  1928 34495.6278   10   82 35750.8435 34495.6278  3.51%  52.1   34s
  2071  1929 34495.6278   49  220 35750.8435 34495.6278  3.51%  52.0   38s
  2072  1930 34495.6278   96   60 35750.8435 34495.6278  3.51%  52.0   40s
  2075  1932 34495.6278    6   61 35750.8435 34495.6278  3.51%  51.9   45s
  2078  1934 34495.6278   69   61 35750.8435 34495.6278  3.51%  51.8   52s
  2079  1935 34495.6278    5   41 35750.8435 34495.6278  3.51%  51.8   56s
  2144  2065 35204.9173   15  358 35750.8435 34495.6278  3.51%  63.3   60s
  2373  2342 35497.9020   21  369 35750.8435 34495.6278  3.51%  61.3   65s
  2714  2281 34495.6278   36  355 35750.8435 34495.6278  3.51%  62.3   75s
  2722  2863 34495.6278   36  184 35750.8435 34495.6278  3.51%  62.9   80s
  4488  3666 34618.9479   66  294 35750.8435 34495.6278  3.51%  57.7   87s
  5125  4391 34495.6278   34  338 35750.8435 34495.6278  3.51%  58.3   90s
  7249  5247 35497.9020   46  372 35750.8435 34495.6278  3.51%  52.8   96s
  8511  5915 34495.6278   37  373 35750.8435 34495.6278  3.51%  50.5  101s
 10527  7815 34988.5953   56  333 35750.8435 34495.6278  3.51%  46.7  106s
 12450  9389     cutoff   58      35750.8435 34495.6278  3.51%  49.2  111s
 13006  9643 34618.9479   37  333 35750.8435 34495.6278  3.51%  50.1  115s
 14722 11165     cutoff   46      35750.8435 34495.6278  3.51%  49.3  122s
 15082 12159 infeasible   54      35750.8435 34495.6278  3.51%  49.5  125s
 18124 13646 34716.6094   46  229 35750.8435 34495.6278  3.51%  49.6  131s
 18156 13651 34495.6278   80  350 35750.8435 34495.6278  3.51%  49.9  135s
 18232 13983 35302.5788   89  335 35750.8435 34495.6278  3.51%  51.0  141s
 19318 15145 35497.9020   60  354 35750.8435 34495.6278  3.51%  50.9  146s
 20617 16956 34495.6278  106  316 35750.8435 34495.6278  3.51%  49.9  152s
 21965 17602 34495.6278  193  364 35750.8435 34495.6278  3.51%  48.4  155s
 24956 20607     cutoff  114      35750.8435 34495.6278  3.51%  47.3  161s
 27342 22195     cutoff   43      35750.8435 34495.6278  3.51%  46.4  166s
 29464 24722 34495.6278   47  405 35750.8435 34495.6278  3.51%  46.6  171s
 32000 25608 35400.2404   69  339 35750.8435 34495.6278  3.51%  46.6  175s
 33957 27277 35107.2557   63  324 35750.8435 34495.6278  3.51%  47.6  181s
 35768 28264     cutoff   65      35750.8435 34495.6278  3.51%  47.3  185s
 35837 28307 35400.2404  115  352 35750.8435 34495.6278  3.51%  47.8  191s
 36300 29130     cutoff  104      35750.8435 34495.6278  3.51%  48.0  196s
 37236 30127 34495.6278  110  276 35750.8435 34495.6278  3.51%  48.3  200s
 40572 32450     cutoff   53      35750.8435 34495.6278  3.51%  47.7  206s
 42732 34473 35443.4482  109  240 35750.8435 34495.6278  3.51%  47.6  211s
 44710 35745     cutoff   57      35750.8435 34495.6278  3.51%  47.1  215s
 46802 36508     cutoff   94      35750.8435 34495.6278  3.51%  48.1  220s
 46841 36496     cutoff  111      35750.8435 34495.6278  3.51%  48.2  225s
 46877 36502 35204.9173   77  363 35750.8435 34495.6278  3.51%  48.3  230s
 46903 36506 infeasible   65      35750.8435 34495.6278  3.51%  48.5  238s
 46918 36573 34495.6278  166  325 35750.8435 34495.6278  3.51%  48.5  241s
 47001 36575 34495.6278   67  289 35750.8435 34495.6278  3.51%  48.5  245s
 47028 36697 34847.1732   47  346 35750.8435 34495.6278  3.51%  48.6  252s
 47173 37208 34618.9479   50  264 35750.8435 34495.6278  3.51%  48.6  256s
 48407 38880 34495.6278   44  291 35750.8435 34495.6278  3.51%  48.5  263s
 49682 39935     cutoff  102      35750.8435 34495.6278  3.51%  48.0  266s
 51775 41297     cutoff   73      35750.8435 34495.6278  3.51%  47.5  272s
 52491 41990 34495.6278   50  309 35750.8435 34495.6278  3.51%  47.7  275s
 54465 42969 34495.6278   40  281 35750.8435 34495.6278  3.51%  47.7  280s
 54498 43133     cutoff  125      35750.8435 34495.6278  3.51%  47.8  288s
 54674 43965     cutoff  128      35750.8435 34495.6278  3.51%  47.7  291s
 56743 45448 35302.5788   90  308 35750.8435 34495.6278  3.51%  48.1  297s
 57677 46292     cutoff  126      35750.8435 34495.6278  3.51%  48.8  300s
 59858 48574 35385.5123   88  334 35750.8435 34495.6278  3.51%  49.1  307s
 62048 49422 35400.2404   70  324 35750.8435 34495.6278  3.51%  49.2  311s
 64150 51017 infeasible   75      35750.8435 34495.6278  3.51%  50.4  317s
 65584 51735     cutoff   43      35750.8435 34495.6278  3.51%  50.5  321s
 65628 51724 35400.2404   52  340 35750.8435 34495.6278  3.51%  50.7  326s
 65852 52534     cutoff   70      35750.8435 34495.6278  3.51%  51.1  331s
 67767 54797 34521.2863   70  299 35750.8435 34495.6278  3.51%  50.9  336s
 70063 55831 34935.6611   85  288 35750.8435 34495.6278  3.51%  50.7  340s
 72416 58237 34495.6278   50  334 35750.8435 34495.6278  3.51%  50.9  347s
 74421 60217     cutoff   89      35750.8435 34495.6278  3.51%  50.9  352s
 76714 61321 35514.1754  123  259 35750.8435 34495.6278  3.51%  50.9  356s
 79155 63249     cutoff   38      35750.8435 34495.6278  3.51%  51.1  361s
 81352 64807 34495.6278   65  319 35750.8435 34495.6278  3.51%  51.6  366s
 82818 66159 35009.5941   85  270 35750.8435 34495.6278  3.51%  51.7  370s
 83975 66383 35548.7483   94  257 35750.8435 34495.6278  3.51%  52.3  376s
 84023 66694 infeasible   67      35750.8435 34495.6278  3.51%  52.5  380s
 85456 68086 34618.9479   86  253 35750.8435 34495.6278  3.51%  52.9  387s
 86682 69176     cutoff  156      35750.8435 34495.6278  3.51%  52.9  391s
 88936 71863     cutoff   66      35750.8435 34495.6278  3.51%  52.5  397s
 92321 73655     cutoff  127      35750.8435 34495.6278  3.51%  52.1  401s
 94003 74798     cutoff  154      35750.8435 34495.6278  3.51%  52.4  405s
 95830 76254     cutoff  173      35750.8435 34495.6278  3.51%  52.9  410s
 98218 78045 34521.2863  155  286 35750.8435 34495.6278  3.51%  53.0  415s
 100401 79843 34754.8743   50  417 35750.8435 34495.6278  3.51%  53.4  421s
 101849 80178     cutoff  103      35750.8435 34495.6278  3.51%  53.7  426s
 102074 80320 35116.4480   35  324 35750.8435 34495.6278  3.51%  53.8  431s
 102281 80722     cutoff   46      35750.8435 34495.6278  3.51%  54.2  435s
 103338 81477 infeasible   37      35750.8435 34495.6278  3.51%  54.5  440s
 105279 83093     cutoff   45      35750.8435 34495.6278  3.51%  54.5  445s
 107329 84602     cutoff   98      35750.8435 34495.6278  3.51%  54.9  451s
 108614 85670     cutoff   93      35750.8435 34495.6278  3.51%  55.5  456s
 110643 86731 infeasible   61      35750.8435 34495.6278  3.51%  55.5  460s
 112819 88396 infeasible   95      35750.8435 34495.6278  3.51%  55.9  466s
 114473 90150     cutoff  100      35750.8435 34495.6278  3.51%  56.1  471s
 116429 91987 35009.5941   82  386 35750.8435 34495.6278  3.51%  56.1  475s
 118885 92933     cutoff  108      35750.8435 34495.6278  3.51%  55.8  481s
 118908 98979     cutoff   65      35750.8435 34495.6278  3.51%  55.9  514s
 126908 100561     cutoff   88      35750.8435 34495.6278  3.51%  57.3  517s
 128879 101195 34495.6278   82  330 35750.8435 34495.6278  3.51%  57.1  520s
 131007 103727     cutoff   98      35750.8435 34495.6278  3.51%  57.1  525s
 133502 105144 34495.6278   60  334 35750.8435 34495.6278  3.51%  57.0  530s
 134516 105129 35107.2557  145  293 35750.8435 34495.6278  3.51%  57.0  535s
 134631 105487     cutoff   52      35750.8435 34495.6278  3.51%  57.2  540s
 136509 107661     cutoff   63      35750.8435 34495.6278  3.51%  57.2  547s
 139282 109507     cutoff   99      35750.8435 34495.6278  3.51%  57.1  551s
 141102 110802     cutoff   84      35750.8435 34495.6278  3.51%  57.3  555s
 143818 113305     cutoff  127      35750.8435 34495.6278  3.51%  57.3  561s
 146286 115145     cutoff  113      35750.8435 34495.6278  3.51%  57.0  565s
 148398 117340     cutoff  100      35750.8435 34495.6278  3.51%  56.9  570s
 151363 118240 infeasible   70      35750.8435 34495.6278  3.51%  57.0  575s
 153663 120087 infeasible   70      35750.8435 34495.6278  3.51%  57.0  580s
 155333 120857     cutoff  105      35750.8435 34495.6278  3.51%  57.2  585s
 156165 121444 infeasible   70      35750.8435 34495.6278  3.51%  57.3  592s
 157264 122028     cutoff  132      35750.8435 34495.6278  3.51%  57.4  596s
 158609 123065     cutoff  131      35750.8435 34495.6278  3.51%  57.5  600s
 161605 125438     cutoff  175      35750.8435 34495.6278  3.51%  57.6  606s
 163847 127070     cutoff   68      35750.8435 34495.6278  3.51%  57.4  611s
 167535 129270     cutoff   41      35750.8435 34495.6278  3.51%  57.2  615s
 169079 130435 35532.2527  140  248 35750.8435 34495.6278  3.51%  57.3  620s
 169689 130310     cutoff   40      35750.8435 34495.6278  3.51%  57.6  625s
 170347 131123 34495.6278  105  321 35750.8435 34495.6278  3.51%  57.7  631s
 171973 132717 infeasible  115      35750.8435 34495.6278  3.51%  57.6  636s
 174280 133848 infeasible   85      35750.8435 34495.6278  3.51%  57.9  641s
 175745 135421     cutoff   88      35750.8435 34495.6278  3.51%  58.0  645s
 179212 138436 34495.6278  204  344 35750.8435 34495.6278  3.51%  57.8  652s
 181253 139831 34495.6278   42  214 35750.8435 34495.6278  3.51%  57.6  655s
 184022 141927 infeasible   93      35750.8435 34495.6278  3.51%  57.5  660s
 185454 142648 infeasible   94      35750.8435 34495.6278  3.51%  57.7  665s
 185530 142779     cutoff   92      35750.8435 34495.6278  3.51%  57.8  671s
 186226 143841     cutoff   77      35750.8435 34495.6278  3.51%  58.0  675s
 188377 145297 34495.6278   53  269 35750.8435 34495.6278  3.51%  58.2  681s
 190099 146470 35165.9046   62  357 35750.8435 34495.6278  3.51%  58.2  685s
 192485 148266 35206.8414   89  275 35750.8435 34495.6278  3.51%  58.4  691s
 193590 148995     cutoff   63      35750.8435 34495.6278  3.51%  58.7  695s
 194853 150809 35204.9173   57  281 35750.8435 34495.6278  3.51%  59.0  701s
 196759 150799 35206.8414   83  294 35750.8435 34495.6278  3.51%  59.1  705s
 196799 150835 infeasible   76      35750.8435 34495.6278  3.51%  59.2  710s
 196964 151050     cutoff   88      35750.8435 34495.6278  3.51%  59.3  716s
 197620 152136 34495.6278   60  291 35750.8435 34495.6278  3.51%  59.4  725s
 199632 153525     cutoff   56      35750.8435 34495.6278  3.51%  59.4  732s
 200464 154270     cutoff  117      35750.8435 34495.6278  3.51%  59.6  735s
 202304 155541 35515.3697   76  244 35750.8435 34495.6278  3.51%  59.8  741s
 204711 157688 34495.6278   68  377 35750.8435 34495.6278  3.51%  59.7  746s
 206582 158469 34785.5472   81  327 35750.8435 34495.6278  3.51%  59.9  750s
 207259 158656     cutoff  123      35750.8435 34495.6278  3.51%  60.3  756s
 207623 158965     cutoff   77      35750.8435 34495.6278  3.51%  60.4  762s
 207955 159552 infeasible   69      35750.8435 34495.6278  3.51%  60.5  765s
 210003 160722 infeasible  104      35750.8435 34495.6278  3.51%  60.7  772s
 210476 161852     cutoff   46      35750.8435 34495.6278  3.51%  60.9  776s
 213338 163622 infeasible   81      35750.8435 34495.6278  3.51%  61.1  782s
 215633 165514     cutoff   82      35750.8435 34495.6278  3.51%  61.0  786s
 218851 167446     cutoff  101      35750.8435 34495.6278  3.51%  60.7  790s
 218928 167402     cutoff   90      35750.8435 34495.6278  3.51%  60.8  795s
 219803 168694 infeasible   98      35750.8435 34495.6278  3.51%  60.8  801s
 222483 170537     cutoff   95      35750.8435 34495.6278  3.51%  60.8  806s
 224625 172769     cutoff   59      35750.8435 34495.6278  3.51%  61.0  812s
 226850 173981     cutoff   97      35750.8435 34495.6278  3.51%  60.9  815s
 228503 175179     cutoff   92      35750.8435 34495.6278  3.51%  61.2  820s
 230756 176556     cutoff   51      35750.8435 34495.6278  3.51%  61.4  826s
 233405 178226 35548.7483   83  277 35750.8435 34495.6278  3.51%  61.4  831s
 235523 180047     cutoff  100      35750.8435 34495.6278  3.51%  61.5  836s
 238735 181745     cutoff   94      35750.8435 34495.6278  3.51%  61.4  841s
 238849 181867     cutoff   91      35750.8435 34495.6278  3.51%  61.5  847s
 239101 182620     cutoff   71      35750.8435 34495.6278  3.51%  61.5  850s
 242192 184887 35107.2557   82  294 35750.8435 34495.6278  3.51%  61.4  855s
 245214 187084     cutoff  106      35750.8435 34495.6278  3.51%  61.3  860s
 249582 189995 35204.9173  102  320 35750.8435 34495.6278  3.51%  60.8  865s
 252557 192611     cutoff  116      35750.8435 34495.6278  3.51%  60.8  871s
 254744 195463 infeasible  120      35750.8435 34495.6278  3.51%  60.6  875s
 259665 197764     cutoff  135      35750.8435 34495.6278  3.51%  60.1  880s
 262594 199306     cutoff  106      35750.8435 34495.6278  3.51%  60.0  885s
 263503 199361     cutoff  131      35750.8435 34495.6278  3.51%  60.1  890s
 264511 199961 infeasible   94      35750.8435 34495.6278  3.51%  60.1  896s
 267237 202038     cutoff  109      35750.8435 34495.6278  3.51%  59.9  900s

Cutting planes:
  Learned: 1
  Gomory: 40
  Lift-and-project: 19
  Implied bound: 51
  MIR: 12
  Flow cover: 218
  Zero half: 40
  RLT: 123
  Relax-and-lift: 53

Explored 267257 nodes (16018150 simplex iterations) in 900.07 seconds (773.56 work units)
Thread count was 8 (of 64 available processors)

Solution count 1: 35750.8 

Time limit reached
Best objective 3.575084346517e+04, best bound 3.459225131584e+04, gap 3.2407%
Set parameter MIPFocus to value 0
