
Gurobi 13.0.2 (linux64) logging started Tue Oct  6 14:17:22 2026

Set parameter OutputFlag to value 1
Set parameter LogToConsole to value 0
Set parameter TimeLimit to value 900
Set parameter MIPGap to value 0.0001
Set parameter MIPFocus to value 3
Gurobi Optimizer version 13.0.2 build v13.0.2rc1 (linux64 - "Ubuntu 24.04.5 LTS")

CPU model: Intel(R) Xeon(R) Gold 6130 CPU @ 2.10GHz, instruction set [SSE2|AVX|AVX2|AVX512]
Thread count: 32 physical cores, 64 logical processors, using up to 8 threads

Non-default parameters:
TimeLimit  900
MIPFocus  3
LogToConsole  0
Threads  8

Optimize a model with 15207 rows, 14899 columns and 85097 nonzeros (Min)
Model fingerprint: 0x8b6c7317
Model has 200 linear objective coefficients
Variable types: 3453 continuous, 11446 integer (8641 binary)
Coefficient statistics:
  Matrix range     [1e-02, 1e+03]
  Objective range  [7e-01, 1e+06]
  Bounds range     [1e+00, 5e+02]
  RHS range        [1e+00, 3e+03]

User MIP start produced solution with objective 35750.8 (0.06s)
Loaded user MIP start with objective 35750.8

Presolve removed 11424 rows and 7253 columns
Presolve time: 0.27s
Presolved: 3783 rows, 7646 columns, 35307 nonzeros
Variable types: 1220 continuous, 6426 integer (5935 binary)
Root relaxation presolve removed 41 rows and 1 columns
Root relaxation presolved: 3742 rows, 7685 columns, 30302 nonzeros


Root relaxation: objective 3.448836e+04, 6514 iterations, 1.15 seconds (0.67 work units)

    Nodes    |    Current Node    |     Objective Bounds      |     Work
 Expl Unexpl |  Obj  Depth IntInf | Incumbent    BestBd   Gap | It/Node Time

     0     0 34488.3597    0  207 35750.8435 34488.3597  3.53%     -    3s
     0     0 34488.3597    0  253 35750.8435 34488.3597  3.53%     -    3s
     0     0 34488.3597    0   82 35750.8435 34488.3597  3.53%     -    4s
     0     0 34488.3597    0   89 35750.8435 34488.3597  3.53%     -    4s
     0     0 34488.3597    0  354 35750.8435 34488.3597  3.53%     -    4s
     0     0 34488.3597    0  103 35750.8435 34488.3597  3.53%     -    6s
     0     0 34488.3597    0  206 35750.8435 34488.3597  3.53%     -    6s
     0     0 34495.6278    0  241 35750.8435 34495.6278  3.51%     -    8s
     0     0 34495.6278    0  127 35750.8435 34495.6278  3.51%     -    9s
     0     0 34495.6278    0  220 35750.8435 34495.6278  3.51%     -    9s
     0     0 34495.6278    0  314 35750.8435 34495.6278  3.51%     -   10s
     0     0 34495.6278    0   60 35750.8435 34495.6278  3.51%     -   11s
     0     0 34495.6278    0  108 35750.8435 34495.6278  3.51%     -   11s
     0     0 34495.6278    0  219 35750.8435 34495.6278  3.51%     -   12s
     0     0 34495.6278    0   84 35750.8435 34495.6278  3.51%     -   12s
     0     0 34495.6278    0  239 35750.8435 34495.6278  3.51%     -   13s
     0     0 34495.6278    0  340 35750.8435 34495.6278  3.51%     -   14s
     0     0 34495.6278    0   61 35750.8435 34495.6278  3.51%     -   14s
     0     0 34495.6278    0   61 35750.8435 34495.6278  3.51%     -   15s
     0     0 34495.6278    0   52 35750.8435 34495.6278  3.51%     -   15s
     0     2 34495.6278    0   52 35750.8435 34495.6278  3.51%     -   16s
   244   361 34495.6278   23  372 35750.8435 34495.6278  3.51%  84.0   22s
   362   544 34495.6278   20  284 35750.8435 34495.6278  3.51%  79.4   26s
   545  1655 34495.6278   14  299 35750.8435 34495.6278  3.51%  76.1   31s
  1683  1656 34495.6278   41   52 35750.8435 34495.6278  3.51%  70.6   35s
  1685  1657 34495.6278  149  212 35750.8435 34495.6278  3.51%  70.5   40s
  1688  1659 34530.9211   41  121 35750.8435 34495.6278  3.51%  70.4   46s
  1690  1661 34495.6278  173   96 35750.8435 34495.6278  3.51%  70.3   51s
  1692  1662 34495.6278    6  102 35750.8435 34495.6278  3.51%  70.2   57s
  1694  1663 34530.9211   31  100 35750.8435 34495.6278  3.51%  70.1   60s
  1696  1665 34495.6278   85   91 35750.8435 34495.6278  3.51%  70.0   66s
  1698  1666 34495.6278   61  141 35750.8435 34495.6278  3.51%  69.9   71s
  1699  1667 34495.6278   18  237 35750.8435 34495.6278  3.51%  69.9   75s
  1703  1669 34495.6278   33  217 35750.8435 34495.6278  3.51%  69.7   81s
  1707  1672 34495.6278  104   73 35750.8435 34495.6278  3.51%  69.6   88s
  1709  1676 34495.6278   16  198 35750.8435 34495.6278  3.51%  93.7   90s
  2009  1963 34495.6278   36  250 35750.8435 34495.6278  3.51%  93.5   97s
  2133  2248 34495.6278   37  236 35750.8435 34495.6278  3.51%  92.0  103s
  2490  3199 34495.6278   41  289 35750.8435 34495.6278  3.51%  87.9  109s
  3661  3328 34517.7847   46  225 35750.8435 34495.6278  3.51%  76.0  113s
  4255  3818 34495.6278   34  258 35750.8435 34495.6278  3.51%  75.3  116s
  4964  3864     cutoff   87      35750.8435 34495.6278  3.51%  71.2  121s
  6096  4962 34495.6278   57  269 35750.8435 34495.6278  3.51%  68.3  126s
  6899  4964 34495.6278   68  309 35750.8435 34495.6278  3.51%  67.5  132s
  7697  6241 34495.6278   69  285 35750.8435 34495.6278  3.51%  65.1  137s
  9032  7438 34498.1468  143  211 35750.8435 34495.6278  3.51%  64.0  141s
 10003  8055 34495.6278   67  326 35750.8435 34495.6278  3.51%  62.6  146s
 10740  8659 35114.5238   46  203 35750.8435 34495.6278  3.51%  61.1  151s
 11532  9592 34496.6688   71  285 35750.8435 34495.6278  3.51%  62.6  156s
 12090 10020 34495.6278   78  278 35750.8435 34495.6278  3.51%  63.5  162s
 12605 10705 34495.6278  122  236 35750.8435 34495.6278  3.51%  64.8  165s
 13531 11094 35491.1709   64  314 35750.8435 34495.6278  3.51%  63.6  172s
 13750 11191 35094.9249   45  303 35750.8435 34495.6278  3.51%  63.6  175s
 14370 12270 34495.6278   58  286 35750.8435 34495.6278  3.51%  62.8  180s
 16103 13837 34495.6278  219  159 35750.8435 34495.6278  3.51%  62.3  185s
 17587 15350 34495.6278  235  143 35750.8435 34495.6278  3.51%  63.4  191s
 19172 16680     cutoff  148      35750.8435 34495.6278  3.51%  62.8  195s
 20598 17313 34495.6278  126  196 35750.8435 34495.6278  3.51%  64.2  200s
 21047 18148 34495.6278  192  249 35750.8435 34495.6278  3.51%  65.0  206s
 22567 19632 34687.5006  146  134 35750.8435 34495.6278  3.51%  66.4  211s
 24204 20863     cutoff  117      35750.8435 34495.6278  3.51%  68.4  217s
 25832 22768 34495.6278  122  249 35750.8435 34495.6278  3.51%  68.4  222s
 27018 23483 34495.6278   57  171 35750.8435 34495.6278  3.51%  67.9  225s
 28822 25147 34495.6278   37  293 35750.8435 34495.6278  3.51%  68.2  230s
 30897 26084 34501.7847  123  264 35750.8435 34495.6278  3.51%  69.2  238s
 30916 26197 34495.6278  145  142 35750.8435 34495.6278  3.51%  69.3  242s
 31074 26942 34495.6278   81  238 35750.8435 34495.6278  3.51%  69.5  245s
 32652 28480 35348.8672  170  242 35750.8435 34495.6278  3.51%  70.5  252s
 33774 29260 34813.2026  156  211 35750.8435 34495.6278  3.51%  70.7  256s
 35453 30672     cutoff   98      35750.8435 34495.6278  3.51%  71.7  262s
 36433 31012     cutoff  108      35750.8435 34495.6278  3.51%  71.6  265s
 36955 31089 34495.6278  116  358 35750.8435 34495.6278  3.51%  73.0  270s
 37130 31237 34995.8635  174  179 35750.8435 34495.6278  3.51%  73.4  279s
 37248 31241 34495.6278  124  326 35750.8435 34495.6278  3.51%  73.5  284s
 37260 31380 34495.6278  148  329 35750.8435 34495.6278  3.51%  73.6  288s
 37422 31662 35036.2300  149  215 35750.8435 34495.6278  3.51%  73.7  292s
 37795 31943 34495.6278  163  275 35750.8435 34495.6278  3.51%  74.3  296s
 38175 32387     cutoff  155      35750.8435 34495.6278  3.51%  74.8  301s
 38836 33277 34495.6278  122  308 35750.8435 34495.6278  3.51%  75.9  305s
 41007 34549 35348.8672  152  242 35750.8435 34495.6278  3.51%  77.7  313s
 41471 35101     cutoff  211      35750.8435 34495.6278  3.51%  78.3  318s
 42178 35698 35036.2300  121  153 35750.8435 34495.6278  3.51%  79.4  322s
 42991 36404 34495.6278   94  239 35750.8435 34495.6278  3.51%  80.5  326s
 43927 37460 34542.2909   83  222 35750.8435 34495.6278  3.51%  80.8  330s
 45806 38144 34507.8443  121  255 35750.8435 34495.6278  3.51%  81.6  341s
 46131 40065 35127.4862  123  206 35750.8435 34495.6278  3.51%  82.3  348s
 48472 40730 34495.6278  132  196 35750.8435 34495.6278  3.51%  82.3  352s
 49308 41285 34495.6278  166  228 35750.8435 34495.6278  3.51%  82.5  355s
 50798 42590 34495.6278  156  186 35750.8435 34495.6278  3.51%  83.0  362s
 51567 43048 34495.6278  106  308 35750.8435 34495.6278  3.51%  83.1  366s
 52134 43430 35175.7450  152  243 35750.8435 34495.6278  3.51%  83.1  371s
 53563 45014 34809.0423   87  217 35750.8435 34495.6278  3.51%  84.0  378s
 54558 45701 34511.0080  100  229 35750.8435 34495.6278  3.51%  84.5  382s
 55444 46544 35117.7755  224  254 35750.8435 34495.6278  3.51%  85.4  386s
 57342 47303 34495.6278  215  243 35750.8435 34495.6278  3.51%  86.3  394s
 57569 47872 34612.5390  128  224 35750.8435 34495.6278  3.51%  86.8  399s
 58234 48485     cutoff  148      35750.8435 34495.6278  3.51%  86.8  402s
 58996 48995 34843.0937   66  284 35750.8435 34495.6278  3.51%  87.7  406s
 59642 48665     cutoff  174      35750.8435 34495.6278  3.51%  88.4  410s
 59972 48217     cutoff  123      35750.8435 34495.6278  3.51%  90.8  417s
 60420 47725     cutoff   46      35750.8435 34495.6278  3.51%  95.3  422s
 60912 47185     cutoff   91      35750.8435 34495.6278  3.51%  98.8  428s
 61452 46592     cutoff   97      35750.8435 34495.6278  3.51%   102  435s
 62045 45940     cutoff  132      35750.8435 34495.6278  3.51%   105  442s
 62697 45241     cutoff  109      35750.8435 34495.6278  3.51%   110  449s
 63396 44465     cutoff   64      35750.8435 34495.6278  3.51%   114  456s
 64172 43604     cutoff  127      35750.8435 34495.6278  3.51%   119  464s
 65033 42720     cutoff  194      35750.8435 34495.6278  3.51%   123  474s
 65917 41675 infeasible  252      35750.8435 34495.6278  3.51%   128  482s
 66962 40581     cutoff   73      35750.8435 34495.6278  3.51%   134  492s
 68056 39370     cutoff  165      35750.8435 34495.6278  3.51%   140  504s
 69267 38015     cutoff  103      35750.8435 34495.6278  3.51%   146  516s
 70622 36489     cutoff  115      35750.8435 34495.6278  3.51%   153  528s
 72148 34820     cutoff   47      35750.8435 34495.6278  3.51%   158  543s
 73817 32983     cutoff  175      35750.8435 34495.6278  3.51%   163  558s
 75654 31064     cutoff  198      35750.8435 34495.6278  3.51%   169  577s
 77573 29544     cutoff  117      35750.8435 34495.6278  3.51%   176  598s
 79093 27340     cutoff  152      35750.8435 34495.6278  3.51%   184  619s
 81297 24887     cutoff  214      35750.8435 34495.6278  3.51%   192  639s
 83750 22569     cutoff  170      35750.8435 34495.6278  3.51%   197  662s
 86068 21103     cutoff  127      35750.8435 34495.6278  3.51%   206  678s
 87534 20547     cutoff  186      35750.8435 34496.8445  3.51%   212  685s
 88090 19320     cutoff  196      35750.8435 34499.6786  3.50%   215  697s
 89317 18766     cutoff  157      35750.8435 34501.7847  3.49%   221  704s
 89871 18060     cutoff  196      35750.8435 34505.4846  3.48%   224  711s
 90577 17235 infeasible  115      35750.8435 34510.5441  3.47%   227  719s
 91402 16320     cutoff   62      35750.8435 34517.7847  3.45%   230  727s
 92317 15451     cutoff  112      35750.8435 34524.0248  3.43%   233  734s
 93186 14505 infeasible  132      35750.8435 34528.5544  3.42%   236  743s
 94132 13722     cutoff  197      35750.8435 34532.3556  3.41%   238  751s
 94915 12969     cutoff  142      35750.8435 34542.2909  3.38%   242  758s
 95668 12334     cutoff  165      35750.8435 34549.0409  3.36%   245  766s
 96303 11494 infeasible  169      35750.8435 34565.4298  3.32%   248  775s
 97143 10559     cutoff  167      35750.8435 34584.2628  3.26%   251  783s
 98078  9783     cutoff  140      35750.8435 34600.0472  3.22%   254  791s
 98854  9012 infeasible  180      35750.8435 34612.5390  3.18%   256  798s
 99625  8313 infeasible  189      35750.8435 34626.2160  3.15%   259  806s
 100324  7301     cutoff  184      35750.8435 34646.7961  3.09%   262  814s
 101336  6144     cutoff  127      35750.8435 34685.7750  2.98%   264  822s
 102493  5381     cutoff   83      35750.8435 34718.7928  2.89%   265  829s
 103256  4294     cutoff  192      35750.8435 34723.8776  2.87%   268  836s
 104343  3363     cutoff  131      35750.8435 34828.5711  2.58%   269  841s
 105274  2668     cutoff   76      35750.8435 35014.7117  2.06%   269  845s
 106641  1293     cutoff  248      35750.8435 35282.6214  1.31%   268  853s
 107344   789     cutoff  163      35750.8435 35376.3368  1.05%   268  855s

Cutting planes:
  Gomory: 35
  Lift-and-project: 7
  Cover: 15
  Implied bound: 1
  Mixing: 1
  Flow cover: 7
  Inf proof: 2
  Zero half: 1
  RLT: 31
  Relax-and-lift: 9

Explored 108637 nodes (28994361 simplex iterations) in 859.77 seconds (852.62 work units)
Thread count was 8 (of 64 available processors)

Solution count 1: 35750.8 

Optimal solution found (tolerance 1.00e-04)
Best objective 3.575084346517e+04, best bound 3.575084346517e+04, gap 0.0000%
Set parameter MIPFocus to value 0
