
Gurobi 13.0.2 (linux64) logging started Tue Oct  6 14:28:14 2026

Set parameter OutputFlag to value 1
Set parameter LogToConsole to value 0
Set parameter TimeLimit to value 900
Set parameter MIPGap to value 0.0001
Set parameter MIPFocus to value 3
Gurobi Optimizer version 13.0.2 build v13.0.2rc1 (linux64 - "Ubuntu 24.04.5 LTS")

CPU model: Intel(R) Xeon(R) Gold 6130 CPU @ 2.10GHz, instruction set [SSE2|AVX|AVX2|AVX512]
Thread count: 32 physical cores, 64 logical processors, using up to 8 threads

Non-default parameters:
TimeLimit  900
MIPFocus  3
LogToConsole  0
Threads  8

Optimize a model with 15207 rows, 14899 columns and 85097 nonzeros (Min)
Model fingerprint: 0x0cdfb019
Model has 200 linear objective coefficients
Variable types: 3453 continuous, 11446 integer (8641 binary)
Coefficient statistics:
  Matrix range     [1e-02, 1e+03]
  Objective range  [6e-01, 1e+06]
  Bounds range     [1e+00, 5e+02]
  RHS range        [1e+00, 3e+03]

User MIP start produced solution with objective 34306.4 (0.04s)
Loaded user MIP start with objective 34306.4

Presolve removed 11424 rows and 7253 columns
Presolve time: 0.20s
Presolved: 3783 rows, 7646 columns, 35307 nonzeros
Variable types: 1220 continuous, 6426 integer (5935 binary)
Root relaxation presolve removed 41 rows and 1 columns
Root relaxation presolved: 3742 rows, 7685 columns, 30302 nonzeros


Root relaxation: objective 3.185439e+04, 6371 iterations, 0.76 seconds (0.65 work units)

    Nodes    |    Current Node    |     Objective Bounds      |     Work
 Expl Unexpl |  Obj  Depth IntInf | Incumbent    BestBd   Gap | It/Node Time

     0     0 31854.3925    0  289 34306.3649 31854.3925  7.15%     -    2s
     0     0 31854.3925    0  378 34306.3649 31854.3925  7.15%     -    3s
     0     0 31854.3925    0  144 34306.3649 31854.3925  7.15%     -    4s
     0     0 31854.3925    0  147 34306.3649 31854.3925  7.15%     -    4s
     0     0 31854.3925    0  304 34306.3649 31854.3925  7.15%     -    4s
     0     0 31854.3925    0   83 34306.3649 31854.3925  7.15%     -    6s
     0     0 31854.3925    0  111 34306.3649 31854.3925  7.15%     -    6s
     0     0 31861.1055    0  332 34306.3649 31861.1055  7.13%     -    7s
     0     0 31861.1055    0   86 34306.3649 31861.1055  7.13%     -    9s
     0     0 31861.1055    0  109 34306.3649 31861.1055  7.13%     -    9s
     0     0 31861.1055    0  253 34306.3649 31861.1055  7.13%     -   10s
     0     0 31861.1055    0  121 34306.3649 31861.1055  7.13%     -   11s
     0     0 31861.1055    0  141 34306.3649 31861.1055  7.13%     -   11s
     0     0 31861.1055    0  308 34306.3649 31861.1055  7.13%     -   11s
     0     0 31861.1055    0  133 34306.3649 31861.1055  7.13%     -   12s
     0     0 31861.1055    0  133 34306.3649 31861.1055  7.13%     -   12s
     0     0 31861.1055    0   85 34306.3649 31861.1055  7.13%     -   13s
     0     2 31861.1055    0   85 34306.3649 31861.1055  7.13%     -   14s
     7    16 31861.1055    3  284 34306.3649 31861.1055  7.13%   237   15s
   142   151 31861.1055    5  365 34306.3649 31861.1055  7.13%   122   21s
   205   607 31861.1055    6  289 34306.3649 31861.1055  7.13%   114   27s
   606  1471 31861.1055   23  277 34306.3649 31861.1055  7.13%  68.7   33s
  1476  1472 32223.4573   76   85 34306.3649 31861.1055  7.13%  66.8   41s
  1478  1473 32568.7529    7  260 34306.3649 31861.1055  7.13%  66.7   45s
  1481  1475 32031.2541  106  185 34306.3649 31861.1055  7.13%  66.6   51s
  1483  1477 31985.2082   59  104 34306.3649 31861.1055  7.13%  66.5   57s
  1485  1478 31985.2082   76   67 34306.3649 31861.1055  7.13%  66.4   62s
  1487  1479 32035.3742  128  122 34306.3649 31861.1055  7.13%  66.3   66s
  1490  1481 31861.1055   20  151 34306.3649 31861.1055  7.13%  66.2   72s
  1492  1483 31861.1055   34  193 34306.3649 31861.1055  7.13%  66.1   76s
  1494  1484 31985.2082   76  212 34306.3649 31861.1055  7.13%  66.0   81s
  1496  1485 32223.4573   50  260 34306.3649 31861.1055  7.13%  65.9   87s
  1498  1487 32264.3473   46  100 34306.3649 31861.1055  7.13%  65.8   96s
  1499  1487 32027.7998   78  100 34306.3649 31861.1055  7.13%  65.8  102s
  1620  1720 31861.1055   21  199 34306.3649 31861.1055  7.13%  89.8  106s
  1995  1879 31861.1055   32  208 34306.3649 31861.1055  7.13%  78.7  113s
  2055  1899 31861.1055   29  250 34306.3649 31861.1055  7.13%  78.2  119s
  2095  2363 33019.5193   28  264 34306.3649 31861.1055  7.13%  78.0  126s
  2581  3478 31861.1055   30  309 34306.3649 31861.1055  7.13%  75.9  132s
  3893  3749 33019.5193   31  299 34306.3649 31861.1055  7.13%  65.9  136s
  5487  4862 32397.1501   49  206 34306.3649 31861.1055  7.13%  64.2  141s
  6724  5773 33294.0070   68  246 34306.3649 31861.1055  7.13%  64.5  146s
  7949  6789 31950.1311   85  243 34306.3649 31861.1055  7.13%  63.9  151s
  9041  8071 31861.1055   69  312 34306.3649 31861.1055  7.13%  64.6  155s
 11117 10069 31861.1055   66  252 34306.3649 31861.1055  7.13%  61.6  161s
 12600 10926 33551.8490   69  169 34306.3649 31861.1055  7.13%  63.6  166s
 12642 10962 31861.1055   61  215 34306.3649 31861.1055  7.13%  64.5  171s
 12658 11040 33301.5130   62  260 34306.3649 31861.1055  7.13%  64.9  175s
 13132 11842 31861.1055   66  169 34306.3649 31861.1055  7.13%  64.8  182s
 14246 13263 31861.1055   58  241 34306.3649 31861.1055  7.13%  63.0  186s
 14971 13820 33391.9474   59  224 34306.3649 31861.1055  7.13%  62.3  190s
 16249 15352 31861.1055  162  200 34306.3649 31861.1055  7.13%  64.9  196s
 17795 16292 31861.1055   62  207 34306.3649 31861.1055  7.13%  67.7  202s
 18138 16503 32021.0209  112  193 34306.3649 31861.1055  7.13%  69.1  205s
 18394 16706 31861.1055  141  192 34306.3649 31861.1055  7.13%  69.6  212s
 18570 17465 31861.1055  137  199 34306.3649 31861.1055  7.13%  69.6  215s
 20564 19505 33294.0070  103  244 34306.3649 31861.1055  7.13%  70.3  223s
 21615 19900 31861.1055  148  201 34306.3649 31861.1055  7.13%  72.0  226s
 22020 20446 32934.4679   82  275 34306.3649 31861.1055  7.13%  71.6  231s
 22597 21469 31861.1055   66  188 34306.3649 31861.1055  7.13%  72.5  235s
 24681 22812 32577.5559   88  182 34306.3649 31861.1055  7.13%  76.1  242s
 25254 23377 33389.3819  169  153 34306.3649 31861.1055  7.13%  77.0  245s
 26671 23967 33010.2795  184  121 34306.3649 31861.1055  7.13%  83.1  253s
 26756 24112 32988.1024  161  198 34306.3649 31861.1055  7.13%  84.1  258s
 26940 24253 32965.9422   76  186 34306.3649 31861.1055  7.13%  87.4  262s
 27120 24357 32965.9422  127  215 34306.3649 31861.1055  7.13%  92.0  265s
 27471 24841 32985.4708  141  191 34306.3649 31861.1055  7.13%   102  273s
 27836 24976 33045.0529  138  185 34306.3649 31861.1055  7.13%   107  277s
 28013 25118 32965.9422  144  151 34306.3649 31861.1055  7.13%   111  282s
 28161 25401 32576.6220   65  273 34306.3649 31861.1055  7.13%   112  287s
 28467 25668     cutoff   75      34306.3649 31861.1055  7.13%   114  291s
 28753 26224 32906.1237  115  222 34306.3649 31861.1055  7.13%   118  296s
 29323 26457 32473.4748   71  272 34306.3649 31861.1055  7.13%   119  300s
 29599 26682 32910.8586   61  226 34306.3649 31861.1055  7.13%   123  306s
 29844 27809 32906.1237   76  213 34306.3649 31861.1055  7.13%   127  323s
 31068 29126 32846.3052   79  182 34306.3649 31861.1055  7.13%   133  335s
 32510 29931 33113.2771   82  195 34306.3649 31861.1055  7.13%   140  344s
 33373 31310 33108.5820   63  234 34306.3649 31861.1055  7.13%   143  353s
 34811 32212 32720.8661   70  182 34306.3649 31861.1055  7.13%   146  362s
 35766 32421 33030.7795  167  141 34306.3649 31861.1055  7.13%   147  371s
 35981 33093 32497.2512   68  231 34306.3649 31861.1055  7.13%   147  379s
 36684 34170     cutoff  147      34306.3649 31861.1055  7.13%   149  387s
 37829 34514 32846.3052   38  170 34306.3649 31861.1055  7.13%   150  395s
 38189 35807     cutoff  139      34306.3649 31861.1055  7.13%   151  404s
 39539 36813     cutoff  104      34306.3649 31861.1055  7.13%   152  412s
 40598 37945 33351.2530   74  257 34306.3649 31861.1055  7.13%   152  419s
 41812 38108 32171.0889   68  253 34306.3649 31861.1055  7.13%   153  427s
 41993 38729 infeasible   63      34306.3649 31861.1055  7.13%   154  436s
 42643 39725 32623.6437   91  267 34306.3649 31861.1055  7.13%   155  443s
 43678 41301 33529.9485   83  280 34306.3649 31861.1055  7.13%   156  450s
 45318 42294 32965.9422  142  182 34306.3649 31861.1055  7.13%   154  457s
 46328 43361 33234.6310   92  305 34306.3649 31861.1055  7.13%   153  462s
 47407 43367 32965.9422  147  209 34306.3649 31861.1055  7.13%   152  467s
 47416 43548 32848.1920   84  195 34306.3649 31861.1055  7.13%   152  473s
 47598 44006 32389.0077   57  319 34306.3649 31861.1055  7.13%   152  478s
 48077 44718 32171.0889   32  289 34306.3649 31861.1055  7.13%   152  484s
 48808 45564 33509.1552  140  134 34306.3649 31861.1055  7.13%   152  490s
 49675 46535 32904.5144   73  328 34306.3649 31861.1055  7.13%   152  495s
 50686 47502 32497.2512   84  292 34306.3649 31861.1055  7.13%   152  501s
 51691 47754 33220.0883  132  197 34306.3649 31861.1055  7.13%   151  507s
 51943 48326 32475.1450   85  249 34306.3649 31861.1055  7.13%   151  512s
 52527 49529 32171.0889   73  297 34306.3649 31861.1055  7.13%   151  518s
 53770 50623 infeasible   58      34306.3649 31861.1055  7.13%   150  523s
 54887 51735 32398.5900   81  234 34306.3649 31861.1055  7.13%   149  528s
 56006 52517 33583.4574   61  212 34306.3649 31861.1055  7.13%   148  533s
 56814 53503 32666.8496   94  234 34306.3649 31861.1055  7.13%   149  537s
 57830 54557 33502.0515   84  158 34306.3649 31861.1055  7.13%   148  542s
 58925 55539 33948.7527  132  165 34306.3649 31861.1055  7.13%   148  547s
 59953 56803 32280.7642  111  280 34306.3649 31861.1055  7.13%   148  553s
 61248 57480 32171.0889   68  298 34306.3649 31861.1055  7.13%   147  557s
 61951 58339 32171.0889   40  353 34306.3649 31861.1055  7.13%   147  561s
 62814 58413 32280.7642   91  313 34306.3649 31861.1055  7.13%   147  565s
 62890 58744 32171.0889   53  240 34306.3649 31861.1055  7.13%   147  570s
 63233 59578 32280.7642   58  232 34306.3649 31861.1055  7.13%   147  575s
 64101 60041 32280.7642   63  287 34306.3649 31861.1055  7.13%   146  581s
 64577 60480 32171.0889   27  389 34306.3649 31861.1055  7.13%   147  585s
 65035 60959 33345.2668  150  300 34306.3649 31861.1055  7.13%   147  590s
 66053 62047     cutoff  155      34306.3649 31861.1055  7.13%   149  600s
 66766 62623 33760.7231   67  195 34306.3649 31861.1055  7.13%   150  605s
 67399 63687 33610.7035  171  225 34306.3649 31861.1055  7.13%   150  610s
 68510 64635 32171.0889  110  278 34306.3649 31861.1055  7.13%   150  616s
 69498 64642     cutoff   71      34306.3649 31861.1055  7.13%   150  622s
 69507 64649     cutoff   74      34306.3649 31861.1055  7.13%   150  627s
 69516 65454 32171.0889   94  301 34306.3649 31861.1055  7.13%   150  632s
 70329 66652 33093.4442   66  198 34306.3649 31861.1055  7.13%   149  638s
 71553 67876 32171.0889   44  308 34306.3649 31861.1055  7.13%   148  642s
 72792 68999 32171.0889   61  296 34306.3649 31861.1055  7.13%   147  647s
 73954 69007 32171.0889   60  240 34306.3649 31861.1055  7.13%   146  652s
 73962 69192 32171.0889   48  275 34306.3649 31861.1055  7.13%   147  657s
 74151 69234 32965.9422  134  196 34306.3649 31861.1055  7.13%   147  662s
 74195 69377 33162.4038   76  162 34306.3649 31861.1055  7.13%   147  667s
 74342 69517 32171.0889   64  303 34306.3649 31861.1055  7.13%   147  673s
 74483 69666 32171.0889  108  308 34306.3649 31861.1055  7.13%   147  680s
 74643 72708 32171.0889   66  287 34306.3649 31861.1055  7.13%   147  708s
 78020 73657 32171.0889  120  271 34306.3649 31861.1055  7.13%   147  716s
 79048 74745 32673.4040   92  223 34306.3649 31861.1055  7.13%   149  723s
 80161 76311 32787.2404   34  311 34306.3649 31861.1055  7.13%   148  729s
 81798 77731 32171.0889   40  272 34306.3649 31861.1055  7.13%   147  735s
 83251 78528 32171.0889   26  247 34306.3649 31861.1055  7.13%   146  740s
 84055 78919 32171.0889   28  285 34306.3649 31861.1055  7.13%   146  746s
 84447 79281 32171.0889   35  314 34306.3649 31861.1055  7.13%   145  752s
 84809 80620 33336.2158   38  381 34306.3649 31861.1055  7.13%   145  758s
 86166 81788 33529.9485   30  318 34306.3649 31861.1055  7.13%   144  764s
 87342 82590 32997.1254   42  303 34306.3649 31861.1055  7.13%   143  768s
 88168 82967 33887.3394   35  341 34306.3649 31861.1055  7.13%   143  774s
 88568 83814 32316.8952   61  237 34306.3649 31861.1055  7.13%   144  779s
 89441 84998 33610.7035   67  284 34306.3649 31861.1055  7.13%   144  784s
 90668 85705 32373.3647   56  263 34306.3649 31861.1055  7.13%   144  788s
 91395 86286     cutoff   45      34306.3649 31861.1055  7.13%   144  793s
 91999 87256 33812.3831   49  322 34306.3649 31861.1055  7.13%   144  797s
 92981 88144 32443.1294   74  292 34306.3649 31861.1055  7.13%   144  801s
 93879 88892 34147.8662   78  250 34306.3649 31861.1055  7.13%   144  805s
 94636 89039 32171.0889   64  258 34306.3649 31861.1055  7.13%   144  810s
 95271 90414 32171.0889   90  265 34306.3649 31861.1055  7.13%   144  818s
 96207 91678 32171.0889   54  248 34306.3649 31861.1055  7.13%   143  823s
 97494 92670 32609.6747   51  300 34306.3649 31861.1055  7.13%   142  827s
 98498 93460 33610.7035  108  276 34306.3649 31861.1055  7.13%   142  830s
 100241 95225 33610.7035   65  282 34306.3649 31861.1055  7.13%   142  838s
 101112 95904 33708.6439   53  265 34306.3649 31861.1055  7.13%   141  842s
 101807 96751 32171.0889   78  282 34306.3649 31861.1055  7.13%   142  846s
 102679 97532 32389.0077   75  255 34306.3649 31861.1055  7.13%   141  850s
 104284 99446 infeasible   75      34306.3649 31861.1055  7.13%   141  859s
 105458 99453 32334.8860   75  258 34306.3649 31861.1055  7.13%   141  864s
 105467 99575 32171.0889   33  242 34306.3649 31861.1055  7.13%   141  868s
 105591 100014 33350.4542  159  192 34306.3649 31861.1055  7.13%   141  873s
 106055 100691 33978.2273  122  275 34306.3649 31861.1055  7.13%   142  879s
 106771 101618 32623.6437   66  328 34306.3649 31861.1055  7.13%   142  884s
 107750 102204     cutoff   83      34306.3649 31861.1055  7.13%   143  890s
 108389 102907 33448.0805  122  216 34306.3649 31861.1055  7.13%   144  895s
 109139 103607     cutoff  120      34306.3649 31861.1055  7.13%   144  900s

Cutting planes:
  Learned: 1
  Gomory: 106
  Lift-and-project: 75
  Cover: 14
  Implied bound: 49
  MIR: 25
  Mixing: 1
  StrongCG: 2
  Flow cover: 160
  Inf proof: 4
  Zero half: 26
  RLT: 105
  Relax-and-lift: 54

Explored 109873 nodes (15929077 simplex iterations) in 900.06 seconds (831.47 work units)
Thread count was 8 (of 64 available processors)

Solution count 1: 34306.4 

Time limit reached
Best objective 3.430636494132e+04, best bound 3.189890073492e+04, gap 7.0175%
Set parameter MIPFocus to value 0
