
Gurobi 13.0.2 (linux64) logging started Tue Oct  6 14:26:24 2026

Set parameter OutputFlag to value 1
Set parameter LogToConsole to value 0
Set parameter TimeLimit to value 900
Set parameter MIPGap to value 0.0001
Set parameter MIPFocus to value 3
Gurobi Optimizer version 13.0.2 build v13.0.2rc1 (linux64 - "Ubuntu 24.04.5 LTS")

CPU model: Intel(R) Xeon(R) Gold 6130 CPU @ 2.10GHz, instruction set [SSE2|AVX|AVX2|AVX512]
Thread count: 32 physical cores, 64 logical processors, using up to 8 threads

Non-default parameters:
TimeLimit  900
MIPFocus  3
LogToConsole  0
Threads  8

Optimize a model with 15176 rows, 14896 columns and 85049 nonzeros (Min)
Model fingerprint: 0x1a9a0a46
Model has 198 linear objective coefficients
Variable types: 3450 continuous, 11446 integer (8641 binary)
Coefficient statistics:
  Matrix range     [1e-02, 1e+03]
  Objective range  [7e-01, 1e+06]
  Bounds range     [1e+00, 5e+02]
  RHS range        [1e+00, 3e+03]

User MIP start produced solution with objective 35750.8 (0.03s)
Loaded user MIP start with objective 35750.8

Presolve removed 11263 rows and 7079 columns
Presolve time: 0.32s
Presolved: 3913 rows, 7817 columns, 36224 nonzeros
Variable types: 1220 continuous, 6597 integer (5935 binary)
Root relaxation presolve removed 41 rows and 1 columns
Root relaxation presolved: 3872 rows, 7856 columns, 31219 nonzeros


Root relaxation: objective 3.448836e+04, 5281 iterations, 0.61 seconds (0.33 work units)

    Nodes    |    Current Node    |     Objective Bounds      |     Work
 Expl Unexpl |  Obj  Depth IntInf | Incumbent    BestBd   Gap | It/Node Time

     0     0 34488.3597    0  214 35750.8435 34488.3597  3.53%     -    2s
     0     0 34488.3597    0  441 35750.8435 34488.3597  3.53%     -    2s
     0     0 34488.3597    0  121 35750.8435 34488.3597  3.53%     -    3s
     0     0 34488.3597    0  147 35750.8435 34488.3597  3.53%     -    3s
     0     0 34488.3597    0  329 35750.8435 34488.3597  3.53%     -    4s
     0     0 34488.3597    0   85 35750.8435 34488.3597  3.53%     -    5s
     0     0 34488.3597    0  133 35750.8435 34488.3597  3.53%     -    5s
     0     0 34488.3597    0  252 35750.8435 34488.3597  3.53%     -    6s
     0     0 34488.3597    0  105 35750.8435 34488.3597  3.53%     -    7s
     0     0 34488.3597    0  253 35750.8435 34488.3597  3.53%     -    7s
     0     0 34488.3597    0  268 35750.8435 34488.3597  3.53%     -    7s
     0     0 34488.3597    0   82 35750.8435 34488.3597  3.53%     -    8s
     0     0 34495.6278    0   82 35750.8435 34495.6278  3.51%     -    9s
     0     0 34495.6278    0   82 35750.8435 34495.6278  3.51%     -    9s
     0     2 34495.6278    0   82 35750.8435 34495.6278  3.51%     -   11s
   218   221 34495.6278   10  108 35750.8435 34495.6278  3.51%  65.7   16s
   235   236 34495.6278   14  371 35750.8435 34495.6278  3.51%  72.5   20s
   511   946 34495.6278   43  346 35750.8435 34495.6278  3.51%  68.2   27s
   965  1927 34495.6278  138  350 35750.8435 34495.6278  3.51%  52.4   30s
  2069  1928 34495.6278   10   82 35750.8435 34495.6278  3.51%  52.1   38s
  2071  1929 34495.6278   49  220 35750.8435 34495.6278  3.51%  52.0   42s
  2073  1931 34495.6278   42  183 35750.8435 34495.6278  3.51%  52.0   46s
  2075  1932 34495.6278    6   61 35750.8435 34495.6278  3.51%  51.9   50s
  2078  1934 34495.6278   69   61 35750.8435 34495.6278  3.51%  51.8   58s
  2079  1935 34495.6278    5   41 35750.8435 34495.6278  3.51%  51.8   62s
  2103  1993 34495.6278   16  374 35750.8435 34495.6278  3.51%  62.7   65s
  2373  2342 35497.9020   21  369 35750.8435 34495.6278  3.51%  61.3   72s
  2647  2296 35497.9020   20  332 35750.8435 34495.6278  3.51%  61.8   76s
  2714  2281 34495.6278   36  355 35750.8435 34495.6278  3.51%  62.3   82s
  2722  2863 34495.6278   36  184 35750.8435 34495.6278  3.51%  62.9   87s
  3422  3484 34495.6278   41  104 35750.8435 34495.6278  3.51%  60.7   92s
  4488  3666 34618.9479   66  294 35750.8435 34495.6278  3.51%  57.7   95s
  6107  4585 34495.6278   60  334 35750.8435 34495.6278  3.51%  53.4  100s
  7920  5563     cutoff   70      35750.8435 34495.6278  3.51%  51.3  106s
  8885  6549     cutoff   41      35750.8435 34495.6278  3.51%  49.6  110s
 11059  8516 34495.6278   26  208 35750.8435 34495.6278  3.51%  48.6  115s
 12964  9417 35204.9173   85  340 35750.8435 34495.6278  3.51%  50.0  120s
 13990 10871 35247.1892   39  267 35750.8435 34495.6278  3.51%  49.3  125s
 15082 12159 infeasible   54      35750.8435 34495.6278  3.51%  49.5  131s
 17189 13644 35497.9020   81  401 35750.8435 34495.6278  3.51%  49.1  135s
 18156 13651 34495.6278   80  350 35750.8435 34495.6278  3.51%  49.9  140s
 18232 13983 35302.5788   89  335 35750.8435 34495.6278  3.51%  51.0  146s
 19318 15145 35497.9020   60  354 35750.8435 34495.6278  3.51%  50.9  151s
 20617 16956 34495.6278  106  316 35750.8435 34495.6278  3.51%  49.9  156s
 22676 18606 35497.9020   79  288 35750.8435 34495.6278  3.51%  47.6  161s
 26249 21492     cutoff   35      35750.8435 34495.6278  3.51%  46.6  166s
 29464 24722 34495.6278   47  405 35750.8435 34495.6278  3.51%  46.6  172s
 31434 25199 34495.6278  112  342 35750.8435 34495.6278  3.51%  46.1  175s
 33384 26763     cutoff   84      35750.8435 34495.6278  3.51%  46.9  180s
 35768 28264     cutoff   65      35750.8435 34495.6278  3.51%  47.3  185s
 35819 28255 35400.2404   43  414 35750.8435 34495.6278  3.51%  47.7  190s
 36300 29130     cutoff  104      35750.8435 34495.6278  3.51%  48.0  197s
 37236 30127 34495.6278  110  276 35750.8435 34495.6278  3.51%  48.3  202s
 39409 31900     cutoff  123      35750.8435 34495.6278  3.51%  47.8  206s
 41359 33603     cutoff   56      35750.8435 34495.6278  3.51%  48.0  210s
 44710 35745     cutoff   57      35750.8435 34495.6278  3.51%  47.1  218s
 45716 36512 34495.6278   41  307 35750.8435 34495.6278  3.51%  47.8  220s
 46822 36504 34495.6278   44  246 35750.8435 34495.6278  3.51%  48.1  225s
 46865 36500     cutoff  123      35750.8435 34495.6278  3.51%  48.3  231s
 46891 36505 34495.6278   29  314 35750.8435 34495.6278  3.51%  48.4  237s
 46903 36506 infeasible   65      35750.8435 34495.6278  3.51%  48.5  242s
 46918 36573 34495.6278  166  325 35750.8435 34495.6278  3.51%  48.5  245s
 47015 36578 35107.2557   45  219 35750.8435 34495.6278  3.51%  48.6  252s
 47028 36697 34847.1732   47  346 35750.8435 34495.6278  3.51%  48.6  257s
 47173 37208 34618.9479   50  264 35750.8435 34495.6278  3.51%  48.6  260s
 48407 38880 34495.6278   44  291 35750.8435 34495.6278  3.51%  48.5  267s
 49682 39935     cutoff  102      35750.8435 34495.6278  3.51%  48.0  270s
 51775 41297     cutoff   73      35750.8435 34495.6278  3.51%  47.5  276s
 53306 42969     cutoff   55      35750.8435 34495.6278  3.51%  47.7  283s
 54465 42969 34495.6278   40  281 35750.8435 34495.6278  3.51%  47.7  286s
 54498 43133     cutoff  125      35750.8435 34495.6278  3.51%  47.8  294s
 54674 43965     cutoff  128      35750.8435 34495.6278  3.51%  47.7  297s
 55654 44749     cutoff   77      35750.8435 34495.6278  3.51%  47.6  300s
 57677 46292     cutoff  126      35750.8435 34495.6278  3.51%  48.8  306s
 59858 48574 35385.5123   88  334 35750.8435 34495.6278  3.51%  49.1  312s
 62048 49422 35400.2404   70  324 35750.8435 34495.6278  3.51%  49.2  316s
 63389 50591 infeasible   88      35750.8435 34495.6278  3.51%  49.9  320s
 64692 51743     cutoff   46      35750.8435 34495.6278  3.51%  50.4  325s
 65628 51724 35400.2404   52  340 35750.8435 34495.6278  3.51%  50.7  332s
 65852 52534     cutoff   70      35750.8435 34495.6278  3.51%  51.1  337s
 66724 53461     cutoff   81      35750.8435 34495.6278  3.51%  51.1  340s
 70063 55831 34935.6611   85  288 35750.8435 34495.6278  3.51%  50.7  347s
 71561 57418     cutoff   91      35750.8435 34495.6278  3.51%  50.9  351s
 73576 58904     cutoff  116      35750.8435 34495.6278  3.51%  50.7  355s
 75905 60911 35107.2557  130  308 35750.8435 34495.6278  3.51%  50.8  360s
 78101 62682     cutoff  133      35750.8435 34495.6278  3.51%  51.2  366s
 80724 64467     cutoff   60      35750.8435 34495.6278  3.51%  51.3  371s
 82818 66159 35009.5941   85  270 35750.8435 34495.6278  3.51%  51.7  376s
 83950 66384 34664.4808   56  248 35750.8435 34495.6278  3.51%  52.2  380s
 84023 66694 infeasible   67      35750.8435 34495.6278  3.51%  52.5  386s
 84790 67449 35532.2527  116  259 35750.8435 34495.6278  3.51%  52.6  391s
 86230 68478     cutoff   60      35750.8435 34495.6278  3.51%  53.0  396s
 87548 70377     cutoff   88      35750.8435 34495.6278  3.51%  52.8  401s
 90652 72568     cutoff  105      35750.8435 34495.6278  3.51%  52.3  405s
 93598 74416     cutoff   61      35750.8435 34495.6278  3.51%  52.2  411s
 95177 75633     cutoff   39      35750.8435 34495.6278  3.51%  52.7  416s
 96652 77024 34814.2710  132  304 35750.8435 34495.6278  3.51%  52.9  420s
 98907 78479 infeasible   95      35750.8435 34495.6278  3.51%  53.1  425s
 100401 79843 34754.8743   50  417 35750.8435 34495.6278  3.51%  53.4  430s
 101849 80178     cutoff  103      35750.8435 34495.6278  3.51%  53.7  435s
 102074 80320 35116.4480   35  324 35750.8435 34495.6278  3.51%  53.8  440s
 102763 81045 infeasible   62      35750.8435 34495.6278  3.51%  54.3  446s
 103996 82630     cutoff   80      35750.8435 34495.6278  3.51%  54.8  453s
 105957 83516     cutoff   75      35750.8435 34495.6278  3.51%  54.7  457s
 107329 84602     cutoff   98      35750.8435 34495.6278  3.51%  54.9  461s
 108614 85670     cutoff   93      35750.8435 34495.6278  3.51%  55.5  466s
 110643 86731 infeasible   61      35750.8435 34495.6278  3.51%  55.5  470s
 112819 88396 infeasible   95      35750.8435 34495.6278  3.51%  55.9  477s
 114473 90150     cutoff  100      35750.8435 34495.6278  3.51%  56.1  482s
 116429 91987 35009.5941   82  386 35750.8435 34495.6278  3.51%  56.1  487s
 118885 92933     cutoff  108      35750.8435 34495.6278  3.51%  55.8  492s
 118908 98979     cutoff   65      35750.8435 34495.6278  3.51%  55.9  524s
 126908 100561     cutoff   88      35750.8435 34495.6278  3.51%  57.3  527s
 128879 101195 34495.6278   82  330 35750.8435 34495.6278  3.51%  57.1  530s
 131007 103727     cutoff   98      35750.8435 34495.6278  3.51%  57.1  535s
 133502 105144 34495.6278   60  334 35750.8435 34495.6278  3.51%  57.0  541s
 134516 105129 35107.2557  145  293 35750.8435 34495.6278  3.51%  57.0  546s
 134631 105487     cutoff   52      35750.8435 34495.6278  3.51%  57.2  552s
 135120 106648     cutoff   51      35750.8435 34495.6278  3.51%  57.3  557s
 136509 107661     cutoff   63      35750.8435 34495.6278  3.51%  57.2  560s
 140243 110156     cutoff   38      35750.8435 34495.6278  3.51%  57.2  567s
 141965 111683     cutoff   87      35750.8435 34495.6278  3.51%  57.2  571s
 143818 113305     cutoff  127      35750.8435 34495.6278  3.51%  57.3  575s
 146286 115145     cutoff  113      35750.8435 34495.6278  3.51%  57.0  580s
 150265 117528     cutoff   86      35750.8435 34495.6278  3.51%  56.6  586s
 151363 118240 infeasible   70      35750.8435 34495.6278  3.51%  57.0  590s
 153663 120087 infeasible   70      35750.8435 34495.6278  3.51%  57.0  596s
 155252 120696 35497.9020  121  237 35750.8435 34495.6278  3.51%  57.0  600s
 155877 121184 infeasible  109      35750.8435 34495.6278  3.51%  57.3  606s
 156583 121801     cutoff  124      35750.8435 34495.6278  3.51%  57.3  610s
 157712 122577 infeasible   98      35750.8435 34495.6278  3.51%  57.4  615s
 159402 123782 35467.1303   93  357 35750.8435 34495.6278  3.51%  57.7  620s
 162666 126349 35302.5788   87  283 35750.8435 34495.6278  3.51%  57.5  626s
 165117 127698 infeasible  122      35750.8435 34495.6278  3.51%  57.5  632s
 167535 129270     cutoff   41      35750.8435 34495.6278  3.51%  57.2  635s
 169079 130435 35532.2527  140  248 35750.8435 34495.6278  3.51%  57.3  640s
 169689 130310     cutoff   40      35750.8435 34495.6278  3.51%  57.6  645s
 170347 131123 34495.6278  105  321 35750.8435 34495.6278  3.51%  57.7  651s
 171973 132717 infeasible  115      35750.8435 34495.6278  3.51%  57.6  656s
 173482 133611     cutoff   84      35750.8435 34495.6278  3.51%  57.7  660s
 175745 135421     cutoff   88      35750.8435 34495.6278  3.51%  58.0  666s
 178123 137542     cutoff   90      35750.8435 34495.6278  3.51%  57.8  670s
 180286 139334     cutoff  132      35750.8435 34495.6278  3.51%  57.8  676s
 183179 141657 35400.2404   56  241 35750.8435 34495.6278  3.51%  57.5  681s
 184481 142650     cutoff   51      35750.8435 34495.6278  3.51%  57.7  685s
 185471 142651 35515.3697   60  188 35750.8435 34495.6278  3.51%  57.7  691s
 185530 142779     cutoff   92      35750.8435 34495.6278  3.51%  57.8  695s
 187114 144366     cutoff   87      35750.8435 34495.6278  3.51%  57.9  701s
 188377 145297 34495.6278   53  269 35750.8435 34495.6278  3.51%  58.2  706s
 190099 146470 35165.9046   62  357 35750.8435 34495.6278  3.51%  58.2  710s
 191703 147907     cutoff   56      35750.8435 34495.6278  3.51%  58.3  715s
 193590 148995     cutoff   63      35750.8435 34495.6278  3.51%  58.7  721s
 194337 149313     cutoff   79      35750.8435 34495.6278  3.51%  58.9  725s
 196726 150800     cutoff   55      35750.8435 34495.6278  3.51%  59.0  732s
 196776 150792     cutoff   59      35750.8435 34495.6278  3.51%  59.1  737s
 196942 150829     cutoff  125      35750.8435 34495.6278  3.51%  59.3  743s
 196964 151050     cutoff   88      35750.8435 34495.6278  3.51%  59.3  746s
 197283 151234     cutoff   82      35750.8435 34495.6278  3.51%  59.3  750s
 197620 152136 34495.6278   60  291 35750.8435 34495.6278  3.51%  59.4  757s
 198649 152948     cutoff   75      35750.8435 34495.6278  3.51%  59.3  761s
 199632 153525     cutoff   56      35750.8435 34495.6278  3.51%  59.4  765s
 201498 154769     cutoff   98      35750.8435 34495.6278  3.51%  59.6  771s
 202304 155541 35515.3697   76  244 35750.8435 34495.6278  3.51%  59.8  775s
 204711 157688 34495.6278   68  377 35750.8435 34495.6278  3.51%  59.7  781s
 206582 158469 34785.5472   81  327 35750.8435 34495.6278  3.51%  59.9  786s
 207259 158656     cutoff  123      35750.8435 34495.6278  3.51%  60.3  791s
 207463 158753 35546.2619   83  269 35750.8435 34495.6278  3.51%  60.3  795s
 207955 159552 infeasible   69      35750.8435 34495.6278  3.51%  60.5  801s
 208747 160425 34495.6278   43  333 35750.8435 34495.6278  3.51%  60.6  805s
 210476 161852     cutoff   46      35750.8435 34495.6278  3.51%  60.9  813s
 212144 162868 35467.1303   91  270 35750.8435 34495.6278  3.51%  61.0  816s
 214295 164756     cutoff   55      35750.8435 34495.6278  3.51%  61.1  821s
 216728 167474     cutoff   81      35750.8435 34495.6278  3.51%  61.0  825s
 218880 167437 35385.5123   83  183 35750.8435 34495.6278  3.51%  60.7  830s
 218974 167628     cutoff   89      35750.8435 34495.6278  3.51%  60.8  835s
 220619 169598     cutoff   92      35750.8435 34495.6278  3.51%  60.8  841s
 222483 170537     cutoff   95      35750.8435 34495.6278  3.51%  60.8  845s
 224625 172769     cutoff   59      35750.8435 34495.6278  3.51%  61.0  852s
 226850 173981     cutoff   97      35750.8435 34495.6278  3.51%  60.9  855s
 228503 175179     cutoff   92      35750.8435 34495.6278  3.51%  61.2  860s
 230756 176556     cutoff   51      35750.8435 34495.6278  3.51%  61.4  866s
 233405 178226 35548.7483   83  277 35750.8435 34495.6278  3.51%  61.4  872s
 234839 179334     cutoff  124      35750.8435 34495.6278  3.51%  61.5  875s
 237748 181750     cutoff  107      35750.8435 34495.6278  3.51%  61.4  880s
 238795 181684 infeasible  122      35750.8435 34495.6278  3.51%  61.4  886s
 239101 182620     cutoff   71      35750.8435 34495.6278  3.51%  61.5  891s
 241138 183986     cutoff   81      35750.8435 34495.6278  3.51%  61.4  897s
 243299 185155 34495.6278   91  327 35750.8435 34495.6278  3.51%  61.3  900s

Cutting planes:
  Learned: 1
  Gomory: 40
  Lift-and-project: 19
  Implied bound: 51
  MIR: 12
  Flow cover: 218
  Zero half: 40
  RLT: 123
  Relax-and-lift: 53

Explored 243638 nodes (14965579 simplex iterations) in 900.07 seconds (735.05 work units)
Thread count was 8 (of 64 available processors)

Solution count 1: 35750.8 

Time limit reached
Best objective 3.575084346517e+04, best bound 3.459225131584e+04, gap 3.2407%
Set parameter MIPFocus to value 0
