
Gurobi 13.0.2 (linux64) logging started Tue Oct  6 14:13:08 2026

Set parameter OutputFlag to value 1
Set parameter LogToConsole to value 0
Set parameter TimeLimit to value 900
Set parameter MIPGap to value 0.0001
Set parameter MIPFocus to value 3
Gurobi Optimizer version 13.0.2 build v13.0.2rc1 (linux64 - "Ubuntu 24.04.5 LTS")

CPU model: Intel(R) Xeon(R) Gold 6130 CPU @ 2.10GHz, instruction set [SSE2|AVX|AVX2|AVX512]
Thread count: 32 physical cores, 64 logical processors, using up to 8 threads

Non-default parameters:
TimeLimit  900
MIPFocus  3
LogToConsole  0
Threads  8

Optimize a model with 15176 rows, 14896 columns and 85048 nonzeros (Min)
Model fingerprint: 0x2ac9308c
Model has 198 linear objective coefficients
Variable types: 3450 continuous, 11446 integer (8641 binary)
Coefficient statistics:
  Matrix range     [1e-02, 1e+03]
  Objective range  [8e-01, 1e+06]
  Bounds range     [1e+00, 5e+02]
  RHS range        [1e+00, 3e+03]

User MIP start produced solution with objective 39325.9 (0.03s)
Loaded user MIP start with objective 39325.9

Presolve removed 11263 rows and 7079 columns
Presolve time: 0.23s
Presolved: 3913 rows, 7817 columns, 36224 nonzeros
Variable types: 1220 continuous, 6597 integer (5935 binary)
Root relaxation presolve removed 41 rows and 1 columns
Root relaxation presolved: 3872 rows, 7856 columns, 31219 nonzeros


Root relaxation: objective 3.714115e+04, 4319 iterations, 0.27 seconds (0.19 work units)

    Nodes    |    Current Node    |     Objective Bounds      |     Work
 Expl Unexpl |  Obj  Depth IntInf | Incumbent    BestBd   Gap | It/Node Time

     0     0 37141.1540    0  137 39325.9278 37141.1540  5.56%     -    1s
     0     0 37141.1540    0  382 39325.9278 37141.1540  5.56%     -    2s
     0     0 37141.1540    0   40 39325.9278 37141.1540  5.56%     -    2s
     0     0 37141.1540    0  337 39325.9278 37141.1540  5.56%     -    3s
     0     0 37141.1540    0   49 39325.9278 37141.1540  5.56%     -    4s
     0     0 37141.1540    0  153 39325.9278 37141.1540  5.56%     -    4s
     0     0 37141.1540    0  315 39325.9278 37141.1540  5.56%     -    6s
     0     0 37141.1540    0   31 39325.9278 37141.1540  5.56%     -    7s
     0     0 37141.1540    0   48 39325.9278 37141.1540  5.56%     -    7s
     0     0 37141.1540    0  304 39325.9278 37141.1540  5.56%     -    7s
     0     0 37141.1540    0   37 39325.9278 37141.1540  5.56%     -    8s
     0     0 37141.1540    0   37 39325.9278 37141.1540  5.56%     -    9s
     0     0 37141.1540    0   32 39325.9278 37141.1540  5.56%     -    9s
     0     2 37141.1540    0   32 39325.9278 37141.1540  5.56%     -   11s
   590   599 37141.1540   49  229 39325.9278 37141.1540  5.56%  50.8   16s
   606   615 37141.1540   29  203 39325.9278 37141.1540  5.56%  53.9   21s
   622   811 37141.1540    5  258 39325.9278 37141.1540  5.56%  55.7   25s
  1673  1610 37141.1540   42   32 39325.9278 37141.1540  5.56%  79.6   31s
  1675  1611 37141.1540   69  116 39325.9278 37141.1540  5.56%  79.5   35s
  1680  1615 37141.1540   38   30 39325.9278 37141.1540  5.56%  79.3   41s
  1683  1617 37141.1540   15  260 39325.9278 37141.1540  5.56%  79.1   45s
  1686  1619 37141.1540   72   52 39325.9278 37141.1540  5.56%  79.0   52s
  1687  1619 37141.1540   43   52 39325.9278 37141.1540  5.56%  78.9   56s
  1711  1703 37141.1540   16  328 39325.9278 37141.1540  5.56%  96.1   60s
  2100  2116 37141.1540   21   31 39325.9278 37141.1540  5.56%  89.2   69s
  2322  2510 37141.1540   46  219 39325.9278 37141.1540  5.56%  91.7   76s
  2910  2534 37141.1540   70   85 39325.9278 37141.1540  5.56%   104   82s
  3274  2785 37141.1540   57  202 39325.9278 37141.1540  5.56%   112   92s
  3675  2843 37141.1540   42  236 39325.9278 37141.1540  5.56%   115   99s
  3882  3144 37141.1540   62  207 39325.9278 37141.1540  5.56%   117  107s
  4286  3653 infeasible   62      39325.9278 37141.1540  5.56%   118  114s
  4964  3904 37141.1540   28  302 39325.9278 37141.1540  5.56%   113  121s
  5503  4177 37141.1540   97  281 39325.9278 37141.1540  5.56%   114  126s
  6034  4305 37141.1540   47  275 39325.9278 37141.1540  5.56%   114  133s
  6343  4364 37141.1540   72  101 39325.9278 37141.1540  5.56%   112  140s
  6537  4924 37141.1540   78  209 39325.9278 37141.1540  5.56%   113  147s
  7191  5637 37141.1540   92  206 39325.9278 37141.1540  5.56%   113  152s
  8035  6373 37141.1540   36  377 39325.9278 37141.1540  5.56%   112  157s
  8875  7013 infeasible  115      39325.9278 37141.1540  5.56%   111  162s
  9595  7702 37141.1540   70  230 39325.9278 37141.1540  5.56%   112  167s
 10350  8361 infeasible   92      39325.9278 37141.1540  5.56%   112  171s
 11051  9145 37141.1540   63  306 39325.9278 37141.1540  5.56%   111  175s
 12219 10027 37141.1540  139  180 39325.9278 37141.1540  5.56%   108  183s
 12835 10512 37141.1540   97  387 39325.9278 37141.1540  5.56%   106  187s
 13468 10859 37141.1540  117  205 39325.9278 37141.1540  5.56%   108  194s
 13829 11021 infeasible  124      39325.9278 37141.1540  5.56%   107  199s
 13997 11028 37141.1540   74  244 39325.9278 37141.1540  5.56%   106  204s
 14006 11194 infeasible  112      39325.9278 37141.1540  5.56%   107  210s
 15077 12836 37141.1540  102  113 39325.9278 37141.1540  5.56%   107  220s
 16271 13840 37141.1540   52  252 39325.9278 37141.1540  5.56%   108  229s
 17127 14025 infeasible  113      39325.9278 37141.1540  5.56%   107  233s
 17340 14216 37141.1540  102  168 39325.9278 37141.1540  5.56%   108  238s
 17558 14535 37141.1540   72   44 39325.9278 37141.1540  5.56%   108  244s
 17975 14746 infeasible   73      39325.9278 37141.1540  5.56%   110  250s
 18309 15033 37141.1540  112  225 39325.9278 37141.1540  5.56%   112  255s
 18672 15509 infeasible  108      39325.9278 37141.1540  5.56%   114  261s
 19339 15954 infeasible  182      39325.9278 37141.1540  5.56%   116  270s
 19890 16495 37141.1540  132  140 39325.9278 37141.1540  5.56%   117  277s
 20663 16758 infeasible  134      39325.9278 37141.1540  5.56%   119  284s
 21456 17114 infeasible  130      39325.9278 37141.1540  5.56%   122  291s
 22141 17387 infeasible  235      39325.9278 37141.1540  5.56%   126  298s
 22926 17462 infeasible  223      39325.9278 37141.1540  5.56%   130  307s
 23251 17632 37141.1540  275  112 39325.9278 37141.1540  5.56%   133  314s
 23873 17930 infeasible  257      39325.9278 37141.1540  5.56%   138  324s
 24467 17963 infeasible  211      39325.9278 37141.1540  5.56%   139  333s
 24883 18027 infeasible  195      39325.9278 37141.1540  5.56%   144  342s
 25250 18007 infeasible  261      39325.9278 37141.1540  5.56%   148  352s
 25779 18004 infeasible  175      39325.9278 37141.1540  5.56%   152  362s
 26212 17877 infeasible  232      39325.9278 37141.1540  5.56%   155  371s
 26627 17797 infeasible  231      39325.9278 37141.1540  5.56%   160  382s
 26799 17702 37141.1540  234  169 39325.9278 37141.1540  5.56%   163  394s
 26914 17612 infeasible  261      39325.9278 37141.1540  5.56%   165  408s
 27080 17686 infeasible  219      39325.9278 37141.1540  5.56%   168  421s
 27409 17999 37141.1540  184  231 39325.9278 37141.1540  5.56%   170  432s
 28028 18029 37141.1540  282   59 39325.9278 37141.1540  5.56%   172  445s
 28365 18131 infeasible  285      39325.9278 37141.1540  5.56%   175  455s
 29151 18270 37141.1540  272   54 39325.9278 37141.1540  5.56%   179  465s
 29718 18561 infeasible  192      39325.9278 37141.1540  5.56%   183  476s
 30537 18573 infeasible  273      39325.9278 37141.1540  5.56%   186  488s
 30781 18607 infeasible  236      39325.9278 37141.1540  5.56%   188  501s
 31543 18758 infeasible  220      39325.9278 37141.1540  5.56%   194  515s
 32359 18919 infeasible  182      39325.9278 37141.1540  5.56%   199  529s
 32870 18919 37141.1540  210  127 39325.9278 37141.1540  5.56%   201  530s
 33056 19967 infeasible  232      39325.9278 37141.1540  5.56%   202  544s
 34334 20420 infeasible  171      39325.9278 37141.1540  5.56%   201  558s
 35215 20816 infeasible  288      39325.9278 37141.1540  5.56%   202  574s
 36061 21263 37141.1540  222  331 39325.9278 37141.1540  5.56%   204  588s
 37026 21897 infeasible  256      39325.9278 37141.1540  5.56%   206  601s
 38118 22294 37141.1540  148  179 39325.9278 37141.1540  5.56%   207  616s
 38999 23191 infeasible  239      39325.9278 37141.1540  5.56%   208  629s
 40282 23927 37141.1540  182   89 39325.9278 37141.1540  5.56%   208  642s
 41377 23992 infeasible  152      39325.9278 37141.1540  5.56%   208  655s
 41498 24145 infeasible  226      39325.9278 37141.1540  5.56%   209  668s
 41721 24971 infeasible  214      39325.9278 37141.1540  5.56%   209  680s
 42895 26055 37141.1540  153  187 39325.9278 37141.1540  5.56%   208  693s
 44358 27158 37141.1540  315   33 39325.9278 37141.1540  5.56%   207  703s
 45480 28180 37141.1540  356   15 39325.9278 37141.1540  5.56%   206  710s
 46514 28883 37141.1540  363   16 39325.9278 37141.1540  5.56%   205  716s
 47217 29576 37141.1540  416   15 39325.9278 37141.1540  5.56%   205  722s
 47926 29693 37141.1540  440   17 39325.9278 37141.1540  5.56%   206  731s
 48043 29811 37141.1540  423   17 39325.9278 37141.1540  5.56%   206  741s
 48161 29999 37141.1540  348   17 39325.9278 37141.1540  5.56%   206  752s
 48349 30451 37141.1540  333   16 39325.9278 37141.1540  5.56%   206  761s
 48803 31185 37141.1540  434   14 39325.9278 37141.1540  5.56%   206  770s
 49543 31951 37141.1540  379   15 39325.9278 37141.1540  5.56%   206  779s
 50309 33037 37141.1540  391   16 39325.9278 37141.1540  5.56%   207  787s
 51399 33884 37141.1540  372   15 39325.9278 37141.1540  5.56%   207  796s
 52264 34829 37141.1540  406   18 39325.9278 37141.1540  5.56%   208  804s
 53232 35679 37141.1540  430   15 39325.9278 37141.1540  5.56%   208  814s
 54106 36482 37141.1540  437   18 39325.9278 37141.1540  5.56%   208  823s
 54909 37421 37141.1540  382   16 39325.9278 37141.1540  5.56%   208  830s
 55848 38250 37141.1540  371   14 39325.9278 37141.1540  5.56%   209  839s
 56677 39256 37141.1540  353   15 39325.9278 37141.1540  5.56%   209  847s
 57700 40054 37141.1540  364   15 39325.9278 37141.1540  5.56%   209  855s
 58511 41057 37141.1540  359   17 39325.9278 37141.1540  5.56%   209  863s
 59516 42035 37141.1540  360   16 39325.9278 37141.1540  5.56%   209  873s
 60494 42851 37141.1540  477   16 39325.9278 37141.1540  5.56%   209  881s
 61310 43858 37141.1540  350   14 39325.9278 37141.1540  5.56%   210  890s
 62327 44653 37141.1540  445   15 39325.9278 37141.1540  5.56%   209  897s
 63122 44703 37141.1540  444   17 39325.9278 37141.1540  5.56%   209  900s

Cutting planes:
  Learned: 2
  Gomory: 38
  Lift-and-project: 65
  Cover: 13
  Implied bound: 103
  MIR: 23
  Mixing: 1
  StrongCG: 2
  Flow cover: 360
  GUB cover: 2
  Inf proof: 9
  Zero half: 31
  RLT: 359
  Relax-and-lift: 191

Explored 63172 nodes (13227576 simplex iterations) in 900.03 seconds (950.67 work units)
Thread count was 8 (of 64 available processors)

Solution count 1: 39325.9 

Time limit reached
Best objective 3.932592781169e+04, best bound 3.714115404437e+04, gap 5.5556%
Set parameter MIPFocus to value 0
