
Gurobi 13.0.2 (linux64) logging started Tue Oct  6 14:12:54 2026

Set parameter OutputFlag to value 1
Set parameter LogToConsole to value 0
Set parameter TimeLimit to value 900
Set parameter MIPGap to value 0.0001
Set parameter MIPFocus to value 3
Gurobi Optimizer version 13.0.2 build v13.0.2rc1 (linux64 - "Ubuntu 24.04.5 LTS")

CPU model: Intel(R) Xeon(R) Gold 6130 CPU @ 2.10GHz, instruction set [SSE2|AVX|AVX2|AVX512]
Thread count: 32 physical cores, 64 logical processors, using up to 8 threads

Non-default parameters:
TimeLimit  900
MIPFocus  3
LogToConsole  0
Threads  8

Optimize a model with 15207 rows, 14899 columns and 85104 nonzeros (Min)
Model fingerprint: 0xd0351fd5
Model has 200 linear objective coefficients
Variable types: 3453 continuous, 11446 integer (8641 binary)
Coefficient statistics:
  Matrix range     [1e-02, 1e+03]
  Objective range  [9e-01, 1e+06]
  Bounds range     [1e+00, 5e+02]
  RHS range        [1e+00, 3e+03]

User MIP start produced solution with objective 34366.5 (0.04s)
Loaded user MIP start with objective 34366.5

Presolve removed 11288 rows and 7201 columns
Presolve time: 0.26s
Presolved: 3919 rows, 7698 columns, 36206 nonzeros
Variable types: 1220 continuous, 6478 integer (6149 binary)
Root relaxation presolve removed 40 rows and 0 columns
Root relaxation presolved: 3879 rows, 7738 columns, 31206 nonzeros


Root relaxation: cutoff, 6855 iterations, 0.99 seconds (0.79 work units)

    Nodes    |    Current Node    |     Objective Bounds      |     Work
 Expl Unexpl |  Obj  Depth IntInf | Incumbent    BestBd   Gap | It/Node Time

     0     0     cutoff    0      34366.4914 34366.4914  0.00%     -    1s

Explored 1 nodes (6855 simplex iterations) in 1.31 seconds (0.95 work units)
Thread count was 8 (of 64 available processors)

Solution count 1: 34366.5 

Optimal solution found (tolerance 1.00e-04)
Best objective 3.436649135988e+04, best bound 3.436649135988e+04, gap 0.0000%
Set parameter MIPFocus to value 0
