
Gurobi 13.0.2 (linux64) logging started Tue Oct  6 14:13:12 2026

Set parameter OutputFlag to value 1
Set parameter LogToConsole to value 0
Set parameter TimeLimit to value 900
Set parameter MIPGap to value 0.0001
Set parameter MIPFocus to value 3
Gurobi Optimizer version 13.0.2 build v13.0.2rc1 (linux64 - "Ubuntu 24.04.5 LTS")

CPU model: Intel(R) Xeon(R) Gold 6130 CPU @ 2.10GHz, instruction set [SSE2|AVX|AVX2|AVX512]
Thread count: 32 physical cores, 64 logical processors, using up to 8 threads

Non-default parameters:
TimeLimit  900
MIPFocus  3
LogToConsole  0
Threads  8

Optimize a model with 15207 rows, 14899 columns and 85097 nonzeros (Min)
Model fingerprint: 0xa8d2a0b8
Model has 200 linear objective coefficients
Variable types: 3453 continuous, 11446 integer (8641 binary)
Coefficient statistics:
  Matrix range     [1e-02, 1e+03]
  Objective range  [8e-01, 1e+06]
  Bounds range     [1e+00, 5e+02]
  RHS range        [1e+00, 3e+03]

User MIP start produced solution with objective 39325.9 (0.03s)
Loaded user MIP start with objective 39325.9

Presolve removed 11424 rows and 7253 columns
Presolve time: 0.27s
Presolved: 3783 rows, 7646 columns, 35307 nonzeros
Variable types: 1220 continuous, 6426 integer (5935 binary)
Root relaxation presolve removed 41 rows and 1 columns
Root relaxation presolved: 3742 rows, 7685 columns, 30302 nonzeros


Root relaxation: objective 3.714115e+04, 5866 iterations, 0.93 seconds (0.56 work units)

    Nodes    |    Current Node    |     Objective Bounds      |     Work
 Expl Unexpl |  Obj  Depth IntInf | Incumbent    BestBd   Gap | It/Node Time

     0     0 37141.1540    0  194 39325.9278 37141.1540  5.56%     -    2s
     0     0 37141.1540    0  255 39325.9278 37141.1540  5.56%     -    3s
     0     0 37141.1540    0   38 39325.9278 37141.1540  5.56%     -    3s
     0     0 37141.1540    0  237 39325.9278 37141.1540  5.56%     -    4s
     0     0 37141.1540    0   62 39325.9278 37141.1540  5.56%     -    5s
     0     0 37141.1540    0  256 39325.9278 37141.1540  5.56%     -    5s
     0     0 37141.1540    0  129 39325.9278 37141.1540  5.56%     -    7s
     0     0 37141.1540    0  199 39325.9278 37141.1540  5.56%     -    7s
     0     0 37141.1540    0  323 39325.9278 37141.1540  5.56%     -    8s
     0     0 37141.1540    0   84 39325.9278 37141.1540  5.56%     -    9s
     0     0 37141.1540    0   84 39325.9278 37141.1540  5.56%     -    9s
     0     0 37141.1540    0   70 39325.9278 37141.1540  5.56%     -   10s
     0     2 37141.1540    0   57 39325.9278 37141.1540  5.56%     -   11s
   124   302 37141.1540    8  235 39325.9278 37141.1540  5.56%  71.8   15s
   329   480 37141.1540   29  186 39325.9278 37141.1540  5.56%  80.1   22s
   497   958 37141.1540   25  258 39325.9278 37141.1540  5.56%  82.6   25s
  1696  1571 37141.1540   64   70 39325.9278 37141.1540  5.56%  92.7   35s
  1699  1573 37141.1540   40   99 39325.9278 37141.1540  5.56%  92.6   41s
  1702  1575 37141.1540    5   52 39325.9278 37141.1540  5.56%  92.4   48s
  1704  1576 37141.1540   18   72 39325.9278 37141.1540  5.56%  92.3   51s
  1706  1578 37141.1540   54   50 39325.9278 37141.1540  5.56%  92.2   56s
  1708  1579 37141.1540   46   43 39325.9278 37141.1540  5.56%  92.1   61s
  1709  1580 37141.1540   46   38 39325.9278 37141.1540  5.56%  92.0   67s
  1733  1663 37141.1540   20  225 39325.9278 37141.1540  5.56%   113   70s
  1913  1863 37141.1540   31  228 39325.9278 37141.1540  5.56%   112   76s
  2080  1884 37141.1540   36  157 39325.9278 37141.1540  5.56%   116   83s
  2179  2156 infeasible   37      39325.9278 37141.1540  5.56%   117   92s
  2534  2426 37141.1540   56   89 39325.9278 37141.1540  5.56%   124  101s
  3088  2745 37141.1540   46   95 39325.9278 37141.1540  5.56%   151  109s
  3702  3006 37141.1540   57  119 39325.9278 37141.1540  5.56%   158  117s
  4377  3143 infeasible   86      39325.9278 37141.1540  5.56%   169  125s
  4851  3018 37141.1540   69  225 39325.9278 37141.1540  5.56%   167  133s
  4922  3343 37141.1540   44  190 39325.9278 37141.1540  5.56%   168  140s
  5306  3678 37141.1540   46  146 39325.9278 37141.1540  5.56%   168  147s
  5871  4124 37141.1540   36  140 39325.9278 37141.1540  5.56%   172  153s
  6610  4514 37141.1540  106  228 39325.9278 37141.1540  5.56%   170  159s
  7263  4901 37141.1540   74  113 39325.9278 37141.1540  5.56%   170  165s
  7752  5138 37141.1540  152  135 39325.9278 37141.1540  5.56%   174  171s
  8105  5632 37141.1540   66  233 39325.9278 37141.1540  5.56%   178  177s
  8723  6394 37141.1540  156  189 39325.9278 37141.1540  5.56%   179  182s
  9627  6423 37141.1540  170   93 39325.9278 37141.1540  5.56%   173  189s
  9670  6464 37141.1540   72  302 39325.9278 37141.1540  5.56%   174  195s
  9713  6529 37141.1540  107  174 39325.9278 37141.1540  5.56%   174  201s
  9808  6884 37141.1540  102  163 39325.9278 37141.1540  5.56%   175  206s
 10209  7143 37141.1540  124  116 39325.9278 37141.1540  5.56%   174  212s
 10504  7374 infeasible  105      39325.9278 37141.1540  5.56%   172  220s
 10750  7679 infeasible  241      39325.9278 37141.1540  5.56%   171  226s
 11111  7871 infeasible  113      39325.9278 37141.1540  5.56%   170  232s
 11345  8303 infeasible  124      39325.9278 37141.1540  5.56%   171  237s
 11811  8614 37141.1540  122  260 39325.9278 37141.1540  5.56%   169  243s
 12224  9007 infeasible  173      39325.9278 37141.1540  5.56%   172  248s
 12765  9392 37141.1540  232  189 39325.9278 37141.1540  5.56%   173  253s
 13262  9561 infeasible  110      39325.9278 37141.1540  5.56%   175  261s
 13469  9995 infeasible  113      39325.9278 37141.1540  5.56%   176  267s
 14023 10373 infeasible  225      39325.9278 37141.1540  5.56%   178  273s
 14509 11064 37141.1540  173  240 39325.9278 37141.1540  5.56%   181  281s
 15360 11063 infeasible  257      39325.9278 37141.1540  5.56%   181  287s
 15377 11082 37141.1540  159  280 39325.9278 37141.1540  5.56%   182  294s
 15412 11137 37141.1540  160  259 39325.9278 37141.1540  5.56%   182  300s
 15505 11486 37141.1540  216  218 39325.9278 37141.1540  5.56%   183  308s
 16022 11834 37141.1540  177  151 39325.9278 37141.1540  5.56%   185  315s
 16703 12264 infeasible  260      39325.9278 37141.1540  5.56%   188  322s
 17559 12577 37141.1540  243   50 39325.9278 37141.1540  5.56%   190  329s
 18094 12754 37141.1540  192  174 39325.9278 37141.1540  5.56%   195  337s
 18431 13012 37141.1540  269  234 39325.9278 37141.1540  5.56%   198  345s
 19088 13205 infeasible  249      39325.9278 37141.1540  5.56%   203  354s
 19510 13419 37141.1540  196   92 39325.9278 37141.1540  5.56%   208  363s
 20038 13616 infeasible  158      39325.9278 37141.1540  5.56%   212  373s
 20625 13701 infeasible  151      39325.9278 37141.1540  5.56%   217  384s
 21136 13929 37141.1540  175  183 39325.9278 37141.1540  5.56%   222  395s
 21806 14101 37141.1540  210   82 39325.9278 37141.1540  5.56%   228  406s
 22572 14257 37141.1540  145  142 39325.9278 37141.1540  5.56%   233  419s
 23201 14472 37141.1540  142  234 39325.9278 37141.1540  5.56%   237  431s
 23827 14609 37141.1540  201  103 39325.9278 37141.1540  5.56%   241  450s
 24223 14633 37141.1540  106  170 39325.9278 37141.1540  5.56%   242  464s
 24283 14648 infeasible  111      39325.9278 37141.1540  5.56%   242  478s
 24444 14679 37141.1540  102   88 39325.9278 37141.1540  5.56%   243  492s
 24609 14848 infeasible  178      39325.9278 37141.1540  5.56%   245  505s
 25340 14869 infeasible  109      39325.9278 37141.1540  5.56%   248  520s
 25898 14912 infeasible  137      39325.9278 37141.1540  5.56%   253  533s
 26386 15054 37141.1540  113  142 39325.9278 37141.1540  5.56%   258  549s
 27000 14980 37141.1540  153  185 39325.9278 37141.1540  5.56%   262  564s
 27114 14980 infeasible  255      39325.9278 37141.1540  5.56%   263  565s
 27478 14913 infeasible  164      39325.9278 37141.1540  5.56%   269  580s
 28000 14928 infeasible  153      39325.9278 37141.1540  5.56%   275  596s
 28509 14937 infeasible  124      39325.9278 37141.1540  5.56%   281  612s
 29089 14929 37141.1540  122  126 39325.9278 37141.1540  5.56%   286  627s
 29775 14924 infeasible  119      39325.9278 37141.1540  5.56%   293  643s
 30428 14938 37141.1540  135   84 39325.9278 37141.1540  5.56%   298  660s
 31140 15008 infeasible  127      39325.9278 37141.1540  5.56%   302  677s
 31670 15149 37141.1540   99  142 39325.9278 37141.1540  5.56%   306  693s
 32374 15169 infeasible  111      39325.9278 37141.1540  5.56%   309  712s
 33025 15153 infeasible  135      39325.9278 37141.1540  5.56%   313  734s
 33669 15046 infeasible  173      39325.9278 37141.1540  5.56%   319  755s
 34518 14966 infeasible  199      39325.9278 37141.1540  5.56%   326  777s
 35240 14865 infeasible  120      39325.9278 37141.1540  5.56%   331  799s
 36037 14801 infeasible  180      39325.9278 37141.1540  5.56%   336  821s
 36753 14749 infeasible  120      39325.9278 37141.1540  5.56%   342  843s
 37556 14609 infeasible  176      39325.9278 37141.1540  5.56%   347  866s
 38313 14675 infeasible  207      39325.9278 37141.1540  5.56%   351  890s
 38930 14626 infeasible  125      39325.9278 37141.1540  5.56%   354  900s

Cutting planes:
  Gomory: 77
  Lift-and-project: 96
  Cover: 69
  Implied bound: 91
  MIR: 74
  Mixing: 4
  Flow cover: 892
  Inf proof: 50
  Zero half: 16
  RLT: 1021
  Relax-and-lift: 174

Explored 39436 nodes (14062964 simplex iterations) in 900.11 seconds (938.80 work units)
Thread count was 8 (of 64 available processors)

Solution count 1: 39325.9 

Time limit reached
Best objective 3.932592781169e+04, best bound 3.714115404445e+04, gap 5.5556%
Set parameter MIPFocus to value 0
