
Gurobi 13.0.2 (linux64) logging started Tue Oct  6 14:43:10 2026

Set parameter OutputFlag to value 1
Set parameter LogToConsole to value 0
Set parameter TimeLimit to value 900
Set parameter MIPGap to value 0.0001
Set parameter MIPFocus to value 3
Gurobi Optimizer version 13.0.2 build v13.0.2rc1 (linux64 - "Ubuntu 24.04.5 LTS")

CPU model: Intel(R) Xeon(R) Gold 6130 CPU @ 2.10GHz, instruction set [SSE2|AVX|AVX2|AVX512]
Thread count: 32 physical cores, 64 logical processors, using up to 8 threads

Non-default parameters:
TimeLimit  900
MIPFocus  3
LogToConsole  0
Threads  8

Optimize a model with 15207 rows, 14899 columns and 85097 nonzeros (Min)
Model fingerprint: 0xe93e0aa3
Model has 200 linear objective coefficients
Variable types: 3453 continuous, 11446 integer (8641 binary)
Coefficient statistics:
  Matrix range     [1e-02, 1e+03]
  Objective range  [5e-01, 1e+06]
  Bounds range     [1e+00, 5e+02]
  RHS range        [1e+00, 3e+03]

User MIP start produced solution with objective 11937.8 (0.04s)
Loaded user MIP start with objective 11937.8

Presolve removed 11424 rows and 7253 columns
Presolve time: 0.18s
Presolved: 3783 rows, 7646 columns, 35307 nonzeros
Variable types: 1220 continuous, 6426 integer (5935 binary)
Root relaxation presolve removed 41 rows and 1 columns
Root relaxation presolved: 3742 rows, 7685 columns, 30302 nonzeros


Root relaxation: objective 1.044561e+04, 2877 iterations, 0.13 seconds (0.11 work units)

    Nodes    |    Current Node    |     Objective Bounds      |     Work
 Expl Unexpl |  Obj  Depth IntInf | Incumbent    BestBd   Gap | It/Node Time

     0     0 10445.6092    0  110 11937.8390 10445.6092  12.5%     -    0s
     0     0 10445.6092    0  202 11937.8390 10445.6092  12.5%     -    1s
     0     0 10445.6092    0   12 11937.8390 10445.6092  12.5%     -    1s
     0     0 10445.6092    0  153 11937.8390 10445.6092  12.5%     -    2s
     0     0 10445.6092    0   21 11937.8390 10445.6092  12.5%     -    3s
     0     0 10445.6092    0   99 11937.8390 10445.6092  12.5%     -    3s
     0     0 10445.6092    0  173 11937.8390 10445.6092  12.5%     -    4s
     0     0 10445.6092    0   28 11937.8390 10445.6092  12.5%     -    4s
     0     0 10445.6092    0   53 11937.8390 10445.6092  12.5%     -    5s
     0     0 infeasible    0      11937.8390 11937.8390  0.00%     -    5s

Cutting planes:
  Learned: 1
  Gomory: 14
  Lift-and-project: 18
  StrongCG: 1
  Flow cover: 8
  Inf proof: 3
  RLT: 1

Explored 1 nodes (9781 simplex iterations) in 5.80 seconds (2.87 work units)
Thread count was 8 (of 64 available processors)

Solution count 1: 11937.8 

Optimal solution found (tolerance 1.00e-04)
Best objective 1.193783904004e+04, best bound 1.193783904004e+04, gap 0.0000%
Set parameter MIPFocus to value 0
