
Gurobi 12.0.0 (win64) logging started Mon Aug 31 23:57:50 2026

Set parameter LogFile to value "output/Taller_DET_Agosto/Resultados_finales/Carga_ob_8lhds_autonomo_potenciabase_ssee/station_1_d121_stage1\gurobi.log"
Set parameter Threads to value 1
Set parameter Heuristics to value 0.5
Set parameter MIPFocus to value 3
Set parameter Presolve to value 2
Set parameter FlowCoverCuts to value 2
Set parameter TimeLimit to value 172800
Gurobi Optimizer version 12.0.0 build v12.0.0rc1 (win64 - Windows 11+.0 (26200.2))

CPU model: 11th Gen Intel(R) Core(TM) i7-1165G7 @ 2.80GHz, instruction set [SSE2|AVX|AVX2|AVX512]
Thread count: 4 physical cores, 8 logical processors, using up to 1 threads

Non-default parameters:
TimeLimit  172800
MIPGap  0.01
Heuristics  0.5
MIPFocus  3
FlowCoverCuts  2
Presolve  2
Threads  1

Optimize a model with 51794 rows, 87521 columns and 259844 nonzeros
Model fingerprint: 0x2c2435f4
Variable types: 41079 continuous, 46442 integer (46441 binary)
Coefficient statistics:
  Matrix range     [1e-01, 1e+03]
  Objective range  [4e-01, 2e+05]
  Bounds range     [1e+00, 1e+00]
  RHS range        [1e+00, 4e+04]
Presolve removed 48682 rows and 60728 columns
Presolve time: 1.43s
Presolved: 3112 rows, 26793 columns, 81038 nonzeros
Variable types: 697 continuous, 26096 integer (26095 binary)
Root relaxation presolved: 3112 rows, 26793 columns, 81038 nonzeros


Use crossover to convert LP symmetric solution to basic solution...

Root relaxation: objective 7.035256e+05, 8179 iterations, 1.21 seconds (0.44 work units)
Total elapsed time = 5.46s (DegenMoves)

    Nodes    |    Current Node    |     Objective Bounds      |     Work
 Expl Unexpl |  Obj  Depth IntInf | Incumbent    BestBd   Gap | It/Node Time

     0     0 703525.566    0  133          - 703525.566      -     -    6s
     0     0 706725.566    0  195          - 706725.566      -     -    9s
     0     0 708708.066    0  190          - 708708.066      -     -   10s
     0     0 709925.566    0  173          - 709925.566      -     -   15s
     0     0 709925.566    0  229          - 709925.566      -     -   15s
     0     0 719525.566    0  202          - 719525.566      -     -   21s
     0     0 719525.566    0  254          - 719525.566      -     -   21s
     0     0 722725.566    0  218          - 722725.566      -     -   27s
     0     0 722725.566    0  342          - 722725.566      -     -   28s
     0     0 732325.566    0  190          - 732325.566      -     -   33s
     0     0 732325.566    0  279          - 732325.566      -     -   34s
     0     0 735525.566    0  168          - 735525.566      -     -   39s
     0     0 735525.566    0  266          - 735525.566      -     -   39s
     0     0 738725.566    0  130          - 738725.566      -     -   45s
     0     0 738725.566    0  245          - 738725.566      -     -   46s
     0     0 741925.566    0  196          - 741925.566      -     -   52s
     0     0 741925.566    0  255          - 741925.566      -     -   53s
     0     0 745125.566    0  167          - 745125.566      -     -   58s
     0     0 745125.566    0  249          - 745125.566      -     -   59s
     0     0 748325.566    0  212          - 748325.566      -     -   64s
     0     0 748325.566    0  231          - 748325.566      -     -   64s
     0     0 751525.566    0  171          - 751525.566      -     -   69s
     0     0 751525.566    0  266          - 751525.566      -     -   69s
     0     0 754725.566    0  178          - 754725.566      -     -   76s
     0     0 754725.566    0  337          - 754725.566      -     -   76s
     0     0 754725.566    0  156          - 754725.566      -     -   82s
     0     0 764325.566    0  302          - 764325.566      -     -   83s
     0     0 764325.566    0  275          - 764325.566      -     -   83s
     0     0 766914.498    0  166          - 766914.498      -     -   90s
     0     0 766914.498    0  225          - 766914.498      -     -   90s
     0     0 766914.498    0  199          - 766914.498      -     -   96s
     0     0 766914.498    0  223          - 766914.498      -     -   97s
     0     0 766914.498    0  144          - 766914.498      -     -  101s
     0     0 766914.498    0  211          - 766914.498      -     -  102s
     0     0 766914.498    0  137          - 766914.498      -     -  108s
     0     0 766914.498    0  137          - 766914.498      -     -  109s
H    0     0                    1001578.0656 766914.498  23.4%     -  133s
     0     2 768743.062    0  137 1001578.07 768743.062  23.2%     -  141s
     5     5 794410.255    3  182 1001578.07 794343.066  20.7%  1918  145s
     9     9 794410.255    4  158 1001578.07 794343.066  20.7%  1633  157s
    12    12 794354.450    4  184 1001578.07 794343.066  20.7%  1462  160s
    16    16 794343.066    6  166 1001578.07 794343.066  20.7%  1350  166s
    21    21 794343.066    8  165 1001578.07 794343.066  20.7%  1161  170s
    25    25 794343.066    9  215 1001578.07 794343.066  20.7%  1190  175s
H   27    25                    988778.06558 794343.066  19.7%  1110  183s
    27    27 794343.066   10  177 988778.066 794343.066  19.7%  1154  188s
    28    28 794343.066   10  180 988778.066 794343.066  19.7%  1209  190s
    32    32 794343.066   12  183 988778.066 794343.066  19.7%  1310  195s
    35    35 794343.066   13  150 988778.066 794343.066  19.7%  1320  200s
    40    40 794343.066   12  169 988778.066 794343.066  19.7%  1270  206s
    45    45 794343.066   18  154 988778.066 794343.066  19.7%  1397  210s
    50    50 794343.066   12  162 988778.066 794343.066  19.7%  1396  215s
H   54    52                    979518.07942 794343.066  18.9%  1338  226s
H   54    52                    977345.49083 794343.066  18.7%  1338  229s
H   54    52                    975978.06558 794343.066  18.6%  1338  229s
    54    54 794343.066   13  156 975978.066 794343.066  18.6%  1370  231s
    58    58 794343.066   14  140 975978.066 794343.066  18.6%  1379  235s
    72    72 794343.066   20   95 975978.066 794343.066  18.6%  1138  241s
    81    81 794343.066   23   99 975978.066 794343.066  18.6%  1044  253s
    85    85 794343.066   25  101 975978.066 794343.066  18.6%  1012  255s
    94    94 794343.066   26   86 975978.066 794343.066  18.6%   944  260s
   105   105 794343.066   23   99 975978.066 794343.066  18.6%   862  265s
   106   106 794343.066   23   95 975978.066 794343.066  18.6%   854  280s
   108   108 794343.066   23  101 975978.066 794343.066  18.6%   839  288s
   123   123 794343.066   29  130 975978.066 794343.066  18.6%   751  290s
   135   135 794343.066   29  105 975978.066 794343.066  18.6%   703  298s
   143   143 794343.066   30  104 975978.066 794343.066  18.6%   679  300s
   162   162 794343.066   25  101 975978.066 794343.066  18.6%   619  314s
   165   165 794343.066   25  115 975978.066 794343.066  18.6%   617  315s
   182   182 794343.066   28   97 975978.066 794343.066  18.6%   592  320s
   189   189 794343.066   30  109 975978.066 794343.066  18.6%   577  330s
   202   202 794343.066   32   86 975978.066 794343.066  18.6%   568  337s
   203   203 794343.066   33  142 975978.066 794343.066  18.6%   569  354s
   204   204 794343.066   33   96 975978.066 794343.066  18.6%   569  355s
   216   216 794343.066   27   99 975978.066 794343.066  18.6%   544  362s
   240   240 794343.066   31   89 975978.066 794343.066  18.6%   493  365s
   245   245 794343.066   33  117 975978.066 794343.066  18.6%   494  377s
   260   260 794343.066   31   93 975978.066 794343.066  18.6%   484  405s
   272   272 794343.066   31   97 975978.066 794343.066  18.6%   472  414s
   274   274 794343.066   29  103 975978.066 794343.066  18.6%   469  415s
   300   300 794343.066   32   86 975978.066 794343.066  18.6%   435  438s
   303   303 794343.066   30   95 975978.066 794343.066  18.6%   435  441s
   312   312 794343.066   32   97 975978.066 794343.066  18.6%   432  445s
   338   338 794343.066   35   99 975978.066 794343.066  18.6%   412  480s
   366   366 794343.066   39   99 975978.066 794343.066  18.6%   388  490s
   393   393 794343.066   42   95 975978.066 794343.066  18.6%   376  503s
   397   397 794343.066   43   92 975978.066 794343.066  18.6%   372  526s
   413   413 794343.066   45  121 975978.066 794343.066  18.6%   373  530s
   433   433 794343.066   47  100 975978.066 794343.066  18.6%   367  535s
   457   457 794343.066   51  162 975978.066 794343.066  18.6%   368  540s
   469   469 794343.066   53  152 975978.066 794343.066  18.6%   381  545s
   480   480 794343.066   52  161 975978.066 794343.066  18.6%   393  551s
   488   488 794343.066   51  111 975978.066 794343.066  18.6%   406  555s
   494   494 794343.066   48   99 975978.066 794343.066  18.6%   404  580s
   513   512 794343.066    7  137 975978.066 794343.066  18.6%   401  593s
   515   513 794343.066   30  124 975978.066 794343.066  18.6%   399  599s
   516   514 794343.066   30   55 975978.066 794343.066  18.6%   398  606s
   518   515 794343.066   31   72 975978.066 794343.066  18.6%   397  613s
   519   516 794343.066   20  180 975978.066 794343.066  18.6%   396  618s
   520   517 794343.066   30   95 975978.066 794343.066  18.6%   395  625s
   521   517 794343.066   36   93 975978.066 794343.066  18.6%   395  632s
   522   518 794343.066   35   93 975978.066 794343.066  18.6%   394  641s
   523   521 794343.066   10  126 975978.066 794343.066  18.6%   531  646s
   529   525 794343.066   13  145 975978.066 794343.066  18.6%   534  650s
   536   529 794343.066   16  173 975978.066 794343.066  18.6%   548  655s
   541   533 794343.066   19   79 975978.066 794343.066  18.6%   566  660s
   547   537 794343.066   22  150 975978.066 794343.066  18.6%   567  665s
   549   538 794343.066   23  180 975978.066 794343.066  18.6%   573  676s
   553   541 794343.066   25  147 975978.066 794343.066  18.6%   577  680s
   559   545 794343.066   28  136 975978.066 794343.066  18.6%   585  686s
   564   548 794343.066   31  119 975978.066 794343.066  18.6%   589  690s
   568   551 794343.066   33  125 975978.066 794343.066  18.6%   603  696s
   573   554 794343.066   13  175 975978.066 794343.066  18.6%   609  700s
   576   556 794343.066   37  146 975978.066 794343.066  18.6%   613  716s
   581   559 794343.066   17  242 975978.066 794343.066  18.6%   620  721s
   584   561 794343.066   13  168 975978.066 794343.066  18.6%   632  726s
   587   563 794343.066   20  190 975978.066 794343.066  18.6%   641  730s
   591   566 794343.066   22  204 975978.066 794343.066  18.6%   648  764s
   592   567 794343.066   18  198 975978.066 794343.066  18.6%   651  765s
   594   568 794343.066   19   96 975978.066 794343.066  18.6%   675  770s
   599   571 794343.066   26  211 975978.066 794343.066  18.6%   678  775s
   603   574 794343.066   28  196 975978.066 794343.066  18.6%   694  781s
   608   577 794343.066   26  167 975978.066 794343.066  18.6%   698  785s
   617   583 794343.066   35  171 975978.066 794343.066  18.6%   711  791s
   623   587 794343.066   38  156 975978.066 794343.066  18.6%   704  800s
   626   589 794343.066   19   79 975978.066 794343.066  18.6%   724  806s
H  630   563                    799895.46489 794343.066  0.69%   724  821s

Cutting planes:
  Gomory: 315
  Lift-and-project: 5
  Implied bound: 61
  Projected implied bound: 7
  MIR: 1156
  Mixing: 103
  Flow cover: 1717
  Zero half: 459
  RLT: 115
  Relax-and-lift: 204

Explored 631 nodes (746924 simplex iterations) in 821.60 seconds (438.68 work units)
Thread count was 1 (of 8 available processors)

Solution count 6: 799895 975978 977345 ... 1.00158e+06

Optimal solution found (tolerance 1.00e-02)
Best objective 7.998954648875e+05, best bound 7.943430655833e+05, gap 0.6941%
