
Gurobi 12.0.0 (win64) logging started Mon Sep  7 03:56:27 2026

Set parameter LogFile to value "C:\Users\TECNO-MASTER\Desktop\Elmo_infrastructure_sizing_NP-\output\DCH_septiembre\Bateria_482\Costo_variable\Carga_libre\Carga_on_board_variable_3estaciones_P160kW_Descomp/station_2_d121_stage1\gurobi.log"
Set parameter Threads to value 1
Set parameter Heuristics to value 0.5
Set parameter MIPFocus to value 3
Set parameter Presolve to value 2
Set parameter FlowCoverCuts to value 2
Set parameter TimeLimit to value 1200
Gurobi Optimizer version 12.0.0 build v12.0.0rc1 (win64 - Windows 11+.0 (26200.2))

CPU model: Intel(R) Core(TM) i9-14900K, instruction set [SSE2|AVX|AVX2]
Thread count: 24 physical cores, 32 logical processors, using up to 1 threads

Non-default parameters:
TimeLimit  1200
MIPGap  0.05
Heuristics  0.5
MIPFocus  3
FlowCoverCuts  2
Presolve  2
Threads  1

Optimize a model with 23772 rows, 39247 columns and 116710 nonzeros
Model fingerprint: 0x0ff43c84
Variable types: 18325 continuous, 20922 integer (20921 binary)
Coefficient statistics:
  Matrix range     [1e-01, 2e+02]
  Objective range  [8e-03, 6e+04]
  Bounds range     [1e+00, 1e+00]
  RHS range        [1e+00, 1e+04]
Presolve removed 20947 rows and 28432 columns
Presolve time: 0.26s
Presolved: 2825 rows, 10815 columns, 33077 nonzeros
Variable types: 841 continuous, 9974 integer (9973 binary)
Root relaxation presolved: 2825 rows, 10815 columns, 33077 nonzeros


Root relaxation: objective 1.409062e+05, 6199 iterations, 0.78 seconds (0.95 work units)

    Nodes    |    Current Node    |     Objective Bounds      |     Work
 Expl Unexpl |  Obj  Depth IntInf | Incumbent    BestBd   Gap | It/Node Time

     0     0 149900.485    0  291          - 149900.485      -     -    3s
     0     0 153497.527    0  277          - 153497.527      -     -    5s
     0     0 155104.358    0  221          - 155104.358      -     -    6s
     0     0 156624.358    0  254          - 156624.358      -     -    8s
     0     0 156963.281    0  265          - 156963.281      -     -   10s
     0     0 157020.905    0  306          - 157020.905      -     -   10s
     0     0 157020.925    0  274          - 157020.925      -     -   11s
     0     0 157020.925    0  280          - 157020.925      -     -   11s
     0     0 157020.925    0  259          - 157020.925      -     -   12s
     0     0 157020.925    0  261          - 157020.925      -     -   12s
     0     0 157020.925    0  273          - 157020.925      -     -   13s
     0     0 157020.925    0  273          - 157020.925      -     -   14s
H    0     0                    172417.97274 157020.925  8.93%     -   14s
H    0     0                    171842.35041 157020.925  8.63%     -   14s
H    0     0                    171773.16960 157020.925  8.59%     -   14s
H    0     0                    171761.50686 157020.925  8.58%     -   14s
H    0     0                    171563.86247 157020.925  8.48%     -   14s
H    0     0                    171501.97890 157020.925  8.44%     -   14s
H    0     0                    171492.58714 157020.925  8.44%     -   14s
H    0     0                    171406.58383 157020.925  8.39%     -   14s
H    0     0                    171395.17017 157020.925  8.39%     -   14s
H    0     0                    170474.45715 157020.925  7.89%     -   14s
H    0     0                    170453.53838 157020.925  7.88%     -   14s
     0     2 157756.274    0  271 170453.538 157756.274  7.45%     -   14s

Cutting planes:
  Gomory: 12
  Cover: 13
  Clique: 4
  MIR: 1
  Flow cover: 3
  Zero half: 6
  RLT: 1
  Relax-and-lift: 13

Explored 3 nodes (55703 simplex iterations) in 14.91 seconds (16.92 work units)
Thread count was 1 (of 32 available processors)

Solution count 10: 170454 170474 171395 ... 171842

Optimal solution found (tolerance 5.00e-02)
Best objective 1.704535383753e+05, best bound 1.621164686729e+05, gap 4.8911%
