
Gurobi 12.0.3 (win64) logging started Tue Jun 30 15:29:15 2026

Set parameter LogFile to value "output/DCH_taller_julio/Costo_variable/Carga_on_board_1000kW_Descomp/station_1_d91\gurobi.log"
Set parameter Threads to value 5
Set parameter Heuristics to value 0.5
Set parameter MIPFocus to value 3
Set parameter Presolve to value 2
Set parameter FlowCoverCuts to value 2
Set parameter TimeLimit to value 172800
Gurobi Optimizer version 12.0.3 build v12.0.3rc0 (win64 - Windows 11+.0 (26200.2))

CPU model: Intel(R) Core(TM) i9-14900K, instruction set [SSE2|AVX|AVX2]
Thread count: 24 physical cores, 32 logical processors, using up to 5 threads

Non-default parameters:
TimeLimit  172800
MIPGap  0.01
Heuristics  0.5
MIPFocus  3
FlowCoverCuts  2
Presolve  2
Threads  5

Optimize a model with 22793 rows, 35809 columns and 109900 nonzeros
Model fingerprint: 0xe9cfd366
Variable types: 17323 continuous, 18486 integer (18485 binary)
Coefficient statistics:
  Matrix range     [1e-01, 1e+03]
  Objective range  [1e-02, 1e+02]
  Bounds range     [1e+00, 1e+00]
  RHS range        [1e+00, 1e+04]
Presolve removed 20397 rows and 25838 columns
Presolve time: 0.11s
Presolved: 2396 rows, 9971 columns, 30232 nonzeros
Variable types: 821 continuous, 9150 integer (9150 binary)
Root relaxation presolved: 2396 rows, 9971 columns, 30232 nonzeros


Root relaxation: objective 2.145648e+05, 4117 iterations, 0.12 seconds (0.18 work units)

    Nodes    |    Current Node    |     Objective Bounds      |     Work
 Expl Unexpl |  Obj  Depth IntInf | Incumbent    BestBd   Gap | It/Node Time

     0     0 214564.778    0  245          - 214564.778      -     -    0s
H    0     0                    278890.67677 214564.778  23.1%     -    0s
H    0     0                    278568.12987 214564.778  23.0%     -    0s
H    0     0                    277070.32726 214564.778  22.6%     -    0s
H    0     0                    275716.43216 214564.778  22.2%     -    0s
H    0     0                    275586.96572 214564.778  22.1%     -    0s
H    0     0                    275534.54102 214564.778  22.1%     -    0s
H    0     0                    275381.26002 214564.778  22.1%     -    0s
H    0     0                    275353.82261 214564.778  22.1%     -    0s
H    0     0                    275353.49335 214564.778  22.1%     -    0s
H    0     0                    275353.24059 214564.778  22.1%     -    0s
H    0     0                    257130.80007 214564.778  16.6%     -    0s
H    0     0                    246630.56444 214564.778  13.0%     -    0s
H    0     0                    246573.90142 214564.778  13.0%     -    0s
H    0     0                    245385.50994 214564.778  12.6%     -    0s
H    0     0                    245035.38218 214564.778  12.4%     -    0s
H    0     0                    227988.36117 214868.553  5.75%     -    1s
H    0     0                    218717.00602 214868.553  1.76%     -    1s
H    0     0                    218460.39305 214868.553  1.64%     -    1s
     0     0 214881.820    0  238 218460.393 214881.820  1.64%     -    1s
H    0     0                    218393.93841 214881.820  1.61%     -    1s
H    0     0                    217760.55781 214881.820  1.32%     -    2s
H    0     0                    216790.56308 214881.820  0.88%     -    2s
H    0     0                    216601.75014 214881.820  0.79%     -    2s
H    0     0                    216601.55468 214881.820  0.79%     -    2s
     0     0 214949.112    0  227 216601.555 214949.112  0.76%     -    2s

Cutting planes:
  Gomory: 36
  Lift-and-project: 9
  Cover: 6
  Implied bound: 9
  Clique: 3
  MIR: 5
  Flow cover: 21
  Zero half: 5
  RLT: 2
  Relax-and-lift: 7
  BQP: 1
  PSD: 1

Explored 1 nodes (9291 simplex iterations) in 2.03 seconds (1.92 work units)
Thread count was 5 (of 32 available processors)

Solution count 10: 216602 216602 216791 ... 245386

Optimal solution found (tolerance 1.00e-02)
Best objective 2.166015546804e+05, best bound 2.149491117691e+05, gap 0.7629%
