
Gurobi 12.0.0 (win64) logging started Wed Jul  1 13:55:15 2026

Set parameter LogFile to value "output/DCH_taller_julio/Costo_variable/Carga_on_board_320kW_st2_2ch/station_3_d335\gurobi.log"
Set parameter Threads to value 5
Set parameter Heuristics to value 0.5
Set parameter MIPFocus to value 3
Set parameter Presolve to value 2
Set parameter FlowCoverCuts to value 2
Set parameter TimeLimit to value 172800
Gurobi Optimizer version 12.0.0 build v12.0.0rc1 (win64 - Windows 11+.0 (26200.2))

CPU model: Intel(R) Core(TM) i9-14900K, instruction set [SSE2|AVX|AVX2]
Thread count: 24 physical cores, 32 logical processors, using up to 5 threads

Non-default parameters:
TimeLimit  172800
MIPGap  0.01
Heuristics  0.5
MIPFocus  3
FlowCoverCuts  2
Presolve  2
Threads  5

Optimize a model with 22763 rows, 35809 columns and 109840 nonzeros
Model fingerprint: 0x387d57db
Variable types: 17323 continuous, 18486 integer (18485 binary)
Coefficient statistics:
  Matrix range     [1e-01, 3e+02]
  Objective range  [4e-03, 1e+02]
  Bounds range     [1e+00, 1e+00]
  RHS range        [1e+00, 1e+04]
Presolve removed 20486 rows and 25839 columns
Presolve time: 0.12s
Presolved: 2277 rows, 9970 columns, 29370 nonzeros
Variable types: 820 continuous, 9150 integer (9150 binary)
Root relaxation presolved: 2277 rows, 9970 columns, 29370 nonzeros


Root relaxation: objective 1.269993e+05, 3934 iterations, 0.21 seconds (0.31 work units)

    Nodes    |    Current Node    |     Objective Bounds      |     Work
 Expl Unexpl |  Obj  Depth IntInf | Incumbent    BestBd   Gap | It/Node Time

     0     0 126999.276    0  199          - 126999.276      -     -    1s
H    0     0                    131032.60234 127008.014  3.07%     -    1s
H    0     0                    127174.68842 127008.014  0.13%     -    1s
     0     0 127008.014    0  150 127174.688 127008.014  0.13%     -    1s

Cutting planes:
  Gomory: 11
  Cover: 6
  Implied bound: 11
  Clique: 9
  MIR: 7
  Mixing: 4
  Flow cover: 25
  Zero half: 21
  RLT: 9
  Relax-and-lift: 10
  BQP: 11
  PSD: 4

Explored 1 nodes (13885 simplex iterations) in 1.79 seconds (2.18 work units)
Thread count was 5 (of 32 available processors)

Solution count 2: 127175 131033 

Optimal solution found (tolerance 1.00e-02)
Best objective 1.271746884243e+05, best bound 1.270080141739e+05, gap 0.1311%
