
Gurobi 12.0.1 (win64) logging started Sun Aug  9 19:58:03 2026

Set parameter LogFile to value "output/Taller_DET_Agosto/Resultados_finales/Carga_ob_8lhds_autonomo\station_1_d274_stage1\gurobi.log"
Set parameter Threads to value 1
Set parameter Heuristics to value 0.5
Set parameter MIPFocus to value 3
Set parameter Presolve to value 2
Set parameter FlowCoverCuts to value 2
Set parameter TimeLimit to value 200
Gurobi Optimizer version 12.0.1 build v12.0.1rc0 (win64 - Windows 11+.0 (26200.2))

CPU model: 11th Gen Intel(R) Core(TM) i7-1165G7 @ 2.80GHz, instruction set [SSE2|AVX|AVX2|AVX512]
Thread count: 4 physical cores, 8 logical processors, using up to 1 threads

Non-default parameters:
TimeLimit  200
MIPGap  0.01
Heuristics  0.5
MIPFocus  3
FlowCoverCuts  2
Presolve  2
Threads  1

Optimize a model with 51764 rows, 87364 columns and 259627 nonzeros
Model fingerprint: 0xfcc5b1bf
Variable types: 40922 continuous, 46442 integer (46441 binary)
Coefficient statistics:
  Matrix range     [1e-01, 1e+03]
  Objective range  [4e-01, 2e+05]
  Bounds range     [1e+00, 1e+00]
  RHS range        [1e+00, 4e+04]
Presolve removed 48653 rows and 60729 columns
Presolve time: 0.84s
Presolved: 3111 rows, 26635 columns, 80671 nonzeros
Variable types: 696 continuous, 25939 integer (25938 binary)
Root relaxation presolved: 3111 rows, 26635 columns, 80671 nonzeros


Use crossover to convert LP symmetric solution to basic solution...

Root relaxation: objective 5.291117e+05, 8602 iterations, 0.82 seconds (0.55 work units)

    Nodes    |    Current Node    |     Objective Bounds      |     Work
 Expl Unexpl |  Obj  Depth IntInf | Incumbent    BestBd   Gap | It/Node Time

     0     0 644605.455    0   39          - 644605.455      -     -    4s
     0     0 644605.455    0   94          - 644605.455      -     -    7s
     0     0 644605.455    0  126          - 644605.455      -     -    7s
     0     0 644605.455    0   69          - 644605.455      -     -   10s
     0     0 644605.455    0   73          - 644605.455      -     -   10s
     0     0 644605.455    0   69          - 644605.455      -     -   14s
     0     0 644605.455    0  105          - 644605.455      -     -   14s
     0     0 644605.455    0   89          - 644605.455      -     -   17s
     0     0 644605.455    0   88          - 644605.455      -     -   19s
H    0     0                    826240.45510 644605.455  22.0%     -   27s
     0     2 644605.455    0   88 826240.455 644605.455  22.0%     -   28s
     4     6 644605.455    2  110 826240.455 644605.455  22.0%  1893   30s
    15    17 644605.455    8   83 826240.455 644605.455  22.0%   954   35s
    25    27 644605.455   13  145 826240.455 644605.455  22.0%   982   40s
    30    32 644605.455   16   88 826240.455 644605.455  22.0%   961   45s
    46    48 644605.455   26   87 826240.455 644605.455  22.0%   980   50s
    62    64 644605.455   30   57 826240.455 644605.455  22.0%   933   55s
    81    83 644605.455   32   58 826240.455 644605.455  22.0%   928   61s
    96    98 644605.455   28   52 826240.455 644605.455  22.0%   894   65s
   108   110 644605.455   36   72 826240.455 644605.455  22.0%   910   70s
   133   135 644605.455   32  102 826240.455 644605.455  22.0%   926   75s
   153   155 644605.455   34   68 826240.455 644605.455  22.0%   913   80s
   177   179 644605.455   45   51 826240.455 644605.455  22.0%   901   85s
   194   196 644605.455   49   64 826240.455 644605.455  22.0%   904   90s
   213   213 644605.455   48   48 826240.455 644605.455  22.0%   899   95s
   238   238 644605.455   52   76 826240.455 644605.455  22.0%   910  100s
   266   266 644605.455   56   89 826240.455 644605.455  22.0%   895  105s
   290   290 644605.455   56   94 826240.455 644605.455  22.0%   883  110s
   308   308 644605.455   61   81 826240.455 644605.455  22.0%   872  115s
   329   325 644605.455   54   81 826240.455 644605.455  22.0%   866  120s
   351   347 644605.455   63   51 826240.455 644605.455  22.0%   891  125s
   378   374 644605.455   67   55 826240.455 644605.455  22.0%   880  130s
   400   396 644605.455   72   85 826240.455 644605.455  22.0%   876  135s
   414   410 644605.455   76  109 826240.455 644605.455  22.0%   877  140s
   443   439 644605.455   78  106 826240.455 644605.455  22.0%   888  145s
   467   463 644605.455   76  108 826240.455 644605.455  22.0%   888  150s
   486   482 644605.455   75   65 826240.455 644605.455  22.0%   888  155s
   505   501 644605.455   76  101 826240.455 644605.455  22.0%   897  160s
   515   510 644605.455   36   88 826240.455 644605.455  22.0%   891  166s
   518   512 644605.455   50   45 826240.455 644605.455  22.0%   886  171s
   521   514 644605.455   31  125 826240.455 644605.455  22.0%   881  177s
   522   515 644605.455   77   42 826240.455 644605.455  22.0%   879  181s
   524   516 644605.455   76   59 826240.455 644605.455  22.0%   876  187s
   525   517 644605.455   52   59 826240.455 644605.455  22.0%   874  190s
   533   524 644605.455   15  153 826240.455 644605.455  22.0%   155  195s

Cutting planes:
  Gomory: 25
  Lift-and-project: 5
  Cover: 65
  Implied bound: 1
  Projected implied bound: 4
  MIR: 293
  Mixing: 8
  StrongCG: 67
  Flow cover: 395
  GUB cover: 87
  Zero half: 42
  RLT: 16
  Relax-and-lift: 55

Explored 543 nodes (644199 simplex iterations) in 200.04 seconds (142.27 work units)
Thread count was 1 (of 8 available processors)

Solution count 1: 826240 

Time limit reached
Best objective 8.262404550953e+05, best bound 6.446054550953e+05, gap 21.9833%
