
Gurobi 12.0.3 (win64) logging started Sun Aug 23 17:20:39 2026

Set parameter LogFile to value "C:\Users\TECNO-MASTER\Desktop\Elmo_infrastructure_sizing_NP-\output\DCH_agosto\Costo_fijo\Carga_libre\Carga_on_board_fixed_3estaciones_P1000kW_Descomp/station_3_d213_stage1\gurobi.log"
Set parameter Threads to value 1
Set parameter Heuristics to value 0.5
Set parameter MIPFocus to value 3
Set parameter Presolve to value 2
Set parameter FlowCoverCuts to value 2
Set parameter TimeLimit to value 172800
Gurobi Optimizer version 12.0.3 build v12.0.3rc0 (win64 - Windows 11+.0 (26200.2))

CPU model: Intel(R) Core(TM) i9-14900K, instruction set [SSE2|AVX|AVX2]
Thread count: 24 physical cores, 32 logical processors, using up to 1 threads

Non-default parameters:
TimeLimit  172800
MIPGap  0.01
Heuristics  0.5
MIPFocus  3
FlowCoverCuts  2
Presolve  2
Threads  1

Optimize a model with 22770 rows, 37249 columns and 110688 nonzeros
Model fingerprint: 0xc9130515
Variable types: 17323 continuous, 19926 integer (19925 binary)
Coefficient statistics:
  Matrix range     [1e-01, 1e+03]
  Objective range  [4e-01, 2e+05]
  Bounds range     [1e+00, 3e+00]
  RHS range        [1e+00, 1e+04]
Presolve removed 19880 rows and 26955 columns
Presolve time: 0.27s
Presolved: 2890 rows, 10294 columns, 32192 nonzeros
Variable types: 841 continuous, 9453 integer (9361 binary)
Root relaxation presolved: 2890 rows, 10294 columns, 32192 nonzeros


Root relaxation: objective 4.947316e+04, 4395 iterations, 0.49 seconds (0.61 work units)

    Nodes    |    Current Node    |     Objective Bounds      |     Work
 Expl Unexpl |  Obj  Depth IntInf | Incumbent    BestBd   Gap | It/Node Time

     0     0 49473.1574    0  418          - 49473.1574      -     -    1s
     0     0 80689.6793    0  304          - 80689.6793      -     -    3s
H    0     0                    475683.43076 84016.2139  82.3%     -    3s
H    0     0                    398240.50944 84016.2139  78.9%     -    3s
H    0     0                    227232.11910 84016.2139  63.0%     -    3s
H    0     0                    227232.11900 84016.2139  63.0%     -    3s
H    0     0                    221899.48695 84016.2139  62.1%     -    3s
H    0     0                    218949.63541 84016.2139  61.6%     -    3s
H    0     0                    218898.84423 84016.2139  61.6%     -    3s
H    0     0                    218894.74321 84016.2139  61.6%     -    3s
H    0     0                    218825.96730 84016.2139  61.6%     -    3s
     0     0 84016.2139    0  317 218825.967 84016.2139  61.6%     -    3s
     0     0 84016.2139    0  341 218825.967 84016.2139  61.6%     -    5s
     0     0 84016.2139    0  333 218825.967 84016.2139  61.6%     -    7s
     0     0 84016.2139    0  314 218825.967 84016.2139  61.6%     -    9s
     0     0 84016.2139    0  314 218825.967 84016.2139  61.6%     -    9s
     0     2 84020.9108    0  314 218825.967 84020.9108  61.6%     -   10s

Cutting planes:
  Gomory: 4
  Implied bound: 2
  MIR: 1
  StrongCG: 1
  Flow cover: 1

Explored 3 nodes (42810 simplex iterations) in 10.99 seconds (12.99 work units)
Thread count was 1 (of 32 available processors)

Solution count 9: 218826 218895 218899 ... 475683

Optimal solution found (tolerance 1.00e-02)
Best objective 2.188259673042e+05, best bound 2.188106251435e+05, gap 0.0070%
