
Gurobi 12.0.1 (win64) logging started Thu Apr  2 01:33:46 2026

Set parameter LogFile to value "output/Escenarios_DCH/Costo_variable/3_estaciones_base/Carga_on_board_variable_3estaciones_P640kW\gurobi.log"
Set parameter Threads to value 24
Set parameter Heuristics to value 0.5
Set parameter MIPFocus to value 3
Set parameter Presolve to value 2
Set parameter FlowCoverCuts to value 2
Set parameter TimeLimit to value 172800
Gurobi Optimizer version 12.0.1 build v12.0.1rc0 (win64 - Windows 11+.0 (26200.2))

CPU model: 11th Gen Intel(R) Core(TM) i7-1165G7 @ 2.80GHz, instruction set [SSE2|AVX|AVX2|AVX512]
Thread count: 4 physical cores, 8 logical processors, using up to 24 threads

Warning: Thread count (24) is larger than processor count (8)
         Reduce the value of the Threads parameter to improve performance


Non-default parameters:
TimeLimit  172800
MIPGap  0.01
Heuristics  0.5
MIPFocus  3
FlowCoverCuts  2
Presolve  2
Threads  24

Optimize a model with 275043 rows, 895254 columns and 2912262 nonzeros
Model fingerprint: 0x89cfc6d7
Variable types: 114192 continuous, 781062 integer (781059 binary)
Coefficient statistics:
  Matrix range     [1e-01, 6e+02]
  Objective range  [3e-03, 3e+05]
  Bounds range     [1e+00, 1e+00]
  RHS range        [1e+00, 1e+18]
Warning: Model contains large rhs
         Consider reformulating model or setting NumericFocus parameter
         to avoid numerical issues.
Found heuristic solution: objective 9.739107e+10
Presolve removed 203160 rows and 561456 columns (presolve time = 5s)...
Presolve removed 203160 rows and 561456 columns (presolve time = 10s)...
Presolve removed 203160 rows and 561456 columns (presolve time = 15s)...
Presolve removed 203160 rows and 561456 columns
Presolve time: 16.27s
Presolved: 71883 rows, 333798 columns, 1010166 nonzeros
Variable types: 46656 continuous, 287142 integer (287139 binary)
Root relaxation presolve removed 17568 rows and 17568 columns
Root relaxation presolved: 54315 rows, 316230 columns, 975030 nonzeros

Deterministic concurrent LP optimizer: primal simplex, dual simplex, and barrier
Showing barrier log only...

Root barrier log...

Ordering time: 1.50s

Barrier statistics:
 Dense cols : 6
 AA' NZ     : 7.696e+05
 Factor NZ  : 3.260e+06 (roughly 180 MB of memory)
 Factor Ops : 3.861e+08 (less than 1 second per iteration)
 Threads    : 22

                  Objective                Residual
Iter       Primal          Dual         Primal    Dual     Compl     Time
   0   2.57277414e+12 -2.54450095e+12  7.05e+03 3.94e+04  2.69e+08    20s
   1   1.41998414e+12 -2.32112235e+12  3.72e+03 1.72e+05  1.34e+08    20s
   2   1.15617535e+12 -1.95651928e+12  3.07e+03 9.83e+03  1.06e+08    20s
   3   2.82183293e+11 -1.23317438e+12  6.81e+02 1.14e-05  2.38e+07    20s
   4   4.55442684e+10 -7.05386511e+11  5.85e+01 1.14e-05  2.86e+06    20s
   5   5.90586418e+09 -3.57120232e+11  2.28e+00 1.40e-09  6.03e+05    20s
   6   3.68086114e+09 -5.47245630e+10  8.40e-01 5.35e-07  9.37e+04    20s
   7   3.47132788e+08 -1.58004171e+10  1.32e-02 7.34e-07  2.41e+04    21s
   8   7.71957535e+07 -2.49026538e+09  1.51e-13 2.22e-07  3.80e+03    21s
   9   8.80502150e+06 -7.37388485e+07  3.04e-14 1.89e-08  1.22e+02    21s
  10   3.85174378e+06 -7.48245056e+06  1.55e-14 2.85e-09  1.68e+01    21s
  11   2.25421704e+06 -2.67418164e+06  3.42e-14 1.04e-09  7.30e+00    21s
  12   1.59501353e+06 -1.04075158e+06  5.13e-14 9.67e-10  3.91e+00    21s
  13   1.31552251e+06 -3.14540003e+05  1.39e-13 9.01e-10  2.42e+00    22s
  14   1.16274014e+06 -7.27736428e+04  1.75e-13 9.07e-10  1.83e+00    22s
  15   1.04730078e+06  7.07850388e+04  1.43e-13 9.09e-10  1.45e+00    22s
  16   9.57909779e+05  1.74445292e+05  1.27e-13 9.16e-10  1.16e+00    22s
  17   8.48121019e+05  2.39758315e+05  3.10e-13 9.61e-10  9.01e-01    22s
  18   7.73954564e+05  3.58730298e+05  3.02e-13 8.18e-10  6.15e-01    22s
  19   7.07489813e+05  4.31738544e+05  6.31e-13 8.07e-10  4.09e-01    23s
  20   6.62488740e+05  4.55254907e+05  4.71e-13 7.59e-10  3.07e-01    23s
  21   6.32959492e+05  4.85628930e+05  6.03e-13 1.52e-09  2.18e-01    23s
  22   5.97872451e+05  4.98031184e+05  8.32e-13 8.94e-10  1.48e-01    23s
  23   5.83084818e+05  5.08926781e+05  6.10e-13 1.86e-09  1.10e-01    23s
  24   5.69024102e+05  5.15503617e+05  6.80e-13 1.85e-09  7.93e-02    24s
  25   5.57675167e+05  5.25271366e+05  5.04e-13 7.52e-10  4.80e-02    24s
  26   5.49440105e+05  5.30315483e+05  7.30e-12 4.61e-09  2.83e-02    24s
  27   5.45179679e+05  5.32905995e+05  5.25e-12 1.28e-09  1.82e-02    24s
  28   5.41537863e+05  5.33117470e+05  3.47e-12 8.91e-10  1.25e-02    24s
  29   5.40537065e+05  5.33403745e+05  2.98e-12 1.42e-09  1.06e-02    24s
  30   5.38738294e+05  5.33612208e+05  2.10e-12 1.08e-09  7.59e-03    25s
  31   5.36768454e+05  5.33929659e+05  1.13e-12 8.05e-10  4.21e-03    25s
  32   5.35547677e+05  5.34146728e+05  5.38e-13 1.11e-09  2.08e-03    25s
  33   5.34755768e+05  5.34266650e+05  6.91e-11 1.27e-09  7.25e-04    25s
  34   5.34523942e+05  5.34387933e+05  5.58e-11 1.36e-09  2.02e-04    25s
  35   5.34467781e+05  5.34399767e+05  2.93e-11 1.72e-09  1.01e-04    25s
  36   5.34423877e+05  5.34403759e+05  5.31e-11 9.75e-10  2.98e-05    26s
  37   5.34412660e+05  5.34406523e+05  1.64e-11 1.02e-09  9.09e-06    26s
  38   5.34408740e+05  5.34407281e+05  2.83e-10 1.14e-09  2.16e-06    26s
  39   5.34407567e+05  5.34407431e+05  2.46e-10 1.15e-09  2.02e-07    26s
  40   5.34407473e+05  5.34407463e+05  2.28e-10 7.11e-10  1.45e-08    26s
  41   5.34407468e+05  5.34407468e+05  1.08e-11 2.19e-09  1.26e-11    26s

Barrier solved model in 41 iterations and 26.28 seconds (38.86 work units)
Optimal objective 5.34407468e+05


Root crossover log...

    6127 DPushes remaining with DInf 0.0000000e+00                26s
       0 DPushes remaining with DInf 0.0000000e+00                27s

  247277 PPushes remaining with PInf 0.0000000e+00                27s
  188428 PPushes remaining with PInf 0.0000000e+00                30s
   97254 PPushes remaining with PInf 0.0000000e+00                35s
    7965 PPushes remaining with PInf 0.0000000e+00                40s
       0 PPushes remaining with PInf 0.0000000e+00                40s

  Push phase complete: Pinf 0.0000000e+00, Dinf 4.4060069e-10     40s


Root simplex log...

Iteration    Objective       Primal Inf.    Dual Inf.      Time
  253407    5.3440747e+05   0.000000e+00   0.000000e+00     40s
Concurrent spin time: 0.00s

Solved with barrier
  256465    5.3440747e+05   0.000000e+00   0.000000e+00     41s
Extra simplex iterations after uncrush: 3058

Root relaxation: objective 5.344075e+05, 256465 iterations, 24.32 seconds (9.68 work units)
Total elapsed time = 63.23s (DegenMoves)
Total elapsed time = 73.27s (DegenMoves)
Total elapsed time = 78.20s (DegenMoves)
Total elapsed time = 85.97s (DegenMoves)
Total elapsed time = 93.06s (DegenMoves)

    Nodes    |    Current Node    |     Objective Bounds      |     Work
 Expl Unexpl |  Obj  Depth IntInf | Incumbent    BestBd   Gap | It/Node Time

     0     0 534407.468    0 14005 9.7391e+10 534407.468   100%     -  102s
H    0     0                    4.773026e+10 534407.468   100%     -  106s
     0     0 543295.663    0 13514 4.7730e+10 543295.663   100%     -  223s
     0     0 551844.683    0 15004 4.7730e+10 551844.683   100%     -  240s
     0     0 577934.509    0 14970 4.7730e+10 577934.509   100%     -  256s
     0     0 606141.083    0 14912 4.7730e+10 606141.083   100%     -  275s
     0     0 637732.185    0 14866 4.7730e+10 637732.185   100%     -  283s
     0     0 672814.512    0 14819 4.7730e+10 672814.512   100%     -  293s
     0     0 709387.770    0 14750 4.7730e+10 709387.770   100%     -  299s
     0     0 748146.106    0 14653 4.7730e+10 748146.106   100%     -  302s
     0     0 786863.706    0 14529 4.7730e+10 786863.706   100%     -  305s
     0     0 819513.772    0 14262 4.7730e+10 819513.772   100%     -  313s
     0     0 875916.979    0 13775 4.7730e+10 875916.979   100%     -  332s
     0     0 956697.563    0 12806 4.7730e+10 956697.563   100%     -  342s
     0     0 967069.430    0 12470 4.7730e+10 967069.430   100%     -  346s
     0     0 967303.810    0 12575 4.7730e+10 967303.810   100%     -  348s
     0     0 967441.506    0 12583 4.7730e+10 967441.506   100%     -  348s
     0     0 967444.821    0 12580 4.7730e+10 967444.821   100%     -  348s
     0     0 967447.225    0 12575 4.7730e+10 967447.225   100%     -  348s
     0     0 967448.614    0 12573 4.7730e+10 967448.614   100%     -  349s
     0     0 967449.411    0 12575 4.7730e+10 967449.411   100%     -  349s
     0     0 987185.298    0 10823 4.7730e+10 987185.298   100%     -  442s
     0     0 1007629.73    0 10776 4.7730e+10 1007629.73   100%     -  452s
     0     0 1011059.61    0 10764 4.7730e+10 1011059.61   100%     -  455s
     0     0 1011275.39    0 10632 4.7730e+10 1011275.39   100%     -  457s
     0     0 1011625.28    0 10629 4.7730e+10 1011625.28   100%     -  458s
     0     0 1011705.64    0 10626 4.7730e+10 1011705.64   100%     -  459s
     0     0 1013314.20    0 9601 4.7730e+10 1013314.20   100%     -  542s
H    0     0                    3.116267e+10 1013314.20   100%     -  551s
     0     0 1022090.11    0 10286 3.1163e+10 1022090.11   100%     -  557s
     0     0 1022392.67    0 10219 3.1163e+10 1022392.67   100%     -  561s
     0     0 1022720.90    0 10127 3.1163e+10 1022720.90   100%     -  563s
     0     0 1022743.58    0 10112 3.1163e+10 1022743.58   100%     -  564s
     0     0 1023319.41    0 8885 3.1163e+10 1023319.41   100%     -  643s
H    0     0                    3.116169e+10 1023319.41   100%     -  657s
     0     0 1031414.11    0 10081 3.1162e+10 1031414.11   100%     -  678s
     0     0 1032454.95    0 10220 3.1162e+10 1032454.95   100%     -  681s
     0     0 1032726.33    0 10248 3.1162e+10 1032726.33   100%     -  682s
     0     0 1032743.02    0 10179 3.1162e+10 1032743.02   100%     -  683s
     0     0 1034800.14    0 8982 3.1162e+10 1034800.14   100%     -  761s
H    0     0                    3.115860e+10 1034800.14   100%     -  777s
     0     0 1037014.98    0 9784 3.1159e+10 1037014.98   100%     -  782s
     0     0 1040691.99    0 10109 3.1159e+10 1040691.99   100%     -  791s
     0     0 1040905.42    0 10064 3.1159e+10 1040905.42   100%     -  793s
     0     0 1048392.48    0 8552 3.1159e+10 1048392.48   100%     -  871s
H    0     0                    3.115808e+10 1048392.48   100%     -  886s
H    0     0                    3.115796e+10 1048392.48   100%     -  887s
     0     0 1059243.83    0 9708 3.1158e+10 1059243.83   100%     -  900s
     0     0 1059983.61    0 9915 3.1158e+10 1059983.61   100%     -  902s
     0     0 1060917.44    0 9745 3.1158e+10 1060917.44   100%     -  904s
     0     0 1061001.27    0 9808 3.1158e+10 1061001.27   100%     -  906s
     0     0 1062576.73    0 8894 3.1158e+10 1062576.73   100%     -  977s
     0     0 1071607.07    0 9664 3.1158e+10 1071607.07   100%     - 1016s
     0     0 1072590.67    0 9651 3.1158e+10 1072590.67   100%     - 1017s
     0     0 1072788.27    0 9564 3.1158e+10 1072788.27   100%     - 1018s
     0     0 1072930.93    0 8905 3.1158e+10 1072930.93   100%     - 1089s
H    0     0                    3.115784e+10 1072930.93   100%     - 1126s
     0     0 1075811.68    0 9812 3.1158e+10 1075811.68   100%     - 1133s
     0     0 1076164.23    0 9711 3.1158e+10 1076164.23   100%     - 1135s
     0     0 1076164.72    0 9653 3.1158e+10 1076164.72   100%     - 1135s
     0     0 1076222.47    0 8432 3.1158e+10 1076222.47   100%     - 1216s
H    0     0                    1.576974e+10 1076222.47   100%     - 1266s
H    0     0                    1.568852e+10 1076222.47   100%     - 1266s
H    0     0                    1.567522e+10 1076222.47   100%     - 1268s
H    0     0                    1.561102e+10 1076222.47   100%     - 1269s
H    0     0                    1.561102e+10 1076222.47   100%     - 1270s
H    0     0                    1.560334e+10 1076222.47   100%     - 1273s
H    0     0                    1.560234e+10 1076222.47   100%     - 1273s
H    0     0                    1.560017e+10 1076222.47   100%     - 1273s
H    0     0                    1.559968e+10 1076222.47   100%     - 1273s
H    0     0                    1.559968e+10 1076222.47   100%     - 1274s
H    0     0                    1.559968e+10 1076222.47   100%     - 1274s
H    0     0                    1.559956e+10 1076222.47   100%     - 1274s
     0     0 1084072.94    0 9694 1.5600e+10 1084072.94   100%     - 1292s
     0     0 1084390.70    0 9774 1.5600e+10 1084390.70   100%     - 1294s
     0     0 1084391.17    0 9642 1.5600e+10 1084391.17   100%     - 1295s
     0     0 1095197.27    0 8316 1.5600e+10 1095197.27   100%     - 1357s
H    0     0                    1.559950e+10 1095197.27   100%     - 1364s
H    0     0                    1.559251e+10 1095197.27   100%     - 1365s
H    0     0                    1.559015e+10 1095197.27   100%     - 1366s
H    0     0                    1.558884e+10 1095197.27   100%     - 1369s
H    0     0                    1.558800e+10 1095197.27   100%     - 1370s
     0     0 1101347.00    0 9445 1.5588e+10 1101347.00   100%     - 1378s
     0     0 1101582.91    0 9639 1.5588e+10 1101582.91   100%     - 1379s
     0     0 1113801.13    0 8570 1.5588e+10 1113801.13   100%     - 1438s
H    0     0                    1.510649e+08 1113801.13  99.3%     - 1446s
H    0     0                    1.699768e+07 1113801.13  93.4%     - 1450s
H    0     0                    1.675593e+07 1113801.13  93.4%     - 1455s
H    0     0                    1.603457e+07 1113801.13  93.1%     - 1455s
H    0     0                    1.594261e+07 1113801.13  93.0%     - 1455s
H    0     0                    1.551715e+07 1113801.13  92.8%     - 1455s
H    0     0                    1.551700e+07 1113801.13  92.8%     - 1460s
     0     0 1115762.05    0 9281 1.5517e+07 1115762.05  92.8%     - 1465s
     0     0 1116018.08    0 9467 1.5517e+07 1116018.08  92.8%     - 1467s
     0     0 1121021.08    0 8533 1.5517e+07 1121021.08  92.8%     - 1527s
H    0     0                    1.551699e+07 1121021.08  92.8%     - 1537s
H    0     0                    1.527489e+07 1121021.08  92.7%     - 1541s
H    0     0                    1.481986e+07 1121021.08  92.4%     - 1545s
H    0     0                    1.434005e+07 1121021.08  92.2%     - 1550s
H    0     0                    1.394763e+07 1121021.08  92.0%     - 1568s
H    0     0                    1.352204e+07 1121021.08  91.7%     - 1568s
H    0     0                    1.300882e+07 1121021.08  91.4%     - 1572s
H    0     0                    1.237506e+07 1121021.08  90.9%     - 1587s
H    0     0                    1.237506e+07 1121021.08  90.9%     - 1587s
H    0     0                    1.213322e+07 1121021.08  90.8%     - 1587s
H    0     0                    1.192470e+07 1121021.08  90.6%     - 1595s
H    0     0                    1.174582e+07 1121021.08  90.5%     - 1595s
H    0     0                    1.156194e+07 1121021.08  90.3%     - 1596s
     0     0 1122588.46    0 9221 1.1562e+07 1122588.46  90.3%     - 1604s
     0     0 1122590.23    0 9657 1.1562e+07 1122590.23  90.3%     - 1606s
     0     0 1128456.90    0 8631 1.1562e+07 1128456.90  90.2%     - 1657s
     0     0 1128790.66    0 8967 1.1562e+07 1128790.66  90.2%     - 1677s
     0     0 1140094.62    0 8402 1.1562e+07 1140094.62  90.1%     - 1748s
H    0     0                    1.100766e+07 1140094.62  89.6%     - 1760s
H    0     0                    1.085244e+07 1140094.62  89.5%     - 1762s
H    0     0                    8636681.8815 1140094.62  86.8%     - 1767s
H    0     0                    8582482.5912 1140094.62  86.7%     - 1771s
H    0     0                    6613167.1744 1140094.62  82.8%     - 1777s
H    0     0                    6613018.1618 1140094.62  82.8%     - 1784s
     0     0 1140160.74    0 9022 6613018.16 1140160.74  82.8%     - 1791s
     0     0 1155570.86    0 8405 6613018.16 1155570.86  82.5%     - 1837s
     0     0 1155575.19    0 8937 6613018.16 1155575.19  82.5%     - 1841s
     0     0 1157741.17    0 8603 6613018.16 1157741.17  82.5%     - 1908s
     0     0 1157741.17    0 8451 6613018.16 1157741.17  82.5%     - 1920s
H    0     0                    5268659.2690 1157741.17  78.0%     - 2194s
H    0     0                    4489905.9376 1157741.17  74.2%     - 2197s
H    0     0                    4489888.5529 1157741.17  74.2%     - 2223s
H    0     0                    4368183.6242 1157741.17  73.5%     - 2225s
H    0     0                    4067366.4280 1157741.17  71.5%     - 2243s
H    0     0                    3976062.9696 1157741.17  70.9%     - 2243s
H    0     0                    3917786.7068 1157741.17  70.4%     - 2243s
H    0     0                    3854564.8561 1157741.17  70.0%     - 2243s
H    0     0                    3795645.0024 1157741.17  69.5%     - 2247s
H    0     0                    3795632.0432 1157741.17  69.5%     - 2258s
H    0     0                    3766437.4611 1157741.17  69.3%     - 2264s
H    0     0                    3553566.0602 1157741.17  67.4%     - 2270s
H    0     0                    3248813.9304 1157741.17  64.4%     - 2276s
H    0     0                    3190444.1607 1157741.17  63.7%     - 2310s
H    0     0                    3190436.3924 1157741.17  63.7%     - 2310s
H    0     0                    3190421.4846 1157741.17  63.7%     - 2339s
H    0     0                    3190411.4158 1157741.17  63.7%     - 2339s
H    0     0                    3190407.2325 1157741.17  63.7%     - 2339s
H    0     0                    3190405.0970 1157741.17  63.7%     - 2339s
H    0     0                    3190403.2593 1157741.17  63.7%     - 2339s
H    0     2                    3009883.6622 1157741.17  61.5%     - 2391s
     0     2 1157741.17    0 8451 3009883.66 1157741.17  61.5%     - 2391s
     1     2 1242821.27    1 8103 3009883.66 1160520.21  61.4% 54337 2414s
     3     2 1324481.30    2 8073 3009883.66 1246557.81  58.6% 42781 2446s
     5     2 1357772.08    3 8355 3009883.66 1327157.86  55.9% 33271 2460s
     7     2 1383544.95    4 6651 3009883.66 1359029.09  54.8% 37560 2482s
     9     2 1400704.97    5 5707 3009883.66 1383601.79  54.0% 39374 2499s
    11     2 1404344.72    6 5245 3009883.66 1401451.39  53.4% 35323 2505s
    13     4 1404463.31    7 5156 3009883.66 1404344.74  53.3% 33140 2513s
    15     8 1404506.37    8 5315 3009883.66 1404463.31  53.3% 30855 2522s
    19    16 1404576.26    9 5618 3009883.66 1404506.37  53.3% 26276 2538s
    27    30 1404633.13   10 5951 3009883.66 1404576.25  53.3% 21367 2585s
    41    52 1404705.54   11 6033 3009883.66 1404576.25  53.3% 17590 2706s
H   53    52                    3009527.7787 1404576.25  53.3% 16353 2708s
    63    74 1404787.13   11 6502 3009527.78 1404576.25  53.3% 16150 2917s
    85   162 1404872.31   12 6456 3009527.78 1404576.25  53.3% 15929 3122s
H  136   162                    3009516.9734 1404576.25  53.3% 11609 3124s
   173   184 1404969.88   12 6383 3009516.97 1404576.25  53.3% 10266 3252s
   195   208 1405071.21   10 6267 3009516.97 1404576.27  53.3% 11274 3365s
H  219   232                    3009285.1514 1404787.66  53.3% 13486 3954s
H  220   232                    3009256.6253 1404787.66  53.3% 13520 3954s
H  222   232                    2980320.8768 1404793.45  52.9% 13599 3954s
H  227   232                    2859081.2785 1404872.32  50.9% 13721 3954s
H  240   232                    2825252.8183 1404872.32  50.3% 13958 3954s
H  243   256                    2586418.2452 1404872.32  45.7% 14002 4672s
H  244   256                    2528231.8946 1404872.32  44.4% 14017 4672s
H  246   256                    1944091.3929 1404872.39  27.7% 14040 4672s
H  252   256                    1916117.0254 1404872.44  26.7% 14118 4672s
   267   280 1405084.58   14 6355 1916117.03 1404881.86  26.7% 14395 5402s
   291   304 1405084.96   15 6338 1916117.03 1404882.15  26.7% 14652 5903s
H  295   304                    1915907.8892 1404882.15  26.7% 14676 5903s
   315   544 1405087.69   13 6308 1915907.89 1404884.11  26.7% 15282 6000s
   555  1432 1405071.37   14 6224 1915907.89 1404966.15  26.7%  9346 7458s
H  591  1432                    1712413.7084 1404966.15  18.0%  8777 7458s
  1443  3304 1405071.76   14 6227 1712413.71 1404966.86  18.0%  3762 7615s
  3316  3305 1405078.56   48 8451 1712413.71 1405071.21  17.9%  1688 8109s
H 3317  3140                    1712207.2039 1405071.21  17.9%  1687 8184s
H 3317  2983                    1712195.8048 1405071.21  17.9%  1687 9688s
H 3317  2834                    1712148.4987 1405071.21  17.9%  1687 9688s
H 3317  2692                    1712071.3552 1405071.21  17.9%  1687 9688s
H 3317  2558                    1712070.1207 1405071.21  17.9%  1687 9688s
H 3317  2430                    1711885.7749 1405071.21  17.9%  1687 9688s
H 3317  2308                    1711884.6861 1405071.21  17.9%  1687 9688s
H 3317  2193                    1682932.6468 1405071.21  16.5%  1687 9688s
H 3317  2083                    1682932.6457 1405071.21  16.5%  1687 9688s
H 3317  1979                    1625665.2447 1405071.21  13.6%  1687 9688s
H 3317  1880                    1625658.2515 1405071.21  13.6%  1687 9688s
H 3317  1786                    1625658.0908 1405071.21  13.6%  1687 9688s
H 3317  1697                    1625344.2875 1405071.21  13.6%  1687 9688s
  3318  1697 1405103.54   70 13819 1625344.29 1405071.21  13.6%  1687 9691s
  3319  1698 1405101.55   51 13557 1625344.29 1405071.21  13.6%  1686 9881s
  3320  1699 1405085.10   16 13521 1625344.29 1405071.21  13.6%  1686 9999s
  3321  1699 1405085.32   14 13622 1625344.29 1405071.21  13.6%  1685 10007s
  3322  1700 1405075.17   20 13724 1625344.29 1405071.21  13.6%  1685 10016s
  3323  1701 1405072.19   49 13819 1625344.29 1405071.21  13.6%  1684 10031s
  3324  1701 1405100.97   58 13545 1625344.29 1405071.21  13.6%  1684 10054s
  3325  1702 1405103.22   62 13339 1625344.29 1405071.21  13.6%  1683 10067s
  3326  1703 1405072.35   44 13273 1625344.29 1405071.21  13.6%  1683 10074s
  3327  1703 1405087.77   22 13138 1625344.29 1405071.21  13.6%  1682 10079s
  3328  1704 1405071.26   21 13015 1625344.29 1405071.21  13.6%  1682 10085s
  3329  1705 1405085.32   14 12771 1625344.29 1405071.21  13.6%  1681 10104s
  3330  1705 1405075.14   16 12626 1625344.29 1405071.21  13.6%  1681 10113s
  3331  1706 1405071.32   20 12135 1625344.29 1405071.21  13.6%  1680 10125s
  3332  1707 1405073.00   85 11316 1625344.29 1405071.21  13.6%  1680 10140s
  3333  1707 1405088.28   44 10967 1625344.29 1405071.21  13.6%  1679 10154s
  3334  1708 1405101.25   23 10910 1625344.29 1405071.21  13.6%  1679 10166s
  3335  1709 1405100.36   36 10924 1625344.29 1405071.21  13.6%  1678 10197s
H 3335  1623                    1596177.8154 1405071.21  12.0%  1678 10334s
  3337  1624 1405071.21   26 9740 1596177.82 1405071.21  12.0%  1677 10453s
  3338  1625 1405088.53   20 8246 1596177.82 1405071.21  12.0%  1677 10611s
  3339  1625 1405077.24   25 8619 1596177.82 1405071.21  12.0%  1676 10714s
  3340  1626 1405071.72   36 8294 1596177.82 1405071.21  12.0%  1676 10840s
  3341  1627 1405079.40   68 8590 1596177.82 1405071.21  12.0%  1675 10950s
  3342  1627 1405074.29   87 8282 1596177.82 1405071.21  12.0%  1675 11067s
  3343  1628 1405072.06   45 8282 1596177.82 1405071.21  12.0%  1674 11153s
  3344  1629 1405075.42   44 8282 1596177.82 1405071.21  12.0%  1674 11372s
H 3344  1549                    1567108.1791 1405071.21  10.3%  2125 11386s
  3345  1548 1405071.21   11 8020 1567108.18 1405071.21  10.3%  2143 11811s
  3347  1548 1405071.21   12 7918 1567108.18 1405071.21  10.3%  2172 11851s
  3349  1547     cutoff   13      1567108.18 1405071.21  10.3%  2175 11879s
  3351  1546 infeasible   14      1567108.18 1405071.21  10.3%  2200 11904s
  3352  1546 1405071.21   14 5651 1567108.18 1405071.21  10.3%  2228 11905s
  3353  1546 1405071.21   15 5242 1567108.18 1405071.21  10.3%  2232 11913s
  3355  1547 1405071.21   16 5424 1567108.18 1405071.21  10.3%  2234 11920s
  3357  1550 1405071.21   17 5568 1567108.18 1405071.21  10.3%  2239 11930s
  3361  1557 1405071.21   18 5729 1567108.18 1405071.21  10.3%  2249 11943s
  3369  1570 1405071.21   19 5955 1567108.18 1405071.21  10.3%  2250 11971s
H 3385  1510                    1566972.1808 1405071.21  10.3%  2251 12060s
H 3387  1435                    1566710.0865 1405071.21  10.3%  2251 12060s
H 3390  1364                    1508595.5092 1405071.21  6.86%  2251 12060s
  3408  1589 1405071.21   20 5916 1508595.51 1405071.21  6.86%  2287 12135s
  3639  1536 1405071.21   21 6137 1508595.51 1405071.21  6.86%  2161 12376s
  3663  1552 1405071.21   25 6137 1508595.51 1405071.21  6.86%  2165 12721s
  3687  1568 1405071.21   23 6254 1508595.51 1405071.21  6.86%  2177 13548s
  3711  2955 1405071.21   25 6283 1508595.51 1405071.21  6.86%  2192 14069s
H 3922  2818                    1508593.6604 1405071.21  6.86%  2080 14070s
H 4283  2635                    1508548.1447 1405071.21  6.86%  1914 14071s
H 5106  2324                    1450343.7080 1405071.21  3.12%  1626 15177s
  5130  4136 1405071.21   31 6246 1450343.71 1405071.21  3.12%  1647 15900s
H 5311  4018                    1420205.8446 1405071.21  1.07%  1595 15901s

Interrupt request received
  6950  3621 1405071.21   29 6354 1420205.84 1405071.21  1.07%  1257 16300s

Cutting planes:
  Gomory: 65
  Lift-and-project: 6
  Implied bound: 222
  Projected implied bound: 130
  MIR: 7664
  Mixing: 677
  Flow cover: 9350
  RLT: 24
  Relax-and-lift: 844

Explored 6974 nodes (11822970 simplex iterations) in 16304.55 seconds (8312.60 work units)
Thread count was 24 (of 8 available processors)

Solution count 10: 1.42021e+06 1.45034e+06 1.50855e+06 ... 1.62534e+06

Solve interrupted
Best objective 1.420205844640e+06, best bound 1.405071209938e+06, gap 1.0657%
