
Gurobi 12.0.3 (win64) logging started Tue Jun 30 14:31:12 2026

Set parameter LogFile to value "output/DCH_taller_julio/Costo_variable/Carga_on_board_320kW_Descomp/station_2_d182_stage1\gurobi.log"
Set parameter Threads to value 5
Set parameter Heuristics to value 0.5
Set parameter MIPFocus to value 3
Set parameter Presolve to value 2
Set parameter FlowCoverCuts to value 2
Set parameter TimeLimit to value 172800
Gurobi Optimizer version 12.0.3 build v12.0.3rc0 (win64 - Windows 11+.0 (26200.2))

CPU model: Intel(R) Core(TM) i9-14900K, instruction set [SSE2|AVX|AVX2]
Thread count: 24 physical cores, 32 logical processors, using up to 5 threads

Non-default parameters:
TimeLimit  172800
MIPGap  0.01
Heuristics  0.5
MIPFocus  3
FlowCoverCuts  2
Presolve  2
Threads  5

Optimize a model with 23795 rows, 37807 columns and 116832 nonzeros
Model fingerprint: 0xe66039f4
Variable types: 18325 continuous, 19482 integer (19481 binary)
Coefficient statistics:
  Matrix range     [1e-01, 3e+02]
  Objective range  [1e-02, 9e+04]
  Bounds range     [1e+00, 1e+00]
  RHS range        [1e+00, 1e+04]
Presolve removed 21025 rows and 27336 columns
Presolve time: 0.12s
Presolved: 2770 rows, 10471 columns, 32041 nonzeros
Variable types: 821 continuous, 9650 integer (9649 binary)
Root relaxation presolved: 2770 rows, 10471 columns, 32041 nonzeros


Root relaxation: objective 1.043889e+05, 4290 iterations, 0.30 seconds (0.54 work units)

    Nodes    |    Current Node    |     Objective Bounds      |     Work
 Expl Unexpl |  Obj  Depth IntInf | Incumbent    BestBd   Gap | It/Node Time

     0     0 104388.929    0  505          - 104388.929      -     -    2s
H    0     0                    369662.31390 104388.929  71.8%     -    2s
     0     0 131435.970    0  331 369662.314 131435.970  64.4%     -    6s
H    0     0                    244734.65409 131435.970  46.3%     -    6s
H    0     0                    243526.57064 131435.970  46.0%     -    6s
H    0     0                    238360.25843 131435.970  44.9%     -    6s
H    0     0                    236088.84119 131435.970  44.3%     -    6s
H    0     0                    236033.65603 131435.970  44.3%     -    6s
H    0     0                    163116.27472 131467.324  19.4%     -    6s
H    0     0                    140525.59336 131467.324  6.45%     -    6s
     0     0 131467.638    0  348 140525.593 131467.638  6.45%     -    6s
     0     0 131467.638    0  346 140525.593 131467.638  6.45%     -    6s
H    0     0                    139950.40067 131467.645  6.06%     -    8s
     0     0 131467.645    0  296 139950.401 131467.645  6.06%     -    8s
H    0     0                    139728.74428 131467.645  5.91%     -    8s
H    0     0                    138093.15385 131467.645  4.80%     -    8s
H    0     0                    138091.96172 131467.645  4.80%     -    8s
H    0     0                    137843.05550 131467.645  4.63%     -    8s
     0     0 131467.645    0  309 137843.055 131467.645  4.63%     -   10s
     0     0 131467.645    0  325 137843.055 131467.645  4.63%     -   10s
     0     0 131467.645    0  129 137843.055 131467.645  4.63%     -   11s
H    0     0                    137840.53623 131467.645  4.62%     -   11s
H    0     0                    137730.49966 131467.645  4.55%     -   11s
     0     0 131467.645    0  193 137730.500 131467.645  4.55%     -   11s
H    0     0                    135861.50192 131467.645  3.23%     -   12s
     0     0 131467.645    0  181 135861.502 131467.645  3.23%     -   13s
     0     0 131467.645    0  181 135861.502 131467.645  3.23%     -   13s
     0     0 131467.645    0  166 135861.502 131467.645  3.23%     -   14s
     0     0 131467.645    0  161 135861.502 131467.645  3.23%     -   14s
H    0     0                    135852.12496 131467.645  3.23%     -   15s
H    0     0                    135817.11722 131467.645  3.20%     -   15s
H    0     0                    135811.38306 131467.645  3.20%     -   15s
H    0     0                    135811.27215 131467.645  3.20%     -   16s
H    0     0                    135811.10299 131467.645  3.20%     -   16s
H    0     0                    135810.80539 131467.645  3.20%     -   16s
H    0     0                    135776.93927 131467.645  3.17%     -   16s
H    0     0                    133983.52317 131467.645  1.88%     -   16s
H    0     2                    133499.47664 131467.645  1.52%     -   17s
     0     2 131467.645    0  153 133499.477 131467.645  1.52%     -   17s
H   34    71                    133228.08549 131467.645  1.32%   645   19s
H   40    71                    133145.30339 131467.645  1.26%   604   19s
    70   169 131467.645   13  183 133145.303 131467.645  1.26%   518   21s
H   89   169                    133013.42859 131467.645  1.16%   450   21s
H  167   169                    132965.16378 131467.645  1.13%   393   21s
H  168   268                    132476.08572 131467.645  0.76%   391   25s
H  169   268                    132118.15900 131467.645  0.49%   399   25s
H  231   268                    131505.06768 131467.645  0.03%   325   25s

Cutting planes:
  Gomory: 8
  Lift-and-project: 2
  Cover: 58
  Implied bound: 60
  Clique: 7
  MIR: 116
  Mixing: 19
  Flow cover: 132
  Zero half: 29
  RLT: 1
  Relax-and-lift: 100

Explored 267 nodes (162414 simplex iterations) in 25.90 seconds (47.41 work units)
Thread count was 5 (of 32 available processors)

Solution count 10: 131505 132118 132476 ... 135777

Optimal solution found (tolerance 1.00e-02)
Best objective 1.315050676837e+05, best bound 1.314676451962e+05, gap 0.0285%
