
Gurobi 13.0.2 (linux64) logging started Wed Aug 19 00:00:06 2026

Set parameter LogFile to value "output/Monolitico_onboard_320kW_4significativos/gurobi.log"
Set parameter Threads to value 32
Set parameter Heuristics to value 0.5
Set parameter MIPFocus to value 3
Set parameter Presolve to value 2
Set parameter FlowCoverCuts to value 2
Set parameter TimeLimit to value 172800
Set parameter NonConvex to value 2
Gurobi Optimizer version 13.0.2 build v13.0.2rc1 (linux64 - "Ubuntu 24.04.4 LTS")

CPU model: Intel(R) Xeon(R) Gold 6130 CPU @ 2.10GHz, instruction set [SSE2|AVX|AVX2|AVX512]
Thread count: 32 physical cores, 64 logical processors, using up to 32 threads

Non-default parameters:
TimeLimit  172800
MIPGap  0.01
Heuristics  0.5
MIPFocus  3
FlowCoverCuts  2
NonConvex  2
Presolve  2
Threads  32

Optimize a model with 547800 rows, 819260 columns and 3883648 nonzeros (Min)
Model fingerprint: 0xe9659662
Model has 3634 linear objective coefficients
Model has 4 quadratic constraints
Variable types: 394435 continuous, 424825 integer (424815 binary)
Coefficient statistics:
  Matrix range     [2e-02, 1e+03]
  QMatrix range    [1e+00, 1e+00]
  QLMatrix range   [2e-01, 2e-01]
  Objective range  [8e-01, 1e+06]
  Bounds range     [1e+00, 1e+04]
  RHS range        [1e+00, 1e+04]

Presolve removed 456781 rows and 614769 columns
Presolve time: 1.44s
Presolved: 91035 rows, 204492 columns, 1405920 nonzeros
Presolved model has 4 bilinear constraint(s)

Solving non-convex MIQCP to global optimality

Variable types: 26198 continuous, 178294 integer (178289 binary)
Performing another presolve...
Presolve removed 17468 rows and 7141 columns (presolve time = 5s)...
Presolve removed 17468 rows and 7141 columns
Presolve time: 9.06s
Root relaxation presolve removed 4368 rows and 1 columns
Root relaxation presolved: 72479 rows, 197351 columns, 1210020 nonzeros

Deterministic concurrent LP optimizer: primal simplex, dual simplex, and barrier
Showing barrier log only...

Root barrier log...

Ordering time: 0.18s

Barrier statistics:
 Dense cols : 29
 AA' NZ     : 9.647e+05
 Factor NZ  : 1.931e+06 (roughly 120 MB of memory)
 Factor Ops : 6.489e+07 (less than 1 second per iteration)
 Threads    : 30

                  Objective                Residual
Iter       Primal          Dual         Primal    Dual     Compl     Time
   0   6.00810623e+08 -2.20328293e+11  4.37e+05 1.60e+02  5.19e+07    14s
   1   5.17965710e+08 -1.80388196e+11  2.32e+05 1.59e+04  2.71e+07    14s
   2   2.06645724e+08 -1.64031016e+11  1.27e+05 1.16e-06  1.55e+07    14s
   3   2.11410885e+07 -1.17777742e+11  1.07e+04 2.31e-07  1.50e+06    15s
   4   1.03738933e+07 -8.58109438e+10  3.96e+03 1.85e-07  6.28e+05    15s
   5   6.80488625e+06 -6.06935710e+10  1.79e+03 1.21e-07  3.23e+05    15s
   6   4.31733719e+06 -4.24878530e+10  4.53e+02 9.04e-08  1.39e+05    15s
   7   4.02645490e+06 -9.70390637e+09  3.18e+02 8.06e-08  4.56e+04    15s
   8   3.64293342e+06 -4.88165952e+09  1.58e+02 2.55e-07  2.12e+04    15s
   9   3.48477449e+06 -1.36760103e+09  8.72e+01 7.55e-07  7.02e+03    15s
  10   3.28576965e+06 -7.30039419e+08  2.04e+01 3.86e-07  2.32e+03    15s
  11   2.80562763e+06 -3.91743991e+08  3.84e+00 9.56e-08  9.56e+02    15s
  12   2.60593638e+06 -2.91270077e+08  3.04e+00 3.77e-07  7.01e+02    15s
  13   2.65900232e+06 -1.38767709e+08  1.02e+00 1.94e-07  3.23e+02    16s
  14   2.48630982e+06 -9.30505961e+07  5.92e-01 1.48e-07  2.16e+02    16s
  15   2.22969143e+06 -4.95113972e+07  4.19e-01 8.14e-08  1.16e+02    16s
  16   2.08807648e+06 -3.05263490e+07  3.49e-01 4.63e-08  7.33e+01    16s
  17   2.07775626e+06 -2.29756418e+07  3.23e-01 3.54e-08  5.63e+01    16s
  18   1.98619202e+06 -1.90618816e+07  2.65e-01 2.98e-08  4.72e+01    16s
  19   1.85383618e+06 -1.20174654e+07  1.76e-01 2.00e-08  3.11e+01    16s
  20   1.75761361e+06 -4.86975696e+06  1.31e-01 1.07e-07  1.48e+01    16s
  21   1.64884848e+06 -2.05003066e+06  8.02e-02 9.75e-08  8.26e+00    16s
  22   1.47246103e+06 -9.23908781e+05  3.51e-02 5.56e-08  5.35e+00    16s
  23   1.43300411e+06 -2.99621216e+05  3.13e-02 3.25e-08  3.87e+00    16s
  24   1.41318356e+06 -1.50535349e+05  2.81e-02 3.76e-08  3.49e+00    17s
  25   1.40851732e+06  4.50973968e+04  2.72e-02 4.85e-09  3.04e+00    17s
  26   1.39161865e+06  6.78492490e+05  2.25e-02 6.69e-10  1.59e+00    17s
  27   1.35829006e+06  8.55565240e+05  1.42e-02 1.31e-09  1.12e+00    17s
  28   1.34775136e+06  1.03562683e+06  1.16e-02 3.65e-08  6.96e-01    17s
  29   1.33421120e+06  1.11052279e+06  7.93e-03 3.72e-08  4.99e-01    17s
  30   1.32149357e+06  1.18284465e+06  4.37e-03 2.38e-08  3.09e-01    17s
  31   1.31690596e+06  1.22307791e+06  2.86e-03 2.91e-08  2.09e-01    17s
  32   1.31598237e+06  1.22658734e+06  2.58e-03 2.64e-08  1.99e-01    17s
  33   1.31489799e+06  1.24006327e+06  2.25e-03 2.08e-08  1.67e-01    17s
  34   1.31231409e+06  1.25331683e+06  1.42e-03 2.60e-08  1.32e-01    18s
  35   1.31146028e+06  1.26124230e+06  1.17e-03 1.97e-08  1.12e-01    18s
  36   1.30974920e+06  1.27271640e+06  6.17e-04 1.05e-08  8.26e-02    18s
  37   1.30901065e+06  1.27626454e+06  3.70e-04 9.03e-09  7.30e-02    18s
  38   1.30863879e+06  1.28551749e+06  2.24e-04 9.26e-09  5.15e-02    18s
  39   1.30833807e+06  1.29072336e+06  1.40e-04 8.80e-09  3.93e-02    18s
  40   1.30794734e+06  1.29286239e+06  1.41e-05 9.26e-09  3.36e-02    18s
  41   1.30784696e+06  1.29788259e+06  2.25e-06 6.86e-08  2.22e-02    18s
  42   1.30774449e+06  1.30069936e+06  1.46e-06 3.44e-08  1.57e-02    18s
  43   1.30774193e+06  1.30211483e+06  1.39e-06 2.73e-08  1.25e-02    19s
  44   1.30767580e+06  1.30455881e+06  8.75e-07 1.48e-08  6.95e-03    19s
  45   1.30767641e+06  1.30571249e+06  7.29e-07 8.70e-08  4.38e-03    19s
  46   1.30766386e+06  1.30694193e+06  2.33e-07 1.19e-08  1.61e-03    19s
  47   1.30765924e+06  1.30695550e+06  5.94e-08 1.17e-08  1.57e-03    19s
  48   1.30765945e+06  1.30762321e+06  1.83e-06 3.46e-10  8.08e-05    19s
  49   1.30765879e+06  1.30765706e+06  5.51e-08 2.98e-09  3.87e-06    19s
  50   1.30765877e+06  1.30765877e+06  4.91e-10 7.63e-09  1.67e-10    20s

Barrier solved model in 50 iterations and 19.53 seconds (18.07 work units)
Optimal objective 1.30765877e+06


Root crossover log...

    3540 DPushes remaining with DInf 0.0000000e+00                20s
       0 DPushes remaining with DInf 0.0000000e+00                20s

  170296 PPushes remaining with PInf 1.0537635e-05                20s
  152083 PPushes remaining with PInf 0.0000000e+00                20s
   37144 PPushes remaining with PInf 0.0000000e+00                25s
       0 PPushes remaining with PInf 0.0000000e+00                27s

  Push phase complete: Pinf 0.0000000e+00, Dinf 4.4658845e-10     27s


Root simplex log...

Iteration    Objective       Primal Inf.    Dual Inf.      Time
  173673    1.3076588e+06   0.000000e+00   0.000000e+00     27s
Crossover time: 7.58 seconds (3.56 work units)
Concurrent spin time: 0.01s

Solved with barrier
  173673    1.3076588e+06   0.000000e+00   0.000000e+00     27s

Root relaxation: objective 1.307659e+06, 173673 iterations, 15.23 seconds (9.46 work units)
Total elapsed time = 34.74s (DegenMoves)

    Nodes    |    Current Node    |     Objective Bounds      |     Work
 Expl Unexpl |  Obj  Depth IntInf | Incumbent    BestBd   Gap | It/Node Time

     0     0 1312603.41    0 4472          - 1312603.41      -     -   46s
     0     0 1929904.90    0 3879          - 1929904.90      -     -   61s
     0     0 1929904.90    0 2119          - 1929904.90      -     -   76s
     0     0 1934026.60    0 2172          - 1934026.60      -     -   78s
     0     0 1934026.60    0 2206          - 1934026.60      -     -   80s
     0     0 1934026.60    0 1749          - 1934026.60      -     -   91s
     0     0 1934026.60    0 1743          - 1934026.60      -     -   92s
     0     0 1934026.60    0 1978          - 1934026.60      -     -   95s
     0     0 1934026.60    0 1618          - 1934026.60      -     -  104s
     0     0 1934026.60    0 1642          - 1934026.60      -     -  106s
     0     0 1934026.60    0 1608          - 1934026.60      -     -  109s
     0     0 1934026.60    0 1373          - 1934026.60      -     -  118s
     0     0 1934026.60    0 1442          - 1934026.60      -     -  120s
     0     0 1934026.60    0 1657          - 1934026.60      -     -  123s
     0     0 1934026.60    0 1481          - 1934026.60      -     -  134s
     0     0 1934026.60    0 1519          - 1934026.60      -     -  136s
     0     0 1934026.60    0 1604          - 1934026.60      -     -  139s
     0     0 1934026.60    0 1464          - 1934026.60      -     -  148s
     0     0 1934026.60    0 1504          - 1934026.60      -     -  154s
     0     0 1934026.60    0 1508          - 1934026.60      -     -  156s
     0     0 1934026.60    0 1348          - 1934026.60      -     -  163s
     0     0 1934026.60    0 1409          - 1934026.60      -     -  166s
     0     0 1934026.60    0 1421          - 1934026.60      -     -  168s
     0     0 1934026.60    0 1320          - 1934026.60      -     -  175s
     0     0 1934026.60    0 1320          - 1934026.60      -     -  176s
     0     0 1934026.60    0 1239          - 1934026.60      -     -  183s
H    0     0                    6067206.3568 1934026.60  68.1%     -  235s
H    0     2                    4591849.6788 1934026.60  57.9%     -  280s
     0     2 1934026.60    0 1206 4591849.68 1934026.60  57.9%     -  280s
     1     2 infeasible    1      4591849.68 1934442.97  57.9% 21090  295s
H    2     2                    4590981.8727 1934442.97  57.9% 10545  296s
     3     2 1946843.47    2 1508 4590981.87 1940014.29  57.7% 12547  308s
H    5     4                    4590438.1865 1946843.47  57.6%  7758  319s
     7     8 1946843.47    4 1220 4590438.19 1946843.47  57.6%  5697  321s
    19    32 1946843.47    6 1171 4590438.19 1946843.47  57.6%  2194  328s
    35    64 1946843.47    7 1183 4590438.19 1946843.47  57.6%  1235  332s
    67    96 1946843.47    8 1170 4590438.19 1946843.47  57.6%   696  341s
H   99   128                    4589406.3832 1946843.47  57.6%   498  357s
H  108   128                    4588678.1356 1946843.47  57.6%   463  357s
H  120   128                    4587936.3242 1946843.47  57.6%   424  357s
   131   494 1946843.47   10 1137 4587936.32 1946843.47  57.6%   395  387s
H  497   769                    4587125.1948 1946843.47  57.6%   141  443s
H  498   769                    4585961.2119 1946843.47  57.5%   140  443s
H  523   769                    4585761.2391 1946843.47  57.5%   136  443s
H  772  2942                    3837064.0606 1946843.47  49.3%   108  546s
H  913  2942                    3834185.7932 1946843.47  49.2%  97.5  546s
  2946  2943 1946851.04  105 35881 3834185.79 1946843.47  49.2%  53.9  628s
H 2947  2796                    3834162.1279 1946843.47  49.2%  53.9  671s
  2948  2796 1946858.45   93 4726 3834162.13 1946843.47  49.2%  53.9  684s
  2949  2797 1946919.68   90 2444 3834162.13 1946843.47  49.2%  53.9  719s
  2950  2798 1946846.58   38 2479 3834162.13 1946843.47  49.2%  53.8  738s
H 2950  2658                    3833639.6178 1946843.47  49.2%  53.8  785s
H 2951  2525                    3833304.2338 1946843.47  49.2%  53.8  815s
  2953  2527 1947391.80   71 1353 3833304.23 1946843.47  49.2%  53.8  849s
H 2953  2401                    3833165.3782 1946843.47  49.2%  53.8  849s
  2954  2401 1946843.47   27 1474 3833165.38 1946843.47  49.2%  53.8  874s
  2955  2402 1946867.72   61 1230 3833165.38 1946843.47  49.2%  53.8  909s
H 2955  2282                    3832252.7527 1946843.47  49.2%  53.8  909s
H 2955  2167                    3831603.7874 1946843.47  49.2%  53.8  909s
H 2955  2059                    3831146.9219 1946843.47  49.2%  53.8  909s
H 2955  1956                    3831095.7498 1946843.47  49.2%  53.8  935s
H 2955  1858                    3830696.6367 1946843.47  49.2%  53.8  935s
  2957  1859 1946846.45   90 1129 3830696.64 1946843.47  49.2%  53.7  968s
H 2957  1766                    3830687.7698 1946843.47  49.2%  53.7  968s
  2958  1767 1946843.47   50 1155 3830687.77 1946843.47  49.2%  53.7  992s
H 2958  1678                    3830676.3190 1946843.47  49.2%  53.7 1038s
H 2958  1594                    3830646.8180 1946843.47  49.2%  53.7 1038s
H 2958  1514                    3830602.6418 1946843.47  49.2%  53.7 1039s
H 2958  1438                    3830595.9113 1946843.47  49.2%  53.7 1039s
H 2958  1366                    3830576.4188 1946843.47  49.2%  53.7 1039s
  2960  1367 1946854.16   67 1124 3830576.42 1946843.47  49.2%  53.7 1064s
  2961  1368 1946843.72   67 1009 3830576.42 1946843.47  49.2%  53.6 1101s
  2962  1369 1946843.47   13 1034 3830576.42 1946843.47  49.2%  53.6 1124s
  2963  1369 1946919.68   93 1017 3830576.42 1946843.47  49.2%  53.6 1162s
  2964  1370 1946876.22   74 1043 3830576.42 1946843.47  49.2%  53.6 1186s
  2965  1371 1946877.59   99 1023 3830576.42 1946843.47  49.2%  53.6 1219s
  2966  1371 1946846.45  116 1044 3830576.42 1946843.47  49.2%  53.6 1244s
  2967  1372 1947391.80   75  990 3830576.42 1946843.47  49.2%  53.5 1279s
  2968  1373 1946843.47   22  990 3830576.42 1946843.47  49.2%  53.5 1308s
  2969  1373 1946843.47   25  990 3830576.42 1946843.47  49.2%  53.5 1531s
H 2969  1306                    3830536.4304 1946843.47  49.2%   274 1558s
  2970  1306 1946843.47   16 1636 3830536.43 1946843.47  49.2%   282 1579s
  2972  1306 1946843.47   17 1636 3830536.43 1946843.47  49.2%   282 1597s
  2974  1309 1970021.92   18 1684 3830536.43 1946843.47  49.2%   282 1606s
  2977  1314 1946843.47   19 1633 3830536.43 1946843.47  49.2%   282 1614s
  2983  1320 1947728.18   20 1805 3830536.43 1946843.47  49.2%   282 1622s
  2995  1329 1946843.47   21 1682 3830536.43 1946843.47  49.2%   281 1633s
  3015  1351 1946843.47   22 1554 3830536.43 1946843.47  49.2%   281 1646s
  3047  1369 1946921.42   23 1579 3830536.43 1946843.47  49.2%   285 1659s
  3079  1385 1946843.47   24 1497 3830536.43 1946843.47  49.2%   284 1671s
  3111  1408 1946853.06   25 1534 3830536.43 1946843.47  49.2%   283 1685s
H 3112  1342                    3830155.1488 1946843.47  49.2%   283 1685s
H 3130  1274                    3830132.8243 1946843.47  49.2%   282 1685s
  3147  1387 1946844.34   27 1523 3830132.82 1946843.47  49.2%   282 1699s
  3279  1375 1946843.65   30 1523 3830132.82 1946843.47  49.2%   281 1712s
  3311  1394 1946843.48   31 1523 3830132.82 1946843.47  49.2%   279 1726s
  3343  1414 1946843.47   32 1524 3830132.82 1946843.47  49.2%   277 1740s
  3375  1433 1946843.47   33 1524 3830132.82 1946843.47  49.2%   275 1764s
  3407  1454 1946843.47   34 1523 3830132.82 1946843.47  49.2%   273 1792s
H 3413  1393                    3830120.0165 1946843.47  49.2%   273 1792s
  3442  1908 1946843.47   36 1524 3830120.02 1946843.47  49.2%   272 1818s
H 3449  1848                    3830115.5920 1946843.47  49.2%   272 1818s
H 3482  1784                    3830107.8433 1946843.47  49.2%   273 1818s
H 3838  1615                    3830097.1953 1946843.47  49.2%   278 1818s
  4053  3039 1946843.47   38 1531 3830097.20 1946843.47  49.2%   272 1869s
H 4121  2968                    3828317.7247 1946843.47  49.1%   268 1869s
H 4569  2773                    3828020.9187 1946843.47  49.1%   254 1869s
H 4809  2650                    3826280.8544 1946843.47  49.1%   245 1869s
  5631  3724 1946843.47   41 1558 3826280.85 1946843.47  49.1%   220 1958s
H 5936  3724                    3826185.6521 1946843.47  49.1%   216 1958s
  7119  6674 1946843.47   42 1558 3826185.65 1946843.47  49.1%   194 2050s
 10471  6913 1946843.47   54 1549 3826185.65 1946843.47  49.1%   162 2118s
H10528  6913                    3826182.3744 1946843.47  49.1%   162 2118s
H10592  6913                    3826151.9697 1946843.47  49.1%   161 2118s
H10759  6913                    3826125.9567 1946843.47  49.1%   159 2118s
 10760  8625 1946843.47   60 1558 3826125.96 1946843.47  49.1%   159 2190s
 12923  8657 1946843.47   65 1507 3826125.96 1946843.47  49.1%   147 2263s
 12955  9441 1946843.47   62 1548 3826125.96 1946843.47  49.1%   148 2338s
 14113 11096 1946843.47   63 1545 3826125.96 1946843.47  49.1%   144 2411s
H14228 11096                    3826115.0019 1946843.47  49.1%   143 2411s
H14766 11096                    3826040.6935 1946843.47  49.1%   142 2411s
H16807 11572                    3826006.9024 1946843.47  49.1%   138 2481s
H16891 11572                    3825902.7155 1946843.47  49.1%   138 2481s
H17272 11572                    3824117.9984 1946843.47  49.1%   137 2481s
 17620 13235 1946843.47   55 1571 3824118.00 1946843.47  49.1%   137 2557s
H17645 13235                    3824099.8962 1946843.47  49.1%   137 2557s
H17813 13235                    3823929.7974 1946843.47  49.1%   137 2557s
H17897 13235                    3823912.6042 1946843.47  49.1%   136 2557s
 20372 13780 1946843.47   52 1561 3823912.60 1946843.47  49.1%   133 2619s
 21235 15587 1946843.47   55 1550 3823912.60 1946843.47  49.1%   132 2688s
H24423 16004                    3749442.6903 1946843.47  48.1%   129 2745s
 25068 17359 1948486.36   64 1557 3749442.69 1946843.47  48.1%   128 2807s
H25185 17359                    3747653.8535 1946843.47  48.1%   128 2807s
H25779 17359                    3747629.9570 1946843.47  48.1%   128 2807s
H26580 17359                    3747585.5045 1946843.47  48.1%   128 2807s
H27500 17986                    3747584.9469 1946843.47  48.1%   128 2867s
H28209 17986                    3747554.4276 1946843.47  48.1%   128 2867s
 28521 19554 1946843.47   65 1443 3747554.43 1946843.47  48.1%   128 2926s
 31239 21083 1946843.47   55 1565 3747554.43 1946843.47  48.1%   128 3007s
H34264 21433                    3747552.7326 1946843.47  48.1%   128 3047s
H34412 21433                    3747512.9378 1946843.47  48.0%   127 3047s
 34978 21976 1946843.47   62 1437 3747512.94 1946843.47  48.0%   128 3094s
H35942 21976                    3747503.5783 1946843.47  48.0%   128 3094s
 36045 22852 1946843.47   72 1454 3747503.58 1946843.47  48.0%   127 3149s
 37703 23004 1946952.21   71 1441 3747503.58 1946843.47  48.0%   127 3203s
H37718 23004                    3747502.7096 1946843.47  48.0%   127 3203s
 37948 24287 1946853.70   72 1435 3747502.71 1946843.47  48.0%   127 3265s
H38271 24287                    3747496.0751 1946843.47  48.0%   127 3265s
 40621 24476 1946843.47   68 1433 3747496.08 1946843.47  48.0%   127 3316s
 40902 25166 1946843.47   69 1444 3747496.08 1946843.47  48.0%   127 3376s
 42278 25196 1947582.32   72 1401 3747496.08 1946843.47  48.0%   126 3439s
 42310 25845 1947642.31   69 1440 3747496.08 1946843.47  48.0%   126 3499s
H42553 25845                    3747471.3039 1946843.47  48.0%   126 3499s
 43579 25845 1947490.39   73 1390 3747471.30 1946843.47  48.0%   126 3500s
 43669 26343 1947649.80   74 1469 3747471.30 1946843.47  48.0%   126 3559s
H43835 26343                    3747469.3335 1946843.47  48.0%   126 3559s
H43894 26343                    3747468.4647 1946843.47  48.0%   126 3559s
H44060 26343                    3747465.9502 1946843.47  48.0%   126 3559s
 44635 27607 1947239.22   65 1433 3747465.95 1946843.47  48.0%   126 3629s
 47520 28720 1947498.30   69 1450 3747465.95 1946843.47  48.0%   126 3696s
H47899 28720                    3747455.1129 1946843.47  48.0%   125 3696s
H50115 29026                    3747452.3822 1946843.47  48.0%   124 3764s
H50187 29026                    3747451.0567 1946843.47  48.0%   124 3764s
 50470 29026 1946843.47   69 1389 3747451.06 1946843.47  48.0%   124 3765s
 50726 30117 1946843.47   67 1367 3747451.06 1946843.47  48.0%   124 3836s
H50915 30117                    3747450.5788 1946843.47  48.0%   124 3836s
 53172 30783 1946843.47   55 1422 3747450.58 1946843.47  48.0%   123 3906s
 54655 31537 1946843.47   66 1430 3747450.58 1946843.47  48.0%   123 3985s
 56359 32621 1947061.20   72 1397 3747450.58 1946843.47  48.0%   122 4069s
 58739 33553 1946843.47   65 1375 3747450.58 1946843.47  48.0%   122 4152s
 60769 33554 1946843.47   87 34684 3747450.58 1946843.47  48.0%   122 4234s
 60771 33555 1946843.47   63 3300 3747450.58 1946843.47  48.0%   122 4303s
 60772 33556 1946843.47   70 1378 3747450.58 1946843.47  48.0%   122 4340s
 60773 33557 2752582.77   77 1663 3747450.58 1946843.47  48.0%   122 4358s
 60774 33557 2753667.43   64 1222 3747450.58 1946843.47  48.0%   122 4433s
 60775 33558 1946843.47   73 1223 3747450.58 1946843.47  48.0%   122 4496s
 60776 33559 1946850.02  114 1128 3747450.58 1946843.47  48.0%   122 4573s
 60777 33559 2753759.79   68 1110 3747450.58 1946843.47  48.0%   122 4637s
 60778 33560 2753805.43   68 1083 3747450.58 1946843.47  48.0%   122 4719s
 60779 33561 2753805.43   69 1075 3747450.58 1946843.47  48.0%   122 4782s
 60780 33561 1947265.33   72 1009 3747450.58 1946843.47  48.0%   122 4848s
 60781 33562 2754043.81   62 1022 3747450.58 1946843.47  48.0%   122 4942s
 60782 33563 1947318.35  108  995 3747450.58 1946843.47  48.0%   122 5014s
 60783 33563 2754810.02   76  995 3747450.58 1946843.47  48.0%   122 5106s
 60784 33564 1946843.47   80  665 3747450.58 1946843.47  48.0%   122 5188s
 60785 33565 2753770.34   64  663 3747450.58 1946843.47  48.0%   122 5273s
 60786 33565 2756737.25   93  550 3747450.58 1946843.47  48.0%   122 5350s
 60787 33566 2752717.78   80  682 3747450.58 1946843.47  48.0%   122 5447s
 60788 33567 2753638.00   69  514 3747450.58 1946843.47  48.0%   122 5536s
 60789 33567 1946843.47   61  642 3747450.58 1946843.47  48.0%   122 5622s
 60790 33568 2756761.08   68  414 3747450.58 1946843.47  48.0%   122 5707s
 60791 33569 1946843.47   67  494 3747450.58 1946843.47  48.0%   122 5797s
 60792 33569 2753489.79   71  380 3747450.58 1946843.47  48.0%   122 5871s
 60793 33570 2756713.20   81  471 3747450.58 1946843.47  48.0%   122 5966s
 60794 33571 1946843.47   56  394 3747450.58 1946843.47  48.0%   122 6061s
 60795 33571 1946843.49   69  479 3747450.58 1946843.47  48.0%   122 6144s
 60796 33572 1946845.19   41  382 3747450.58 1946843.47  48.0%   122 6228s
 60797 33573 2753780.00   66  456 3747450.58 1946843.47  48.0%   122 6310s
 60798 33573 2753445.95   77  387 3747450.58 1946843.47  48.0%   122 6404s
 60799 33574 1946849.65   63  380 3747450.58 1946843.47  48.0%   122 6465s
 60800 33575 2752628.40   76  380 3747450.58 1946843.47  48.0%   121 6633s
 60801 33577 1946843.47   26  970 3747450.58 1946843.47  48.0%   134 6655s
 60803 33580 1946843.47   27  995 3747450.58 1946843.47  48.0%   134 6661s
 60806 33584 1948695.71   28  894 3747450.58 1946843.47  48.0%   134 6667s
 60812 33593 1979026.30   29  984 3747450.58 1946843.47  48.0%   134 6673s
 60823 33605 1947189.71   30 1035 3747450.58 1946843.47  48.0%   134 6679s
 60845 33626 1946843.47   31  884 3747450.58 1946843.47  48.0%   135 6683s
 60877 33639 infeasible   32      3747450.58 1946843.47  48.0%   135 6692s
 60909 33655 1946843.47   33  851 3747450.58 1946843.47  48.0%   135 6705s
 60941 33672 1946935.63   34  847 3747450.58 1946843.47  48.0%   135 6717s
 60975 33688 1946843.47   35  836 3747450.58 1946843.47  48.0%   135 6728s
 61009 33706 1946860.41   36  835 3747450.58 1946843.47  48.0%   135 6738s
 61041 33724 1946843.47   37  836 3747450.58 1946843.47  48.0%   135 6749s
 61073 33742 1946844.83   38  835 3747450.58 1946843.47  48.0%   134 6759s
 61105 33757 1946843.47   39  836 3747450.58 1946843.47  48.0%   134 6779s
 61137 33775 1946843.47   40  836 3747450.58 1946843.47  48.0%   134 6803s
 61169 33795 1946843.74   41  835 3747450.58 1946843.47  48.0%   134 6837s
 61201 34186 1946843.47   42  836 3747450.58 1946843.47  48.0%   134 6879s
H61267 32484                    3747449.9339 1946843.47  48.0%   134 6879s
H61400 30845                    3747447.3768 1946843.47  48.0%   134 6879s
H61423 29321                    3747443.3455 1946843.47  48.0%   134 6879s
 61629 30784 1946862.46   45  877 3747443.35 1946843.47  48.0%   134 6976s
H62212 29151                    3747442.7007 1946843.47  48.0%   133 6976s
 63304 32393 1946843.47   58  836 3747442.70 1946843.47  48.0%   131 7075s
H66174 30068                    3747438.2495 1946843.47  48.0%   127 7075s
 67034 30790 1946843.63   66  875 3747438.25 1946843.47  48.0%   126 7144s
 68220 30778 1946843.47   82  853 3747438.25 1946843.47  48.0%   125 7219s
 68616 31581 1946843.47  137  827 3747438.25 1946843.47  48.0%   124 7296s
 70068 32513 1946843.47   86  865 3747438.25 1946843.47  48.0%   123 7374s
 71765 31948 1946843.47  149  922 3747438.25 1946843.47  48.0%   123 7375s
 72571 32543 1946843.47  139  944 3747438.25 1946843.47  48.0%   123 7450s
 73962 33493 1946843.47  137  838 3747438.25 1946843.47  48.0%   122 7530s
 76590 33378 1946843.47   88  873 3747438.25 1946843.47  48.0%   121 7600s
 77797 34185 1946843.47  165  852 3747438.25 1946843.47  48.0%   121 7673s
 80177 33424 1946860.83   92  888 3747438.25 1946843.47  48.0%   121 7748s
 80209 33720 1946843.47  118  837 3747438.25 1946843.47  48.0%   121 7812s
H80260 32404                    3747436.1262 1946843.47  48.0%   121 7812s
 80607 32327 1946843.47  105  851 3747436.13 1946843.47  48.0%   121 7887s
 80646 33586 1946843.47  178  805 3747436.13 1946843.47  48.0%   121 7965s
 83192 33646 1946843.47  169  826 3747436.13 1946843.47  48.0%   120 8031s
 84948 33580 1946843.47  117  837 3747436.13 1946843.47  48.0%   121 8102s
 85873 34373 1946843.47  196  852 3747436.13 1946843.47  48.0%   121 8174s
 87505 33829 1946843.47  130  871 3747436.13 1946843.47  48.0%   120 8175s
 88322 34921 1946843.47  135  838 3747436.13 1946843.47  48.0%   120 8246s
 91290 35191 1946843.47  118  773 3747436.13 1946843.47  48.0%   120 8340s
 94093 34322 1946843.47   92  843 3747436.13 1946843.47  48.0%   119 8392s
 94182 34947 1946843.47  115  794 3747436.13 1946843.47  48.0%   119 8458s
 95416 35821 1946843.47  110  916 3747436.13 1946843.47  48.0%   119 8526s
 98132 34947 1946843.47  113  847 3747436.13 1946843.47  48.0%   119 8582s
 98164 35531 1947550.74  188  808 3747436.13 1946843.47  48.0%   119 8645s
 99151 36103 1946920.57   88  713 3747436.13 1946843.47  48.0%   119 8703s
 100597 36814 1946843.47  157  819 3747436.13 1946843.47  48.0%   119 8766s
 103175 36746 1946843.47  119  778 3747436.13 1946843.47  48.0%   119 8822s
 104563 36518 1946850.97  111  747 3747436.13 1946843.47  48.0%   118 8883s
 104920 36982 1946843.47  167  802 3747436.13 1946843.47  48.0%   119 8956s
 106097 37734 1946843.47  160  704 3747436.13 1946843.47  48.0%   118 9025s
 108464 37405 1946843.47  188  705 3747436.13 1946843.47  48.0%   118 9102s
 109416 38416 1946843.47  119  710 3747436.13 1946843.47  48.0%   118 9183s
 112515 37412 1946843.47   95  737 3747436.13 1946843.47  48.0%   118 9258s
 112547 37865 1946843.47  176  809 3747436.13 1946843.47  48.0%   118 9333s
 113491 38726 1946952.19  110  703 3747436.13 1946843.47  48.0%   118 9416s
 116258 38370 1946843.47  162  720 3747436.13 1946843.47  48.0%   118 9494s
 117426 39284 1946843.47  109  704 3747436.13 1946843.47  48.0%   118 9585s
 120450 39765 1946843.47  103  731 3747436.13 1946843.47  48.0%   118 9703s
 124083 39243 1946843.47  116  745 3747436.13 1946843.47  48.0%   118 9785s
 125476 40243 1946843.47  104  740 3747436.13 1946843.47  48.0%   117 9883s
 128894 40052 1946880.23  169  743 3747436.13 1946843.47  48.0%   117 9978s
 130915 41012 1946843.47  100  681 3747436.13 1946843.47  48.0%   117 10078s
 134497 40913 1946843.47  129  746 3747436.13 1946843.47  48.0%   117 10180s
 136816 42260 1947105.37  115  768 3747436.13 1946843.47  48.0%   117 10284s
 140315 43475 1946843.47  107  743 3747436.13 1946843.47  48.0%   117 10394s
 143171 44884 1946843.47  126  777 3747436.13 1946843.47  48.0%   117 10525s
 146341 45937 1946843.47  131  751 3747436.13 1946843.47  48.0%   117 10639s
 148767 47501 1946843.47  157  719 3747436.13 1946843.47  48.0%   117 10755s
 152411 49013 1946843.47   86  709 3747436.13 1946843.47  48.0%   118 10897s
 155829 50648 1946843.47  170  753 3747436.13 1946843.47  48.0%   117 11034s
 156466 50648 1947230.62  108  747 3747436.13 1946843.47  48.0%   118 11035s
H157697 49312                    2760932.6222 1946843.47  29.5%   118 11035s
 159530 50096 1946843.47  116  753 2760932.62 1946843.47  29.5%   118 11153s
H159842 50096                    2760929.0167 1946843.47  29.5%   118 11153s
H159842 50096                    2760915.3145 1946843.47  29.5%   118 11153s
H159992 50092                    2760835.6417 1946843.47  29.5%   118 11153s
H160988 50092                    2760753.4363 1946843.47  29.5%   118 11153s
 161318 51687 1946843.47  203  749 2760753.44 1946843.47  29.5%   118 11248s
 165094 52493 1946843.47  105  666 2760753.44 1946843.47  29.5%   118 11366s
 166928 53975 1946843.47   98  717 2760753.44 1946843.47  29.5%   118 11477s
 170677 55104 1946843.47   92  717 2760753.44 1946843.47  29.5%   118 11595s
 173263 56674 1946843.47  113  762 2760753.44 1946843.47  29.5%   118 11699s
 175775 56674 1946861.26  132  822 2760753.44 1946843.47  29.5%   118 11700s
 177039 57684 1946843.47  131  781 2760753.44 1946843.47  29.5%   118 11811s
 179554 58417 1946862.09  110  662 2760753.44 1946843.47  29.5%   118 11924s
 181251 59568 1946843.47   93  758 2760753.44 1946843.47  29.5%   118 12058s
 184185 61058 1946843.47   97  747 2760753.44 1946843.47  29.5%   118 12169s
 187961 61952 1946843.47   95  709 2760753.44 1946843.47  29.5%   118 12257s
 189971 63287 1946844.54  131  741 2760753.44 1946843.47  29.5%   118 12362s
 193385 64144 1946843.47  130  765 2760753.44 1946843.47  29.5%   118 12464s
 195472 65625 1946843.47  136  695 2760753.44 1946843.47  29.5%   118 12562s
 199248 66196 1946893.76  167  707 2760753.44 1946843.47  29.5%   118 12638s

Cutting planes:
  Gomory: 12
  Lift-and-project: 40
  Cover: 118
  Implied bound: 2
  MIR: 38
  Mixing: 1
  Flow cover: 435
  GUB cover: 385
  Zero half: 222
  RLT: 8
  Relax-and-lift: 11

Explored 200590 nodes (24335388 simplex iterations) in 12639.74 seconds (10253.14 work units)
Thread count was 32 (of 64 available processors)

Solution count 10: 2.76075e+06 2.76084e+06 2.76092e+06 ... 3.74745e+06

Solve interrupted
Warning: max constraint violation (2.5349e-05) exceeds tolerance
Warning: max bound violation (2.5349e-05) exceeds tolerance
Best objective 2.760753436256e+06, best bound 1.946843465055e+06, gap 29.4814%
