
Gurobi 12.0.0 (win64) logging started Mon Sep  7 04:00:57 2026

Set parameter LogFile to value "C:\Users\TECNO-MASTER\Desktop\Elmo_infrastructure_sizing_NP-\output\DCH_septiembre\Bateria_482\Costo_variable\Ventana_restringida\Carga_on_board_variable_3estaciones_P640kW_Descomp/station_3_d121\gurobi.log"
Set parameter Threads to value 1
Set parameter Heuristics to value 0.5
Set parameter MIPFocus to value 3
Set parameter Presolve to value 2
Set parameter FlowCoverCuts to value 2
Set parameter TimeLimit to value 1200
Gurobi Optimizer version 12.0.0 build v12.0.0rc1 (win64 - Windows 11+.0 (26200.2))

CPU model: Intel(R) Core(TM) i9-14900K, instruction set [SSE2|AVX|AVX2]
Thread count: 24 physical cores, 32 logical processors, using up to 1 threads

Non-default parameters:
TimeLimit  1200
MIPGap  0.05
Heuristics  0.5
MIPFocus  3
FlowCoverCuts  2
Presolve  2
Threads  1

Optimize a model with 23314 rows, 37249 columns and 110330 nonzeros
Model fingerprint: 0xbca353c2
Variable types: 17323 continuous, 19926 integer (19925 binary)
Coefficient statistics:
  Matrix range     [1e-01, 6e+02]
  Objective range  [8e-03, 1e+02]
  Bounds range     [1e+00, 1e+00]
  RHS range        [1e+00, 1e+04]
Presolve removed 22249 rows and 28482 columns
Presolve time: 0.18s
Presolved: 1065 rows, 8767 columns, 26331 nonzeros
Variable types: 233 continuous, 8534 integer (8534 binary)
Root relaxation presolved: 1065 rows, 8767 columns, 26331 nonzeros


Use crossover to convert LP symmetric solution to basic solution...

Root relaxation: objective 1.767035e+05, 3113 iterations, 0.05 seconds (0.04 work units)

    Nodes    |    Current Node    |     Objective Bounds      |     Work
 Expl Unexpl |  Obj  Depth IntInf | Incumbent    BestBd   Gap | It/Node Time

     0     0 176703.539    0   45          - 176703.539      -     -    0s
H    0     0                    190103.50023 176703.539  7.05%     -    0s
H    0     0                    190098.47541 176703.539  7.05%     -    0s
H    0     0                    190017.63952 176703.539  7.01%     -    0s
H    0     0                    189948.76007 176703.539  6.97%     -    0s
H    0     0                    189902.31073 176703.539  6.95%     -    0s
H    0     0                    185998.07608 176703.539  5.00%     -    0s

Explored 1 nodes (5022 simplex iterations) in 0.86 seconds (0.58 work units)
Thread count was 1 (of 32 available processors)

Solution count 6: 185998 189902 189949 ... 190104

Optimal solution found (tolerance 5.00e-02)
Best objective 1.859980760838e+05, best bound 1.767035386698e+05, gap 4.9971%
