
Gurobi 12.0.3 (win64) logging started Tue Jun 30 15:30:12 2026

Set parameter LogFile to value "output/DCH_taller_julio/Costo_variable/Carga_on_board_1000kW_Descomp/station_3_d152\gurobi.log"
Set parameter Threads to value 5
Set parameter Heuristics to value 0.5
Set parameter MIPFocus to value 3
Set parameter Presolve to value 2
Set parameter FlowCoverCuts to value 2
Set parameter TimeLimit to value 172800
Gurobi Optimizer version 12.0.3 build v12.0.3rc0 (win64 - Windows 11+.0 (26200.2))

CPU model: Intel(R) Core(TM) i9-14900K, instruction set [SSE2|AVX|AVX2]
Thread count: 24 physical cores, 32 logical processors, using up to 5 threads

Non-default parameters:
TimeLimit  172800
MIPGap  0.01
Heuristics  0.5
MIPFocus  3
FlowCoverCuts  2
Presolve  2
Threads  5

Optimize a model with 22793 rows, 35809 columns and 109900 nonzeros
Model fingerprint: 0x339ab530
Variable types: 17323 continuous, 18486 integer (18485 binary)
Coefficient statistics:
  Matrix range     [1e-01, 1e+03]
  Objective range  [1e-02, 1e+02]
  Bounds range     [1e+00, 1e+00]
  RHS range        [1e+00, 1e+04]
Presolve removed 20397 rows and 25838 columns
Presolve time: 0.11s
Presolved: 2396 rows, 9971 columns, 30232 nonzeros
Variable types: 821 continuous, 9150 integer (9150 binary)
Root relaxation presolved: 2396 rows, 9971 columns, 30232 nonzeros


Root relaxation: objective 2.138032e+05, 3399 iterations, 0.10 seconds (0.16 work units)

    Nodes    |    Current Node    |     Objective Bounds      |     Work
 Expl Unexpl |  Obj  Depth IntInf | Incumbent    BestBd   Gap | It/Node Time

     0     0 213803.194    0  220          - 213803.194      -     -    0s
H    0     0                    401655.94431 213803.194  46.8%     -    0s
H    0     0                    255450.51114 213997.734  16.2%     -    0s
H    0     0                    255313.93926 213997.734  16.2%     -    0s
H    0     0                    254710.02462 213997.734  16.0%     -    0s
H    0     0                    228331.01416 213997.734  6.28%     -    0s
H    0     0                    228314.62204 213997.734  6.27%     -    0s
H    0     0                    228298.83235 213997.734  6.26%     -    0s
H    0     0                    227965.55812 213997.734  6.13%     -    0s
     0     0 214068.741    0  215 227965.558 214068.741  6.10%     -    1s
H    0     0                    227610.84695 214068.741  5.95%     -    1s
H    0     0                    224423.91356 214068.741  4.61%     -    1s
H    0     0                    224095.21138 214068.741  4.47%     -    1s
H    0     0                    219200.43298 214068.741  2.34%     -    1s
     0     0 214068.741    0  209 219200.433 214068.741  2.34%     -    1s
H    0     0                    216229.73118 214068.741  1.00%     -    1s
     0     0 214068.741    0  208 216229.731 214068.741  1.00%     -    1s

Cutting planes:
  Gomory: 10
  Lift-and-project: 6
  Cover: 5
  Implied bound: 6
  Clique: 1
  MIR: 1
  Flow cover: 4
  RLT: 3
  Relax-and-lift: 5
  BQP: 4
  PSD: 1

Explored 1 nodes (9048 simplex iterations) in 1.60 seconds (1.92 work units)
Thread count was 5 (of 32 available processors)

Solution count 10: 216230 219200 224095 ... 254710

Optimal solution found (tolerance 1.00e-02)
Best objective 2.162297311793e+05, best bound 2.140687412285e+05, gap 0.9994%
