
Gurobi 12.0.3 (win64) logging started Mon Sep  7 19:26:38 2026

Set parameter LogFile to value "C:\Users\TECNO-MASTER\Desktop\Elmo_infrastructure_sizing_NP-\output\DCH_septiembre\Bateria_353\Costo_variable\Carga_libre\Carga_on_board_variable_3estaciones_P320kW_Descomp/station_2_d244_stage1\gurobi.log"
Set parameter Threads to value 1
Set parameter Heuristics to value 0.5
Set parameter MIPFocus to value 3
Set parameter Presolve to value 2
Set parameter FlowCoverCuts to value 2
Set parameter TimeLimit to value 1200
Gurobi Optimizer version 12.0.3 build v12.0.3rc0 (win64 - Windows 11+.0 (26200.2))

CPU model: Intel(R) Core(TM) i9-14900K, instruction set [SSE2|AVX|AVX2]
Thread count: 24 physical cores, 32 logical processors, using up to 1 threads

Non-default parameters:
TimeLimit  1200
MIPGap  0.05
Heuristics  0.5
MIPFocus  3
FlowCoverCuts  2
Presolve  2
Threads  1

Optimize a model with 23772 rows, 39247 columns and 116710 nonzeros
Model fingerprint: 0xf5203d3e
Variable types: 18325 continuous, 20922 integer (20921 binary)
Coefficient statistics:
  Matrix range     [1e-01, 3e+02]
  Objective range  [8e-03, 8e+04]
  Bounds range     [1e+00, 1e+00]
  RHS range        [1e+00, 1e+04]
Presolve removed 20947 rows and 28432 columns
Presolve time: 0.26s
Presolved: 2825 rows, 10815 columns, 33077 nonzeros
Variable types: 841 continuous, 9974 integer (9973 binary)
Root relaxation presolved: 2825 rows, 10815 columns, 33077 nonzeros


Root relaxation: objective 7.639662e+04, 5194 iterations, 0.53 seconds (0.71 work units)

    Nodes    |    Current Node    |     Objective Bounds      |     Work
 Expl Unexpl |  Obj  Depth IntInf | Incumbent    BestBd   Gap | It/Node Time

     0     0 76396.6206    0  426          - 76396.6206      -     -    2s
     0     0 96873.5453    0  443          - 96873.5453      -     -    4s
     0     0 100299.792    0  474          - 100299.792      -     -    6s
     0     0 106496.208    0  260          - 106496.208      -     -    8s
     0     0 106496.208    0  242          - 106496.208      -     -    9s
     0     0 106496.208    0  294          - 106496.208      -     -    9s
     0     0 106496.208    0  249          - 106496.208      -     -    9s
     0     0 106496.208    0  305          - 106496.208      -     -    9s
     0     0 106496.208    0  216          - 106496.208      -     -   10s
H    0     0                    128945.04587 106496.208  17.4%     -   10s
H    0     0                    117697.19798 106496.208  9.52%     -   10s
H    0     0                    117315.83127 106496.208  9.22%     -   10s
H    0     0                    117283.43278 106496.208  9.20%     -   10s
     0     0 106496.208    0  231 117283.433 106496.208  9.20%     -   10s
     0     0          -    0      117283.433 116089.124  1.02%     -   11s

Cutting planes:
  Gomory: 4
  Cover: 2
  Implied bound: 1
  Flow cover: 4
  Zero half: 23
  Relax-and-lift: 4

Explored 1 nodes (49536 simplex iterations) in 11.09 seconds (14.28 work units)
Thread count was 1 (of 32 available processors)

Solution count 4: 117283 117316 117697 128945 

Optimal solution found (tolerance 5.00e-02)
Best objective 1.172834327771e+05, best bound 1.160891236309e+05, gap 1.0183%
