
Gurobi 12.0.3 (win64) logging started Tue Jun 30 15:30:11 2026

Set parameter LogFile to value "output/DCH_taller_julio/Costo_variable/Carga_on_board_1000kW_Descomp/station_3_d121\gurobi.log"
Set parameter Threads to value 5
Set parameter Heuristics to value 0.5
Set parameter MIPFocus to value 3
Set parameter Presolve to value 2
Set parameter FlowCoverCuts to value 2
Set parameter TimeLimit to value 172800
Gurobi Optimizer version 12.0.3 build v12.0.3rc0 (win64 - Windows 11+.0 (26200.2))

CPU model: Intel(R) Core(TM) i9-14900K, instruction set [SSE2|AVX|AVX2]
Thread count: 24 physical cores, 32 logical processors, using up to 5 threads

Non-default parameters:
TimeLimit  172800
MIPGap  0.01
Heuristics  0.5
MIPFocus  3
FlowCoverCuts  2
Presolve  2
Threads  5

Optimize a model with 22793 rows, 35809 columns and 109900 nonzeros
Model fingerprint: 0xaafb998f
Variable types: 17323 continuous, 18486 integer (18485 binary)
Coefficient statistics:
  Matrix range     [1e-01, 1e+03]
  Objective range  [8e-03, 1e+02]
  Bounds range     [1e+00, 1e+00]
  RHS range        [1e+00, 1e+04]
Presolve removed 20397 rows and 25838 columns
Presolve time: 0.11s
Presolved: 2396 rows, 9971 columns, 30232 nonzeros
Variable types: 821 continuous, 9150 integer (9150 binary)
Root relaxation presolved: 2396 rows, 9971 columns, 30232 nonzeros


Root relaxation: objective 2.130730e+05, 2781 iterations, 0.09 seconds (0.14 work units)

    Nodes    |    Current Node    |     Objective Bounds      |     Work
 Expl Unexpl |  Obj  Depth IntInf | Incumbent    BestBd   Gap | It/Node Time

     0     0 213073.006    0  228          - 213073.006      -     -    0s
H    0     0                    313599.45695 213073.006  32.1%     -    0s
H    0     0                    313586.16162 213073.006  32.1%     -    0s
H    0     0                    313508.53940 213073.006  32.0%     -    0s
H    0     0                    283439.17328 213073.006  24.8%     -    0s
H    0     0                    283159.81567 213073.006  24.8%     -    0s
H    0     0                    282805.88466 213073.006  24.7%     -    0s
H    0     0                    266314.14702 213073.006  20.0%     -    0s
H    0     0                    259770.30323 213073.006  18.0%     -    0s
H    0     0                    257623.62553 213073.006  17.3%     -    0s
H    0     0                    257623.13370 213073.006  17.3%     -    0s
H    0     0                    257623.06872 213268.809  17.2%     -    1s
H    0     0                    255803.82956 213268.809  16.6%     -    1s
H    0     0                    255231.06247 213268.809  16.4%     -    1s
H    0     0                    255231.01951 213268.809  16.4%     -    1s
H    0     0                    250444.78801 213268.809  14.8%     -    1s
H    0     0                    233092.75509 213268.809  8.50%     -    1s
H    0     0                    232857.95625 213268.809  8.41%     -    1s
     0     0 213268.809    0  201 232857.956 213268.809  8.41%     -    1s
H    0     0                    232333.64491 213268.809  8.21%     -    1s
H    0     0                    230914.32873 213268.809  7.64%     -    1s
H    0     0                    228474.14462 213268.809  6.66%     -    1s
H    0     0                    226704.23919 213268.809  5.93%     -    1s
     0     0 213268.809    0  197 226704.239 213268.809  5.93%     -    1s
H    0     0                    217251.14470 213271.932  1.83%     -    2s
H    0     0                    216724.91774 213271.932  1.59%     -    2s
     0     0 213300.358    0  219 216724.918 213300.358  1.58%     -    2s
H    0     0                    216630.63397 213300.358  1.54%     -    2s
H    0     0                    214831.56853 213300.358  0.71%     -    2s

Cutting planes:
  Gomory: 11
  Lift-and-project: 7
  Cover: 9
  Implied bound: 3
  Projected implied bound: 3
  MIR: 10
  Mixing: 1
  Flow cover: 28
  Zero half: 6
  RLT: 5
  Relax-and-lift: 11
  PSD: 6

Explored 1 nodes (10467 simplex iterations) in 2.43 seconds (2.92 work units)
Thread count was 5 (of 32 available processors)

Solution count 10: 214832 216631 216725 ... 233093

Optimal solution found (tolerance 1.00e-02)
Best objective 2.148315685330e+05, best bound 2.133003575036e+05, gap 0.7127%
