
Gurobi 12.0.3 (win64) logging started Sun Aug 23 02:50:38 2026

Set parameter LogFile to value "C:\Users\TECNO-MASTER\Desktop\Elmo_infrastructure_sizing_NP-\output\DCH_agosto\Costo_variable\Carga_libre\Carga_on_board_variable_3estaciones_P320kW_Descomp/station_3_d152\gurobi.log"
Set parameter Threads to value 1
Set parameter Heuristics to value 0.5
Set parameter MIPFocus to value 3
Set parameter Presolve to value 2
Set parameter FlowCoverCuts to value 2
Set parameter TimeLimit to value 172800
Gurobi Optimizer version 12.0.3 build v12.0.3rc0 (win64 - Windows 11+.0 (26200.2))

CPU model: Intel(R) Core(TM) i9-14900K, instruction set [SSE2|AVX|AVX2]
Thread count: 24 physical cores, 32 logical processors, using up to 1 threads

Non-default parameters:
TimeLimit  172800
MIPGap  0.01
Heuristics  0.5
MIPFocus  3
FlowCoverCuts  2
Presolve  2
Threads  1

Optimize a model with 22770 rows, 37249 columns and 109786 nonzeros
Model fingerprint: 0x2580d344
Variable types: 17323 continuous, 19926 integer (19925 binary)
Coefficient statistics:
  Matrix range     [1e-01, 3e+02]
  Objective range  [1e-02, 1e+02]
  Bounds range     [1e+00, 3e+00]
  RHS range        [1e+00, 1e+04]
Presolve removed 20416 rows and 26957 columns
Presolve time: 0.19s
Presolved: 2354 rows, 10292 columns, 30726 nonzeros
Variable types: 841 continuous, 9451 integer (9360 binary)
Root relaxation presolved: 2354 rows, 10292 columns, 30726 nonzeros


Root relaxation: objective 1.258154e+05, 3390 iterations, 0.14 seconds (0.16 work units)

    Nodes    |    Current Node    |     Objective Bounds      |     Work
 Expl Unexpl |  Obj  Depth IntInf | Incumbent    BestBd   Gap | It/Node Time

     0     0 125815.359    0   60          - 125815.359      -     -    1s
H    0     0                    152172.27048 125815.359  17.3%     -    1s
H    0     0                    151849.46893 125815.359  17.1%     -    1s
H    0     0                    151457.01948 125815.359  16.9%     -    1s
H    0     0                    151455.11394 125815.359  16.9%     -    1s
H    0     0                    150847.92842 125815.359  16.6%     -    2s
H    0     0                    150844.55360 125815.359  16.6%     -    2s
H    0     0                    139069.24475 125815.359  9.53%     -    2s
H    0     0                    135299.79018 125815.359  7.01%     -    2s
H    0     0                    135233.60285 125815.359  6.96%     -    2s
H    0     0                    135075.95968 125815.359  6.86%     -    2s
     0     0 125815.362    0   64 135075.960 125815.362  6.86%     -    3s
H    0     0                    134573.99217 125815.362  6.51%     -    3s
H    0     0                    134405.19933 125815.362  6.39%     -    3s
H    0     0                    133237.76084 125815.362  5.57%     -    3s
H    0     0                    131219.71971 125815.362  4.12%     -    3s
H    0     0                    131208.51003 125815.362  4.11%     -    3s
     0     0 125816.305    0   58 131208.510 125816.305  4.11%     -    3s
     0     0 125816.305    0   58 131208.510 125816.305  4.11%     -    3s
     0     0 125816.305    0   61 131208.510 125816.305  4.11%     -    4s
H    0     0                    125906.56957 125816.305  0.07%     -    4s

Cutting planes:
  Gomory: 5
  MIR: 1
  StrongCG: 1

Explored 1 nodes (9087 simplex iterations) in 4.57 seconds (1.92 work units)
Thread count was 1 (of 32 available processors)

Solution count 10: 125907 131209 131220 ... 139069

Optimal solution found (tolerance 1.00e-02)
Best objective 1.259065695682e+05, best bound 1.258163052102e+05, gap 0.0717%
