
Gurobi 12.0.3 (win64) logging started Sun Aug 23 02:53:47 2026

Set parameter LogFile to value "C:\Users\TECNO-MASTER\Desktop\Elmo_infrastructure_sizing_NP-\output\DCH_agosto\Costo_variable\Carga_libre\Carga_on_board_variable_3estaciones_P640kW_Descomp/station_3_d121_stage1\gurobi.log"
Set parameter Threads to value 1
Set parameter Heuristics to value 0.5
Set parameter MIPFocus to value 3
Set parameter Presolve to value 2
Set parameter FlowCoverCuts to value 2
Set parameter TimeLimit to value 172800
Gurobi Optimizer version 12.0.3 build v12.0.3rc0 (win64 - Windows 11+.0 (26200.2))

CPU model: Intel(R) Core(TM) i9-14900K, instruction set [SSE2|AVX|AVX2]
Thread count: 24 physical cores, 32 logical processors, using up to 1 threads

Non-default parameters:
TimeLimit  172800
MIPGap  0.01
Heuristics  0.5
MIPFocus  3
FlowCoverCuts  2
Presolve  2
Threads  1

Optimize a model with 22770 rows, 37249 columns and 110688 nonzeros
Model fingerprint: 0x1bf04e16
Variable types: 17323 continuous, 19926 integer (19925 binary)
Coefficient statistics:
  Matrix range     [1e-01, 6e+02]
  Objective range  [8e-03, 1e+05]
  Bounds range     [1e+00, 3e+00]
  RHS range        [1e+00, 1e+04]
Presolve removed 19880 rows and 26955 columns
Presolve time: 0.75s
Presolved: 2890 rows, 10294 columns, 32192 nonzeros
Variable types: 841 continuous, 9453 integer (9361 binary)
Root relaxation presolved: 2890 rows, 10294 columns, 32192 nonzeros


Root relaxation: objective 5.371803e+04, 4809 iterations, 1.20 seconds (0.68 work units)

    Nodes    |    Current Node    |     Objective Bounds      |     Work
 Expl Unexpl |  Obj  Depth IntInf | Incumbent    BestBd   Gap | It/Node Time

     0     0 53718.0251    0  411          - 53718.0251      -     -    3s
     0     0 99857.2914    0  493          - 99857.2914      -     -    8s
     0     0 111934.919    0  514          - 111934.919      -     -    8s
     0     0 111934.919    0  515          - 111934.919      -     -    8s
     0     0 164047.541    0  169          - 164047.541      -     -   13s
H    0     0                    357128.05914 164047.541  54.1%     -   13s
H    0     0                    218867.26094 164047.541  25.0%     -   13s
H    0     0                    191657.91179 164047.541  14.4%     -   13s
H    0     0                    186773.61391 164047.541  12.2%     -   13s
H    0     0                    181955.14328 164047.541  9.84%     -   13s
H    0     0                    172663.41025 164047.541  4.99%     -   13s
H    0     0                    172423.42515 164047.541  4.86%     -   13s
H    0     0                    172310.38947 164047.541  4.80%     -   13s
H    0     0                    171801.37250 164047.541  4.51%     -   13s
H    0     0                    170833.73069 164047.541  3.97%     -   13s
H    0     0                    170731.16400 164047.541  3.91%     -   13s
H    0     0                    170730.17534 164047.541  3.91%     -   13s
H    0     0                    169961.44304 164047.541  3.48%     -   13s
H    0     0                    169895.78278 164047.541  3.44%     -   13s
H    0     0                    169705.83740 164047.541  3.33%     -   13s
H    0     0                    169579.44066 164047.541  3.26%     -   13s
     0     0 164089.805    0  190 169579.441 164089.805  3.24%     -   15s
H    0     0                    168965.03463 164124.597  2.86%     -   15s
H    0     0                    168922.64645 164124.597  2.84%     -   15s
H    0     0                    167209.12601 164124.597  1.84%     -   15s
H    0     0                    166690.87624 164124.597  1.54%     -   15s
H    0     0                    166418.99662 164124.597  1.38%     -   15s
H    0     0                    165173.80176 164124.597  0.64%     -   15s

Cutting planes:
  Gomory: 14
  Lift-and-project: 1
  Cover: 6
  Implied bound: 12
  Clique: 1
  Flow cover: 6
  Zero half: 3
  Relax-and-lift: 11

Explored 1 nodes (53840 simplex iterations) in 15.52 seconds (12.71 work units)
Thread count was 1 (of 32 available processors)

Solution count 10: 165174 166419 166691 ... 169961

Optimal solution found (tolerance 1.00e-02)
Best objective 1.651738017574e+05, best bound 1.641245968489e+05, gap 0.6352%
