
Gurobi 10.0.0 (win64) logging started Sat Oct  3 18:39:55 2026

Set parameter LogFile to value "output/Resultados_finales_tesis/Mina_modelo/P_red_gen_bat_swap_libre_v5_estab/op_bound_gurobi.log"
Set parameter LogToConsole to value 0
Set parameter TimeLimit to value 5400
Gurobi Optimizer version 10.0.0 build v10.0.0rc2 (win64)

CPU model: Intel(R) Core(TM) i9-14900K, instruction set [SSE2|AVX|AVX2]
Thread count: 24 physical cores, 32 logical processors, using up to 32 threads

Optimize a model with 605862 rows, 654214 columns and 3069791 nonzeros
Model fingerprint: 0x0063c381
Variable types: 654123 continuous, 91 integer (10 binary)
Coefficient statistics:
  Matrix range     [1e-02, 1e+03]
  Objective range  [5e-01, 6e+05]
  Bounds range     [1e+00, 5e+02]
  RHS range        [1e+00, 6e+04]
Presolve removed 248895 rows and 294482 columns
Presolve time: 2.33s
Presolved: 356967 rows, 359732 columns, 1748222 nonzeros
Variable types: 359683 continuous, 49 integer (9 binary)
Deterministic concurrent LP optimizer: primal simplex, dual simplex, and barrier
Showing barrier log only...

Root barrier log...

Ordering time: 0.10s

Barrier statistics:
 Dense cols : 33
 AA' NZ     : 2.916e+06
 Factor NZ  : 1.119e+07 (roughly 400 MB of memory)
 Factor Ops : 1.488e+09 (less than 1 second per iteration)
 Threads    : 21

                  Objective                Residual
Iter       Primal          Dual         Primal    Dual     Compl     Time
   0   6.94452847e+09 -1.01786138e+13  3.87e+05 6.92e+03  4.40e+08     5s
   1   6.57312371e+09 -9.83407516e+12  3.50e+05 4.29e+05  3.86e+08     5s
   2   5.17023044e+09 -8.62623202e+12  2.41e+05 2.65e+04  2.55e+08     5s
   3   2.38440325e+09 -7.37451894e+12  1.01e+05 4.19e-05  1.09e+08     5s
   4   3.59664808e+08 -5.01544815e+12  1.35e+04 1.33e-05  1.73e+07     5s
   5   1.03079458e+08 -2.62393845e+12  2.76e+03 1.05e-05  4.61e+06     5s
   6   7.27804003e+07 -2.11040389e+12  1.41e+03 1.16e-05  3.02e+06     5s
   7   6.20628731e+07 -1.67875199e+12  9.57e+02 1.10e-05  2.23e+06     6s
   8   5.25297269e+07 -7.87790462e+11  5.70e+02 1.74e-05  1.05e+06     6s
   9   4.87039214e+07 -6.79394385e+11  4.44e+02 2.72e-05  8.76e+05     6s
  10   4.76092899e+07 -5.23255268e+11  4.11e+02 5.64e-05  6.94e+05     6s
  11   4.27025917e+07 -3.34645029e+11  2.88e+02 1.23e-04  4.41e+05     6s
  12   3.80202085e+07 -1.43271311e+11  1.94e+02 2.37e-04  2.04e+05     7s
  13   2.51265204e+07 -7.25004851e+10  2.71e+01 4.93e-04  7.75e+04     7s
  14   2.38277621e+07 -3.78861975e+10  1.43e+01 2.27e-04  3.91e+04     7s
  15   2.28100853e+07 -2.53034600e+10  5.84e+00 1.49e-04  2.53e+04     7s
  16   2.20714532e+07 -7.87973980e+09  2.45e+00 4.75e-05  7.79e+03     7s
  17   2.09643951e+07 -3.36958601e+09  8.98e-01 1.94e-05  3.32e+03     7s
  18   1.66708852e+07 -4.68892975e+08  2.17e-01 1.68e-06  4.74e+02     7s
  19   1.58808231e+07 -2.74983640e+08  1.56e-01 9.85e-07  2.84e+02     7s
  20   1.49197960e+07 -1.60209243e+08  1.19e-01 5.75e-07  1.71e+02     8s
  21   1.40464725e+07 -1.29123603e+08  9.89e-02 4.70e-07  1.40e+02     8s
  22   1.38235626e+07 -1.03078854e+08  9.50e-02 3.69e-07  1.14e+02     8s
  23   1.34715636e+07 -8.96636658e+07  8.98e-02 3.35e-07  1.01e+02     8s
  24   1.33374615e+07 -7.55428942e+07  8.76e-02 3.30e-07  8.67e+01     8s
  25   1.26884395e+07 -7.02139491e+07  8.10e-02 3.54e-07  8.09e+01     9s
  26   1.22182760e+07 -6.11034468e+07  7.44e-02 3.29e-07  7.15e+01     9s
  27   1.00345379e+07 -5.14803668e+07  4.29e-02 3.07e-07  6.00e+01     9s
  28   8.90127408e+06 -4.12370080e+07  3.25e-02 1.52e-07  4.89e+01     9s
  29   7.65197919e+06 -3.20492745e+07  2.27e-02 3.31e-07  3.87e+01     9s
  30   6.88570509e+06 -2.06385776e+07  1.99e-02 6.77e-07  2.68e+01    10s
  31   5.81661297e+06 -1.14261958e+07  1.49e-02 3.78e-07  1.68e+01    10s
  32   3.45270278e+06 -4.71518425e+06  6.97e-03 2.93e-06  7.97e+00    10s
  33   2.98700213e+06 -2.40401631e+06  5.56e-03 3.83e-06  5.26e+00    10s
  34   2.58252271e+06 -2.07222191e+06  4.31e-03 3.05e-06  4.54e+00    10s
  35   2.46586148e+06 -1.34776250e+06  3.81e-03 2.40e-06  3.72e+00    10s
  36   2.32651873e+06 -1.07708170e+06  3.24e-03 2.48e-06  3.32e+00    11s
  37   2.19969359e+06 -8.36730113e+04  2.67e-03 8.37e-07  2.23e+00    11s
  38   1.90888904e+06  5.72906139e+05  1.54e-03 4.91e-07  1.30e+00    11s
  39   1.83551351e+06  9.58266449e+05  1.28e-03 2.40e-06  8.56e-01    11s
  40   1.79401026e+06  1.16421525e+06  1.09e-03 6.95e-07  6.15e-01    11s
  41   1.71171068e+06  1.32451816e+06  7.42e-04 3.46e-07  3.78e-01    11s
  42   1.68449717e+06  1.41161377e+06  5.82e-04 1.67e-07  2.66e-01    12s
  43   1.67147287e+06  1.48856229e+06  4.82e-04 1.26e-07  1.79e-01    12s
  44   1.65877074e+06  1.53847794e+06  3.82e-04 8.19e-08  1.18e-01    12s
  45   1.64503622e+06  1.57151986e+06  2.72e-04 9.73e-08  7.19e-02    12s
  46   1.63797642e+06  1.58875346e+06  2.07e-04 7.39e-08  4.81e-02    12s
  47   1.62543938e+06  1.60471603e+06  9.13e-05 9.21e-07  2.03e-02    13s
  48   1.62342734e+06  1.61081301e+06  7.01e-05 5.25e-07  1.23e-02    13s
  49   1.62236951e+06  1.61486667e+06  5.78e-05 2.44e-07  7.35e-03    13s
  50   1.62109346e+06  1.61657276e+06  4.13e-05 1.46e-07  4.44e-03    13s
  51   1.61990333e+06  1.61719546e+06  2.65e-05 1.15e-07  2.66e-03    13s
  52   1.61940045e+06  1.61748229e+06  2.01e-05 8.44e-08  1.88e-03    13s
  53   1.61851828e+06  1.61781288e+06  8.06e-06 7.48e-08  6.93e-04    14s
  54   1.61805459e+06  1.61790705e+06  5.36e-06 1.51e-08  1.45e-04    14s
  55   1.61798052e+06  1.61791067e+06  1.89e-05 2.05e-08  6.84e-05    14s
  56   1.61792156e+06  1.61791638e+06  5.15e-07 1.54e-08  5.11e-06    15s
  57   1.61791765e+06  1.61791712e+06  1.31e-07 1.51e-08  5.28e-07    15s
  58   1.61791761e+06  1.61791712e+06  2.55e-06 2.53e-08  4.83e-07    15s
  59   1.61791751e+06  1.61791715e+06  1.92e-06 2.31e-08  3.48e-07    15s
  60   1.61791745e+06  1.61791716e+06  1.54e-06 2.83e-08  2.81e-07    16s
  61   1.61791744e+06  1.61791716e+06  1.61e-06 3.70e-08  2.79e-07    16s
  62   1.61791744e+06  1.61791716e+06  4.60e-06 4.90e-08  2.79e-07    16s
  63   1.61791744e+06  1.61791716e+06  4.62e-06 4.80e-08  2.79e-07    16s
  64   1.61791743e+06  1.61791714e+06  6.54e-06 4.48e-08  2.76e-07    17s
  65   1.61791736e+06  1.61791716e+06  4.68e-06 2.97e-08  1.96e-07    17s
  66   1.61791736e+06  1.61791716e+06  4.67e-06 3.65e-08  1.96e-07    17s
  67   1.61791736e+06  1.61791715e+06  4.12e-06 4.51e-08  1.97e-07    17s
  68   1.61791736e+06  1.61791715e+06  4.10e-06 4.84e-08  1.97e-07    18s
  69   1.61791736e+06  1.61791715e+06  4.01e-06 5.44e-08  1.96e-07    18s
  70   1.61791734e+06  1.61791715e+06  3.79e-06 5.17e-08  1.80e-07    18s
  71   1.61791734e+06  1.61791715e+06  3.77e-06 5.43e-08  1.80e-07    19s
  72   1.61791734e+06  1.61791715e+06  3.74e-06 6.06e-08  1.79e-07    19s
  73   1.61791733e+06  1.61791715e+06  3.62e-06 5.87e-08  1.72e-07    19s
  74   1.61791733e+06  1.61791716e+06  3.82e-06 6.31e-08  1.66e-07    19s
  75   1.61791733e+06  1.61791716e+06  3.75e-06 7.01e-08  1.63e-07    20s
  76   1.61791733e+06  1.61791716e+06  3.73e-06 7.12e-08  1.62e-07    20s
  77   1.61791733e+06  1.61791716e+06  5.27e-06 6.89e-08  1.61e-07    20s
  78   1.61791732e+06  1.61791716e+06  5.26e-06 7.82e-08  1.61e-07    20s
  79   1.61791732e+06  1.61791715e+06  5.16e-06 8.99e-08  1.60e-07    21s
  80   1.61791732e+06  1.61791715e+06  5.11e-06 9.45e-08  1.59e-07    21s
  81   1.61791732e+06  1.61791715e+06  9.13e-06 9.49e-08  1.59e-07    21s
  82   1.61791730e+06  1.61791714e+06  7.80e-06 8.13e-08  1.54e-07    21s
  83   1.61791730e+06  1.61791714e+06  7.72e-06 7.85e-08  1.52e-07    22s
  84   1.61791730e+06  1.61791715e+06  7.27e-06 7.78e-08  1.43e-07    22s
  85   1.61791729e+06  1.61791715e+06  6.95e-06 7.99e-08  1.37e-07    22s
  86   1.61791729e+06  1.61791715e+06  6.89e-06 7.02e-08  1.35e-07    22s
  87   1.61791726e+06  1.61791716e+06  4.85e-06 5.86e-08  9.63e-08    23s
  88   1.61791724e+06  1.61791717e+06  3.31e-06 4.31e-08  6.44e-08    23s
  89   1.61791724e+06  1.61791717e+06  3.27e-06 4.74e-08  6.17e-08    23s
  90   1.61791724e+06  1.61791717e+06  3.21e-06 5.17e-08  6.05e-08    23s
  91   1.61791723e+06  1.61791718e+06  2.64e-06 4.24e-08  4.84e-08    24s
  92   1.61791723e+06  1.61791718e+06  3.59e-06 4.83e-08  4.76e-08    24s
  93   1.61791723e+06  1.61791718e+06  3.58e-06 5.54e-08  4.75e-08    24s
  94   1.61791723e+06  1.61791718e+06  3.72e-06 5.82e-08  4.64e-08    24s

Barrier solved model in 94 iterations and 24.33 seconds (36.00 work units)
Optimal objective 1.61791723e+06


Root crossover log...

   38419 DPushes remaining with DInf 0.0000000e+00                25s
       0 DPushes remaining with DInf 0.0000000e+00                25s

  279365 PPushes remaining with PInf 3.0061332e-03                25s
  235683 PPushes remaining with PInf 1.8072357e-03                25s
   42406 PPushes remaining with PInf 1.2616816e-03                30s
    5070 PPushes remaining with PInf 0.0000000e+00                35s
       0 PPushes remaining with PInf 0.0000000e+00                38s

  Push phase complete: Pinf 0.0000000e+00, Dinf 3.3486294e+05     38s


Root simplex log...

Iteration    Objective       Primal Inf.    Dual Inf.      Time
  306215    1.6179172e+06   0.000000e+00   3.348629e+05     38s
  306220    1.6179172e+06   0.000000e+00   0.000000e+00     38s
Concurrent spin time: 3.82s (can be avoided by choosing Method=3)

Solved with barrier
  306220    1.6179172e+06   0.000000e+00   0.000000e+00     42s

Root relaxation: objective 1.617917e+06, 306220 iterations, 38.52 seconds (80.20 work units)

    Nodes    |    Current Node    |     Objective Bounds      |     Work
 Expl Unexpl |  Obj  Depth IntInf | Incumbent    BestBd   Gap | It/Node Time

     0     0 1617917.19    0   30          - 1617917.19      -     -   42s
     0     0 1737982.69    0   30          - 1737982.69      -     -  246s
     0     0 1743910.26    0   30          - 1743910.26      -     -  303s
H    0     0                    3.551004e+07 1743910.26  95.1%     -  304s
     0     0 1872483.70    0   30 3.5510e+07 1872483.70  94.7%     -  435s
     0     0 1872483.70    0   30 3.5510e+07 1872483.70  94.7%     -  476s
     0     0 1882208.76    0   29 3.5510e+07 1882208.76  94.7%     -  590s
     0     0 1882208.76    0   29 3.5510e+07 1882208.76  94.7%     -  619s
     0     0 1916884.01    0   22 3.5510e+07 1916884.01  94.6%     -  660s
H    0     0                    1.781140e+07 1916884.01  89.2%     -  675s
     0     0 1916884.01    0   22 1.7811e+07 1916884.01  89.2%     -  679s
H    0     0                    2006070.4465 1916884.01  4.45%     -  852s
     0     2 1997935.88    0    2 2006070.45 1997935.88  0.41%     -  898s
     1     0     cutoff    1      2006070.45 1998021.93  0.40% 105735  960s
*    2     0               1    1999043.5575 1999043.56  0.00% 59135  960s

Cutting planes:
  Gomory: 5
  MIR: 4

Explored 3 nodes (970266 simplex iterations) in 960.74 seconds (3665.41 work units)
Thread count was 32 (of 32 available processors)

Solution count 4: 1.99904e+06 2.00607e+06 1.78114e+07 3.551e+07 

Optimal solution found (tolerance 1.00e-04)
Warning: max constraint violation (1.8671e-06) exceeds tolerance
Warning: max bound violation (3.7384e-06) exceeds tolerance
Best objective 1.999043557472e+06, best bound 1.999043557472e+06, gap 0.0000%
