
Gurobi 12.0.0 (win64) logging started Mon Sep  7 03:56:27 2026

Set parameter LogFile to value "C:\Users\TECNO-MASTER\Desktop\Elmo_infrastructure_sizing_NP-\output\DCH_septiembre\Bateria_482\Costo_variable\Carga_libre\Carga_on_board_variable_3estaciones_P160kW_Descomp/station_2_d152_stage1\gurobi.log"
Set parameter Threads to value 1
Set parameter Heuristics to value 0.5
Set parameter MIPFocus to value 3
Set parameter Presolve to value 2
Set parameter FlowCoverCuts to value 2
Set parameter TimeLimit to value 1200
Gurobi Optimizer version 12.0.0 build v12.0.0rc1 (win64 - Windows 11+.0 (26200.2))

CPU model: Intel(R) Core(TM) i9-14900K, instruction set [SSE2|AVX|AVX2]
Thread count: 24 physical cores, 32 logical processors, using up to 1 threads

Non-default parameters:
TimeLimit  1200
MIPGap  0.05
Heuristics  0.5
MIPFocus  3
FlowCoverCuts  2
Presolve  2
Threads  1

Optimize a model with 23772 rows, 39247 columns and 116710 nonzeros
Model fingerprint: 0xa91e4a7f
Variable types: 18325 continuous, 20922 integer (20921 binary)
Coefficient statistics:
  Matrix range     [1e-01, 2e+02]
  Objective range  [1e-02, 6e+04]
  Bounds range     [1e+00, 1e+00]
  RHS range        [1e+00, 1e+04]
Presolve removed 20947 rows and 28432 columns
Presolve time: 0.25s
Presolved: 2825 rows, 10815 columns, 33077 nonzeros
Variable types: 841 continuous, 9974 integer (9973 binary)
Root relaxation presolved: 2825 rows, 10815 columns, 33077 nonzeros


Root relaxation: objective 1.422445e+05, 6155 iterations, 0.76 seconds (0.93 work units)

    Nodes    |    Current Node    |     Objective Bounds      |     Work
 Expl Unexpl |  Obj  Depth IntInf | Incumbent    BestBd   Gap | It/Node Time

     0     0 142244.518    0  475          - 142244.518      -     -    1s
     0     0 151238.801    0  426          - 151238.801      -     -    2s
     0     0 154601.817    0  256          - 154601.817      -     -    3s
     0     0 156198.421    0  214          - 156198.421      -     -    5s
     0     0 156198.421    0  217          - 156198.421      -     -    7s
     0     0 156198.421    0  219          - 156198.421      -     -    7s
     0     0 156198.421    0  218          - 156198.421      -     -    8s
     0     0 156198.421    0  218          - 156198.421      -     -    9s
H    0     0                    167970.34730 156198.421  7.01%     -    9s
H    0     0                    167759.60724 156198.421  6.89%     -    9s
H    0     0                    167712.77142 156198.421  6.87%     -    9s
H    0     0                    167550.66368 156198.421  6.78%     -    9s
     0     2 156413.589    0  218 167550.664 156413.589  6.65%     -    9s

Cutting planes:
  Gomory: 10
  Cover: 16
  Clique: 4
  Flow cover: 6
  Zero half: 84
  Relax-and-lift: 10

Explored 3 nodes (38664 simplex iterations) in 9.96 seconds (10.56 work units)
Thread count was 1 (of 32 available processors)

Solution count 4: 167551 167713 167760 167970 

Optimal solution found (tolerance 5.00e-02)
Best objective 1.675506636815e+05, best bound 1.635365890918e+05, gap 2.3957%
