
Gurobi 12.0.0 (win64) logging started Mon Sep  7 03:59:02 2026

Set parameter LogFile to value "C:\Users\TECNO-MASTER\Desktop\Elmo_infrastructure_sizing_NP-\output\DCH_septiembre\Bateria_482\Costo_variable\Carga_libre\Carga_on_board_variable_3estaciones_P320kW_Descomp/station_3_d213_stage1\gurobi.log"
Set parameter Threads to value 1
Set parameter Heuristics to value 0.5
Set parameter MIPFocus to value 3
Set parameter Presolve to value 2
Set parameter FlowCoverCuts to value 2
Set parameter TimeLimit to value 1200
Gurobi Optimizer version 12.0.0 build v12.0.0rc1 (win64 - Windows 11+.0 (26200.2))

CPU model: Intel(R) Core(TM) i9-14900K, instruction set [SSE2|AVX|AVX2]
Thread count: 24 physical cores, 32 logical processors, using up to 1 threads

Non-default parameters:
TimeLimit  1200
MIPGap  0.05
Heuristics  0.5
MIPFocus  3
FlowCoverCuts  2
Presolve  2
Threads  1

Optimize a model with 22770 rows, 37249 columns and 110688 nonzeros
Model fingerprint: 0x9c65e8d1
Variable types: 17323 continuous, 19926 integer (19925 binary)
Coefficient statistics:
  Matrix range     [1e-01, 3e+02]
  Objective range  [8e-03, 8e+04]
  Bounds range     [1e+00, 1e+00]
  RHS range        [1e+00, 1e+04]
Presolve removed 19951 rows and 26952 columns
Presolve time: 0.23s
Presolved: 2819 rows, 10297 columns, 31529 nonzeros
Variable types: 841 continuous, 9456 integer (9455 binary)
Root relaxation presolved: 2819 rows, 10297 columns, 31529 nonzeros


Root relaxation: objective 7.613928e+04, 4954 iterations, 0.43 seconds (0.53 work units)

    Nodes    |    Current Node    |     Objective Bounds      |     Work
 Expl Unexpl |  Obj  Depth IntInf | Incumbent    BestBd   Gap | It/Node Time

     0     0 76139.2824    0  412          - 76139.2824      -     -    1s
     0     0 97045.8158    0  407          - 97045.8158      -     -    3s
     0     0 97227.3117    0  450          - 97227.3117      -     -    6s
     0     0 97227.3117    0  442          - 97227.3117      -     -    8s
     0     0 97227.3117    0  460          - 97227.3117      -     -    8s
     0     0 97227.3117    0  459          - 97227.3117      -     -    9s
     0     0 97227.3117    0  422          - 97227.3117      -     -   10s
H    0     0                    221711.96048 97227.3117  56.1%     -   10s
H    0     0                    123972.49208 97227.3117  21.6%     -   11s
H    0     0                    118187.15179 97227.3117  17.7%     -   11s
H    0     0                    117916.65788 97227.3117  17.5%     -   11s
H    0     0                    117901.38093 97227.3117  17.5%     -   11s
H    0     0                    117829.52273 97227.3117  17.5%     -   11s
     0     2 97227.3117    0  422 117829.523 97227.3117  17.5%     -   11s

Cutting planes:
  Gomory: 6
  Cover: 1

Explored 3 nodes (51033 simplex iterations) in 11.51 seconds (13.70 work units)
Thread count was 1 (of 32 available processors)

Solution count 6: 117830 117901 117917 ... 221712

Optimal solution found (tolerance 5.00e-02)
Best objective 1.178295227322e+05, best bound 1.171507731193e+05, gap 0.5760%
