
Gurobi 12.0.3 (win64) logging started Mon Apr 13 18:15:02 2026

Set parameter LogFile to value "output\DCH_final\costo_variable\Carga_on_board_variable_3estaciones_P320kW\gurobi.log"
Set parameter Threads to value 24
Set parameter Heuristics to value 0.5
Set parameter MIPFocus to value 3
Set parameter Presolve to value 2
Set parameter FlowCoverCuts to value 2
Set parameter TimeLimit to value 172800
Gurobi Optimizer version 12.0.3 build v12.0.3rc0 (win64 - Windows 11+.0 (26200.2))

CPU model: Intel(R) Core(TM) i9-14900K, instruction set [SSE2|AVX|AVX2]
Thread count: 24 physical cores, 32 logical processors, using up to 24 threads

Non-default parameters:
TimeLimit  172800
MIPGap  0.01
Heuristics  0.5
MIPFocus  3
FlowCoverCuts  2
Presolve  2
Threads  24

Optimize a model with 274470 rows, 895254 columns and 2891817 nonzeros
Model fingerprint: 0xa3c1380e
Variable types: 114192 continuous, 781062 integer (781059 binary)
Coefficient statistics:
  Matrix range     [1e-01, 3e+02]
  Objective range  [3e-03, 3e+05]
  Bounds range     [1e+00, 1e+00]
  RHS range        [1e+00, 1e+18]
Warning: Model contains large rhs
         Consider reformulating model or setting NumericFocus parameter
         to avoid numerical issues.
Found heuristic solution: objective 9.880240e+10
Presolve removed 225222 rows and 547638 columns (presolve time = 13s)...
Presolve removed 225222 rows and 547638 columns
Presolve time: 13.40s
Presolved: 49248 rows, 347616 columns, 973152 nonzeros
Variable types: 46944 continuous, 300672 integer (300672 binary)
Root relaxation presolve removed 17280 rows and 17280 columns
Root relaxation presolved: 31968 rows, 330336 columns, 938592 nonzeros

Deterministic concurrent LP optimizer: primal simplex, dual simplex, and barrier
Showing barrier log only...

Root barrier log...

Ordering time: 0.09s

Barrier statistics:
 AA' NZ     : 6.201e+05
 Factor NZ  : 2.201e+06 (roughly 160 MB of memory)
 Factor Ops : 1.895e+08 (less than 1 second per iteration)
 Threads    : 22

                  Objective                Residual
Iter       Primal          Dual         Primal    Dual     Compl     Time
   0   1.51656387e+11 -1.39197490e+12  8.14e+02 4.27e+04  1.24e+07    14s
   1   4.02092824e+10 -4.14608938e+11  8.07e+01 2.33e-09  1.47e+06    14s
   2   2.19541948e+09 -1.15684737e+11  3.59e-01 1.63e-09  1.75e+05    15s
   3   2.28575444e+08 -3.06227289e+09  8.32e-13 1.66e-09  4.84e+03    15s
   4   4.45609770e+07 -4.70698788e+08  5.73e-13 1.40e-09  7.57e+02    15s
   5   9.23637568e+06 -7.43138161e+07  2.16e-12 1.08e-09  1.23e+02    15s
   6   6.98131358e+06 -3.83371119e+07  1.83e-12 1.05e-09  6.66e+01    15s
   7   6.70033303e+06 -2.03211421e+07  1.69e-12 8.81e-10  3.97e+01    15s
   8   4.30180350e+06 -5.57376946e+06  1.36e-12 1.07e-09  1.45e+01    15s
   9   3.85526932e+06 -2.38261706e+06  1.36e-12 9.52e-10  9.17e+00    15s
  10   3.13201668e+06 -9.39809938e+05  1.44e-12 9.24e-10  5.99e+00    15s
  11   2.06901183e+06 -3.02368127e+05  1.71e-12 1.02e-09  3.49e+00    15s
  12   1.70599303e+06  1.57888408e+05  1.47e-12 9.05e-10  2.28e+00    15s
  13   1.59275707e+06  2.55519516e+05  1.34e-12 9.16e-10  1.97e+00    15s
  14   1.52098333e+06  4.75556458e+05  1.30e-12 1.04e-09  1.54e+00    15s
  15   1.44036385e+06  5.12020320e+05  1.31e-12 1.12e-09  1.36e+00    15s
  16   1.38878117e+06  6.70913116e+05  1.14e-12 9.57e-10  1.06e+00    15s
  17   1.31020150e+06  7.62165809e+05  1.15e-12 9.62e-10  8.06e-01    15s
  18   1.26231817e+06  8.61302270e+05  2.21e-12 7.92e-10  5.90e-01    15s
  19   1.20243891e+06  9.41435121e+05  1.80e-12 9.23e-10  3.84e-01    15s
  20   1.16325649e+06  9.77710686e+05  2.88e-12 8.38e-10  2.73e-01    15s
  21   1.13784820e+06  1.00429530e+06  2.18e-12 7.27e-10  1.96e-01    15s
  22   1.11541370e+06  1.02345932e+06  2.24e-12 8.01e-10  1.35e-01    16s
  23   1.09936245e+06  1.03874339e+06  3.25e-12 8.09e-10  8.91e-02    16s
  24   1.08871802e+06  1.04907693e+06  1.14e-11 8.81e-10  5.83e-02    16s
  25   1.08268464e+06  1.05026099e+06  9.30e-12 9.23e-10  4.77e-02    16s
  26   1.07749173e+06  1.05293761e+06  2.06e-11 9.43e-10  3.61e-02    16s
  27   1.07524993e+06  1.05332117e+06  3.43e-11 8.67e-10  3.22e-02    16s
  28   1.07291627e+06  1.05414601e+06  2.95e-11 9.91e-10  2.76e-02    16s
  29   1.06688413e+06  1.05545266e+06  4.42e-11 9.55e-10  1.68e-02    16s
  30   1.06335980e+06  1.05657849e+06  5.00e-11 9.86e-10  9.97e-03    16s
  31   1.06060206e+06  1.05701565e+06  5.14e-11 9.72e-10  5.27e-03    16s
  32   1.05881699e+06  1.05708054e+06  2.45e-11 8.02e-10  2.55e-03    16s
  33   1.05817275e+06  1.05716839e+06  2.91e-11 1.07e-09  1.48e-03    16s
  34   1.05786468e+06  1.05720785e+06  2.14e-11 8.30e-10  9.66e-04    16s
  35   1.05757225e+06  1.05724621e+06  2.95e-11 1.05e-09  4.79e-04    16s
  36   1.05742041e+06  1.05725635e+06  3.11e-10 9.77e-10  2.41e-04    16s
  37   1.05732956e+06  1.05726082e+06  2.87e-10 1.08e-09  1.01e-04    16s
  38   1.05729258e+06  1.05726322e+06  2.87e-10 8.84e-10  4.32e-05    16s
  39   1.05727597e+06  1.05726500e+06  4.27e-10 1.05e-09  1.61e-05    16s
  40   1.05726820e+06  1.05726542e+06  2.67e-10 1.05e-09  4.07e-06    16s
  41   1.05726626e+06  1.05726561e+06  3.03e-10 9.18e-10  9.62e-07    16s
  42   1.05726581e+06  1.05726567e+06  2.24e-10 1.10e-09  1.96e-07    16s
  43   1.05726570e+06  1.05726568e+06  2.85e-10 1.27e-09  3.11e-08    16s
  44   1.05726568e+06  1.05726568e+06  2.32e-10 9.32e-10  1.10e-10    16s

Barrier solved model in 44 iterations and 16.44 seconds (17.96 work units)
Optimal objective 1.05726568e+06


Root crossover log...

    5497 DPushes remaining with DInf 0.0000000e+00                17s
       0 DPushes remaining with DInf 0.0000000e+00                17s

  114225 PPushes remaining with PInf 7.5331613e-05                17s
       0 PPushes remaining with PInf 0.0000000e+00                18s

  Push phase complete: Pinf 0.0000000e+00, Dinf 7.9166673e-12     18s


Root simplex log...

Iteration    Objective       Primal Inf.    Dual Inf.      Time
  119449    1.0572657e+06   0.000000e+00   0.000000e+00     18s
Concurrent spin time: 0.31s

Solved with barrier
  126394    1.0572657e+06   0.000000e+00   0.000000e+00     18s
Extra simplex iterations after uncrush: 6945

Root relaxation: objective 1.057266e+06, 126394 iterations, 4.49 seconds (5.30 work units)
Total elapsed time = 21.56s (DegenMoves)

    Nodes    |    Current Node    |     Objective Bounds      |     Work
 Expl Unexpl |  Obj  Depth IntInf | Incumbent    BestBd   Gap | It/Node Time

     0     0 1057265.68    0 5929 9.8802e+10 1057265.68   100%     -   25s
H    0     0                    1.351168e+08 1057265.68  99.2%     -   25s
H    0     0                    2.557062e+07 1057265.68  95.9%     -   26s
H    0     0                    2.556920e+07 1057265.68  95.9%     -   26s
     0     0 1057381.03    0 5929 2.5569e+07 1057381.03  95.9%     -   36s
H    0     0                    2.357981e+07 1057381.03  95.5%     -   37s
H    0     0                    1.562311e+07 1057381.03  93.2%     -   37s
H    0     0                    1.541944e+07 1057381.03  93.1%     -   37s
H    0     0                    1.541944e+07 1057381.03  93.1%     -   37s
H    0     0                    1.539036e+07 1057381.03  93.1%     -   37s
     0     0 1057485.49    0 6725 1.5390e+07 1057485.49  93.1%     -   38s
     0     0 1067495.88    0 7073 1.5390e+07 1067495.88  93.1%     -   39s
     0     0 1093015.49    0 7345 1.5390e+07 1093015.49  92.9%     -   40s
     0     0 1122854.43    0 6924 1.5390e+07 1122854.43  92.7%     -   41s
     0     0 1153548.92    0 6624 1.5390e+07 1153548.92  92.5%     -   42s
     0     0 1184488.19    0 6145 1.5390e+07 1184488.19  92.3%     -   43s
     0     0 1218527.33    0 5894 1.5390e+07 1218527.33  92.1%     -   43s
     0     0 1254247.13    0 5196 1.5390e+07 1254247.13  91.9%     -   44s
     0     0 1289006.88    0 4897 1.5390e+07 1289006.88  91.6%     -   44s
     0     0 1318704.82    0 4555 1.5390e+07 1318704.82  91.4%     -   45s
     0     0 1347338.97    0 4147 1.5390e+07 1347338.97  91.2%     -   46s
     0     0 1377445.78    0 3769 1.5390e+07 1377445.78  91.0%     -   46s
     0     0 1377451.60    0 3749 1.5390e+07 1377451.60  91.0%     -   47s
     0     0 1377451.60    0 3750 1.5390e+07 1377451.60  91.0%     -   47s
     0     0 1378252.74    0 1973 1.5390e+07 1378252.74  91.0%     -   62s
H    0     0                    8322139.8397 1378252.74  83.4%     -   63s
H    0     0                    5994703.0655 1378252.74  77.0%     -   64s
H    0     0                    5781630.6626 1378252.74  76.2%     -   64s
H    0     0                    5781624.9901 1378252.74  76.2%     -   64s
     0     0 1378572.83    0 2279 5781624.99 1378572.83  76.2%     -   64s
     0     0 1378816.18    0 2335 5781624.99 1378816.18  76.2%     -   65s
     0     0 1378816.65    0 2362 5781624.99 1378816.65  76.2%     -   65s
     0     0 1379418.86    0 1869 5781624.99 1379418.86  76.1%     -   79s
     0     0 1379418.86    0 1841 5781624.99 1379418.86  76.1%     -   86s
H    0     0                    4149005.7114 1379418.86  66.8%     -   88s
H    0     0                    4119953.0357 1379418.86  66.5%     -   88s
H    0     0                    4119952.8931 1379418.86  66.5%     -   88s
H    0     0                    4119949.9184 1379418.86  66.5%     -   88s
H    0     0                    4119871.9343 1379418.86  66.5%     -   88s
H    0     0                    1882474.5892 1379418.86  26.7%     -  113s
H    0     0                    1799116.8181 1379418.86  23.3%     -  113s
H    0     0                    1678107.6898 1379418.86  17.8%     -  113s
H    0     0                    1657491.4776 1379418.86  16.8%     -  114s
H    0     0                    1565640.5701 1379418.86  11.9%     -  114s
H    0     0                    1532023.8574 1379418.86  10.0%     -  115s
H    0     0                    1502918.4811 1379418.86  8.22%     -  115s
H    0     0                    1502852.5687 1379418.86  8.21%     -  115s
H    0     0                    1444540.3240 1379418.86  4.51%     -  115s
H    0     0                    1444463.8566 1379418.86  4.50%     -  115s
H    0     0                    1415396.5878 1379418.86  2.54%     -  115s
H    0     0                    1415385.3549 1379418.86  2.54%     -  115s
H    0     0                    1415366.6896 1379418.86  2.54%     -  115s
H    0     0                    1415296.8138 1379418.86  2.54%     -  115s
H    0     0                    1415286.8006 1379418.86  2.53%     -  115s
H    0     0                    1415284.9563 1379418.86  2.53%     -  115s
H    0     0                    1415282.1087 1379418.86  2.53%     -  115s
H    0     0                    1415280.3396 1379418.86  2.53%     -  115s
H    0     0                    1415223.9103 1379418.86  2.53%     -  119s
H    0     0                    1415177.6771 1379418.86  2.53%     -  122s
H    0     0                    1415150.0661 1379418.86  2.52%     -  124s
H    0     0                    1415116.9887 1379418.86  2.52%     -  126s
H    0     0                    1415024.4222 1379418.86  2.52%     -  129s
H    0     0                    1415019.6177 1379418.86  2.52%     -  131s
H    0     0                    1414949.7964 1379418.86  2.51%     -  133s
H    0     0                    1414918.0233 1379418.86  2.51%     -  138s
H    0     0                    1414786.0457 1379418.86  2.50%     -  141s
H    0     0                    1414760.6772 1379418.86  2.50%     -  144s
H    0     0                    1414735.6280 1379418.86  2.50%     -  146s
H    0     0                    1414616.4979 1379418.86  2.49%     -  148s
H    0     0                    1385454.8537 1379418.86  0.44%     -  152s

Cutting planes:
  Gomory: 166
  Lift-and-project: 71
  Implied bound: 75
  MIR: 47
  Mixing: 10
  Flow cover: 3707
  RLT: 40
  Relax-and-lift: 56

Explored 1 nodes (767539 simplex iterations) in 152.70 seconds (189.23 work units)
Thread count was 24 (of 32 available processors)

Solution count 10: 1.38545e+06 1.41462e+06 1.41474e+06 ... 1.41512e+06

Optimal solution found (tolerance 1.00e-02)
Best objective 1.385454853655e+06, best bound 1.379418863433e+06, gap 0.4357%
