
Gurobi 12.0.0 (win64) logging started Sun Aug 23 02:33:34 2026

Set parameter LogFile to value "C:\Users\TECNO-MASTER\Desktop\Elmo_infrastructure_sizing_NP-\output\DCH_agosto\Costo_variable\Ventana_restringida\Carga_on_board_variable_3estaciones_P320kW_Descomp/station_3_d91\gurobi.log"
Set parameter Threads to value 1
Set parameter Heuristics to value 0.5
Set parameter MIPFocus to value 3
Set parameter Presolve to value 2
Set parameter FlowCoverCuts to value 2
Set parameter TimeLimit to value 172800
Gurobi Optimizer version 12.0.0 build v12.0.0rc1 (win64 - Windows 11+.0 (26200.2))

CPU model: Intel(R) Core(TM) i9-14900K, instruction set [SSE2|AVX|AVX2]
Thread count: 24 physical cores, 32 logical processors, using up to 1 threads

Non-default parameters:
TimeLimit  172800
MIPGap  0.01
Heuristics  0.5
MIPFocus  3
FlowCoverCuts  2
Presolve  2
Threads  1

Optimize a model with 23314 rows, 37249 columns and 110330 nonzeros
Model fingerprint: 0x49af6593
Variable types: 17323 continuous, 19926 integer (19925 binary)
Coefficient statistics:
  Matrix range     [1e-01, 3e+02]
  Objective range  [1e-02, 1e+02]
  Bounds range     [1e+00, 3e+00]
  RHS range        [1e+00, 1e+04]
Presolve removed 22277 rows and 28485 columns
Presolve time: 0.17s
Presolved: 1037 rows, 8764 columns, 26355 nonzeros
Variable types: 233 continuous, 8531 integer (8440 binary)
Root relaxation presolved: 1037 rows, 8764 columns, 26355 nonzeros


Use crossover to convert LP symmetric solution to basic solution...

Root relaxation: objective 2.268769e+05, 3179 iterations, 0.05 seconds (0.04 work units)

    Nodes    |    Current Node    |     Objective Bounds      |     Work
 Expl Unexpl |  Obj  Depth IntInf | Incumbent    BestBd   Gap | It/Node Time

     0     0 226876.903    0   35          - 226876.903      -     -    0s
H    0     0                    248537.53886 226876.903  8.72%     -    0s
H    0     0                    242416.95068 226876.903  6.41%     -    0s
H    0     0                    230619.02568 226876.903  1.62%     -    0s
H    0     0                    230523.62832 226876.903  1.58%     -    0s
H    0     0                    230254.81809 226876.903  1.47%     -    0s
H    0     0                    229623.95234 226876.903  1.20%     -    0s
H    0     0                    229496.39332 226876.903  1.14%     -    0s
H    0     0                    229496.34334 226876.903  1.14%     -    0s
H    0     0                    229483.73308 226876.903  1.14%     -    0s
H    0     0                    229352.99597 226876.903  1.08%     -    0s
     0     0 226886.516    0   19 229352.996 226886.516  1.08%     -    0s
H    0     0                    228195.73028 226886.516  0.57%     -    0s

Cutting planes:
  Gomory: 8
  Lift-and-project: 1
  Cover: 2
  MIR: 9
  Mixing: 3
  StrongCG: 2
  Flow cover: 9
  Zero half: 7
  RLT: 1
  Relax-and-lift: 2
  PSD: 1

Explored 1 nodes (6718 simplex iterations) in 1.00 seconds (0.81 work units)
Thread count was 1 (of 32 available processors)

Solution count 10: 228196 229353 229484 ... 242417

Optimal solution found (tolerance 1.00e-02)
Best objective 2.281957302783e+05, best bound 2.268865163150e+05, gap 0.5737%
