
Gurobi 12.0.3 (win64) logging started Tue Jul  7 17:46:37 2026

Set parameter LogFile to value "output/DCH_taller_julio/Costo_variable/Ventana_restringida/Carga_on_board_640kW_Descomp_ventana_carga/station_2_d121_stage1\gurobi.log"
Set parameter Threads to value 5
Set parameter Heuristics to value 0.5
Set parameter MIPFocus to value 3
Set parameter Presolve to value 2
Set parameter FlowCoverCuts to value 2
Set parameter TimeLimit to value 172800
Gurobi Optimizer version 12.0.3 build v12.0.3rc0 (win64 - Windows 11+.0 (26200.2))

CPU model: Intel(R) Core(TM) i9-14900K, instruction set [SSE2|AVX|AVX2]
Thread count: 24 physical cores, 32 logical processors, using up to 5 threads

Non-default parameters:
TimeLimit  172800
MIPGap  0.01
Heuristics  0.5
MIPFocus  3
FlowCoverCuts  2
Presolve  2
Threads  5

Optimize a model with 24331 rows, 37807 columns and 117368 nonzeros
Model fingerprint: 0x5e212eb8
Variable types: 18325 continuous, 19482 integer (19481 binary)
Coefficient statistics:
  Matrix range     [1e-01, 6e+02]
  Objective range  [8e-03, 1e+05]
  Bounds range     [1e+00, 1e+00]
  RHS range        [1e+00, 1e+04]
Presolve removed 23088 rows and 28784 columns
Presolve time: 0.33s
Presolved: 1243 rows, 9023 columns, 27354 nonzeros
Variable types: 245 continuous, 8778 integer (8777 binary)
Root relaxation presolved: 1243 rows, 9023 columns, 27354 nonzeros


Use crossover to convert LP symmetric solution to basic solution...

Root relaxation: objective 2.047779e+05, 3486 iterations, 0.13 seconds (0.07 work units)

    Nodes    |    Current Node    |     Objective Bounds      |     Work
 Expl Unexpl |  Obj  Depth IntInf | Incumbent    BestBd   Gap | It/Node Time

     0     0 204777.877    0  203          - 204777.877      -     -    1s
     0     0 223611.664    0  172          - 223611.664      -     -    1s
H    0     0                    478477.35025 223611.664  53.3%     -    1s
H    0     0                    333230.96266 227574.580  31.7%     -    2s
H    0     0                    332715.86392 227574.580  31.6%     -    2s
H    0     0                    323756.03683 227574.580  29.7%     -    2s
H    0     0                    323489.47173 227574.580  29.7%     -    2s
     0     0 227703.060    0  146 323489.472 227703.060  29.6%     -    2s
H    0     0                    244728.81031 227816.943  6.91%     -    2s
H    0     0                    240845.62717 227816.943  5.41%     -    2s
H    0     0                    240763.07839 227816.943  5.38%     -    3s
H    0     0                    239589.38331 227816.943  4.91%     -    3s
     0     0 229507.003    0  102 239589.383 229507.003  4.21%     -    3s
H    0     0                    237483.76909 229507.003  3.36%     -    4s
H    0     0                    237254.24366 229507.003  3.27%     -    4s
H    0     0                    237156.18618 229507.003  3.23%     -    4s
H    0     0                    237151.20068 229507.003  3.22%     -    4s
H    0     0                    237150.05030 229507.003  3.22%     -    4s
H    0     0                    237149.20172 229507.003  3.22%     -    4s
H    0     0                    237148.38109 229507.003  3.22%     -    4s
H    0     0                    237148.24098 229507.003  3.22%     -    4s
H    0     0                    237145.25674 229507.003  3.22%     -    4s
     0     0 229507.003    0   49 237145.257 229507.003  3.22%     -    4s
H    0     0                    237144.87145 229507.003  3.22%     -    4s
H    0     0                    237137.63467 229507.003  3.22%     -    4s
     0     0 229507.003    0   45 237137.635 229507.003  3.22%     -    6s
H    0     0                    237027.57419 229507.003  3.17%     -    7s
H    0     0                    236977.42923 229507.003  3.15%     -    7s
H    0     0                    232697.20924 229507.003  1.37%     -    7s
     0     0 229507.003    0   43 232697.209 229507.003  1.37%     -    7s
H    0     0                    232679.12448 229507.003  1.36%     -    8s
H    0     0                    231419.44194 229507.003  0.83%     -    8s
H    0     0                    231277.48339 229507.003  0.77%     -    8s
H    0     0                    231161.41692 229507.003  0.72%     -    8s

Cutting planes:
  Gomory: 6
  Lift-and-project: 12
  Cover: 4
  Implied bound: 5
  Projected implied bound: 7
  Clique: 1
  MIR: 18
  Mixing: 3
  Flow cover: 35
  Zero half: 3
  Relax-and-lift: 4

Explored 1 nodes (13591 simplex iterations) in 8.24 seconds (3.30 work units)
Thread count was 5 (of 32 available processors)

Solution count 10: 231161 231277 231419 ... 237145

Optimal solution found (tolerance 1.00e-02)
Best objective 2.311614169162e+05, best bound 2.295070030435e+05, gap 0.7157%
