
Gurobi 12.0.0 (win64) logging started Mon Sep  7 03:47:11 2026

Set parameter LogFile to value "C:\Users\TECNO-MASTER\Desktop\Elmo_infrastructure_sizing_NP-\output\DCH_septiembre\Bateria_353\Costo_variable\Carga_libre\Carga_on_board_variable_3estaciones_P640kW_Descomp/station_2_d91\gurobi.log"
Set parameter Threads to value 1
Set parameter Heuristics to value 0.5
Set parameter MIPFocus to value 3
Set parameter Presolve to value 2
Set parameter FlowCoverCuts to value 2
Set parameter TimeLimit to value 1200
Gurobi Optimizer version 12.0.0 build v12.0.0rc1 (win64 - Windows 11+.0 (26200.2))

CPU model: Intel(R) Core(TM) i9-14900K, instruction set [SSE2|AVX|AVX2]
Thread count: 24 physical cores, 32 logical processors, using up to 1 threads

Non-default parameters:
TimeLimit  1200
MIPGap  0.05
Heuristics  0.5
MIPFocus  3
FlowCoverCuts  2
Presolve  2
Threads  1

Optimize a model with 23772 rows, 39247 columns and 115808 nonzeros
Model fingerprint: 0x9e6f2033
Variable types: 18325 continuous, 20922 integer (20921 binary)
Coefficient statistics:
  Matrix range     [1e-01, 6e+02]
  Objective range  [1e-02, 1e+02]
  Bounds range     [1e+00, 1e+00]
  RHS range        [1e+00, 1e+04]
Presolve removed 21321 rows and 28434 columns
Presolve time: 0.26s
Presolved: 2451 rows, 10813 columns, 32754 nonzeros
Variable types: 841 continuous, 9972 integer (9972 binary)
Root relaxation presolved: 2451 rows, 10813 columns, 32754 nonzeros


Root relaxation: objective 1.485117e+05, 3454 iterations, 0.20 seconds (0.17 work units)

    Nodes    |    Current Node    |     Objective Bounds      |     Work
 Expl Unexpl |  Obj  Depth IntInf | Incumbent    BestBd   Gap | It/Node Time

     0     0 148511.724    0  187          - 148511.724      -     -    1s
H    0     0                    190498.15432 148511.724  22.0%     -    1s
H    0     0                    187423.21745 148511.724  20.8%     -    1s
H    0     0                    167744.87075 148511.724  11.5%     -    1s
H    0     0                    167714.29965 148511.724  11.4%     -    1s
H    0     0                    166755.35653 148511.724  10.9%     -    1s
H    0     0                    152982.75555 148511.724  2.92%     -    1s

Explored 1 nodes (5961 simplex iterations) in 1.31 seconds (0.86 work units)
Thread count was 1 (of 32 available processors)

Solution count 6: 152983 166755 167714 ... 190498

Optimal solution found (tolerance 5.00e-02)
Best objective 1.529827555504e+05, best bound 1.485117239249e+05, gap 2.9226%
