
Gurobi 12.0.3 (win64) logging started Sun Aug 23 17:25:05 2026

Set parameter LogFile to value "C:\Users\TECNO-MASTER\Desktop\Elmo_infrastructure_sizing_NP-\output\DCH_agosto\Costo_variable\Ventana_restringida\Carga_on_board_variable_3estaciones_P640kW_Descomp/station_1_d213_stage1\gurobi.log"
Set parameter Threads to value 1
Set parameter Heuristics to value 0.5
Set parameter MIPFocus to value 3
Set parameter Presolve to value 2
Set parameter FlowCoverCuts to value 2
Set parameter TimeLimit to value 172800
Gurobi Optimizer version 12.0.3 build v12.0.3rc0 (win64 - Windows 11+.0 (26200.2))

CPU model: Intel(R) Core(TM) i9-14900K, instruction set [SSE2|AVX|AVX2]
Thread count: 24 physical cores, 32 logical processors, using up to 1 threads

Non-default parameters:
TimeLimit  172800
MIPGap  0.01
Heuristics  0.5
MIPFocus  3
FlowCoverCuts  2
Presolve  2
Threads  1

Optimize a model with 23314 rows, 37249 columns and 111230 nonzeros
Model fingerprint: 0xb5b26548
Variable types: 17323 continuous, 19926 integer (19925 binary)
Coefficient statistics:
  Matrix range     [1e-01, 6e+02]
  Objective range  [8e-03, 1e+05]
  Bounds range     [1e+00, 3e+00]
  RHS range        [1e+00, 1e+04]
Presolve removed 22108 rows and 28486 columns
Presolve time: 0.19s
Presolved: 1206 rows, 8763 columns, 27242 nonzeros
Variable types: 233 continuous, 8530 integer (8443 binary)
Root relaxation presolved: 1206 rows, 8763 columns, 27242 nonzeros


Use crossover to convert LP symmetric solution to basic solution...

Root relaxation: objective 1.527252e+05, 3298 iterations, 0.07 seconds (0.06 work units)

    Nodes    |    Current Node    |     Objective Bounds      |     Work
 Expl Unexpl |  Obj  Depth IntInf | Incumbent    BestBd   Gap | It/Node Time

     0     0 152725.152    0  160          - 152725.152      -     -    0s
     0     0 166139.838    0  186          - 166139.838      -     -    1s
     0     0 169248.544    0  137          - 169248.544      -     -    1s
     0     0 169248.544    0  136          - 169248.544      -     -    1s
     0     0 169875.309    0  171          - 169875.309      -     -    2s
     0     0 170127.613    0  182          - 170127.613      -     -    2s
     0     0 170127.613    0  125          - 170127.613      -     -    3s
H    0     0                    362246.92984 170127.613  53.0%     -    3s
H    0     0                    238234.17620 170127.613  28.6%     -    3s
H    0     0                    216508.52511 170127.613  21.4%     -    3s
H    0     0                    215982.74490 170127.613  21.2%     -    3s
H    0     0                    215454.81830 170127.613  21.0%     -    3s
H    0     0                    200146.22816 170127.613  15.0%     -    3s
H    0     0                    196942.03367 170127.613  13.6%     -    3s
H    0     0                    196897.41065 170127.613  13.6%     -    3s
H    0     0                    194524.69598 170127.613  12.5%     -    3s
     0     0 175751.110    0  105 194524.696 175751.110  9.65%     -    3s
     0     0 175751.110    0  107 194524.696 175751.110  9.65%     -    3s
     0     0 178149.110    0   60 194524.696 178149.110  8.42%     -    4s
H    0     0                    190316.87007 178149.110  6.39%     -    4s
H    0     0                    187346.60526 178149.110  4.91%     -    4s
H    0     0                    187336.79164 178149.110  4.90%     -    4s
H    0     0                    187329.03606 178149.110  4.90%     -    4s
H    0     0                    186023.02578 178149.110  4.23%     -    4s
H    0     0                    185978.05890 178149.110  4.21%     -    4s
H    0     0                    184951.85903 178149.110  3.68%     -    4s
H    0     0                    184904.51133 178149.110  3.65%     -    4s
     0     0 178149.110    0   60 184904.511 178149.110  3.65%     -    4s
     0     0 178149.110    0   37 184904.511 178149.110  3.65%     -    5s
H    0     0                    184599.65392 178149.110  3.49%     -    5s
H    0     0                    184589.08072 178149.110  3.49%     -    5s
H    0     0                    184544.11384 178149.110  3.47%     -    5s
     0     0 178149.110    0   36 184544.114 178149.110  3.47%     -    5s
H    0     0                    184543.11566 178149.110  3.46%     -    5s
H    0     0                    184412.33650 178149.110  3.40%     -    5s
H    0     0                    184406.85776 178149.110  3.39%     -    5s
     0     0 178149.110    0   54 184406.858 178149.110  3.39%     -    6s
     0     0 178149.110    0   54 184406.858 178149.110  3.39%     -    6s
H    0     0                    182312.30153 178149.110  2.28%     -    6s
H    0     0                    181323.55061 178149.110  1.75%     -    6s
H    0     0                    181186.28233 178149.110  1.68%     -    6s
H    0     0                    180607.76166 178149.110  1.36%     -    6s
H    0     0                    180607.74609 178149.110  1.36%     -    6s
H    0     0                    180418.77092 178149.110  1.26%     -    6s
H    0     0                    180201.60481 178149.110  1.14%     -    6s
H    0     0                    180193.76890 178149.110  1.13%     -    7s
     0     2 178149.110    0   50 180193.769 178149.110  1.13%     -    7s
H    9     9                    179987.03282 178149.110  1.02%   359    8s
H    9     9                    179569.53421 178149.110  0.79%   359    8s

Cutting planes:
  Gomory: 23
  Lift-and-project: 1
  Cover: 21
  Implied bound: 43
  Projected implied bound: 4
  Clique: 8
  MIR: 139
  Mixing: 5
  Flow cover: 164
  Zero half: 1
  Relax-and-lift: 40

Explored 10 nodes (21387 simplex iterations) in 8.45 seconds (8.48 work units)
Thread count was 1 (of 32 available processors)

Solution count 10: 179570 179987 180194 ... 182312

Optimal solution found (tolerance 1.00e-02)
Best objective 1.795695342104e+05, best bound 1.781491102123e+05, gap 0.7910%
