
Gurobi 12.0.0 (win64) logging started Mon Sep  7 03:42:49 2026

Set parameter LogFile to value "C:\Users\TECNO-MASTER\Desktop\Elmo_infrastructure_sizing_NP-\output\DCH_septiembre\Bateria_353\Costo_variable\Ventana_restringida\Carga_on_board_variable_3estaciones_P320kW_Descomp/station_3_d213_stage1\gurobi.log"
Set parameter Threads to value 1
Set parameter Heuristics to value 0.5
Set parameter MIPFocus to value 3
Set parameter Presolve to value 2
Set parameter FlowCoverCuts to value 2
Set parameter TimeLimit to value 1200
Gurobi Optimizer version 12.0.0 build v12.0.0rc1 (win64 - Windows 11+.0 (26200.2))

CPU model: Intel(R) Core(TM) i9-14900K, instruction set [SSE2|AVX|AVX2]
Thread count: 24 physical cores, 32 logical processors, using up to 1 threads

Non-default parameters:
TimeLimit  1200
MIPGap  0.05
Heuristics  0.5
MIPFocus  3
FlowCoverCuts  2
Presolve  2
Threads  1

Optimize a model with 23314 rows, 37249 columns and 111232 nonzeros
Model fingerprint: 0xc5ae9a74
Variable types: 17323 continuous, 19926 integer (19925 binary)
Coefficient statistics:
  Matrix range     [1e-01, 3e+02]
  Objective range  [8e-03, 8e+04]
  Bounds range     [1e+00, 1e+00]
  RHS range        [1e+00, 1e+04]
Presolve removed 22120 rows and 28480 columns
Presolve time: 0.17s
Presolved: 1194 rows, 8769 columns, 26464 nonzeros
Variable types: 233 continuous, 8536 integer (8535 binary)
Root relaxation presolved: 1194 rows, 8769 columns, 26464 nonzeros


Use crossover to convert LP symmetric solution to basic solution...

Root relaxation: objective 1.883468e+05, 3297 iterations, 0.07 seconds (0.05 work units)

    Nodes    |    Current Node    |     Objective Bounds      |     Work
 Expl Unexpl |  Obj  Depth IntInf | Incumbent    BestBd   Gap | It/Node Time

     0     0 198759.932    0   87          - 198759.932      -     -    0s
H    0     0                    214583.33242 198759.932  7.37%     -    0s
H    0     0                    214349.09144 198759.932  7.27%     -    0s
H    0     0                    209704.21913 198759.932  5.22%     -    0s
     0     0          -    0      209704.219 199230.541  4.99%     -    0s

Cutting planes:
  Gomory: 28
  Lift-and-project: 8
  Cover: 4
  MIR: 1
  Flow cover: 4
  Zero half: 2
  RLT: 1
  Relax-and-lift: 4

Explored 1 nodes (5561 simplex iterations) in 1.00 seconds (0.90 work units)
Thread count was 1 (of 32 available processors)

Solution count 3: 209704 214349 214583 

Optimal solution found (tolerance 5.00e-02)
Best objective 2.097042191305e+05, best bound 1.992305407104e+05, gap 4.9945%
