
Gurobi 12.0.3 (win64) logging started Tue Jun 30 14:56:13 2026

Set parameter LogFile to value "output/DCH_taller_julio/Costo_variable/Carga_on_board_640kW_Descomp/station_1_d121\gurobi.log"
Set parameter Threads to value 5
Set parameter Heuristics to value 0.5
Set parameter MIPFocus to value 3
Set parameter Presolve to value 2
Set parameter FlowCoverCuts to value 2
Set parameter TimeLimit to value 172800
Gurobi Optimizer version 12.0.3 build v12.0.3rc0 (win64 - Windows 11+.0 (26200.2))

CPU model: Intel(R) Core(TM) i9-14900K, instruction set [SSE2|AVX|AVX2]
Thread count: 24 physical cores, 32 logical processors, using up to 5 threads

Non-default parameters:
TimeLimit  172800
MIPGap  0.01
Heuristics  0.5
MIPFocus  3
FlowCoverCuts  2
Presolve  2
Threads  5

Optimize a model with 22793 rows, 35809 columns and 109900 nonzeros
Model fingerprint: 0xae557a5b
Variable types: 17323 continuous, 18486 integer (18485 binary)
Coefficient statistics:
  Matrix range     [1e-01, 6e+02]
  Objective range  [8e-03, 1e+02]
  Bounds range     [1e+00, 1e+00]
  RHS range        [1e+00, 1e+04]
Presolve removed 20397 rows and 25838 columns
Presolve time: 0.17s
Presolved: 2396 rows, 9971 columns, 30232 nonzeros
Variable types: 821 continuous, 9150 integer (9150 binary)
Root relaxation presolved: 2396 rows, 9971 columns, 30232 nonzeros


Root relaxation: objective 1.661547e+05, 3716 iterations, 0.18 seconds (0.21 work units)

    Nodes    |    Current Node    |     Objective Bounds      |     Work
 Expl Unexpl |  Obj  Depth IntInf | Incumbent    BestBd   Gap | It/Node Time

     0     0 166154.688    0  224          - 166154.688      -     -    0s
H    0     0                    219796.44804 166154.688  24.4%     -    1s
H    0     0                    217533.22386 166154.688  23.6%     -    1s
H    0     0                    192395.69076 166275.214  13.6%     -    1s
H    0     0                    181408.23013 166275.214  8.34%     -    1s
     0     0 166275.214    0  250 181408.230 166275.214  8.34%     -    2s
H    0     0                    181407.26888 166314.939  8.32%     -    2s
H    0     0                    171796.91671 166314.939  3.19%     -    2s
H    0     0                    167965.61572 166314.939  0.98%     -    2s

Cutting planes:
  Gomory: 12
  Lift-and-project: 8
  Cover: 4
  Implied bound: 9
  Clique: 7
  MIR: 3
  Flow cover: 8
  Zero half: 15
  RLT: 5
  Relax-and-lift: 2
  BQP: 1
  PSD: 2

Explored 1 nodes (11584 simplex iterations) in 2.61 seconds (2.00 work units)
Thread count was 5 (of 32 available processors)

Solution count 7: 167966 171797 181407 ... 219796

Optimal solution found (tolerance 1.00e-02)
Best objective 1.679656157207e+05, best bound 1.663149393908e+05, gap 0.9827%
