
Gurobi 12.0.3 (win64) logging started Tue Jul  7 17:05:59 2026

Set parameter LogFile to value "output/DCH_taller_julio/Costo_fijo/Ventana_restringida/Carga_on_board_320kW_Descomp_ventana_carga/station_1_d121\gurobi.log"
Set parameter Threads to value 5
Set parameter Heuristics to value 0.5
Set parameter MIPFocus to value 3
Set parameter Presolve to value 2
Set parameter FlowCoverCuts to value 2
Set parameter TimeLimit to value 172800
Gurobi Optimizer version 12.0.3 build v12.0.3rc0 (win64 - Windows 11+.0 (26200.2))

CPU model: Intel(R) Core(TM) i9-14900K, instruction set [SSE2|AVX|AVX2]
Thread count: 24 physical cores, 32 logical processors, using up to 5 threads

Non-default parameters:
TimeLimit  172800
MIPGap  0.01
Heuristics  0.5
MIPFocus  3
FlowCoverCuts  2
Presolve  2
Threads  5

Optimize a model with 23329 rows, 35809 columns and 110436 nonzeros
Model fingerprint: 0xa04b6c0d
Variable types: 17323 continuous, 18486 integer (18485 binary)
Coefficient statistics:
  Matrix range     [1e-01, 3e+02]
  Objective range  [4e-01, 1e+02]
  Bounds range     [1e+00, 2e+00]
  RHS range        [1e+00, 1e+04]
Presolve removed 22271 rows and 27286 columns
Presolve time: 0.33s
Presolved: 1058 rows, 8523 columns, 25373 nonzeros
Variable types: 245 continuous, 8278 integer (8278 binary)
Root relaxation presolved: 1058 rows, 8523 columns, 25373 nonzeros


Use crossover to convert LP symmetric solution to basic solution...

Root relaxation: objective 2.594462e+05, 3022 iterations, 0.09 seconds (0.04 work units)

    Nodes    |    Current Node    |     Objective Bounds      |     Work
 Expl Unexpl |  Obj  Depth IntInf | Incumbent    BestBd   Gap | It/Node Time

     0     0 259446.178    0   48          - 259446.178      -     -    1s
H    0     0                    267883.40465 259446.178  3.15%     -    1s
H    0     0                    263799.84689 259446.178  1.65%     -    1s
H    0     0                    262091.99886 259446.178  1.01%     -    1s
H    0     0                    261239.84689 259446.178  0.69%     -    1s

Explored 1 nodes (5110 simplex iterations) in 1.24 seconds (0.46 work units)
Thread count was 5 (of 32 available processors)

Solution count 4: 261240 262092 263800 267883 

Optimal solution found (tolerance 1.00e-02)
Best objective 2.612398468916e+05, best bound 2.594461778121e+05, gap 0.6866%
