
Gurobi 13.0.2 (linux64) logging started Tue Oct  6 05:14:29 2026

Set parameter OutputFlag to value 1
Set parameter LogToConsole to value 0
Set parameter TimeLimit to value 3600
Set parameter MIPGap to value 0.0001
Set parameter MIPFocus to value 3
Gurobi Optimizer version 13.0.2 build v13.0.2rc1 (linux64 - "Ubuntu 24.04.5 LTS")

CPU model: Intel(R) Xeon(R) Gold 6130 CPU @ 2.10GHz, instruction set [SSE2|AVX|AVX2|AVX512]
Thread count: 32 physical cores, 64 logical processors, using up to 8 threads

Non-default parameters:
TimeLimit  3600
MIPFocus  3
LogToConsole  0
Threads  8

Optimize a model with 15176 rows, 14896 columns and 85049 nonzeros (Min)
Model fingerprint: 0xc2140532
Model has 198 linear objective coefficients
Variable types: 3450 continuous, 11446 integer (8641 binary)
Coefficient statistics:
  Matrix range     [1e-02, 1e+03]
  Objective range  [6e-01, 1e+06]
  Bounds range     [1e+00, 5e+02]
  RHS range        [1e+00, 3e+03]

User MIP start produced solution with objective 34306.4 (0.02s)
Loaded user MIP start with objective 34306.4

Presolve removed 11263 rows and 7079 columns
Presolve time: 0.16s
Presolved: 3913 rows, 7817 columns, 36224 nonzeros
Variable types: 1220 continuous, 6597 integer (5935 binary)
Root relaxation presolve removed 41 rows and 1 columns
Root relaxation presolved: 3872 rows, 7856 columns, 31219 nonzeros


Root relaxation: objective 3.185572e+04, 5056 iterations, 0.35 seconds (0.35 work units)

    Nodes    |    Current Node    |     Objective Bounds      |     Work
 Expl Unexpl |  Obj  Depth IntInf | Incumbent    BestBd   Gap | It/Node Time

     0     0 31855.7199    0  160 34306.3649 31855.7199  7.14%     -    1s
     0     0 31855.7199    0  467 34306.3649 31855.7199  7.14%     -    1s
     0     0 31855.7199    0  226 34306.3649 31855.7199  7.14%     -    2s
     0     0 31855.7199    0  238 34306.3649 31855.7199  7.14%     -    2s
     0     0 31855.7199    0  415 34306.3649 31855.7199  7.14%     -    3s
     0     0 31855.7199    0  109 34306.3649 31855.7199  7.14%     -    3s
     0     0 31855.7199    0  193 34306.3649 31855.7199  7.14%     -    3s
     0     0 31855.7199    0  278 34306.3649 31855.7199  7.14%     -    4s
     0     0 31855.7199    0   72 34306.3649 31855.7199  7.14%     -    5s
     0     0 31855.7199    0  285 34306.3649 31855.7199  7.14%     -    5s
     0     0 31855.7199    0  129 34306.3649 31855.7199  7.14%     -    5s
     0     0 31855.7199    0  277 34306.3649 31855.7199  7.14%     -    6s
     0     0 31855.7199    0  365 34306.3649 31855.7199  7.14%     -    7s
     0     0 31855.7199    0  114 34306.3649 31855.7199  7.14%     -    8s
     0     0 31862.4332    0  222 34306.3649 31862.4332  7.12%     -    8s
     0     0 31862.4332    0  316 34306.3649 31862.4332  7.12%     -    9s
     0     0 31862.4332    0  160 34306.3649 31862.4332  7.12%     -    9s
     0     0 31862.4332    0  160 34306.3649 31862.4332  7.12%     -    9s
     0     0 31862.4332    0  120 34306.3649 31862.4332  7.12%     -   10s
     0     2 31862.4332    0   94 34306.3649 31862.4332  7.12%     -   11s
   339   439 31862.4332   38  334 34306.3649 31862.4332  7.12%  41.7   16s
   478   528 33120.0781   15  404 34306.3649 31862.4332  7.12%  48.7   21s
  1718  1716 31862.4332   43  120 34306.3649 31862.4332  7.12%  55.8   30s
  1723  1719 32037.5983   35   64 34306.3649 31862.4332  7.12%  55.6   36s
  1726  1721 31862.4332   83   50 34306.3649 31862.4332  7.12%  55.5   41s
  1728  1723 31862.4332   61   34 34306.3649 31862.4332  7.12%  55.5   46s
  1731  1725 31862.4332  104   40 34306.3649 31862.4332  7.12%  55.4   52s
  1755  1785 31862.4332   16  312 34306.3649 31862.4332  7.12%  70.2   55s
  2367  2503 32678.4521   67  374 34306.3649 31862.4332  7.12%  61.1   63s
  2721  2481 31862.4332   51  350 34306.3649 31862.4332  7.12%  58.2   66s
  2817  2474 32446.1623   66  378 34306.3649 31862.4332  7.12%  57.9   71s
  2842  2986 31862.4332   51  298 34306.3649 31862.4332  7.12%  57.8   77s
  3366  3699 33138.0990   53  267 34306.3649 31862.4332  7.12%  55.0   82s
  4254  4163 33215.2289   38  318 34306.3649 31862.4332  7.12%  50.2   85s
  6835  5823 33670.0831   73  324 34306.3649 31862.4332  7.12%  48.5   90s
 10436  9331 32849.4582  151  312 34306.3649 31862.4332  7.12%  46.5   95s
 13077 11410 32713.8579  229  278 34306.3649 31862.4332  7.12%  45.5  100s
 16292 15223 32946.5065  111  223 34306.3649 31862.4332  7.12%  44.3  106s
 18160 16357 33267.8991   82  262 34306.3649 31862.4332  7.12%  45.6  111s
 18305 16685 32308.2182  153  301 34306.3649 31862.4332  7.12%  46.1  115s
 20163 19191 33210.2848  166  298 34306.3649 31862.4332  7.12%  47.7  121s
 21416 20405 32022.2800  152  330 34306.3649 31862.4332  7.12%  47.1  126s
 24111 22973 33125.2094  153  281 34306.3649 31862.4332  7.12%  47.0  132s
 25901 25052 31862.4332  207  338 34306.3649 31862.4332  7.12%  48.4  136s
 29207 27398 32669.0449  140  341 34306.3649 31862.4332  7.12%  48.0  142s
 29392 30582 32308.2182  149  360 34306.3649 31862.4332  7.12%  48.1  150s
 32699 30843 31947.3916  195  315 34306.3649 31862.4332  7.12%  53.8  158s
 32955 31771 32380.3221  186  250 34306.3649 31862.4332  7.12%  53.7  162s
 33916 32645 31862.4332  133  204 34306.3649 31862.4332  7.12%  54.8  165s
 35862 34693 infeasible  273      34306.3649 31862.4332  7.12%  56.3  173s
 36897 35864 32218.0116   83  281 34306.3649 31862.4332  7.12%  56.8  176s
 38092 37033 infeasible  272      34306.3649 31862.4332  7.12%  57.4  180s
 40326 39106 32308.2182  122  256 34306.3649 31862.4332  7.12%  57.8  187s
 42449 40974 32578.8382  138  341 34306.3649 31862.4332  7.12%  58.5  192s
 43374 40982 33675.4538  122  273 34306.3649 31862.4332  7.12%  59.6  195s
 43575 41929 33210.2848  132  208 34306.3649 31862.4332  7.12%  59.7  203s
 44347 42961 32277.4448  141  249 34306.3649 31862.4332  7.12%  59.6  206s
 46377 44667 32308.2182  155  287 34306.3649 31862.4332  7.12%  59.7  210s
 47822 46259 31862.4332  205  258 34306.3649 31862.4332  7.12%  59.9  216s
 49514 47759 31862.4332  238  274 34306.3649 31862.4332  7.12%  60.6  222s
 50371 48855 infeasible  273      34306.3649 31862.4332  7.12%  60.5  225s
 53129 50616 31862.4332  235  258 34306.3649 31862.4332  7.12%  60.6  230s
 53588 50901 31862.4332  195  317 34306.3649 31862.4332  7.12%  60.8  238s
 53596 50974 31862.4332  223  245 34306.3649 31862.4332  7.12%  60.8  241s
 53724 51107 33477.7929  259  224 34306.3649 31862.4332  7.12%  61.1  249s
 53811 51255 31911.0399  163  278 34306.3649 31862.4332  7.12%  61.5  252s
 53964 51588 31909.0978  280  200 34306.3649 31862.4332  7.12%  61.9  255s
 54738 52582 32245.9768  177  228 34306.3649 31862.4332  7.12%  62.0  261s
 55951 53827 31862.4332  196  314 34306.3649 31862.4332  7.12%  62.0  267s
 56621 54797 31862.4332  233  294 34306.3649 31862.4332  7.12%  62.3  270s
 58737 56902 31862.4332  195  177 34306.3649 31862.4332  7.12%  62.6  276s
 60999 58612 31862.4332  242  198 34306.3649 31862.4332  7.12%  62.4  281s
 61618 58977 31862.4332  234  255 34306.3649 31862.4332  7.12%  63.0  286s
 61980 59653 32676.1672  280  200 34306.3649 31862.4332  7.12%  63.3  290s
 63738 60663 32424.6797  256  226 34306.3649 31862.4332  7.12%  64.1  296s
 64043 61696 31947.3916  218  183 34306.3649 31862.4332  7.12%  64.2  302s
 64807 62708 32929.3204  275  174 34306.3649 31862.4332  7.12%  64.3  305s
 66458 64130 32689.6219  269  243 34306.3649 31862.4332  7.12%  65.3  311s
 67415 64903 31951.3873  238  137 34306.3649 31862.4332  7.12%  65.7  315s
 69382 66668 32358.9591  224  200 34306.3649 31862.4332  7.12%  66.4  320s
 70711 68133 32500.7668  238   32 34306.3649 31862.4332  7.12%  67.6  325s
 73089 70109 31862.4332  253  191 34306.3649 31862.4332  7.12%  69.5  331s
 74486 70881 31862.4332  138  242 34306.3649 31862.4332  7.12%  70.8  336s
 74494 78462 33029.9214  216  193 34306.3649 31862.4332  7.12%  70.9  367s
 82494 78853 32321.0464  246  181 34306.3649 31862.4332  7.12%  75.6  370s
 83746 80571 31979.7526  141  309 34306.3649 31862.4332  7.12%  75.5  376s
 84692 80818 31862.4332   98  226 34306.3649 31862.4332  7.12%  75.7  383s
 84880 81585 32678.4521  277  133 34306.3649 31862.4332  7.12%  75.8  386s
 85671 82554 33215.2289  266  181 34306.3649 31862.4332  7.12%  76.0  390s
 87870 84966 31862.4332  202  303 34306.3649 31862.4332  7.12%  75.9  397s
 89172 85610 32982.1313  277  187 34306.3649 31862.4332  7.12%  75.6  400s
 89845 86935 32991.1241  189  331 34306.3649 31862.4332  7.12%  75.8  405s
 92252 89021 31862.4332  221  260 34306.3649 31862.4332  7.12%  76.1  412s
 94455 91098 33662.7831  298  238 34306.3649 31862.4332  7.12%  75.7  417s
 95488 91112 31871.5576  227  193 34306.3649 31862.4332  7.12%  75.5  421s
 95662 91970 31862.4332  237  256 34306.3649 31862.4332  7.12%  75.5  425s
 98894 95336 32308.2182  197  245 34306.3649 31862.4332  7.12%  74.7  431s
 101186 97661 31862.4332  194  280 34306.3649 31862.4332  7.12%  74.4  436s
 103125 99314 31862.4332  202  221 34306.3649 31862.4332  7.12%  73.9  441s
 105567 101433 infeasible  269      34306.3649 31862.4332  7.12%  73.6  446s
 106796 102378 31862.4332  231  250 34306.3649 31862.4332  7.12%  73.7  450s
 108729 104593 32206.4698  247  222 34306.3649 31862.4332  7.12%  73.8  456s
 110630 106467 31862.4332  230  290 34306.3649 31862.4332  7.12%  73.7  461s
 112163 107734 32463.4588  212  175 34306.3649 31862.4332  7.12%  74.0  466s
 113545 109061 32308.2182  218  181 34306.3649 31862.4332  7.12%  74.3  471s
 115173 110642 31862.4332  220  248 34306.3649 31862.4332  7.12%  74.7  476s
 116625 112097 33300.4914  147  192 34306.3649 31862.4332  7.12%  74.8  480s
 118089 113047 infeasible  260      34306.3649 31862.4332  7.12%  74.9  486s
 119328 114678 31961.2017  263  253 34306.3649 31862.4332  7.12%  75.0  490s
 122532 117386 33114.5484  250  170 34306.3649 31862.4332  7.12%  75.0  495s
 124575 119278 infeasible  292      34306.3649 31862.4332  7.12%  75.6  500s
 127800 121499 33369.1735  283  180 34306.3649 31862.4332  7.12%  76.1  505s
 128605 122971 33199.1699  227  266 34306.3649 31862.4332  7.12%  76.2  511s
 129386 122991 33372.5986  299  180 34306.3649 31862.4332  7.12%  76.3  517s
 129403 123004 31951.3873  221  209 34306.3649 31862.4332  7.12%  76.4  522s
 129412 123012 33267.8991  234  195 34306.3649 31862.4332  7.12%  76.4  527s
 129420 123017 33301.9565  136  215 34306.3649 31862.4332  7.12%  76.4  532s
 129441 123031 32563.1664  265  167 34306.3649 31862.4332  7.12%  76.5  536s
 129459 123048 32719.1969  283  223 34306.3649 31862.4332  7.12%  76.6  541s
 129561 123448 31862.4332  223  239 34306.3649 31862.4332  7.12%  76.8  547s
 129902 123727 33199.1699  218  257 34306.3649 31862.4332  7.12%  76.9  550s
 130635 124106 31862.4332  250  166 34306.3649 31862.4332  7.12%  77.4  556s
 130729 124619 33301.9565  141  184 34306.3649 31862.4332  7.12%  77.4  560s
 131804 126031 31862.4332  233  253 34306.3649 31862.4332  7.12%  78.0  565s
 134486 128205 32777.8534  230  202 34306.3649 31862.4332  7.12%  78.9  571s
 136051 129693 31862.4332  233  183 34306.3649 31862.4332  7.12%  79.4  575s
 137882 131099     cutoff  244      34306.3649 31862.4332  7.12%  80.9  582s
 138416 131401 33112.3198  244  225 34306.3649 31862.4332  7.12%  81.1  585s
 139441 133442 31862.4332  225  237 34306.3649 31862.4332  7.12%  82.1  590s
 143116 136442 32860.3273  268  171 34306.3649 31862.4332  7.12%  82.4  597s
 145725 139001 32231.6949  223  218 34306.3649 31862.4332  7.12%  82.4  601s
 149103 141037 32964.2107  239  289 34306.3649 31862.4332  7.12%  82.2  607s
 149146 148649 31862.4332  243  265 34306.3649 31862.4332  7.12%  82.2  634s
 157146 149302 31862.4332  215  228 34306.3649 31862.4332  7.12%  84.4  638s
 157834 149855 32654.8212  221  287 34306.3649 31862.4332  7.12%  84.4  642s
 158396 149863 33688.3468  242  226 34306.3649 31862.4332  7.12%  84.4  646s
 158404 150036 32707.7719  229  260 34306.3649 31862.4332  7.12%  84.4  650s
 159551 151023 33125.2094  214  289 34306.3649 31862.4332  7.12%  84.4  658s
 159589 151548 32218.0116  265  179 34306.3649 31862.4332  7.12%  84.5  662s
 160136 152739 32191.7584  201  256 34306.3649 31862.4332  7.12%  84.4  666s
 161375 153943 31862.4332  229  265 34306.3649 31862.4332  7.12%  84.4  670s
 163635 155925 32613.8020  232  216 34306.3649 31862.4332  7.12%  84.5  677s
 164635 156671 32678.4521   91  267 34306.3649 31862.4332  7.12%  84.7  681s
 165397 157647 33571.1114  180  248 34306.3649 31862.4332  7.12%  84.9  685s
 167085 159276 32678.4521  218  225 34306.3649 31862.4332  7.12%  85.0  692s
 168914 161108 32589.1007  228  247 34306.3649 31862.4332  7.12%  85.1  696s
 169972 161115 infeasible  221      34306.3649 31862.4332  7.12%  85.0  700s
 170017 161773 32678.4521  206  195 34306.3649 31862.4332  7.12%  85.0  706s
 170654 162737 32410.3978  182  267 34306.3649 31862.4332  7.12%  85.1  710s
 172553 164413 33210.2848  154  239 34306.3649 31862.4332  7.12%  85.0  716s
 174298 165736 32939.6648  185  209 34306.3649 31862.4332  7.12%  85.0  722s
 174754 166582 33401.9300  225  216 34306.3649 31862.4332  7.12%  85.3  725s
 177391 168849 33300.4914  179  246 34306.3649 31862.4332  7.12%  85.3  731s
 178747 170403 32590.1842  241  195 34306.3649 31862.4332  7.12%  85.6  737s
 179575 171120 33369.1735  212  163 34306.3649 31862.4332  7.12%  85.8  740s
 180337 171554 33369.1735  215  191 34306.3649 31862.4332  7.12%  86.1  748s
 180785 172690 33480.9047  213  194 34306.3649 31862.4332  7.12%  86.3  753s
 181998 173661 32589.1007  176  216 34306.3649 31862.4332  7.12%  86.4  756s
 183028 174548 33369.1735  202  202 34306.3649 31862.4332  7.12%  86.5  760s
 185057 176428 31862.4332  238  211 34306.3649 31862.4332  7.12%  86.7  766s
 186796 177801 33035.8579  223  248 34306.3649 31862.4332  7.12%  87.0  771s
 188081 179144 33486.9117  246  172 34306.3649 31862.4332  7.12%  87.6  778s
 188884 179955 32063.7333  261  150 34306.3649 31862.4332  7.12%  87.8  782s
 189771 180687 32157.8177  264   60 34306.3649 31862.4332  7.12%  88.0  785s
 190653 181440 33258.7517  230  146 34306.3649 31862.4332  7.12%  88.2  792s
 191401 182089 31862.4332  243  245 34306.3649 31862.4332  7.12%  88.4  795s
 192691 183312 31862.4332  255  195 34306.3649 31862.4332  7.12%  89.0  801s
 193930 184842 33572.8715  290  199 34306.3649 31862.4332  7.12%  89.7  809s
 195077 185584 32773.7667  229   86 34306.3649 31862.4332  7.12%  90.2  813s
 195883 186478 33120.0781  213  238 34306.3649 31862.4332  7.12%  90.5  818s
 196850 187314 32471.8218  235  160 34306.3649 31862.4332  7.12%  90.8  823s
 197768 187833 32709.4291  281  183 34306.3649 31862.4332  7.12%  91.1  827s
 198362 188319 infeasible  265      34306.3649 31862.4332  7.12%  91.6  831s
 198886 188943 32252.4944  245  130 34306.3649 31862.4332  7.12%  92.0  835s
 200416 190390 33295.3192  276  156 34306.3649 31862.4332  7.12%  92.7  843s
 201177 190410 32853.5512  243  251 34306.3649 31862.4332  7.12%  93.2  849s
 201199 190926 33308.4798  268  147 34306.3649 31862.4332  7.12%  93.2  853s
 201767 191643 33534.8401  222  209 34306.3649 31862.4332  7.12%  93.7  858s
 202559 192372 32073.0446  217  145 34306.3649 31862.4332  7.12%  94.1  861s
 203362 193115 32669.0449  230  178 34306.3649 31862.4332  7.12%  94.6  866s
 204202 194010 33479.4660  269  221 34306.3649 31862.4332  7.12%  94.9  870s
 205210 194811 32991.1728  272  162 34306.3649 31862.4332  7.12%  95.3  875s
 206097 194840 32903.9776  220  181 34306.3649 31862.4332  7.12%  95.6  880s
 206126 195243 32903.9776  231  201 34306.3649 31862.4332  7.12%  95.6  885s
 206621 195957 32615.7841  211  252 34306.3649 31862.4332  7.12%  95.9  890s
 208392 197083 infeasible  253      34306.3649 31862.4332  7.12%  96.7  897s
 208779 198459 33479.4660  251  166 34306.3649 31862.4332  7.12%  97.0  902s
 210392 199067 33258.7517  253  209 34306.3649 31862.4332  7.12%  97.4  908s
 211092 199653 32903.9776  235  108 34306.3649 31862.4332  7.12%  97.7  913s
 211783 199746 33534.8401  232  157 34306.3649 31862.4332  7.12%  98.2  919s
 211899 200424 32341.0501  207  154 34306.3649 31862.4332  7.12%  98.2  923s
 212692 201226 32669.0449  228  126 34306.3649 31862.4332  7.12%  98.5  928s
 213618 201886 32499.7492  250  171 34306.3649 31862.4332  7.12%  98.9  934s
 214376 202490 33452.0068  236  106 34306.3649 31862.4332  7.12%  99.4  940s
 215048 203276 32903.9776  223  184 34306.3649 31862.4332  7.12%   100  945s
 216431 204370 32909.4540  258   65 34306.3649 31862.4332  7.12%   101  953s
 217130 205116 32341.0501  212  112 34306.3649 31862.4332  7.12%   101  958s
 217988 205201 32939.6648  205  255 34306.3649 31862.4332  7.12%   102  964s
 218086 205339 31862.4332  287  134 34306.3649 31862.4332  7.12%   102  970s
 218244 205979 33479.4660  255  127 34306.3649 31862.4332  7.12%   102  975s
 218985 206591 32406.8603  286  129 34306.3649 31862.4332  7.12%   103  981s
 219686 207394 33477.7929  273  162 34306.3649 31862.4332  7.12%   103  985s
 220591 208106 33336.2381  279  149 34306.3649 31862.4332  7.12%   104  990s
 221447 208826 32523.8974  266   52 34306.3649 31862.4332  7.12%   104  995s
 222337 209053 32523.8974  268   47 34306.3649 31862.4332  7.12%   105 1001s
 222599 209527 33020.8201  254  188 34306.3649 31862.4332  7.12%   105 1005s
 223686 210451 32523.8974  253   62 34306.3649 31862.4332  7.12%   106 1010s
 225236 211900 31862.4332  254  173 34306.3649 31862.4332  7.12%   107 1018s
 225987 212441 33038.8049  275  136 34306.3649 31862.4332  7.12%   107 1023s
 226632 212994 33477.7929  272  178 34306.3649 31862.4332  7.12%   108 1028s
 227259 213674 32383.1762  244  170 34306.3649 31862.4332  7.12%   109 1033s
 228019 213797 32523.8974  256   58 34306.3649 31862.4332  7.12%   110 1039s
 228168 213888 32560.1397  263  118 34306.3649 31862.4332  7.12%   110 1046s
 228285 213953 32523.8974  263   89 34306.3649 31862.4332  7.12%   110 1053s
 228351 214066 33479.4660  229  210 34306.3649 31862.4332  7.12%   110 1063s
 228485 214259 31887.6576  219  105 34306.3649 31862.4332  7.12%   110 1071s
 228709 214555 33324.3940  234  236 34306.3649 31862.4332  7.12%   110 1077s
 229058 215280 33452.0068  224  198 34306.3649 31862.4332  7.12%   110 1084s
 229850 216562 33534.8401  241  214 34306.3649 31862.4332  7.12%   111 1093s
 231268 217777 31862.4332  223  254 34306.3649 31862.4332  7.12%   111 1102s
 232622 218176 32460.7122  218  192 34306.3649 31862.4332  7.12%   112 1111s
 233057 219584 33308.4798  270  138 34306.3649 31862.4332  7.12%   112 1120s
 234626 220727 33324.3940  233  257 34306.3649 31862.4332  7.12%   112 1128s
 235870 221707 32903.9776  227  187 34306.3649 31862.4332  7.12%   113 1136s
 236955 222905 31862.4332  206  297 34306.3649 31862.4332  7.12%   113 1143s
 238256 223393 32471.8218  269  177 34306.3649 31862.4332  7.12%   114 1146s
 238824 224307 32950.6334  206  309 34306.3649 31862.4332  7.12%   114 1152s
 239880 224950 32380.3221  279  177 34306.3649 31862.4332  7.12%   114 1158s
 240572 225799 33501.6630  264  292 34306.3649 31862.4332  7.12%   115 1162s
 241517 226456 33138.0990  248  274 34306.3649 31862.4332  7.12%   115 1168s
 242218 226938 33396.6104  281  191 34306.3649 31862.4332  7.12%   115 1173s
 242778 227685 31862.4332  238  186 34306.3649 31862.4332  7.12%   116 1177s
 243635 227693 32957.4119  268  143 34306.3649 31862.4332  7.12%   116 1183s
 243643 227766 33046.0479  274  178 34306.3649 31862.4332  7.12%   116 1189s
 243738 228689 infeasible  268      34306.3649 31862.4332  7.12%   116 1194s
 244767 229202 33484.7409  278  167 34306.3649 31862.4332  7.12%   116 1199s
 245376 229771 31862.4332  244  194 34306.3649 31862.4332  7.12%   117 1204s
 246015 230358 33491.7069  246  191 34306.3649 31862.4332  7.12%   117 1207s
 246696 231024 32563.3215  262  202 34306.3649 31862.4332  7.12%   118 1211s
 247491 231629 33675.4710  248  163 34306.3649 31862.4332  7.12%   118 1218s
 248206 232325 32894.9590  255  150 34306.3649 31862.4332  7.12%   119 1223s
 249002 233049 33500.2756  240  180 34306.3649 31862.4332  7.12%   119 1226s
 249820 233654 31862.4332  253  194 34306.3649 31862.4332  7.12%   119 1231s
 250507 234251 33477.7929  276  198 34306.3649 31862.4332  7.12%   120 1236s
 251181 234800 33484.7409  262  194 34306.3649 31862.4332  7.12%   120 1242s
 251825 235352 33617.6733  266  214 34306.3649 31862.4332  7.12%   121 1246s
 252459 235775 32150.5682  287  236 34306.3649 31862.4332  7.12%   121 1253s
 252944 235953 33396.6104  232  140 34306.3649 31862.4332  7.12%   122 1258s
 253153 237171 33534.8401  266  142 34306.3649 31862.4332  7.12%   122 1272s
 254591 237440 33501.6630  242  252 34306.3649 31862.4332  7.12%   124 1282s
 254892 238800 32903.9776  241  157 34306.3649 31862.4332  7.12%   124 1292s
 256431 239600 32903.9776  242  161 34306.3649 31862.4332  7.12%   124 1301s
 257334 240500 33479.4660  237  193 34306.3649 31862.4332  7.12%   125 1309s
 258331 241460 infeasible  281      34306.3649 31862.4332  7.12%   126 1318s
 259399 242258 33484.7409  249  204 34306.3649 31862.4332  7.12%   126 1324s
 260251 242349 31862.4332  274  174 34306.3649 31862.4332  7.12%   127 1333s
 260350 243124 33591.7753  277  248 34306.3649 31862.4332  7.12%   127 1340s
 261205 243914 33444.5919  269  184 34306.3649 31862.4332  7.12%   127 1349s
 262127 244576 33500.3713  267  213 34306.3649 31862.4332  7.12%   128 1357s
 262866 245484 31862.4332  275  140 34306.3649 31862.4332  7.12%   129 1363s
 263865 246217 32522.0458  259  117 34306.3649 31862.4332  7.12%   129 1373s
 264758 247042 31862.4332  259  170 34306.3649 31862.4332  7.12%   130 1380s
 265702 247082 33220.3493  285  128 34306.3649 31862.4332  7.12%   130 1386s
 265745 247614 33399.7085  214  224 34306.3649 31862.4332  7.12%   130 1393s
 266365 248196 31862.4332  223  167 34306.3649 31862.4332  7.12%   131 1400s
 267080 249049     cutoff  244      34306.3649 31862.4332  7.12%   132 1407s
 268019 249782 32702.0831  248  145 34306.3649 31862.4332  7.12%   132 1412s
 268798 250427 31862.4332  233  261 34306.3649 31862.4332  7.12%   132 1417s
 269509 250910 32701.4854  245  224 34306.3649 31862.4332  7.12%   132 1422s
 270061 251908 33701.3699  237  210 34306.3649 31862.4332  7.12%   133 1425s
 272117 253394 33500.3713  277  179 34306.3649 31862.4332  7.12%   133 1431s
 272854 253970 infeasible  276      34306.3649 31862.4332  7.12%   133 1437s
 273470 254709 33479.4660  249  164 34306.3649 31862.4332  7.12%   134 1441s
 274268 255592 33557.0019  272  197 34306.3649 31862.4332  7.12%   134 1445s
 276009 256476 33214.5608  252  206 34306.3649 31862.4332  7.12%   134 1453s
 276222 257187 32702.0831  243  272 34306.3649 31862.4332  7.12%   134 1457s
 277066 257888 32560.1397  258   75 34306.3649 31862.4332  7.12%   135 1462s
 277909 258567 33452.0068  241   95 34306.3649 31862.4332  7.12%   135 1466s
 278712 259209 33286.3403  217  173 34306.3649 31862.4332  7.12%   135 1470s
 280042 260326 33192.0844  273  175 34306.3649 31862.4332  7.12%   136 1478s
 280724 261033 31862.4332  228  229 34306.3649 31862.4332  7.12%   137 1482s
 281552 261668 infeasible  256      34306.3649 31862.4332  7.12%   137 1486s
 282239 261676 32196.3765  220  154 34306.3649 31862.4332  7.12%   137 1491s
 282256 261688 31862.4332  219  228 34306.3649 31862.4332  7.12%   137 1499s
 282264 261698 32474.6736  226  142 34306.3649 31862.4332  7.12%   137 1505s
 282274 261754     cutoff  270      34306.3649 31862.4332  7.12%   137 1511s
 282344 261904 33452.0068  240  135 34306.3649 31862.4332  7.12%   137 1517s
 282515 262139 33484.7409  239  166 34306.3649 31862.4332  7.12%   137 1523s
 282765 263774 32777.6223  271  180 34306.3649 31862.4332  7.12%   137 1536s
 284618 263782 33324.3940  242  107 34306.3649 31862.4332  7.12%   138 1543s
 284626 264580 33484.7409  233  199 34306.3649 31862.4332  7.12%   138 1551s
 285512 266099 31862.4332  253  118 34306.3649 31862.4332  7.12%   138 1558s
 287134 266315 31862.4332  249  170 34306.3649 31862.4332  7.12%   138 1564s
 287367 267936 32240.7244  212  150 34306.3649 31862.4332  7.12%   138 1571s
 289054 269514 33534.8401  239  160 34306.3649 31862.4332  7.12%   138 1577s
 290721 270847 31862.4332  203  319 34306.3649 31862.4332  7.12%   138 1581s
 292108 271927 32398.4249  147  196 34306.3649 31862.4332  7.12%   137 1586s
 293254 273176 31862.4332  238  177 34306.3649 31862.4332  7.12%   137 1591s
 294608 274056 infeasible  225      34306.3649 31862.4332  7.12%   137 1595s
 296403 276116 31862.4332  181  367 34306.3649 31862.4332  7.12%   137 1603s
 297640 276276 32308.2182  240  245 34306.3649 31862.4332  7.12%   137 1609s
 297803 282520 31862.4332   44  307 34306.3649 31862.4332  7.12%   137 1630s
 305526 284301 31862.4332  248  217 34306.3649 31862.4332  7.12%   136 1639s
 306214 285490 31862.4332  141  330 34306.3649 31862.4332  7.12%   136 1642s
 307442 286631 33143.7878  206  277 34306.3649 31862.4332  7.12%   135 1645s
 308624 286647 31862.4332  178  318 34306.3649 31862.4332  7.12%   135 1653s
 308632 287025 31862.4332  105  249 34306.3649 31862.4332  7.12%   135 1656s
 309605 288079 32440.4735  203  268 34306.3649 31862.4332  7.12%   135 1662s
 310092 288925 32851.8646  219  130 34306.3649 31862.4332  7.12%   135 1665s
 311833 290638 31862.4332  219  240 34306.3649 31862.4332  7.12%   135 1671s
 312742 292102 31862.4332  238  311 34306.3649 31862.4332  7.12%   135 1675s
 316028 294540 32560.1397  229  148 34306.3649 31862.4332  7.12%   134 1682s
 316784 295535 32876.4894  271  260 34306.3649 31862.4332  7.12%   134 1686s
 318628 296733 33065.6038  175  352 34306.3649 31862.4332  7.12%   133 1692s
 319061 296741 32963.6926  255  274 34306.3649 31862.4332  7.12%   133 1695s
 319419 298042 33046.0479  267  189 34306.3649 31862.4332  7.12%   133 1701s
 321268 299811 32723.5841  303  169 34306.3649 31862.4332  7.12%   133 1707s
 322827 301317 33203.5070  276  155 34306.3649 31862.4332  7.12%   133 1712s
 324815 303072 33220.3493  259  164 34306.3649 31862.4332  7.12%   132 1716s
 325620 303546 31862.4332  202  206 34306.3649 31862.4332  7.12%   132 1721s
 327116 305374 33138.0990  103  317 34306.3649 31862.4332  7.12%   132 1727s
 327960 306662 32230.0454  217  253 34306.3649 31862.4332  7.12%   132 1732s
 329324 306940 32037.5983  167  167 34306.3649 31862.4332  7.12%   132 1738s
 329598 307693 32218.0116  219  185 34306.3649 31862.4332  7.12%   132 1744s
 330380 308875 33138.0990  225  279 34306.3649 31862.4332  7.12%   131 1747s
 331623 309627 32586.4071  186  144 34306.3649 31862.4332  7.12%   131 1751s
 333656 311332 infeasible  248      34306.3649 31862.4332  7.12%   131 1758s
 334214 311937 32819.2515  233  194 34306.3649 31862.4332  7.12%   131 1761s
 334870 312571 31891.7111  262  200 34306.3649 31862.4332  7.12%   131 1765s
 336413 314131 32746.3209  232  202 34306.3649 31862.4332  7.12%   131 1770s
 339111 316563 33138.0990  155  186 34306.3649 31862.4332  7.12%   130 1777s
 339779 316606 32884.0018  187  191 34306.3649 31862.4332  7.12%   131 1781s
 340339 318057 33478.3186  219  142 34306.3649 31862.4332  7.12%   130 1787s
 341343 318853 32302.2107  300  205 34306.3649 31862.4332  7.12%   130 1790s
 342962 320473 32037.5983  237  151 34306.3649 31862.4332  7.12%   130 1798s
 343980 321144 32686.8417  204  162 34306.3649 31862.4332  7.12%   130 1801s
 344716 321891 32537.0091  212  139 34306.3649 31862.4332  7.12%   130 1805s
 346402 323937 33050.8958  181  179 34306.3649 31862.4332  7.12%   130 1812s
 347758 324665 32661.7948  197  208 34306.3649 31862.4332  7.12%   130 1815s
 349497 326134 32288.8224  131  308 34306.3649 31862.4332  7.12%   130 1822s
 350147 326146 32803.7930  200  171 34306.3649 31862.4332  7.12%   130 1826s
 350160 326563 33386.8189  228  102 34306.3649 31862.4332  7.12%   130 1830s
 351367 328108 32661.7948  194  204 34306.3649 31862.4332  7.12%   130 1837s
 352217 329024 31862.4332  148  235 34306.3649 31862.4332  7.12%   130 1840s
 353867 330418 33617.6733  219  208 34306.3649 31862.4332  7.12%   130 1847s
 354706 330926 31862.4332  156  240 34306.3649 31862.4332  7.12%   130 1852s
 355254 331711 32367.8713  217  129 34306.3649 31862.4332  7.12%   130 1855s
 356860 333161 33222.6267  188  147 34306.3649 31862.4332  7.12%   131 1861s
 358606 334793 32563.1664  167  218 34306.3649 31862.4332  7.12%   131 1866s
 359373 335990 31862.4332  162  282 34306.3649 31862.4332  7.12%   131 1871s
 360647 336169 32939.6648  146  188 34306.3649 31862.4332  7.12%   131 1878s
 360825 336991 32879.3520  211  220 34306.3649 31862.4332  7.12%   131 1882s
 361741 337802 32929.3204  163  222 34306.3649 31862.4332  7.12%   131 1886s
 363476 339334 32654.8212  191  209 34306.3649 31862.4332  7.12%   131 1892s
 364951 340567 32737.1825  171  222 34306.3649 31862.4332  7.12%   131 1896s
 366224 341803 32884.0018  184  161 34306.3649 31862.4332  7.12%   131 1900s
 367527 342921 33132.2187  186  212 34306.3649 31862.4332  7.12%   131 1905s
 369255 344365 32206.4263  189  222 34306.3649 31862.4332  7.12%   132 1912s
 369745 344477 33127.7076  206  139 34306.3649 31862.4332  7.12%   132 1917s
 370512 345672 31862.4332  166  236 34306.3649 31862.4332  7.12%   132 1922s
 371181 345900 31862.4332  172  228 34306.3649 31862.4332  7.12%   132 1925s
 371950 347035 33634.5379  222  226 34306.3649 31862.4332  7.12%   133 1931s
 373189 348568 33324.3940  185  228 34306.3649 31862.4332  7.12%   133 1938s
 374431 349425 31862.4332  220  145 34306.3649 31862.4332  7.12%   133 1941s
 376292 351096 33104.8704  238  172 34306.3649 31862.4332  7.12%   134 1947s
 377199 351104 33670.0831  166  151 34306.3649 31862.4332  7.12%   134 1951s
 377215 351120 33324.3940  192  239 34306.3649 31862.4332  7.12%   134 1959s
 377223 351128 33308.4798  201  139 34306.3649 31862.4332  7.12%   134 1966s
 377231 351136 31862.4332  172  211 34306.3649 31862.4332  7.12%   134 1972s
 377239 351144 32866.2610  182  142 34306.3649 31862.4332  7.12%   134 1978s
 377247 351232 31862.4332  162  221 34306.3649 31862.4332  7.12%   134 1983s
 377339 351371 32884.0018  195  210 34306.3649 31862.4332  7.12%   134 1988s
 377489 351609 32773.7667  172   93 34306.3649 31862.4332  7.12%   134 1993s
 377748 351744 31947.4401  180  120 34306.3649 31862.4332  7.12%   134 2001s
 377883 352078 31862.4332  163  180 34306.3649 31862.4332  7.12%   135 2006s
 378230 352644 32866.2610  196  107 34306.3649 31862.4332  7.12%   135 2011s
 378835 353255 32803.7930  177  131 34306.3649 31862.4332  7.12%   135 2017s
 379509 353743 32669.0449  163  175 34306.3649 31862.4332  7.12%   135 2023s
 380030 354474 33127.7076  185  178 34306.3649 31862.4332  7.12%   135 2029s
 380814 355352 32866.2610  187  146 34306.3649 31862.4332  7.12%   136 2035s
 381720 355763 32885.0168  174  110 34306.3649 31862.4332  7.12%   136 2043s
 382162 357050 33203.8195  190  135 34306.3649 31862.4332  7.12%   136 2049s
 383503 357970 33534.8401  201  183 34306.3649 31862.4332  7.12%   136 2055s
 384456 358842 32866.2610  173  170 34306.3649 31862.4332  7.12%   137 2062s
 385398 359628 33127.7076  195  167 34306.3649 31862.4332  7.12%   137 2070s
 386231 360531 33617.6733  211  119 34306.3649 31862.4332  7.12%   137 2076s
 387187 360968 33127.7076  184  195 34306.3649 31862.4332  7.12%   138 2080s
 387686 362009 31862.4332  225  125 34306.3649 31862.4332  7.12%   138 2088s
 388807 362890 32408.2543  179  163 34306.3649 31862.4332  7.12%   138 2094s
 389716 363371 33324.3940  176  262 34306.3649 31862.4332  7.12%   138 2103s
 390227 364343 32888.4783  210  161 34306.3649 31862.4332  7.12%   138 2110s
 391281 365326 32530.2279  167  180 34306.3649 31862.4332  7.12%   138 2115s
 392331 365445 32655.3183  159  209 34306.3649 31862.4332  7.12%   138 2122s
 392452 366160 32866.2610  188  232 34306.3649 31862.4332  7.12%   138 2128s
 393230 367106 31862.4332  173  184 34306.3649 31862.4332  7.12%   139 2133s
 394238 368095 32866.2610  191  191 34306.3649 31862.4332  7.12%   139 2139s
 395257 369306 33557.0019  203  208 34306.3649 31862.4332  7.12%   139 2144s
 396590 370101 32803.7930  181  232 34306.3649 31862.4332  7.12%   139 2149s
 397448 371007 32218.5087  207  212 34306.3649 31862.4332  7.12%   139 2154s
 398394 371678 31862.4332  186  210 34306.3649 31862.4332  7.12%   139 2158s
 399097 372336 32866.2610  202  211 34306.3649 31862.4332  7.12%   140 2163s
 399802 373360 33324.3940  186  159 34306.3649 31862.4332  7.12%   140 2168s
 400896 373482 32803.7930  169  195 34306.3649 31862.4332  7.12%   140 2174s
 401023 373941 33203.8195  185  213 34306.3649 31862.4332  7.12%   140 2179s
 401501 374488 33308.4798  191  175 34306.3649 31862.4332  7.12%   140 2183s
 402087 375100 32759.2515  180  178 34306.3649 31862.4332  7.12%   140 2188s
 402748 375406 33324.3940  210  164 34306.3649 31862.4332  7.12%   141 2195s
 403067 376634 32885.0168  180  163 34306.3649 31862.4332  7.12%   141 2202s
 404369 377408 31862.4332  195  172 34306.3649 31862.4332  7.12%   141 2208s
 405187 378344 32302.2107  255  229 34306.3649 31862.4332  7.12%   141 2214s
 406218 379001 32628.2157  201  147 34306.3649 31862.4332  7.12%   141 2219s
 406910 379681 infeasible  179      34306.3649 31862.4332  7.12%   142 2223s
 407610 380640 33203.8195  209  185 34306.3649 31862.4332  7.12%   142 2227s
 408615 381436 32866.2610  177  144 34306.3649 31862.4332  7.12%   142 2231s
 410213 382833 32341.7128  164  144 34306.3649 31862.4332  7.12%   143 2237s
 410887 383340 32777.6223  193  159 34306.3649 31862.4332  7.12%   143 2241s
 411401 383415 33670.5802  177  152 34306.3649 31862.4332  7.12%   143 2245s
 412088 384582 33269.6204  169  160 34306.3649 31862.4332  7.12%   143 2253s
 412749 385140 32170.7171  186  209 34306.3649 31862.4332  7.12%   144 2258s
 413348 385376 33324.3940  185  187 34306.3649 31862.4332  7.12%   144 2264s
 413588 386166 33300.4914  213  204 34306.3649 31862.4332  7.12%   144 2268s
 414444 387059 32964.2107  207  189 34306.3649 31862.4332  7.12%   144 2272s
 415397 387826 32835.6315  177  138 34306.3649 31862.4332  7.12%   144 2276s
 416217 388392 infeasible  213      34306.3649 31862.4332  7.12%   145 2280s
 417179 389191 32689.6219  185  190 34306.3649 31862.4332  7.12%   145 2290s
 417663 390194 32643.3753  186  117 34306.3649 31862.4332  7.12%   146 2298s
 418783 391305 31862.4332  170  201 34306.3649 31862.4332  7.12%   146 2304s
 419956 392196 33127.7076  185  148 34306.3649 31862.4332  7.12%   147 2311s
 420933 392573 31862.4332  204  179 34306.3649 31862.4332  7.12%   147 2320s
 421345 393558 33300.4914  189  236 34306.3649 31862.4332  7.12%   147 2330s
 422369 394548 31862.4332  169  179 34306.3649 31862.4332  7.12%   148 2339s
 423419 395782 31862.4332  147  249 34306.3649 31862.4332  7.12%   148 2348s
 424744 396545 32776.2208  230  144 34306.3649 31862.4332  7.12%   149 2359s
 425531 397751 31862.4332  129  278 34306.3649 31862.4332  7.12%   149 2365s
 426788 398744 31862.4332  170  148 34306.3649 31862.4332  7.12%   149 2374s
 427814 399847 32366.7186  193  146 34306.3649 31862.4332  7.12%   149 2383s
 428990 401022 32150.2226  230  160 34306.3649 31862.4332  7.12%   150 2390s
 430243 402105 33269.6204  169  171 34306.3649 31862.4332  7.12%   150 2397s
 431421 402206 32866.2610  194  198 34306.3649 31862.4332  7.12%   150 2402s
 431524 407040 32488.6315  173  170 34306.3649 31862.4332  7.12%   150 2432s
 436560 407569 31862.4332  226  134 34306.3649 31862.4332  7.12%   152 2439s
 437108 408831 32643.3753  195  221 34306.3649 31862.4332  7.12%   152 2446s
 438415 409748 33046.0479  194  173 34306.3649 31862.4332  7.12%   152 2450s
 439397 409786 33269.6204  168  159 34306.3649 31862.4332  7.12%   152 2457s
 439435 410489 33192.0844  167  270 34306.3649 31862.4332  7.12%   152 2463s
 440194 411807 32413.8781  219  116 34306.3649 31862.4332  7.12%   152 2469s
 441550 412883 32489.8107  211  158 34306.3649 31862.4332  7.12%   152 2474s
 442667 414124 33557.0019  209  189 34306.3649 31862.4332  7.12%   152 2481s
 443974 415128 32764.1195  194  167 34306.3649 31862.4332  7.12%   152 2489s
 445076 416086 32170.7171  158  174 34306.3649 31862.4332  7.12%   152 2493s
 446083 417040 32037.5983  188  157 34306.3649 31862.4332  7.12%   152 2499s
 447068 417730 32669.0449  176  145 34306.3649 31862.4332  7.12%   152 2503s
 447785 418311 32884.0018  160  206 34306.3649 31862.4332  7.12%   152 2508s
 448394 419375 32170.7171  156  181 34306.3649 31862.4332  7.12%   152 2510s
 450352 420883 32563.1664  171  210 34306.3649 31862.4332  7.12%   152 2515s
 451822 422338 32446.1623  194  186 34306.3649 31862.4332  7.12%   152 2521s
 453149 423200 32137.9073  161  217 34306.3649 31862.4332  7.12%   153 2527s
 454352 424840 32884.0018  158  161 34306.3649 31862.4332  7.12%   153 2532s
 455167 425709 32341.0501  189  219 34306.3649 31862.4332  7.12%   153 2535s
 456926 427239 32669.0449  161  223 34306.3649 31862.4332  7.12%   153 2540s
 458353 427812 32170.7171  153  154 34306.3649 31862.4332  7.12%   153 2547s
 458363 428186 31862.4332  174  242 34306.3649 31862.4332  7.12%   153 2550s
 459616 429957 32866.2610  196  241 34306.3649 31862.4332  7.12%   153 2557s
 460590 430691 32964.2107  192  235 34306.3649 31862.4332  7.12%   153 2561s
 462196 432541 32884.0018  181  173 34306.3649 31862.4332  7.12%   154 2567s
 463319 433348 31862.4332  170  215 34306.3649 31862.4332  7.12%   154 2570s
 465020 434797 33534.8401  184  170 34306.3649 31862.4332  7.12%   154 2576s
 466755 436973 31862.8985  190  247 34306.3649 31862.4332  7.12%   154 2582s
 468791 437785 33324.3940  178  165 34306.3649 31862.4332  7.12%   154 2587s
 468809 438314 32866.2610  200  219 34306.3649 31862.4332  7.12%   154 2590s
 470085 439782 32866.2610  193  233 34306.3649 31862.4332  7.12%   154 2597s
 470986 440653 33308.4798  166  200 34306.3649 31862.4332  7.12%   154 2600s
 471905 441482 31862.4332  159  210 34306.3649 31862.4332  7.12%   154 2605s
 473693 443250 33046.0479  193  194 34306.3649 31862.4332  7.12%   154 2613s
 474586 444132 32350.6068  186  107 34306.3649 31862.4332  7.12%   154 2618s
 475503 444993 32723.5841  176  181 34306.3649 31862.4332  7.12%   154 2623s
 476421 445001 31862.4332  173  162 34306.3649 31862.4332  7.12%   154 2627s
 476429 445792 33181.3526  183  149 34306.3649 31862.4332  7.12%   154 2631s
 477239 446747 33046.0479  184  194 34306.3649 31862.4332  7.12%   154 2636s
 478225 447471 31862.4332  163  179 34306.3649 31862.4332  7.12%   154 2640s
 479146 448427 32723.5841  197  207 34306.3649 31862.4332  7.12%   154 2649s
 479963 449381 32516.5926  178  205 34306.3649 31862.4332  7.12%   154 2654s
 480952 449389 33046.0479  199  200 34306.3649 31862.4332  7.12%   154 2662s
 480960 449397 32484.1869  179  165 34306.3649 31862.4332  7.12%   154 2667s
 480968 449405 32643.3753  191  159 34306.3649 31862.4332  7.12%   154 2670s
 480984 449421 32669.0449  159  187 34306.3649 31862.4332  7.12%   154 2677s
 480992 449429 32723.5841  185  102 34306.3649 31862.4332  7.12%   154 2681s
 481000 449437 33617.6733  202  162 34306.3649 31862.4332  7.12%   154 2685s
 481008 449445 31862.4332  190  204 34306.3649 31862.4332  7.12%   154 2692s
 481016 449452 32803.7930  198  200 34306.3649 31862.4332  7.12%   154 2697s
 481024 449460 31862.4332  167  208 34306.3649 31862.4332  7.12%   154 2701s
 481032 449468 33534.8401  174  176 34306.3649 31862.4332  7.12%   154 2707s
 481040 449478 32884.0018  199  211 34306.3649 31862.4332  7.12%   154 2713s
 481050 449651 33210.2848  195  266 34306.3649 31862.4332  7.12%   154 2717s
 481224 449890 33324.3940  201  223 34306.3649 31862.4332  7.12%   154 2721s
 481469 450156 31911.0365  192  216 34306.3649 31862.4332  7.12%   154 2726s
 481752 450445 32939.6648  173  215 34306.3649 31862.4332  7.12%   155 2730s
 482053 450906 31862.4332  173  149 34306.3649 31862.4332  7.12%   155 2741s
 482540 451129 31862.4332  184  179 34306.3649 31862.4332  7.12%   155 2747s
 482780 451804 32884.0018  171  151 34306.3649 31862.4332  7.12%   155 2753s
 483468 452328 32380.3221  174  229 34306.3649 31862.4332  7.12%   155 2766s
 484016 452719 32488.6315  168  218 34306.3649 31862.4332  7.12%   155 2774s
 484420 453245 32198.1194  184  175 34306.3649 31862.4332  7.12%   155 2785s
 484968 454019 32866.2610  165  152 34306.3649 31862.4332  7.12%   155 2799s
 485763 455139 33132.2187  182  156 34306.3649 31862.4332  7.12%   155 2805s
 486925 455186 31862.4332  198  173 34306.3649 31862.4332  7.12%   155 2810s
 486981 455687 32338.1535  198  156 34306.3649 31862.4332  7.12%   155 2817s
 487502 456846 32463.4588  169  199 34306.3649 31862.4332  7.12%   155 2822s
 488732 456971 32488.6315  199  146 34306.3649 31862.4332  7.12%   155 2827s
 488858 457955 33046.0479  212  202 34306.3649 31862.4332  7.12%   155 2832s
 489909 458446 32643.3753  189  191 34306.3649 31862.4332  7.12%   156 2837s
 490437 459236 32338.1535  218  136 34306.3649 31862.4332  7.12%   156 2842s
 491267 459978 32563.1664  179  215 34306.3649 31862.4332  7.12%   156 2845s
 493165 461811 31862.4332  204  155 34306.3649 31862.4332  7.12%   156 2852s
 493974 462254 31862.4332  178  260 34306.3649 31862.4332  7.12%   156 2855s
 494677 463150 33068.0518  198  128 34306.3649 31862.4332  7.12%   156 2862s
 495367 464398 31862.4332  210  225 34306.3649 31862.4332  7.12%   156 2865s
 497609 465941 32884.0018  174  222 34306.3649 31862.4332  7.12%   156 2871s
 499025 467437 32643.3753  199  202 34306.3649 31862.4332  7.12%   156 2877s
 499866 468275 33324.3940  169  190 34306.3649 31862.4332  7.12%   157 2880s
 501099 469279 32643.3753  180  138 34306.3649 31862.4332  7.12%   157 2887s
 501817 469940 32484.1869  214  161 34306.3649 31862.4332  7.12%   157 2890s
 503443 471576 32723.5841  183  164 34306.3649 31862.4332  7.12%   157 2897s
 504296 472207 32341.0501  178  193 34306.3649 31862.4332  7.12%   157 2900s
 505620 473737 31862.4332  180  208 34306.3649 31862.4332  7.12%   157 2907s
 506581 474547 32669.0449  160  172 34306.3649 31862.4332  7.12%   158 2911s
 508187 475348 32866.2610  178  182 34306.3649 31862.4332  7.12%   158 2918s
 508295 476143 32803.7930  178  207 34306.3649 31862.4332  7.12%   158 2922s
 509175 477121 32866.2610  202  194 34306.3649 31862.4332  7.12%   158 2925s
 511345 478798 33324.3940  188  218 34306.3649 31862.4332  7.12%   158 2932s
 511971 479684 33324.3940  181  162 34306.3649 31862.4332  7.12%   158 2936s
 513661 481335 32866.2610  176  154 34306.3649 31862.4332  7.12%   158 2943s
 514619 482180 32408.2543  194  164 34306.3649 31862.4332  7.12%   159 2946s
 516372 483721 31862.4332  165  218 34306.3649 31862.4332  7.12%   159 2952s
 517157 484585 33046.0479  194  186 34306.3649 31862.4332  7.12%   159 2955s
 518058 484864 33038.8049  205  217 34306.3649 31862.4332  7.12%   159 2962s
 518357 485515 32866.2610  190  200 34306.3649 31862.4332  7.12%   159 2966s
 519863 486880 32866.2610  193  166 34306.3649 31862.4332  7.12%   160 2972s
 520504 487773 32866.2610  183  177 34306.3649 31862.4332  7.12%   160 2976s
 522308 488954 31862.4332  182  239 34306.3649 31862.4332  7.12%   160 2983s
 522701 490125 33534.8401  186  176 34306.3649 31862.4332  7.12%   160 2987s
 523963 490935 31862.4332  159  193 34306.3649 31862.4332  7.12%   160 2991s
 524812 491560 32625.7226  197  119 34306.3649 31862.4332  7.12%   160 2995s
 526275 493068 31862.4332  176  186 34306.3649 31862.4332  7.12%   161 3002s
 527090 493982 32197.3227  199  210 34306.3649 31862.4332  7.12%   161 3005s
 528799 494900 33324.3940  205  171 34306.3649 31862.4332  7.12%   161 3013s
 529066 495696 32866.2610  204  121 34306.3649 31862.4332  7.12%   161 3016s
 529917 496325 32341.0501  201  111 34306.3649 31862.4332  7.12%   161 3020s
 531457 497866 33046.0479  195  150 34306.3649 31862.4332  7.12%   161 3027s
 532198 498531 32067.6518  189  107 34306.3649 31862.4332  7.12%   162 3030s
 533366 499743 32654.8212  172  155 34306.3649 31862.4332  7.12%   162 3038s
 534170 500535 33132.2187  187  151 34306.3649 31862.4332  7.12%   162 3042s
 534991 500579 31862.4332  196  133 34306.3649 31862.4332  7.12%   162 3045s
 535036 505207 31862.4332  178  141 34306.3649 31862.4332  7.12%   162 3086s
 540077 506369 32380.3221  204  176 34306.3649 31862.4332  7.12%   164 3092s
 541319 507133 31862.4332  176  189 34306.3649 31862.4332  7.12%   164 3097s
 542142 508461 31862.4332  177  249 34306.3649 31862.4332  7.12%   164 3102s
 543526 509246 33324.3940  206  166 34306.3649 31862.4332  7.12%   164 3107s
 544363 510364 31862.4332  183  209 34306.3649 31862.4332  7.12%   164 3111s
 545534 511524 32563.1664  194  171 34306.3649 31862.4332  7.12%   164 3115s
 548036 513457 32866.2610  177  160 34306.3649 31862.4332  7.12%   165 3124s
 548776 514556 31862.4332  181  191 34306.3649 31862.4332  7.12%   165 3128s
 549932 515296 32964.2107  198  200 34306.3649 31862.4332  7.12%   165 3131s
 551237 516399 33534.8401  164  171 34306.3649 31862.4332  7.12%   165 3138s
 551853 517508 32866.2610  169  186 34306.3649 31862.4332  7.12%   165 3142s
 553020 518288 33324.3940  196  202 34306.3649 31862.4332  7.12%   165 3146s
 553837 519087 33617.6733  184  105 34306.3649 31862.4332  7.12%   165 3150s
 554978 520393 32982.1313  183  180 34306.3649 31862.4332  7.12%   165 3158s
 556012 521310 33572.8715  187  183 34306.3649 31862.4332  7.12%   166 3163s
 556949 522117 32964.2107  187  140 34306.3649 31862.4332  7.12%   166 3166s
 557783 522408 32408.2543  208  162 34306.3649 31862.4332  7.12%   166 3171s
 558089 523162 32871.0066  188   78 34306.3649 31862.4332  7.12%   166 3175s
 558875 524061 33054.0807  192  171 34306.3649 31862.4332  7.12%   166 3180s
 560529 525567 32884.0018  206  149 34306.3649 31862.4332  7.12%   166 3188s
 561413 526565 32408.2543  192  161 34306.3649 31862.4332  7.12%   167 3192s
 562467 527385 32884.0018  191  211 34306.3649 31862.4332  7.12%   167 3195s
 564324 529440 31912.0603  198  139 34306.3649 31862.4332  7.12%   167 3203s
 565470 529523 32643.3753  183  141 34306.3649 31862.4332  7.12%   167 3206s
 565557 535780 32884.0018  166  209 34306.3649 31862.4332  7.12%   167 3234s
 572045 536532 32765.0097  159  192 34306.3649 31862.4332  7.12%   168 3238s
 572851 536571 31862.4332  152  148 34306.3649 31862.4332  7.12%   168 3242s
 572893 537183 33647.2214  290  182 34306.3649 31862.4332  7.12%   168 3247s
 573571 538391 32336.0890  184  225 34306.3649 31862.4332  7.12%   168 3250s
 576543 540193 31862.4332  178  175 34306.3649 31862.4332  7.12%   168 3258s
 576749 541732 31862.4332  202  289 34306.3649 31862.4332  7.12%   168 3262s
 579449 544251 infeasible  196      34306.3649 31862.4332  7.12%   167 3267s
 581084 545599 31862.4332  124  173 34306.3649 31862.4332  7.12%   167 3271s
 583430 547462 31862.4332  214  271 34306.3649 31862.4332  7.12%   167 3275s
 586314 550191 33046.0479  252  158 34306.3649 31862.4332  7.12%   166 3280s
 587271 550509 31883.1514  242  347 34306.3649 31862.4332  7.12%   166 3285s
 589243 553073 33035.8579   57  331 34306.3649 31862.4332  7.12%   166 3290s
 591314 554749 32488.6315  128  275 34306.3649 31862.4332  7.12%   166 3295s
 593487 557091 32759.2515  229  186 34306.3649 31862.4332  7.12%   166 3300s
 596346 560814 32832.3547  284  186 34306.3649 31862.4332  7.12%   165 3306s
 598255 560832 31862.4332  196  261 34306.3649 31862.4332  7.12%   165 3310s
 598458 561748 32032.9016  204  298 34306.3649 31862.4332  7.12%   165 3315s
 601296 564632 33240.1069  204  264 34306.3649 31862.4332  7.12%   165 3320s
 603887 567094 31862.4332  217  310 34306.3649 31862.4332  7.12%   164 3325s
 606456 569599 32765.0097  261  134 34306.3649 31862.4332  7.12%   164 3330s
 608806 570980 32887.9580  252  258 34306.3649 31862.4332  7.12%   164 3335s
 609074 572024 32410.3978  171  244 34306.3649 31862.4332  7.12%   164 3340s
 611322 574688 33306.7084  251  198 34306.3649 31862.4332  7.12%   164 3347s
 613800 576829 32929.3204  218  224 34306.3649 31862.4332  7.12%   163 3351s
 616729 579081 33269.6204  214  152 34306.3649 31862.4332  7.12%   163 3357s
 618285 580867 33125.2094  160  322 34306.3649 31862.4332  7.12%   163 3360s
 619312 581738 33308.4798  237  198 34306.3649 31862.4332  7.12%   163 3365s
 621556 583910 33042.4381  237  242 34306.3649 31862.4332  7.12%   163 3371s
 623680 586209 31862.4332  132  280 34306.3649 31862.4332  7.12%   162 3376s
 625929 588842 32032.4302  149  215 34306.3649 31862.4332  7.12%   162 3384s
 627482 589774 32963.6926  225  238 34306.3649 31862.4332  7.12%   162 3386s
 629643 591105 33617.6733  165  186 34306.3649 31862.4332  7.12%   162 3391s
 631695 593593 33028.3352  168  178 34306.3649 31862.4332  7.12%   161 3396s
 634643 596334 33701.3699  225  202 34306.3649 31862.4332  7.12%   161 3401s
 637061 598424 33347.1563  182  217 34306.3649 31862.4332  7.12%   161 3406s
 638245 599437 31862.4332  170  216 34306.3649 31862.4332  7.12%   161 3410s
 639921 600657 33347.1563  189  188 34306.3649 31862.4332  7.12%   161 3415s
 640931 602744 31862.4332  199  122 34306.3649 31862.4332  7.12%   161 3420s
 644172 605148 infeasible  228      34306.3649 31862.4332  7.12%   161 3426s
 646430 607418 33300.4914  180  175 34306.3649 31862.4332  7.12%   161 3431s
 647949 608860 32323.6310  174  190 34306.3649 31862.4332  7.12%   161 3435s
 650161 610228 32157.8201  191  120 34306.3649 31862.4332  7.12%   161 3441s
 650524 611380 32323.6310  172  127 34306.3649 31862.4332  7.12%   161 3445s
 652477 613016 31862.4332  200  190 34306.3649 31862.4332  7.12%   161 3451s
 653930 614638 32269.5475  231  122 34306.3649 31862.4332  7.12%   161 3455s
 655509 616376 33347.1563  190  125 34306.3649 31862.4332  7.12%   161 3460s
 657469 618097 33502.2283  195  182 34306.3649 31862.4332  7.12%   161 3465s
 660112 620483 33534.8401  175  134 34306.3649 31862.4332  7.12%   161 3471s
 661013 621181 33300.4914  187  160 34306.3649 31862.4332  7.12%   161 3476s
 662568 622832 32965.9731  191  204 34306.3649 31862.4332  7.12%   161 3481s
 664252 624306 31862.4332  187  114 34306.3649 31862.4332  7.12%   161 3486s
 665731 625744 32560.1397  171   79 34306.3649 31862.4332  7.12%   161 3491s
 667582 627289 32537.0091  200   85 34306.3649 31862.4332  7.12%   161 3497s
 668219 627953 31862.4332  199  160 34306.3649 31862.4332  7.12%   161 3500s
 670382 630107 33120.6737  207  173 34306.3649 31862.4332  7.12%   161 3507s
 671228 630115 32358.9591  209  190 34306.3649 31862.4332  7.12%   161 3511s
 671718 631449 32038.0540  203  130 34306.3649 31862.4332  7.12%   161 3518s
 672675 632243 32803.7930  210  127 34306.3649 31862.4332  7.12%   161 3521s
 673559 633118 32803.7930  211   97 34306.3649 31862.4332  7.12%   161 3525s
 675447 634940 33300.1627  204  185 34306.3649 31862.4332  7.12%   161 3535s
 676471 635029 31862.4332  177  192 34306.3649 31862.4332  7.12%   161 3540s
 677197 636639 33477.7929  182  135 34306.3649 31862.4332  7.12%   161 3547s
 678285 637553 33120.6737  195  216 34306.3649 31862.4332  7.12%   161 3550s
 680253 639370 33046.0479  198  158 34306.3649 31862.4332  7.12%   161 3557s
 682113 640430 32876.4894  216  166 34306.3649 31862.4332  7.12%   161 3563s
 682324 640439 32308.2182  192  132 34306.3649 31862.4332  7.12%   161 3566s
 682333 640953 32323.6310  169  154 34306.3649 31862.4332  7.12%   161 3570s
 683758 642848 33269.6204  182  119 34306.3649 31862.4332  7.12%   162 3576s
 684878 643708 32537.0091  189   55 34306.3649 31862.4332  7.12%   162 3580s
 687403 645438 33038.8049  174  166 34306.3649 31862.4332  7.12%   162 3588s
 687683 646165 33484.7409  177  202 34306.3649 31862.4332  7.12%   162 3590s
 689312 647887 31862.4332  169  201 34306.3649 31862.4332  7.12%   162 3597s
 690289 648372 33050.8958  210  162 34306.3649 31862.4332  7.12%   162 3600s

Cutting planes:
  Gomory: 21
  Lift-and-project: 24
  Cover: 4
  Implied bound: 38
  MIR: 14
  Flow cover: 116
  Zero half: 42
  RLT: 191
  Relax-and-lift: 56

Explored 690843 nodes (111906324 simplex iterations) in 3600.02 seconds (4183.35 work units)
Thread count was 8 (of 64 available processors)

Solution count 1: 34306.4 

Time limit reached
Best objective 3.430636494132e+04, best bound 3.189890073492e+04, gap 7.0175%
Set parameter MIPFocus to value 0
