
Gurobi 13.0.2 (linux64) logging started Tue Oct  6 05:14:29 2026

Set parameter OutputFlag to value 1
Set parameter LogToConsole to value 0
Set parameter TimeLimit to value 3600
Set parameter MIPGap to value 0.0001
Set parameter MIPFocus to value 3
Gurobi Optimizer version 13.0.2 build v13.0.2rc1 (linux64 - "Ubuntu 24.04.5 LTS")

CPU model: Intel(R) Xeon(R) Gold 6130 CPU @ 2.10GHz, instruction set [SSE2|AVX|AVX2|AVX512]
Thread count: 32 physical cores, 64 logical processors, using up to 8 threads

Non-default parameters:
TimeLimit  3600
MIPFocus  3
LogToConsole  0
Threads  8

Optimize a model with 15207 rows, 14899 columns and 85104 nonzeros (Min)
Model fingerprint: 0x87c455e7
Model has 200 linear objective coefficients
Variable types: 3453 continuous, 11446 integer (8641 binary)
Coefficient statistics:
  Matrix range     [1e-02, 1e+03]
  Objective range  [6e-01, 1e+06]
  Bounds range     [1e+00, 5e+02]
  RHS range        [1e+00, 3e+03]

User MIP start produced solution with objective 34306.4 (0.02s)
Loaded user MIP start with objective 34306.4

Presolve removed 11424 rows and 7253 columns
Presolve time: 0.13s
Presolved: 3783 rows, 7646 columns, 35307 nonzeros
Variable types: 1220 continuous, 6426 integer (5935 binary)
Root relaxation presolve removed 41 rows and 1 columns
Root relaxation presolved: 3742 rows, 7685 columns, 30302 nonzeros


Root relaxation: objective 3.185572e+04, 6938 iterations, 0.80 seconds (0.76 work units)

    Nodes    |    Current Node    |     Objective Bounds      |     Work
 Expl Unexpl |  Obj  Depth IntInf | Incumbent    BestBd   Gap | It/Node Time

     0     0 31855.7199    0  172 34306.3649 31855.7199  7.14%     -    2s
     0     0 31855.7199    0  314 34306.3649 31855.7199  7.14%     -    2s
     0     0 31855.7199    0   77 34306.3649 31855.7199  7.14%     -    3s
     0     0 31855.7199    0  263 34306.3649 31855.7199  7.14%     -    3s
     0     0 31855.7199    0   47 34306.3649 31855.7199  7.14%     -    4s
     0     0 31855.7199    0  253 34306.3649 31855.7199  7.14%     -    4s
     0     0 31855.7199    0  337 34306.3649 31855.7199  7.14%     -    5s
     0     0 31855.7199    0   57 34306.3649 31855.7199  7.14%     -    6s
     0     0 31855.7199    0   57 34306.3649 31855.7199  7.14%     -    6s
     0     0 31855.7199    0  194 34306.3649 31855.7199  7.14%     -    6s
     0     0 31855.7199    0   59 34306.3649 31855.7199  7.14%     -    7s
     0     0 31855.7199    0   59 34306.3649 31855.7199  7.14%     -    7s
     0     0 31855.7199    0   57 34306.3649 31855.7199  7.14%     -    7s
     0     2 31855.7199    0   57 34306.3649 31855.7199  7.14%     -    8s
    90   102 31855.7199    8  275 34306.3649 31855.7199  7.14%  96.2   10s
   469   478 32849.4582   24  322 34306.3649 31855.7199  7.14%  71.8   16s
   485   699 31855.7199   36  362 34306.3649 31855.7199  7.14%  75.7   20s
  1087  1783 32527.6767   23  247 34306.3649 31855.7199  7.14%  66.0   26s
  1792  1784 31855.7199    5   57 34306.3649 31855.7199  7.14%  71.0   32s
  1794  1785 32308.2182   51  274 34306.3649 31855.7199  7.14%  70.9   35s
  1798  1788 31855.7199  103  278 34306.3649 31855.7199  7.14%  70.8   41s
  1800  1789 31855.7199   42  211 34306.3649 31855.7199  7.14%  70.7   46s
  1802  1791 31855.7199   34   49 34306.3649 31855.7199  7.14%  70.6   50s
  1805  1793 32109.8013   17   45 34306.3649 31855.7199  7.14%  70.5   56s
  1806  1793 31855.7199   36   44 34306.3649 31855.7199  7.14%  70.4   63s
  1807  1794 31855.7199   44   44 34306.3649 31855.7199  7.14%  70.4   65s
  2027  2117 31855.7199   23  284 34306.3649 31855.7199  7.14%  85.6   71s
  2204  2136 33300.4914   41  285 34306.3649 31855.7199  7.14%  82.7   76s
  2282  2155 31855.7199   36  234 34306.3649 31855.7199  7.14%  84.4   81s
  2327  2272 31855.7199   52  239 34306.3649 31855.7199  7.14%  85.6   87s
  2459  2653 31855.7199   31  274 34306.3649 31855.7199  7.14%  83.7   94s
  2888  3948 31855.7199   34  233 34306.3649 31855.7199  7.14%  80.1   99s
  4344  4335 31855.7199   55  263 34306.3649 31855.7199  7.14%  77.7  102s
  6032  5199 31855.7199  115  254 34306.3649 31855.7199  7.14%  75.9  106s
  7197  6026 31855.7199  175  313 34306.3649 31855.7199  7.14%  75.0  110s
  9030  7804 31855.7199  214  225 34306.3649 31855.7199  7.14%  73.7  115s
 10597  9198 31855.7199  216  242 34306.3649 31855.7199  7.14%  72.5  121s
 11543 10181 31855.7199  243  255 34306.3649 31855.7199  7.14%  74.5  126s
 13427 11423 31855.7199  115  259 34306.3649 31855.7199  7.14%  75.7  132s
 13734 11814 31855.7199  103  219 34306.3649 31855.7199  7.14%  75.1  136s
 13964 12028 33480.9047  115  289 34306.3649 31855.7199  7.14%  75.0  141s
 14230 12214 31855.7199   62  246 34306.3649 31855.7199  7.14%  75.3  145s
 14246 12255 31855.7199   80  277 34306.3649 31855.7199  7.14%  75.6  150s
 14505 13244 31855.7199   88  284 34306.3649 31855.7199  7.14%  75.7  158s
 15342 13724 31855.7199  252  204 34306.3649 31855.7199  7.14%  75.6  167s
 15837 14227 32277.4448  127  275 34306.3649 31855.7199  7.14%  75.9  171s
 16376 14771 31869.8729  117  292 34306.3649 31855.7199  7.14%  77.1  177s
 16947 15536 31869.8729  119  277 34306.3649 31855.7199  7.14%  79.2  183s
 17737 16385 32876.4894   98  270 34306.3649 31855.7199  7.14%  78.9  187s
 18639 17259 32767.8036  155  276 34306.3649 31855.7199  7.14%  79.6  191s
 19579 17928 32440.4735  120  328 34306.3649 31855.7199  7.14%  80.0  196s
 20301 18805 32945.5429  292  182 34306.3649 31855.7199  7.14%  81.6  201s
 21211 19612 31855.7199  284  219 34306.3649 31855.7199  7.14%  82.6  205s
 22889 20368 31855.7199   65  266 34306.3649 31855.7199  7.14%  84.9  214s
 22897 20375 31855.7199   85  271 34306.3649 31855.7199  7.14%  85.0  218s
 22906 20383 32288.8224  148  251 34306.3649 31855.7199  7.14%  85.2  223s
 22914 20982 31855.7199  175  227 34306.3649 31855.7199  7.14%  85.3  227s
 23524 21422 32654.8212   72  245 34306.3649 31855.7199  7.14%  85.1  230s
 23980 22257 33300.4914  169  271 34306.3649 31855.7199  7.14%  85.5  235s
 24926 23174 33226.8734   78  287 34306.3649 31855.7199  7.14%  86.0  240s
 26699 24572 31855.7199  190  242 34306.3649 31855.7199  7.14%  84.8  246s
 27407 25356 32669.0449  119  306 34306.3649 31855.7199  7.14%  86.9  250s
 28953 26686 31855.7199  184  229 34306.3649 31855.7199  7.14%  88.9  261s
 29860 27637 31855.7199   63  241 34306.3649 31855.7199  7.14%  90.5  266s
 30923 28311 32440.4735  185  243 34306.3649 31855.7199  7.14%  91.3  272s
 31683 28935 31855.7199  194  292 34306.3649 31855.7199  7.14%  93.2  276s
 32430 29801 31855.7199  119  239 34306.3649 31855.7199  7.14%  95.5  281s
 33457 30523 31855.7199  157  248 34306.3649 31855.7199  7.14%  96.2  285s
 34288 30535 33319.9367  203  211 34306.3649 31855.7199  7.14%  97.3  291s
 34308 30617 31855.7199  148  244 34306.3649 31855.7199  7.14%  97.4  296s
 34415 31111 32614.8799  198  255 34306.3649 31855.7199  7.14%  97.8  301s
 34966 32009 31855.7199  182  193 34306.3649 31855.7199  7.14%  98.7  307s
 35967 32662 32114.4160  123  221 34306.3649 31855.7199  7.14%   100  312s
 36688 33422 31942.3977  176  179 34306.3649 31855.7199  7.14%   101  318s
 37579 34208 31855.7199  159  291 34306.3649 31855.7199  7.14%   102  322s
 38437 34898 31855.7199   85  209 34306.3649 31855.7199  7.14%   104  325s
 40161 36246 32250.3631  201  234 34306.3649 31855.7199  7.14%   106  331s
 41661 37736 31855.7199  187  271 34306.3649 31855.7199  7.14%   108  339s
 42573 38494 32037.5983  163  288 34306.3649 31855.7199  7.14%   109  343s
 43423 39336 31855.7199  160  327 34306.3649 31855.7199  7.14%   110  349s
 44324 39978 31855.7199  188  211 34306.3649 31855.7199  7.14%   111  353s
 45077 40275 33029.8715   94  230 34306.3649 31855.7199  7.14%   111  359s
 45446 40914 33151.8438  119  238 34306.3649 31855.7199  7.14%   112  365s
 46118 42139 32335.8180   81  234 34306.3649 31855.7199  7.14%   112  372s
 47441 43032 32063.7333  136  251 34306.3649 31855.7199  7.14%   112  376s
 48385 44055 31947.3916  159  335 34306.3649 31855.7199  7.14%   111  380s
 49455 44978 31855.7199  205  252 34306.3649 31855.7199  7.14%   111  386s
 50469 45748 31855.7199  128  264 34306.3649 31855.7199  7.14%   111  391s
 51322 46418 31855.7199  116  148 34306.3649 31855.7199  7.14%   112  395s
 52078 46852 32471.8218  205  235 34306.3649 31855.7199  7.14%   113  400s
 52542 46888 31855.7199  226  224 34306.3649 31855.7199  7.14%   113  407s
 52578 47046 31855.7199  225  293 34306.3649 31855.7199  7.14%   113  414s
 52746 47573 31855.7199  231  232 34306.3649 31855.7199  7.14%   113  419s
 53366 48522 31855.7199  258  252 34306.3649 31855.7199  7.14%   113  424s
 54427 49149 33120.0781   87  199 34306.3649 31855.7199  7.14%   114  427s
 55175 49197 infeasible  144      34306.3649 31855.7199  7.14%   114  432s
 55237 49650 31855.7199  113  222 34306.3649 31855.7199  7.14%   115  439s
 55741 49905 32702.0831  205  289 34306.3649 31855.7199  7.14%   115  445s
 56488 51062 33029.9214   68  208 34306.3649 31855.7199  7.14%   115  453s
 57363 51792 31855.7199  106  171 34306.3649 31855.7199  7.14%   116  457s
 58237 52446 31855.7199  182  238 34306.3649 31855.7199  7.14%   117  463s
 58968 53225 32147.7141  220  224 34306.3649 31855.7199  7.14%   117  470s
 59989 53993 31895.7718  201  276 34306.3649 31855.7199  7.14%   119  476s
 60911 54709 infeasible  149      34306.3649 31855.7199  7.14%   120  480s
 62486 55950 31947.3916   96  206 34306.3649 31855.7199  7.14%   122  487s
 63199 56820 32088.3392  208  184 34306.3649 31855.7199  7.14%   123  490s
 65153 58196 31855.7199  154  286 34306.3649 31855.7199  7.14%   125  496s
 65860 58263 33203.8195  133   95 34306.3649 31855.7199  7.14%   126  500s
 66735 59686 32499.7492  205  217 34306.3649 31855.7199  7.14%   126  507s
 67633 60613 33304.3324  201  183 34306.3649 31855.7199  7.14%   127  511s
 70007 61763 31855.7199  145  263 34306.3649 31855.7199  7.14%   127  517s
 70075 61842 32687.1411  159  162 34306.3649 31855.7199  7.14%   128  521s
 70433 62166 32488.6315  112  175 34306.3649 31855.7199  7.14%   128  532s
 70557 62346 31855.7199  150  201 34306.3649 31855.7199  7.14%   128  535s
 71005 63002     cutoff  147      34306.3649 31855.7199  7.14%   129  543s
 71612 63556 33020.8201  211  144 34306.3649 31855.7199  7.14%   130  547s
 72305 64277 31855.7199  169  247 34306.3649 31855.7199  7.14%   131  551s
 73138 64285 31993.4476  194  160 34306.3649 31855.7199  7.14%   132  556s
 73146 70521 31869.3256  108  161 34306.3649 31855.7199  7.14%   132  595s
 81146 70541 31992.5007  175  256 34306.3649 31855.7199  7.14%   142  600s
 81167 70929 32400.9169  144  218 34306.3649 31855.7199  7.14%   142  605s
 82387 72326 31855.7199  140  198 34306.3649 31855.7199  7.14%   143  614s
 83342 72857 31855.7199  191  239 34306.3649 31855.7199  7.14%   144  619s
 84055 73393 31855.7199  120  171 34306.3649 31855.7199  7.14%   145  624s
 84729 73996 33120.0781  114  162 34306.3649 31855.7199  7.14%   145  628s
 85479 74857 infeasible  228      34306.3649 31855.7199  7.14%   146  633s
 86475 75665 31855.7199   77  179 34306.3649 31855.7199  7.14%   147  638s
 87522 76543 32681.7155  139  249 34306.3649 31855.7199  7.14%   148  644s
 88577 77386 31855.7199  116  199 34306.3649 31855.7199  7.14%   148  649s
 89632 77873 33020.8201   88  185 34306.3649 31855.7199  7.14%   148  654s
 90226 78697 31857.1850  128  254 34306.3649 31855.7199  7.14%   148  658s
 91190 79502 31895.7718  145  212 34306.3649 31855.7199  7.14%   149  665s
 92056 80268 31855.7199   31  260 34306.3649 31855.7199  7.14%   149  671s
 92875 81564 31855.7199  154  257 34306.3649 31855.7199  7.14%   148  675s
 94196 81571 31855.7199  192  290 34306.3649 31855.7199  7.14%   147  680s
 94204 81579 31855.7199  184  321 34306.3649 31855.7199  7.14%   147  685s
 94212 81814 31855.7199  116  288 34306.3649 31855.7199  7.14%   147  690s
 95563 83826 31855.7199   40  200 34306.3649 31855.7199  7.14%   147  697s
 96602 84286 31855.7199  214  276 34306.3649 31855.7199  7.14%   146  701s
 97157 84833 32398.4249  217  225 34306.3649 31855.7199  7.14%   146  707s
 97845 85810 33038.4642  196  248 34306.3649 31855.7199  7.14%   147  712s
 98915 86576 31855.7199  215  259 34306.3649 31855.7199  7.14%   146  717s
 99747 87455 32946.5116  204  250 34306.3649 31855.7199  7.14%   146  721s
 100698 88086 31947.3916  121  235 34306.3649 31855.7199  7.14%   146  725s
 102272 88876 32778.8129  108  274 34306.3649 31855.7199  7.14%   146  732s
 102280 89124 32308.2182  109  234 34306.3649 31855.7199  7.14%   146  737s
 102564 89896 31855.7199   93  242 34306.3649 31855.7199  7.14%   146  741s
 103419 90902 31855.7199  118  258 34306.3649 31855.7199  7.14%   146  747s
 104584 91533 31855.7199  179  194 34306.3649 31855.7199  7.14%   146  751s
 105287 92294 31855.7199  179  212 34306.3649 31855.7199  7.14%   146  755s
 106140 92778 31855.7199  105  281 34306.3649 31855.7199  7.14%   146  760s
 107707 94561 33112.3198  127  246 34306.3649 31855.7199  7.14%   147  768s
 108658 95193 31855.7199  149  211 34306.3649 31855.7199  7.14%   147  772s
 109387 95868 32945.5429  232  209 34306.3649 31855.7199  7.14%   147  776s
 110157 96549 32602.5797  125  166 34306.3649 31855.7199  7.14%   147  782s
 110921 97403 31857.1850  153  229 34306.3649 31855.7199  7.14%   147  786s
 111872 98342 32767.8036  206  230 34306.3649 31855.7199  7.14%   147  790s
 112940 98350 32440.4735  217  237 34306.3649 31855.7199  7.14%   146  795s
 113134 99112 31855.7199  179  181 34306.3649 31855.7199  7.14%   146  801s
 114666 100448 31855.7199   90  261 34306.3649 31855.7199  7.14%   146  807s
 115331 101205 31855.7199  177  159 34306.3649 31855.7199  7.14%   147  812s
 116223 101677 31855.7199  150  215 34306.3649 31855.7199  7.14%   147  818s
 116808 102168 32563.3215  168  246 34306.3649 31855.7199  7.14%   148  822s
 117444 102701 32578.8382  146  178 34306.3649 31855.7199  7.14%   148  827s
 118114 103514 32218.0116  138  236 34306.3649 31855.7199  7.14%   148  833s
 119081 104183 31934.7587   98  258 34306.3649 31855.7199  7.14%   149  837s
 119885 104846 31855.7199  155  234 34306.3649 31855.7199  7.14%   149  842s
 120704 105507 32702.0831  119  228 34306.3649 31855.7199  7.14%   150  847s
 121513 106022 33112.3198   93  200 34306.3649 31855.7199  7.14%   150  851s
 122172 106548 32517.5794  160  227 34306.3649 31855.7199  7.14%   150  856s
 122847 107180 31855.7199  130  174 34306.3649 31855.7199  7.14%   151  861s
 123577 107188 32518.0926  141  264 34306.3649 31855.7199  7.14%   151  867s
 123585 107202 32693.6005  105  188 34306.3649 31855.7199  7.14%   151  874s
 123605 107276 31855.7199  109  235 34306.3649 31855.7199  7.14%   151  879s
 123708 107395 31855.7199  167  296 34306.3649 31855.7199  7.14%   151  887s
 123834 107787 31855.7199  200  264 34306.3649 31855.7199  7.14%   151  893s
 124329 108650 32063.7333   99  167 34306.3649 31855.7199  7.14%   151  897s
 125330 109305 32669.0449  119  219 34306.3649 31855.7199  7.14%   151  902s
 126161 110005 32197.3227  223  208 34306.3649 31855.7199  7.14%   152  909s
 127004 110673 32133.1124  124  211 34306.3649 31855.7199  7.14%   152  915s
 127845 111171 31855.7199  160  177 34306.3649 31855.7199  7.14%   152  920s
 128536 111896 31855.7199  145  157 34306.3649 31855.7199  7.14%   153  925s
 129457 111903 31857.1850  146  181 34306.3649 31855.7199  7.14%   153  931s
 129466 112246 31857.1850  126  168 34306.3649 31855.7199  7.14%   153  937s
 129875 112818 32231.6949  136  267 34306.3649 31855.7199  7.14%   154  943s
 130615 113640 32488.6315  156  126 34306.3649 31855.7199  7.14%   154  948s
 131644 114546 32563.3215  130  258 34306.3649 31855.7199  7.14%   154  952s
 132757 115439 33393.2637  172  228 34306.3649 31855.7199  7.14%   155  956s
 133919 115446 32952.6649  153  181 34306.3649 31855.7199  7.14%   155  961s
 133928 115705 32964.0491  163  174 34306.3649 31855.7199  7.14%   155  965s
 134262 116183 31896.6641  168  166 34306.3649 31855.7199  7.14%   155  971s
 134879 117123 infeasible  159      34306.3649 31855.7199  7.14%   156  977s
 136032 117739 31855.7199  149  193 34306.3649 31855.7199  7.14%   156  981s
 136857 118328 32746.3209  127  209 34306.3649 31855.7199  7.14%   156  985s
 138320 119507 31855.7199  117  167 34306.3649 31855.7199  7.14%   157  994s
 139130 119919 31855.7199  141  175 34306.3649 31855.7199  7.14%   158  998s
 139717 120419 33040.6926  154  220 34306.3649 31855.7199  7.14%   158 1003s
 140361 120922 31855.7199  123  177 34306.3649 31855.7199  7.14%   159 1006s
 141692 121916 33125.2094  127  150 34306.3649 31855.7199  7.14%   160 1012s
 142414 122581 33214.1257  147  135 34306.3649 31855.7199  7.14%   161 1015s
 144043 123293 32352.3645  142  132 34306.3649 31855.7199  7.14%   162 1023s
 144332 123807 32363.4659  146  212 34306.3649 31855.7199  7.14%   163 1027s
 144978 124188 32593.3972  128  163 34306.3649 31855.7199  7.14%   163 1030s
 146471 125301 32857.1550  137  153 34306.3649 31855.7199  7.14%   164 1037s
 147171 125864 31855.7199  129  161 34306.3649 31855.7199  7.14%   164 1040s
 148747 126332 31855.7199  122  131 34306.3649 31855.7199  7.14%   166 1049s
 148757 126604 infeasible  131      34306.3649 31855.7199  7.14%   166 1055s
 149164 127154 32952.6649  155  162 34306.3649 31855.7199  7.14%   166 1060s
 150122 127837 33127.2177  140  101 34306.3649 31855.7199  7.14%   167 1065s
 151231 128473 32499.7492  147  206 34306.3649 31855.7199  7.14%   168 1070s
 152185 128978 32127.8049  150  170 34306.3649 31855.7199  7.14%   169 1075s
 154076 129739 32952.6649  149  207 34306.3649 31855.7199  7.14%   170 1085s
 154085 129746 32123.3451  157  157 34306.3649 31855.7199  7.14%   170 1094s
 154094 129753 32767.8036  133  160 34306.3649 31855.7199  7.14%   170 1104s
 154102 129761 32500.7668  121  158 34306.3649 31855.7199  7.14%   170 1115s
 154110 129768 31862.1580  142   96 34306.3649 31855.7199  7.14%   170 1125s
 154119 129810 32601.3707  162  220 34306.3649 31855.7199  7.14%   170 1133s
 154176 130060 32578.8382  130  192 34306.3649 31855.7199  7.14%   170 1141s
 154551 130073 31855.7199  155  190 34306.3649 31855.7199  7.14%   171 1148s
 154568 130528 31855.7199  140  184 34306.3649 31855.7199  7.14%   171 1156s
 155191 131006 33301.9565  184  226 34306.3649 31855.7199  7.14%   171 1163s
 155843 131532 31855.7199  161  197 34306.3649 31855.7199  7.14%   172 1172s
 156609 132345 31855.7199  101  187 34306.3649 31855.7199  7.14%   173 1179s
 157710 132349 infeasible  112      34306.3649 31855.7199  7.14%   174 1188s
 157722 132630 32488.6315  167  158 34306.3649 31855.7199  7.14%   174 1197s
 158111 133575 33302.6943  168  122 34306.3649 31855.7199  7.14%   174 1206s
 159323 134615 32578.8382  202  209 34306.3649 31855.7199  7.14%   175 1211s
 160599 135506 31855.7199  149  166 34306.3649 31855.7199  7.14%   175 1219s
 161757 136219 33390.6981  142  227 34306.3649 31855.7199  7.14%   175 1225s
 162687 136903 33482.6152  165  155 34306.3649 31855.7199  7.14%   176 1230s
 163596 137533 31855.7199  177  155 34306.3649 31855.7199  7.14%   176 1237s
 164393 138009 31947.3916  174  180 34306.3649 31855.7199  7.14%   176 1242s
 165030 138157 33112.3198   97  219 34306.3649 31855.7199  7.14%   177 1246s
 165217 139149 32578.8382  117  236 34306.3649 31855.7199  7.14%   177 1254s
 166338 140207 32939.6648  146  244 34306.3649 31855.7199  7.14%   177 1260s
 167573 141228 32218.0116  111  181 34306.3649 31855.7199  7.14%   177 1265s
 168694 142189 32929.3204  135  227 34306.3649 31855.7199  7.14%   177 1271s
 169855 142872 31855.7199   33  271 34306.3649 31855.7199  7.14%   176 1275s
 170675 142880 31855.7199  182  307 34306.3649 31855.7199  7.14%   177 1280s
 170683 143021 31855.7199  153  269 34306.3649 31855.7199  7.14%   177 1286s
 170832 143618 32702.0831  183  222 34306.3649 31855.7199  7.14%   177 1291s
 171518 144488 31895.7718  160  203 34306.3649 31855.7199  7.14%   177 1296s
 172536 145543 31855.7199  114  269 34306.3649 31855.7199  7.14%   177 1301s
 173730 146386 32321.0464   89  278 34306.3649 31855.7199  7.14%   176 1306s
 174698 147308 32759.2515  124  275 34306.3649 31855.7199  7.14%   176 1311s
 175688 147316 31855.7199  238  292 34306.3649 31855.7199  7.14%   176 1318s
 175696 147324 31855.7199  184  226 34306.3649 31855.7199  7.14%   176 1323s
 175704 147609 32022.2800  156  267 34306.3649 31855.7199  7.14%   176 1328s
 175997 148228 31994.1072  127  245 34306.3649 31855.7199  7.14%   176 1333s
 176712 149122 31855.7199   84  229 34306.3649 31855.7199  7.14%   176 1338s
 177702 150179 31855.7199   55  311 34306.3649 31855.7199  7.14%   176 1344s
 178876 150950 32589.1007  172  283 34306.3649 31855.7199  7.14%   176 1349s
 179719 151610 32130.1808  168  284 34306.3649 31855.7199  7.14%   176 1353s
 180461 152521 31855.7199   52  289 34306.3649 31855.7199  7.14%   176 1358s
 181446 153231 31855.7199   63  255 34306.3649 31855.7199  7.14%   176 1362s
 182225 153790 33035.8579  123  233 34306.3649 31855.7199  7.14%   176 1366s
 182875 154486 31855.7199  148  260 34306.3649 31855.7199  7.14%   176 1370s
 183616 155280 31855.7199  264  204 34306.3649 31855.7199  7.14%   176 1375s
 185502 157243 31855.7199   80  258 34306.3649 31855.7199  7.14%   175 1381s
 186605 157251 31855.7199  132  210 34306.3649 31855.7199  7.14%   175 1386s
 186613 157376 32589.1007  158  163 34306.3649 31855.7199  7.14%   175 1392s
 186741 158259 32236.4759  169  252 34306.3649 31855.7199  7.14%   175 1397s
 187647 159007 33478.3186   79  218 34306.3649 31855.7199  7.14%   175 1401s
 188461 159808 32398.4249  192  242 34306.3649 31855.7199  7.14%   175 1405s
 189362 160292 31855.7199  174  284 34306.3649 31855.7199  7.14%   174 1410s
 189899 160927 31855.7199   97  237 34306.3649 31855.7199  7.14%   174 1415s
 191567 162877 31855.7199  118  214 34306.3649 31855.7199  7.14%   174 1423s
 192706 164249 31855.7199  135  260 34306.3649 31855.7199  7.14%   174 1427s
 194171 164901 31857.1850   48  203 34306.3649 31855.7199  7.14%   173 1430s
 195687 166344 31855.7199  132  219 34306.3649 31855.7199  7.14%   173 1436s
 197359 167141 32308.2182  164  276 34306.3649 31855.7199  7.14%   172 1441s
 197396 167520 32032.9016  201  339 34306.3649 31855.7199  7.14%   173 1447s
 198734 169287 31855.7199  123  192 34306.3649 31855.7199  7.14%   172 1451s
 200668 170977 infeasible  195      34306.3649 31855.7199  7.14%   171 1455s
 202544 172495 33449.4276  123  256 34306.3649 31855.7199  7.14%   171 1460s
 203988 173593 31855.7199  145  308 34306.3649 31855.7199  7.14%   171 1465s
 205532 175075 32946.5065  118  259 34306.3649 31855.7199  7.14%   170 1471s
 207051 176299 infeasible  200      34306.3649 31855.7199  7.14%   170 1477s
 207725 176316 31855.7199  130  164 34306.3649 31855.7199  7.14%   170 1481s
 207752 182686 32472.8202  204  215 34306.3649 31855.7199  7.14%   170 1517s
 215752 183286 32563.3215  166  223 34306.3649 31855.7199  7.14%   172 1523s
 216490 184055 32849.4582  198  162 34306.3649 31855.7199  7.14%   172 1528s
 217391 184673 33572.5765  201  114 34306.3649 31855.7199  7.14%   172 1534s
 218098 184702 32114.4160  193  263 34306.3649 31855.7199  7.14%   172 1540s
 218127 185008 infeasible  168      34306.3649 31855.7199  7.14%   172 1546s
 218497 185687 31855.7199  193  223 34306.3649 31855.7199  7.14%   172 1552s
 219337 186418 32929.3204  180  249 34306.3649 31855.7199  7.14%   172 1557s
 220222 187192 33112.3198  183  232 34306.3649 31855.7199  7.14%   172 1561s
 221207 188034 32702.0831  165  264 34306.3649 31855.7199  7.14%   172 1566s
 222201 189013 31855.7199  226  170 34306.3649 31855.7199  7.14%   172 1573s
 223369 189566 33386.8189  190  235 34306.3649 31855.7199  7.14%   172 1578s
 224052 190387 31855.7199  172  144 34306.3649 31855.7199  7.14%   173 1582s
 225016 190964 31855.7199  215  211 34306.3649 31855.7199  7.14%   173 1586s
 225724 191485 31934.7587  176  110 34306.3649 31855.7199  7.14%   173 1590s
 226400 192436 31855.7199  178  158 34306.3649 31855.7199  7.14%   173 1596s
 227509 193168 infeasible  223      34306.3649 31855.7199  7.14%   173 1600s
 228431 193172 31855.7199  187  147 34306.3649 31855.7199  7.14%   173 1605s
 228442 193288 32390.9889  230  165 34306.3649 31855.7199  7.14%   173 1611s
 228574 194011 32277.4448  216  154 34306.3649 31855.7199  7.14%   173 1616s
 229420 194939 33301.9565  173  196 34306.3649 31855.7199  7.14%   173 1621s
 230481 195725 32985.4164  227  192 34306.3649 31855.7199  7.14%   173 1625s
 232073 197007 31855.7199  172  257 34306.3649 31855.7199  7.14%   173 1634s
 232930 197641 31855.7199  170  319 34306.3649 31855.7199  7.14%   173 1639s
 233700 198349 32098.7829  231  247 34306.3649 31855.7199  7.14%   173 1642s
 234620 198873 33104.8704  223  132 34306.3649 31855.7199  7.14%   173 1647s
 235294 199250 infeasible  236      34306.3649 31855.7199  7.14%   173 1652s
 235827 199827 31855.9863  194  172 34306.3649 31855.7199  7.14%   173 1656s
 237289 201187 31861.9248  198  162 34306.3649 31855.7199  7.14%   174 1665s
 239066 201787 33020.8201  198  232 34306.3649 31855.7199  7.14%   174 1675s
 239256 202345 32387.4030  230  107 34306.3649 31855.7199  7.14%   174 1685s
 239997 202915 32849.4582  209  204 34306.3649 31855.7199  7.14%   175 1691s
 240795 203538 33295.3192  195  262 34306.3649 31855.7199  7.14%   175 1696s
 241607 204088 infeasible  233      34306.3649 31855.7199  7.14%   176 1700s
 242376 204799 31855.7199  205  142 34306.3649 31855.7199  7.14%   176 1706s
 243286 205298 32195.9304  218  162 34306.3649 31855.7199  7.14%   176 1712s
 243985 205717 32195.9304  215  222 34306.3649 31855.7199  7.14%   176 1717s
 244700 206183 32654.8212  180  190 34306.3649 31855.7199  7.14%   177 1723s
 245454 206719 32195.9304  208  174 34306.3649 31855.7199  7.14%   177 1730s
 246222 207367 32277.4448  228  185 34306.3649 31855.7199  7.14%   178 1736s
 247128 207791 31934.7587  216  200 34306.3649 31855.7199  7.14%   178 1742s
 247797 208487 31855.7199  202  239 34306.3649 31855.7199  7.14%   179 1748s
 248741 209028 32398.4249  232  175 34306.3649 31855.7199  7.14%   179 1752s
 249488 209036 32746.3209  220  228 34306.3649 31855.7199  7.14%   179 1759s
 249496 209464 32939.6648  208  251 34306.3649 31855.7199  7.14%   179 1767s
 250070 209926 32654.8212  161  203 34306.3649 31855.7199  7.14%   179 1772s
 250828 210571 32857.1550  215  199 34306.3649 31855.7199  7.14%   180 1778s
 251730 210909 32702.0831  171  230 34306.3649 31855.7199  7.14%   180 1786s
 252159 211286 31895.7718  199  263 34306.3649 31855.7199  7.14%   180 1799s
 252654 211805 32309.4625  215  170 34306.3649 31855.7199  7.14%   180 1817s
 253391 212643 31855.7199  224  143 34306.3649 31855.7199  7.14%   181 1836s
 254645 213014 32471.8218  209  287 34306.3649 31855.7199  7.14%   181 1851s
 255169 214389 31857.8249  163  109 34306.3649 31855.7199  7.14%   182 1863s
 257049 215166 33225.3021  190  103 34306.3649 31855.7199  7.14%   182 1874s
 258185 215907 32195.9304  207  238 34306.3649 31855.7199  7.14%   183 1884s
 259255 216763 32945.5429  197  189 34306.3649 31855.7199  7.14%   184 1893s
 260444 216768 infeasible  214      34306.3649 31855.7199  7.14%   184 1900s
 260454 217343 32440.0836  186  226 34306.3649 31855.7199  7.14%   185 1907s
 261200 218131 33138.0990  182  323 34306.3649 31855.7199  7.14%   185 1913s
 262371 218916 33399.7085  241  138 34306.3649 31855.7199  7.14%   185 1919s
 263553 219589 31860.0715  205  213 34306.3649 31855.7199  7.14%   186 1924s
 264538 220345 infeasible  259      34306.3649 31855.7199  7.14%   186 1929s
 265557 221045 33203.8195  200  256 34306.3649 31855.7199  7.14%   187 1934s
 266535 221572 32939.6648  184  142 34306.3649 31855.7199  7.14%   187 1938s
 267249 222153 31855.7199  220  193 34306.3649 31855.7199  7.14%   188 1942s
 268073 222688 infeasible  221      34306.3649 31855.7199  7.14%   188 1946s
 268812 222973 33104.8704  191  159 34306.3649 31855.7199  7.14%   189 1951s
 269148 223483 32471.8218  186  307 34306.3649 31855.7199  7.14%   189 1957s
 269864 224224 32538.2481  191  138 34306.3649 31855.7199  7.14%   189 1961s
 270880 224393 32197.3227  188  210 34306.3649 31855.7199  7.14%   189 1968s
 271095 225107 31897.8690  211  240 34306.3649 31855.7199  7.14%   189 1974s
 272108 225962 31855.7199  209  249 34306.3649 31855.7199  7.14%   190 1978s
 273182 226580 32321.0464  185  276 34306.3649 31855.7199  7.14%   190 1983s
 274081 227302 32440.4735  191  297 34306.3649 31855.7199  7.14%   191 1988s
 275005 227855 33393.2637  204  165 34306.3649 31855.7199  7.14%   191 1992s
 275869 228382 32195.9304  235   50 34306.3649 31855.7199  7.14%   191 1997s
 276616 229093 33482.3698  226  149 34306.3649 31855.7199  7.14%   192 2001s
 277564 229564 32946.5065  225  188 34306.3649 31855.7199  7.14%   192 2005s
 278318 230004 33035.8579  224  222 34306.3649 31855.7199  7.14%   192 2010s
 279013 230020 32602.5797  203  171 34306.3649 31855.7199  7.14%   193 2016s
 279034 230512 31855.7199  192  193 34306.3649 31855.7199  7.14%   193 2020s
 279740 231066 31855.7199  191  274 34306.3649 31855.7199  7.14%   193 2025s
 280540 231734 33012.2771  208  207 34306.3649 31855.7199  7.14%   194 2030s
 281462 231827 33123.4708  182  152 34306.3649 31855.7199  7.14%   194 2035s
 281585 235287 infeasible  239      34306.3649 31855.7199  7.14%   194 2067s
 286341 235928 infeasible  225      34306.3649 31855.7199  7.14%   196 2075s
 287209 236547 32334.9060  236  223 34306.3649 31855.7199  7.14%   196 2082s
 288066 237088 33112.3198  206  205 34306.3649 31855.7199  7.14%   197 2089s
 288910 237757 32702.0831  210  220 34306.3649 31855.7199  7.14%   197 2095s
 289832 238468 31855.7199  198  240 34306.3649 31855.7199  7.14%   197 2102s
 290782 238505 32015.7381  247   97 34306.3649 31855.7199  7.14%   197 2110s
 290839 238677 31948.3445  256   96 34306.3649 31855.7199  7.14%   197 2117s
 291082 239211 31922.7462  215  245 34306.3649 31855.7199  7.14%   197 2124s
 291801 239300 31855.7199  216  193 34306.3649 31855.7199  7.14%   198 2132s
 291924 239832 32149.3714  225  217 34306.3649 31855.7199  7.14%   198 2140s
 292692 240441 32277.4448  182  229 34306.3649 31855.7199  7.14%   198 2147s
 293589 241186 31855.7199  203  209 34306.3649 31855.7199  7.14%   198 2154s
 294599 241895 33035.8579  176  272 34306.3649 31855.7199  7.14%   198 2161s
 295589 242610 31855.7199  203  252 34306.3649 31855.7199  7.14%   199 2170s
 296484 243084 33104.8704  218  188 34306.3649 31855.7199  7.14%   199 2176s
 297128 243183 infeasible  216      34306.3649 31855.7199  7.14%   199 2185s
 297239 243420 32457.7702  177  151 34306.3649 31855.7199  7.14%   199 2196s
 297573 244029 31959.5003  214  147 34306.3649 31855.7199  7.14%   199 2211s
 298446 245043 33295.3192  208  180 34306.3649 31855.7199  7.14%   200 2223s
 299859 245996 32702.0831  207  213 34306.3649 31855.7199  7.14%   200 2230s
 301142 246976 32063.7333  193  218 34306.3649 31855.7199  7.14%   200 2235s
 302482 247096 32746.3209  191  182 34306.3649 31855.7199  7.14%   200 2241s
 302654 247763 32702.0831  203  199 34306.3649 31855.7199  7.14%   200 2246s
 303640 248474 33482.3698  226  177 34306.3649 31855.7199  7.14%   201 2251s
 304644 249238 32195.9304  170  126 34306.3649 31855.7199  7.14%   201 2256s
 305663 249841 infeasible  193      34306.3649 31855.7199  7.14%   202 2261s
 306565 250468 32571.5298  218  182 34306.3649 31855.7199  7.14%   202 2266s
 307433 251096 33572.5765  247  125 34306.3649 31855.7199  7.14%   202 2272s
 308319 251639 32500.7668  219   71 34306.3649 31855.7199  7.14%   203 2277s
 309146 251744 31855.7199  230  161 34306.3649 31855.7199  7.14%   203 2283s
 309326 252528 31855.7199  213  187 34306.3649 31855.7199  7.14%   203 2288s
 310426 253329 32500.7668  238   54 34306.3649 31855.7199  7.14%   203 2293s
 311536 253969 32265.2997  219  125 34306.3649 31855.7199  7.14%   203 2298s
 312481 254387 32032.9016  182  161 34306.3649 31855.7199  7.14%   204 2301s
 313126 254408 31855.7199  217  220 34306.3649 31855.7199  7.14%   204 2306s
 313195 254862 32929.3204  214  239 34306.3649 31855.7199  7.14%   204 2312s
 313834 255389 33482.3698  232  100 34306.3649 31855.7199  7.14%   204 2318s
 314602 256016 32789.2862  234  239 34306.3649 31855.7199  7.14%   205 2325s
 315529 256726 infeasible  254      34306.3649 31855.7199  7.14%   205 2332s
 316571 257124 32410.3978  207  246 34306.3649 31855.7199  7.14%   205 2341s
 317124 257649 infeasible  196      34306.3649 31855.7199  7.14%   205 2347s
 317849 258128 32405.7776  195  155 34306.3649 31855.7199  7.14%   206 2354s
 318563 258633 32195.9304  227  182 34306.3649 31855.7199  7.14%   206 2361s
 319293 258762 31855.7199  241  274 34306.3649 31855.7199  7.14%   206 2368s
 319450 259349 33577.5200  223  214 34306.3649 31855.7199  7.14%   206 2378s
 320326 260180 31855.7199  230  121 34306.3649 31855.7199  7.14%   206 2383s
 321417 260735 32277.4448  231  148 34306.3649 31855.7199  7.14%   207 2390s
 322224 261295 32076.7957  211  225 34306.3649 31855.7199  7.14%   207 2397s
 323036 261936 31855.7199  220  172 34306.3649 31855.7199  7.14%   207 2404s
 323969 261943 31869.8729  228  226 34306.3649 31855.7199  7.14%   208 2412s
 323978 262375 32358.9591  236   55 34306.3649 31855.7199  7.14%   208 2420s
 324645 262959 infeasible  219      34306.3649 31855.7199  7.14%   208 2426s
 325478 263486 32654.8212  175  191 34306.3649 31855.7199  7.14%   208 2433s
 326249 264113 31862.8050  215  217 34306.3649 31855.7199  7.14%   208 2440s
 327100 265200 33112.3198  181  153 34306.3649 31855.7199  7.14%   209 2448s
 328422 265941 33399.7085  211  182 34306.3649 31855.7199  7.14%   208 2453s
 329286 266516 31857.1850  139  155 34306.3649 31855.7199  7.14%   208 2458s
 329974 267280 infeasible  233      34306.3649 31855.7199  7.14%   208 2463s
 330923 268078 infeasible  226      34306.3649 31855.7199  7.14%   208 2468s
 331870 268938 32288.8224  111  194 34306.3649 31855.7199  7.14%   208 2472s
 332822 269059 31855.7199  219  126 34306.3649 31855.7199  7.14%   208 2478s
 332950 269512 31855.7199  150  292 34306.3649 31855.7199  7.14%   208 2483s
 333479 270214 31855.7199  213  262 34306.3649 31855.7199  7.14%   208 2488s
 334290 270221 31855.7199  160  242 34306.3649 31855.7199  7.14%   208 2494s
 334299 270424 31855.7199  148  239 34306.3649 31855.7199  7.14%   208 2501s
 334539 270804 31857.1850  170  188 34306.3649 31855.7199  7.14%   208 2507s
 334975 271316 31855.7199  135  222 34306.3649 31855.7199  7.14%   208 2510s
 335554 271744 31855.7199  132  227 34306.3649 31855.7199  7.14%   208 2517s
 336050 272118 infeasible  146      34306.3649 31855.7199  7.14%   208 2524s
 336497 272554 33120.0781  205  191 34306.3649 31855.7199  7.14%   208 2531s
 336998 273084 32471.8218  104  212 34306.3649 31855.7199  7.14%   208 2536s
 337596 273463 31855.7199  136  302 34306.3649 31855.7199  7.14%   207 2540s
 338717 274773 31855.7199  230  199 34306.3649 31855.7199  7.14%   207 2547s
 339616 276003 31855.7199   81  223 34306.3649 31855.7199  7.14%   207 2551s
 340938 276978 31855.7199   57  254 34306.3649 31855.7199  7.14%   207 2556s
 343195 278570 31855.7199  108  261 34306.3649 31855.7199  7.14%   206 2562s
 343844 278599 32166.3653  140  184 34306.3649 31855.7199  7.14%   206 2566s
 343880 278691 31855.7199  155  159 34306.3649 31855.7199  7.14%   206 2571s
 343982 279240 32109.8013  283  203 34306.3649 31855.7199  7.14%   206 2575s
 344597 279247 31855.7199  218  256 34306.3649 31855.7199  7.14%   206 2580s
 344768 280471 33041.9988  215  243 34306.3649 31855.7199  7.14%   206 2586s
 346776 282114 31855.7199  183  245 34306.3649 31855.7199  7.14%   206 2593s
 347731 282876 31855.7199  106  259 34306.3649 31855.7199  7.14%   205 2596s
 349474 284488 31855.7199   84  301 34306.3649 31855.7199  7.14%   205 2603s
 350358 285139 infeasible  149      34306.3649 31855.7199  7.14%   205 2608s
 351095 285878 31855.7199  140  283 34306.3649 31855.7199  7.14%   205 2612s
 351958 286575 31855.7199  277  168 34306.3649 31855.7199  7.14%   205 2618s
 352731 287354 31855.7199  178  194 34306.3649 31855.7199  7.14%   205 2623s
 353586 288287 31855.7199   94  239 34306.3649 31855.7199  7.14%   205 2629s
 354570 288960 31855.7199  169  269 34306.3649 31855.7199  7.14%   205 2634s
 355319 288968 31855.7199  130  241 34306.3649 31855.7199  7.14%   205 2640s
 355327 289134 33662.7831  141  224 34306.3649 31855.7199  7.14%   205 2645s
 355496 290115 31855.7199  176  248 34306.3649 31855.7199  7.14%   204 2652s
 356590 290807 33149.4766  324  194 34306.3649 31855.7199  7.14%   204 2657s
 357332 291731 31855.7199   39  293 34306.3649 31855.7199  7.14%   204 2662s
 358322 292433 31855.7199  207  302 34306.3649 31855.7199  7.14%   204 2666s
 360215 294323 32837.8206   90  304 34306.3649 31855.7199  7.14%   204 2672s
 361246 295059 31855.7199  161  238 34306.3649 31855.7199  7.14%   204 2675s
 362766 296374 33390.6981  114  290 34306.3649 31855.7199  7.14%   204 2680s
 364263 297710 31858.5934  213  218 34306.3649 31855.7199  7.14%   203 2685s
 366061 298556 31855.7199  188  253 34306.3649 31855.7199  7.14%   203 2691s
 366078 299053 31855.7199   88  235 34306.3649 31855.7199  7.14%   203 2697s
 366607 299898 33386.8189   68  317 34306.3649 31855.7199  7.14%   203 2700s
 368480 301469 32517.4324  118  188 34306.3649 31855.7199  7.14%   203 2705s
 369993 303055 32037.5983  127  221 34306.3649 31855.7199  7.14%   203 2713s
 371300 303813 32499.7492  112  289 34306.3649 31855.7199  7.14%   202 2715s
 372922 305256 32398.4249  113  335 34306.3649 31855.7199  7.14%   202 2722s
 373737 305813 32114.4160  105  202 34306.3649 31855.7199  7.14%   202 2725s
 375015 306925 31855.7199  217  235 34306.3649 31855.7199  7.14%   202 2730s
 376492 307698 31855.7199   51  206 34306.3649 31855.7199  7.14%   202 2736s
 376501 307736 31855.7199   85  247 34306.3649 31855.7199  7.14%   202 2740s
 377283 309053 31855.7199   52  188 34306.3649 31855.7199  7.14%   202 2746s
 378938 310640 31855.7199  121  293 34306.3649 31855.7199  7.14%   202 2751s
 380589 312101 31855.7199  172  303 34306.3649 31855.7199  7.14%   201 2756s
 382423 313645 31855.7199  202  336 34306.3649 31855.7199  7.14%   201 2763s
 383219 314345 31855.7199   85  102 34306.3649 31855.7199  7.14%   201 2766s
 384024 314929 31855.7199  266  262 34306.3649 31855.7199  7.14%   201 2771s
 384741 315457 32037.5983  221  304 34306.3649 31855.7199  7.14%   201 2777s
 385509 316250 32719.0991  271  177 34306.3649 31855.7199  7.14%   201 2783s
 386559 316775 31855.7199  305  123 34306.3649 31855.7199  7.14%   201 2790s
 387231 316861 33302.7502   99  256 34306.3649 31855.7199  7.14%   201 2797s
 387319 317605 33020.8201  105  223 34306.3649 31855.7199  7.14%   201 2802s
 388225 318542 32837.8206  135  163 34306.3649 31855.7199  7.14%   201 2805s
 390419 320324 33210.2848  115  223 34306.3649 31855.7199  7.14%   201 2812s
 391526 321215 31855.7199  110  155 34306.3649 31855.7199  7.14%   201 2816s
 393432 322528 32527.6767  132  223 34306.3649 31855.7199  7.14%   200 2821s
 395094 323871 31855.7199  135  282 34306.3649 31855.7199  7.14%   201 2828s
 395878 324396 31855.7199  156  285 34306.3649 31855.7199  7.14%   201 2831s
 396599 324613 32619.9379  118  208 34306.3649 31855.7199  7.14%   201 2838s
 396905 324645 31855.7199  154  227 34306.3649 31855.7199  7.14%   201 2847s
 396949 324743 31947.3916  119  236 34306.3649 31855.7199  7.14%   201 2854s
 397064 324813 31855.7199  143  261 34306.3649 31855.7199  7.14%   201 2859s
 397153 324908 32308.2182  155  259 34306.3649 31855.7199  7.14%   201 2863s
 397272 324977 32499.7492  138  209 34306.3649 31855.7199  7.14%   201 2868s
 397357 324998 31947.3916  169  175 34306.3649 31855.7199  7.14%   201 2877s
 397380 325005 32499.7492  160  153 34306.3649 31855.7199  7.14%   201 2883s
 397388 325067 32358.9591  155  256 34306.3649 31855.7199  7.14%   201 2889s
 397477 325149 32471.8218  193  198 34306.3649 31855.7199  7.14%   201 2897s
 397599 325220 31855.7199  172  208 34306.3649 31855.7199  7.14%   201 2909s
 397681 325297 31855.7199  145  190 34306.3649 31855.7199  7.14%   201 2915s
 397779 325404 32398.4249  178  210 34306.3649 31855.7199  7.14%   201 2923s
 397899 325494 31922.0999  140  216 34306.3649 31855.7199  7.14%   201 2931s
 398023 325680 31914.7993  262  165 34306.3649 31855.7199  7.14%   201 2937s
 398232 325947 32837.8206  129  251 34306.3649 31855.7199  7.14%   201 2943s
 398596 326303 31872.9786  149  231 34306.3649 31855.7199  7.14%   201 2948s
 399069 326813 33386.8189  146  252 34306.3649 31855.7199  7.14%   201 2955s
 399715 327404 31855.7199  112  209 34306.3649 31855.7199  7.14%   201 2961s
 400424 327984 31855.7199  106  245 34306.3649 31855.7199  7.14%   201 2967s
 401220 327992 33210.2848  133  178 34306.3649 31855.7199  7.14%   201 2974s
 401228 328261 32147.7141  117  232 34306.3649 31855.7199  7.14%   201 2982s
 401549 328937 31855.7199  154  287 34306.3649 31855.7199  7.14%   201 2990s
 402399 329811 infeasible  141      34306.3649 31855.7199  7.14%   201 3003s
 403609 329850 31855.7199  151  241 34306.3649 31855.7199  7.14%   201 3012s
 403671 330871 32499.7492  134  216 34306.3649 31855.7199  7.14%   201 3020s
 404986 331492 31855.7199  160  228 34306.3649 31855.7199  7.14%   201 3029s
 405885 332397 32527.6767  140  273 34306.3649 31855.7199  7.14%   201 3036s
 406997 332453 31855.7199  150  204 34306.3649 31855.7199  7.14%   201 3043s
 407087 333481 33303.9123  132  229 34306.3649 31855.7199  7.14%   201 3049s
 408357 333845 33390.6981  154  208 34306.3649 31855.7199  7.14%   201 3060s
 408949 334720 infeasible  154      34306.3649 31855.7199  7.14%   201 3066s
 410166 335670 32037.5983  158  245 34306.3649 31855.7199  7.14%   201 3071s
 411393 336548 31904.4238  135  192 34306.3649 31855.7199  7.14%   201 3075s
 412513 337673 32499.7492  139  192 34306.3649 31855.7199  7.14%   201 3080s
 415303 338740 32527.6767  175  174 34306.3649 31855.7199  7.14%   201 3090s
 415315 344431 31934.7587  143  229 34306.3649 31855.7199  7.14%   201 3136s
 423315 344540 32687.1411  132  174 34306.3649 31855.7199  7.14%   202 3141s
 423438 344876 infeasible  170      34306.3649 31855.7199  7.14%   202 3145s
 424421 345920 32500.7668  165  123 34306.3649 31855.7199  7.14%   202 3153s
 425248 346520 32508.3907  157  202 34306.3649 31855.7199  7.14%   202 3157s
 426050 347193 32423.6488  168  122 34306.3649 31855.7199  7.14%   202 3161s
 426922 347940 infeasible  145      34306.3649 31855.7199  7.14%   202 3165s
 427857 348504 32218.0116  166  103 34306.3649 31855.7199  7.14%   202 3170s
 428610 349094 infeasible  153      34306.3649 31855.7199  7.14%   203 3175s
 429359 350001 infeasible  158      34306.3649 31855.7199  7.14%   203 3180s
 431580 351313 33220.7166  171  100 34306.3649 31855.7199  7.14%   203 3187s
 432334 351468 infeasible  162      34306.3649 31855.7199  7.14%   203 3192s
 432556 352031 31869.8729  179  154 34306.3649 31855.7199  7.14%   203 3196s
 433396 352588 32398.4249  184  198 34306.3649 31855.7199  7.14%   203 3200s
 434150 352979 33050.8958  163  192 34306.3649 31855.7199  7.14%   203 3205s
 435502 354228 31947.3916  151  151 34306.3649 31855.7199  7.14%   203 3214s
 436378 354953 33120.0781  150  163 34306.3649 31855.7199  7.14%   204 3218s
 437386 355433 32231.6949  169  187 34306.3649 31855.7199  7.14%   204 3223s
 438142 355687 infeasible  175      34306.3649 31855.7199  7.14%   204 3230s
 438523 356062 32405.5335  188  108 34306.3649 31855.7199  7.14%   204 3235s
 439795 356988 33625.8959  158  154 34306.3649 31855.7199  7.14%   205 3243s
 440536 357356 32777.5813  102  183 34306.3649 31855.7199  7.14%   205 3248s
 441131 357380 infeasible  136      34306.3649 31855.7199  7.14%   205 3254s
 441189 357790 33323.5015  157  190 34306.3649 31855.7199  7.14%   205 3259s
 441805 358243 33030.8372  167  148 34306.3649 31855.7199  7.14%   205 3264s
 442540 358818 33138.5588  155  185 34306.3649 31855.7199  7.14%   205 3269s
 443365 359468 32511.4795  162  177 34306.3649 31855.7199  7.14%   206 3275s
 444259 359699 infeasible  168      34306.3649 31855.7199  7.14%   206 3282s
 444623 360377 infeasible  178      34306.3649 31855.7199  7.14%   206 3289s
 445589 360864 32946.5065  158  158 34306.3649 31855.7199  7.14%   206 3294s
 446327 361652 31855.7199  147  236 34306.3649 31855.7199  7.14%   206 3300s
 447372 362174 31855.7199  158  279 34306.3649 31855.7199  7.14%   206 3305s
 448179 362801 32231.6949  141  208 34306.3649 31855.7199  7.14%   207 3310s
 449081 363369 infeasible  170      34306.3649 31855.7199  7.14%   207 3315s
 449911 363903 31855.7199  149  217 34306.3649 31855.7199  7.14%   207 3320s
 451426 364457 33049.9470  157  160 34306.3649 31855.7199  7.14%   207 3330s
 451503 364772 31855.7199  149  227 34306.3649 31855.7199  7.14%   207 3335s
 452816 365842 33210.2848  172  184 34306.3649 31855.7199  7.14%   207 3343s
 453432 366607 32154.6458  167  192 34306.3649 31855.7199  7.14%   208 3349s
 454464 367419 32500.7668  163  169 34306.3649 31855.7199  7.14%   208 3354s
 455525 367537 infeasible  210      34306.3649 31855.7199  7.14%   208 3360s
 455686 367970 32963.6926  166  191 34306.3649 31855.7199  7.14%   208 3365s
 456307 368808     cutoff  162      34306.3649 31855.7199  7.14%   208 3370s
 458287 370049 31947.3916  175  151 34306.3649 31855.7199  7.14%   208 3379s
 459088 370730 31869.8729  159  130 34306.3649 31855.7199  7.14%   208 3384s
 460029 371252 infeasible  182      34306.3649 31855.7199  7.14%   208 3388s
 460770 371822 32154.6458  178  183 34306.3649 31855.7199  7.14%   209 3393s
 461630 372268 31883.7200  177  184 34306.3649 31855.7199  7.14%   209 3396s
 462337 372994 32540.9109  171  193 34306.3649 31855.7199  7.14%   209 3400s
 463265 373343 infeasible  191      34306.3649 31855.7199  7.14%   209 3405s
 463831 373377 infeasible  160      34306.3649 31855.7199  7.14%   209 3410s
 463905 373765 31855.7199  155  197 34306.3649 31855.7199  7.14%   209 3416s
 464477 374421 31855.7199  142  217 34306.3649 31855.7199  7.14%   209 3422s
 465420 374911     cutoff  162      34306.3649 31855.7199  7.14%   210 3427s
 466289 374956 32513.5196  166  197 34306.3649 31855.7199  7.14%   210 3433s
 466372 375615 31855.7199  135  102 34306.3649 31855.7199  7.14%   210 3438s
 467288 376395 33029.8715  167  165 34306.3649 31855.7199  7.14%   210 3443s
 468490 377276 32500.7668  140  141 34306.3649 31855.7199  7.14%   210 3448s
 469712 377957 33210.2848  129  212 34306.3649 31855.7199  7.14%   210 3452s
 470664 378678 31855.7199  163  155 34306.3649 31855.7199  7.14%   210 3456s
 471773 379444 33029.8715  139  170 34306.3649 31855.7199  7.14%   210 3460s
 473804 380468 32946.5065  150  211 34306.3649 31855.7199  7.14%   211 3468s
 474527 381215 31855.7199  181  182 34306.3649 31855.7199  7.14%   211 3472s
 475548 381638 infeasible  187      34306.3649 31855.7199  7.14%   211 3475s
 476927 382156 31869.8729  182  178 34306.3649 31855.7199  7.14%   211 3484s
 476938 382161 32312.2361  178  137 34306.3649 31855.7199  7.14%   211 3490s
 476948 382477 infeasible  180      34306.3649 31855.7199  7.14%   211 3496s
 477356 383079 infeasible  158      34306.3649 31855.7199  7.14%   211 3502s
 478231 383577 32789.2862  153  192 34306.3649 31855.7199  7.14%   211 3507s
 478949 384496 infeasible  163      34306.3649 31855.7199  7.14%   211 3512s
 480144 385143 33301.9565  145  155 34306.3649 31855.7199  7.14%   211 3517s
 481098 385654 32218.0116  179  210 34306.3649 31855.7199  7.14%   211 3521s
 481856 385976 32500.7668  162  121 34306.3649 31855.7199  7.14%   211 3525s
 482428 386568 31855.7199  150  193 34306.3649 31855.7199  7.14%   212 3530s
 483229 387019 infeasible  182      34306.3649 31855.7199  7.14%   212 3536s
 483938 387401 infeasible  165      34306.3649 31855.7199  7.14%   212 3541s
 484549 387837 33295.3192  155  156 34306.3649 31855.7199  7.14%   212 3546s
 485242 388284 33210.2848  160  171 34306.3649 31855.7199  7.14%   212 3551s
 485905 389157 31855.7199  159  161 34306.3649 31855.7199  7.14%   212 3557s
 487019 389507 31855.7199  152  172 34306.3649 31855.7199  7.14%   212 3563s
 487554 390010 infeasible  169      34306.3649 31855.7199  7.14%   213 3569s
 488243 390604 32308.2182  154  154 34306.3649 31855.7199  7.14%   213 3574s
 489102 391434 31855.7199  162  187 34306.3649 31855.7199  7.14%   213 3578s
 490259 391944 31855.7199  174  189 34306.3649 31855.7199  7.14%   213 3580s
 491590 392725 32037.5983  147  197 34306.3649 31855.7199  7.14%   213 3588s
 492004 392798 infeasible  184      34306.3649 31855.7199  7.14%   213 3592s
 492100 393211 infeasible  196      34306.3649 31855.7199  7.14%   213 3597s
 492617 393676 33386.8189  136  179 34306.3649 31855.7199  7.14%   213 3600s

Cutting planes:
  Learned: 1
  Gomory: 79
  Lift-and-project: 58
  Cover: 2
  Implied bound: 89
  MIR: 37
  StrongCG: 1
  Flow cover: 316
  Zero half: 37
  RLT: 377
  Relax-and-lift: 141

Explored 493193 nodes (105033737 simplex iterations) in 3600.02 seconds (4299.21 work units)
Thread count was 8 (of 64 available processors)

Solution count 1: 34306.4 

Time limit reached
Best objective 3.430636494132e+04, best bound 3.189890073492e+04, gap 7.0175%
Set parameter MIPFocus to value 0
