
Gurobi 12.0.3 (win64) logging started Tue Jun 30 14:56:13 2026

Set parameter LogFile to value "output/DCH_taller_julio/Costo_variable/Carga_on_board_640kW_Descomp/station_1_d32\gurobi.log"
Set parameter Threads to value 5
Set parameter Heuristics to value 0.5
Set parameter MIPFocus to value 3
Set parameter Presolve to value 2
Set parameter FlowCoverCuts to value 2
Set parameter TimeLimit to value 172800
Gurobi Optimizer version 12.0.3 build v12.0.3rc0 (win64 - Windows 11+.0 (26200.2))

CPU model: Intel(R) Core(TM) i9-14900K, instruction set [SSE2|AVX|AVX2]
Thread count: 24 physical cores, 32 logical processors, using up to 5 threads

Non-default parameters:
TimeLimit  172800
MIPGap  0.01
Heuristics  0.5
MIPFocus  3
FlowCoverCuts  2
Presolve  2
Threads  5

Optimize a model with 22763 rows, 35809 columns and 109840 nonzeros
Model fingerprint: 0x48452ba3
Variable types: 17323 continuous, 18486 integer (18485 binary)
Coefficient statistics:
  Matrix range     [1e-01, 6e+02]
  Objective range  [3e-03, 1e+02]
  Bounds range     [1e+00, 1e+00]
  RHS range        [1e+00, 1e+04]
Presolve removed 20367 rows and 25839 columns
Presolve time: 0.15s
Presolved: 2396 rows, 9970 columns, 30322 nonzeros
Variable types: 820 continuous, 9150 integer (9150 binary)
Root relaxation presolved: 2396 rows, 9970 columns, 30322 nonzeros


Root relaxation: objective 1.670770e+05, 3773 iterations, 0.17 seconds (0.19 work units)

    Nodes    |    Current Node    |     Objective Bounds      |     Work
 Expl Unexpl |  Obj  Depth IntInf | Incumbent    BestBd   Gap | It/Node Time

     0     0 167076.954    0  313          - 167076.954      -     -    0s
H    0     0                    172237.99987 167076.954  3.00%     -    0s
H    0     0                    171565.77585 167076.954  2.62%     -    0s
H    0     0                    171347.29831 167076.954  2.49%     -    0s
H    0     0                    171319.48200 167076.954  2.48%     -    0s
H    0     0                    171240.40780 167076.954  2.43%     -    0s
H    0     0                    171172.72018 167076.954  2.39%     -    0s
H    0     0                    170909.78220 167076.954  2.24%     -    0s
H    0     0                    170505.59037 167076.954  2.01%     -    0s
H    0     0                    170407.01985 167076.954  1.95%     -    0s
H    0     0                    170258.96863 167076.954  1.87%     -    0s
H    0     0                    170253.93053 167076.954  1.87%     -    0s
H    0     0                    170162.04469 167076.954  1.81%     -    1s
H    0     0                    169830.30015 167076.954  1.62%     -    1s
H    0     0                    169681.64307 167076.954  1.54%     -    1s
H    0     0                    169672.47815 167076.954  1.53%     -    1s
H    0     0                    169659.47609 167076.954  1.52%     -    1s
H    0     0                    169653.82513 167076.954  1.52%     -    1s
H    0     0                    169548.38961 167261.115  1.35%     -    1s
H    0     0                    169546.17398 167261.115  1.35%     -    1s
H    0     0                    169260.72785 167261.115  1.18%     -    1s
H    0     0                    169253.90501 167261.115  1.18%     -    1s
H    0     0                    169246.44749 167261.115  1.17%     -    1s
H    0     0                    169109.04463 167261.115  1.09%     -    1s
H    0     0                    169019.05615 167261.115  1.04%     -    1s
     0     0 167261.115    0  364 169019.056 167261.115  1.04%     -    1s
H    0     0                    169014.13580 167261.115  1.04%     -    2s
H    0     0                    169000.68398 167261.115  1.03%     -    2s
H    0     0                    168994.53917 167261.115  1.03%     -    2s
H    0     0                    168969.07295 167261.115  1.01%     -    2s
H    0     0                    168749.51846 167277.502  0.87%     -    2s
H    0     0                    168727.34106 167277.502  0.86%     -    2s
H    0     0                    168726.28037 167277.502  0.86%     -    2s
     0     0 167316.819    0  343 168726.280 167316.819  0.84%     -    2s

Cutting planes:
  Gomory: 21
  Lift-and-project: 13
  Cover: 7
  Implied bound: 10
  Clique: 3
  MIR: 2
  Flow cover: 27
  Zero half: 3
  RLT: 12
  Relax-and-lift: 2
  PSD: 1

Explored 1 nodes (8775 simplex iterations) in 2.36 seconds (1.73 work units)
Thread count was 5 (of 32 available processors)

Solution count 10: 168726 168727 168750 ... 169246

Optimal solution found (tolerance 1.00e-02)
Best objective 1.687262803706e+05, best bound 1.673168193845e+05, gap 0.8354%
