
Gurobi 12.0.3 (win64) logging started Tue Jul  7 18:01:38 2026

Set parameter LogFile to value "output/DCH_taller_julio/Costo_variable/Ventana_restringida/Carga_on_board_1000kW_Descomp_ventana_carga/station_3_d1_stage1\gurobi.log"
Set parameter Threads to value 5
Set parameter Heuristics to value 0.5
Set parameter MIPFocus to value 3
Set parameter Presolve to value 2
Set parameter FlowCoverCuts to value 2
Set parameter TimeLimit to value 172800
Gurobi Optimizer version 12.0.3 build v12.0.3rc0 (win64 - Windows 11+.0 (26200.2))

CPU model: Intel(R) Core(TM) i9-14900K, instruction set [SSE2|AVX|AVX2]
Thread count: 24 physical cores, 32 logical processors, using up to 5 threads

Non-default parameters:
TimeLimit  172800
MIPGap  0.01
Heuristics  0.5
MIPFocus  3
FlowCoverCuts  2
Presolve  2
Threads  5

Optimize a model with 23299 rows, 35809 columns and 111278 nonzeros
Model fingerprint: 0xb2c5a86c
Variable types: 17323 continuous, 18486 integer (18485 binary)
Coefficient statistics:
  Matrix range     [1e-01, 1e+03]
  Objective range  [1e-02, 2e+05]
  Bounds range     [1e+00, 1e+00]
  RHS range        [1e+00, 1e+04]
Presolve removed 22062 rows and 27285 columns
Presolve time: 0.31s
Presolved: 1237 rows, 8524 columns, 25866 nonzeros
Variable types: 244 continuous, 8280 integer (8279 binary)
Root relaxation presolved: 1237 rows, 8524 columns, 25866 nonzeros


Use crossover to convert LP symmetric solution to basic solution...

Root relaxation: objective 1.211185e+05, 3257 iterations, 0.12 seconds (0.07 work units)

    Nodes    |    Current Node    |     Objective Bounds      |     Work
 Expl Unexpl |  Obj  Depth IntInf | Incumbent    BestBd   Gap | It/Node Time

     0     0 220671.906    0  136          - 220671.906      -     -    1s
H    0     0                    399320.94914 220671.906  44.7%     -    2s
H    0     0                    397029.90527 220671.918  44.4%     -    2s
H    0     0                    396512.57449 220671.918  44.3%     -    2s
H    0     0                    221506.58586 220671.918  0.38%     -    2s
     0     0 220671.918    0   80 221506.586 220671.918  0.38%     -    2s

Cutting planes:
  Gomory: 14
  Lift-and-project: 11
  Cover: 3
  Implied bound: 3
  Projected implied bound: 5
  MIR: 16
  Flow cover: 38
  GUB cover: 2
  Zero half: 5
  RLT: 2

Explored 1 nodes (11172 simplex iterations) in 2.56 seconds (1.24 work units)
Thread count was 5 (of 32 available processors)

Solution count 4: 221507 396513 397030 399321 

Optimal solution found (tolerance 1.00e-02)
Best objective 2.215065858623e+05, best bound 2.206719176511e+05, gap 0.3768%
