
Gurobi 12.0.0 (win64) logging started Mon Sep  7 03:52:45 2026

Set parameter LogFile to value "C:\Users\TECNO-MASTER\Desktop\Elmo_infrastructure_sizing_NP-\output\DCH_septiembre\Bateria_482\Costo_fijo\Ventana_restringida\Carga_on_board_fixed_3estaciones_P640kW_Descomp/station_3_d91_stage1\gurobi.log"
Set parameter Threads to value 1
Set parameter Heuristics to value 0.5
Set parameter MIPFocus to value 3
Set parameter Presolve to value 2
Set parameter FlowCoverCuts to value 2
Set parameter TimeLimit to value 1200
Gurobi Optimizer version 12.0.0 build v12.0.0rc1 (win64 - Windows 11+.0 (26200.2))

CPU model: Intel(R) Core(TM) i9-14900K, instruction set [SSE2|AVX|AVX2]
Thread count: 24 physical cores, 32 logical processors, using up to 1 threads

Non-default parameters:
TimeLimit  1200
MIPGap  0.05
Heuristics  0.5
MIPFocus  3
FlowCoverCuts  2
Presolve  2
Threads  1

Optimize a model with 23314 rows, 37249 columns and 111232 nonzeros
Model fingerprint: 0xef554114
Variable types: 17323 continuous, 19926 integer (19925 binary)
Coefficient statistics:
  Matrix range     [1e-01, 6e+02]
  Objective range  [4e-01, 1e+05]
  Bounds range     [1e+00, 1e+00]
  RHS range        [1e+00, 1e+04]
Presolve removed 22108 rows and 28480 columns
Presolve time: 0.19s
Presolved: 1206 rows, 8769 columns, 26572 nonzeros
Variable types: 233 continuous, 8536 integer (8535 binary)
Root relaxation presolved: 1206 rows, 8769 columns, 26572 nonzeros


Use crossover to convert LP symmetric solution to basic solution...

Root relaxation: objective 1.608176e+05, 3023 iterations, 0.06 seconds (0.05 work units)

    Nodes    |    Current Node    |     Objective Bounds      |     Work
 Expl Unexpl |  Obj  Depth IntInf | Incumbent    BestBd   Gap | It/Node Time

     0     0 160817.560    0  108          - 160817.560      -     -    0s
H    0     0                    271205.30357 160817.560  40.7%     -    0s
     0     0 170667.242    0  152 271205.304 170667.242  37.1%     -    1s
H    0     0                    222162.80217 174944.390  21.3%     -    1s
H    0     0                    193419.64757 174944.390  9.55%     -    1s
H    0     0                    189167.80441 174944.390  7.52%     -    1s
H    0     0                    183890.73476 174944.390  4.87%     -    1s

Cutting planes:
  Gomory: 1
  Cover: 2
  Projected implied bound: 4
  Clique: 1
  Zero half: 18

Explored 1 nodes (7447 simplex iterations) in 1.59 seconds (1.27 work units)
Thread count was 1 (of 32 available processors)

Solution count 5: 183891 189168 193420 ... 271205

Optimal solution found (tolerance 5.00e-02)
Best objective 1.838907347616e+05, best bound 1.749443897963e+05, gap 4.8650%
