
Gurobi 12.0.3 (win64) logging started Tue Jul  7 17:49:23 2026

Set parameter LogFile to value "output/DCH_taller_julio/Costo_variable/Ventana_restringida/Carga_on_board_640kW_Descomp_ventana_carga/station_3_d244_stage1\gurobi.log"
Set parameter Threads to value 5
Set parameter Heuristics to value 0.5
Set parameter MIPFocus to value 3
Set parameter Presolve to value 2
Set parameter FlowCoverCuts to value 2
Set parameter TimeLimit to value 172800
Gurobi Optimizer version 12.0.3 build v12.0.3rc0 (win64 - Windows 11+.0 (26200.2))

CPU model: Intel(R) Core(TM) i9-14900K, instruction set [SSE2|AVX|AVX2]
Thread count: 24 physical cores, 32 logical processors, using up to 5 threads

Non-default parameters:
TimeLimit  172800
MIPGap  0.01
Heuristics  0.5
MIPFocus  3
FlowCoverCuts  2
Presolve  2
Threads  5

Optimize a model with 23329 rows, 35809 columns and 111338 nonzeros
Model fingerprint: 0x1e90ccdd
Variable types: 17323 continuous, 18486 integer (18485 binary)
Coefficient statistics:
  Matrix range     [1e-01, 6e+02]
  Objective range  [8e-03, 1e+05]
  Bounds range     [1e+00, 1e+00]
  RHS range        [1e+00, 1e+04]
Presolve removed 22092 rows and 27284 columns
Presolve time: 0.26s
Presolved: 1237 rows, 8525 columns, 25866 nonzeros
Variable types: 245 continuous, 8280 integer (8279 binary)
Root relaxation presolved: 1237 rows, 8525 columns, 25866 nonzeros


Use crossover to convert LP symmetric solution to basic solution...

Root relaxation: objective 1.982568e+05, 3399 iterations, 0.11 seconds (0.06 work units)

    Nodes    |    Current Node    |     Objective Bounds      |     Work
 Expl Unexpl |  Obj  Depth IntInf | Incumbent    BestBd   Gap | It/Node Time

     0     0 198256.763    0  207          - 198256.763      -     -    1s
     0     0 217090.550    0  186          - 217090.550      -     -    1s
H    0     0                    480372.90975 217090.550  54.8%     -    1s
H    0     0                    343072.89415 219727.862  36.0%     -    2s
H    0     0                    342998.09457 219727.862  35.9%     -    2s
H    0     0                    342992.72454 219727.862  35.9%     -    2s
H    0     0                    333133.69941 219727.862  34.0%     -    2s
H    0     0                    332942.19098 219727.862  34.0%     -    2s
H    0     0                    327463.26771 219727.862  32.9%     -    2s
H    0     0                    327325.79368 219727.862  32.9%     -    2s
     0     0 222676.409    0   65 327325.794 222676.409  32.0%     -    2s
H    0     0                    237844.41389 222676.409  6.38%     -    2s
H    0     0                    237726.30815 222676.409  6.33%     -    2s
H    0     0                    235391.94665 222676.409  5.40%     -    2s
H    0     0                    231431.65591 222676.409  3.78%     -    2s
     0     0 222882.001    0   67 231431.656 222882.001  3.69%     -    2s
     0     0 222882.001    0   67 231431.656 222882.001  3.69%     -    2s
     0     0 222882.001    0   62 231431.656 222882.001  3.69%     -    3s
H    0     0                    229479.38774 222882.001  2.87%     -    3s
H    0     0                    229133.70886 222882.001  2.73%     -    4s
H    0     0                    229075.49576 222882.001  2.70%     -    4s
     0     0 222882.001    0   87 229075.496 222882.001  2.70%     -    4s
H    0     0                    225588.35254 222882.001  1.20%     -    4s
H    0     0                    225587.56940 222882.001  1.20%     -    4s
     0     0 222882.001    0   30 225587.569 222882.001  1.20%     -    5s
     0     0 222882.001    0   37 225587.569 222882.001  1.20%     -    6s
     0     0 222882.001    0   37 225587.569 222882.001  1.20%     -    8s
     0     0 222882.001    0   40 225587.569 222882.001  1.20%     -    8s
     0     0 222882.001    0   46 225587.569 222882.001  1.20%     -    9s
H    0     0                    225361.58615 222882.001  1.10%     -   10s
H    0     0                    224110.63701 222882.001  0.55%     -   10s
H    0     0                    224024.50994 222882.001  0.51%     -   10s
H    0     0                    223657.36092 222882.001  0.35%     -   10s
     0     0 222882.001    0   45 223657.361 222882.001  0.35%     -   10s

Cutting planes:
  Gomory: 7
  Lift-and-project: 3
  Cover: 15
  Implied bound: 11
  Projected implied bound: 3
  Clique: 5
  MIR: 6
  Flow cover: 24
  Zero half: 15
  RLT: 2
  Relax-and-lift: 18

Explored 1 nodes (16257 simplex iterations) in 10.31 seconds (4.62 work units)
Thread count was 5 (of 32 available processors)

Solution count 10: 223657 224025 224111 ... 231432

Optimal solution found (tolerance 1.00e-02)
Best objective 2.236573609164e+05, best bound 2.228820014145e+05, gap 0.3467%
