
Gurobi 12.0.3 (win64) logging started Tue Jun 30 14:43:27 2026

Set parameter LogFile to value "output/DCH_taller_julio/Costo_fijo/Carga_on_board_640kW_Descomp/station_1_d91_stage1\gurobi.log"
Set parameter Threads to value 5
Set parameter Heuristics to value 0.5
Set parameter MIPFocus to value 3
Set parameter Presolve to value 2
Set parameter FlowCoverCuts to value 2
Set parameter TimeLimit to value 172800
Gurobi Optimizer version 12.0.3 build v12.0.3rc0 (win64 - Windows 11+.0 (26200.2))

CPU model: Intel(R) Core(TM) i9-14900K, instruction set [SSE2|AVX|AVX2]
Thread count: 24 physical cores, 32 logical processors, using up to 5 threads

Non-default parameters:
TimeLimit  172800
MIPGap  0.01
Heuristics  0.5
MIPFocus  3
FlowCoverCuts  2
Presolve  2
Threads  5

Optimize a model with 22793 rows, 35809 columns and 110802 nonzeros
Model fingerprint: 0xbffe7d2c
Variable types: 17323 continuous, 18486 integer (18485 binary)
Coefficient statistics:
  Matrix range     [1e-01, 6e+02]
  Objective range  [4e-01, 1e+05]
  Bounds range     [1e+00, 1e+00]
  RHS range        [1e+00, 1e+04]
Presolve removed 19960 rows and 25836 columns
Presolve time: 0.11s
Presolved: 2833 rows, 9973 columns, 30958 nonzeros
Variable types: 821 continuous, 9152 integer (9151 binary)
Root relaxation presolved: 2833 rows, 9973 columns, 30958 nonzeros


Root relaxation: objective 7.110426e+04, 4422 iterations, 0.28 seconds (0.68 work units)

    Nodes    |    Current Node    |     Objective Bounds      |     Work
 Expl Unexpl |  Obj  Depth IntInf | Incumbent    BestBd   Gap | It/Node Time

     0     0 71104.2596    0  437          - 71104.2596      -     -    1s
H    0     0                    481719.34176 173534.812  64.0%     -    1s
H    0     0                    301641.92784 173534.812  42.5%     -    2s
H    0     0                    173544.92784 173534.812  0.01%     -    2s
     0     0 173540.191    0  544 173544.928 173540.191  0.00%     -    2s

Cutting planes:
  Gomory: 15
  Cover: 1
  Implied bound: 15
  Projected implied bound: 3
  MIR: 121
  Mixing: 8
  Flow cover: 44
  Zero half: 17
  Relax-and-lift: 2

Explored 1 nodes (25942 simplex iterations) in 2.45 seconds (4.89 work units)
Thread count was 5 (of 32 available processors)

Solution count 3: 173545 301642 481719 

Optimal solution found (tolerance 1.00e-02)
Best objective 1.735449278408e+05, best bound 1.735401909837e+05, gap 0.0027%
