
Gurobi 12.0.3 (win64) logging started Tue Jun 30 14:32:59 2026

Set parameter LogFile to value "output/DCH_taller_julio/Costo_variable/Carga_on_board_320kW_Descomp/station_1_d244\gurobi.log"
Set parameter Threads to value 5
Set parameter Heuristics to value 0.5
Set parameter MIPFocus to value 3
Set parameter Presolve to value 2
Set parameter FlowCoverCuts to value 2
Set parameter TimeLimit to value 172800
Gurobi Optimizer version 12.0.3 build v12.0.3rc0 (win64 - Windows 11+.0 (26200.2))

CPU model: Intel(R) Core(TM) i9-14900K, instruction set [SSE2|AVX|AVX2]
Thread count: 24 physical cores, 32 logical processors, using up to 5 threads

Non-default parameters:
TimeLimit  172800
MIPGap  0.01
Heuristics  0.5
MIPFocus  3
FlowCoverCuts  2
Presolve  2
Threads  5

Optimize a model with 22793 rows, 35809 columns and 109900 nonzeros
Model fingerprint: 0xad8826af
Variable types: 17323 continuous, 18486 integer (18485 binary)
Coefficient statistics:
  Matrix range     [1e-01, 3e+02]
  Objective range  [8e-03, 1e+02]
  Bounds range     [1e+00, 1e+00]
  RHS range        [1e+00, 1e+04]
Presolve removed 20486 rows and 25838 columns
Presolve time: 0.13s
Presolved: 2307 rows, 9971 columns, 29520 nonzeros
Variable types: 821 continuous, 9150 integer (9150 binary)
Root relaxation presolved: 2307 rows, 9971 columns, 29520 nonzeros


Root relaxation: objective 1.293373e+05, 3881 iterations, 0.24 seconds (0.33 work units)

    Nodes    |    Current Node    |     Objective Bounds      |     Work
 Expl Unexpl |  Obj  Depth IntInf | Incumbent    BestBd   Gap | It/Node Time

     0     0 129337.302    0  210          - 129337.302      -     -    1s
H    0     0                    284569.72529 129337.302  54.5%     -    1s
H    0     0                    135400.21298 129337.302  4.48%     -    2s
     0     0 129345.602    0  235 135400.213 129345.602  4.47%     -    2s
H    0     0                    135393.21906 129345.602  4.47%     -    2s
H    0     0                    132284.52774 129345.602  2.22%     -    2s
H    0     0                    131600.56727 129345.602  1.71%     -    2s
H    0     0                    131370.35025 129345.602  1.54%     -    2s
H    0     0                    130639.37903 129345.602  0.99%     -    2s

Cutting planes:
  Gomory: 3
  Cover: 7
  Implied bound: 10
  Clique: 8
  Flow cover: 3
  Zero half: 19
  RLT: 12
  Relax-and-lift: 12
  BQP: 1
  PSD: 7

Explored 1 nodes (16022 simplex iterations) in 2.92 seconds (3.09 work units)
Thread count was 5 (of 32 available processors)

Solution count 7: 130639 131370 131601 ... 284570

Optimal solution found (tolerance 1.00e-02)
Best objective 1.306393790349e+05, best bound 1.293456018366e+05, gap 0.9903%
