
Gurobi 12.0.0 (win64) logging started Mon Sep  7 04:00:23 2026

Set parameter LogFile to value "C:\Users\TECNO-MASTER\Desktop\Elmo_infrastructure_sizing_NP-\output\DCH_septiembre\Bateria_482\Costo_variable\Ventana_restringida\Carga_on_board_variable_3estaciones_P640kW_Descomp/station_2_d152_stage1\gurobi.log"
Set parameter Threads to value 1
Set parameter Heuristics to value 0.5
Set parameter MIPFocus to value 3
Set parameter Presolve to value 2
Set parameter FlowCoverCuts to value 2
Set parameter TimeLimit to value 1200
Gurobi Optimizer version 12.0.0 build v12.0.0rc1 (win64 - Windows 11+.0 (26200.2))

CPU model: Intel(R) Core(TM) i9-14900K, instruction set [SSE2|AVX|AVX2]
Thread count: 24 physical cores, 32 logical processors, using up to 1 threads

Non-default parameters:
TimeLimit  1200
MIPGap  0.05
Heuristics  0.5
MIPFocus  3
FlowCoverCuts  2
Presolve  2
Threads  1

Optimize a model with 24316 rows, 39247 columns and 117254 nonzeros
Model fingerprint: 0x3c50b821
Variable types: 18325 continuous, 20922 integer (20921 binary)
Coefficient statistics:
  Matrix range     [1e-01, 6e+02]
  Objective range  [1e-02, 1e+05]
  Bounds range     [1e+00, 1e+00]
  RHS range        [1e+00, 1e+04]
Presolve removed 23088 rows and 29960 columns
Presolve time: 0.18s
Presolved: 1228 rows, 9287 columns, 28152 nonzeros
Variable types: 233 continuous, 9054 integer (9053 binary)
Root relaxation presolved: 1228 rows, 9287 columns, 28152 nonzeros


Use crossover to convert LP symmetric solution to basic solution...

Root relaxation: objective 1.635651e+05, 3074 iterations, 0.06 seconds (0.05 work units)

    Nodes    |    Current Node    |     Objective Bounds      |     Work
 Expl Unexpl |  Obj  Depth IntInf | Incumbent    BestBd   Gap | It/Node Time

     0     0 163565.122    0  100          - 163565.122      -     -    0s
H    0     0                    267427.44001 163565.122  38.8%     -    0s
H    0     0                    267241.88472 163565.122  38.8%     -    0s
H    0     0                    267117.71002 163565.122  38.8%     -    0s
     0     0 181109.559    0   36 267117.710 181109.559  32.2%     -    1s
H    0     0                    209187.10728 181109.559  13.4%     -    1s
H    0     0                    208721.08064 181109.559  13.2%     -    1s
H    0     0                    201107.09670 181109.559  9.94%     -    1s
H    0     0                    198323.54768 181109.559  8.68%     -    1s
H    0     0                    195759.57675 181109.559  7.48%     -    1s
H    0     0                    193364.39664 181109.559  6.34%     -    1s
H    0     0                    189869.12460 181109.559  4.61%     -    1s

Cutting planes:
  Gomory: 3
  Projected implied bound: 1
  MIR: 2
  Flow cover: 1

Explored 1 nodes (8677 simplex iterations) in 1.84 seconds (1.60 work units)
Thread count was 1 (of 32 available processors)

Solution count 10: 189869 193364 195760 ... 267427

Optimal solution found (tolerance 5.00e-02)
Best objective 1.898691246024e+05, best bound 1.811095585191e+05, gap 4.6135%
