
Gurobi 12.0.3 (win64) logging started Tue Jun 30 16:28:54 2026

Set parameter LogFile to value "output/DCH_taller_julio/Costo_fijo/Carga_on_board_142kW\gurobi.log"
Set parameter Threads to value 32
Set parameter Heuristics to value 0.5
Set parameter MIPFocus to value 3
Set parameter Presolve to value 2
Set parameter FlowCoverCuts to value 2
Set parameter TimeLimit to value 172800
Gurobi Optimizer version 12.0.3 build v12.0.3rc0 (win64 - Windows 11+.0 (26200.2))

CPU model: Intel(R) Core(TM) i9-14900K, instruction set [SSE2|AVX|AVX2]
Thread count: 24 physical cores, 32 logical processors, using up to 32 threads

Non-default parameters:
TimeLimit  172800
MIPGap  0.01
Heuristics  0.5
MIPFocus  3
FlowCoverCuts  2
Presolve  2
Threads  32

Optimize a model with 68569 rows, 117703 columns and 337536 nonzeros
Model fingerprint: 0xe0acfc99
Variable types: 52609 continuous, 65094 integer (65091 binary)
Coefficient statistics:
  Matrix range     [1e-01, 1e+02]
  Objective range  [5e+00, 6e+04]
  Bounds range     [1e+00, 1e+00]
  RHS range        [1e+00, 4e+04]
Presolve removed 60363 rows and 87289 columns
Presolve time: 0.25s
Presolved: 8206 rows, 30414 columns, 92697 nonzeros
Variable types: 2460 continuous, 27954 integer (27951 binary)
Root relaxation presolved: 8206 rows, 30414 columns, 92697 nonzeros


Root relaxation: infeasible, 16439 iterations, 1.29 seconds (3.03 work units)

    Nodes    |    Current Node    |     Objective Bounds      |     Work
 Expl Unexpl |  Obj  Depth IntInf | Incumbent    BestBd   Gap | It/Node Time

     0     0 infeasible    0               - infeasible      -     -    1s

Explored 1 nodes (9237 simplex iterations) in 1.59 seconds (3.85 work units)
Thread count was 32 (of 32 available processors)

Solution count 0

Model is infeasible
Best objective -, best bound -, gap -
