
Gurobi 12.0.3 (win64) logging started Tue Jul  7 17:54:23 2026

Set parameter LogFile to value "output/DCH_taller_julio/Costo_variable/Ventana_restringida/Carga_on_board_640kW_Descomp_ventana_carga/station_2_d335\gurobi.log"
Set parameter Threads to value 5
Set parameter Heuristics to value 0.5
Set parameter MIPFocus to value 3
Set parameter Presolve to value 2
Set parameter FlowCoverCuts to value 2
Set parameter TimeLimit to value 172800
Gurobi Optimizer version 12.0.3 build v12.0.3rc0 (win64 - Windows 11+.0 (26200.2))

CPU model: Intel(R) Core(TM) i9-14900K, instruction set [SSE2|AVX|AVX2]
Thread count: 24 physical cores, 32 logical processors, using up to 5 threads

Non-default parameters:
TimeLimit  172800
MIPGap  0.01
Heuristics  0.5
MIPFocus  3
FlowCoverCuts  2
Presolve  2
Threads  5

Optimize a model with 24301 rows, 37807 columns and 116406 nonzeros
Model fingerprint: 0x71caa74d
Variable types: 18325 continuous, 19482 integer (19481 binary)
Coefficient statistics:
  Matrix range     [1e-01, 6e+02]
  Objective range  [4e-03, 1e+02]
  Bounds range     [1e+00, 1e+00]
  RHS range        [1e+00, 1e+04]
Presolve removed 23207 rows and 28787 columns
Presolve time: 0.35s
Presolved: 1094 rows, 9020 columns, 27146 nonzeros
Variable types: 244 continuous, 8776 integer (8776 binary)
Root relaxation presolved: 1094 rows, 9020 columns, 27146 nonzeros


Use crossover to convert LP symmetric solution to basic solution...

Root relaxation: objective 1.743801e+05, 3287 iterations, 0.10 seconds (0.04 work units)

    Nodes    |    Current Node    |     Objective Bounds      |     Work
 Expl Unexpl |  Obj  Depth IntInf | Incumbent    BestBd   Gap | It/Node Time

     0     0 174380.137    0   88          - 174380.137      -     -    1s
     0     0 174661.281    0  108          - 174661.281      -     -    1s
     0     0 174661.281    0   92          - 174661.281      -     -    1s
     0     0 174661.281    0   46          - 174661.281      -     -    2s
     0     0 174661.281    0   38          - 174661.281      -     -    2s
     0     0 174661.281    0   19          - 174661.281      -     -    3s
H    0     0                    174697.90516 174661.281  0.02%     -    3s

Cutting planes:
  Gomory: 13
  Lift-and-project: 2
  Cover: 10
  Implied bound: 3
  Projected implied bound: 3
  Clique: 9
  MIR: 11
  Flow cover: 16
  Zero half: 5
  RLT: 5
  Relax-and-lift: 25
  PSD: 8

Explored 1 nodes (10308 simplex iterations) in 3.13 seconds (1.52 work units)
Thread count was 5 (of 32 available processors)

Solution count 1: 174698 

Optimal solution found (tolerance 1.00e-02)
Best objective 1.746979051558e+05, best bound 1.746612810590e+05, gap 0.0210%
