
Gurobi 12.0.0 (win64) logging started Mon Sep  7 03:58:27 2026

Set parameter LogFile to value "C:\Users\TECNO-MASTER\Desktop\Elmo_infrastructure_sizing_NP-\output\DCH_septiembre\Bateria_482\Costo_variable\Ventana_restringida\Carga_on_board_variable_3estaciones_P320kW_Descomp/station_2_d32\gurobi.log"
Set parameter Threads to value 1
Set parameter Heuristics to value 0.5
Set parameter MIPFocus to value 3
Set parameter Presolve to value 2
Set parameter FlowCoverCuts to value 2
Set parameter TimeLimit to value 1200
Gurobi Optimizer version 12.0.0 build v12.0.0rc1 (win64 - Windows 11+.0 (26200.2))

CPU model: Intel(R) Core(TM) i9-14900K, instruction set [SSE2|AVX|AVX2]
Thread count: 24 physical cores, 32 logical processors, using up to 1 threads

Non-default parameters:
TimeLimit  1200
MIPGap  0.05
Heuristics  0.5
MIPFocus  3
FlowCoverCuts  2
Presolve  2
Threads  1

Optimize a model with 24286 rows, 39247 columns and 116292 nonzeros
Model fingerprint: 0x3bcb68f6
Variable types: 18325 continuous, 20922 integer (20921 binary)
Coefficient statistics:
  Matrix range     [1e-01, 3e+02]
  Objective range  [3e-03, 1e+02]
  Bounds range     [1e+00, 2e+00]
  RHS range        [1e+00, 1e+04]
Presolve removed 23258 rows and 29963 columns
Presolve time: 0.21s
Presolved: 1028 rows, 9284 columns, 27580 nonzeros
Variable types: 232 continuous, 9052 integer (9052 binary)
Root relaxation presolved: 1028 rows, 9284 columns, 27580 nonzeros


Use crossover to convert LP symmetric solution to basic solution...

Root relaxation: objective 1.981765e+05, 3082 iterations, 0.06 seconds (0.03 work units)

    Nodes    |    Current Node    |     Objective Bounds      |     Work
 Expl Unexpl |  Obj  Depth IntInf | Incumbent    BestBd   Gap | It/Node Time

*    0     0               0    198176.51058 198176.511  0.00%     -    0s

Explored 1 nodes (3455 simplex iterations) in 0.49 seconds (0.33 work units)
Thread count was 1 (of 32 available processors)

Solution count 1: 198177 

Optimal solution found (tolerance 5.00e-02)
Best objective 1.981765105808e+05, best bound 1.981765105808e+05, gap 0.0000%
