
Gurobi 12.0.3 (win64) logging started Sun Aug 23 17:23:31 2026

Set parameter LogFile to value "C:\Users\TECNO-MASTER\Desktop\Elmo_infrastructure_sizing_NP-\output\DCH_agosto\Costo_variable\Carga_libre\Carga_on_board_variable_3estaciones_P1000kW_Descomp/station_3_d182_stage1\gurobi.log"
Set parameter Threads to value 1
Set parameter Heuristics to value 0.5
Set parameter MIPFocus to value 3
Set parameter Presolve to value 2
Set parameter FlowCoverCuts to value 2
Set parameter TimeLimit to value 172800
Gurobi Optimizer version 12.0.3 build v12.0.3rc0 (win64 - Windows 11+.0 (26200.2))

CPU model: Intel(R) Core(TM) i9-14900K, instruction set [SSE2|AVX|AVX2]
Thread count: 24 physical cores, 32 logical processors, using up to 1 threads

Non-default parameters:
TimeLimit  172800
MIPGap  0.01
Heuristics  0.5
MIPFocus  3
FlowCoverCuts  2
Presolve  2
Threads  1

Optimize a model with 22770 rows, 37249 columns and 110688 nonzeros
Model fingerprint: 0x70e9c11c
Variable types: 17323 continuous, 19926 integer (19925 binary)
Coefficient statistics:
  Matrix range     [1e-01, 1e+03]
  Objective range  [1e-02, 2e+05]
  Bounds range     [1e+00, 3e+00]
  RHS range        [1e+00, 1e+04]
Presolve removed 19880 rows and 26955 columns
Presolve time: 0.26s
Presolved: 2890 rows, 10294 columns, 32192 nonzeros
Variable types: 841 continuous, 9453 integer (9361 binary)
Root relaxation presolved: 2890 rows, 10294 columns, 32192 nonzeros


Root relaxation: objective 4.980251e+04, 6592 iterations, 0.83 seconds (0.78 work units)

    Nodes    |    Current Node    |     Objective Bounds      |     Work
 Expl Unexpl |  Obj  Depth IntInf | Incumbent    BestBd   Gap | It/Node Time

     0     0 49802.5074    0  380          - 49802.5074      -     -    2s
     0     0 77846.0553    0  262          - 77846.0553      -     -    4s
H    0     0                    482821.76031 82029.7384  83.0%     -    4s
H    0     0                    397195.51948 82029.7384  79.3%     -    4s
H    0     0                    394720.35900 82029.7384  79.2%     -    4s
H    0     0                    393253.74588 82029.7384  79.1%     -    4s
H    0     0                    392451.43821 82029.7384  79.1%     -    4s
H    0     0                    392450.58662 82029.7384  79.1%     -    4s
H    0     0                    392401.85002 82029.7384  79.1%     -    4s
H    0     0                    391325.65517 82029.7384  79.0%     -    4s
H    0     0                    228349.33294 82029.7384  64.1%     -    4s
H    0     0                    228349.14123 82029.7384  64.1%     -    4s
H    0     0                    228348.99644 82029.7384  64.1%     -    4s
H    0     0                    228142.71366 82029.7384  64.0%     -    4s
H    0     0                    228139.70804 82029.7384  64.0%     -    4s
H    0     0                    220938.11438 82029.7384  62.9%     -    4s
H    0     0                    220813.39672 82029.7384  62.9%     -    4s
     0     0 82029.7384    0  282 220813.397 82029.7384  62.9%     -    4s
     0     0 102529.946    0  474 220813.397 102529.946  53.6%     -    6s
H    0     0                    220396.51633 102529.946  53.5%     -    6s
H    0     0                    217118.68239 102529.946  52.8%     -    6s
     0     0 102533.451    0  598 217118.682 102533.451  52.8%     -    7s
     0     0 105008.569    0  387 217118.682 105008.569  51.6%     -    8s
H    0     0                    217011.04936 105008.569  51.6%     -    9s
H    0     0                    217009.80955 105008.569  51.6%     -    9s
     0     0 105011.686    0  395 217009.810 105011.686  51.6%     -    9s
     0     0 105011.686    0  326 217009.810 105011.686  51.6%     -   11s
H    0     0                    216882.66815 105011.686  51.6%     -   11s
     0     0 105011.686    0  382 216882.668 105011.686  51.6%     -   11s
     0     0 105011.686    0  369 216882.668 105011.686  51.6%     -   12s
H    0     0                    216863.26393 105011.686  51.6%     -   12s
H    0     0                    216841.00630 105011.686  51.6%     -   12s
     0     0 105011.686    0  412 216841.006 105011.686  51.6%     -   12s
     0     0 106073.098    0  382 216841.006 106073.098  51.1%     -   14s
H    0     0                    216836.78510 106073.098  51.1%     -   14s
H    0     0                    216834.99020 106073.098  51.1%     -   14s
H    0     0                    216834.65750 106073.098  51.1%     -   14s
     0     0 106353.851    0  344 216834.657 106353.851  51.0%     -   14s
     0     0 106353.851    0  342 216834.657 106353.851  51.0%     -   14s
     0     0 106353.851    0  341 216834.657 106353.851  51.0%     -   16s
H    0     0                    216765.72649 106353.851  50.9%     -   16s
     0     0 106353.851    0  433 216765.726 106353.851  50.9%     -   16s
     0     0 106353.851    0  347 216765.726 106353.851  50.9%     -   17s
H    0     0                    216742.37313 106353.851  50.9%     -   17s
H    0     0                    216740.52523 106353.851  50.9%     -   17s
     0     0 106353.851    0  413 216740.525 106353.851  50.9%     -   17s
     0     0 106353.851    0  330 216740.525 106353.851  50.9%     -   19s
     0     0 106353.851    0  357 216740.525 106353.851  50.9%     -   19s
H    0     0                    216739.28778 106353.851  50.9%     -   19s
H    0     0                    216717.02023 106353.851  50.9%     -   19s
H    0     0                    216083.50160 106353.851  50.8%     -   20s
     0     2 106441.684    0  357 216083.502 106441.684  50.7%     -   20s
H    9     7                    214402.97121 211270.264  1.46%  2455   22s
H    9     7                    214312.19539 211270.264  1.42%  2455   22s
H   26    24                    214255.07757 211270.299  1.39%  2179   25s
H   26    24                    214239.80560 211270.299  1.39%  2179   25s
H   26    24                    214236.89332 211270.299  1.38%  2179   25s
H   27    25                    212952.22995 211270.299  0.79%  2207   25s

Cutting planes:
  Gomory: 5
  Lift-and-project: 2
  Cover: 86
  Implied bound: 449
  Projected implied bound: 8
  Clique: 127
  MIR: 799
  Mixing: 238
  StrongCG: 3
  Flow cover: 1526
  Zero half: 201
  RLT: 9
  Relax-and-lift: 691
  BQP: 26
  PSD: 137

Explored 28 nodes (141180 simplex iterations) in 25.63 seconds (37.95 work units)
Thread count was 1 (of 32 available processors)

Solution count 10: 212952 214237 214240 ... 216741

Optimal solution found (tolerance 1.00e-02)
Best objective 2.129522299476e+05, best bound 2.112703023296e+05, gap 0.7898%
