
Gurobi 12.0.0 (win64) logging started Mon Aug 31 23:57:50 2026

Set parameter LogFile to value "output/Taller_DET_Agosto/Resultados_finales/Carga_ob_8lhds_autonomo_potenciabase_ssee/station_1_d91_stage1\gurobi.log"
Set parameter Threads to value 1
Set parameter Heuristics to value 0.5
Set parameter MIPFocus to value 3
Set parameter Presolve to value 2
Set parameter FlowCoverCuts to value 2
Set parameter TimeLimit to value 172800
Gurobi Optimizer version 12.0.0 build v12.0.0rc1 (win64 - Windows 11+.0 (26200.2))

CPU model: 11th Gen Intel(R) Core(TM) i7-1165G7 @ 2.80GHz, instruction set [SSE2|AVX|AVX2|AVX512]
Thread count: 4 physical cores, 8 logical processors, using up to 1 threads

Non-default parameters:
TimeLimit  172800
MIPGap  0.01
Heuristics  0.5
MIPFocus  3
FlowCoverCuts  2
Presolve  2
Threads  1

Optimize a model with 51794 rows, 87521 columns and 259844 nonzeros
Model fingerprint: 0x2c2435f4
Variable types: 41079 continuous, 46442 integer (46441 binary)
Coefficient statistics:
  Matrix range     [1e-01, 1e+03]
  Objective range  [4e-01, 2e+05]
  Bounds range     [1e+00, 1e+00]
  RHS range        [1e+00, 4e+04]
Presolve removed 48682 rows and 60728 columns
Presolve time: 1.42s
Presolved: 3112 rows, 26793 columns, 81038 nonzeros
Variable types: 697 continuous, 26096 integer (26095 binary)
Root relaxation presolved: 3112 rows, 26793 columns, 81038 nonzeros


Use crossover to convert LP symmetric solution to basic solution...

Root relaxation: objective 7.035256e+05, 8179 iterations, 1.17 seconds (0.44 work units)
Total elapsed time = 5.48s (DegenMoves)

    Nodes    |    Current Node    |     Objective Bounds      |     Work
 Expl Unexpl |  Obj  Depth IntInf | Incumbent    BestBd   Gap | It/Node Time

     0     0 703525.566    0  133          - 703525.566      -     -    6s
     0     0 706725.566    0  195          - 706725.566      -     -   10s
     0     0 708708.066    0  190          - 708708.066      -     -   10s
     0     0 709925.566    0  173          - 709925.566      -     -   15s
     0     0 709925.566    0  229          - 709925.566      -     -   16s
     0     0 719525.566    0  202          - 719525.566      -     -   21s
     0     0 719525.566    0  254          - 719525.566      -     -   22s
     0     0 722725.566    0  218          - 722725.566      -     -   27s
     0     0 722725.566    0  342          - 722725.566      -     -   28s
     0     0 732325.566    0  190          - 732325.566      -     -   33s
     0     0 732325.566    0  279          - 732325.566      -     -   34s
     0     0 735525.566    0  168          - 735525.566      -     -   39s
     0     0 735525.566    0  266          - 735525.566      -     -   39s
     0     0 738725.566    0  130          - 738725.566      -     -   45s
     0     0 738725.566    0  245          - 738725.566      -     -   46s
     0     0 741925.566    0  196          - 741925.566      -     -   51s
     0     0 741925.566    0  255          - 741925.566      -     -   52s
     0     0 745125.566    0  167          - 745125.566      -     -   58s
     0     0 745125.566    0  249          - 745125.566      -     -   58s
     0     0 748325.566    0  212          - 748325.566      -     -   62s
     0     0 748325.566    0  231          - 748325.566      -     -   63s
     0     0 751525.566    0  171          - 751525.566      -     -   67s
     0     0 751525.566    0  266          - 751525.566      -     -   68s
     0     0 754725.566    0  178          - 754725.566      -     -   75s
     0     0 754725.566    0  337          - 754725.566      -     -   75s
     0     0 754725.566    0  156          - 754725.566      -     -   80s
     0     0 764325.566    0  302          - 764325.566      -     -   81s
     0     0 764325.566    0  275          - 764325.566      -     -   81s
     0     0 766914.498    0  166          - 766914.498      -     -   88s
     0     0 766914.498    0  225          - 766914.498      -     -   88s
     0     0 766914.498    0  199          - 766914.498      -     -   95s
     0     0 766914.498    0  223          - 766914.498      -     -   95s
     0     0 766914.498    0  144          - 766914.498      -     -   99s
     0     0 766914.498    0  211          - 766914.498      -     -   99s
     0     0 766914.498    0  137          - 766914.498      -     -  106s
     0     0 766914.498    0  137          - 766914.498      -     -  107s
H    0     0                    1001578.0656 766914.498  23.4%     -  126s
     0     2 768743.062    0  137 1001578.07 768743.062  23.2%     -  136s
     4     4 794343.066    2  254 1001578.07 794343.066  20.7%  2114  140s
     8     8 794343.066    3  168 1001578.07 794343.066  20.7%  1687  145s
     9     9 794410.255    4  158 1001578.07 794343.066  20.7%  1633  153s
    11    11 794343.066    4  180 1001578.07 794343.066  20.7%  1533  156s
    15    15 794343.066    6  204 1001578.07 794343.066  20.7%  1405  160s
    19    19 794343.066    7  200 1001578.07 794343.066  20.7%  1223  165s
    24    24 794343.066    9  211 1001578.07 794343.066  20.7%  1222  170s
H   27    25                    988778.06558 794343.066  19.7%  1110  180s
    27    27 794343.066   10  177 988778.066 794343.066  19.7%  1154  185s
    31    31 794343.066   11  199 988778.066 794343.066  19.7%  1301  190s
    35    35 794343.066   13  150 988778.066 794343.066  19.7%  1320  195s
    39    39 794343.066   15  153 988778.066 794343.066  19.7%  1277  200s
    43    43 794343.066   17  165 988778.066 794343.066  19.7%  1356  205s
    48    48 794343.066   11  205 988778.066 794343.066  19.7%  1354  210s
H   54    52                    979518.07942 794343.066  18.9%  1338  221s
H   54    52                    977345.49083 794343.066  18.7%  1338  224s
H   54    52                    975978.06558 794343.066  18.6%  1338  224s
    54    54 794343.066   13  156 975978.066 794343.066  18.6%  1370  225s
    58    58 794343.066   14  140 975978.066 794343.066  18.6%  1379  230s
    70    70 794343.066   19  104 975978.066 794343.066  18.6%  1170  235s
    81    81 794343.066   23   99 975978.066 794343.066  18.6%  1044  249s
    83    83 794343.066   24   89 975978.066 794343.066  18.6%  1020  250s
    94    94 794343.066   26   86 975978.066 794343.066  18.6%   944  255s
   101   101 794343.066   22   93 975978.066 794343.066  18.6%   894  261s
   106   106 794343.066   23   95 975978.066 794343.066  18.6%   854  275s
   108   108 794343.066   23  101 975978.066 794343.066  18.6%   839  283s
   121   121 794343.066   28   97 975978.066 794343.066  18.6%   759  285s
   135   135 794343.066   29  105 975978.066 794343.066  18.6%   703  294s
   139   139 794343.066   28   89 975978.066 794343.066  18.6%   686  295s
   159   159 794343.066   26  127 975978.066 794343.066  18.6%   627  300s
   162   162 794343.066   25  101 975978.066 794343.066  18.6%   619  309s
   163   163 794343.066   25  139 975978.066 794343.066  18.6%   619  310s
   180   180 794343.066   22   99 975978.066 794343.066  18.6%   599  315s
   189   189 794343.066   30  109 975978.066 794343.066  18.6%   577  328s
   194   194 794343.066   24  100 975978.066 794343.066  18.6%   571  330s
   203   203 794343.066   33  142 975978.066 794343.066  18.6%   569  351s
   216   216 794343.066   27   99 975978.066 794343.066  18.6%   544  358s
   231   231 794343.066   29   97 975978.066 794343.066  18.6%   512  360s
   245   245 794343.066   33  117 975978.066 794343.066  18.6%   494  373s
   253   253 794343.066   35  123 975978.066 794343.066  18.6%   486  375s
   260   260 794343.066   31   93 975978.066 794343.066  18.6%   484  401s
   272   272 794343.066   31   97 975978.066 794343.066  18.6%   472  411s
   288   288 794343.066   28   99 975978.066 794343.066  18.6%   448  415s
   300   300 794343.066   32   86 975978.066 794343.066  18.6%   435  435s
   312   312 794343.066   32   97 975978.066 794343.066  18.6%   432  441s
   336   336 794343.066   37  113 975978.066 794343.066  18.6%   413  445s
   338   338 794343.066   35   99 975978.066 794343.066  18.6%   412  478s
   342   342 794343.066   36   89 975978.066 794343.066  18.6%   408  480s
   366   366 794343.066   39   99 975978.066 794343.066  18.6%   388  487s
   376   376 794343.066   39   93 975978.066 794343.066  18.6%   386  490s
   393   393 794343.066   42   95 975978.066 794343.066  18.6%   376  501s
   397   397 794343.066   43   92 975978.066 794343.066  18.6%   372  523s
   403   403 794343.066   44   97 975978.066 794343.066  18.6%   374  525s
   424   424 794343.066   45   95 975978.066 794343.066  18.6%   370  531s
   448   448 794343.066   48  120 975978.066 794343.066  18.6%   364  535s
   466   466 794343.066   50  114 975978.066 794343.066  18.6%   377  541s
   476   476 794343.066   48   89 975978.066 794343.066  18.6%   386  545s
   484   484 794343.066   51  156 975978.066 794343.066  18.6%   398  550s
   494   494 794343.066   48   99 975978.066 794343.066  18.6%   404  577s
   507   507 794343.066   50  156 975978.066 794343.066  18.6%   403  580s
   513   512 794343.066    7  137 975978.066 794343.066  18.6%   401  590s
   515   513 794343.066   30  124 975978.066 794343.066  18.6%   399  596s
   516   514 794343.066   30   55 975978.066 794343.066  18.6%   398  603s
   518   515 794343.066   31   72 975978.066 794343.066  18.6%   397  611s
   519   516 794343.066   20  180 975978.066 794343.066  18.6%   396  616s
   520   517 794343.066   30   95 975978.066 794343.066  18.6%   395  623s
   521   517 794343.066   36   93 975978.066 794343.066  18.6%   395  630s
   522   518 794343.066   35   93 975978.066 794343.066  18.6%   394  639s
   523   521 794343.066   10  126 975978.066 794343.066  18.6%   531  644s
   525   522 794343.066   11  178 975978.066 794343.066  18.6%   535  645s
   531   526 794343.066   14  153 975978.066 794343.066  18.6%   541  650s
   538   531 794343.066   17  209 975978.066 794343.066  18.6%   550  655s
   543   534 794343.066   20  106 975978.066 794343.066  18.6%   566  660s
   549   538 794343.066   23  180 975978.066 794343.066  18.6%   573  674s
   550   539 794343.066   24  161 975978.066 794343.066  18.6%   575  675s
   555   542 794343.066   26  145 975978.066 794343.066  18.6%   579  680s
   561   546 794343.066   29  146 975978.066 794343.066  18.6%   589  686s
   565   549 794343.066   31  141 975978.066 794343.066  18.6%   592  690s
   569   551 794343.066   11  174 975978.066 794343.066  18.6%   606  695s
   574   555 794343.066   36  172 975978.066 794343.066  18.6%   611  700s
   576   556 794343.066   37  146 975978.066 794343.066  18.6%   613  715s
   582   560 794343.066   40  129 975978.066 794343.066  18.6%   624  721s
   585   562 794343.066   19  194 975978.066 794343.066  18.6%   634  725s
   589   565 794343.066   21  264 975978.066 794343.066  18.6%   642  730s
   591   566 794343.066   22  204 975978.066 794343.066  18.6%   648  762s
   593   567 794343.066   23  176 975978.066 794343.066  18.6%   655  765s
   596   569 794343.066   20  172 975978.066 794343.066  18.6%   677  771s
   600   572 794343.066   22  178 975978.066 794343.066  18.6%   681  775s
   604   575 794343.066   24  175 975978.066 794343.066  18.6%   694  780s
   612   580 794343.066   28  198 975978.066 794343.066  18.6%   700  785s
   622   587 794343.066   45  135 975978.066 794343.066  18.6%   706  790s
   623   587 794343.066   38  156 975978.066 794343.066  18.6%   704  798s
   626   589 794343.066   19   79 975978.066 794343.066  18.6%   724  804s
   627   590 794343.066   20  131 975978.066 794343.066  18.6%   726  805s
H  630   563                    799895.46489 794343.066  0.69%   724  819s

Cutting planes:
  Gomory: 315
  Lift-and-project: 5
  Implied bound: 61
  Projected implied bound: 7
  MIR: 1156
  Mixing: 103
  Flow cover: 1717
  Zero half: 459
  RLT: 115
  Relax-and-lift: 204

Explored 631 nodes (746924 simplex iterations) in 819.77 seconds (438.68 work units)
Thread count was 1 (of 8 available processors)

Solution count 6: 799895 975978 977345 ... 1.00158e+06

Optimal solution found (tolerance 1.00e-02)
Best objective 7.998954648875e+05, best bound 7.943430655833e+05, gap 0.6941%
