
Gurobi 12.0.0 (win64) logging started Fri Feb 20 01:03:46 2026

Set parameter LogFile to value "ELMO_log.txt"
Set parameter Threads to value 24
Set parameter Heuristics to value 0.5
Set parameter MIPFocus to value 3
Set parameter Presolve to value 2
Set parameter FlowCoverCuts to value 2
Gurobi Optimizer version 12.0.0 build v12.0.0rc1 (win64 - Windows 11+.0 (26200.2))

CPU model: Intel(R) Core(TM) i9-14900K, instruction set [SSE2|AVX|AVX2]
Thread count: 24 physical cores, 32 logical processors, using up to 24 threads

Non-default parameters:
MIPGap  0.01
Heuristics  0.5
MIPFocus  3
FlowCoverCuts  2
Presolve  2
Threads  24

Optimize a model with 224382 rows, 208833 columns and 1024701 nonzeros
Model fingerprint: 0xece10d89
Variable types: 57336 continuous, 151497 integer (52131 binary)
Coefficient statistics:
  Matrix range     [1e+00, 4e+02]
  Objective range  [1e+01, 4e+06]
  Bounds range     [1e+00, 1e+00]
  RHS range        [1e+00, 1e+18]
Warning: Model contains large rhs
         Consider reformulating model or setting NumericFocus parameter
         to avoid numerical issues.
Found heuristic solution: objective 9.383633e+10
Presolve removed 209904 rows and 177228 columns
Presolve time: 0.08s
Presolved: 14478 rows, 31605 columns, 112767 nonzeros
Variable types: 4824 continuous, 26781 integer (24627 binary)
Performing another presolve...
Presolve removed 2253 rows and 906 columns (presolve time = 6s)...
Presolve removed 2253 rows and 906 columns
Presolve time: 5.56s
Root relaxation presolve removed 468 rows and 156 columns
Root relaxation presolved: 11757 rows, 30543 columns, 99459 nonzeros

Deterministic concurrent LP optimizer: primal and dual simplex
Showing primal log only...


Root simplex log...

Iteration    Objective       Primal Inf.    Dual Inf.      Time
       0    1.5285119e+11   0.000000e+00   9.345170e+09      6s
   44642    5.1225018e+05   0.000000e+00   0.000000e+00      8s
Concurrent spin time: 0.00s

Solved with primal simplex
   44642    5.1225018e+05   0.000000e+00   0.000000e+00      8s

Root relaxation: objective 5.122502e+05, 44642 iterations, 2.17 seconds (3.95 work units)
Total elapsed time = 8.06s (DegenMoves)

    Nodes    |    Current Node    |     Objective Bounds      |     Work
 Expl Unexpl |  Obj  Depth IntInf | Incumbent    BestBd   Gap | It/Node Time

     0     0 512250.183    0  770 9.3836e+10 512250.183   100%     -    8s
H    0     0                    2.968887e+10 512250.183   100%     -    8s
H    0     0                    1.893050e+10 512250.183   100%     -    8s
H    0     0                    5.128149e+09 523092.149   100%     -    9s
H    0     0                    4.998483e+09 523092.149   100%     -    9s
H    0     0                    4.988031e+09 523092.149   100%     -    9s
H    0     0                    4.976126e+09 523092.149   100%     -    9s
H    0     0                    4.971711e+09 523092.149   100%     -    9s
     0     0 804562.185    0  643 4.9717e+09 804562.185   100%     -   10s
     0     0 848839.154    0  769 4.9717e+09 848839.154   100%     -   10s
     0     0 848839.154    0  682 4.9717e+09 848839.154   100%     -   11s
     0     0 848839.154    0  559 4.9717e+09 848839.154   100%     -   11s
H    0     0                    2.887633e+09 848839.154   100%     -   11s
H    0     0                    2.875728e+09 848839.154   100%     -   11s
H    0     0                    2.721651e+09 848839.154   100%     -   11s
H    0     0                    2.709746e+09 1018729.80   100%     -   12s
H    0     0                    2.693453e+09 1018729.80   100%     -   12s
H    0     0                    2.691624e+09 1018729.80   100%     -   12s
H    0     0                    2.675304e+09 1018729.80   100%     -   12s
H    0     0                    2.674954e+09 1018729.80   100%     -   12s
H    0     0                    2.673502e+09 1018729.80   100%     -   12s
H    0     0                    2.663218e+09 1018729.80   100%     -   12s
     0     0 1018792.95    0  523 2.6632e+09 1018792.95   100%     -   12s
H    0     0                    2.645446e+09 1018792.95   100%     -   12s
H    0     0                    1.596702e+09 1018792.95   100%     -   12s
H    0     0                    1.592287e+09 1018792.95   100%     -   12s
H    0     0                    1.587872e+09 1018792.95   100%     -   12s
H    0     0                    1.587517e+09 1018792.95   100%     -   12s
H    0     0                    1.586420e+09 1018792.95   100%     -   12s
H    0     0                    1.586372e+09 1018792.95   100%     -   12s
     0     0 1128569.85    0  574 1.5864e+09 1128569.85   100%     -   13s
     0     0 1290802.83    0  566 1.5864e+09 1290802.83   100%     -   14s
H    0     0                    1.263336e+09 1290802.83   100%     -   15s
     0     0 1297273.02    0  595 1.2633e+09 1297273.02   100%     -   15s
     0     0 1297273.02    0  630 1.2633e+09 1297273.02   100%     -   16s
     0     0 1297273.02    0  623 1.2633e+09 1297273.02   100%     -   17s
H    0     0                    1.263336e+09 1297273.02   100%     -   19s
H    0     0                    1.248468e+09 1297273.02   100%     -   20s
H    0     0                    1.219562e+09 1297273.02   100%     -   20s
H    0     0                    1.108473e+09 1297273.02   100%     -   21s
H    0     0                    1.034207e+09 1297273.02   100%     -   21s
H    0     0                    4.553453e+08 1297273.02   100%     -   21s
H    0     0                    4.404497e+08 1297273.02   100%     -   21s
H    0     0                    4.285463e+08 1297273.02   100%     -   22s
H    0     0                    2.591041e+08 1297273.02  99.5%     -   22s
H    0     0                    1.478688e+08 1297273.02  99.1%     -   22s
H    0     0                    1.433781e+08 1297273.02  99.1%     -   22s
H    0     0                    1.270597e+08 1297273.02  99.0%     -   22s
     4     4 1297273.02    2  261 1.2706e+08 1297273.02  99.0%   545   32s
   125   145 1297273.02   10  167 1.2706e+08 1297273.02  99.0%   461   35s
H  717   713                    9.851087e+07 1297273.02  98.7%   386   36s
   718   717 1297273.02    2  229 9.8511e+07 1297273.02  98.7%   387   44s
   770   789 1297273.02    7  228 9.8511e+07 1297273.02  98.7%   387   45s
H 1424  1419                    9.176100e+07 1297273.02  98.6%   310   47s
  1425  1421 1367180.92    2  293 9.1761e+07 1367180.92  98.5%   318   54s
  1427  1423 1379897.90    3  367 9.1761e+07 1367180.92  98.5%   320   55s
  1647  1663 1390532.65   16  357 9.1761e+07 1390342.00  98.5%   381   60s
H 2152  2140                    1830382.7484 1391237.15  24.0%   360   62s
  2176  4084 1392185.14   11  184 1830382.75 1391896.53  24.0%   334   69s
H 4096  4084                    1828820.0412 1392314.12  23.9%   293   70s
  5422  5432 1396474.45   16  321 1828820.04 1392858.18  23.8%   244   75s
H 6406  6392                    1608468.5309 1393411.41  13.4%   239   79s
  6427  6275 1393411.41   13  279 1608468.53 1393411.41  13.4%   235   97s
  6481  6281 1395628.81   18  244 1608468.53 1395628.81  13.2%   244  100s
  6669  6683 1397473.09   22  246 1608468.53 1397188.87  13.1%   250  108s
H 7495  6407                    1602643.0924 1397807.22  12.8%   263  108s
  7495 10495 1398561.76   10  240 1602643.09 1397827.26  12.8%   257  115s
H11583 10495                    1592101.9094 1398136.68  12.2%   211  116s
H12532 11444                    1590436.4291 1398711.59  12.1%   206  119s
 12532 12782 1399698.68   23  238 1590436.43 1399014.87  12.0%   202  126s
H13870 12056                    1586778.7696 1399641.55  11.8%   222  126s
 13892 11767 1399641.55   12  224 1586778.77 1399641.55  11.8%   221  144s
 13894 11770 1400576.20   13  226 1586778.77 1399641.55  11.8%   222  145s
 14040 11886 1413605.28   21  183 1586778.77 1403785.80  11.5%   230  150s
 14150 12367 1416489.72   24  177 1586778.77 1404369.38  11.5%   234  157s
H15151 11770                    1581658.0395 1404503.27  11.2%   241  157s
 15163 11075 1404503.27   13  198 1581658.04 1404503.27  11.2%   241  166s
 15310 11193 1417571.97   20  153 1581658.04 1406368.67  11.1%   242  170s
 15827 11623 1418194.65   24  151 1581658.04 1407606.80  11.0%   241  175s
H16782 11869                    1549931.9699 1408082.90  9.15%   240  177s
 16782 13170 1409238.31   30  218 1549931.97 1408104.36  9.15%   237  185s
 18083 15164 1408230.87   33  250 1549931.97 1408230.87  9.14%   241  193s
H20676 14884                    1548485.7862 1408465.73  9.04%   256  194s
 20676 15744 1419910.29   26  182 1548485.79 1409069.20  9.00%   254  204s
 20712 15732 1413286.93   28  230 1548485.79 1409170.12  9.00%   254  205s
 21536 19849 1419625.08   26  181 1548485.79 1410228.44  8.93%   256  219s
H26415 17996                    1545435.9329 1411215.56  8.68%   271  219s
 26415 18450 1421701.62   25  138 1545435.93 1411262.75  8.68%   270  222s
 27375 18422 1415604.52   27  135 1545435.93 1412024.57  8.63%   266  226s
H27938 18566                    1541926.0804 1412460.86  8.40%   266  228s
 27938 19838 1416982.50   41  178 1541926.08 1412509.50  8.39%   264  234s
 29210 20938 1414620.15   32  182 1541926.08 1413036.93  8.36%   267  240s
H30311 20938                    1540495.2804 1413156.94  8.27%   272  241s
 30311 22018 1423277.09   32  206 1540495.28 1413227.06  8.26%   270  246s
 31605 21477 1414584.10   35  195 1540495.28 1413262.63  8.26%   268  251s
H32251 21262                    1538808.5006 1413262.63  8.16%   270  251s
 32251 21917 1423484.63   29  160 1538808.50 1413262.63  8.16%   269  255s
 32906 23662 1425649.63   22  190 1538808.50 1413578.84  8.14%   268  261s
H34835 23662                    1538802.1717 1413860.80  8.12%   262  261s
 34835 25302 1413860.80   26  195 1538802.17 1413860.80  8.12%   261  269s
 36475 26445 1415805.00   38  178 1538802.17 1414103.35  8.10%   263  276s
H37618 26445                    1538796.4034 1414157.37  8.10%   268  276s
 37618 28485 1416903.89   36  189 1538796.40 1414194.61  8.10%   267  283s
 39658 28661 1414380.91   49  168 1538796.40 1414314.32  8.09%   266  287s
H40165 28661                    1536494.5077 1414435.53  7.94%   268  288s
 40165 28685 1424316.53   30  248 1536494.51 1414442.58  7.94%   267  291s
 40189 34305 1414775.25   33  185 1536494.51 1414763.24  7.92%   267  311s
H45829 34305                    1536489.5167 1415173.83  7.90%   260  311s
 45829 34685 1415182.83   33  201 1536489.52 1415182.83  7.90%   259  319s
 46209 40786 1415318.74   34  189 1536489.52 1415182.83  7.90%   260  348s
 52312 43628 1417789.68   49  154 1536489.52 1415711.65  7.86%   275  358s
 55154 43687 1420420.46   55  135 1536489.52 1415916.42  7.85%   275  363s
 55213 44286 1416015.99   22  189 1536489.52 1416015.99  7.84%   276  366s
H55818 44286                    1529346.8366 1416053.27  7.41%   277  366s
 55818 44316 1425890.71   39  149 1529346.84 1416072.37  7.41%   276  371s
 55848 50422 1416440.56   39  138 1529346.84 1416112.35  7.40%   277  389s
H61968 50422                    1529346.8278 1416158.10  7.40%   272  390s
 62439 53457 1416292.02   27  199 1529346.83 1416257.68  7.39%   272  410s
 65004 54511 1419827.06   40  162 1529346.83 1416432.99  7.38%   277  418s
H66058 54511                    1527916.0278 1416589.13  7.29%   281  419s
 66058 56722 1417755.30   23  177 1527916.03 1416762.21  7.27%   280  427s
 68269 56746 1425787.66   58  148 1527916.03 1416982.42  7.26%   283  432s
 68293 56942 1417117.15   48  191 1527916.03 1417053.10  7.26%   283  436s
 68489 57550 1427443.08   33  183 1527916.03 1417063.88  7.26%   283  440s
 69097 58697 1417698.89   34  179 1527916.03 1417105.83  7.25%   284  446s
H70244 58697                    1527910.2594 1417117.49  7.25%   286  446s
 70244 59151 1429132.71   48  148 1527910.26 1417125.46  7.25%   286  450s
 70698 63325 1417385.46   42  208 1527910.26 1417385.46  7.23%   285  467s
H74872 63325                    1526720.3927 1417499.90  7.15%   283  468s
 74872 63569 1417599.71   29  161 1526720.39 1417509.46  7.15%   282  473s
 75116 69688 1421289.79   54  237 1526720.39 1417540.59  7.15%   282  508s
H81236 69688                    1526464.4130 1417886.30  7.11%   292  509s
 81236 71280 1417899.24   50  215 1526464.41 1417899.24  7.11%   291  517s
 82828 71496 1421756.20   51  158 1526464.41 1418056.06  7.10%   293  523s
 83044 72359 1418222.60   33  164 1526464.41 1418160.04  7.10%   293  529s
 83908 73276 1418166.06   20  189 1526464.41 1418166.06  7.09%   295  538s
 84825 75197 1424184.69   54  146 1526464.41 1418222.53  7.09%   297  548s
H86746 75197                    1525714.1183 1418261.35  7.04%   301  549s
 86746 76575 1418281.22   46  150 1525714.12 1418281.22  7.04%   301  555s
 88124 76633 1421784.58   51  173 1525714.12 1418478.78  7.03%   300  561s
 88182 82742 1419784.77   44  201 1525714.12 1418502.75  7.03%   300  590s
H94302 82742                    1525585.0244 1418753.08  7.00%   299  591s
 94302 82772 1423497.62   36  192 1525585.02 1418768.36  7.00%   298  597s
 94332 88889 1418850.50   36  176 1525585.02 1418847.37  7.00%   298  664s
 96882 88889 1419012.13   45  200 1525585.02 1418898.89  6.99%   301  665s
 100452 91462 1419339.82   37  215 1525585.02 1419057.77  6.98%   303  680s
 103025 93031 1421902.49   59  185 1525585.02 1419349.80  6.96%   305  688s
 104595 93550 1423848.24   34  156 1525585.02 1419560.63  6.95%   308  696s
 105114 95511 1420507.40   58  162 1525585.02 1419631.42  6.95%   308  705s
 107075 95688 1420035.10   41  157 1525585.02 1419748.61  6.94%   310  711s
 107252 96410 1419800.83   64  125 1525585.02 1419800.83  6.93%   311  718s
 107974 97435 1430855.55   54  163 1525585.02 1419882.30  6.93%   311  725s
 108999 99291 1421077.50   46  143 1525585.02 1420006.12  6.92%   312  735s
H110855 99291                    1525559.6584 1420093.66  6.91%   315  735s
 110855 100604 1420093.66   58  174 1525559.66 1420093.66  6.91%   315  742s
 112169 100804 1422999.02   51  153 1525559.66 1420250.48  6.90%   314  748s
 112369 100927 1423125.76   43  144 1525559.66 1420306.42  6.90%   314  755s
 112492 102561 1420350.05   59  193 1525559.66 1420350.05  6.90%   314  765s
 114126 105294 1429503.67   63  141 1525559.66 1420400.83  6.89%   313  776s
 116860 106205 1430355.26   46  135 1525559.66 1420501.69  6.89%   312  783s
H117771 106205                    1525424.2356 1420544.86  6.88%   311  784s
 117771 106230 1424118.52   23  211 1525424.24 1420549.57  6.88%   311  793s
 117796 113668 1428838.67   67   97 1525424.24 1420576.69  6.87%   311  896s
 125236 114819 1431994.35   46  154 1525424.24 1420786.37  6.86%   316  911s
 126387 119379 1427253.26   52  206 1525424.24 1420909.68  6.85%   317  941s
 130947 119566 1421129.25   42  183 1525424.24 1421129.25  6.84%   318  951s
 131134 126118 1421129.25   43  178 1525424.24 1421129.25  6.84%   318  991s
 137686 126385 1425872.93   44  167 1525424.24 1421457.53  6.82%   322  998s
 137954 128419 1426566.30   56  126 1525424.24 1421528.33  6.81%   323 1008s
H139988 128419                    1524981.2334 1421647.18  6.78%   324 1008s
 139988 130761 1424769.68   61  124 1524981.23 1421654.84  6.78%   323 1020s
 142330 130816 1434100.39   49  148 1524981.23 1421728.55  6.77%   322 1026s
 142385 131415 1430996.33   50  119 1524981.23 1421770.19  6.77%   322 1033s
 142985 131654 1426259.95   48  155 1524981.23 1421782.80  6.77%   322 1040s
 143224 132640 1421800.03   51  111 1524981.23 1421800.03  6.77%   322 1046s
 144210 134412 1425224.33   67   86 1524981.23 1421837.33  6.76%   322 1057s
 145982 135657 1421856.77   60   96 1524981.23 1421856.77  6.76%   322 1067s
 147227 138770 1430950.31   45  146 1524981.23 1421931.02  6.76%   321 1084s
 150343 139619 1423672.48   36  197 1524981.23 1421982.27  6.75%   319 1099s
 151192 143122 1422032.39   30  181 1524981.23 1422031.76  6.75%   320 1141s
 154698 145221 1428114.96   30  208 1524981.23 1422110.88  6.75%   323 1161s
 156797 150146 1433156.65   41   91 1524981.23 1422216.33  6.74%   325 1197s
 161722 152022 1426392.84   57   74 1524981.23 1422614.61  6.71%   326 1224s
 163598 154786 1422626.72   60  211 1524981.23 1422626.72  6.71%   326 1251s
 166363 155059 1423682.64   65  159 1524981.23 1422686.54  6.71%   327 1272s
 166637 163817 1427440.81   54  147 1524981.23 1422729.83  6.71%   327 1357s
H175397 163814                    1522135.0170 1422939.93  6.52%   329 1359s
 175397 164606 1424513.75   45  172 1522135.02 1422956.73  6.52%   329 1369s
 176189 173023 1432241.76   59  119 1522135.02 1422999.21  6.51%   328 1429s
 178410 173023 1431960.75   48  144 1522135.02 1423021.51  6.51%   328 1430s
 184607 176943 1423509.12   44  149 1522135.02 1423171.89  6.50%   327 1453s
 188528 181597 1427191.40   66   77 1522135.02 1423240.74  6.50%   325 1490s
 193184 182067 1432057.26   42  157 1522135.02 1423588.15  6.47%   326 1500s
 193654 184182 1424796.66   65  115 1522135.02 1423644.17  6.47%   326 1518s
 195769 184266 1424703.68   41  161 1522135.02 1423731.16  6.46%   327 1531s
 195853 185437 1423799.73   54  249 1522135.02 1423789.23  6.46%   327 1547s
 197024 185994 1435366.93   44  169 1522135.02 1423819.43  6.46%   327 1554s

Cutting planes:
  Gomory: 54
  Implied bound: 14
  MIR: 2
  Flow cover: 359
  RLT: 17
  Relax-and-lift: 14

Explored 197581 nodes (64941779 simplex iterations) in 1556.07 seconds (984.19 work units)
Thread count was 24 (of 32 available processors)

Solution count 10: 1.52214e+06 1.52498e+06 1.52542e+06 ... 1.52792e+06

Solve interrupted
Best objective 1.522135016972e+06, best bound 1.423847492808e+06, gap 6.4572%
