
Gurobi 12.0.3 (win64) logging started Tue Aug 18 21:57:58 2026

Set parameter LogFile to value "output/Monolitico_swap_320kW_1significativo_invierno/gurobi.log"
Set parameter Threads to value 32
Set parameter Heuristics to value 0.5
Set parameter MIPFocus to value 3
Set parameter Presolve to value 2
Set parameter FlowCoverCuts to value 2
Set parameter TimeLimit to value 172800
Gurobi Optimizer version 12.0.3 build v12.0.3rc0 (win64 - Windows 11+.0 (26200.2))

CPU model: Intel(R) Core(TM) i9-14900K, instruction set [SSE2|AVX|AVX2]
Thread count: 24 physical cores, 32 logical processors, using up to 32 threads

Non-default parameters:
TimeLimit  172800
MIPGap  0.01
Heuristics  0.5
MIPFocus  3
FlowCoverCuts  2
Presolve  2
Threads  32

Optimize a model with 150795 rows, 284215 columns and 1389274 nonzeros
Model fingerprint: 0xfd725d5c
Model has 9 quadratic constraints
Variable types: 19560 continuous, 264655 integer (99015 binary)
Coefficient statistics:
  Matrix range     [2e-02, 1e+03]
  QMatrix range    [1e+00, 1e+00]
  QLMatrix range   [1e+00, 4e+02]
  Objective range  [3e+00, 3e+05]
  Bounds range     [1e+00, 8e+04]
  RHS range        [1e+00, 1e+04]
Presolve removed 130466 rows and 233478 columns
Presolve time: 0.83s
Presolved: 20365 rows, 50738 columns, 254536 nonzeros
Presolved model has 9 bilinear constraint(s)

Solving non-convex MIQCP

Variable types: 6237 continuous, 44501 integer (41779 binary)
Root relaxation presolve removed 0 rows and 1 columns
Root relaxation presolved: 20365 rows, 50737 columns, 254536 nonzeros

Deterministic concurrent LP optimizer: primal and dual simplex
Showing primal log only...

Concurrent spin time: 0.31s (can be avoided by choosing Method=3)

Solved with primal simplex

Root relaxation: objective 8.516264e+05, 35634 iterations, 2.90 seconds (6.73 work units)
Total elapsed time = 5.66s (DegenMoves)

    Nodes    |    Current Node    |     Objective Bounds      |     Work
 Expl Unexpl |  Obj  Depth IntInf | Incumbent    BestBd   Gap | It/Node Time

     0     0 1043885.33    0  419          - 1043885.33      -     -    6s
     0     0 1043935.51    0  463          - 1043935.51      -     -    9s
     0     0 1044850.53    0  495          - 1044850.53      -     -    9s
     0     0 1053277.73    0  464          - 1053277.73      -     -   13s
     0     0 1133008.56    0  551          - 1133008.56      -     -   13s
     0     0 1133103.20    0  503          - 1133103.20      -     -   19s
     0     0 1133189.45    0  577          - 1133189.45      -     -   19s
     0     0 1134799.52    0  428          - 1134799.52      -     -   24s
     0     0 1134820.56    0  464          - 1134820.56      -     -   24s
     0     0 1134979.92    0  455          - 1134979.92      -     -   28s
     0     0 1134979.92    0  501          - 1134979.92      -     -   28s
     0     0 1135002.92    0  444          - 1135002.92      -     -   32s
     0     0 1135020.22    0  555          - 1135020.22      -     -   32s
     0     0 1135562.99    0  459          - 1135562.99      -     -   36s
     0     0 1135742.49    0  478          - 1135742.49      -     -   37s
     0     0 1135954.81    0  456          - 1135954.81      -     -   40s
     0     0 1135988.17    0  496          - 1135988.17      -     -   40s
     0     0 1136673.01    0  454          - 1136673.01      -     -   43s
     0     0 1140393.09    0  485          - 1140393.09      -     -   43s
     0     0 1149997.93    0  451          - 1149997.93      -     -   46s
     0     0 1150102.15    0  488          - 1150102.15      -     -   47s
     0     0 1151085.25    0  469          - 1151085.25      -     -   49s
     0     0 1151165.51    0  611          - 1151165.51      -     -   50s
     0     0 1151709.71    0  502          - 1151709.71      -     -   54s
     0     0 1151988.12    0  501          - 1151988.12      -     -   55s
     0     2 1151988.12    0  501          - 1151988.12      -     -   61s
    33    64 1185625.94    6  760          - 1185096.12      -   747   65s
   275   328 1187570.40   14  714          - 1187454.16      -   746   70s
   550   598 1188295.26   21  766          - 1188038.79      -   614   75s
   677   718 1192693.13   23  656          - 1188330.27      -   728   80s
   809   849 1192940.55   19  706          - 1188692.57      -   856   85s
   942   981 1188879.57   19  701          - 1188879.57      -   985   91s
  1035  1085 1193173.80   19  708          - 1189127.20      -  1054   95s
  1227  1288 1189551.97   15  730          - 1189551.23      -  1113  101s
  1362  1419 1198894.68    9  745          - 1189941.95      -  1152  107s
  1504  1665 1195667.56   13  713          - 1190784.25      -  1187  111s
  1746  1866 1200752.59   24  715          - 1191270.49      -  1112  116s
  1972  2156 1200331.98   16  737          - 1191730.37      -  1068  121s
  2292  2481 1192528.99   20  693          - 1192295.65      -   983  127s
  2482  2712 1192593.68   21  661          - 1192323.71      -   937  130s
  2924  2922 1197587.00   24  374          - 1192323.71      -   846  142s
  2925  2923 1198035.77   20  478          - 1192323.71      -   846  147s
  2926  2924 1193483.53   23  657          - 1192323.71      -   845  150s
  2927  2924 1199334.84   13  482          - 1192323.71      -   845  158s
  2928  2925 1194764.63   16  627          - 1192323.71      -   845  162s
  2929  2926 1192793.59   37  541          - 1192323.71      -   844  170s
  2931  2927 1199016.53   10  561          - 1192323.71      -   844  186s
  2932  2928 1197830.14   23  673          - 1192323.71      -   843  193s
  2933  2928 1192538.44   24  557          - 1192323.71      -   843  201s
  2934  2929 1198025.79   16  668          - 1192323.71      -   843  205s
  2935  2930 1198563.27   20  546          - 1192323.71      -   843  213s
  2936  2930 1201372.86   18  546          - 1192323.71      -   842  219s
H 2936  2783                    1.275305e+07 1192323.71  90.7%   842  234s
H 2936  2643                    1.108648e+07 1192323.71  89.2%   842  246s
H 2936  2511                    9998154.4640 1192323.71  88.1%   842  246s
H 2936  2385                    9993474.2737 1192323.71  88.1%   842  246s
H 2936  2266                    9991134.1785 1192323.71  88.1%   842  246s
H 2936  2152                    9989659.9186 1192323.71  88.1%   842  246s
H 2936  2044                    9979995.3256 1192323.71  88.1%   842  246s
H 2936  1942                    9974145.0876 1192323.71  88.0%   842  248s
  2938  1947 1192323.71   16  687 9974145.09 1192323.71  88.0%   893  251s
  2968  1997 1192323.71   20  652 9974145.09 1192323.71  88.0%   895  259s
H 2987  1892                    9971876.5809 1192323.71  88.0%   892  259s
  3000  1920 1192323.71   21  728 9971876.58 1192323.71  88.0%   890  264s
  3032  1941 1196565.10   22  697 9971876.58 1192323.71  88.0%   912  271s
H 3034  1849                    9966048.1256 1192323.71  88.0%   911  271s
  3064  1871 1192323.71   23  761 9966048.13 1192323.71  88.0%   929  277s
  3096  1892 1196767.51   24  787 9966048.13 1192323.71  88.0%   944  288s
  3128  1913 1211737.33   25  755 9966048.13 1192323.71  88.0%   953  299s
H 3157  1816                    9947884.0475 1192323.71  88.0%   968  299s
  3160  1847 1192323.71   26  754 9947884.05 1192323.71  88.0%   970  309s
  3192  1870 1192323.71   27  703 9947884.05 1192323.71  88.0%  1000  318s
H 3193  1786                    9947454.2114 1192323.71  88.0%  1000  318s
  3226  1807 1214203.32   28  675 9947454.21 1192323.71  88.0%  1034  328s
H 3228  1727                    9946596.9952 1192323.71  88.0%  1034  328s
  3258  1749 1200209.85   29  768 9946597.00 1192323.71  88.0%  1074  338s
  3290  1770 1198564.11   30  729 9946597.00 1192323.71  88.0%  1095  349s
H 3301  1692                    9945181.2376 1192323.71  88.0%  1093  349s
H 3322  1674                    6475408.7987 1192323.71  81.6%  1111  368s
H 3330  1603                    6410324.4566 1192323.71  81.4%  1112  368s
H 3351  1531                    4586510.5250 1192323.71  74.0%  1108  368s
  3383  1552 1192323.71   32  749 4586510.53 1192323.71  74.0%  1126  379s
  3415  1574 1192323.71   33  755 4586510.53 1192323.71  74.0%  1144  390s
  3447  1595 1200101.68   34  788 4586510.53 1192323.71  74.0%  1147  401s
  3479  1616 1194340.01   35  767 4586510.53 1193950.22  74.0%  1156  414s
  3489  1613 1200963.87   35  702 4586510.53 1194004.34  74.0%  1158  415s
  3511  1658 1194655.49   36  771 4586510.53 1194005.44  74.0%  1164  427s
  3563  1672 1201934.16   27  767 4586510.53 1194634.80  74.0%  1182  439s
  3595  1694 1195417.21   37  771 4586510.53 1194816.62  73.9%  1219  451s
H 3597  1632                    4586104.1099 1194816.62  73.9%  1218  451s
  3627  1695 1196063.93   35  761 4586104.11 1194955.23  73.9%  1253  458s
  3700  1703 1195894.81   34  705 4586104.11 1195111.03  73.9%  1275  468s
  3732  1738 1196992.49   35  712 4586104.11 1195343.53  73.9%  1301  477s
H 3739  1678                    4584817.0576 1195392.20  73.9%  1304  477s
  3778  1697 1196168.78   39  716 4584817.06 1195578.39  73.9%  1321  488s
H 3789  1637                    4579118.4343 1195598.82  73.9%  1324  488s
  3810  1736 1196280.45   41  746 4579118.43 1195729.28  73.9%  1332  497s
H 3847  1672                    4577702.6767 1195817.40  73.9%  1336  497s
  3916  1681 1196689.35   35  674 4577702.68 1195908.31  73.9%  1331  509s
  3948  1702 1202483.00   40  710 4577702.68 1196089.54  73.9%  1349  522s
  3980  1723 1197312.17   37  684 4577702.68 1196264.16  73.9%  1365  536s
  4012  1745 1198864.49   22  793 4577702.68 1196425.50  73.9%  1383  552s
H 4013  1694                    3337411.2855 1196425.50  64.2%  1382  552s
  4044  1826 1196497.59   42  745 3337411.29 1196463.74  64.1%  1387  560s
  4186  1811 1197022.81   44  717 3337411.29 1196497.59  64.1%  1364  574s
  4218  1873 1197134.38   45  746 3337411.29 1196514.28  64.1%  1360  598s
H 4220  1824                    3076242.7900 1196534.43  61.1%  1360  598s
  4291  1981 1201173.99   46  743 3076242.79 1196583.10  61.1%  1341  606s
  4471  1953 1196614.70   48  727 3076242.79 1196614.70  61.1%  1310  621s
  4503  2028 1196964.22   49  720 3076242.79 1196614.70  61.1%  1315  638s
  4589  2144 1197019.93   48  699 3076242.79 1196725.19  61.1%  1304  649s
  4734  2128 1197506.28   41  726 3076242.79 1196782.58  61.1%  1299  665s
  4766  2216 1201498.91   43  712 3076242.79 1196830.38  61.1%  1307  685s
H 4778  2167                    1646695.6279 1196830.38  27.3%  1304  685s
H 4791  2120                    1646451.5323 1196887.75  27.3%  1301  685s
H 4816  2071                    1643272.4033 1196887.75  27.2%  1299  685s
  4865  2118 1196888.79   41  732 1643272.40 1196887.75  27.2%  1292  705s
  4929  2140 1219139.84   42  670 1643272.40 1196923.63  27.2%  1284  726s
  4972  2246 1199762.13   48  688 1643272.40 1196994.16  27.2%  1307  748s
  5092  2238 1204884.00   37  629 1643272.40 1197033.41  27.2%  1325  774s
  5124  2313 1203617.66   29  690 1643272.40 1197060.33  27.2%  1365  800s
  5210  2488 1223996.50   53  601 1643272.40 1197100.08  27.2%  1392  813s
  5420  2575 1204379.94   38  666 1643272.40 1197141.82  27.1%  1386  840s
  5517  2632 1202308.09   51  640 1643272.40 1197177.13  27.1%  1410  864s
  5574  2718 1202339.26   41  654 1643272.40 1197214.68  27.1%  1447  889s
H 5577  2718                    1643028.3078 1197214.68  27.1%  1446  889s
  5662  2930 1202504.26   48  720 1643028.31 1197252.42  27.1%  1477  904s
  5875  3119 1205788.76   39  704 1643028.31 1197289.06  27.1%  1475  920s
  6066  3187 1201766.08   47  682 1643028.31 1197339.95  27.1%  1474  949s
  6134  3386 1203465.93   23  679 1643028.31 1197393.71  27.1%  1510  972s
  6333  3454 1206303.05   55  647 1643028.31 1197455.54  27.1%  1514 1000s
  6401  3660 1202955.06   52  678 1643028.31 1197513.97  27.1%  1542 1024s
  6611  3701 1203228.47   46  705 1643028.31 1197625.18  27.1%  1535 1054s
H 6631  3701                    1637947.3405 1197668.93  26.9%  1552 1054s
  6652  3994 1204444.11   30  679 1637947.34 1197724.08  26.9%  1568 1074s
H 6766  3994                    1637616.4414 1197754.41  26.9%  1555 1074s
H 6853  3994                    1632787.9546 1197776.87  26.6%  1550 1074s
H 6903  3994                    1632024.0362 1197790.14  26.6%  1546 1074s
  6945  4026 1202118.99   35  685 1632024.04 1197811.59  26.6%  1550 1115s
  6977  4059 1200458.93   28  695 1632024.04 1197916.94  26.6%  1583 1164s
H 7009  4059                    1491835.3214 1198062.23  19.7%  1608 1164s
  7010  4317 1202262.53   35  667 1491835.32 1198072.29  19.7%  1611 1183s
  7292  4488 1224091.91   40  606 1491835.32 1198270.65  19.7%  1605 1222s
H 7306  4488                    1491827.4572 1198281.63  19.7%  1607 1222s
H 7322  4488                    1488804.5804 1198305.34  19.5%  1606 1222s
  7465  4787 1213934.58   42  701 1488804.58 1198544.96  19.5%  1604 1239s
  7781  4869 1205032.36   24  680 1488804.58 1198781.77  19.5%  1588 1276s
H 7805  4869                    1488605.9703 1198815.64  19.5%  1589 1276s
H 7820  4869                    1487760.8142 1198865.25  19.4%  1594 1276s
  7867  5123 1204059.12   25  753 1487760.81 1198970.20  19.4%  1595 1290s
  8124  5157 1199107.89   28  759 1487760.81 1199107.89  19.4%  1576 1356s
  8158  5460 1203375.19   29  727 1487760.81 1199117.12  19.4%  1593 1389s
  8461  5685 1201703.04   28  739 1487760.81 1199273.24  19.4%  1562 1431s
  8686  6068 1207838.04   36  674 1487760.81 1199508.69  19.4%  1549 1451s
  9072  6243 1222136.75   28  694 1487760.81 1199572.91  19.4%  1514 1489s
  9247  6573 1222742.99   28  713 1487760.81 1199755.13  19.4%  1506 1510s
  9579  6822 1202978.79   31  671 1487760.81 1199979.46  19.3%  1479 1554s
  9830  7171 1202669.66   25  721 1487760.81 1200115.02  19.3%  1471 1580s
 10179  7504 1202610.86   25  721 1487760.81 1200262.95  19.3%  1459 1625s
 10513  7782 1201626.18   29  725 1487760.81 1200393.73  19.3%  1438 1698s
 10791  8073 1203009.73   42  673 1487760.81 1200520.71  19.3%  1425 1739s
 10810  8073 1202591.94   23  754 1487760.81 1200558.27  19.3%  1425 1740s
 11083  8497 1222389.49   25  664 1487760.81 1200558.27  19.3%  1415 1771s
H11510  8536                    1369765.6894 1200738.90  12.3%  1384 1861s
 11553  9158 1225590.38   24  630 1369765.69 1200822.47  12.3%  1400 1892s
H11610  9158                    1369436.9029 1200844.40  12.3%  1395 1892s
 12180  9437 1205777.61   35  669 1369436.90 1200906.97  12.3%  1350 1972s
H12279  9437                    1367798.6166 1200928.54  12.2%  1349 1972s
H12283  9437                    1367636.4065 1200937.41  12.2%  1350 1972s
 12461 10142 1206489.34   33  656 1367636.41 1200992.48  12.2%  1346 1998s
H13169 10530                    1363816.7423 1201100.51  11.9%  1299 2052s
 13566 10970 1223366.37   26  688 1363816.74 1201178.76  11.9%  1284 2112s
 14011 11515 1222337.52   29  633 1363816.74 1201237.73  11.9%  1261 2161s
H14560 12238                    1363737.7570 1201320.60  11.9%  1233 2206s
H14663 12238                    1363648.9770 1201323.70  11.9%  1228 2206s
H14796 12238                    1363608.4224 1201338.82  11.9%  1222 2206s
 15289 12720 1206608.19   29  670 1363608.42 1201421.12  11.9%  1196 2280s
 15774 13463 1224367.21   28  691 1363608.42 1201508.55  11.9%  1178 2308s
 16519 14140 1224401.73   27  640 1363608.42 1201546.31  11.9%  1145 2368s
H16533 14139                    1363595.6958 1201546.31  11.9%  1144 2368s
H16710 14139                    1363448.5714 1201566.09  11.9%  1136 2368s
H16798 14139                    1363396.4146 1201571.51  11.9%  1132 2368s
 17198 14838 1203392.99   32  687 1363396.41 1201613.14  11.9%  1115 2462s
 17903 15740 1209153.67   55  659 1363396.41 1201666.87  11.9%  1094 2566s
 18806 16478 1223825.41   30  725 1363396.41 1201718.33  11.9%  1061 2636s
H19391 16473                    1362340.0307 1201751.80  11.8%  1044 2636s
 19553 17180 1206442.09   33  654 1362340.03 1201756.36  11.8%  1039 2693s
 20264 17838 1223610.89   26  628 1362340.03 1201788.91  11.8%  1024 2792s
 20923 18585 1223931.88   29  732 1362340.03 1201837.06  11.8%  1009 2856s
 21675 19495 1208994.39   51  637 1362340.03 1201890.48  11.8%   996 2937s
 22586 20305 1208943.85   50  650 1362340.03 1201945.84  11.8%   975 3027s
 23398 21368 1225310.15   39  630 1362340.03 1201989.41  11.8%   961 3071s
 24463 22284 1225081.58   28  735 1362340.03 1202047.00  11.8%   948 3221s
 25382 23688 1224276.49   28  728 1362340.03 1202080.01  11.8%   935 3271s
 26792 24500 1206164.32   36  717 1362340.03 1202121.97  11.8%   908 3411s
H27325 24051                    1249166.5686 1202162.55  3.76%   906 3411s
 27608 25358 1227349.26   30  650 1249166.57 1202177.17  3.76%   904 3478s
H28936 26233                    1249157.1877 1202232.73  3.76%   911 3626s
H28943 26233                    1248920.2788 1202234.41  3.74%   912 3626s
H29054 26233                    1248848.8812 1202259.02  3.73%   915 3626s
H29773 26233                    1248823.8140 1202330.01  3.72%   923 3626s
 29832 27932 1205031.62   34  707 1248823.81 1202332.20  3.72%   924 3700s
H30063 27932                    1248656.2752 1202356.29  3.71%   923 3700s
H30573 27931                    1248406.2527 1202391.34  3.69%   923 3701s
H31264 27931                    1248343.9610 1202418.72  3.68%   922 3701s
H31575 28722                    1247603.6039 1202445.82  3.62%   920 3926s
 32381 30152 1225224.59   42  651 1247603.60 1202543.65  3.61%   920 3995s
 33847 30184 1204369.40   26  746 1247603.60 1202708.63  3.60%   916 4036s

Cutting planes:
  Gomory: 10
  Lift-and-project: 53
  Cover: 7
  Implied bound: 1667
  MIR: 1150
  Mixing: 6
  Flow cover: 2633
  GUB cover: 7
  Zero half: 4
  RLT: 243
  Relax-and-lift: 431
  BQP: 1

Explored 33879 nodes (31423254 simplex iterations) in 4036.93 seconds (4403.44 work units)
Thread count was 32 (of 32 available processors)

Solution count 10: 1.2476e+06 1.24834e+06 1.24841e+06 ... 1.36234e+06

Solve interrupted
Best objective 1.247603603911e+06, best bound 1.202797597139e+06, gap 3.5914%
