
Gurobi 12.0.3 (win64) logging started Sun Aug 23 17:22:58 2026

Set parameter LogFile to value "C:\Users\TECNO-MASTER\Desktop\Elmo_infrastructure_sizing_NP-\output\DCH_agosto\Costo_variable\Ventana_restringida\Carga_on_board_variable_3estaciones_P1000kW_Descomp/station_3_d274\gurobi.log"
Set parameter Threads to value 1
Set parameter Heuristics to value 0.5
Set parameter MIPFocus to value 3
Set parameter Presolve to value 2
Set parameter FlowCoverCuts to value 2
Set parameter TimeLimit to value 172800
Gurobi Optimizer version 12.0.3 build v12.0.3rc0 (win64 - Windows 11+.0 (26200.2))

CPU model: Intel(R) Core(TM) i9-14900K, instruction set [SSE2|AVX|AVX2]
Thread count: 24 physical cores, 32 logical processors, using up to 1 threads

Non-default parameters:
TimeLimit  172800
MIPGap  0.01
Heuristics  0.5
MIPFocus  3
FlowCoverCuts  2
Presolve  2
Threads  1

Optimize a model with 23284 rows, 37249 columns and 110270 nonzeros
Model fingerprint: 0x196ad7ab
Variable types: 17323 continuous, 19926 integer (19925 binary)
Coefficient statistics:
  Matrix range     [1e-01, 1e+03]
  Objective range  [4e-03, 1e+02]
  Bounds range     [1e+00, 3e+00]
  RHS range        [1e+00, 1e+04]
Presolve removed 22219 rows and 28486 columns
Presolve time: 0.08s
Presolved: 1065 rows, 8763 columns, 26624 nonzeros
Variable types: 232 continuous, 8531 integer (8440 binary)
Root relaxation presolved: 1065 rows, 8763 columns, 26624 nonzeros


Use crossover to convert LP symmetric solution to basic solution...

Root relaxation: objective 2.179103e+05, 2964 iterations, 0.02 seconds (0.04 work units)

    Nodes    |    Current Node    |     Objective Bounds      |     Work
 Expl Unexpl |  Obj  Depth IntInf | Incumbent    BestBd   Gap | It/Node Time

     0     0 217910.253    0   42          - 217910.253      -     -    0s
H    0     0                    219115.20734 217910.253  0.55%     -    0s

Explored 1 nodes (4462 simplex iterations) in 0.33 seconds (0.54 work units)
Thread count was 1 (of 32 available processors)

Solution count 1: 219115 

Optimal solution found (tolerance 1.00e-02)
Best objective 2.191152073445e+05, best bound 2.179102528642e+05, gap 0.5499%
