
Gurobi 12.0.3 (win64) logging started Mon Sep  7 19:28:04 2026

Set parameter LogFile to value "C:\Users\TECNO-MASTER\Desktop\Elmo_infrastructure_sizing_NP-\output\DCH_septiembre\Bateria_353\Costo_variable\Ventana_restringida\Carga_on_board_variable_3estaciones_P640kW_Descomp/station_3_d182_stage1\gurobi.log"
Set parameter Threads to value 1
Set parameter Heuristics to value 0.5
Set parameter MIPFocus to value 3
Set parameter Presolve to value 2
Set parameter FlowCoverCuts to value 2
Set parameter TimeLimit to value 1200
Gurobi Optimizer version 12.0.3 build v12.0.3rc0 (win64 - Windows 11+.0 (26200.2))

CPU model: Intel(R) Core(TM) i9-14900K, instruction set [SSE2|AVX|AVX2]
Thread count: 24 physical cores, 32 logical processors, using up to 1 threads

Non-default parameters:
TimeLimit  1200
MIPGap  0.05
Heuristics  0.5
MIPFocus  3
FlowCoverCuts  2
Presolve  2
Threads  1

Optimize a model with 23314 rows, 37249 columns and 111232 nonzeros
Model fingerprint: 0x8ee97b51
Variable types: 17323 continuous, 19926 integer (19925 binary)
Coefficient statistics:
  Matrix range     [1e-01, 6e+02]
  Objective range  [1e-02, 1e+05]
  Bounds range     [1e+00, 1e+00]
  RHS range        [1e+00, 1e+04]
Presolve removed 22108 rows and 28480 columns
Presolve time: 0.23s
Presolved: 1206 rows, 8769 columns, 26572 nonzeros
Variable types: 233 continuous, 8536 integer (8535 binary)
Root relaxation presolved: 1206 rows, 8769 columns, 26572 nonzeros


Use crossover to convert LP symmetric solution to basic solution...

Root relaxation: objective 1.627207e+05, 2935 iterations, 0.06 seconds (0.05 work units)

    Nodes    |    Current Node    |     Objective Bounds      |     Work
 Expl Unexpl |  Obj  Depth IntInf | Incumbent    BestBd   Gap | It/Node Time

     0     0 162720.702    0  125          - 162720.702      -     -    0s
H    0     0                    290070.98591 162720.702  43.9%     -    0s
H    0     0                    270521.23091 162720.702  39.8%     -    0s
H    0     0                    270519.20799 162720.702  39.8%     -    0s
H    0     0                    270491.71921 162720.702  39.8%     -    1s
H    0     0                    270444.80740 162720.702  39.8%     -    1s
H    0     0                    217709.98603 162720.702  25.3%     -    1s
H    0     0                    217676.08164 162720.702  25.2%     -    1s
H    0     0                    215340.36533 162720.702  24.4%     -    1s
H    0     0                    210219.43891 162720.702  22.6%     -    1s
H    0     0                    210037.43699 162720.702  22.5%     -    1s
H    0     0                    204590.49981 162720.702  20.5%     -    1s
H    0     0                    198096.90502 162720.702  17.9%     -    1s
     0     0 177494.308    0  100 198096.905 177494.308  10.4%     -    1s
H    0     0                    197735.47283 180161.235  8.89%     -    1s
H    0     0                    196213.62094 180161.235  8.18%     -    1s
H    0     0                    190270.00106 180161.235  5.31%     -    1s
H    0     0                    189250.25083 180161.235  4.80%     -    1s

Cutting planes:
  Cover: 4
  Implied bound: 5
  Projected implied bound: 2
  Clique: 30
  MIR: 1
  Flow cover: 2
  Zero half: 7
  Relax-and-lift: 5
  BQP: 31
  PSD: 1

Explored 1 nodes (7026 simplex iterations) in 1.95 seconds (1.39 work units)
Thread count was 1 (of 32 available processors)

Solution count 10: 189250 190270 196214 ... 217676

Optimal solution found (tolerance 5.00e-02)
Best objective 1.892502508346e+05, best bound 1.801612353252e+05, gap 4.8026%
