
Gurobi 12.0.3 (win64) logging started Tue Jul  7 01:06:30 2026

Set parameter LogFile to value "output/DCH_taller_julio/Costo_variable/Ventana_restringida/Carga_on_board_1000kW_Descomp_ventana_carga/station_1_d121_stage1\gurobi.log"
Set parameter Threads to value 5
Set parameter Heuristics to value 0.5
Set parameter MIPFocus to value 3
Set parameter Presolve to value 2
Set parameter FlowCoverCuts to value 2
Set parameter TimeLimit to value 172800
Gurobi Optimizer version 12.0.3 build v12.0.3rc0 (win64 - Windows 11+.0 (26200.2))

CPU model: Intel(R) Core(TM) i9-14900K, instruction set [SSE2|AVX|AVX2]
Thread count: 24 physical cores, 32 logical processors, using up to 5 threads

Non-default parameters:
TimeLimit  172800
MIPGap  0.01
Heuristics  0.5
MIPFocus  3
FlowCoverCuts  2
Presolve  2
Threads  5

Optimize a model with 23329 rows, 35809 columns and 111338 nonzeros
Model fingerprint: 0x4acdf429
Variable types: 17323 continuous, 18486 integer (18485 binary)
Coefficient statistics:
  Matrix range     [1e-01, 1e+03]
  Objective range  [8e-03, 2e+05]
  Bounds range     [1e+00, 1e+00]
  RHS range        [1e+00, 1e+04]
Presolve removed 22092 rows and 27284 columns
Presolve time: 0.11s
Presolved: 1237 rows, 8525 columns, 25866 nonzeros
Variable types: 245 continuous, 8280 integer (8279 binary)
Root relaxation presolved: 1237 rows, 8525 columns, 25866 nonzeros


Use crossover to convert LP symmetric solution to basic solution...

Root relaxation: objective 2.167010e+05, 3272 iterations, 0.07 seconds (0.06 work units)

    Nodes    |    Current Node    |     Objective Bounds      |     Work
 Expl Unexpl |  Obj  Depth IntInf | Incumbent    BestBd   Gap | It/Node Time

     0     0 216700.992    0  175          - 216700.992      -     -    0s
     0     0 348293.975    0  145          - 348293.975      -     -    0s
H    0     0                    511925.62670 348293.975  32.0%     -    0s
H    0     0                    407193.67622 348293.975  14.5%     -    0s
H    0     0                    400697.18040 348293.975  13.1%     -    0s
H    0     0                    395576.53139 348293.975  12.0%     -    0s
H    0     0                    395221.44864 348293.975  11.9%     -    0s
H    0     0                    386585.60718 348293.975  9.91%     -    0s
H    0     0                    385978.85420 348293.975  9.76%     -    1s
H    0     0                    357900.96256 353524.890  1.22%     -    1s
H    0     0                    357761.28411 353524.890  1.18%     -    1s
H    0     0                    357568.71054 353524.890  1.13%     -    1s
H    0     0                    357553.21626 353524.890  1.13%     -    1s
H    0     0                    357022.67304 353524.890  0.98%     -    1s
     0     0 353524.890    0   79 357022.673 353524.890  0.98%     -    1s

Cutting planes:
  Cover: 5
  Projected implied bound: 1
  MIR: 23
  Flow cover: 30
  GUB cover: 1
  RLT: 1
  Relax-and-lift: 6

Explored 1 nodes (13784 simplex iterations) in 1.52 seconds (1.31 work units)
Thread count was 5 (of 32 available processors)

Solution count 10: 357023 357553 357569 ... 400697

Optimal solution found (tolerance 1.00e-02)
Best objective 3.570226730419e+05, best bound 3.535248902382e+05, gap 0.9797%
