
Gurobi 12.0.3 (win64) logging started Mon Sep  7 19:17:24 2026

Set parameter LogFile to value "C:\Users\TECNO-MASTER\Desktop\Elmo_infrastructure_sizing_NP-\output\DCH_septiembre\Bateria_353\Costo_fijo\Ventana_restringida\Carga_on_board_fixed_3estaciones_P320kW_Descomp/station_3_d91_stage1\gurobi.log"
Set parameter Threads to value 1
Set parameter Heuristics to value 0.5
Set parameter MIPFocus to value 3
Set parameter Presolve to value 2
Set parameter FlowCoverCuts to value 2
Set parameter TimeLimit to value 1200
Gurobi Optimizer version 12.0.3 build v12.0.3rc0 (win64 - Windows 11+.0 (26200.2))

CPU model: Intel(R) Core(TM) i9-14900K, instruction set [SSE2|AVX|AVX2]
Thread count: 24 physical cores, 32 logical processors, using up to 1 threads

Non-default parameters:
TimeLimit  1200
MIPGap  0.05
Heuristics  0.5
MIPFocus  3
FlowCoverCuts  2
Presolve  2
Threads  1

Optimize a model with 23314 rows, 37249 columns and 111232 nonzeros
Model fingerprint: 0xc1d797df
Variable types: 17323 continuous, 19926 integer (19925 binary)
Coefficient statistics:
  Matrix range     [1e-01, 3e+02]
  Objective range  [4e-01, 8e+04]
  Bounds range     [1e+00, 1e+00]
  RHS range        [1e+00, 1e+04]
Presolve removed 22120 rows and 28480 columns
Presolve time: 0.20s
Presolved: 1194 rows, 8769 columns, 26464 nonzeros
Variable types: 233 continuous, 8536 integer (8535 binary)
Root relaxation presolved: 1194 rows, 8769 columns, 26464 nonzeros


Use crossover to convert LP symmetric solution to basic solution...

Root relaxation: objective 2.084215e+05, 3093 iterations, 0.05 seconds (0.04 work units)

    Nodes    |    Current Node    |     Objective Bounds      |     Work
 Expl Unexpl |  Obj  Depth IntInf | Incumbent    BestBd   Gap | It/Node Time

     0     0 216425.777    0   83          - 216425.777      -     -    0s
H    0     0                    232630.64815 216425.777  6.97%     -    0s
H    0     0                    226929.17986 216425.777  4.63%     -    0s

Explored 1 nodes (5485 simplex iterations) in 0.94 seconds (0.76 work units)
Thread count was 1 (of 32 available processors)

Solution count 2: 226929 232631 

Optimal solution found (tolerance 5.00e-02)
Best objective 2.269291798616e+05, best bound 2.164257768633e+05, gap 4.6285%
