
Gurobi 12.0.0 (win64) logging started Mon Mar 16 12:27:14 2026

Set parameter LogFile to value "ELMO_log.txt"
Set parameter Threads to value 24
Set parameter Heuristics to value 0.5
Set parameter MIPFocus to value 3
Set parameter Presolve to value 2
Set parameter FlowCoverCuts to value 2
Set parameter TimeLimit to value 172800
Gurobi Optimizer version 12.0.0 build v12.0.0rc1 (win64 - Windows 11+.0 (26200.2))

CPU model: Intel(R) Core(TM) i9-14900K, instruction set [SSE2|AVX|AVX2]
Thread count: 24 physical cores, 32 logical processors, using up to 24 threads

Non-default parameters:
TimeLimit  172800
MIPGap  0.01
Heuristics  0.5
MIPFocus  3
FlowCoverCuts  2
Presolve  2
Threads  24

Optimize a model with 275043 rows, 895254 columns and 2938182 nonzeros
Model fingerprint: 0x9596f7f1
Variable types: 114192 continuous, 781062 integer (781059 binary)
Coefficient statistics:
  Matrix range     [5e-02, 4e+02]
  Objective range  [3e-03, 3e+05]
  Bounds range     [1e+00, 1e+00]
  RHS range        [1e+00, 1e+18]
Warning: Model contains large rhs
         Consider reformulating model or setting NumericFocus parameter
         to avoid numerical issues.
Found heuristic solution: objective 9.739107e+10
Presolve removed 184536 rows and 519552 columns (presolve time = 55s)...
Presolve removed 184536 rows and 519552 columns
Presolve time: 54.95s
Presolved: 90507 rows, 375702 columns, 1072014 nonzeros
Variable types: 52992 continuous, 322710 integer (322131 binary)
Root relaxation presolved: 90507 rows, 375702 columns, 1072014 nonzeros

Deterministic concurrent LP optimizer: primal simplex, dual simplex, and barrier
Showing barrier log only...

Root barrier log...

Ordering time: 0.08s

Barrier statistics:
 Dense cols : 6
 AA' NZ     : 8.575e+05
 Factor NZ  : 2.671e+06 (roughly 200 MB of memory)
 Factor Ops : 1.450e+08 (less than 1 second per iteration)
 Threads    : 22

                  Objective                Residual
Iter       Primal          Dual         Primal    Dual     Compl     Time
   0   1.99812957e+11 -3.36282479e+12  4.07e+02 1.12e+04  2.61e+07    56s
   1   1.16120728e+11 -1.15119051e+12  1.99e+02 7.54e+03  9.61e+06    56s
   2   2.15550015e+10 -4.32464661e+11  2.99e+01 1.10e-05  1.65e+06    56s
   3   5.32097518e+09 -2.16568197e+11  4.59e+00 1.01e-06  4.10e+05    56s
   4   1.84710146e+09 -7.05744021e+10  8.40e-01 3.17e-06  1.01e+05    56s
   5   2.79239934e+08 -8.59627195e+09  1.64e-02 6.27e-06  1.11e+04    56s
   6   4.64938041e+07 -1.07759447e+09  2.88e-03 7.75e-07  1.40e+03    56s
   7   1.96050950e+07 -1.22097326e+08  6.69e-04 1.32e-07  1.76e+02    56s
   8   1.27451545e+07 -4.76500266e+07  4.30e-04 4.97e-08  7.49e+01    56s
   9   5.15733998e+06 -1.17604055e+07  1.41e-04 1.35e-08  2.10e+01    56s
  10   2.34476913e+06 -4.08191188e+06  4.13e-05 1.35e-08  7.96e+00    56s
  11   1.79403546e+06 -1.39977585e+06  2.57e-05 2.38e-08  3.96e+00    57s
  12   1.24878352e+06 -3.85493830e+04  1.12e-05 5.33e-08  1.60e+00    57s
  13   1.12158565e+06  3.60729853e+05  8.18e-06 9.56e-08  9.43e-01    57s
  14   1.05325915e+06  4.71483757e+05  6.55e-06 5.15e-08  7.21e-01    57s
  15   1.00553563e+06  5.39863651e+05  5.35e-06 4.37e-08  5.77e-01    57s
  16   9.59911642e+05  6.02116857e+05  4.23e-06 7.06e-08  4.43e-01    57s
  17   9.37118183e+05  6.16787525e+05  3.67e-06 7.56e-08  3.97e-01    57s
  18   9.10786266e+05  6.43972428e+05  2.99e-06 7.23e-08  3.31e-01    57s
  19   9.01494804e+05  6.70236819e+05  2.77e-06 6.35e-08  2.87e-01    57s
  20   8.83470611e+05  7.18484141e+05  2.31e-06 8.77e-08  2.04e-01    57s
  21   8.62337956e+05  7.40793751e+05  1.79e-06 1.83e-09  1.51e-01    57s
  22   8.44125594e+05  7.54065538e+05  1.37e-06 1.45e-08  1.12e-01    57s
  23   8.28435217e+05  7.68174687e+05  1.01e-06 1.02e-08  7.47e-02    58s
  24   8.16599919e+05  7.76980176e+05  7.33e-07 2.79e-08  4.91e-02    58s
  25   8.06085558e+05  7.79794766e+05  4.96e-07 1.84e-09  3.26e-02    58s
  26   8.03171193e+05  7.80219133e+05  4.30e-07 3.66e-09  2.84e-02    58s
  27   8.01682866e+05  7.81179021e+05  3.96e-07 3.73e-09  2.54e-02    58s
  28   7.99902849e+05  7.82151178e+05  3.54e-07 7.08e-09  2.20e-02    58s
  29   7.95231022e+05  7.82789624e+05  2.46e-07 8.52e-10  1.54e-02    58s
  30   7.93907477e+05  7.82942394e+05  2.17e-07 9.58e-10  1.36e-02    58s
  31   7.89874669e+05  7.83273062e+05  1.26e-07 1.03e-09  8.18e-03    58s
  32   7.87186554e+05  7.83639824e+05  6.38e-08 1.32e-09  4.40e-03    58s
  33   7.86373821e+05  7.84078168e+05  4.60e-08 2.10e-08  2.84e-03    58s
  34   7.85275382e+05  7.84127806e+05  2.40e-08 2.13e-08  1.42e-03    58s
  35   7.85136939e+05  7.84216159e+05  2.24e-08 1.31e-07  1.14e-03    59s
  36   7.84958594e+05  7.84244275e+05  1.97e-08 2.81e-07  8.85e-04    59s
  37   7.84661113e+05  7.84291236e+05  4.92e-08 1.87e-07  4.58e-04    59s
  38   7.84510151e+05  7.84302768e+05  5.92e-08 1.29e-07  2.57e-04    59s
  39   7.84487773e+05  7.84327279e+05  5.07e-08 6.65e-08  1.99e-04    59s
  40   7.84442140e+05  7.84336402e+05  3.26e-08 4.51e-08  1.31e-04    59s
  41   7.84417062e+05  7.84345212e+05  2.30e-08 2.56e-08  8.90e-05    59s
  42   7.84394274e+05  7.84351084e+05  1.42e-08 1.09e-08  5.35e-05    59s
  43   7.84389732e+05  7.84353869e+05  1.24e-08 5.15e-09  4.44e-05    59s
  44   7.84370799e+05  7.84355055e+05  5.17e-09 2.85e-09  1.95e-05    59s
  45   7.84362352e+05  7.84356074e+05  3.75e-09 2.14e-09  7.78e-06    59s
  46   7.84360072e+05  7.84356708e+05  2.01e-09 1.11e-09  4.17e-06    59s
  47   7.84358372e+05  7.84356990e+05  7.43e-10 7.50e-10  1.71e-06    59s
  48   7.84357994e+05  7.84357181e+05  4.62e-10 8.22e-10  1.01e-06    59s
  49   7.84357540e+05  7.84357267e+05  1.47e-10 7.43e-10  3.39e-07    60s
  50   7.84357417e+05  7.84357323e+05  5.21e-10 7.56e-10  1.17e-07    60s
  51   7.84357373e+05  7.84357349e+05  7.45e-09 1.32e-09  3.04e-08    60s
  52   7.84357362e+05  7.84357354e+05  3.27e-09 1.03e-09  9.95e-09    60s
  53   7.84357359e+05  7.84357357e+05  2.69e-09 1.10e-09  2.00e-09    60s

Barrier solved model in 53 iterations and 60.02 seconds (133.59 work units)
Optimal objective 7.84357359e+05


Root crossover log...

   27858 DPushes remaining with DInf 0.0000000e+00                60s
       0 DPushes remaining with DInf 0.0000000e+00                61s

  292734 PPushes remaining with PInf 0.0000000e+00                61s
  140303 PPushes remaining with PInf 2.0069842e-04                65s
       0 PPushes remaining with PInf 2.0950121e-04                69s

  Push phase complete: Pinf 2.0950121e-04, Dinf 2.7784613e-01     69s


Root simplex log...

Iteration    Objective       Primal Inf.    Dual Inf.      Time
  319553    7.8435736e+05   0.000000e+00   2.778461e-01     69s
  319557    7.8435736e+05   0.000000e+00   0.000000e+00     69s
Concurrent spin time: 0.93s

Solved with barrier
  319557    7.8435736e+05   0.000000e+00   0.000000e+00     70s

Root relaxation: objective 7.843574e+05, 319557 iterations, 15.14 seconds (22.72 work units)
Total elapsed time = 90.29s (DegenMoves)
Total elapsed time = 102.93s (DegenMoves)
Total elapsed time = 108.83s (DegenMoves)
Total elapsed time = 110.14s (DegenMoves)

    Nodes    |    Current Node    |     Objective Bounds      |     Work
 Expl Unexpl |  Obj  Depth IntInf | Incumbent    BestBd   Gap | It/Node Time

     0     0 784357.358    0 23042 9.7391e+10 784357.358   100%     -  111s
H    0     0                    4.773026e+10 784357.358   100%     -  113s
     0     0 784357.401    0 23121 4.7730e+10 784357.401   100%     -  193s
     0     0 813995.871    0 23297 4.7730e+10 813995.871   100%     -  206s
     0     0 813995.871    0 23924 4.7730e+10 813995.871   100%     -  210s
     0     0 822874.385    0 23702 4.7730e+10 822874.385   100%     -  223s
     0     0 843901.971    0 23584 4.7730e+10 843901.971   100%     -  227s
     0     0 877723.094    0 23955 4.7730e+10 877723.094   100%     -  234s
     0     0 912560.739    0 24119 4.7730e+10 912560.739   100%     -  242s
     0     0 948525.966    0 24298 4.7730e+10 948525.966   100%     -  249s
     0     0 985742.452    0 24457 4.7730e+10 985742.452   100%     -  260s
     0     0 1019306.13    0 24374 4.7730e+10 1019306.13   100%     -  269s
     0     0 1091716.98    0 22818 4.7730e+10 1091716.98   100%     -  293s
     0     0 1184684.78    0 20401 4.7730e+10 1184684.78   100%     -  334s
     0     0 1226381.77    0 19442 4.7730e+10 1226381.77   100%     -  347s
     0     0 1301586.76    0 17375 4.7730e+10 1301586.76   100%     -  357s
     0     0 1301586.82    0 17391 4.7730e+10 1301586.82   100%     -  357s
     0     0 1301590.15    0 16356 4.7730e+10 1301590.15   100%     -  408s
     0     0 1303182.54    0 16560 4.7730e+10 1303182.54   100%     -  410s
     0     0 1303182.54    0 16371 4.7730e+10 1303182.54   100%     -  463s
     0     0 1303182.54    0 16584 4.7730e+10 1303182.54   100%     -  466s
     0     0 1303182.54    0 16385 4.7730e+10 1303182.54   100%     -  556s
     0     0 1303182.54    0 16385 4.7730e+10 1303182.54   100%     -  595s
H    0     0                    2.662857e+10 1303182.54   100%     -  618s
H    0     0                    2.657119e+10 1303182.54   100%     -  618s
H    0     0                    2.657116e+10 1303182.54   100%     -  618s
H    0     0                    2.656983e+10 1303182.54   100%     -  618s
H    0     0                    2.656937e+10 1303182.54   100%     -  618s
H    0     0                    2.656937e+10 1303182.54   100%     -  618s
H    0     0                    2.656155e+10 1303182.54   100%     -  618s
H    0     0                    2.655833e+10 1303182.54   100%     -  618s
H    0     0                    2.655697e+10 1303182.54   100%     -  618s
H    0     0                    2.655697e+10 1303182.54   100%     -  618s
H    0     0                    2.655697e+10 1303182.54   100%     -  619s
H    0     0                    2.653040e+10 1303182.54   100%     -  619s
H    0     0                    2.642812e+10 1303182.54   100%     -  619s
H    0     0                    2.641530e+10 1303182.54   100%     -  619s
H    0     0                    2.637167e+10 1303182.54   100%     -  619s
H    0     0                    2.634664e+10 1303182.54   100%     -  620s
H    0     0                    2.628408e+10 1303182.54   100%     -  620s
H    0     0                    2.627212e+10 1303182.54   100%     -  620s
H    0     0                    2.620078e+10 1303182.54   100%     -  621s
H    0     0                    8.953994e+09 1303182.54   100%     -  831s
H    0     0                    8.676841e+09 1303182.54   100%     -  833s
H    0     0                    8.405906e+09 1303182.54   100%     -  837s
H    0     0                    8.332794e+09 1303182.54   100%     -  842s
H    0     0                    8.301016e+09 1303182.54   100%     -  842s
H    0     0                    8.277255e+09 1303182.54   100%     -  842s
H    0     0                    8.044558e+09 1303182.54   100%     -  842s
H    0     0                    8.025865e+09 1303182.54   100%     -  842s
H    0     0                    7.835229e+09 1303182.54   100%     -  845s
H    0     0                    7.783687e+09 1303182.54   100%     -  845s
H    0     0                    3.353649e+09 1303182.54   100%     -  852s
H    0     0                    2.655370e+09 1303182.54   100%     -  867s
H    0     0                    2.506707e+09 1303182.54   100%     -  869s
H    0     0                    2.506707e+09 1303182.54   100%     -  870s
H    0     0                    2.506377e+09 1303182.54   100%     -  870s
H    0     0                    2.506377e+09 1303182.54   100%     -  870s
H    0     0                    2.506356e+09 1303182.54   100%     -  870s
H    0     0                    2.506329e+09 1303182.54   100%     -  870s
H    0     0                    2.303679e+09 1303182.54   100%     -  872s
H    0     0                    1.770388e+09 1303182.54   100%     -  875s
H    0     0                    1.751859e+09 1303182.54   100%     -  878s
H    0     0                    1.730795e+09 1303182.54   100%     -  878s
H    0     0                    1.726197e+09 1303182.54   100%     -  878s
H    0     0                    1.661051e+09 1303182.54   100%     -  892s
H    0     0                    1.642279e+09 1303182.54   100%     -  892s
H    0     0                    1.642276e+09 1303182.54   100%     -  970s
     4     1     cutoff    2      1.6423e+09 1405151.17   100% 302219 1393s
     5     2 1405151.17    2 5811 1.6423e+09 1405151.17   100% 245855 1401s
     6     4 1405151.17    3 4715 1.6423e+09 1405151.17   100% 212741 1417s
     8     8 1405151.17    4 4748 1.6423e+09 1405151.17   100% 167704 1425s
    12    16 1405335.72    5 4864 1.6423e+09 1405151.17   100% 115698 1447s
    20    32 1405339.28    6 4799 1.6423e+09 1405335.60   100% 75176 1469s
    36    56 1405344.34    7 4763 1.6423e+09 1405339.35   100% 54653 1502s
    60   176 1405349.15    8 4746 1.6423e+09 1405344.35   100% 36974 1514s
   180   200 1405356.23    8 4818 1.6423e+09 1405349.20   100% 12529 1634s
   183   200 1405356.56   11 4768 1.6423e+09 1405349.23   100% 12338 1635s
   204   224 1405359.76    9 4845 1.6423e+09 1405349.51   100% 11168 1740s
   228  1184 1405364.40   13 4914 1.6423e+09 1405349.70   100% 10123 1795s
H 1188  1184                    1.130297e+09 1405349.96   100%  1508 1796s
  1189  1185     cutoff    2      1.1303e+09 1495258.41   100%  2496 2032s
  1190  1186 1495258.41    2 5679 1.1303e+09 1495258.41   100%  2512 2037s
  1191  1187 1495258.41    3 4673 1.1303e+09 1495258.41   100%  2539 2046s
  1192  1190 1641648.08    3 7666 1.1303e+09 1495258.41   100%  2572 2055s
  1201  1208 1495364.20    6 4741 1.1303e+09 1495362.08   100%  2597 2066s
  1213  1232 1495365.52    7 4723 1.1303e+09 1495364.31   100%  2654 2078s
  1237  1260 1495367.05    8 4677 1.1303e+09 1495365.44   100%  2774 2108s
  1265  1380 1495367.24    8 4732 1.1303e+09 1495365.94   100%  2731 2141s
  1385  1404 1495367.61    9 4724 1.1303e+09 1495367.08   100%  2509 2387s
  1409  2364 1495368.24   11 4749 1.1303e+09 1495367.20   100%  2476 2434s
  1609  2364 1495368.06    9 4758 1.1303e+09 1495367.23   100%  2174 2435s
H 2369  2364                    7.736417e+08 1495367.26   100%  1204 2435s
  2370  2366 1531665.67    2 4189 7.7364e+08 1531665.67   100%  1691 2675s
  2372  2367 1531665.67    3 4015 7.7364e+08 1531665.67   100%  1718 2683s
  2373  2370 1531671.94    4 4016 7.7364e+08 1531665.67   100%  1718 2695s
  2382  2388 1531671.97    6 3990 7.7364e+08 1531671.95   100%  1748 2709s
  2394  2411 1531672.05    7 3978 7.7364e+08 1531671.97   100%  1802 2727s
  2417  2435 1531672.02    8 4035 7.7364e+08 1531671.97   100%  1855 2758s
  2441  2649 1531672.08    9 4029 7.7364e+08 1531672.02   100%  1839 2801s
  2655  2673 1531672.08    9 4023 7.7364e+08 1531672.03   100%  1697 3069s
  2679  4113 1531672.24    9 4023 7.7364e+08 1531672.08   100%  1685 3112s
H 4119  4113                    3.370107e+08 1531672.08   100%   920 3113s
  4119  9009 1531689.70   10 4930 3.3701e+08 1531672.08   100%  1059 3891s
H 9015  9009                    2.390402e+08 1531672.70  99.4%   430 3893s
  9015 13905 1531674.50   10 4725 2.3904e+08 1531672.70  99.4%   506 4073s
H13911 13905                    1.964624e+08 1531672.79  99.2%   286 4075s
 13911 18633 1531672.90   11 4073 1.9646e+08 1531672.79  99.2%   341 4394s
 15684 18633 1531672.89   11 4053 1.9646e+08 1531672.79  99.2%   304 4395s
H18639 18633                    1.838399e+08 1531672.79  99.2%   217 4397s
 18659 12561 infeasible   16      1.8384e+08 1531672.79  99.2%   285 6229s
 18660 12561 1531672.79   16 5761 1.8384e+08 1531672.79  99.2%   286 6247s
 18661 12562 1531672.79   17 4685 1.8384e+08 1531672.79  99.2%   289 6257s
 18662 12565 1616788.41   17 7727 1.8384e+08 1531672.79  99.2%   292 6283s
 18665 12570 1531672.79   19 4807 1.8384e+08 1531672.79  99.2%   293 6304s
 18671 12580 1531672.79   20 4825 1.8384e+08 1531672.79  99.2%   297 6328s
 18683 12601 1531672.79   21 4904 1.8384e+08 1531672.79  99.2%   302 6361s
 18707 12841 1531672.79   22 4899 1.8384e+08 1531672.79  99.2%   306 6446s
 18947 12865 1531672.79   23 4885 1.8384e+08 1531672.79  99.2%   309 6747s
 18971 12889 1531672.79   23 4879 1.8384e+08 1531672.79  99.2%   311 7139s
 18995 14526 1531672.79   30 4851 1.8384e+08 1531672.79  99.2%   315 7336s
H20632 14526                    1.084788e+08 1531672.79  98.6%   285 7338s

Cutting planes:
  Gomory: 17
  Lift-and-project: 38
  Implied bound: 252
  MIR: 96
  Mixing: 5
  Flow cover: 4100
  RLT: 32
  Relax-and-lift: 73

Explored 20652 nodes (7510229 simplex iterations) in 8589.24 seconds (6030.32 work units)
Thread count was 24 (of 32 available processors)

Solution count 10: 1.08479e+08 1.8384e+08 1.96462e+08 ... 1.66105e+09

Solve interrupted
Best objective 1.084788312442e+08, best bound 1.531672790650e+06, gap 98.5880%
