
Gurobi 10.0.0 (win64) logging started Mon Jul 27 21:54:51 2026

Set parameter LogFile to value "output/Taller_DET_Agosto_Carga_ob_8lhd_Descomp/station_1_d335\gurobi.log"
Set parameter Threads to value 1
Set parameter Heuristics to value 0.5
Set parameter MIPFocus to value 3
Set parameter Presolve to value 2
Set parameter FlowCoverCuts to value 2
Set parameter TimeLimit to value 172800
Gurobi Optimizer version 10.0.0 build v10.0.0rc2 (win64)

CPU model: 11th Gen Intel(R) Core(TM) i7-1165G7 @ 2.80GHz, instruction set [SSE2|AVX|AVX2|AVX512]
Thread count: 4 physical cores, 8 logical processors, using up to 1 threads

Optimize a model with 55067 rows, 87521 columns and 413884 nonzeros
Model fingerprint: 0x50ae36c1
Variable types: 41079 continuous, 46442 integer (46441 binary)
Coefficient statistics:
  Matrix range     [1e-01, 3e+02]
  Objective range  [4e-01, 1e+02]
  Bounds range     [1e+00, 7e+00]
  RHS range        [1e+00, 3e+04]
Presolve removed 52046 rows and 65666 columns
Presolve time: 2.10s
Presolved: 3021 rows, 21855 columns, 137455 nonzeros
Variable types: 263 continuous, 21592 integer (21418 binary)
Root relaxation presolved: 3021 rows, 21855 columns, 137455 nonzeros


Root relaxation: objective 6.933940e+05, 3335 iterations, 0.52 seconds (0.22 work units)

    Nodes    |    Current Node    |     Objective Bounds      |     Work
 Expl Unexpl |  Obj  Depth IntInf | Incumbent    BestBd   Gap | It/Node Time

     0     0 693394.012    0   56          - 693394.012      -     -    4s
     0     0 693394.012    0   23          - 693394.012      -     -    6s
     0     0 693394.012    0   41          - 693394.012      -     -    8s
     0     0 693394.012    0    6          - 693394.012      -     -   10s
H    0     0                    693394.01170 693394.012  0.00%     -   10s
     0     0 693394.012    0    6 693394.012 693394.012  0.00%     -   10s

Cutting planes:
  Gomory: 6
  Lift-and-project: 17
  Cover: 1
  MIR: 8
  Flow cover: 11
  Zero half: 2

Explored 1 nodes (16723 simplex iterations) in 10.90 seconds (4.13 work units)
Thread count was 1 (of 8 available processors)

Solution count 1: 693394 

Optimal solution found (tolerance 1.00e-02)
Best objective 6.933940117007e+05, best bound 6.933940117007e+05, gap 0.0000%
