
Gurobi 12.0.3 (win64) logging started Wed Oct 15 17:35:29 2025

Set parameter LogFile to value "ELMO_log.txt"
Set parameter Threads to value 32
Set parameter Heuristics to value 0.8
Gurobi Optimizer version 12.0.3 build v12.0.3rc0 (win64 - Windows 11+.0 (26200.2))

CPU model: Intel(R) Core(TM) i9-14900K, instruction set [SSE2|AVX|AVX2]
Thread count: 24 physical cores, 32 logical processors, using up to 32 threads

Non-default parameters:
MIPGap  0.06
Heuristics  0.8
Threads  32

Optimize a model with 5511 rows, 20750 columns and 39082 nonzeros
Model fingerprint: 0x173fc485
Variable types: 1544 continuous, 19206 integer (19203 binary)
Coefficient statistics:
  Matrix range     [5e-01, 4e+02]
  Objective range  [2e+00, 2e+05]
  Bounds range     [1e+00, 1e+00]
  RHS range        [1e+00, 2e+03]
Presolve removed 1994 rows and 14720 columns
Presolve time: 0.03s
Presolved: 3517 rows, 6030 columns, 20607 nonzeros
Variable types: 1512 continuous, 4518 integer (4516 binary)

Root relaxation: objective 2.484076e+05, 5802 iterations, 0.10 seconds (0.25 work units)

    Nodes    |    Current Node    |     Objective Bounds      |     Work
 Expl Unexpl |  Obj  Depth IntInf | Incumbent    BestBd   Gap | It/Node Time

     0     0 248407.606    0  378          - 248407.606      -     -    0s
     0     0 253839.807    0  399          - 253839.807      -     -    1s
     0     0 253915.872    0  381          - 253915.872      -     -    1s
     0     0 253915.872    0  397          - 253915.872      -     -    1s
     0     0 257380.486    0  402          - 257380.486      -     -    1s
     0     0 257485.893    0  394          - 257485.893      -     -    1s
     0     0 257487.009    0  416          - 257487.009      -     -    1s
     0     0 257944.073    0  449          - 257944.073      -     -    1s
     0     0 257950.882    0  473          - 257950.882      -     -    1s
     0     0 257950.932    0  475          - 257950.932      -     -    1s
     0     0 258087.032    0  508          - 258087.032      -     -    1s
     0     0 258088.496    0  516          - 258088.496      -     -    1s
     0     0 258189.577    0  498          - 258189.577      -     -    1s
     0     0 258232.211    0  506          - 258232.211      -     -    1s
     0     0 258238.196    0  530          - 258238.196      -     -    1s
     0     0 258238.964    0  535          - 258238.964      -     -    1s
     0     0 258280.206    0  561          - 258280.206      -     -    1s
     0     0 258296.148    0  571          - 258296.148      -     -    1s
     0     0 258297.131    0  575          - 258297.131      -     -    1s
     0     0 258788.225    0  573          - 258788.225      -     -    1s
     0     0 258792.876    0  594          - 258792.876      -     -    1s
     0     0 259389.139    0  560          - 259389.139      -     -    1s
     0     0 259398.300    0  574          - 259398.300      -     -    1s
     0     0 259400.417    0  587          - 259400.417      -     -    1s
     0     0 260749.988    0  500          - 260749.988      -     -    2s
     0     0 260794.030    0  512          - 260794.030      -     -    2s
     0     0 260801.172    0  524          - 260801.172      -     -    2s
     0     0 260801.349    0  523          - 260801.349      -     -    2s
     0     0 261260.910    0  522          - 261260.910      -     -    2s
     0     0 261302.945    0  556          - 261302.945      -     -    2s
     0     0 261303.670    0  577          - 261303.670      -     -    2s
     0     0 261656.839    0  556          - 261656.839      -     -    2s
     0     0 261665.580    0  586          - 261665.580      -     -    2s
     0     0 261668.022    0  585          - 261668.022      -     -    2s
     0     0 262227.318    0  568          - 262227.318      -     -    2s
     0     0 262272.587    0  574          - 262272.587      -     -    2s
     0     0 262275.440    0  589          - 262275.440      -     -    2s
     0     0 262353.742    0  552          - 262353.742      -     -    2s
     0     0 262373.032    0  580          - 262373.032      -     -    2s
     0     0 262373.775    0  590          - 262373.775      -     -    2s
     0     0 262537.416    0  574          - 262537.416      -     -    2s
     0     0 262618.182    0  561          - 262618.182      -     -    2s
     0     0 262618.525    0  585          - 262618.525      -     -    2s
     0     0 262699.703    0  559          - 262699.703      -     -    2s
     0     0 262715.634    0  588          - 262715.634      -     -    2s
     0     0 262716.705    0  601          - 262716.705      -     -    2s
     0     0 262977.983    0  587          - 262977.983      -     -    2s
     0     0 262997.827    0  593          - 262997.827      -     -    2s
     0     0 262999.705    0  609          - 262999.705      -     -    2s
     0     0 263029.454    0  598          - 263029.454      -     -    2s
     0     0 263029.508    0  506          - 263029.508      -     -    2s
     0     2 263029.508    0  491          - 263029.508      -     -    7s
  4198  4305 268610.651   81  210          - 263117.034      -  52.7   10s
 11829 12608 264613.911    9  497          - 263117.034      -  29.5   15s
 15193 14793 272669.655  261  446          - 263164.402      -  25.4   20s
 15214 14807 271277.549  304  428          - 266482.304      -  25.3   25s
 15281 14851 270144.420  437  446          - 267874.230      -  25.2   30s
H15310 14125                    281707.90830 267970.260  4.88%  25.2   32s

Cutting planes:
  Gomory: 29
  Implied bound: 5
  MIR: 126
  Mixing: 3
  Flow cover: 209
  Relax-and-lift: 3

Explored 15310 nodes (507617 simplex iterations) in 32.32 seconds (42.84 work units)
Thread count was 32 (of 32 available processors)

Solution count 1: 281708 

Optimal solution found (tolerance 6.00e-02)
Best objective 2.817079082989e+05, best bound 2.679702602513e+05, gap 4.8766%
