
Gurobi 12.0.3 (win64) logging started Tue Jun 30 15:29:28 2026

Set parameter LogFile to value "output/DCH_taller_julio/Costo_variable/Carga_on_board_1000kW_Descomp/station_1_d244\gurobi.log"
Set parameter Threads to value 5
Set parameter Heuristics to value 0.5
Set parameter MIPFocus to value 3
Set parameter Presolve to value 2
Set parameter FlowCoverCuts to value 2
Set parameter TimeLimit to value 172800
Gurobi Optimizer version 12.0.3 build v12.0.3rc0 (win64 - Windows 11+.0 (26200.2))

CPU model: Intel(R) Core(TM) i9-14900K, instruction set [SSE2|AVX|AVX2]
Thread count: 24 physical cores, 32 logical processors, using up to 5 threads

Non-default parameters:
TimeLimit  172800
MIPGap  0.01
Heuristics  0.5
MIPFocus  3
FlowCoverCuts  2
Presolve  2
Threads  5

Optimize a model with 22793 rows, 35809 columns and 109900 nonzeros
Model fingerprint: 0x21f8a349
Variable types: 17323 continuous, 18486 integer (18485 binary)
Coefficient statistics:
  Matrix range     [1e-01, 1e+03]
  Objective range  [8e-03, 1e+02]
  Bounds range     [1e+00, 1e+00]
  RHS range        [1e+00, 1e+04]
Presolve removed 20397 rows and 25838 columns
Presolve time: 0.11s
Presolved: 2396 rows, 9971 columns, 30232 nonzeros
Variable types: 821 continuous, 9150 integer (9150 binary)
Root relaxation presolved: 2396 rows, 9971 columns, 30232 nonzeros


Root relaxation: objective 2.136268e+05, 4067 iterations, 0.11 seconds (0.16 work units)

    Nodes    |    Current Node    |     Objective Bounds      |     Work
 Expl Unexpl |  Obj  Depth IntInf | Incumbent    BestBd   Gap | It/Node Time

     0     0 213626.792    0  323          - 213626.792      -     -    0s
H    0     0                    229801.11227 213867.248  6.93%     -    0s
     0     0 213933.423    0  294 229801.112 213933.423  6.90%     -    1s
H    0     0                    227428.59301 213933.423  5.93%     -    1s
H    0     0                    224780.39561 213933.423  4.83%     -    1s
H    0     0                    223113.08073 213933.423  4.11%     -    1s
H    0     0                    222304.86834 213933.423  3.77%     -    1s
H    0     0                    221673.24605 213933.423  3.49%     -    1s
H    0     0                    221541.11634 213933.423  3.43%     -    1s
H    0     0                    221299.52732 213933.423  3.33%     -    1s
H    0     0                    221209.69646 213933.423  3.29%     -    1s
H    0     0                    220997.30371 213933.423  3.20%     -    1s
H    0     0                    220983.48459 213933.423  3.19%     -    1s
H    0     0                    219695.58131 213933.423  2.62%     -    1s
H    0     0                    216474.44199 213933.423  1.17%     -    1s
H    0     0                    216474.14775 213933.423  1.17%     -    1s
H    0     0                    216471.37004 213933.423  1.17%     -    1s
     0     0 213963.160    0  346 216471.370 213963.160  1.16%     -    1s
     0     0 213963.160    0  351 216471.370 213963.160  1.16%     -    1s
H    0     0                    216163.25427 213963.160  1.02%     -    1s
H    0     0                    216162.44176 213963.160  1.02%     -    1s
H    0     0                    216159.10813 213963.160  1.02%     -    1s
H    0     0                    215838.73029 213970.912  0.87%     -    2s
H    0     0                    215696.97595 213970.912  0.80%     -    2s
H    0     0                    215620.45388 213970.912  0.77%     -    2s
H    0     0                    215442.95749 213970.912  0.68%     -    2s
     0     0 213976.495    0  327 215442.957 213976.495  0.68%     -    2s

Cutting planes:
  Gomory: 33
  Lift-and-project: 14
  Cover: 23
  Implied bound: 7
  Projected implied bound: 2
  Clique: 5
  MIR: 11
  Mixing: 2
  Flow cover: 34
  Zero half: 65
  RLT: 18
  Relax-and-lift: 22
  BQP: 14
  PSD: 9

Explored 1 nodes (11195 simplex iterations) in 2.30 seconds (2.68 work units)
Thread count was 5 (of 32 available processors)

Solution count 10: 215443 215620 215697 ... 216474

Optimal solution found (tolerance 1.00e-02)
Best objective 2.154429574853e+05, best bound 2.139764951070e+05, gap 0.6807%
