
Gurobi 12.0.3 (win64) logging started Tue Jun 30 14:53:35 2026

Set parameter LogFile to value "output/DCH_taller_julio/Costo_variable/Carga_on_board_640kW_Descomp/station_1_d32_stage1\gurobi.log"
Set parameter Threads to value 5
Set parameter Heuristics to value 0.5
Set parameter MIPFocus to value 3
Set parameter Presolve to value 2
Set parameter FlowCoverCuts to value 2
Set parameter TimeLimit to value 172800
Gurobi Optimizer version 12.0.3 build v12.0.3rc0 (win64 - Windows 11+.0 (26200.2))

CPU model: Intel(R) Core(TM) i9-14900K, instruction set [SSE2|AVX|AVX2]
Thread count: 24 physical cores, 32 logical processors, using up to 5 threads

Non-default parameters:
TimeLimit  172800
MIPGap  0.01
Heuristics  0.5
MIPFocus  3
FlowCoverCuts  2
Presolve  2
Threads  5

Optimize a model with 22763 rows, 35809 columns and 110742 nonzeros
Model fingerprint: 0xedca5a50
Variable types: 17323 continuous, 18486 integer (18485 binary)
Coefficient statistics:
  Matrix range     [1e-01, 6e+02]
  Objective range  [3e-03, 1e+05]
  Bounds range     [1e+00, 1e+00]
  RHS range        [1e+00, 1e+04]
Presolve removed 19930 rows and 25837 columns
Presolve time: 0.17s
Presolved: 2833 rows, 9972 columns, 30958 nonzeros
Variable types: 820 continuous, 9152 integer (9151 binary)
Root relaxation presolved: 2833 rows, 9972 columns, 30958 nonzeros


Root relaxation: objective 5.661034e+04, 5282 iterations, 0.58 seconds (0.92 work units)

    Nodes    |    Current Node    |     Objective Bounds      |     Work
 Expl Unexpl |  Obj  Depth IntInf | Incumbent    BestBd   Gap | It/Node Time

     0     0 167076.954    0  370          - 167076.954      -     -    4s
H    0     0                    301066.73824 167076.954  44.5%     -    4s
H    0     0                    299424.21841 167076.954  44.2%     -    4s
H    0     0                    299232.90888 167076.954  44.2%     -    4s
H    0     0                    299131.16515 167076.954  44.1%     -    4s
H    0     0                    299123.67160 167076.954  44.1%     -    4s
H    0     0                    299112.78264 167076.954  44.1%     -    4s
     0     0 167282.631    0  428 299112.783 167282.631  44.1%     -    5s
H    0     0                    171530.82703 167282.632  2.48%     -    6s
H    0     0                    171472.20905 167282.632  2.44%     -    6s
H    0     0                    171449.35349 167282.632  2.43%     -    6s
H    0     0                    171066.91896 167282.632  2.21%     -    6s
H    0     0                    170517.64763 167282.632  1.90%     -    6s
H    0     0                    170278.44498 167282.632  1.76%     -    6s
H    0     0                    169878.74107 167282.632  1.53%     -    6s
H    0     0                    169704.97376 167282.632  1.43%     -    6s
H    0     0                    169625.24912 167282.632  1.38%     -    6s
H    0     0                    169478.58288 167282.632  1.30%     -    6s
H    0     0                    169433.37288 167282.632  1.27%     -    6s
H    0     0                    169428.00571 167282.632  1.27%     -    6s
H    0     0                    169427.73470 167282.632  1.27%     -    6s
H    0     0                    169427.71046 167282.632  1.27%     -    6s
     0     0 167288.347    0  404 169427.710 167288.347  1.26%     -    6s
     0     0 167288.347    0  406 169427.710 167288.347  1.26%     -    6s
     0     0 167360.225    0  365 169427.710 167360.225  1.22%     -    7s
H    0     0                    169375.14233 167366.876  1.19%     -    7s
     0     0 167366.876    0  417 169375.142 167366.876  1.19%     -    7s
     0     0 167366.876    0  436 169375.142 167366.876  1.19%     -    7s
     0     0 167413.366    0  391 169375.142 167413.366  1.16%     -    8s
H    0     0                    169370.27464 167420.167  1.15%     -    8s
H    0     0                    169243.97206 167420.167  1.08%     -    8s
H    0     0                    168906.43668 167420.167  0.88%     -    8s
H    0     0                    168891.52910 167420.167  0.87%     -    8s

Cutting planes:
  Gomory: 24
  Lift-and-project: 20
  Cover: 27
  Implied bound: 7
  Clique: 7
  MIR: 10
  Flow cover: 18
  Zero half: 12
  Relax-and-lift: 22

Explored 1 nodes (50486 simplex iterations) in 8.59 seconds (9.90 work units)
Thread count was 5 (of 32 available processors)

Solution count 10: 168892 168906 169244 ... 169479

Optimal solution found (tolerance 1.00e-02)
Best objective 1.688915291046e+05, best bound 1.674201674238e+05, gap 0.8712%
