
Gurobi 12.0.0 (win64) logging started Mon Sep  7 03:44:39 2026

Set parameter LogFile to value "C:\Users\TECNO-MASTER\Desktop\Elmo_infrastructure_sizing_NP-\output\DCH_septiembre\Bateria_353\Costo_variable\Carga_libre\Carga_on_board_variable_3estaciones_P320kW_Descomp/station_2_d182\gurobi.log"
Set parameter Threads to value 1
Set parameter Heuristics to value 0.5
Set parameter MIPFocus to value 3
Set parameter Presolve to value 2
Set parameter FlowCoverCuts to value 2
Set parameter TimeLimit to value 1200
Gurobi Optimizer version 12.0.0 build v12.0.0rc1 (win64 - Windows 11+.0 (26200.2))

CPU model: Intel(R) Core(TM) i9-14900K, instruction set [SSE2|AVX|AVX2]
Thread count: 24 physical cores, 32 logical processors, using up to 1 threads

Non-default parameters:
TimeLimit  1200
MIPGap  0.05
Heuristics  0.5
MIPFocus  3
FlowCoverCuts  2
Presolve  2
Threads  1

Optimize a model with 23772 rows, 39247 columns and 115808 nonzeros
Model fingerprint: 0x1fce0607
Variable types: 18325 continuous, 20922 integer (20921 binary)
Coefficient statistics:
  Matrix range     [1e-01, 3e+02]
  Objective range  [1e-02, 1e+02]
  Bounds range     [1e+00, 1e+00]
  RHS range        [1e+00, 1e+04]
Presolve removed 21412 rows and 28434 columns
Presolve time: 0.23s
Presolved: 2360 rows, 10813 columns, 32026 nonzeros
Variable types: 841 continuous, 9972 integer (9972 binary)
Root relaxation presolved: 2360 rows, 10813 columns, 32026 nonzeros


Root relaxation: objective 1.149538e+05, 2947 iterations, 0.17 seconds (0.15 work units)

    Nodes    |    Current Node    |     Objective Bounds      |     Work
 Expl Unexpl |  Obj  Depth IntInf | Incumbent    BestBd   Gap | It/Node Time

     0     0 114953.812    0  128          - 114953.812      -     -    1s
H    0     0                    139965.69381 114953.812  17.9%     -    1s
H    0     0                    139214.49775 114953.812  17.4%     -    1s
H    0     0                    139198.96226 114953.812  17.4%     -    1s
     0     0 114953.812    0  108 139198.962 114953.812  17.4%     -    2s
H    0     0                    124239.28256 114953.812  7.47%     -    2s
H    0     0                    124065.20900 114953.812  7.34%     -    2s
H    0     0                    119519.36716 114953.812  3.82%     -    2s

Cutting planes:
  Gomory: 2
  Cover: 4
  Implied bound: 8
  Clique: 6
  MIR: 1
  Mixing: 1
  Zero half: 1
  RLT: 8
  Relax-and-lift: 11
  BQP: 3
  PSD: 3

Explored 1 nodes (9437 simplex iterations) in 2.56 seconds (1.84 work units)
Thread count was 1 (of 32 available processors)

Solution count 6: 119519 124065 124239 ... 139966

Optimal solution found (tolerance 5.00e-02)
Best objective 1.195193671582e+05, best bound 1.149538120820e+05, gap 3.8199%
