
Gurobi 12.0.3 (win64) logging started Sun Aug 23 17:24:23 2026

Set parameter LogFile to value "C:\Users\TECNO-MASTER\Desktop\Elmo_infrastructure_sizing_NP-\output\DCH_agosto\Costo_variable\Carga_libre\Carga_on_board_variable_3estaciones_P1000kW_Descomp/station_2_d32\gurobi.log"
Set parameter Threads to value 1
Set parameter Heuristics to value 0.5
Set parameter MIPFocus to value 3
Set parameter Presolve to value 2
Set parameter FlowCoverCuts to value 2
Set parameter TimeLimit to value 172800
Gurobi Optimizer version 12.0.3 build v12.0.3rc0 (win64 - Windows 11+.0 (26200.2))

CPU model: Intel(R) Core(TM) i9-14900K, instruction set [SSE2|AVX|AVX2]
Thread count: 24 physical cores, 32 logical processors, using up to 1 threads

Non-default parameters:
TimeLimit  172800
MIPGap  0.01
Heuristics  0.5
MIPFocus  3
FlowCoverCuts  2
Presolve  2
Threads  1

Optimize a model with 23742 rows, 39247 columns and 115748 nonzeros
Model fingerprint: 0x2110c8ed
Variable types: 18325 continuous, 20922 integer (20921 binary)
Coefficient statistics:
  Matrix range     [1e-01, 1e+03]
  Objective range  [3e-03, 1e+02]
  Bounds range     [1e+00, 3e+00]
  RHS range        [1e+00, 1e+04]
Presolve removed 21291 rows and 28444 columns
Presolve time: 0.24s
Presolved: 2451 rows, 10803 columns, 33590 nonzeros
Variable types: 840 continuous, 9963 integer (9872 binary)
Root relaxation presolved: 2451 rows, 10803 columns, 33590 nonzeros


Root relaxation: objective 2.119585e+05, 4043 iterations, 0.21 seconds (0.17 work units)

    Nodes    |    Current Node    |     Objective Bounds      |     Work
 Expl Unexpl |  Obj  Depth IntInf | Incumbent    BestBd   Gap | It/Node Time

     0     0 211958.502    0  317          - 211958.502      -     -    0s
H    0     0                    215817.97059 211958.502  1.79%     -    0s
H    0     0                    215773.43153 211958.502  1.77%     -    0s
H    0     0                    215475.62670 211958.502  1.63%     -    1s
H    0     0                    215409.55761 211958.502  1.60%     -    1s
H    0     0                    214948.57908 211958.502  1.39%     -    1s
H    0     0                    214922.47269 211958.502  1.38%     -    1s
H    0     0                    214314.96551 211958.502  1.10%     -    1s
H    0     0                    214076.12244 211958.502  0.99%     -    1s

Explored 1 nodes (5572 simplex iterations) in 1.13 seconds (0.75 work units)
Thread count was 1 (of 32 available processors)

Solution count 8: 214076 214315 214922 ... 215818

Optimal solution found (tolerance 1.00e-02)
Best objective 2.140761224449e+05, best bound 2.119585024976e+05, gap 0.9892%
