
Gurobi 12.0.3 (win64) logging started Sun Aug 23 17:25:49 2026

Set parameter LogFile to value "C:\Users\TECNO-MASTER\Desktop\Elmo_infrastructure_sizing_NP-\output\DCH_agosto\Costo_variable\Ventana_restringida\Carga_on_board_variable_3estaciones_P640kW_Descomp/station_1_d91\gurobi.log"
Set parameter Threads to value 1
Set parameter Heuristics to value 0.5
Set parameter MIPFocus to value 3
Set parameter Presolve to value 2
Set parameter FlowCoverCuts to value 2
Set parameter TimeLimit to value 172800
Gurobi Optimizer version 12.0.3 build v12.0.3rc0 (win64 - Windows 11+.0 (26200.2))

CPU model: Intel(R) Core(TM) i9-14900K, instruction set [SSE2|AVX|AVX2]
Thread count: 24 physical cores, 32 logical processors, using up to 1 threads

Non-default parameters:
TimeLimit  172800
MIPGap  0.01
Heuristics  0.5
MIPFocus  3
FlowCoverCuts  2
Presolve  2
Threads  1

Optimize a model with 23314 rows, 37249 columns and 110328 nonzeros
Model fingerprint: 0xff650f5f
Variable types: 17323 continuous, 19926 integer (19925 binary)
Coefficient statistics:
  Matrix range     [1e-01, 6e+02]
  Objective range  [1e-02, 1e+02]
  Bounds range     [1e+00, 3e+00]
  RHS range        [1e+00, 1e+04]
Presolve removed 22249 rows and 28488 columns
Presolve time: 0.17s
Presolved: 1065 rows, 8761 columns, 27001 nonzeros
Variable types: 233 continuous, 8528 integer (8442 binary)
Root relaxation presolved: 1065 rows, 8761 columns, 27001 nonzeros


Use crossover to convert LP symmetric solution to basic solution...

Root relaxation: objective 1.735721e+05, 3124 iterations, 0.05 seconds (0.04 work units)

    Nodes    |    Current Node    |     Objective Bounds      |     Work
 Expl Unexpl |  Obj  Depth IntInf | Incumbent    BestBd   Gap | It/Node Time

     0     0 173572.148    0   90          - 173572.148      -     -    0s
     0     0 177025.708    0   60          - 177025.708      -     -    1s
H    0     0                    221530.10400 177025.708  20.1%     -    1s
H    0     0                    191834.08422 177025.708  7.72%     -    1s
H    0     0                    191771.93774 177025.708  7.69%     -    1s
     0     0 178232.161    0   79 191771.938 178232.161  7.06%     -    1s
     0     0 178232.161    0   79 191771.938 178232.161  7.06%     -    1s
     0     0 178232.161    0   54 191771.938 178232.161  7.06%     -    1s
H    0     0                    191730.88163 178232.161  7.04%     -    1s
H    0     0                    185439.59863 178232.161  3.89%     -    1s
H    0     0                    184257.13539 178232.161  3.27%     -    1s
H    0     0                    184243.82938 178232.161  3.26%     -    1s
     0     0 178232.161    0   54 184243.829 178232.161  3.26%     -    2s
     0     0 178232.161    0   54 184243.829 178232.161  3.26%     -    2s
     0     0 178232.161    0   47 184243.829 178232.161  3.26%     -    2s
H    0     0                    184236.78589 178232.161  3.26%     -    3s
H    0     0                    184236.78567 178232.161  3.26%     -    3s
     0     2 178232.161    0   47 184236.786 178232.161  3.26%     -    3s
    10    12 178232.161    6  139 184236.786 178232.161  3.26%   261    5s
H   32    32                    182416.05949 178232.161  2.29%   366    7s
H   40    32                    179935.97185 178232.161  0.95%   472    7s

Cutting planes:
  Gomory: 22
  Cover: 33
  Implied bound: 64
  Projected implied bound: 3
  Clique: 37
  MIR: 183
  Mixing: 11
  Flow cover: 313
  Zero half: 22
  RLT: 36
  Relax-and-lift: 99
  BQP: 2
  PSD: 17

Explored 41 nodes (29868 simplex iterations) in 7.62 seconds (9.11 work units)
Thread count was 1 (of 32 available processors)

Solution count 10: 179936 182416 184237 ... 191834

Optimal solution found (tolerance 1.00e-02)
Warning: max constraint violation (4.4098e-06) exceeds tolerance
Best objective 1.799359718486e+05, best bound 1.782321610622e+05, gap 0.9469%
