
Gurobi 12.0.3 (win64) logging started Tue Jun 30 14:53:58 2026

Set parameter LogFile to value "output/DCH_taller_julio/Costo_variable/Carga_on_board_640kW_Descomp/station_1_d213_stage1\gurobi.log"
Set parameter Threads to value 5
Set parameter Heuristics to value 0.5
Set parameter MIPFocus to value 3
Set parameter Presolve to value 2
Set parameter FlowCoverCuts to value 2
Set parameter TimeLimit to value 172800
Gurobi Optimizer version 12.0.3 build v12.0.3rc0 (win64 - Windows 11+.0 (26200.2))

CPU model: Intel(R) Core(TM) i9-14900K, instruction set [SSE2|AVX|AVX2]
Thread count: 24 physical cores, 32 logical processors, using up to 5 threads

Non-default parameters:
TimeLimit  172800
MIPGap  0.01
Heuristics  0.5
MIPFocus  3
FlowCoverCuts  2
Presolve  2
Threads  5

Optimize a model with 22793 rows, 35809 columns and 110802 nonzeros
Model fingerprint: 0x54dbefad
Variable types: 17323 continuous, 18486 integer (18485 binary)
Coefficient statistics:
  Matrix range     [1e-01, 6e+02]
  Objective range  [8e-03, 1e+05]
  Bounds range     [1e+00, 1e+00]
  RHS range        [1e+00, 1e+04]
Presolve removed 19960 rows and 25836 columns
Presolve time: 0.19s
Presolved: 2833 rows, 9973 columns, 30958 nonzeros
Variable types: 821 continuous, 9152 integer (9151 binary)
Root relaxation presolved: 2833 rows, 9973 columns, 30958 nonzeros


Root relaxation: objective 7.164466e+04, 4079 iterations, 0.44 seconds (0.66 work units)

    Nodes    |    Current Node    |     Objective Bounds      |     Work
 Expl Unexpl |  Obj  Depth IntInf | Incumbent    BestBd   Gap | It/Node Time

     0     0 71644.6620    0  441          - 71644.6620      -     -    1s
H    0     0                    482289.83220 141515.802  70.7%     -    2s
H    0     0                    183514.78378 141515.802  22.9%     -    3s
H    0     0                    175509.86550 141515.802  19.4%     -    3s
H    0     0                    175509.79600 141515.802  19.4%     -    3s
     0     0 167690.895    0  270 175509.796 167690.895  4.45%     -    4s
H    0     0                    175476.44268 167690.895  4.44%     -    5s
H    0     0                    170772.64647 167690.895  1.80%     -    5s
H    0     0                    170771.40652 167690.895  1.80%     -    5s
H    0     0                    170761.42900 167690.895  1.80%     -    5s
H    0     0                    170745.16852 167690.895  1.79%     -    5s
H    0     0                    170741.52424 167690.895  1.79%     -    5s
H    0     0                    170737.85725 167690.895  1.78%     -    5s
H    0     0                    170590.89608 167690.895  1.70%     -    5s
H    0     0                    170561.99772 167690.895  1.68%     -    5s
H    0     0                    170559.05766 167690.895  1.68%     -    5s
H    0     0                    170496.05406 167690.895  1.65%     -    5s
H    0     0                    169633.61927 167690.895  1.15%     -    5s
H    0     0                    169604.93165 167690.895  1.13%     -    5s
H    0     0                    169389.98531 167690.895  1.00%     -    5s
H    0     0                    169318.75767 167690.895  0.96%     -    5s
H    0     0                    169317.23716 167690.895  0.96%     -    5s
H    0     0                    169315.30859 167690.895  0.96%     -    5s
H    0     0                    169314.90831 167690.895  0.96%     -    5s
H    0     0                    169304.94335 167690.895  0.95%     -    5s
H    0     0                    169298.03428 167690.895  0.95%     -    5s
H    0     0                    169253.13947 167690.895  0.92%     -    5s
     0     0 167773.627    0  267 169253.139 167773.627  0.87%     -    5s

Cutting planes:
  Gomory: 4
  Cover: 2
  Implied bound: 1
  Flow cover: 3
  Zero half: 1
  RLT: 1

Explored 1 nodes (37536 simplex iterations) in 5.15 seconds (6.60 work units)
Thread count was 5 (of 32 available processors)

Solution count 10: 169253 169298 169305 ... 169634

Optimal solution found (tolerance 1.00e-02)
Best objective 1.692531394684e+05, best bound 1.677736274392e+05, gap 0.8741%
