
Gurobi 13.0.2 (linux64) logging started Mon Sep  7 20:46:52 2026

Set parameter LogFile to value "output/DCH_160kW_2dias_wp2/gurobi.log"
Set parameter Threads to value 32
Set parameter Heuristics to value 0.5
Set parameter MIPFocus to value 3
Set parameter Presolve to value 2
Set parameter FlowCoverCuts to value 2
Set parameter TimeLimit to value 172800
Gurobi Optimizer version 13.0.2 build v13.0.2rc1 (linux64 - "Ubuntu 24.04.4 LTS")

CPU model: Intel(R) Xeon(R) Gold 6130 CPU @ 2.10GHz, instruction set [SSE2|AVX|AVX2|AVX512]
Thread count: 32 physical cores, 64 logical processors, using up to 32 threads

Non-default parameters:
TimeLimit  172800
MIPGap  0.01
Heuristics  0.5
MIPFocus  3
FlowCoverCuts  2
Presolve  2
Threads  32

Optimize a model with 1094470 rows, 1695939 columns and 9091845 nonzeros (Min)
Model fingerprint: 0x8f5afa8c
Model has 4120 linear objective coefficients
Variable types: 252525 continuous, 1443414 integer (1193117 binary)
Coefficient statistics:
  Matrix range     [2e-02, 3e+06]
  Objective range  [1e+00, 6e+05]
  Bounds range     [1e+00, 3e+06]
  RHS range        [1e+00, 2e+09]
Warning: Model contains large rhs
         Consider reformulating model or setting NumericFocus parameter
         to avoid numerical issues.

Presolve removed 825701 rows and 1145434 columns (presolve time = 5s)...
Presolve removed 893057 rows and 1145522 columns
Presolve time: 7.16s
Presolved: 201413 rows, 550417 columns, 2719313 nonzeros
Variable types: 37203 continuous, 513214 integer (484967 binary)
Performing another presolve...
Presolve removed 14592 rows and 4114 columns (presolve time = 5s)...
Presolve removed 17408 rows and 4114 columns (presolve time = 10s)...
Presolve removed 25876 rows and 6930 columns (presolve time = 15s)...
Presolve removed 25876 rows and 6930 columns (presolve time = 20s)...
Presolve removed 25876 rows and 6930 columns (presolve time = 25s)...
Presolve removed 25876 rows and 6930 columns
Presolve time: 26.58s
Root relaxation presolve removed 66 rows and 0 columns
Root relaxation presolved: 175471 rows, 543487 columns, 2723265 nonzeros

Deterministic concurrent LP optimizer: primal simplex, dual simplex, and barrier
Showing barrier log only...

Root barrier log...

Ordering time: 0.57s

Barrier statistics:
 Dense cols : 79
 AA' NZ     : 3.829e+06
 Factor NZ  : 1.155e+07 (roughly 400 MB of memory)
 Factor Ops : 1.786e+09 (less than 1 second per iteration)
 Threads    : 29

                  Objective                Residual
Iter       Primal          Dual         Primal    Dual     Compl     Time
   0   1.19402614e+12 -6.08751346e+12  7.13e+08 2.46e+03  2.96e+10    47s
   1   8.33015317e+11 -6.50639959e+12  4.56e+08 5.92e+04  1.89e+10    48s
   2   1.26601261e+11 -5.67621514e+12  7.46e+07 5.75e-06  3.13e+09    48s
   3   3.59064307e+09 -5.27204171e+12  2.07e+06 2.52e-06  9.08e+07    48s
   4   9.00296170e+08 -4.26198638e+12  4.79e+05 4.47e-06  2.29e+07    49s
   5   2.90272962e+08 -2.10480808e+12  1.26e+05 1.59e-06  6.36e+06    49s
   6   1.41400486e+08 -9.71452267e+11  3.88e+04 3.14e-06  2.10e+06    49s
   7   1.08079377e+08 -8.68262922e+11  2.11e+04 2.84e-06  1.41e+06    49s
   8   1.04876972e+08 -6.92562574e+11  1.94e+04 2.08e-06  1.18e+06    49s
   9   8.95682878e+07 -5.41253295e+11  1.18e+04 1.86e-06  8.06e+05    50s
  10   8.35536012e+07 -4.45006357e+11  9.33e+03 2.00e-06  6.42e+05    50s
  11   7.29352033e+07 -3.31144915e+11  5.72e+03 2.32e-05  4.35e+05    50s
  12   7.09605490e+07 -2.77134196e+11  5.19e+03 2.23e-05  3.71e+05    50s
  13   5.72964117e+07 -1.22328835e+11  1.85e+03 2.58e-05  1.46e+05    51s
  14   4.92382945e+07 -8.15912955e+10  4.71e+02 1.66e-05  7.65e+04    51s
  15   4.70324338e+07 -3.58821534e+10  1.70e+02 6.63e-06  3.14e+04    51s
  16   4.63187899e+07 -1.72057124e+10  1.02e+02 3.01e-06  1.47e+04    51s
  17   4.54184192e+07 -7.42672744e+09  5.47e+01 1.24e-06  6.26e+03    52s
  18   4.32463840e+07 -3.80391229e+09  2.14e+01 6.19e-07  3.17e+03    52s
  19   3.86202020e+07 -2.29361931e+09  9.16e+00 3.71e-07  1.91e+03    52s
  20   3.45078824e+07 -1.03364385e+09  6.71e+00 1.60e-07  8.72e+02    52s
  21   3.23258443e+07 -7.44362277e+08  5.14e+00 1.13e-07  6.34e+02    52s
  22   3.13247851e+07 -6.23259589e+08  4.57e+00 9.25e-08  5.34e+02    53s
  23   2.52436321e+07 -4.86428114e+08  1.67e+00 7.35e-08  4.16e+02    53s
  24   2.14243233e+07 -3.39231488e+08  9.30e-01 1.37e-07  2.93e+02    53s
  25   1.81989307e+07 -2.25571731e+08  5.15e-01 2.18e-07  1.98e+02    53s
  26   1.46822453e+07 -1.46629935e+08  3.03e-01 1.79e-07  1.31e+02    54s
  27   1.03683380e+07 -5.80565990e+07  1.73e-01 4.21e-07  5.56e+01    54s
  28   8.01489401e+06 -3.23221473e+07  1.10e-01 5.46e-07  3.28e+01    54s
  29   6.86480482e+06 -1.95660535e+07  7.47e-02 4.26e-07  2.15e+01    54s
  30   6.40514375e+06 -1.49270718e+07  6.12e-02 5.38e-07  1.73e+01    55s
  31   6.08282948e+06 -1.06530489e+07  5.18e-02 3.34e-07  1.36e+01    55s
  32   5.66322069e+06 -6.17884692e+06  3.92e-02 2.77e-07  9.62e+00    55s
  33   5.37541462e+06 -4.79687369e+06  3.22e-02 2.61e-07  8.27e+00    55s
  34   5.13848816e+06 -3.79011454e+06  2.62e-02 2.40e-07  7.26e+00    56s
  35   4.88995428e+06 -3.83204447e+05  1.88e-02 2.83e-07  4.29e+00    56s
  36   4.72311336e+06  9.07052909e+05  1.32e-02 2.50e-07  3.10e+00    56s
  37   4.62489116e+06  1.40659621e+06  9.92e-03 2.19e-07  2.62e+00    57s
  38   4.58638085e+06  2.21429875e+06  8.36e-03 1.23e-07  1.93e+00    57s
  39   4.49910289e+06  2.77694320e+06  5.47e-03 1.22e-07  1.40e+00    57s
  40   4.45745347e+06  3.44518130e+06  4.34e-03 7.36e-08  8.23e-01    58s
  41   4.41152343e+06  3.68780971e+06  3.20e-03 7.29e-08  5.88e-01    58s
  42   4.38837562e+06  3.87034201e+06  2.57e-03 6.33e-08  4.21e-01    58s
  43   4.37747319e+06  4.03082312e+06  2.31e-03 1.00e-07  2.82e-01    58s
  44   4.35825852e+06  4.10565193e+06  1.88e-03 9.66e-08  2.06e-01    59s
  45   4.35246870e+06  4.13296424e+06  1.74e-03 1.02e-07  1.79e-01    59s
  46   4.33826021e+06  4.18087986e+06  1.43e-03 1.06e-07  1.28e-01    59s
  47   4.33066654e+06  4.20116669e+06  1.27e-03 6.35e-08  1.05e-01    60s
  48   4.32296375e+06  4.22760703e+06  1.12e-03 1.08e-07  7.77e-02    60s
  49   4.31744436e+06  4.23729850e+06  9.96e-04 1.49e-07  6.53e-02    60s
  50   4.31332703e+06  4.24611766e+06  9.04e-04 2.04e-07  5.48e-02    61s
  51   4.30909505e+06  4.25040965e+06  8.13e-04 1.78e-07  4.78e-02    61s
  52   4.30659100e+06  4.25314435e+06  7.55e-04 1.21e-07  4.35e-02    61s
  53   4.30170987e+06  4.25792923e+06  6.49e-04 1.17e-07  3.57e-02    62s
  54   4.30111571e+06  4.25913672e+06  6.38e-04 1.08e-07  3.42e-02    62s
  55   4.29977021e+06  4.26233973e+06  6.05e-04 1.03e-07  3.05e-02    62s
  56   4.29527707e+06  4.26721090e+06  5.06e-04 1.26e-07  2.29e-02    63s
  57   4.29344621e+06  4.26830374e+06  4.64e-04 1.32e-07  2.05e-02    63s
  58   4.29190719e+06  4.26970847e+06  4.25e-04 1.04e-07  1.81e-02    63s
  59   4.28863172e+06  4.27114734e+06  3.44e-04 1.06e-07  1.43e-02    64s
  60   4.28735575e+06  4.27232618e+06  3.13e-04 7.03e-08  1.23e-02    64s
  61   4.28500708e+06  4.27382510e+06  2.58e-04 4.11e-08  9.12e-03    64s
  62   4.28368159e+06  4.27410694e+06  2.23e-04 3.32e-08  7.81e-03    65s
  63   4.28289973e+06  4.27449008e+06  2.02e-04 4.39e-08  6.86e-03    65s
  64   4.28163115e+06  4.27489718e+06  1.63e-04 3.76e-08  5.50e-03    65s
  65   4.28060758e+06  4.27527096e+06  1.32e-04 2.13e-08  4.36e-03    66s
  66   4.28034104e+06  4.27545027e+06  1.25e-04 8.92e-09  3.99e-03    66s
  67   4.27923396e+06  4.27550554e+06  9.50e-05 1.85e-08  3.04e-03    66s
  68   4.27820426e+06  4.27560399e+06  6.61e-05 5.92e-09  2.12e-03    66s
  69   4.27816966e+06  4.27572443e+06  6.29e-05 1.16e-08  2.00e-03    67s
  70   4.27724674e+06  4.27576841e+06  3.78e-05 9.71e-09  1.21e-03    67s
  71   4.27670959e+06  4.27577628e+06  2.43e-05 8.77e-09  7.63e-04    67s
  72   4.27634563e+06  4.27581506e+06  1.42e-05 7.33e-09  4.34e-04    68s
  73   4.27625298e+06  4.27582609e+06  1.15e-05 5.98e-09  3.49e-04    68s
  74   4.27604794e+06  4.27583846e+06  5.61e-06 6.39e-09  1.71e-04    68s
  75   4.27604163e+06  4.27584621e+06  5.42e-06 7.47e-09  1.60e-04    68s
  76   4.27597323e+06  4.27584810e+06  3.45e-06 7.80e-09  1.02e-04    69s
  77   4.27585795e+06  4.27585276e+06  1.60e-07 1.10e-08  4.21e-06    69s
  78   4.27585280e+06  4.27585280e+06  1.11e-09 1.63e-08  1.11e-09    69s

Barrier solved model in 78 iterations and 68.99 seconds (82.60 work units)
Optimal objective 4.27585280e+06


Root crossover log...

   16121 DPushes remaining with DInf 0.0000000e+00                69s
       0 DPushes remaining with DInf 0.0000000e+00                70s

  366624 PPushes remaining with PInf 1.4368681e-04                70s
  361904 PPushes remaining with PInf 1.0914319e-04                70s
  226406 PPushes remaining with PInf 0.0000000e+00                75s
  147752 PPushes remaining with PInf 0.0000000e+00                80s
   33698 PPushes remaining with PInf 0.0000000e+00                85s
       0 PPushes remaining with PInf 0.0000000e+00                86s

  Push phase complete: Pinf 0.0000000e+00, Dinf 1.2980585e+06     86s


Root simplex log...

Iteration    Objective       Primal Inf.    Dual Inf.      Time
  380778    4.2758528e+06   0.000000e+00   1.298059e+06     86s
  380800    4.2758528e+06   0.000000e+00   0.000000e+00     86s
Crossover time: 17.17 seconds (12.14 work units)
Concurrent spin time: 21.44s (can be avoided by choosing Method=3)

Solved with barrier
  380800    4.2758528e+06   0.000000e+00   0.000000e+00    108s

Root relaxation: objective 4.275853e+06, 380800 iterations, 66.96 seconds (37.05 work units)
Total elapsed time = 119.81s (DegenMoves)

    Nodes    |    Current Node    |     Objective Bounds      |     Work
 Expl Unexpl |  Obj  Depth IntInf | Incumbent    BestBd   Gap | It/Node Time

     0     0 4275852.80    0 9109          - 4275852.80      -     -  133s
     0     0 4880737.21    0 9148          - 4880737.21      -     -  176s
     0     0 4880737.21    0 7999          - 4880737.21      -     -  203s
     0     0 5020901.57    0 7954          - 5020901.57      -     -  220s
     0     0 5020901.57    0 7959          - 5020901.57      -     -  226s
     0     0 5753925.90    0 8864          - 5753925.90      -     -  262s
     0     0 5753925.90    0 7378          - 5753925.90      -     -  306s
     0     0 5907207.15    0 8188          - 5907207.15      -     -  342s
     0     0 5907503.53    0 8226          - 5907503.53      -     -  344s
     0     0 5907514.17    0 8229          - 5907514.17      -     -  345s
     0     0 5919102.37    0 8194          - 5919102.37      -     -  362s
     0     0 5919102.37    0 6536          - 5919102.37      -     -  395s
     0     0 5919246.99    0 7195          - 5919246.99      -     -  415s
     0     0 5919248.90    0 7736          - 5919248.90      -     -  426s
     0     0 5919248.90    0 6766          - 5919248.90      -     -  456s
     0     0 5919248.90    0 6796          - 5919248.90      -     -  471s
     0     0 5919719.63    0 7299          - 5919719.63      -     -  481s
     0     0 5919719.63    0 6592          - 5919719.63      -     -  507s
     0     0 5919729.46    0 6629          - 5919729.46      -     -  526s
     0     0 5919789.22    0 7187          - 5919789.22      -     -  536s
     0     0 5919789.22    0 6636          - 5919789.22      -     -  569s
     0     0 5919789.22    0 6636          - 5919789.22      -     -  577s
     0     0 5919789.22    0 6474          - 5919789.22      -     -  598s
     0     2 5919789.22    0 6456          - 5919789.22      -     - 1467s
     1     5 5919789.22    1 6468          - 5919789.22      -  12.0 1485s
     3     8 5919789.22    2 6513          - 5919789.22      -  4210 1517s
     7    16 5929257.88    3 7174          - 5919837.36      -  7720 1570s
    15    32 5948454.55    4 6925          - 5929257.88      -  9778 1615s
    31    52 5931296.93    5 8225          - 5929901.28      -  7167 1668s
    54    81 5951234.84    6 8153          - 5929901.28      -  8590 1740s
    83   122 5935531.45    5 8385          - 5931296.93      -  8512 1825s
   125   165 5933796.31    8 7657          - 5932463.73      -  7560 1908s
   168   218 5934121.84    9 7384          - 5934121.84      -  8441 1993s
   223   266 5937693.28   10 6824          - 5937693.28      -  7144 2072s
   279   295 infeasible   11               - 5937806.58      -  6239 2210s
   316   328 5957063.00   10 6961          - 5954921.39      -  6312 2305s
   355   389 infeasible   11               - 5957146.12      -  6284 2399s
   424   420 5958541.18   18 6501          - 5957963.56      -  5518 2466s
   457   442 5958545.16   19 6517          - 5958545.16      -  5383 2526s
   508   442 infeasible   20               - 5959589.34      -  5038 2602s
   594   473 5975772.66   22 7470          - 5960811.73      -  4992 2808s
   627   505 5964968.40   18 6377          - 5964968.40      -  5047 2963s
   659   523 5974505.71   19 6432          - 5964977.70      -  5101 3148s
   711   548 6004029.72   10 7229          - 5967850.83      -  5159 3380s
   758   578 6017857.93   12 7127          - 5972255.24      -  5396 3590s
   792   592 5984030.42   18 6682          - 5974233.32      -  5449 3799s
   842   618 5980939.59    8 7392          - 5975877.87      -  5426 4019s
   880   643 6007638.30   29 6536          - 5977762.42      -  5656 4211s
   917   672 6007623.81   21 7343          - 5979438.75      -  5664 4402s
   952   700 6030074.03   20 5953          - 5981946.71      -  5644 4614s
   988   714 infeasible   11               - 5983872.21      -  5717 4822s
  1038   723 infeasible   17               - 5984861.29      -  5964 5025s
  1093   724 6052078.59   19 6396          - 5986164.00      -  6015 5280s
  1156   727 6013326.42   15 6390          - 5986943.33      -  5935 5493s
  1212   740 6035699.95   11 6362          - 5991817.52      -  5935 5708s
  1257   766 5994992.73   10 7285          - 5994710.37      -  5873 5930s
  1295   792 6045979.26   17 6760          - 5996892.36      -  5930 6139s
  1331   796 6018057.19   12 6565          - 5998797.40      -  5922 6361s
  1388   816 6002093.57   13 6822          - 6002093.57      -  5838 6544s
  1428   823 6016266.99   14 6624          - 6002537.23      -  5818 6725s
  1474   817 6023791.98   19 6311          - 6006918.52      -  5761 6999s
  1535   829 infeasible   22               - 6008325.10      -  5630 7204s
  1547   829 infeasible   30               - 6008476.67      -  5608 7205s
  1577   852 6053903.60   24 7019          - 6009761.93      -  5575 7392s
  1614   872 6023151.51    9 7326          - 6011928.66      -  5548 7585s
  1651   963 6018676.07    7 6620          - 6013995.71      -  5554 7783s
  1862  1178 6123045.06   11 6352          - 6015667.86      -  5104 7914s
  2235  1470 6136789.09    9 8802          - 6016948.75      -  4545 7998s
  2679  1883 6089137.80   13 6285          - 6019346.78      -  4124 8062s
  3219  1906 6102569.03   13 6149          - 6021873.49      -  3629 8166s
  3258  1932 6125420.00   15 5852          - 6023382.28      -  3673 8299s
  3294  2174 6145354.60   10 6730          - 6026913.49      -  3707 8408s
  3554  2175 6032231.09   19 82603          - 6030092.03      -  3532 8614s
  3555  2176 6036777.59   12 82603          - 6030092.03      -  3532 8615s
  3556  2176 6129736.11   11 5752          - 6030092.03      -  3531 8867s
  3557  2177 6177872.36   13 5480          - 6030092.03      -  3530 9012s
  3558  2178 6036280.00   12 5889          - 6030092.03      -  3529 9027s
  3559  2178 6124462.32   29 6406          - 6030092.03      -  3528 9034s
  3560  2179 6128329.96   11 6441          - 6030915.87      -  3527 9132s
  3561  2180 6123878.46   25 4333          - 6038426.76      -  3526 9433s
  3562  2180 6054378.17   15 6196          - 6054378.17      -  3525 9454s
  3563  2181 6144403.35   11 6193          - 6054609.01      -  3524 9469s
  3564  2182 6114713.82   20 6310          - 6054630.64      -  3523 9472s
  3565  2182 6186724.77   19 6310          - 6054630.64      -  3522 9650s
  3566  2183 6172815.63   27 4646          - 6056744.87      -  3521 9889s
  3567  2184 6154159.98   19 5625          - 6056939.53      -  3520 9900s
  3569  2185 6056967.17   17 6137          - 6056967.17      -  3518 10084s
  3570  2186 6165221.43   14 4962          - 6071644.88      -  3517 10505s
  3571  2186 6125620.27   25 5648          - 6071712.13      -  3516 10518s
  3572  2187 6071721.76   10 5748          - 6071721.76      -  3515 10530s
  3573  2188 6101380.16    9 5751          - 6071721.76      -  3514 10760s
  3574  2188 6171734.84   26 4690          - 6073006.50      -  3513 11117s
  3575  2189 6172002.25   20 5490          - 6076558.49      -  3512 11154s
  3576  2190 6147199.11   17 5771          - 6076603.63      -  3511 11160s
  3578  2191 6140419.52    9 5758          - 6076605.53      -  3509 11429s
  3579  2192 6192977.56   22 4383          - 6080212.65      -  3508 12042s
  3580  2192 6080895.31   17 5491          - 6080895.31      -  3507 12156s
  3581  2193 6080929.59   11 6534          - 6080929.59      -  3506 12173s
  3582  2194 6172518.75   23 6375          - 6080932.28      -  3505 12176s
  3583  2194 6160811.43   18 6287          - 6080932.31      -  3504 12439s
  3584  2195 6131145.80   21 4367          - 6080950.90      -  3503 13111s
  3585  2196 6187264.15   20 5270          - 6081009.48      -  3502 13194s
  3586  2196 6114714.02   26 5572          - 6081009.48      -  3501 13433s
  3587  2197 6144669.93   13 4458          - 6081145.78      -  3500 14031s
  3588  2198 6200026.10   14 5654          - 6081312.56      -  3499 14150s
  3589  2198 6152497.33   15 5706          - 6081312.56      -  3498 14377s
  3590  2199 6146230.58   22 4432          - 6082682.91      -  3497 15287s
  3591  2200 6153739.49   14 5307          - 6082682.91      -  3496 15376s
  3592  2200 6082682.91   11 5499          - 6082682.91      -  3495 15638s
  3593  2201 6083682.21   14 4507          - 6083682.21      -  3494 16166s
  3594  2202 6127321.02    9 4982          - 6083682.21      -  3493 16410s
  3595  2202 6083684.01   12 4530          - 6083684.01      -  3492 16938s
  3596  2203 6125455.63   17 4896          - 6083684.19      -  3491 17310s
  3597  2204 6114716.63   33 4413          - 6083684.19      -  3490 18042s
  3598  2204 6083684.19   19 5385          - 6083684.19      -  3489 18476s
  3599  2205 6083684.19   10 4610          - 6083684.19      -  3488 19331s
  3600  2206 6083684.19   11 5173          - 6083684.19      -  3487 19695s
  3601  2206 6083685.21   17 4604          - 6083685.21      -  3486 20021s
  3602  2207 6083685.21   18 4604          - 6083685.21      -  3485 20465s
H 3602  2095                    7.611059e+07 6083685.21  92.0%  3485 21143s
H 3602  1990                    5.482732e+07 6083685.21  88.9%  3485 21143s
H 3602  1889                    5.479884e+07 6083685.21  88.9%  3485 21146s
H 3602  1794                    5.479235e+07 6083685.21  88.9%  3485 21160s
H 3602  1704                    5.478586e+07 6083685.21  88.9%  3485 21161s
H 3602  1618                    3.980769e+07 6083685.21  84.7%  3485 21161s
H 3602  1536                    3.967746e+07 6083685.21  84.7%  3485 21170s
H 3602  1458                    3.966622e+07 6083685.21  84.7%  3485 21171s
H 3602  1385                    3.966321e+07 6083685.21  84.7%  3485 21173s
H 3602  1314                    3.026869e+07 6083685.21  79.9%  3485 21173s
H 3602  1248                    3.015794e+07 6083685.21  79.8%  3485 21178s
H 3602  1185                    3.013063e+07 6083685.21  79.8%  3485 21178s
H 3602  1125                    3.001398e+07 6083685.21  79.7%  3485 21181s
H 3602  1068                    2.988554e+07 6083685.21  79.6%  3485 21181s
H 3602  1013                    2.988230e+07 6083685.21  79.6%  3485 21195s
H 3602   962                    2.654982e+07 6083685.21  77.1%  3485 21195s
H 3602   913                    2.650951e+07 6083685.21  77.1%  3485 21197s
H 3602   867                    2.648519e+07 6083685.21  77.0%  3485 21197s
H 3602   822                    2.648004e+07 6083685.21  77.0%  3485 21199s
H 3602   780                    1.663020e+07 6083685.21  63.4%  3485 21200s
H 3602   741                    1.661471e+07 6083685.21  63.4%  3485 21200s
H 3602   703                    1.657993e+07 6083685.21  63.3%  3485 21201s
H 3602   667                    1.656258e+07 6083685.21  63.3%  3485 21202s
H 3602   633                    1.655880e+07 6083685.21  63.3%  3485 21207s
H 3602   600                    1.650305e+07 6083685.21  63.1%  3485 21208s
H 3602   569                    1.640018e+07 6083685.21  62.9%  3485 21208s
H 3602   540                    1.638043e+07 6083685.21  62.9%  3485 21208s
H 3602   512                    1.634182e+07 6083685.21  62.8%  3485 21208s
H 3602   486                    1.633034e+07 6083685.21  62.7%  3485 21210s
H 3602   461                    1.632709e+07 6083685.21  62.7%  3485 21219s
H 3602   437                    1.631505e+07 6083685.21  62.7%  3485 21220s
H 3602   414                    1.630748e+07 6083685.21  62.7%  3485 21233s
H 3602   393                    1.630306e+07 6083685.21  62.7%  3485 21239s
H 3604   376                    1.518082e+07 6083689.67  59.9%  3823 22101s
H 3604   357                    1.140513e+07 6083689.67  46.7%  3823 22101s
H 3606   340                    8952404.9807 6087539.19  32.0%  3825 22499s
  3610   344 6088626.80   18 5063 8952404.98 6088626.80  32.0%  3824 22655s
H 3612   327                    8889808.6962 6088626.80  31.5%  3822 22655s
H 3613   309                    8460476.5923 6088626.80  28.0%  3822 22655s
H 3616   304                    8314887.5581 6088626.80  26.8%  3820 23000s
H 3627   286                    8266736.7119 6088628.65  26.3%  3869 23003s
H 3628   289                    8251495.1328 6088628.65  26.2%  3875 23347s
H 3630   275                    8247406.0321 6089001.95  26.2%  3884 23347s
H 3632   261                    8229089.1017 6089001.95  26.0%  3889 23348s
H 3637   247                    8222090.4434 6089001.95  25.9%  3908 23349s
H 3644   233                    8084575.2546 6089001.95  24.7%  3929 23350s
  3652   246 infeasible   21      8084575.25 6089169.46  24.7%  3950 23703s
H 3665   231                    8050223.0446 6106463.83  24.1%  3987 23704s
  3684   257 6111743.85   22 6672 8050223.04 6110455.74  24.1%  4043 24144s
H 3685   245                    8046436.8403 6110455.74  24.1%  4042 24144s
H 3686   235                    8042347.7396 6110471.12  24.0%  4048 24144s
  3688   234 6113720.43   22 6582 8042347.74 6111743.85  24.0%  4065 24145s
H 3707   219                    8038258.6389 6111743.85  24.0%  4163 24148s
  3716   248 6112432.34   23 6691 8038258.64 6111743.85  24.0%  4224 25115s
H 3748   260                    8011700.4024 6112432.34  23.7%  4582 26117s
  3764   255 6116066.05   24 7042 8011700.40 6114083.42  23.7%  4729 26120s
H 3780   273                    7998633.2050 6114083.42  23.6%  4867 26841s
H 3794   260                    7993070.0287 6114088.94  23.5%  4894 26843s
  3812   304 6119673.25   25 6686 7993070.03 6116060.11  23.5%  4931 27969s
H 3813   297                    7987506.8441 6116060.11  23.4%  4929 27969s
  3813   297 6119673.25   25 6734 7987506.84 6116060.11  23.4%  4933 27970s
H 3816   288                    7983417.7516 6116060.22  23.4%  4936 27970s
H 3828   277                    7977876.0424 6116060.22  23.3%  4933 27970s
H 3862   407                    7974870.4313 6116094.37  23.3%  4973 28508s
H 3863   400                    7968081.6076 6116094.37  23.2%  4977 28508s
  3907   385 6118747.47   26 6642 7968081.61 6116098.34  23.2%  4998 28510s
H 3932   384                    7938478.0519 6116098.57  23.0%  4996 28510s
H 4010   420                    7926998.1792 6116109.75  22.8%  5038 28893s
H 4013   420                    7921847.0900 6116110.22  22.8%  5050 28895s
H 4037   420                    7921847.0886 6116115.76  22.8%  5137 28898s
  4046   576 6119690.96   27 6977 7921847.09 6118767.97  22.8%  5183 29176s
H 4071   576                    7921847.0869 6118782.89  22.8%  5169 29177s
H 4111   576                    7910644.0744 6119072.59  22.6%  5178 29178s
H 4141   576                    7888346.9917 6119113.08  22.4%  5167 29179s
  4141   576 6119695.00   27 7032 7888346.99 6119113.32  22.4%  5168 29180s
H 4167   576                    7875163.4658 6119116.41  22.3%  5151 29181s
H 4172   576                    7594612.8396 6119116.41  19.4%  5147 29181s
  4202   865 6119744.57   27 6960 7594612.84 6119118.48  19.4%  5134 29557s
H 4230   865                    7583409.8240 6119121.57  19.3%  5113 29558s
  4325   865 6148045.47   27 6491 7583409.82 6119241.45  19.3%  5061 29560s
H 4447   865                    7583409.8224 6119388.90  19.3%  5016 29562s
  4497   897 6158628.25   28 6545 7583409.82 6119407.66  19.3%  4997 30552s
H 4499   897                    7580404.2113 6119410.61  19.3%  5001 30553s
  4520   897 6131424.52   26 7122 7580404.21 6119696.12  19.3%  5087 30557s
  4529  1697 6137345.87   26 7055 7580404.21 6119741.99  19.3%  5109 30894s
  4604  1697 6137345.87   26 7112 7580404.21 6119751.09  19.3%  5043 30895s
  5329  2173 6165678.12   29 6635 7580404.21 6119860.59  19.3%  4530 31105s
  5805  2204 6165703.40   29 6439 7580404.21 6120052.70  19.3%  4311 31321s
  5836  2236 6165890.78   26 6629 7580404.21 6120128.81  19.3%  4375 31557s
  5856  2236 6136893.17   30 6314 7580404.21 6120136.96  19.3%  4410 31561s
  5868  2298 6136907.86   30 6159 7580404.21 6120170.53  19.3%  4427 32401s
  5930  2330 6164031.65   27 6676 7580404.21 6120322.91  19.3%  4505 32690s
  5959  2330 6164047.50   27 6630 7580404.21 6120699.39  19.3%  4606 32696s
  5962  2361 6164351.91   27 6743 7580404.21 6120699.64  19.3%  4620 32948s
  5968  2361 6164337.71   27 6645 7580404.21 6120701.70  19.3%  4649 32950s
  5995  2393 6137420.44   30 6343 7580404.21 6120863.58  19.3%  4704 33650s
  6027  2439 6138047.94   32 6201 7580404.21 6120868.69  19.3%  4725 33899s
  6071  2439 6165719.80   28 6582 7580404.21 6120888.41  19.3%  4745 33902s
  6075  2465 6138163.69   32 6013 7580404.21 6120922.81  19.3%  4753 34372s
  6109  2490 6167126.66   26 6558 7580404.21 6121586.46  19.2%  4895 34658s
  6144  2522 6136619.63   24 6792 7580404.21 6127867.72  19.2%  5032 34977s
  6176  2554 6138796.42   23 6808 7580404.21 6129318.70  19.1%  5205 35283s
  6197  2554 6138629.18   24 6997 7580404.21 6130554.61  19.1%  5265 35286s
  6208  2586 6138801.98   25 7057 7580404.21 6130652.01  19.1%  5272 35525s
  6240  2618 6131416.99   27 6953 7580404.21 6131221.78  19.1%  5283 35780s
  6272  2650 6131443.93   28 7032 7580404.21 6131416.99  19.1%  5312 36017s
  6293  2650 6166321.40   29 6496 7580404.21 6131443.93  19.1%  5317 36020s
  6304  2695 6131572.23   29 7040 7580404.21 6131443.93  19.1%  5336 36316s
  6351  2727 6160706.54   30 6792 7580404.21 6131576.56  19.1%  5344 36581s
  6383  2821 6139806.65   31 6395 7580404.21 6133052.57  19.1%  5362 36814s
  6423  2821 6141048.41   31 5945 7580404.21 6134304.68  19.1%  5343 36815s
  6477  2853 6137026.19   25 6867 7580404.21 6136619.65  19.0%  5346 37433s
  6486  2853 6137264.93   25 6996 7580404.21 6136635.00  19.0%  5350 37435s
  6509  3188 6139083.57   31 6170 7580404.21 6136669.53  19.0%  5361 38004s
  6640  3188 6139062.54   35 6195 7580404.21 6136674.91  19.0%  5279 38006s
  6852  3835 infeasible   29      7580404.21 6136696.10  19.0%  5136 38395s
  7503  4242 6139103.05   31 5945 7580404.21 6136759.02  19.0%  4730 38722s
  7910  5129 6139204.87   37 5983 7580404.21 6136785.14  19.0%  4514 39025s
  8797  6270 6139176.89   31 6058 7580404.21 6136879.44  19.0%  4092 39296s
  9838  6270 6165747.01   25 6599 7580404.21 6136899.52  19.0%  3689 39300s
  9938  7489 6138900.24   32 6176 7580404.21 6136899.54  19.0%  3658 39546s
 11157  8687 6138916.45   32 6332 7580404.21 6136913.02  19.0%  3280 39791s
 12355  9879 6139279.20   34 5949 7580404.21 6136966.60  19.0%  2984 40046s
 13555 10941 6137585.55   26 6750 7580404.21 6137209.51  19.0%  2737 40297s
 14617 11962 6139578.94   33 6133 7580404.21 6137273.64  19.0%  2561 40553s
 15638 12842 6139235.52   32 6154 7580404.21 6137359.99  19.0%  2424 40843s
 16518 13480 6137867.93   25 6776 7580404.21 6137390.97  19.0%  2326 41134s
H16682 13480                    7578930.1334 6137399.68  19.0%  2315 41135s
 17156 14807 6166979.65   27 6592 7578930.13 6137420.69  19.0%  2267 41322s
 18483 15734 6139552.98   31 5921 7578930.13 6137439.10  19.0%  2134 41523s
H18797 15734                    7431516.3788 6137443.84  17.4%  2104 41524s
 19055 15734 6166241.72   25 6527 7431516.38 6137449.05  17.4%  2082 41525s
 19410 17110 6139873.02   28 6933 7431516.38 6137460.90  17.4%  2058 41700s
 20786 18274 6139854.70   32 6157 7431516.38 6137472.28  17.4%  1943 41899s
H20910 18274                    7431516.3741 6137473.01  17.4%  1933 41900s
 21950 19497 6139944.69   50 6010 7431516.37 6137563.86  17.4%  1861 42079s
 22040 19497 6139957.47   42 6102 7431516.37 6137574.79  17.4%  1854 42080s
 23173 20433 6167063.40   27 6569 7431516.37 6137637.81  17.4%  1786 42301s
H23485 20433                    7431516.3731 6137660.65  17.4%  1775 42302s
 24109 21574 6139859.96   31 6083 7431516.37 6137712.99  17.4%  1737 42485s
 25272 22452 6168524.41   30 6408 7431516.37 6137739.44  17.4%  1684 42688s
 26154 23559 6168281.27   26 6352 7431516.37 6137805.92  17.4%  1651 42886s
 27274 23830 6167089.95   28 6842 7431516.37 6137882.89  17.4%  1607 43356s
H27333 23830                    7431516.3701 6137922.01  17.4%  1611 43357s
 27547 24981 6166543.11   26 6412 7431516.37 6137961.00  17.4%  1612 43568s
 28708 26303 6139573.47   31 5964 7431516.37 6138037.57  17.4%  1568 43786s
 30037 26616 6168308.85   28 6497 7431516.37 6138063.96  17.4%  1510 44477s
H30169 26616                    7427427.2781 6138073.09  17.4%  1508 44478s
H30339 26616                    7427427.2744 6138084.22  17.4%  1506 44480s
 30360 26978 6139938.68   33 6381 7427427.27 6138084.46  17.4%  1506 46150s
H30475 26978                    7419854.8695 6138095.68  17.3%  1504 46151s
 30722 28406 6138599.91   27 6567 7419854.87 6138185.71  17.3%  1502 47435s
H30812 28406                    7416349.1207 6138187.32  17.2%  1498 47435s
H31127 28406                    7415765.7688 6138198.45  17.2%  1486 47436s
 32162 29812 infeasible   30      7415765.77 6138268.08  17.2%  1450 47751s
H32208 29812                    7415765.7651 6138269.33  17.2%  1448 47751s
H32253 29812                    7412260.0240 6138275.89  17.2%  1446 47751s
H32703 29812                    7412260.0203 6138294.74  17.2%  1429 47752s
H32928 29812                    7410996.2417 6138302.07  17.2%  1421 47753s
 33602 31244 6140407.85   49 6519 7410996.24 6138456.58  17.2%  1401 47987s
 34592 31244 6140282.34   25 7177 7410996.24 6138635.87  17.2%  1372 47990s
H35042 32678                    7399793.2261 6138716.75  17.0%  1360 48321s
 36392 32678 6140044.65   24 7187 7399793.23 6138799.63  17.0%  1315 48325s
 36482 34118 6139630.26   32 6031 7399793.23 6138799.77  17.0%  1312 48481s
 37922 35556 6139733.10   39 6302 7399793.23 6138810.02  17.0%  1268 48740s
H38102 35556                    7396287.4814 6138810.39  17.0%  1262 48740s
 39362 36947 6139618.19   36 6313 7396287.48 6138815.09  17.0%  1225 48983s
 40753 38349 6139716.70   37 6265 7396287.48 6138819.48  17.0%  1186 49240s
H41608 38349                    7396287.4783 6138828.53  17.0%  1164 49241s
 42156 39749 6140083.27   26 7056 7396287.48 6138837.04  17.0%  1151 49418s
 43558 41083 6139741.65   38 6275 7396287.48 6138842.99  17.0%  1118 49672s
H44762 41083                    7396287.4761 6138867.58  17.0%  1092 49673s
 44897 42517 6139615.46   28 6304 7396287.48 6138868.95  17.0%  1089 49849s
 46331 43925 6139614.88   33 6288 7396287.48 6138900.99  17.0%  1060 50125s
 47739 45361 6139617.39   38 6303 7396287.48 6138903.55  17.0%  1032 50280s
 49175 46162 6139623.77   35 6282 7396287.48 6138909.87  17.0%  1004 50558s
 49976 47579 6139628.32   35 6318 7396287.48 6138914.50  17.0%   991 50716s
 51393 48734 6139631.24   35 6260 7396287.48 6138917.34  17.0%   967 50965s
 52548 50152 6139640.40   36 6513 7396287.48 6138921.03  17.0%   948 51133s
 53966 51498 6139658.28   35 6016 7396287.48 6138944.45  17.0%   925 51341s
 55312 52898 6139779.89   36 6166 7396287.48 6138975.57  17.0%   906 51495s
 56715 54143 6139792.71   38 6469 7396287.48 6138989.23  17.0%   887 51726s
 57960 55580 6141993.48   31 6289 7396287.48 6139029.88  17.0%   870 51877s
 59397 55629 6139688.66   33 6333 7396287.48 6139039.28  17.0%   853 52514s
 59446 57069 6139686.88   30 6520 7396287.48 6139051.55  17.0%   854 53527s
 60886 57101 6139775.25   40 6169 7396287.48 6139061.38  17.0%   837 54345s
 60918 57133 6139956.73   37 6201 7396287.48 6139068.00  17.0%   838 55263s
H60945 57133                    7396287.4720 6139072.32  17.0%   839 55263s
 60950 58569 6139926.36   33 6385 7396287.47 6139073.85  17.0%   839 55394s
 62390 59962 6139884.88   38 6204 7396287.47 6139080.60  17.0%   822 55656s
H63249 59962                    7396287.4555 6139086.98  17.0%   812 55656s
 63783 60282 6139913.11   35 6259 7396287.46 6139087.00  17.0%   806 55951s
 64103 60314 6139915.91   33 6159 7396287.46 6139089.05  17.0%   803 56355s
 64135 60346 6140035.15   37 6046 7396287.46 6139098.37  17.0%   804 56946s
 64167 61090 6139916.90   40 6237 7396287.46 6139112.79  17.0%   807 57322s
 64911 62442 6139927.83   41 6267 7396287.46 6139123.50  17.0%   800 57649s
 66263 63862 6139672.36   31 6281 7396287.46 6139131.38  17.0%   786 57864s
 67687 65302 6139673.10   31 6320 7396287.46 6139139.27  17.0%   772 58113s
 69127 65334 6140048.84   42 5999 7396287.46 6139150.15  17.0%   757 59846s
 69159 65366 6139912.08   41 6436 7396287.46 6139162.39  17.0%   759 61501s
 69191 65398 6139884.65   37 6266 7396287.46 6139171.69  17.0%   761 63177s
 69223 65430 6139915.89   33 6351 7396287.46 6139179.69  17.0%   762 64551s
 69255 65462 6139919.72   33 6272 7396287.46 6139184.26  17.0%   763 69887s
 69287 65494 6139923.25   36 6350 7396287.46 6139187.78  17.0%   764 71449s
 69319 65526 6139926.36   33 6400 7396287.46 6139190.24  17.0%   765 72807s
 69351 65558 6139930.92   33 6209 7396287.46 6139195.53  17.0%   766 74417s
 69383 65590 6139935.80   34 6209 7396287.46 6139200.84  17.0%   767 76373s
 69415 65622 6139919.53   43 6249 7396287.46 6139205.65  17.0%   768 77798s
 69447 65654 6140023.67   38 6318 7396287.46 6139213.93  17.0%   770 79123s
 69479 65686 6140164.75   35 6219 7396287.46 6139216.73  17.0%   771 84354s
 69511 65761 6140028.17   39 6204 7396287.46 6139222.60  17.0%   772 85902s
H69558 65761                    7392198.3807 6139222.98  16.9%   771 85902s
 69586 67201 6140176.63   34 6296 7392198.38 6139231.14  16.9%   773 86059s
 71026 67296 6140180.12   37 6075 7392198.38 6139235.21  16.9%   759 86470s
H71028 67296                    7386635.2043 6139235.21  16.9%   759 86471s
 71121 68713 6140043.74   39 5902 7386635.20 6139239.41  16.9%   760 86718s
 72538 68745 6140040.35   43 6068 7386635.20 6139247.32  16.9%   747 87602s
 72570 68777 6139912.08   43 6325 7386635.20 6139260.08  16.9%   748 87945s
 72602 68809 6140091.90   36 6178 7386635.20 6139272.34  16.9%   749 89081s
H72604 68809                    7382546.1036 6139274.24  16.8%   749 89081s
 72634 68841 6142130.64   33 6271 7382546.10 6139285.67  16.8%   750 89792s
 72666 68873 6142141.10   32 6352 7382546.10 6139296.87  16.8%   752 90430s
 72698 69010 6140023.67   39 6280 7382546.10 6139309.71  16.8%   753 91073s
H72769 69010                    7382546.0998 6139310.26  16.8%   752 91074s
 72835 70182 6140037.83   48 6094 7382546.10 6139317.05  16.8%   752 91356s
H72925 70182                    7382546.0991 6139317.14  16.8%   751 91356s
H73105 70182                    7382546.0965 6139317.14  16.8%   750 91356s
 74007 70214 6140059.97   36 6189 7382546.10 6139323.06  16.8%   742 91849s
 74039 70246 6140065.43   35 6303 7382546.10 6139329.98  16.8%   743 92306s
 74071 70840 6140076.60   38 6147 7382546.10 6139333.32  16.8%   744 92872s
 74665 71043 6142184.44   33 6072 7382546.10 6139335.71  16.8%   739 93422s
 74868 71650 6140075.90   36 6289 7382546.10 6139340.54  16.8%   739 93779s
 75475 72731 6140083.25   36 6314 7382546.10 6139348.09  16.8%   735 94141s
H75823 72731                    7382546.0928 6139351.42  16.8%   732 94142s
 76558 73401 6139922.97   53 6336 7382546.09 6139358.56  16.8%   726 94543s
 77228 74759 6140217.64   36 6243 7382546.09 6139366.10  16.8%   721 94882s
 78586 76198 6139940.24   61 6250 7382546.09 6139373.56  16.8%   711 95052s
 80026 76504 6140594.56   28 6877 7382546.09 6139382.43  16.8%   700 95793s
 80334 76712 6140331.98   40 5845 7382546.09 6139384.10  16.8%   702 96503s
 80542 76744 6140213.67   35 6446 7382546.09 6139387.57  16.8%   701 97019s
 80574 76999 6140210.86   37 6334 7382546.09 6139391.02  16.8%   702 97476s
H80799 76999                    7382546.0887 6139394.24  16.8%   701 97476s
 80829 77313 6169323.07   28 6540 7382546.09 6139394.70  16.8%   702 97868s
 81143 78619 6140006.74   38 6219 7382546.09 6139397.11  16.8%   701 98208s
 82449 80057 6140225.55   41 6292 7382546.09 6139399.45  16.8%   692 98379s
 83889 80377 6140060.49   37 6160 7382546.09 6139402.92  16.8%   682 98989s
 84209 80409 6140024.53   46 6208 7382546.09 6139406.68  16.8%   680 99570s
 84241 80482 6140018.69   46 6209 7382546.09 6139412.82  16.8%   681 100307s
H84313 80482                    7382546.0878 6139417.16  16.8%   681 100307s
 84314 81281 6140031.10   44 6189 7382546.09 6139418.45  16.8%   682 101029s
 85114 81313 6140079.71   42 5979 7382546.09 6139424.92  16.8%   676 101696s
 85146 81795 6168250.27   24 6720 7382546.09 6139427.43  16.8%   678 102423s
 85628 82211 6140236.16   46 6054 7382546.09 6139433.39  16.8%   676 103055s
 86044 83113 6139944.83   40 6106 7382546.09 6139442.80  16.8%   674 103477s
 86948 84470 6140022.71   47 6186 7382546.09 6139450.81  16.8%   669 103802s
 88306 85910 6140019.76   60 6227 7382546.09 6139461.53  16.8%   662 103943s
 89746 85942 6139624.69   37 6265 7382546.09 6139473.82  16.8%   653 104077s
 89778 86760 6139628.31   35 6289 7382546.09 6139477.42  16.8%   653 104201s
 90598 86892 6139630.74   34 6284 7382546.09 6139479.90  16.8%   649 104416s
 90730 88096 6140019.53   40 6281 7382546.09 6139481.58  16.8%   649 104586s
 91936 88415 6140302.73   46 6119 7382546.09 6139483.95  16.8%   642 104763s
 92255 89818 6140209.69   44 6321 7382546.09 6139485.62  16.8%   641 104907s
 93658 90159 6139638.48   35 6316 7382546.09 6139487.41  16.8%   632 105088s
 93999 91558 6139641.28   33 6382 7382546.09 6139489.46  16.8%   631 105210s
 95398 91714 6140310.62   40 6119 7382546.09 6139491.87  16.8%   623 105393s
 95554 93154 6140313.16   42 6068 7382546.09 6139494.89  16.8%   623 105523s
 96994 93373 6140030.64   55 6446 7382546.09 6139497.61  16.8%   615 105694s
 97213 93774 6140203.47   42 6222 7382546.09 6139501.12  16.8%   615 105838s
 97614 93806 6140044.32   38 6232 7382546.09 6139505.85  16.8%   613 106465s
H97615 93806                    7382546.0671 6139505.85  16.8%   613 106465s
 97646 93838 6140326.77   48 6382 7382546.07 6139508.62  16.8%   614 107221s
 97678 93870 6140024.56   36 6405 7382546.07 6139511.76  16.8%   617 108289s
 97710 93902 6140046.28   70 6380 7382546.07 6139514.31  16.8%   618 108798s
 97742 93934 6140006.98   39 6246 7382546.07 6139517.22  16.8%   618 109444s
 97774 94129 6140315.03   44 6113 7382546.07 6139521.15  16.8%   619 109960s
 97969 94316 6140028.14   41 6384 7382546.07 6139526.14  16.8%   619 110172s
 98156 94803 6140020.24   39 6305 7382546.07 6139530.36  16.8%   619 110388s
 98645 95153 6140408.02   46 6233 7382546.07 6139535.94  16.8%   617 110606s
 98995 95763 6139829.70   38 6438 7382546.07 6139542.29  16.8%   616 111320s
 99605 95927 6140026.54   38 6096 7382546.07 6139547.94  16.8%   614 111465s

Cutting planes:
  Gomory: 133
  Lift-and-project: 7
  Cover: 379
  Implied bound: 5844
  Clique: 16
  MIR: 2493
  Mixing: 1
  StrongCG: 133
  Flow cover: 13659
  GUB cover: 6
  Inf proof: 5
  Zero half: 982
  RLT: 372
  Relax-and-lift: 708
  BQP: 2

Explored 99769 nodes (62061889 simplex iterations) in 111468.96 seconds (101585.11 work units)
Thread count was 32 (of 64 available processors)

Solution count 10: 7.38255e+06 7.38255e+06 7.38255e+06 ... 7.3922e+06

Solve interrupted
Best objective 7.382546067085e+06, best bound 6.139549475366e+06, gap 16.8370%
