
Gurobi 12.0.3 (win64) logging started Tue Jun 30 14:55:19 2026

Set parameter LogFile to value "output/DCH_taller_julio/Costo_variable/Carga_on_board_640kW_Descomp/station_3_d91_stage1\gurobi.log"
Set parameter Threads to value 5
Set parameter Heuristics to value 0.5
Set parameter MIPFocus to value 3
Set parameter Presolve to value 2
Set parameter FlowCoverCuts to value 2
Set parameter TimeLimit to value 172800
Gurobi Optimizer version 12.0.3 build v12.0.3rc0 (win64 - Windows 11+.0 (26200.2))

CPU model: Intel(R) Core(TM) i9-14900K, instruction set [SSE2|AVX|AVX2]
Thread count: 24 physical cores, 32 logical processors, using up to 5 threads

Non-default parameters:
TimeLimit  172800
MIPGap  0.01
Heuristics  0.5
MIPFocus  3
FlowCoverCuts  2
Presolve  2
Threads  5

Optimize a model with 22793 rows, 35809 columns and 110802 nonzeros
Model fingerprint: 0x9d7799f2
Variable types: 17323 continuous, 18486 integer (18485 binary)
Coefficient statistics:
  Matrix range     [1e-01, 6e+02]
  Objective range  [1e-02, 1e+05]
  Bounds range     [1e+00, 1e+00]
  RHS range        [1e+00, 1e+04]
Presolve removed 19960 rows and 25836 columns
Presolve time: 0.17s
Presolved: 2833 rows, 9973 columns, 30958 nonzeros
Variable types: 821 continuous, 9152 integer (9151 binary)
Root relaxation presolved: 2833 rows, 9973 columns, 30958 nonzeros


Root relaxation: objective 7.421292e+04, 3873 iterations, 0.38 seconds (0.58 work units)

    Nodes    |    Current Node    |     Objective Bounds      |     Work
 Expl Unexpl |  Obj  Depth IntInf | Incumbent    BestBd   Gap | It/Node Time

     0     0 74212.9234    0  473          - 74212.9234      -     -    1s
H    0     0                    484380.82303 147490.093  69.6%     -    1s
H    0     0                    240286.51114 147490.093  38.6%     -    4s
H    0     0                    172744.02286 147490.093  14.6%     -    4s
H    0     0                    172734.95072 147490.093  14.6%     -    4s
H    0     0                    172733.86850 147490.093  14.6%     -    4s
H    0     0                    172555.11116 147490.093  14.5%     -    4s
H    0     0                    172546.91096 147490.093  14.5%     -    4s
H    0     0                    170905.00101 147490.093  13.7%     -    4s
H    0     0                    170903.53567 147490.093  13.7%     -    4s
     0     0 168617.574    0  259 170903.536 168617.574  1.34%     -    6s
H    0     0                    170899.95695 168617.574  1.34%     -    6s
H    0     0                    170416.09895 168617.574  1.06%     -    6s
H    0     0                    170407.84117 168617.574  1.05%     -    6s
H    0     0                    170337.92726 168617.574  1.01%     -    6s
H    0     0                    170336.92190 168617.574  1.01%     -    6s
H    0     0                    170252.25951 168617.574  0.96%     -    6s
H    0     0                    170250.41436 168617.574  0.96%     -    6s
H    0     0                    170105.60216 168617.574  0.87%     -    6s
H    0     0                    170086.88006 168617.574  0.86%     -    6s
H    0     0                    170086.87025 168617.574  0.86%     -    6s
     0     0 168620.164    0  267 170086.870 168620.164  0.86%     -    6s

Cutting planes:
  Gomory: 18
  Cover: 2

Explored 1 nodes (44956 simplex iterations) in 6.79 seconds (7.40 work units)
Thread count was 5 (of 32 available processors)

Solution count 10: 170087 170087 170106 ... 170900

Optimal solution found (tolerance 1.00e-02)
Best objective 1.700868702531e+05, best bound 1.686201643906e+05, gap 0.8623%
