
Gurobi 12.0.3 (win64) logging started Tue Jul  7 01:02:50 2026

Set parameter LogFile to value "output/DCH_taller_julio/Costo_variable/Ventana_restringida/Carga_on_board_640kW_Descomp_ventana_carga/station_1_d213_stage1\gurobi.log"
Set parameter Threads to value 5
Set parameter Heuristics to value 0.5
Set parameter MIPFocus to value 3
Set parameter Presolve to value 2
Set parameter FlowCoverCuts to value 2
Set parameter TimeLimit to value 172800
Gurobi Optimizer version 12.0.3 build v12.0.3rc0 (win64 - Windows 11+.0 (26200.2))

CPU model: Intel(R) Core(TM) i9-14900K, instruction set [SSE2|AVX|AVX2]
Thread count: 24 physical cores, 32 logical processors, using up to 5 threads

Non-default parameters:
TimeLimit  172800
MIPGap  0.01
Heuristics  0.5
MIPFocus  3
FlowCoverCuts  2
Presolve  2
Threads  5

Optimize a model with 23329 rows, 35809 columns and 111338 nonzeros
Model fingerprint: 0x016156b6
Variable types: 17323 continuous, 18486 integer (18485 binary)
Coefficient statistics:
  Matrix range     [1e-01, 6e+02]
  Objective range  [8e-03, 2e+05]
  Bounds range     [1e+00, 1e+00]
  RHS range        [1e+00, 1e+04]
Presolve removed 22092 rows and 27284 columns
Presolve time: 0.10s
Presolved: 1237 rows, 8525 columns, 25866 nonzeros
Variable types: 245 continuous, 8280 integer (8279 binary)
Root relaxation presolved: 1237 rows, 8525 columns, 25866 nonzeros


Use crossover to convert LP symmetric solution to basic solution...

Root relaxation: objective 2.335169e+05, 3438 iterations, 0.04 seconds (0.07 work units)

    Nodes    |    Current Node    |     Objective Bounds      |     Work
 Expl Unexpl |  Obj  Depth IntInf | Incumbent    BestBd   Gap | It/Node Time

     0     0 352348.172    0   81          - 352348.172      -     -    0s
H    0     0                    483354.04090 352348.172  27.1%     -    0s
H    0     0                    436700.03896 352348.172  19.3%     -    0s
H    0     0                    384812.83719 352348.172  8.44%     -    0s
H    0     0                    384738.27286 352348.172  8.42%     -    0s
H    0     0                    383255.56829 352348.172  8.06%     -    0s
H    0     0                    383180.38163 352348.172  8.05%     -    0s
H    0     0                    377743.58519 352348.172  6.72%     -    0s
H    0     0                    377720.56316 352348.172  6.72%     -    0s
H    0     0                    371623.18236 354402.398  4.63%     -    0s
H    0     0                    371605.69566 354402.398  4.63%     -    0s
H    0     0                    371548.73833 354402.398  4.61%     -    0s
H    0     0                    371353.14690 354402.398  4.56%     -    0s
     0     0 354402.398    0   37 371353.147 354402.398  4.56%     -    1s
H    0     0                    371291.98390 354402.398  4.55%     -    1s
H    0     0                    371241.02238 354402.398  4.54%     -    1s
H    0     0                    371211.27360 354402.398  4.53%     -    1s
H    0     0                    371142.84504 354402.398  4.51%     -    1s
H    0     0                    367022.33280 354402.398  3.44%     -    1s
H    0     0                    366978.04512 354402.398  3.43%     -    1s
H    0     0                    366929.97404 354402.398  3.41%     -    1s
H    0     0                    366848.24882 354402.398  3.39%     -    1s
H    0     0                    366845.48978 354402.398  3.39%     -    1s
     0     0 355428.232    0   37 366845.490 355428.232  3.11%     -    1s
     0     0 355428.232    0   37 366845.490 355428.232  3.11%     -    1s
H    0     0                    366519.84311 355428.232  3.03%     -    1s
H    0     0                    366478.50131 355428.232  3.02%     -    1s
H    0     0                    366476.27106 355428.232  3.01%     -    1s
H    0     0                    363933.33773 355428.232  2.34%     -    1s
H    0     0                    362374.46158 355428.232  1.92%     -    1s
H    0     0                    362368.54364 355428.232  1.92%     -    1s
H    0     0                    362306.06636 355428.232  1.90%     -    1s
H    0     0                    360379.78824 355428.232  1.37%     -    1s
H    0     0                    360212.74933 355428.232  1.33%     -    1s
H    0     0                    359861.12026 355428.232  1.23%     -    1s
H    0     0                    359721.76564 355428.232  1.19%     -    1s
H    0     0                    359719.68937 355428.232  1.19%     -    1s
     0     0 355428.232    0   54 359719.689 355428.232  1.19%     -    2s
H    0     0                    359620.93825 355428.232  1.17%     -    2s
H    0     0                    359620.93811 355428.232  1.17%     -    2s
     0     0 355428.232    0   60 359620.938 355428.232  1.17%     -    2s
H    0     0                    356844.85163 355428.232  0.40%     -    2s

Cutting planes:
  Gomory: 17
  Lift-and-project: 25
  Cover: 3
  Implied bound: 5
  Projected implied bound: 4
  Clique: 2
  MIR: 28
  Mixing: 10
  Flow cover: 24
  Relax-and-lift: 13

Explored 1 nodes (14580 simplex iterations) in 2.82 seconds (2.46 work units)
Thread count was 5 (of 32 available processors)

Solution count 10: 356845 359621 359621 ... 362369

Optimal solution found (tolerance 1.00e-02)
Best objective 3.568448516339e+05, best bound 3.554282316660e+05, gap 0.3970%
