
Gurobi 12.0.3 (win64) logging started Tue Jun 30 14:33:47 2026

Set parameter LogFile to value "output/DCH_taller_julio/Costo_variable/Carga_on_board_320kW_Descomp/station_2_d274\gurobi.log"
Set parameter Threads to value 5
Set parameter Heuristics to value 0.5
Set parameter MIPFocus to value 3
Set parameter Presolve to value 2
Set parameter FlowCoverCuts to value 2
Set parameter TimeLimit to value 172800
Gurobi Optimizer version 12.0.3 build v12.0.3rc0 (win64 - Windows 11+.0 (26200.2))

CPU model: Intel(R) Core(TM) i9-14900K, instruction set [SSE2|AVX|AVX2]
Thread count: 24 physical cores, 32 logical processors, using up to 5 threads

Non-default parameters:
TimeLimit  172800
MIPGap  0.01
Heuristics  0.5
MIPFocus  3
FlowCoverCuts  2
Presolve  2
Threads  5

Optimize a model with 23765 rows, 37807 columns and 115870 nonzeros
Model fingerprint: 0xc245fa2f
Variable types: 18325 continuous, 19482 integer (19481 binary)
Coefficient statistics:
  Matrix range     [1e-01, 3e+02]
  Objective range  [4e-03, 1e+02]
  Bounds range     [1e+00, 1e+00]
  RHS range        [1e+00, 1e+04]
Presolve removed 21482 rows and 27339 columns
Presolve time: 0.15s
Presolved: 2283 rows, 10468 columns, 30858 nonzeros
Variable types: 820 continuous, 9648 integer (9648 binary)
Root relaxation presolved: 2283 rows, 10468 columns, 30858 nonzeros


Root relaxation: objective 1.292026e+05, 3670 iterations, 0.21 seconds (0.26 work units)

    Nodes    |    Current Node    |     Objective Bounds      |     Work
 Expl Unexpl |  Obj  Depth IntInf | Incumbent    BestBd   Gap | It/Node Time

     0     0 129202.578    0  193          - 129202.578      -     -    1s
H    0     0                    132559.31431 129202.578  2.53%     -    1s
     0     0 129227.335    0  212 132559.314 129227.335  2.51%     -    2s
     0     0 129227.335    0  268 132559.314 129227.335  2.51%     -    2s
     0     0 129227.335    0  266 132559.314 129227.335  2.51%     -    2s
H    0     0                    129702.59437 129227.335  0.37%     -    3s
H    0     0                    129534.98287 129227.335  0.24%     -    3s
     0     0 129227.335    0  183 129534.983 129227.335  0.24%     -    3s

Cutting planes:
  Gomory: 7
  Lift-and-project: 1
  Cover: 17
  Implied bound: 19
  Clique: 18
  MIR: 17
  Mixing: 1
  StrongCG: 2
  Flow cover: 16
  Zero half: 99
  RLT: 14
  Relax-and-lift: 33
  BQP: 2
  PSD: 12

Explored 1 nodes (20251 simplex iterations) in 3.95 seconds (4.15 work units)
Thread count was 5 (of 32 available processors)

Solution count 3: 129535 129703 132559 

Optimal solution found (tolerance 1.00e-02)
Best objective 1.295349828736e+05, best bound 1.292273347736e+05, gap 0.2375%
