
Gurobi 12.0.0 (win64) logging started Mon Sep  7 04:01:34 2026

Set parameter LogFile to value "C:\Users\TECNO-MASTER\Desktop\Elmo_infrastructure_sizing_NP-\output\DCH_septiembre\Bateria_482\Costo_variable\Carga_libre\Carga_on_board_variable_3estaciones_P640kW_Descomp/station_3_d182_stage1\gurobi.log"
Set parameter Threads to value 1
Set parameter Heuristics to value 0.5
Set parameter MIPFocus to value 3
Set parameter Presolve to value 2
Set parameter FlowCoverCuts to value 2
Set parameter TimeLimit to value 1200
Gurobi Optimizer version 12.0.0 build v12.0.0rc1 (win64 - Windows 11+.0 (26200.2))

CPU model: Intel(R) Core(TM) i9-14900K, instruction set [SSE2|AVX|AVX2]
Thread count: 24 physical cores, 32 logical processors, using up to 1 threads

Non-default parameters:
TimeLimit  1200
MIPGap  0.05
Heuristics  0.5
MIPFocus  3
FlowCoverCuts  2
Presolve  2
Threads  1

Optimize a model with 22770 rows, 37249 columns and 110688 nonzeros
Model fingerprint: 0x39308240
Variable types: 17323 continuous, 19926 integer (19925 binary)
Coefficient statistics:
  Matrix range     [1e-01, 6e+02]
  Objective range  [1e-02, 1e+05]
  Bounds range     [1e+00, 1e+00]
  RHS range        [1e+00, 1e+04]
Presolve removed 19880 rows and 26952 columns
Presolve time: 0.25s
Presolved: 2890 rows, 10297 columns, 31944 nonzeros
Variable types: 841 continuous, 9456 integer (9455 binary)
Root relaxation presolved: 2890 rows, 10297 columns, 31944 nonzeros


Root relaxation: objective 5.587559e+04, 5287 iterations, 0.74 seconds (0.79 work units)

    Nodes    |    Current Node    |     Objective Bounds      |     Work
 Expl Unexpl |  Obj  Depth IntInf | Incumbent    BestBd   Gap | It/Node Time

     0     0 55875.5855    0  386          - 55875.5855      -     -    2s
     0     0 147944.000    0  175          - 147944.000      -     -    5s
H    0     0                    201521.87789 147944.000  26.6%     -    5s
H    0     0                    189243.01316 147944.000  21.8%     -    5s
H    0     0                    185948.93191 147944.000  20.4%     -    5s
H    0     0                    185064.15787 147944.000  20.1%     -    6s
H    0     0                    179024.42039 147944.000  17.4%     -    6s
H    0     0                    165854.49901 147944.000  10.8%     -    6s
H    0     0                    165741.96775 147944.000  10.7%     -    6s
     0     0 147944.000    0  167 165741.968 147944.000  10.7%     -    6s
     0     0 147944.000    0  121 165741.968 147944.000  10.7%     -    7s
H    0     0                    165730.08019 147944.000  10.7%     -    7s
H    0     0                    165712.32835 147944.000  10.7%     -    7s
     0     0 147944.000    0  119 165712.328 147944.000  10.7%     -    7s
     0     0 147944.000    0  134 165712.328 147944.000  10.7%     -    8s
H    0     0                    160769.50099 147944.000  7.98%     -    8s
H    0     0                    154559.79805 147944.000  4.28%     -    8s

Cutting planes:
  Gomory: 16
  Lift-and-project: 12
  Cover: 11
  Implied bound: 11
  Clique: 3
  MIR: 7
  Mixing: 4
  Flow cover: 26
  Zero half: 1
  RLT: 1
  Relax-and-lift: 12

Explored 1 nodes (45365 simplex iterations) in 8.31 seconds (8.17 work units)
Thread count was 1 (of 32 available processors)

Solution count 10: 154560 160770 165712 ... 189243

Optimal solution found (tolerance 5.00e-02)
Best objective 1.545597980549e+05, best bound 1.479440001240e+05, gap 4.2804%
