
Gurobi 12.0.3 (win64) logging started Tue Jun 30 15:28:03 2026

Set parameter LogFile to value "output/DCH_taller_julio/Costo_variable/Carga_on_board_1000kW_Descomp/station_2_d91_stage1\gurobi.log"
Set parameter Threads to value 5
Set parameter Heuristics to value 0.5
Set parameter MIPFocus to value 3
Set parameter Presolve to value 2
Set parameter FlowCoverCuts to value 2
Set parameter TimeLimit to value 172800
Gurobi Optimizer version 12.0.3 build v12.0.3rc0 (win64 - Windows 11+.0 (26200.2))

CPU model: Intel(R) Core(TM) i9-14900K, instruction set [SSE2|AVX|AVX2]
Thread count: 24 physical cores, 32 logical processors, using up to 5 threads

Non-default parameters:
TimeLimit  172800
MIPGap  0.01
Heuristics  0.5
MIPFocus  3
FlowCoverCuts  2
Presolve  2
Threads  5

Optimize a model with 23795 rows, 37807 columns and 116832 nonzeros
Model fingerprint: 0x2462b3ca
Variable types: 18325 continuous, 19482 integer (19481 binary)
Coefficient statistics:
  Matrix range     [1e-01, 1e+03]
  Objective range  [1e-02, 2e+05]
  Bounds range     [1e+00, 1e+00]
  RHS range        [1e+00, 1e+04]
Presolve removed 20956 rows and 27336 columns
Presolve time: 0.12s
Presolved: 2839 rows, 10471 columns, 32446 nonzeros
Variable types: 821 continuous, 9650 integer (9649 binary)
Root relaxation presolved: 2839 rows, 10471 columns, 32446 nonzeros


Root relaxation: objective 6.936502e+04, 3507 iterations, 0.21 seconds (0.49 work units)

    Nodes    |    Current Node    |     Objective Bounds      |     Work
 Expl Unexpl |  Obj  Depth IntInf | Incumbent    BestBd   Gap | It/Node Time

     0     0 69365.0220    0  434          - 69365.0220      -     -    0s
H    0     0                    576906.18934 79339.3348  86.2%     -    1s
H    0     0                    438352.45710 107104.417  75.6%     -    2s
H    0     0                    438338.72405 107104.417  75.6%     -    2s
H    0     0                    245666.46770 107104.417  56.4%     -    2s
H    0     0                    245640.30073 107104.417  56.4%     -    2s
H    0     0                    230977.05942 107104.417  53.6%     -    2s
H    0     0                    230591.38235 107104.417  53.6%     -    2s
H    0     0                    230590.41328 107104.417  53.6%     -    2s
H    0     0                    230548.77829 107104.417  53.5%     -    2s
H    0     0                    230479.69950 107104.417  53.5%     -    2s
H    0     0                    228985.41599 107104.417  53.2%     -    2s
H    0     0                    228517.00131 107104.417  53.1%     -    2s
H    0     0                    227989.00039 107104.417  53.0%     -    2s
H    0     0                    227929.86339 107104.417  53.0%     -    2s
H    0     0                    227854.88308 107104.417  53.0%     -    2s
H    0     0                    227851.56301 107104.417  53.0%     -    2s
H    0     0                    226957.46592 107104.417  52.8%     -    2s
H    0     0                    226614.10845 107104.417  52.7%     -    2s
H    0     0                    226339.56809 107104.417  52.7%     -    2s
     0     0 145728.319    0  411 226339.568 145728.319  35.6%     -    2s
H    0     0                    224305.39399 145728.319  35.0%     -    3s
H    0     0                    224139.23768 145728.319  35.0%     -    3s
H    0     0                    224133.30157 145728.319  35.0%     -    3s
H    0     0                    221471.98199 145728.319  34.2%     -    3s
H    0     0                    218948.08221 145728.319  33.4%     -    3s
H    0     0                    218945.44167 216033.698  1.33%     -    5s
H    0     0                    218903.38265 216033.698  1.31%     -    5s
H    0     0                    218880.52713 216033.698  1.30%     -    5s
H    0     0                    218746.20375 216033.698  1.24%     -    5s
     0     0 216191.460    0  411 218746.204 216191.460  1.17%     -    5s
H    0     0                    218718.19105 216191.460  1.16%     -    5s
     0     0 216191.460    0  431 218718.191 216191.460  1.16%     -    5s
H    0     0                    218658.99083 216199.771  1.12%     -    7s
H    0     0                    218611.77081 216199.771  1.10%     -    7s
H    0     0                    218608.50194 216199.771  1.10%     -    7s
H    0     0                    218608.23870 216199.771  1.10%     -    7s
H    0     0                    217943.74014 216199.771  0.80%     -    7s
     0     0 216220.176    0  425 217943.740 216220.176  0.79%     -    7s

Cutting planes:
  Gomory: 2
  Lift-and-project: 4
  Cover: 12
  Implied bound: 32
  Clique: 2
  MIR: 28
  Mixing: 2
  Flow cover: 38
  Zero half: 15
  RLT: 1
  Relax-and-lift: 15

Explored 1 nodes (32374 simplex iterations) in 7.12 seconds (8.69 work units)
Thread count was 5 (of 32 available processors)

Solution count 10: 217944 218608 218609 ... 218945

Optimal solution found (tolerance 1.00e-02)
Best objective 2.179437401415e+05, best bound 2.162201759438e+05, gap 0.7908%
