
Gurobi 12.0.0 (win64) logging started Wed Jul  1 13:53:41 2026

Set parameter LogFile to value "output/DCH_taller_julio/Costo_variable/Carga_on_board_320kW_st2_2ch/station_1_d91\gurobi.log"
Set parameter Threads to value 5
Set parameter Heuristics to value 0.5
Set parameter MIPFocus to value 3
Set parameter Presolve to value 2
Set parameter FlowCoverCuts to value 2
Set parameter TimeLimit to value 172800
Gurobi Optimizer version 12.0.0 build v12.0.0rc1 (win64 - Windows 11+.0 (26200.2))

CPU model: Intel(R) Core(TM) i9-14900K, instruction set [SSE2|AVX|AVX2]
Thread count: 24 physical cores, 32 logical processors, using up to 5 threads

Non-default parameters:
TimeLimit  172800
MIPGap  0.01
Heuristics  0.5
MIPFocus  3
FlowCoverCuts  2
Presolve  2
Threads  5

Optimize a model with 22793 rows, 35809 columns and 109900 nonzeros
Model fingerprint: 0x2e752735
Variable types: 17323 continuous, 18486 integer (18485 binary)
Coefficient statistics:
  Matrix range     [1e-01, 3e+02]
  Objective range  [1e-02, 1e+02]
  Bounds range     [1e+00, 1e+00]
  RHS range        [1e+00, 1e+04]
Presolve removed 20486 rows and 25838 columns
Presolve time: 0.13s
Presolved: 2307 rows, 9971 columns, 29520 nonzeros
Variable types: 821 continuous, 9150 integer (9150 binary)
Root relaxation presolved: 2307 rows, 9971 columns, 29520 nonzeros


Root relaxation: objective 1.316501e+05, 3765 iterations, 0.24 seconds (0.31 work units)

    Nodes    |    Current Node    |     Objective Bounds      |     Work
 Expl Unexpl |  Obj  Depth IntInf | Incumbent    BestBd   Gap | It/Node Time

     0     0 131650.116    0  128          - 131650.116      -     -    1s
H    0     0                    158592.70837 131650.116  17.0%     -    1s
H    0     0                    146543.72389 131650.116  10.2%     -    1s
H    0     0                    144466.76298 131650.116  8.87%     -    1s
H    0     0                    141540.61150 131650.116  6.99%     -    1s
H    0     0                    141445.02002 131650.116  6.92%     -    1s
H    0     0                    140231.38479 131650.116  6.12%     -    1s
H    0     0                    140230.92854 131650.116  6.12%     -    1s
H    0     0                    140078.07901 131650.116  6.02%     -    1s
H    0     0                    138293.18144 131650.116  4.80%     -    1s
H    0     0                    138112.20432 131650.116  4.68%     -    1s
H    0     0                    137940.16180 131650.116  4.56%     -    1s
H    0     0                    137932.79322 131650.116  4.55%     -    1s
H    0     0                    137858.06587 131650.116  4.50%     -    1s
H    0     0                    137852.39695 131650.116  4.50%     -    1s
H    0     0                    136255.97930 131659.894  3.37%     -    2s
H    0     0                    136132.76748 131659.894  3.29%     -    2s
H    0     0                    136130.47619 131659.894  3.28%     -    2s
H    0     0                    136121.63237 131659.894  3.28%     -    2s
     0     0 131659.894    0   86 136121.632 131659.894  3.28%     -    2s
H    0     0                    136066.83573 131659.894  3.24%     -    2s
H    0     0                    136016.59061 131659.894  3.20%     -    2s
H    0     0                    136009.94501 131659.894  3.20%     -    2s
H    0     0                    135999.82422 131659.894  3.19%     -    2s
H    0     0                    135998.77190 131659.894  3.19%     -    2s
     0     0 131659.894    0   87 135998.772 131659.894  3.19%     -    2s
H    0     0                    131700.09391 131659.894  0.03%     -    3s
     0     0 131659.894    0  110 131700.094 131659.894  0.03%     -    3s

Cutting planes:
  Gomory: 9
  Cover: 6
  Implied bound: 5
  Clique: 7
  MIR: 6
  Mixing: 13
  Flow cover: 14
  Zero half: 19
  RLT: 3
  Relax-and-lift: 12
  BQP: 1
  PSD: 2

Explored 1 nodes (17141 simplex iterations) in 3.32 seconds (3.19 work units)
Thread count was 5 (of 32 available processors)

Solution count 10: 131700 135999 136000 ... 136256

Optimal solution found (tolerance 1.00e-02)
Best objective 1.317000939096e+05, best bound 1.316598941420e+05, gap 0.0305%
