
Gurobi 12.0.3 (win64) logging started Tue Jul  7 18:06:25 2026

Set parameter LogFile to value "output/DCH_taller_julio/Costo_variable/Ventana_restringida/Carga_on_board_1000kW_Descomp_ventana_carga/station_2_d213\gurobi.log"
Set parameter Threads to value 5
Set parameter Heuristics to value 0.5
Set parameter MIPFocus to value 3
Set parameter Presolve to value 2
Set parameter FlowCoverCuts to value 2
Set parameter TimeLimit to value 172800
Gurobi Optimizer version 12.0.3 build v12.0.3rc0 (win64 - Windows 11+.0 (26200.2))

CPU model: Intel(R) Core(TM) i9-14900K, instruction set [SSE2|AVX|AVX2]
Thread count: 24 physical cores, 32 logical processors, using up to 5 threads

Non-default parameters:
TimeLimit  172800
MIPGap  0.01
Heuristics  0.5
MIPFocus  3
FlowCoverCuts  2
Presolve  2
Threads  5

Optimize a model with 24331 rows, 37807 columns and 116466 nonzeros
Model fingerprint: 0x38e86ecb
Variable types: 18325 continuous, 19482 integer (19481 binary)
Coefficient statistics:
  Matrix range     [1e-01, 1e+03]
  Objective range  [8e-03, 1e+02]
  Bounds range     [1e+00, 1e+00]
  RHS range        [1e+00, 1e+04]
Presolve removed 23237 rows and 28786 columns
Presolve time: 0.13s
Presolved: 1094 rows, 9021 columns, 27101 nonzeros
Variable types: 245 continuous, 8776 integer (8776 binary)
Root relaxation presolved: 1094 rows, 9021 columns, 27101 nonzeros


Use crossover to convert LP symmetric solution to basic solution...

Root relaxation: objective 2.315891e+05, 3188 iterations, 0.05 seconds (0.05 work units)

    Nodes    |    Current Node    |     Objective Bounds      |     Work
 Expl Unexpl |  Obj  Depth IntInf | Incumbent    BestBd   Gap | It/Node Time

     0     0 231589.112    0  120          - 231589.112      -     -    0s
H    0     0                    254512.69217 231589.112  9.01%     -    0s
H    0     0                    254344.28830 231589.112  8.95%     -    0s
H    0     0                    246020.12985 231589.112  5.87%     -    0s
H    0     0                    240053.75979 231589.112  3.53%     -    0s
H    0     0                    240036.43763 231589.112  3.52%     -    0s
H    0     0                    239930.02679 231589.112  3.48%     -    0s
H    0     0                    239919.06658 231589.112  3.47%     -    0s
H    0     0                    238540.53734 231589.112  2.91%     -    0s
H    0     0                    238517.22977 231589.112  2.90%     -    0s
H    0     0                    238246.58159 231589.112  2.79%     -    1s
H    0     0                    237516.74588 231589.112  2.50%     -    1s
H    0     0                    235675.45165 231589.112  1.73%     -    1s
H    0     0                    235666.00781 231589.112  1.73%     -    1s
H    0     0                    235595.64817 231589.112  1.70%     -    1s
H    0     0                    235554.76994 231589.112  1.68%     -    1s
     0     0 231925.644    0  137 235554.770 231925.644  1.54%     -    1s
H    0     0                    235223.95444 231925.644  1.40%     -    1s
H    0     0                    235007.91783 231925.644  1.31%     -    1s
     0     0 231925.644    0  181 235007.918 231925.644  1.31%     -    1s
     0     0 231929.081    0  150 235007.918 231929.081  1.31%     -    2s
H    0     0                    234951.26300 231929.081  1.29%     -    2s
     0     0 231929.081    0  172 234951.263 231929.081  1.29%     -    2s
H    0     0                    234543.20487 231929.081  1.11%     -    3s
H    0     0                    234385.04279 231929.081  1.05%     -    3s
     0     0 231929.081    0   90 234385.043 231929.081  1.05%     -    3s
     0     0 231929.081    0   94 234385.043 231929.081  1.05%     -    4s
     0     0 231929.081    0  122 234385.043 231929.081  1.05%     -    5s
     0     0 231929.081    0  126 234385.043 231929.081  1.05%     -    5s
     0     0 231929.081    0  116 234385.043 231929.081  1.05%     -    5s
     0     0 231929.081    0   94 234385.043 231929.081  1.05%     -    6s
H    0     0                    234366.06528 231929.081  1.04%     -    6s
H    0     2                    234365.33607 231929.081  1.04%     -    7s
     0     2 231929.081    0   94 234365.336 231929.081  1.04%     -    7s

Cutting planes:
  Gomory: 144
  Lift-and-project: 1
  Cover: 49
  Implied bound: 58
  Projected implied bound: 4
  Clique: 23
  MIR: 151
  Mixing: 10
  Flow cover: 289
  Zero half: 57
  RLT: 59
  Relax-and-lift: 84
  BQP: 11
  PSD: 18

Explored 68 nodes (79164 simplex iterations) in 9.43 seconds (11.58 work units)
Thread count was 5 (of 32 available processors)

Solution count 10: 234365 234366 234385 ... 235666

Optimal solution found (tolerance 1.00e-02)
Best objective 2.343653360669e+05, best bound 2.322428737329e+05, gap 0.9056%
