
Gurobi 13.0.2 (linux64) logging started Wed Jun 17 04:22:05 2026

Set parameter LogFile to value "output/DCH_taller_julio/Costo_fijo/carga_on_board_640kW/gurobi.log"
Set parameter Threads to value 32
Set parameter Heuristics to value 0.5
Set parameter MIPFocus to value 3
Set parameter Presolve to value 2
Set parameter FlowCoverCuts to value 2
Set parameter TimeLimit to value 172800
Gurobi Optimizer version 13.0.2 build v13.0.2rc1 (linux64 - "Ubuntu 24.04.4 LTS")

CPU model: Intel(R) Xeon(R) Gold 6130 CPU @ 2.10GHz, instruction set [SSE2|AVX|AVX2|AVX512]
Thread count: 32 physical cores, 64 logical processors, using up to 32 threads

Non-default parameters:
TimeLimit  172800
MIPGap  0.01
Heuristics  0.5
MIPFocus  3
FlowCoverCuts  2
Presolve  2
Threads  32

Optimize a model with 66439 rows, 117703 columns and 333300 nonzeros (Min)
Model fingerprint: 0x267efaf0
Model has 187 linear objective coefficients
Variable types: 52609 continuous, 65094 integer (65091 binary)
Coefficient statistics:
  Matrix range     [6e-02, 6e+02]
  Objective range  [5e+00, 1e+05]
  Bounds range     [1e+00, 1e+00]
  RHS range        [1e+00, 4e+04]

Presolve removed 58458 rows and 86418 columns
Presolve time: 0.56s
Presolved: 7981 rows, 31285 columns, 95040 nonzeros
Variable types: 3019 continuous, 28266 integer (28215 binary)
Found heuristic solution: objective 1362445.3576
Root relaxation presolved: 7981 rows, 31285 columns, 95040 nonzeros


Root simplex log...

Iteration    Objective       Primal Inf.    Dual Inf.      Time
   20726    6.1635025e+05   1.016710e+04   0.000000e+00      5s
   25799    6.1648375e+05   0.000000e+00   0.000000e+00      7s
   25799    6.1648375e+05   0.000000e+00   0.000000e+00      7s

Root relaxation: objective 6.164837e+05, 25799 iterations, 6.02 seconds (7.03 work units)

    Nodes    |    Current Node    |     Objective Bounds      |     Work
 Expl Unexpl |  Obj  Depth IntInf | Incumbent    BestBd   Gap | It/Node Time

     0     0 616483.746    0 1906 1362445.36 616483.746  54.8%     -   10s
H    0     0                    1338274.6106 616483.746  53.9%     -   10s
H    0     0                    1334337.8571 616494.266  53.8%     -   12s
H    0     0                    1333215.4986 616494.266  53.8%     -   12s
H    0     0                    1333176.2717 616494.266  53.8%     -   12s
H    0     0                    1332933.3962 616494.266  53.7%     -   12s
     0     0 624517.432    0 2259 1332933.40 624517.432  53.1%     -   16s
     0     0 624517.432    0 2166 1332933.40 624517.432  53.1%     -   22s
H    0     0                    1320722.9061 709331.268  46.3%     -   30s
H    0     0                    1314376.1430 709331.268  46.0%     -   30s
H    0     0                    1314007.9960 709331.268  46.0%     -   30s
H    0     0                    1313223.2267 709331.268  46.0%     -   30s
H    0     0                    1312524.1567 709331.268  46.0%     -   30s
H    0     0                    1307382.9048 709331.268  45.7%     -   30s
H    0     0                    1305453.7138 709331.268  45.7%     -   30s
     0     0 878451.230    0 1602 1305453.71 878451.230  32.7%     -   31s
     0     0 878451.230    0 1681 1305453.71 878451.230  32.7%     -   32s
H    0     0                    1305451.2579 878451.230  32.7%     -   34s
H    0     0                    1298217.0934 878451.230  32.3%     -   34s
H    0     0                    1298180.5717 878451.230  32.3%     -   35s
H    0     0                    1295535.4976 878451.230  32.2%     -   35s
     0     0 878451.230    0 1784 1295535.50 878451.230  32.2%     -   35s
     0     0 878451.230    0 1681 1295535.50 878451.230  32.2%     -   40s
H    0     0                    1295094.4731 878451.230  32.2%     -   40s
H    0     0                    1294850.4855 878451.230  32.2%     -   41s
H    0     0                    1294658.4935 878451.230  32.1%     -   41s
H    0     0                    1294610.7975 878451.230  32.1%     -   41s
H    0     0                    1294608.3416 878451.230  32.1%     -   41s
H    0     0                    1294562.7194 878451.230  32.1%     -   41s
H    0     0                    1294560.2635 878451.230  32.1%     -   41s
H    0     0                    1294348.0742 878451.230  32.1%     -   41s
H    0     0                    1294319.2398 878451.230  32.1%     -   41s
H    0     0                    1294239.2847 878451.230  32.1%     -   41s
H    0     0                    1294179.0792 878451.230  32.1%     -   41s
H    0     0                    1294008.2364 878451.230  32.1%     -   41s
H    0     0                    1292506.6195 878451.230  32.0%     -   41s
H    0     0                    1292316.3549 878451.230  32.0%     -   41s
H    0     0                    1291706.7332 878451.230  32.0%     -   41s
H    0     0                    1288014.4775 878451.230  31.8%     -   41s
H    0     0                    1286420.9917 878451.230  31.7%     -   41s
H    0     0                    1285632.2018 878451.230  31.7%     -   41s
H    0     0                    1282180.2371 878451.230  31.5%     -   41s
H    0     0                    1281783.7064 878451.230  31.5%     -   41s
     0     0 896848.068    0 1919 1281783.71 896848.068  30.0%     -   41s
H    0     0                    1281670.3712 896848.068  30.0%     -   49s
H    0     0                    1281630.0281 896848.068  30.0%     -   49s
     0     0 897038.539    0 2030 1281630.03 897038.539  30.0%     -   51s
     0     0 897038.539    0 1922 1281630.03 897038.539  30.0%     -   55s
     0     0 897038.539    0 1942 1281630.03 897038.539  30.0%     -   58s
     0     0 897038.539    0 1980 1281630.03 897038.539  30.0%     -   59s
     0     0 897038.539    0 1869 1281630.03 897038.539  30.0%     -   63s
     0     0 897038.539    0 1766 1281630.03 897038.539  30.0%     -   67s
     0     0 897038.539    0 1770 1281630.03 897038.539  30.0%     -   69s
     0     0 897038.539    0 1990 1281630.03 897038.539  30.0%     -   73s
     0     0 897038.539    0 1896 1281630.03 897038.539  30.0%     -   78s
     0     0 897038.539    0 1896 1281630.03 897038.539  30.0%     -   81s
     0     0 897038.539    0 1896 1281630.03 897038.539  30.0%     -   84s
     0     2 897038.539    0 1884 1281630.03 897038.539  30.0%     -  101s
     3     4 897038.539    2 1438 1281630.03 897038.539  30.0%  3274  105s
    17    32 897038.788    5 1480 1281630.03 897038.585  30.0%  1185  112s
    33    64 897038.634    6 1477 1281630.03 897038.585  30.0%  1013  115s
H   45    64                    1281564.7045 897038.585  30.0%   955  115s
    65   338 897039.092    7 1487 1281564.70 897038.585  30.0%   921  120s
   339  1889 897038.585    9 1474 1281564.70 897038.585  30.0%   314  126s
  1890  7292 897038.585   18 1472 1281564.70 897038.585  30.0%   131  132s
  7294  7293 897039.813   26 1896 1281564.70 897038.585  30.0%  73.1  153s
  7296  7294 897039.780  214 1532 1281564.70 897038.585  30.0%  73.1  162s
  7297  7295 897042.030  198 1922 1281564.70 897038.585  30.0%  73.1  167s
  7298  7296 897038.908  124 2083 1281564.70 897038.585  30.0%  73.1  172s
  7299  7296 897044.084   33 1518 1281564.70 897044.084  30.0%  73.1  179s
  7300  7297 897046.176  121 1848 1281564.70 897046.176  30.0%  73.1  185s
  7301  7298 897048.738  126 1722 1281564.70 897048.738  30.0%  73.1  191s
  7302  7298 897049.772   40 1697 1281564.70 897049.772  30.0%  73.0  199s
  7303  7299 897050.850  258 1681 1281564.70 897050.850  30.0%  73.0  206s
  7304  7300 897050.850    9 1679 1281564.70 897050.850  30.0%  73.0  215s
H 7304  6934                    1281562.2486 897050.850  30.0%  73.0  222s
  7306  6938 897050.850   11 1671 1281562.25 897050.850  30.0%  83.3  228s
  7308  6941 897052.538   12 1751 1281562.25 897050.938  30.0%  84.8  232s
  7312  6948 897052.538   13 1752 1281562.25 897052.538  30.0%  89.2  235s
  7368  7009 897053.357   16 1706 1281562.25 897053.357  30.0%  93.7  240s
  7400  7479 897053.421   17 1703 1281562.25 897053.421  30.0%  94.0  245s
  7880  7351 897053.662   19 1718 1281562.25 897053.470  30.0%  97.6  254s
  7912  7372 897053.905   21 1700 1281562.25 897053.696  30.0%  98.5  265s
H 7914  7024                    1281520.8398 897053.707  30.0%  98.5  265s
H 7920  6693                    1281490.0968 897053.733  30.0%  98.6  265s
  7944  7793 897053.733   21 1715 1281490.10 897053.733  30.0%   100  279s
  9052 12368 897059.620   35 1762 1281490.10 897054.030  30.0%   125  306s
H 9401 11939                    1281481.3763 897054.048  30.0%   128  306s
H 9668 11552                    1281470.8091 897054.111  30.0%   131  306s
H13521  9985                    1193178.6523 897054.188  24.8%   170  306s
H13996  9590                    1193176.1964 897054.188  24.8%   172  318s
H13999  9334                    1193171.0810 897054.452  24.8%   172  318s
H14015  9087                    1177317.7369 897054.575  23.8%   173  318s
H14028 10726                    1163428.1324 897054.575  22.9%   174  331s
H14260 10430                    1160684.8655 897054.687  22.7%   178  331s
H14672 10085                    1160140.4592 897055.013  22.7%   185  331s
H14900  9812                    1154697.3986 897055.013  22.3%   190  331s
H15902  9459                    1154600.9805 897055.013  22.3%   207  345s
H15902  9280                    1154194.5658 897055.013  22.3%   207  345s
H15905  9110                    1025432.9087 897055.018  12.5%   207  345s
H15916  8945                    1025417.7660 897055.354  12.5%   207  345s
H15983  8771                    1025416.7477 897055.462  12.5%   210  345s
H16016  8335                    897380.65019 897055.504  0.04%   211  345s

Cutting planes:
  Gomory: 30
  Lift-and-project: 67
  Cover: 1
  Implied bound: 48
  MIR: 40
  Flow cover: 15
  Zero half: 5
  Relax-and-lift: 164

Explored 16070 nodes (3596586 simplex iterations) in 346.03 seconds (392.57 work units)
Thread count was 32 (of 64 available processors)

Solution count 10: 897381 1.02542e+06 1.02542e+06 ... 1.16343e+06

Optimal solution found (tolerance 1.00e-02)
Best objective 8.973806501905e+05, best bound 8.970555153257e+05, gap 0.0362%
