
Gurobi 12.0.3 (win64) logging started Sun Aug 23 02:54:56 2026

Set parameter LogFile to value "C:\Users\TECNO-MASTER\Desktop\Elmo_infrastructure_sizing_NP-\output\DCH_agosto\Costo_variable\Carga_libre\Carga_on_board_variable_3estaciones_P640kW_Descomp/station_2_d152\gurobi.log"
Set parameter Threads to value 1
Set parameter Heuristics to value 0.5
Set parameter MIPFocus to value 3
Set parameter Presolve to value 2
Set parameter FlowCoverCuts to value 2
Set parameter TimeLimit to value 172800
Gurobi Optimizer version 12.0.3 build v12.0.3rc0 (win64 - Windows 11+.0 (26200.2))

CPU model: Intel(R) Core(TM) i9-14900K, instruction set [SSE2|AVX|AVX2]
Thread count: 24 physical cores, 32 logical processors, using up to 1 threads

Non-default parameters:
TimeLimit  172800
MIPGap  0.01
Heuristics  0.5
MIPFocus  3
FlowCoverCuts  2
Presolve  2
Threads  1

Optimize a model with 23772 rows, 39247 columns and 115808 nonzeros
Model fingerprint: 0xfaf2a87a
Variable types: 18325 continuous, 20922 integer (20921 binary)
Coefficient statistics:
  Matrix range     [1e-01, 6e+02]
  Objective range  [1e-02, 1e+02]
  Bounds range     [1e+00, 3e+00]
  RHS range        [1e+00, 1e+04]
Presolve removed 21321 rows and 28443 columns
Presolve time: 0.53s
Presolved: 2451 rows, 10804 columns, 33500 nonzeros
Variable types: 841 continuous, 9963 integer (9872 binary)
Root relaxation presolved: 2451 rows, 10804 columns, 33500 nonzeros


Root relaxation: objective 1.640608e+05, 3789 iterations, 0.22 seconds (0.28 work units)

    Nodes    |    Current Node    |     Objective Bounds      |     Work
 Expl Unexpl |  Obj  Depth IntInf | Incumbent    BestBd   Gap | It/Node Time

     0     0 164060.807    0  187          - 164060.807      -     -    2s
H    0     0                    242130.33012 164060.807  32.2%     -    2s
H    0     0                    221375.27231 164060.807  25.9%     -    2s
H    0     0                    210096.73921 164060.807  21.9%     -    2s
H    0     0                    199814.75289 164060.807  17.9%     -    2s
H    0     0                    190340.81491 164060.807  13.8%     -    2s
H    0     0                    187231.80262 164060.807  12.4%     -    2s
H    0     0                    186184.90451 164060.807  11.9%     -    2s
H    0     0                    185821.07409 164060.807  11.7%     -    2s
     0     0 164106.146    0  200 185821.074 164106.146  11.7%     -    4s
H    0     0                    185798.05592 164106.147  11.7%     -    4s
H    0     0                    166917.97249 164106.147  1.68%     -    4s
H    0     0                    166910.85167 164106.147  1.68%     -    4s
H    0     0                    166167.25895 164106.147  1.24%     -    4s
H    0     0                    165354.85240 164106.147  0.76%     -    4s

Cutting planes:
  Gomory: 8
  Lift-and-project: 6
  Cover: 1
  Implied bound: 7
  Clique: 3
  MIR: 1
  Flow cover: 14
  RLT: 5
  Relax-and-lift: 3
  PSD: 1

Explored 1 nodes (10295 simplex iterations) in 4.68 seconds (2.34 work units)
Thread count was 1 (of 32 available processors)

Solution count 10: 165355 166167 166911 ... 199815

Optimal solution found (tolerance 1.00e-02)
Best objective 1.653548523964e+05, best bound 1.641061466116e+05, gap 0.7552%
