
Gurobi 12.0.3 (win64) logging started Sun Aug 23 17:25:49 2026

Set parameter LogFile to value "C:\Users\TECNO-MASTER\Desktop\Elmo_infrastructure_sizing_NP-\output\DCH_agosto\Costo_variable\Ventana_restringida\Carga_on_board_variable_3estaciones_P640kW_Descomp/station_1_d244\gurobi.log"
Set parameter Threads to value 1
Set parameter Heuristics to value 0.5
Set parameter MIPFocus to value 3
Set parameter Presolve to value 2
Set parameter FlowCoverCuts to value 2
Set parameter TimeLimit to value 172800
Gurobi Optimizer version 12.0.3 build v12.0.3rc0 (win64 - Windows 11+.0 (26200.2))

CPU model: Intel(R) Core(TM) i9-14900K, instruction set [SSE2|AVX|AVX2]
Thread count: 24 physical cores, 32 logical processors, using up to 1 threads

Non-default parameters:
TimeLimit  172800
MIPGap  0.01
Heuristics  0.5
MIPFocus  3
FlowCoverCuts  2
Presolve  2
Threads  1

Optimize a model with 23314 rows, 37249 columns and 110328 nonzeros
Model fingerprint: 0x9b4a9480
Variable types: 17323 continuous, 19926 integer (19925 binary)
Coefficient statistics:
  Matrix range     [1e-01, 6e+02]
  Objective range  [8e-03, 1e+02]
  Bounds range     [1e+00, 3e+00]
  RHS range        [1e+00, 1e+04]
Presolve removed 22249 rows and 28488 columns
Presolve time: 0.20s
Presolved: 1065 rows, 8761 columns, 27001 nonzeros
Variable types: 233 continuous, 8528 integer (8442 binary)
Root relaxation presolved: 1065 rows, 8761 columns, 27001 nonzeros


Use crossover to convert LP symmetric solution to basic solution...

Root relaxation: objective 1.717828e+05, 3191 iterations, 0.05 seconds (0.04 work units)

    Nodes    |    Current Node    |     Objective Bounds      |     Work
 Expl Unexpl |  Obj  Depth IntInf | Incumbent    BestBd   Gap | It/Node Time

     0     0 171782.834    0   81          - 171782.834      -     -    0s
H    0     0                    223784.90803 171782.834  23.2%     -    0s
H    0     0                    223697.75746 171782.834  23.2%     -    0s
H    0     0                    216479.62392 171782.834  20.6%     -    0s
H    0     0                    190191.47910 171782.834  9.68%     -    0s
H    0     0                    187688.44735 171782.834  8.47%     -    0s
H    0     0                    187680.03346 171782.834  8.47%     -    0s
H    0     0                    185264.77240 171782.834  7.28%     -    0s
H    0     0                    184428.81891 171782.834  6.86%     -    0s
H    0     0                    183945.95318 171782.834  6.61%     -    0s
     0     0 176611.951    0   53 183945.953 176611.951  3.99%     -    1s
H    0     0                    183814.95187 176611.951  3.92%     -    1s
H    0     0                    183584.20587 176611.951  3.80%     -    1s
H    0     0                    183327.51305 176611.951  3.66%     -    1s
     0     0 176611.951    0   97 183327.513 176611.951  3.66%     -    2s
     0     0 176611.951    0   92 183327.513 176611.951  3.66%     -    2s
     0     0 176611.951    0   36 183327.513 176611.951  3.66%     -    2s
H    0     0                    183316.53181 176611.951  3.66%     -    3s
     0     0 176611.951    0   50 183316.532 176611.951  3.66%     -    3s
     0     0 176611.951    0   36 183316.532 176611.951  3.66%     -    4s
H    0     0                    182533.56492 176611.951  3.24%     -    4s
H    0     0                    182030.97608 176611.951  2.98%     -    4s
H    0     0                    181528.38724 176611.951  2.71%     -    4s
H    0     0                    180696.15750 176611.951  2.26%     -    4s
H    0     0                    180682.25578 176611.951  2.25%     -    4s
H    0     0                    180518.41851 176611.951  2.16%     -    4s
H    0     0                    180515.11854 176611.951  2.16%     -    4s
H    0     0                    180510.98066 176611.951  2.16%     -    4s
H    0     0                    180506.76733 176611.951  2.16%     -    4s
H    0     0                    180506.76672 176611.951  2.16%     -    4s
     0     2 176611.951    0   33 180506.767 176611.951  2.16%     -    5s
H   16    16                    178397.24821 176611.951  1.00%   330    6s
H   16    16                    178270.97815 176611.951  0.93%   330    6s

Cutting planes:
  Gomory: 9
  Lift-and-project: 6
  Cover: 29
  Implied bound: 47
  Projected implied bound: 2
  Clique: 28
  MIR: 180
  Mixing: 5
  Flow cover: 265
  Zero half: 46
  RLT: 23
  Relax-and-lift: 74
  BQP: 2
  PSD: 15

Explored 17 nodes (18783 simplex iterations) in 6.75 seconds (7.20 work units)
Thread count was 1 (of 32 available processors)

Solution count 10: 178271 178397 180507 ... 181528

Optimal solution found (tolerance 1.00e-02)
Best objective 1.782709781479e+05, best bound 1.766119506473e+05, gap 0.9306%
