
Gurobi 12.0.1 (win64) logging started Thu Aug 13 13:14:26 2026

Set parameter LogFile to value "output/320kW_swap_completo/gurobi.log"
Set parameter Threads to value 32
Set parameter Heuristics to value 0.5
Set parameter MIPFocus to value 3
Set parameter Presolve to value 2
Set parameter FlowCoverCuts to value 2
Set parameter TimeLimit to value 172800
Gurobi Optimizer version 12.0.1 build v12.0.1rc0 (win64 - Windows 11+.0 (26200.2))

CPU model: 11th Gen Intel(R) Core(TM) i7-1165G7 @ 2.80GHz, instruction set [SSE2|AVX|AVX2|AVX512]
Thread count: 4 physical cores, 8 logical processors, using up to 32 threads

Warning: Thread count (32) is larger than processor count (8)
         Reduce the value of the Threads parameter to improve performance


Non-default parameters:
TimeLimit  172800
MIPGap  0.01
Heuristics  0.5
MIPFocus  3
FlowCoverCuts  2
Presolve  2
Threads  32

Optimize a model with 31935 rows, 56881 columns and 445385 nonzeros
Model fingerprint: 0x744a0f65
Variable types: 3930 continuous, 52951 integer (19822 binary)
Coefficient statistics:
  Matrix range     [2e-02, 3e+04]
  Objective range  [4e+00, 3e+05]
  Bounds range     [1e+00, 4e+06]
  RHS range        [1e+00, 3e+04]
Presolve removed 26215 rows and 40066 columns
Presolve time: 0.57s
Presolved: 5720 rows, 16815 columns, 131019 nonzeros
Variable types: 966 continuous, 15849 integer (15476 binary)
Root relaxation presolved: 5720 rows, 16815 columns, 131019 nonzeros

Deterministic concurrent LP optimizer: primal and dual simplex
Showing primal log only...

Concurrent spin time: 0.00s

Solved with primal simplex

Root relaxation: objective 2.829746e+05, 7674 iterations, 0.98 seconds (0.90 work units)

    Nodes    |    Current Node    |     Objective Bounds      |     Work
 Expl Unexpl |  Obj  Depth IntInf | Incumbent    BestBd   Gap | It/Node Time

     0     0 282974.615    0  147          - 282974.615      -     -    4s
     0     0 305088.749    0  196          - 305088.749      -     -    4s
     0     0 368006.836    0  112          - 368006.836      -     -    7s
     0     0 368006.836    0  120          - 368006.836      -     -    8s
     0     0 368008.394    0   92          - 368008.394      -     -   11s
     0     0 368089.242    0  286          - 368089.242      -     -   12s
     0     0 368193.812    0  188          - 368193.812      -     -   15s
     0     0 368194.400    0  275          - 368194.400      -     -   16s
     0     0 368268.172    0  131          - 368268.172      -     -   21s
     0     0 368289.435    0  294          - 368289.435      -     -   21s
     0     0 368292.175    0  297          - 368292.175      -     -   21s
     0     0 368292.175    0  259          - 368292.175      -     -   21s
     0     0 368383.519    0  184          - 368383.519      -     -   25s
     0     0 368383.519    0  268          - 368383.519      -     -   26s
     0     0 368383.519    0  319          - 368383.519      -     -   26s
     0     0 368441.526    0  166          - 368441.526      -     -   29s
     0     0 368474.574    0  223          - 368474.574      -     -   29s
     0     0 368474.716    0  260          - 368474.716      -     -   30s
     0     0 368474.716    0  227          - 368474.716      -     -   30s
     0     0 368505.663    0  147          - 368505.663      -     -   33s
     0     0 368535.221    0  213          - 368535.221      -     -   33s
     0     0 368595.402    0  251          - 368595.402      -     -   33s
     0     0 368595.402    0  251          - 368595.402      -     -   33s
     0     0 368675.106    0  155          - 368675.106      -     -   38s
     0     0 368827.348    0  216          - 368827.348      -     -   38s
     0     0 368845.140    0  203          - 368845.140      -     -   39s
     0     0 368845.140    0  137          - 368845.140      -     -   44s
     0     0 368845.140    0  177          - 368845.140      -     -   45s
     0     0 368845.140    0  143          - 368845.140      -     -   49s
     0     0 368845.140    0  135          - 368845.140      -     -   50s
     0     0 368845.140    0  130          - 368845.140      -     -   54s
     0     0 368845.140    0  111          - 368845.140      -     -   55s
     0     2 368845.140    0  111          - 368845.140      -     -   67s
    15    32 368958.592    4  274          - 368845.140      -  1114   71s
    63    94 369033.865    6  349          - 368849.009      -   965   76s
    95   143 369023.948    7  288          - 368929.756      -  1349   81s
   232   323 369099.999    9  283          - 368987.332      -   968   86s
   358   447 657485.890   13  249          - 369035.383      -   919   94s
   451   511 369095.058   14  335          - 369038.949      -   859   99s
   521   566 369402.588   17  285          - 369053.379      -   959  105s
   578   609 369215.431   17  261          - 369064.908      -  1050  112s
   621   683 369197.138   16  202          - 369077.332      -  1173  117s
   695   979 369338.714   11  308          - 369095.058      -  1224  126s
   991  1262 369241.630   16  260          - 369095.065      -   986  134s
  1281  1697 369157.438   22  250          - 369101.227      -   823  139s
  1725  1842 369586.601    8  304          - 369108.988      -   679  144s
  1870  1962 379666.420   17  336          - 369118.137      -   678  148s
  1992  2043 369326.492    8  306          - 369127.545      -   691  155s
  2075  2197 369275.312   11  303          - 369133.891      -   718  160s
  2233  2449 369200.997   21  258          - 369146.685      -   730  170s
  2489  3632 369162.850   21  263          - 369156.262      -   705  179s
  3691  3633 369246.486   19  111          - 369157.863      -   513  181s
  3693  3634 369408.721   25  190          - 369157.863      -   513  190s
  3694  3635 369440.616   44  156          - 369157.863      -   513  196s
  3698  3638 369241.732   25  107          - 369177.232      -   512  206s
  3699  3638 538472.902   30  171          - 369179.453      -   512  210s
  3700  3639 369265.482    8  162          - 369179.669      -   512  219s
  3701  3640 377734.969   28  159          - 369264.174      -   512  222s
  3702  3640 369264.174    9  157          - 369264.174      -   512  230s
  3704  3642 369266.015   26  225          - 369266.015      -   511  240s
  3706  3643 369566.016   20  180          - 369268.161      -   511  252s
  3707  3644 538492.460   36  242          - 369269.873      -   511  256s
  3708  3644 369271.294   14  200          - 369271.294      -   511  261s
  3709  3645 369271.704   10  189          - 369271.704      -   511  266s
  3710  3646 369607.442   33  201          - 369272.342      -   511  272s
  3711  3646 369272.605   27  263          - 369272.605      -   510  278s
  3712  3647 369273.859   32  181          - 369273.859      -   510  289s

Cutting planes:
  Gomory: 12
  Lift-and-project: 8
  Cover: 11
  Implied bound: 109
  Clique: 1
  MIR: 6
  Flow cover: 14
  GUB cover: 26
  Zero half: 8
  BQP: 1

Explored 3712 nodes (2119346 simplex iterations) in 293.54 seconds (210.85 work units)
Thread count was 32 (of 8 available processors)

Solution count 0

Solve interrupted
Best objective -, best bound 3.692781804410e+05, gap -
