
Gurobi 12.0.3 (win64) logging started Mon Sep  7 19:28:03 2026

Set parameter LogFile to value "C:\Users\TECNO-MASTER\Desktop\Elmo_infrastructure_sizing_NP-\output\DCH_septiembre\Bateria_353\Costo_variable\Ventana_restringida\Carga_on_board_variable_3estaciones_P640kW_Descomp/station_3_d91_stage1\gurobi.log"
Set parameter Threads to value 1
Set parameter Heuristics to value 0.5
Set parameter MIPFocus to value 3
Set parameter Presolve to value 2
Set parameter FlowCoverCuts to value 2
Set parameter TimeLimit to value 1200
Gurobi Optimizer version 12.0.3 build v12.0.3rc0 (win64 - Windows 11+.0 (26200.2))

CPU model: Intel(R) Core(TM) i9-14900K, instruction set [SSE2|AVX|AVX2]
Thread count: 24 physical cores, 32 logical processors, using up to 1 threads

Non-default parameters:
TimeLimit  1200
MIPGap  0.05
Heuristics  0.5
MIPFocus  3
FlowCoverCuts  2
Presolve  2
Threads  1

Optimize a model with 23314 rows, 37249 columns and 111232 nonzeros
Model fingerprint: 0x963a1b8a
Variable types: 17323 continuous, 19926 integer (19925 binary)
Coefficient statistics:
  Matrix range     [1e-01, 6e+02]
  Objective range  [1e-02, 1e+05]
  Bounds range     [1e+00, 1e+00]
  RHS range        [1e+00, 1e+04]
Presolve removed 22108 rows and 28480 columns
Presolve time: 0.22s
Presolved: 1206 rows, 8769 columns, 26572 nonzeros
Variable types: 233 continuous, 8536 integer (8535 binary)
Root relaxation presolved: 1206 rows, 8769 columns, 26572 nonzeros


Use crossover to convert LP symmetric solution to basic solution...

Root relaxation: objective 1.631411e+05, 2942 iterations, 0.07 seconds (0.05 work units)

    Nodes    |    Current Node    |     Objective Bounds      |     Work
 Expl Unexpl |  Obj  Depth IntInf | Incumbent    BestBd   Gap | It/Node Time

     0     0 163141.069    0  117          - 163141.069      -     -    0s
H    0     0                    271392.65534 163141.069  39.9%     -    0s
H    0     0                    271382.08733 163141.069  39.9%     -    0s
H    0     0                    270573.83996 163141.069  39.7%     -    0s
H    0     0                    270406.23369 163141.069  39.7%     -    1s
     0     0 173944.430    0  151 270406.234 173944.430  35.7%     -    1s
H    0     0                    220956.29909 175087.639  20.8%     -    1s
H    0     0                    203747.20198 175087.639  14.1%     -    1s
H    0     0                    203656.68224 175087.639  14.0%     -    1s
H    0     0                    199506.79349 175087.639  12.2%     -    1s
H    0     0                    191230.04524 175087.639  8.44%     -    1s
H    0     0                    188265.92268 175087.639  7.00%     -    1s
H    0     0                    185892.39626 175087.639  5.81%     -    1s
H    0     0                    185887.22099 175087.639  5.81%     -    1s
     0     0          -    0      185887.221 178798.752  3.81%     -    2s

Cutting planes:
  Gomory: 3
  Cover: 4
  Implied bound: 1
  Projected implied bound: 6
  Clique: 35
  MIR: 22
  Mixing: 1
  Flow cover: 11
  GUB cover: 1
  BQP: 127

Explored 1 nodes (7748 simplex iterations) in 2.28 seconds (1.69 work units)
Thread count was 1 (of 32 available processors)

Solution count 10: 185887 185892 188266 ... 270574

Optimal solution found (tolerance 5.00e-02)
Best objective 1.858872209862e+05, best bound 1.787987522844e+05, gap 3.8133%
