
Gurobi 12.0.3 (win64) logging started Mon Oct 13 12:54:48 2025

Set parameter LogFile to value "ELMO_log.txt"
Set parameter Threads to value 32
Set parameter Heuristics to value 0.8
Gurobi Optimizer version 12.0.3 build v12.0.3rc0 (win64 - Windows 11+.0 (26200.2))

CPU model: Intel(R) Core(TM) i9-14900K, instruction set [SSE2|AVX|AVX2]
Thread count: 24 physical cores, 32 logical processors, using up to 32 threads

Non-default parameters:
MIPGap  0.05
Heuristics  0.8
Threads  32

Optimize a model with 11012 rows, 41494 columns and 78137 nonzeros
Model fingerprint: 0xd504bd7d
Variable types: 3088 continuous, 38406 integer (38403 binary)
Coefficient statistics:
  Matrix range     [5e-01, 1e+03]
  Objective range  [8e-01, 2e+05]
  Bounds range     [1e+00, 1e+00]
  RHS range        [1e+00, 2e+03]
Presolve removed 3984 rows and 29440 columns
Presolve time: 0.06s
Presolved: 7028 rows, 12054 columns, 40617 nonzeros
Variable types: 3024 continuous, 9030 integer (9028 binary)

Root relaxation: objective 2.230678e+05, 23729 iterations, 0.70 seconds (1.72 work units)

    Nodes    |    Current Node    |     Objective Bounds      |     Work
 Expl Unexpl |  Obj  Depth IntInf | Incumbent    BestBd   Gap | It/Node Time

     0     0 223067.773    0  672          - 223067.773      -     -    0s
H    0     0                    899324.25619 223178.649  75.2%     -    1s
     0     0 225216.915    0  769 899324.256 225216.915  75.0%     -    1s
H    0     0                    615324.25619 225366.056  63.4%     -    1s
     0     0 226792.572    0 1112 615324.256 226792.572  63.1%     -    1s
     0     0 227843.226    0 1074 615324.256 227843.226  63.0%     -    1s
     0     0 227843.226    0 1082 615324.256 227843.226  63.0%     -    1s
     0     0 227843.226    0 1082 615324.256 227843.226  63.0%     -    1s
     0     0 311136.017    0 1138 615324.256 311136.017  49.4%     -    3s
H    0     0                    598370.24246 311136.017  48.0%     -    3s
H    0     0                    597627.44938 311136.017  47.9%     -    3s
     0     0 311136.017    0 1073 597627.449 311136.017  47.9%     -    4s
     0     0 311136.017    0 1079 597627.449 311136.017  47.9%     -    4s
     0     0 311136.017    0 1080 597627.449 311136.017  47.9%     -    4s
     0     0 311136.017    0  730 597627.449 311136.017  47.9%     -    7s
     0     0 311136.017    0  633 597627.449 311136.017  47.9%     -    7s
H    0     0                    597518.35133 311136.017  47.9%     -    8s
H    0     0                    596560.73305 311136.017  47.8%     -    8s
H    0     0                    595637.62245 311136.017  47.8%     -    8s
H    0     0                    595607.70205 311136.017  47.8%     -    9s
H    0     0                    595572.26386 311136.017  47.8%     -    9s
H    0     0                    595492.82934 311136.017  47.8%     -   10s
H    0     0                    594979.45692 311136.017  47.7%     -   10s
H    0     0                    594900.43706 311136.017  47.7%     -   10s
H    0     0                    594221.31510 311136.017  47.6%     -   10s
H    0     0                    593618.25584 311136.017  47.6%     -   10s
H    0     0                    591796.10340 311136.017  47.4%     -   10s
H    0     0                    591473.91354 311136.017  47.4%     -   10s
H    0     0                    590497.57525 311136.017  47.3%     -   10s
H    0     0                    590284.12771 311136.017  47.3%     -   10s
H    0     0                    587971.33759 311136.017  47.1%     -   10s
H    0     0                    587308.44267 311136.017  47.0%     -   10s
H    0     2                    587167.03356 311136.017  47.0%     -   11s
     0     2 311136.017    0  614 587167.034 311136.017  47.0%     -   11s
H   29    52                    578010.90808 320119.179  44.6%  2424   14s
H   32    52                    576941.26692 320119.179  44.5%  2330   14s
H   33    52                    575541.39658 320119.179  44.4%  2309   14s
    87   116 320928.785    7  616 575541.397 320277.171  44.4%  1381   16s
   151   180 321027.752    8  619 575541.397 320277.171  44.4%   845   21s
H  222   256                    569324.69800 320277.171  43.7%   592   24s
H  230   256                    568388.70569 320277.171  43.7%   572   24s
H  246   256                    563163.09452 320277.171  43.1%   538   24s
   259   416 321277.437    9  588 563163.095 320277.171  43.1%   513   26s
H  419   506                    561634.61042 320277.171  43.0%   327   27s
H  432   506                    560937.94992 320277.171  42.9%   318   27s
H  437   506                    560868.98143 320277.171  42.9%   315   27s
H  456   506                    560754.49680 320277.171  42.9%   303   27s
H  738   835                    560110.41778 320277.171  42.8%   194   30s
H  752   835                    559693.63080 320277.171  42.8%   190   30s
H  761   835                    558895.13840 320277.171  42.7%   188   30s
H  840   867                    558471.48167 320277.171  42.7%   172   31s
H  853   867                    555736.05096 320277.171  42.4%   170   31s
H  854   867                    552064.11784 320277.171  42.0%   170   31s
H 1012  1027                    550867.68723 320277.171  41.9%   146   34s
H 1025  1027                    549819.17778 320277.171  41.7%   144   34s
  1030  1202 321160.122   20  591 549819.178 320277.171  41.7%   144   35s
H 1255  1257                    549402.07278 320277.171  41.7%   121   37s
  1405  1434 321156.649   22  586 549402.073 320277.171  41.7%   109   40s
H 1455  1466                    543448.10751 320277.171  41.1%   106   41s
  1469  1498 321156.772   23  586 543448.108 320277.171  41.1%   105   45s
H 1471  1498                    543329.29330 320277.171  41.1%   105   45s
H 1474  1498                    543245.33243 320277.171  41.0%   105   45s
H 1477  1498                    542832.89885 320277.171  41.0%   104   45s
H 1478  1498                    542647.70859 320277.171  41.0%   104   45s
H 1479  1498                    542224.46957 320277.171  40.9%   104   45s
H 1507  1530                    542204.73762 320277.171  40.9%   103   47s
H 1533  1562                    540842.43275 320277.171  40.8%   101   51s
H 1563  1562                    540612.53662 320277.171  40.8%  99.3   51s
  1865  1894 321419.390   28  575 540612.537 320277.171  40.8%  85.5   56s
H 1867  1894                    540588.28175 320277.171  40.8%  85.4   56s
H 1872  1894                    540485.53164 320277.171  40.7%  85.2   56s
H 1903  1926                    540468.70662 320277.171  40.7%  84.1   58s
  1929  2270 321266.019   28  578 540468.707 320277.171  40.7%  83.2   61s
H 2307  2330                    540402.43430 320277.171  40.7%  72.1   64s
H 2331  2330                    540301.55081 320277.171  40.7%  72.3   64s
H 2340  2359                    540017.61909 320277.171  40.7%  72.1   68s
H 2366  2359                    539606.98474 320277.171  40.6%  72.0   68s
  2373  2757 321266.019   34  583 539606.985 320277.171  40.6%  71.8   71s
H 2793  2789                    539606.82813 320696.021  40.6%  63.8   73s
H 2805  2789                    539578.12470 320696.021  40.6%  64.7   73s
  2812  3058 321627.290   39  585 539578.125 320696.021  40.6%  65.1   75s
H 3083  3090                    539422.87517 320696.021  40.5%  63.3   79s
H 3098  3090                    539399.44742 320696.021  40.5%  63.1   79s
H 3099  3090                    538815.73856 320696.021  40.5%  63.1   79s
  3113  3122 321627.255   43  583 538815.739 320696.021  40.5%  62.8   80s
  3407  3426 321627.255   47  581 538815.739 320696.021  40.5%  58.3   86s
H 3443  3426                    538474.62760 320696.021  40.4%  57.7   86s
  3449  3971 321627.261   47  582 538474.628 320696.021  40.4%  57.7   91s
  3994  4003 321652.860   59  563 538474.628 320696.021  40.4%  51.5   95s
H 3995  4003                    538374.23397 320696.021  40.4%  51.5   95s
H 4041  4035                    538367.60738 320696.021  40.4%  51.2   97s
  4058  4580 321665.266   58  572 538367.607 320696.021  40.4%  51.0  101s
  4603  5154 322056.330   68  548 538367.607 320696.021  40.4%  46.4  105s
H 5217  5216                    538363.79625 320696.021  40.4%  42.2  108s
H 5222  5216                    538303.18624 320696.021  40.4%  42.2  108s
H 5226  5216                    538303.14931 320696.021  40.4%  42.2  108s
H 5227  5216                    537706.99108 320696.021  40.4%  42.2  108s
H 5247  5246                    537706.99086 320696.021  40.4%  42.1  113s
H 5251  5246                    537706.09409 320696.021  40.4%  42.0  113s
H 5256  5246                    537690.12258 320696.021  40.4%  42.0  113s
H 5265  5246                    537365.19216 320696.021  40.3%  42.0  113s
H 5272  5246                    536736.93499 320696.021  40.3%  41.9  113s
  5281  5855 322056.358   82  545 536736.935 320696.021  40.3%  41.9  118s
  5932  5919 322133.241   93  545 536736.935 320696.021  40.3%  38.9  120s
H 6197  6170                    536715.86860 320696.021  40.2%  38.5  124s
  6221  6369 322427.925   96  539 536715.869 320696.021  40.2%  38.4  128s
H 6422  6631                    536420.97694 320696.021  40.2%  37.6  129s
H 6446  6631                    536230.66069 320696.021  40.2%  37.5  129s
H 6561  6631                    536217.03775 320696.021  40.2%  37.0  129s
H 6591  6631                    536026.51473 320696.021  40.2%  36.8  129s
  6684  7312 322424.535   98  537 536026.515 320696.021  40.2%  36.5  135s
H 7452  7405                    536025.61780 320696.021  40.2%  34.7  139s
H 7455  7405                    536025.43878 320696.021  40.2%  34.7  139s
H 7459  7405                    535999.93000 320696.021  40.2%  34.7  139s
  7482  7973 322422.272  106  543 535999.930 320696.021  40.2%  34.7  146s
H 7709  7973                    535980.02143 320696.021  40.2%  34.0  146s
H 7747  7973                    535968.40218 320696.021  40.2%  33.9  146s
H 7910  7973                    535926.89783 320706.096  40.2%  33.9  146s
  8146  8072 322746.986  117  527 535926.898 320706.096  40.2%  34.4  150s
  8214  8317 322764.463  118  522 535926.898 320706.096  40.2%  34.5  156s
  8426  8581 322764.463  119  523 535926.898 320706.096  40.2%  34.1  160s
H 8607  5926                    353565.99227 320706.096  9.29%  33.7  160s
  8690  6659 322764.463  119  524 353565.992 320706.096  9.29%  33.5  168s
  9651  7797 324116.340  129  497 353565.992 320706.096  9.29%  33.8  175s
H10812  7829                    351557.46719 320706.096  8.78%  32.8  179s
H10831  7829                    350945.12997 320706.096  8.62%  32.8  179s
 10841  7861 325852.161  147  478 350945.130 320706.096  8.62%  32.8  181s
H10851  7861                    350941.77239 320706.096  8.62%  32.8  181s
H10855  7861                    350922.40571 320706.096  8.61%  32.7  181s
H10856  7861                    350562.47423 320706.096  8.52%  32.8  181s
H10860  7861                    349203.46709 320706.096  8.16%  32.8  181s
 10873  9000 326402.885  149  489 349203.467 320706.096  8.16%  32.8  189s
 12031  9032 328307.909  165  466 349203.467 320713.964  8.16%  31.8  190s
H12037  9032                    349200.84131 320713.964  8.16%  31.8  190s
H12046  9032                    349200.08042 320713.964  8.16%  31.9  190s
H12047  9032                    348822.88738 320713.964  8.06%  31.9  190s
H12050  9032                    348257.80128 320713.964  7.91%  31.9  190s
 12063 10268 328279.747  165  470 348257.801 320713.964  7.91%  31.9  197s
H13325 10297                    347310.56965 320713.964  7.66%  31.0  199s
H13340 10297                    347277.90950 320713.964  7.65%  31.0  199s
H13343 10297                    343356.05435 320713.964  6.59%  31.1  199s
 13356 10327 329305.396  184  452 343356.054 320713.964  6.59%  31.1  202s
H13390 10359                    342848.87252 320713.964  6.46%  31.0  204s
H13393 10359                    342371.41392 320713.964  6.33%  31.0  204s
H13409 10359                    341919.41919 320713.964  6.20%  31.0  204s
 13422 11433 329306.300  186  444 341919.419 320713.964  6.20%  31.0  213s
H14121 11433                    341720.75701 320713.964  6.15%  30.7  213s
H14542 11422                    341720.04461 320713.964  6.15%  30.4  216s
H14542 11422                    341712.88567 320713.964  6.15%  30.4  216s
H14542 11417                    341573.37521 320713.964  6.11%  30.4  216s
H14542 11417                    341558.38697 320713.964  6.10%  30.4  216s
H14542 11416                    341284.35334 320713.964  6.03%  30.4  216s
H14544 10841                    341283.89101 320713.964  6.03%  30.4  221s
H14546 10300                    341282.86862 320713.964  6.03%  30.4  225s
H14546  9785                    341223.85054 320713.964  6.01%  30.4  225s
H14546  9295                    341223.59798 320713.964  6.01%  30.4  225s
H14546  8831                    341223.15894 320713.964  6.01%  30.4  225s
H14546  8389                    341221.39325 320713.964  6.01%  30.4  225s
H14546  7969                    341220.97104 320713.964  6.01%  30.4  225s
H14546  7571                    340541.89041 320713.964  5.82%  30.4  225s
H14546  7192                    339757.04454 320713.964  5.60%  30.4  225s
H14546  6833                    339634.89895 320713.964  5.57%  30.4  226s
H14547  6494                    339632.15232 320713.964  5.57%  31.9  226s
H14582  6219                    339367.27617 320713.964  5.50%  33.4  228s
H14584  5910                    339280.55090 320713.964  5.47%  33.4  228s
 14769  6036 320713.964   22  577 339280.551 320713.964  5.47%  33.1  230s
H14815  5759                    339229.59684 320713.964  5.46%  33.1  231s
H14816  5480                    339136.60636 320713.964  5.43%  33.1  231s
H14830  5211                    339060.28125 320713.964  5.41%  33.0  231s
H14833  4991                    338873.87520 320713.964  5.36%  33.0  233s
H14838  4751                    338810.07414 320713.964  5.34%  33.0  233s
H14839  4523                    337785.81679 320713.964  5.05%  33.0  233s
 15030  4657 320713.964   26  571 337785.817 320713.964  5.05%  32.9  235s
 15286  4827 320713.964   30  558 337785.817 320713.964  5.05%  33.3  240s
H15512  4775                    337341.69610 320713.964  4.93%  33.4  244s

Explored 15556 nodes (586212 simplex iterations) in 244.90 seconds (99.54 work units)
Thread count was 32 (of 32 available processors)

Solution count 10: 337342 337786 338810 ... 339632

Optimal solution found (tolerance 5.00e-02)
Best objective 3.373416960972e+05, best bound 3.207139644051e+05, gap 4.9290%
