
Gurobi 12.0.3 (win64) logging started Tue Jul  7 17:42:46 2026

Set parameter LogFile to value "output/DCH_taller_julio/Costo_variable/Ventana_restringida/Carga_on_board_320kW_Descomp_ventana_carga/station_3_d1\gurobi.log"
Set parameter Threads to value 5
Set parameter Heuristics to value 0.5
Set parameter MIPFocus to value 3
Set parameter Presolve to value 2
Set parameter FlowCoverCuts to value 2
Set parameter TimeLimit to value 172800
Gurobi Optimizer version 12.0.3 build v12.0.3rc0 (win64 - Windows 11+.0 (26200.2))

CPU model: Intel(R) Core(TM) i9-14900K, instruction set [SSE2|AVX|AVX2]
Thread count: 24 physical cores, 32 logical processors, using up to 5 threads

Non-default parameters:
TimeLimit  172800
MIPGap  0.01
Heuristics  0.5
MIPFocus  3
FlowCoverCuts  2
Presolve  2
Threads  5

Optimize a model with 23299 rows, 35809 columns and 110376 nonzeros
Model fingerprint: 0xe0b5a333
Variable types: 17323 continuous, 18486 integer (18485 binary)
Coefficient statistics:
  Matrix range     [1e-01, 3e+02]
  Objective range  [1e-02, 1e+02]
  Bounds range     [1e+00, 2e+00]
  RHS range        [1e+00, 1e+04]
Presolve removed 22256 rows and 27287 columns
Presolve time: 0.32s
Presolved: 1043 rows, 8522 columns, 25298 nonzeros
Variable types: 244 continuous, 8278 integer (8278 binary)
Root relaxation presolved: 1043 rows, 8522 columns, 25298 nonzeros


Use crossover to convert LP symmetric solution to basic solution...

Root relaxation: objective 2.197900e+05, 3153 iterations, 0.08 seconds (0.03 work units)

    Nodes    |    Current Node    |     Objective Bounds      |     Work
 Expl Unexpl |  Obj  Depth IntInf | Incumbent    BestBd   Gap | It/Node Time

     0     0 219789.991    0   50          - 219789.991      -     -    0s
H    0     0                    219844.38715 219789.991  0.02%     -    0s

Explored 1 nodes (4637 simplex iterations) in 0.94 seconds (0.36 work units)
Thread count was 5 (of 32 available processors)

Solution count 1: 219844 

Optimal solution found (tolerance 1.00e-02)
Best objective 2.198443871522e+05, best bound 2.197899912744e+05, gap 0.0247%
