
Gurobi 12.0.3 (win64) logging started Tue Jul  7 00:55:02 2026

Set parameter LogFile to value "output/DCH_taller_julio/Costo_fijo/Ventana_restringida/Carga_on_board_640kW_Descomp_ventana_carga/station_2_d335\gurobi.log"
Set parameter Threads to value 5
Set parameter Heuristics to value 0.5
Set parameter MIPFocus to value 3
Set parameter Presolve to value 2
Set parameter FlowCoverCuts to value 2
Set parameter TimeLimit to value 172800
Gurobi Optimizer version 12.0.3 build v12.0.3rc0 (win64 - Windows 11+.0 (26200.2))

CPU model: Intel(R) Core(TM) i9-14900K, instruction set [SSE2|AVX|AVX2]
Thread count: 24 physical cores, 32 logical processors, using up to 5 threads

Non-default parameters:
TimeLimit  172800
MIPGap  0.01
Heuristics  0.5
MIPFocus  3
FlowCoverCuts  2
Presolve  2
Threads  5

Optimize a model with 24301 rows, 37807 columns and 116406 nonzeros
Model fingerprint: 0x61971383
Variable types: 18325 continuous, 19482 integer (19481 binary)
Coefficient statistics:
  Matrix range     [1e-01, 6e+02]
  Objective range  [4e-01, 1e+02]
  Bounds range     [1e+00, 1e+00]
  RHS range        [1e+00, 1e+04]
Presolve removed 23207 rows and 28787 columns
Presolve time: 0.11s
Presolved: 1094 rows, 9020 columns, 27146 nonzeros
Variable types: 244 continuous, 8776 integer (8776 binary)
Root relaxation presolved: 1094 rows, 9020 columns, 27146 nonzeros


Use crossover to convert LP symmetric solution to basic solution...

Root relaxation: objective 3.102975e+05, 3157 iterations, 0.04 seconds (0.04 work units)

    Nodes    |    Current Node    |     Objective Bounds      |     Work
 Expl Unexpl |  Obj  Depth IntInf | Incumbent    BestBd   Gap | It/Node Time

     0     0 310297.527    0   72          - 310297.527      -     -    0s
     0     0 310314.087    0   44          - 310314.087      -     -    0s
     0     0 310314.256    0   75          - 310314.256      -     -    0s
     0     0 310314.256    0   58          - 310314.256      -     -    0s
H    0     0                    310327.61342 310314.256  0.00%     -    0s

Cutting planes:
  Gomory: 14
  Lift-and-project: 1
  Cover: 7
  Implied bound: 6
  Projected implied bound: 4
  Clique: 7
  MIR: 17
  Flow cover: 30
  Zero half: 9
  RLT: 8
  Relax-and-lift: 17
  BQP: 1
  PSD: 3

Explored 1 nodes (6403 simplex iterations) in 0.70 seconds (0.82 work units)
Thread count was 5 (of 32 available processors)

Solution count 1: 310328 

Optimal solution found (tolerance 1.00e-02)
Best objective 3.103276134232e+05, best bound 3.103142562319e+05, gap 0.0043%
