
Gurobi 12.0.3 (win64) logging started Tue Oct 14 12:50:41 2025

Set parameter LogFile to value "ELMO_log.txt"
Set parameter Threads to value 32
Set parameter Heuristics to value 0.8
Gurobi Optimizer version 12.0.3 build v12.0.3rc0 (win64 - Windows 11+.0 (26200.2))

CPU model: Intel(R) Core(TM) i9-14900K, instruction set [SSE2|AVX|AVX2]
Thread count: 24 physical cores, 32 logical processors, using up to 32 threads

Non-default parameters:
MIPGap  0.05
Heuristics  0.8
Threads  32

Optimize a model with 11015 rows, 41494 columns and 78146 nonzeros
Model fingerprint: 0x696cd8a9
Variable types: 3088 continuous, 38406 integer (38403 binary)
Coefficient statistics:
  Matrix range     [5e-01, 4e+02]
  Objective range  [8e-01, 2e+05]
  Bounds range     [1e+00, 1e+00]
  RHS range        [1e+00, 2e+03]
Presolve removed 3986 rows and 29440 columns
Presolve time: 0.07s
Presolved: 7029 rows, 12054 columns, 41199 nonzeros
Variable types: 3024 continuous, 9030 integer (9028 binary)

Root relaxation: objective 2.810919e+05, 13399 iterations, 0.21 seconds (0.55 work units)

    Nodes    |    Current Node    |     Objective Bounds      |     Work
 Expl Unexpl |  Obj  Depth IntInf | Incumbent    BestBd   Gap | It/Node Time

     0     0 281091.889    0  958          - 281091.889      -     -    0s
     0     0 379577.674    0  783          - 379577.674      -     -    2s
     0     0 379577.674    0  770          - 379577.674      -     -    2s
     0     0 379577.674    0  965          - 379577.674      -     -    2s
     0     0 381004.550    0  590          - 381004.550      -     -    2s
     0     0 381104.529    0  594          - 381104.529      -     -    2s
     0     0 381105.438    0  598          - 381105.438      -     -    2s
     0     0 381681.762    0  671          - 381681.762      -     -    2s
     0     0 381735.431    0  672          - 381735.431      -     -    2s
     0     0 381738.743    0  692          - 381738.743      -     -    2s
     0     0 382409.700    0  737          - 382409.700      -     -    3s
     0     0 382501.036    0  715          - 382501.036      -     -    3s
     0     0 382523.560    0  753          - 382523.560      -     -    3s
     0     0 382974.301    0  734          - 382974.301      -     -    3s
     0     0 382993.631    0  723          - 382993.631      -     -    3s
     0     0 383261.612    0  733          - 383261.612      -     -    3s
     0     0 383276.463    0  759          - 383276.463      -     -    3s
     0     0 384058.798    0  720          - 384058.798      -     -    3s
     0     0 384118.066    0  734          - 384118.066      -     -    3s
     0     0 384119.405    0  746          - 384119.405      -     -    3s
     0     0 384707.335    0  759          - 384707.335      -     -    3s
     0     0 384814.988    0  754          - 384814.988      -     -    3s
     0     0 384817.655    0  769          - 384817.655      -     -    3s
     0     0 384957.165    0  768          - 384957.165      -     -    4s
     0     0 384961.124    0  783          - 384961.124      -     -    4s
     0     0 385270.177    0  743          - 385270.177      -     -    4s
     0     0 385270.177    0  594          - 385270.177      -     -    4s
     0     0 385270.178    0  577          - 385270.178      -     -    9s
     0     0 385270.178    0  585          - 385270.178      -     -   10s
     0     0 385742.068    0  598          - 385742.068      -     -   10s
     0     0 385925.378    0  620          - 385925.378      -     -   10s
     0     0 385949.053    0  623          - 385949.053      -     -   10s
     0     0 385955.613    0  633          - 385955.613      -     -   10s
     0     0 385955.665    0  635          - 385955.665      -     -   10s
     0     0 386216.225    0  690          - 386216.225      -     -   11s
     0     0 386281.577    0  669          - 386281.577      -     -   11s
     0     0 386287.970    0  677          - 386287.970      -     -   11s
     0     0 386288.445    0  683          - 386288.445      -     -   11s
     0     0 386376.326    0  718          - 386376.326      -     -   11s
     0     0 386456.207    0  714          - 386456.207      -     -   11s
     0     0 386456.543    0  718          - 386456.543      -     -   11s
     0     0 386533.017    0  717          - 386533.017      -     -   11s
     0     0 386535.467    0  753          - 386535.467      -     -   11s
     0     0 386569.000    0  747          - 386569.000      -     -   11s
     0     0 386578.903    0  727          - 386578.903      -     -   11s
     0     0 386586.145    0  734          - 386586.145      -     -   11s
     0     0 386586.174    0  742          - 386586.174      -     -   11s
     0     0 386626.441    0  732          - 386626.441      -     -   11s
     0     0 386665.990    0  739          - 386665.990      -     -   11s
     0     0 386665.993    0  747          - 386665.993      -     -   11s
     0     0 386670.477    0  763          - 386670.477      -     -   11s
     0     0 386680.363    0  764          - 386680.363      -     -   11s
     0     0 386680.743    0  777          - 386680.743      -     -   11s
     0     0 386741.456    0  772          - 386741.456      -     -   11s
     0     0 386742.495    0  769          - 386742.495      -     -   11s
     0     0 386744.294    0  766          - 386744.294      -     -   11s
     0     0 386744.557    0  773          - 386744.557      -     -   11s
     0     0 386746.395    0  788          - 386746.395      -     -   11s
     0     0 386746.396    0  617          - 386746.396      -     -   12s
     0     2 386746.397    0  590          - 386746.397      -     -   18s
   721   774 387085.853   25  632          - 386746.616      -  39.2   20s
  6966  7318 390672.772  213  325          - 386746.617      -  46.8   25s
 14437 14170 388311.764   44  594          - 386747.161      -  43.6   30s
 14439 14171 389724.238   86  562          - 387525.671      -  43.5   35s
 14482 14200 389460.034  105  739          - 388665.673      -  43.4   40s
 14552 14247 388928.608   40  731          - 388928.608      -  43.2   45s
 14603 14282 389526.096  106  562          - 389016.568      -  45.6   54s
 14604 14283 389016.568  100  678          - 389016.568      -  45.6   55s
 14652 14316 389048.415   40  562          - 389048.415      -  47.1   61s
 14708 14354 390955.644  179  721          - 389575.385      -  46.9   65s
 14747 14381 389682.858   27  607          - 389682.858      -  48.7   70s
 14795 14413 393484.943  293  717          - 389726.467      -  48.5   75s
 14823 14432 389735.877   62  562          - 389735.877      -  50.0   81s
 14848 14449 390068.195  127  717          - 389739.787      -  49.9   85s
 14856 14454 391776.494  277  711          - 389740.184      -  49.9  103s
 14863 14468 389740.629   58  700          - 389740.629      -  53.0  105s
H15242 14023                    427767.86294 389741.213  8.89%  53.8  110s
H15282 13354                    410984.29662 389741.213  5.17%  53.9  111s
H15302 12695                    410629.26067 389741.213  5.09%  54.1  111s
H15308 12112                    410040.67318 389741.213  4.95%  54.1  111s
H15310 11522                    409067.58073 389741.213  4.72%  54.1  111s
H15345 10950                    408490.87824 389741.213  4.59%  54.3  111s

Cutting planes:
  Gomory: 109
  Cover: 1
  Implied bound: 10
  MIR: 175
  Mixing: 5
  StrongCG: 1
  Flow cover: 189
  GUB cover: 3
  Zero half: 2
  Relax-and-lift: 35

Explored 15347 nodes (870559 simplex iterations) in 111.50 seconds (108.52 work units)
Thread count was 32 (of 32 available processors)

Solution count 6: 408491 409068 410041 ... 427768

Optimal solution found (tolerance 5.00e-02)
Best objective 4.084908782433e+05, best bound 3.897412133763e+05, gap 4.5900%
