Detectados 12 dias: ['1', '32', '60', '91', '121', '152', '182', '213', '244', '274', '305', '335']
  dia 1: ['station_1_d1', 'station_2_d1', 'station_3_d1']
    combinado en: output\DCH_agosto\Costo_fijo\Carga_libre\Carga_on_board_fixed_3estaciones_P640kW_Descomp\combined\day_1
ℹ️ No hay perfiles de emisiones eléctricas. Omitiendo 'Emission Profile'.
INFO: Faltan G_g.json o parameters.json — omitiendo perfil de capacidad solar.
INFO: No hay A_h.json — omitiendo gráfico de estado BESS.
✔ Plots guardados en 'output\DCH_agosto\Costo_fijo\Carga_libre\Carga_on_board_fixed_3estaciones_P640kW_Descomp\combined\day_1\plots'.
Listo: output\DCH_agosto\Costo_fijo\Carga_libre\Carga_on_board_fixed_3estaciones_P640kW_Descomp\combined\day_1\plots
  dia 32: ['station_1_d32', 'station_2_d32', 'station_3_d32']
    combinado en: output\DCH_agosto\Costo_fijo\Carga_libre\Carga_on_board_fixed_3estaciones_P640kW_Descomp\combined\day_32
ℹ️ No hay perfiles de emisiones eléctricas. Omitiendo 'Emission Profile'.
INFO: Faltan G_g.json o parameters.json — omitiendo perfil de capacidad solar.
INFO: No hay A_h.json — omitiendo gráfico de estado BESS.
✔ Plots guardados en 'output\DCH_agosto\Costo_fijo\Carga_libre\Carga_on_board_fixed_3estaciones_P640kW_Descomp\combined\day_32\plots'.
Listo: output\DCH_agosto\Costo_fijo\Carga_libre\Carga_on_board_fixed_3estaciones_P640kW_Descomp\combined\day_32\plots
  dia 60: ['station_1_d60', 'station_2_d60', 'station_3_d60']
    combinado en: output\DCH_agosto\Costo_fijo\Carga_libre\Carga_on_board_fixed_3estaciones_P640kW_Descomp\combined\day_60
ℹ️ No hay perfiles de emisiones eléctricas. Omitiendo 'Emission Profile'.
INFO: Faltan G_g.json o parameters.json — omitiendo perfil de capacidad solar.
INFO: No hay A_h.json — omitiendo gráfico de estado BESS.
✔ Plots guardados en 'output\DCH_agosto\Costo_fijo\Carga_libre\Carga_on_board_fixed_3estaciones_P640kW_Descomp\combined\day_60\plots'.
Listo: output\DCH_agosto\Costo_fijo\Carga_libre\Carga_on_board_fixed_3estaciones_P640kW_Descomp\combined\day_60\plots
  dia 91: ['station_1_d91', 'station_2_d91', 'station_3_d91']
    combinado en: output\DCH_agosto\Costo_fijo\Carga_libre\Carga_on_board_fixed_3estaciones_P640kW_Descomp\combined\day_91
ℹ️ No hay perfiles de emisiones eléctricas. Omitiendo 'Emission Profile'.
INFO: Faltan G_g.json o parameters.json — omitiendo perfil de capacidad solar.
INFO: No hay A_h.json — omitiendo gráfico de estado BESS.
✔ Plots guardados en 'output\DCH_agosto\Costo_fijo\Carga_libre\Carga_on_board_fixed_3estaciones_P640kW_Descomp\combined\day_91\plots'.
Listo: output\DCH_agosto\Costo_fijo\Carga_libre\Carga_on_board_fixed_3estaciones_P640kW_Descomp\combined\day_91\plots
  dia 121: ['station_1_d121', 'station_2_d121', 'station_3_d121']
    combinado en: output\DCH_agosto\Costo_fijo\Carga_libre\Carga_on_board_fixed_3estaciones_P640kW_Descomp\combined\day_121
ℹ️ No hay perfiles de emisiones eléctricas. Omitiendo 'Emission Profile'.
INFO: Faltan G_g.json o parameters.json — omitiendo perfil de capacidad solar.
INFO: No hay A_h.json — omitiendo gráfico de estado BESS.
✔ Plots guardados en 'output\DCH_agosto\Costo_fijo\Carga_libre\Carga_on_board_fixed_3estaciones_P640kW_Descomp\combined\day_121\plots'.
Listo: output\DCH_agosto\Costo_fijo\Carga_libre\Carga_on_board_fixed_3estaciones_P640kW_Descomp\combined\day_121\plots
  dia 152: ['station_1_d152', 'station_2_d152', 'station_3_d152']
    combinado en: output\DCH_agosto\Costo_fijo\Carga_libre\Carga_on_board_fixed_3estaciones_P640kW_Descomp\combined\day_152
ℹ️ No hay perfiles de emisiones eléctricas. Omitiendo 'Emission Profile'.
INFO: Faltan G_g.json o parameters.json — omitiendo perfil de capacidad solar.
INFO: No hay A_h.json — omitiendo gráfico de estado BESS.
✔ Plots guardados en 'output\DCH_agosto\Costo_fijo\Carga_libre\Carga_on_board_fixed_3estaciones_P640kW_Descomp\combined\day_152\plots'.
Listo: output\DCH_agosto\Costo_fijo\Carga_libre\Carga_on_board_fixed_3estaciones_P640kW_Descomp\combined\day_152\plots
  dia 182: ['station_1_d182', 'station_2_d182', 'station_3_d182']
    combinado en: output\DCH_agosto\Costo_fijo\Carga_libre\Carga_on_board_fixed_3estaciones_P640kW_Descomp\combined\day_182
ℹ️ No hay perfiles de emisiones eléctricas. Omitiendo 'Emission Profile'.
INFO: Faltan G_g.json o parameters.json — omitiendo perfil de capacidad solar.
INFO: No hay A_h.json — omitiendo gráfico de estado BESS.
✔ Plots guardados en 'output\DCH_agosto\Costo_fijo\Carga_libre\Carga_on_board_fixed_3estaciones_P640kW_Descomp\combined\day_182\plots'.
Listo: output\DCH_agosto\Costo_fijo\Carga_libre\Carga_on_board_fixed_3estaciones_P640kW_Descomp\combined\day_182\plots
  dia 213: ['station_1_d213', 'station_2_d213', 'station_3_d213']
    combinado en: output\DCH_agosto\Costo_fijo\Carga_libre\Carga_on_board_fixed_3estaciones_P640kW_Descomp\combined\day_213
ℹ️ No hay perfiles de emisiones eléctricas. Omitiendo 'Emission Profile'.
INFO: Faltan G_g.json o parameters.json — omitiendo perfil de capacidad solar.
INFO: No hay A_h.json — omitiendo gráfico de estado BESS.
✔ Plots guardados en 'output\DCH_agosto\Costo_fijo\Carga_libre\Carga_on_board_fixed_3estaciones_P640kW_Descomp\combined\day_213\plots'.
Listo: output\DCH_agosto\Costo_fijo\Carga_libre\Carga_on_board_fixed_3estaciones_P640kW_Descomp\combined\day_213\plots
  dia 244: ['station_1_d244', 'station_2_d244', 'station_3_d244']
    combinado en: output\DCH_agosto\Costo_fijo\Carga_libre\Carga_on_board_fixed_3estaciones_P640kW_Descomp\combined\day_244
ℹ️ No hay perfiles de emisiones eléctricas. Omitiendo 'Emission Profile'.
INFO: Faltan G_g.json o parameters.json — omitiendo perfil de capacidad solar.
INFO: No hay A_h.json — omitiendo gráfico de estado BESS.
✔ Plots guardados en 'output\DCH_agosto\Costo_fijo\Carga_libre\Carga_on_board_fixed_3estaciones_P640kW_Descomp\combined\day_244\plots'.
Listo: output\DCH_agosto\Costo_fijo\Carga_libre\Carga_on_board_fixed_3estaciones_P640kW_Descomp\combined\day_244\plots
  dia 274: ['station_1_d274', 'station_2_d274', 'station_3_d274']
    combinado en: output\DCH_agosto\Costo_fijo\Carga_libre\Carga_on_board_fixed_3estaciones_P640kW_Descomp\combined\day_274
ℹ️ No hay perfiles de emisiones eléctricas. Omitiendo 'Emission Profile'.
INFO: Faltan G_g.json o parameters.json — omitiendo perfil de capacidad solar.
INFO: No hay A_h.json — omitiendo gráfico de estado BESS.
✔ Plots guardados en 'output\DCH_agosto\Costo_fijo\Carga_libre\Carga_on_board_fixed_3estaciones_P640kW_Descomp\combined\day_274\plots'.
Listo: output\DCH_agosto\Costo_fijo\Carga_libre\Carga_on_board_fixed_3estaciones_P640kW_Descomp\combined\day_274\plots
  dia 305: ['station_1_d305', 'station_2_d305', 'station_3_d305']
    combinado en: output\DCH_agosto\Costo_fijo\Carga_libre\Carga_on_board_fixed_3estaciones_P640kW_Descomp\combined\day_305
ℹ️ No hay perfiles de emisiones eléctricas. Omitiendo 'Emission Profile'.
INFO: Faltan G_g.json o parameters.json — omitiendo perfil de capacidad solar.
INFO: No hay A_h.json — omitiendo gráfico de estado BESS.
✔ Plots guardados en 'output\DCH_agosto\Costo_fijo\Carga_libre\Carga_on_board_fixed_3estaciones_P640kW_Descomp\combined\day_305\plots'.
Listo: output\DCH_agosto\Costo_fijo\Carga_libre\Carga_on_board_fixed_3estaciones_P640kW_Descomp\combined\day_305\plots
  dia 335: ['station_1_d335', 'station_2_d335', 'station_3_d335']
    combinado en: output\DCH_agosto\Costo_fijo\Carga_libre\Carga_on_board_fixed_3estaciones_P640kW_Descomp\combined\day_335
ℹ️ No hay perfiles de emisiones eléctricas. Omitiendo 'Emission Profile'.
INFO: Faltan G_g.json o parameters.json — omitiendo perfil de capacidad solar.
INFO: No hay A_h.json — omitiendo gráfico de estado BESS.
✔ Plots guardados en 'output\DCH_agosto\Costo_fijo\Carga_libre\Carga_on_board_fixed_3estaciones_P640kW_Descomp\combined\day_335\plots'.
Listo: output\DCH_agosto\Costo_fijo\Carga_libre\Carga_on_board_fixed_3estaciones_P640kW_Descomp\combined\day_335\plots
