
Gurobi 12.0.0 (win64) logging started Mon Sep  7 03:56:27 2026

Set parameter LogFile to value "C:\Users\TECNO-MASTER\Desktop\Elmo_infrastructure_sizing_NP-\output\DCH_septiembre\Bateria_482\Costo_variable\Carga_libre\Carga_on_board_variable_3estaciones_P160kW_Descomp/station_2_d182_stage1\gurobi.log"
Set parameter Threads to value 1
Set parameter Heuristics to value 0.5
Set parameter MIPFocus to value 3
Set parameter Presolve to value 2
Set parameter FlowCoverCuts to value 2
Set parameter TimeLimit to value 1200
Gurobi Optimizer version 12.0.0 build v12.0.0rc1 (win64 - Windows 11+.0 (26200.2))

CPU model: Intel(R) Core(TM) i9-14900K, instruction set [SSE2|AVX|AVX2]
Thread count: 24 physical cores, 32 logical processors, using up to 1 threads

Non-default parameters:
TimeLimit  1200
MIPGap  0.05
Heuristics  0.5
MIPFocus  3
FlowCoverCuts  2
Presolve  2
Threads  1

Optimize a model with 23772 rows, 39247 columns and 116710 nonzeros
Model fingerprint: 0x4a95ecd5
Variable types: 18325 continuous, 20922 integer (20921 binary)
Coefficient statistics:
  Matrix range     [1e-01, 2e+02]
  Objective range  [1e-02, 6e+04]
  Bounds range     [1e+00, 1e+00]
  RHS range        [1e+00, 1e+04]
Presolve removed 20947 rows and 28432 columns
Presolve time: 0.26s
Presolved: 2825 rows, 10815 columns, 33077 nonzeros
Variable types: 841 continuous, 9974 integer (9973 binary)
Root relaxation presolved: 2825 rows, 10815 columns, 33077 nonzeros


Root relaxation: objective 1.423057e+05, 6797 iterations, 0.95 seconds (1.03 work units)

    Nodes    |    Current Node    |     Objective Bounds      |     Work
 Expl Unexpl |  Obj  Depth IntInf | Incumbent    BestBd   Gap | It/Node Time

     0     0 142305.743    0  460          - 142305.743      -     -    2s
     0     0 151300.025    0  391          - 151300.025      -     -    2s
     0     0 154838.434    0  277          - 154838.434      -     -    4s
     0     0 156459.503    0  285          - 156459.503      -     -    4s
     0     0 156490.552    0  233          - 156490.552      -     -    5s
     0     0 156490.552    0  241          - 156490.552      -     -    7s
     0     0 156490.552    0  241          - 156490.552      -     -    9s
     0     0 156490.552    0  222          - 156490.552      -     -    9s
H    0     0                    168741.25519 156490.552  7.26%     -    9s
H    0     0                    168177.03659 156490.552  6.95%     -   10s
H    0     0                    168125.33645 156490.552  6.92%     -   10s
H    0     0                    168106.40292 156490.552  6.91%     -   10s
H    0     0                    168016.82025 156490.552  6.86%     -   10s
H    0     0                    167943.46633 156490.552  6.82%     -   10s
H    0     0                    167824.63938 156490.552  6.75%     -   10s
     0     2 156523.977    0  222 167824.639 156523.977  6.73%     -   10s

Cutting planes:
  Gomory: 10
  Cover: 17
  Clique: 10
  Flow cover: 5
  Zero half: 102
  Relax-and-lift: 22
  BQP: 1

Explored 3 nodes (32872 simplex iterations) in 10.90 seconds (9.88 work units)
Thread count was 1 (of 32 available processors)

Solution count 7: 167825 167943 168017 ... 168741

Optimal solution found (tolerance 5.00e-02)
Best objective 1.678246393803e+05, best bound 1.638575313922e+05, gap 2.3638%
