
Gurobi 12.0.3 (win64) logging started Sun Aug 23 17:22:01 2026

Set parameter LogFile to value "C:\Users\TECNO-MASTER\Desktop\Elmo_infrastructure_sizing_NP-\output\DCH_agosto\Costo_variable\Ventana_restringida\Carga_on_board_variable_3estaciones_P1000kW_Descomp/station_1_d121_stage1\gurobi.log"
Set parameter Threads to value 1
Set parameter Heuristics to value 0.5
Set parameter MIPFocus to value 3
Set parameter Presolve to value 2
Set parameter FlowCoverCuts to value 2
Set parameter TimeLimit to value 172800
Gurobi Optimizer version 12.0.3 build v12.0.3rc0 (win64 - Windows 11+.0 (26200.2))

CPU model: Intel(R) Core(TM) i9-14900K, instruction set [SSE2|AVX|AVX2]
Thread count: 24 physical cores, 32 logical processors, using up to 1 threads

Non-default parameters:
TimeLimit  172800
MIPGap  0.01
Heuristics  0.5
MIPFocus  3
FlowCoverCuts  2
Presolve  2
Threads  1

Optimize a model with 23314 rows, 37249 columns and 111230 nonzeros
Model fingerprint: 0x9a344f5c
Variable types: 17323 continuous, 19926 integer (19925 binary)
Coefficient statistics:
  Matrix range     [1e-01, 1e+03]
  Objective range  [8e-03, 2e+05]
  Bounds range     [1e+00, 3e+00]
  RHS range        [1e+00, 1e+04]
Presolve removed 22108 rows and 28486 columns
Presolve time: 0.19s
Presolved: 1206 rows, 8763 columns, 27242 nonzeros
Variable types: 233 continuous, 8530 integer (8443 binary)
Root relaxation presolved: 1206 rows, 8763 columns, 27242 nonzeros


Use crossover to convert LP symmetric solution to basic solution...

Root relaxation: objective 1.332613e+05, 3075 iterations, 0.06 seconds (0.05 work units)

    Nodes    |    Current Node    |     Objective Bounds      |     Work
 Expl Unexpl |  Obj  Depth IntInf | Incumbent    BestBd   Gap | It/Node Time

     0     0 133261.344    0  153          - 133261.344      -     -    0s
     0     0 153975.750    0  137          - 153975.750      -     -    1s
H    0     0                    404625.28156 153975.750  61.9%     -    1s
H    0     0                    401092.45955 156956.877  60.9%     -    1s
H    0     0                    271713.25587 156956.877  42.2%     -    1s
H    0     0                    246859.51935 156956.877  36.4%     -    1s
H    0     0                    242019.83653 156956.877  35.1%     -    1s
H    0     0                    242019.78097 156956.877  35.1%     -    1s
H    0     0                    242013.04391 156956.877  35.1%     -    1s
H    0     0                    241999.60120 156956.877  35.1%     -    1s
     0     0 156956.877    0  127 241999.601 156956.877  35.1%     -    1s
     0     0 156956.877    0  131 241999.601 156956.877  35.1%     -    2s
H    0     0                    240195.67490 156956.877  34.7%     -    2s
H    0     0                    235714.12784 156956.877  33.4%     -    2s
H    0     0                    234264.30932 156956.877  33.0%     -    2s
H    0     0                    234236.85111 156956.877  33.0%     -    2s
H    0     0                    233829.14907 156956.877  32.9%     -    2s
     0     0 156956.877    0  133 233829.149 156956.877  32.9%     -    2s
     0     0 156956.877    0  129 233829.149 156956.877  32.9%     -    3s
H    0     0                    228483.97465 156956.877  31.3%     -    3s
H    0     0                    228474.15463 156956.877  31.3%     -    3s
H    0     0                    223165.30909 156956.877  29.7%     -    3s
H    0     0                    222506.45219 156956.877  29.5%     -    3s
H    0     0                    222496.37976 156956.877  29.5%     -    3s
     0     0 156956.877    0  137 222496.380 156956.877  29.5%     -    3s
     0     0 156956.877    0  128 222496.380 156956.877  29.5%     -    4s
H    0     0                    220826.67548 156956.877  28.9%     -    4s
H    0     0                    219312.33219 156956.877  28.4%     -    4s
H    0     0                    219264.05491 156956.877  28.4%     -    4s
     0     0 156956.877    0  135 219264.055 156956.877  28.4%     -    4s
     0     0 156956.877    0  138 219264.055 156956.877  28.4%     -    5s
     0     0 156956.877    0  123 219264.055 156956.877  28.4%     -    5s
H    0     0                    219258.29554 156956.877  28.4%     -    5s
H    0     0                    219251.24878 156956.877  28.4%     -    5s
H    0     0                    218017.46158 156956.877  28.0%     -    5s
H    0     0                    217859.58071 156956.877  28.0%     -    6s
     0     2 161464.816    0  123 217859.581 161464.816  25.9%     -    6s
H    8     6                    215714.10668 214315.257  0.65%   782    6s

Cutting planes:
  Gomory: 3
  Cover: 21
  Implied bound: 20
  Clique: 3
  MIR: 143
  Mixing: 21
  Flow cover: 202
  Zero half: 26
  RLT: 2
  Relax-and-lift: 34

Explored 9 nodes (23267 simplex iterations) in 6.55 seconds (6.60 work units)
Thread count was 1 (of 32 available processors)

Solution count 10: 215714 217860 218017 ... 222506

Optimal solution found (tolerance 1.00e-02)
Best objective 2.157141066794e+05, best bound 2.143152573622e+05, gap 0.6485%
