
Gurobi 12.0.3 (win64) logging started Sun Aug 23 17:22:01 2026

Set parameter LogFile to value "C:\Users\TECNO-MASTER\Desktop\Elmo_infrastructure_sizing_NP-\output\DCH_agosto\Costo_variable\Ventana_restringida\Carga_on_board_variable_3estaciones_P1000kW_Descomp/station_1_d152_stage1\gurobi.log"
Set parameter Threads to value 1
Set parameter Heuristics to value 0.5
Set parameter MIPFocus to value 3
Set parameter Presolve to value 2
Set parameter FlowCoverCuts to value 2
Set parameter TimeLimit to value 172800
Gurobi Optimizer version 12.0.3 build v12.0.3rc0 (win64 - Windows 11+.0 (26200.2))

CPU model: Intel(R) Core(TM) i9-14900K, instruction set [SSE2|AVX|AVX2]
Thread count: 24 physical cores, 32 logical processors, using up to 1 threads

Non-default parameters:
TimeLimit  172800
MIPGap  0.01
Heuristics  0.5
MIPFocus  3
FlowCoverCuts  2
Presolve  2
Threads  1

Optimize a model with 23314 rows, 37249 columns and 111230 nonzeros
Model fingerprint: 0x40cc0fd6
Variable types: 17323 continuous, 19926 integer (19925 binary)
Coefficient statistics:
  Matrix range     [1e-01, 1e+03]
  Objective range  [1e-02, 2e+05]
  Bounds range     [1e+00, 3e+00]
  RHS range        [1e+00, 1e+04]
Presolve removed 22108 rows and 28486 columns
Presolve time: 0.18s
Presolved: 1206 rows, 8763 columns, 27242 nonzeros
Variable types: 233 continuous, 8530 integer (8443 binary)
Root relaxation presolved: 1206 rows, 8763 columns, 27242 nonzeros


Use crossover to convert LP symmetric solution to basic solution...

Root relaxation: objective 1.357716e+05, 3052 iterations, 0.06 seconds (0.05 work units)

    Nodes    |    Current Node    |     Objective Bounds      |     Work
 Expl Unexpl |  Obj  Depth IntInf | Incumbent    BestBd   Gap | It/Node Time

     0     0 135771.598    0  160          - 135771.598      -     -    0s
     0     0 155622.232    0  120          - 155622.232      -     -    1s
     0     0 156958.684    0  118          - 156958.684      -     -    1s
     0     0 158047.853    0  131          - 158047.853      -     -    1s
H    0     0                    415844.19761 158047.853  62.0%     -    2s
H    0     0                    412123.80969 158047.853  61.7%     -    2s
H    0     0                    411843.66266 158047.853  61.6%     -    2s
H    0     0                    411118.95534 158047.853  61.6%     -    2s
H    0     0                    260390.81221 158047.853  39.3%     -    2s
H    0     0                    260388.78217 158047.853  39.3%     -    2s
H    0     0                    260221.98780 158047.853  39.3%     -    2s
H    0     0                    260219.79178 158047.853  39.3%     -    2s
     0     0 158047.853    0  131 260219.792 158047.853  39.3%     -    2s
     0     0 158047.853    0  141 260219.792 158047.853  39.3%     -    3s
H    0     0                    259445.80130 158047.853  39.1%     -    3s
H    0     0                    258200.78682 158047.853  38.8%     -    3s
H    0     0                    258010.97719 158047.853  38.7%     -    3s
H    0     0                    255752.75692 158047.853  38.2%     -    3s
H    0     0                    255312.38669 158047.853  38.1%     -    3s
     0     0 158047.853    0  146 255312.387 158047.853  38.1%     -    3s
     0     0 158047.853    0  142 255312.387 158047.853  38.1%     -    4s
H    0     0                    252819.36641 158047.853  37.5%     -    4s
     0     0 158047.853    0  162 252819.366 158047.853  37.5%     -    4s
     0     0 158047.853    0  152 252819.366 158047.853  37.5%     -    5s
     0     0 158047.853    0  152 252819.366 158047.853  37.5%     -    5s
H    0     0                    252769.26690 158047.853  37.5%     -    6s
H    0     0                    252762.20977 158047.853  37.5%     -    6s
H    0     0                    252745.09206 158047.853  37.5%     -    7s
H    0     0                    252742.22755 158047.853  37.5%     -    7s
H    0     0                    252725.97865 158047.853  37.5%     -    7s
H    0     0                    252705.82888 158047.853  37.5%     -    7s
H    0     0                    251539.20351 158047.853  37.2%     -    7s
H    0     0                    250987.51214 158047.853  37.0%     -    7s
H    0     0                    250912.06698 158047.853  37.0%     -    7s
H    0     0                    249873.01973 158047.853  36.7%     -    8s
     0     2 168350.852    0  137 249873.020 168350.852  32.6%     -    8s
H    3     1                    230495.77567 215542.474  6.49%  1486    8s
H    9     7                    230145.68031 215542.474  6.35%   812    9s
H    9     7                    226629.99635 215542.474  4.89%   812    9s
H   11     9                    216506.21199 215542.474  0.45%   885    9s

Cutting planes:
  Gomory: 9
  Lift-and-project: 15
  Cover: 18
  Implied bound: 38
  Projected implied bound: 2
  Clique: 15
  MIR: 208
  Mixing: 22
  StrongCG: 2
  Flow cover: 278
  Zero half: 36
  RLT: 2
  Relax-and-lift: 31

Explored 12 nodes (26728 simplex iterations) in 9.51 seconds (9.05 work units)
Thread count was 1 (of 32 available processors)

Solution count 10: 216506 226630 230146 ... 252726

Optimal solution found (tolerance 1.00e-02)
Best objective 2.165062119862e+05, best bound 2.155424738406e+05, gap 0.4451%
