
Gurobi 12.0.0 (win64) logging started Mon Sep  7 03:57:15 2026

Set parameter LogFile to value "C:\Users\TECNO-MASTER\Desktop\Elmo_infrastructure_sizing_NP-\output\DCH_septiembre\Bateria_482\Costo_variable\Carga_libre\Carga_on_board_variable_3estaciones_P160kW_Descomp/station_1_d152\gurobi.log"
Set parameter Threads to value 1
Set parameter Heuristics to value 0.5
Set parameter MIPFocus to value 3
Set parameter Presolve to value 2
Set parameter FlowCoverCuts to value 2
Set parameter TimeLimit to value 1200
Gurobi Optimizer version 12.0.0 build v12.0.0rc1 (win64 - Windows 11+.0 (26200.2))

CPU model: Intel(R) Core(TM) i9-14900K, instruction set [SSE2|AVX|AVX2]
Thread count: 24 physical cores, 32 logical processors, using up to 1 threads

Non-default parameters:
TimeLimit  1200
MIPGap  0.05
Heuristics  0.5
MIPFocus  3
FlowCoverCuts  2
Presolve  2
Threads  1

Optimize a model with 22770 rows, 37249 columns and 109784 nonzeros
Model fingerprint: 0x15073364
Variable types: 17323 continuous, 19926 integer (19925 binary)
Coefficient statistics:
  Matrix range     [1e-01, 2e+02]
  Objective range  [1e-02, 1e+02]
  Bounds range     [1e+00, 2e+00]
  RHS range        [1e+00, 1e+04]
Presolve removed 20416 rows and 26952 columns
Presolve time: 0.19s
Presolved: 2354 rows, 10297 columns, 30484 nonzeros
Variable types: 841 continuous, 9456 integer (9456 binary)
Root relaxation presolved: 2354 rows, 10297 columns, 30484 nonzeros


Root relaxation: objective 1.555008e+05, 3818 iterations, 0.16 seconds (0.16 work units)

    Nodes    |    Current Node    |     Objective Bounds      |     Work
 Expl Unexpl |  Obj  Depth IntInf | Incumbent    BestBd   Gap | It/Node Time

     0     0 155500.800    0   63          - 155500.800      -     -    1s
     0     0 155507.726    0   33          - 155507.726      -     -    1s
     0     0 155507.726    0   62          - 155507.726      -     -    2s
     0     0 155507.726    0   68          - 155507.726      -     -    2s
     0     0 155507.726    0   12          - 155507.726      -     -    3s
     0     0 155507.726    0   31          - 155507.726      -     -    3s
     0     0 155507.726    0   15          - 155507.726      -     -    4s
     0     0 155507.726    0   24          - 155507.726      -     -    4s
     0     0 155507.726    0   28          - 155507.726      -     -    4s
H    0     0                    173394.69483 155507.726  10.3%     -    5s
     0     0 155507.726    0   21 173394.695 155507.726  10.3%     -    5s
H    0     0                    156590.86411 155507.726  0.69%     -    5s

Cutting planes:
  Gomory: 3
  Lift-and-project: 5
  Cover: 7
  Implied bound: 1
  Clique: 2
  Flow cover: 4
  Zero half: 3
  RLT: 2
  Relax-and-lift: 11
  PSD: 5

Explored 1 nodes (21899 simplex iterations) in 5.31 seconds (4.77 work units)
Thread count was 1 (of 32 available processors)

Solution count 2: 156591 173395 

Optimal solution found (tolerance 5.00e-02)
Best objective 1.565908641137e+05, best bound 1.555077258099e+05, gap 0.6917%
