
Gurobi 10.0.0 (win64) logging started Mon Sep 28 14:55:35 2026

Set parameter LogFile to value "output/Resultados_finales_tesis/Mina_modelo/estab_4anios_A_sin_caja/op_bound_gurobi.log"
Set parameter LogToConsole to value 0
Set parameter TimeLimit to value 5400
Set parameter MIPGap to value 0.01
Gurobi Optimizer version 10.0.0 build v10.0.0rc2 (win64)

CPU model: Intel(R) Core(TM) i9-14900K, instruction set [SSE2|AVX|AVX2]
Thread count: 24 physical cores, 32 logical processors, using up to 32 threads

Optimize a model with 242326 rows, 261688 columns and 1214672 nonzeros
Model fingerprint: 0xb6e63b25
Variable types: 261651 continuous, 37 integer (4 binary)
Coefficient statistics:
  Matrix range     [1e-02, 1e+03]
  Objective range  [8e-01, 5e+05]
  Bounds range     [1e+00, 5e+02]
  RHS range        [1e+00, 6e+04]
Presolve removed 109366 rows and 119534 columns
Presolve time: 1.54s
Presolved: 132960 rows, 142154 columns, 678144 nonzeros
Variable types: 142135 continuous, 19 integer (3 binary)
Deterministic concurrent LP optimizer: primal simplex, dual simplex, and barrier
Showing barrier log only...

Root barrier log...

Ordering time: 0.07s

Barrier statistics:
 Dense cols : 15
 AA' NZ     : 1.110e+06
 Factor NZ  : 4.396e+06 (roughly 150 MB of memory)
 Factor Ops : 5.889e+08 (less than 1 second per iteration)
 Threads    : 21

                  Objective                Residual
Iter       Primal          Dual         Primal    Dual     Compl     Time
   0   3.93366881e+09 -4.60396094e+12  1.07e+05 1.33e+04  5.05e+08     3s
   1   3.72591546e+09 -4.43230227e+12  9.65e+04 4.89e+05  4.44e+08     3s
   2   3.06704414e+09 -3.77608445e+12  6.75e+04 1.59e+04  2.96e+08     4s
   3   1.19320720e+09 -3.15907520e+12  2.61e+04 1.78e-05  1.16e+08     4s
   4   1.15243258e+08 -2.09289506e+12  2.08e+03 6.94e-05  1.32e+07     4s
   5   4.89493349e+07 -1.25420310e+12  4.56e+02 3.96e-05  4.61e+06     4s
   6   4.21246624e+07 -1.09101828e+12  3.15e+02 4.23e-05  3.70e+06     4s
   7   3.70464763e+07 -8.59771018e+11  2.13e+02 1.90e-05  2.75e+06     4s
   8   3.39451306e+07 -3.39734134e+11  1.60e+02 5.06e-06  1.18e+06     4s
   9   3.13305293e+07 -2.38162752e+11  1.21e+02 4.86e-06  8.27e+05     4s
  10   3.03658408e+07 -1.66233421e+11  1.09e+02 4.05e-06  6.04e+05     4s
  11   2.76760577e+07 -9.62558849e+10  7.63e+01 1.33e-05  3.58e+05     5s
  12   1.95030696e+07 -3.19336506e+10  1.38e+01 2.01e-05  9.58e+04     5s
  13   1.76776810e+07 -3.70290863e+09  8.34e-01 4.61e-06  9.56e+03     5s
  14   1.56319635e+07 -7.67717362e+08  3.55e-01 6.37e-07  1.99e+03     5s
  15   1.38266480e+07 -1.71519930e+08  1.39e-01 1.33e-07  4.69e+02     5s
  16   1.09255495e+07 -1.16318638e+08  1.97e-02 9.22e-08  3.21e+02     5s
  17   9.55253326e+06 -8.46797915e+07  8.34e-03 5.30e-08  2.37e+02     5s
  18   8.38748502e+06 -4.19526592e+07  4.23e-03 6.75e-08  1.27e+02     5s
  19   7.71908303e+06 -3.72328620e+07  3.18e-03 1.23e-07  1.13e+02     5s
  20   5.64230652e+06 -2.59296551e+07  1.99e-03 6.18e-08  7.95e+01     5s
  21   4.20074055e+06 -1.73925658e+07  1.23e-03 1.41e-07  5.44e+01     5s
  22   2.77331941e+06 -1.07785409e+07  5.65e-04 5.59e-08  3.41e+01     6s
  23   2.53283690e+06 -3.86897501e+06  4.71e-04 4.38e-07  1.61e+01     6s
  24   2.19265223e+06 -2.11080058e+06  3.48e-04 2.44e-07  1.08e+01     6s
  25   2.05763301e+06 -1.29164844e+06  2.93e-04 2.15e-07  8.44e+00     6s
  26   1.96031692e+06 -9.17236790e+05  2.54e-04 1.70e-07  7.25e+00     6s
  27   1.81366016e+06 -7.18853936e+05  2.02e-04 1.59e-07  6.38e+00     6s
  28   1.74456644e+06  1.08339907e+05  1.66e-04 1.24e-07  4.12e+00     6s
  29   1.62425730e+06  3.73516839e+05  1.14e-04 1.16e-07  3.15e+00     7s
  30   1.55498509e+06  4.01489142e+05  8.38e-05 1.16e-07  2.90e+00     7s
  31   1.51681318e+06  6.71888858e+05  6.87e-05 1.05e-07  2.13e+00     7s
  32   1.48949785e+06  8.78473943e+05  5.97e-05 7.71e-08  1.54e+00     8s
  33   1.42052859e+06  9.80630925e+05  3.35e-05 6.84e-08  1.11e+00     8s
  34   1.40502630e+06  1.05227203e+06  2.86e-05 6.57e-08  8.88e-01     9s
  35   1.39242715e+06  1.17273579e+06  2.16e-05 5.69e-08  5.53e-01     9s
  36   1.37662748e+06  1.24240373e+06  1.43e-05 4.60e-08  3.38e-01    10s
  37   1.36404920e+06  1.28962341e+06  9.30e-06 4.82e-08  1.88e-01    10s
  38   1.35847101e+06  1.31823655e+06  7.02e-06 4.35e-08  1.01e-01    11s
  39   1.35325601e+06  1.32768801e+06  4.79e-06 4.80e-08  6.44e-02    11s
  40   1.35058269e+06  1.33319557e+06  3.60e-06 4.97e-08  4.38e-02    11s
  41   1.34788150e+06  1.33746155e+06  2.38e-06 4.44e-08  2.63e-02    12s
  42   1.34553782e+06  1.34003376e+06  1.33e-06 4.38e-08  1.39e-02    12s
  43   1.34489996e+06  1.34099602e+06  1.04e-06 4.58e-08  9.85e-03    12s
  44   1.34430805e+06  1.34157281e+06  7.79e-07 5.14e-08  6.90e-03    12s
  45   1.34388619e+06  1.34182464e+06  5.90e-07 5.42e-08  5.20e-03    12s
  46   1.34322977e+06  1.34229486e+06  2.96e-07 4.18e-08  2.36e-03    13s
  47   1.34275648e+06  1.34235643e+06  7.90e-08 4.82e-08  1.01e-03    13s
  48   1.34266299e+06  1.34248093e+06  6.29e-08 4.31e-08  4.59e-04    13s
  49   1.34259641e+06  1.34256238e+06  7.32e-08 2.96e-08  8.59e-05    14s
  50   1.34258609e+06  1.34256695e+06  1.15e-07 3.08e-08  4.83e-05    15s
  51   1.34257347e+06  1.34256820e+06  1.30e-06 2.99e-08  1.32e-05    15s
  52   1.34256864e+06  1.34256851e+06  1.29e-06 2.97e-08  2.74e-07    15s
  53   1.34256853e+06  1.34256852e+06  1.21e-06 2.93e-08  2.93e-08    15s
  54   1.34256853e+06  1.34256852e+06  8.48e-06 4.55e-08  2.39e-08    16s
  55   1.34256852e+06  1.34256852e+06  3.47e-06 4.10e-08  7.92e-09    16s

Barrier solved model in 55 iterations and 15.76 seconds (8.36 work units)
Optimal objective 1.34256852e+06


Root crossover log...

   17274 DPushes remaining with DInf 0.0000000e+00                16s
       0 DPushes remaining with DInf 0.0000000e+00                16s

   86789 PPushes remaining with PInf 1.0308542e-04                16s
    5021 PPushes remaining with PInf 0.0000000e+00                20s
       0 PPushes remaining with PInf 0.0000000e+00                21s

  Push phase complete: Pinf 0.0000000e+00, Dinf 2.0147574e-09     21s


Root simplex log...

Iteration    Objective       Primal Inf.    Dual Inf.      Time
  103028    1.3425685e+06   0.000000e+00   0.000000e+00     21s
Concurrent spin time: 0.02s

Solved with barrier
  103028    1.3425685e+06   0.000000e+00   0.000000e+00     21s

Root relaxation: objective 1.342569e+06, 103028 iterations, 18.69 seconds (11.31 work units)

    Nodes    |    Current Node    |     Objective Bounds      |     Work
 Expl Unexpl |  Obj  Depth IntInf | Incumbent    BestBd   Gap | It/Node Time

     0     0 1342568.52    0   13          - 1342568.52      -     -   22s
     0     0 1342568.52    0   13          - 1342568.52      -     -   45s
     0     0 1541576.04    0   14          - 1541576.04      -     -   64s
     0     0 1541576.04    0   12          - 1541576.04      -     -   68s
     0     0 1541576.04    0   13          - 1541576.04      -     -   88s
     0     0 1541576.04    0   14          - 1541576.04      -     -  119s
     0     0 1541576.04    0   12          - 1541576.04      -     -  121s
     0     0 1541576.04    0   12          - 1541576.04      -     -  123s
     0     0 1541576.04    0   12          - 1541576.04      -     -  135s
H    0     0                    2.175514e+07 1541576.04  92.9%     -  137s
     0     0 1541576.04    0   12 2.1755e+07 1541576.04  92.9%     -  140s
H    0     0                    1.297776e+07 1541576.04  88.1%     -  143s
     0     2 1541576.04    0   12 1.2978e+07 1541576.04  88.1%     -  144s
     1     2 infeasible    1      1.2978e+07 1542787.36  88.1%   928  155s
     3     2 1733068.79    2    9 1.2978e+07 1605989.41  87.6% 12608  172s
     5     2 infeasible    3      1.2978e+07 1733473.48  86.6%  7985  182s
H    7     2                    1805997.1742 1788561.86  0.97%  7942  186s
*    8     2               4    1797006.5796 1797006.58  0.00%  9232  186s

Cutting planes:
  Gomory: 1
  Implied bound: 3
  MIR: 3

Explored 9 nodes (264748 simplex iterations) in 186.25 seconds (280.96 work units)
Thread count was 32 (of 32 available processors)

Solution count 4: 1.79701e+06 1.806e+06 1.29778e+07 2.17551e+07 

Optimal solution found (tolerance 1.00e-02)
Best objective 1.797006579616e+06, best bound 1.797006579616e+06, gap 0.0000%
