[STOP] para cortar a mano conservando la solucion, cree: output/Resultados_finales_tesis/Mina_modelo/estab_4anios_A_sin_caja/STOP
[NestedBenders] presolve de capacidad (peak): meta por anio 1:4,700  2:9,400  3:17,860  4:23,500
[NestedBenders] presolve de capacidad: anios [4], modulos de 500 kW
[NestedBenders] presolve capacidad  anio 4  suma: sum n_ssee_k >= 1  (dual 1.0000, primal 1.000, 201s)
[NestedBenders] presolve capacidad  anio 4  station_1: n_ssee_k >= 1  (dual 1.0000, primal 1.000, 288s)
[NestedBenders] presolve de capacidad: cotas impuestas al anio 1: station_1: >= 1 (500 kW, anio 4)
[NestedBenders] presolve de capacidad: la cota agregada (1) no agrega nada sobre las cotas por nave
[NestedBenders] presolve de capacidad: 490s
[NestedBenders] relajacion lineal del monolitico completo (cota inicial)...
[NestedBenders] LP monolitico = 1,342,568.52  (69s)
[NestedBenders] cota por relajacion operacional (inversion entera)...
Set parameter OutputFlag to value 1
Set parameter LogFile to value "output/Resultados_finales_tesis/Mina_modelo/estab_4anios_A_sin_caja/op_bound_gurobi.log"
[NestedBenders] cota operacional = 1,797,006.58  (206,112 binarias relajadas, 233s)
[NestedBenders] k=1 FORWARD  anio 1 (1/4)  [UB=(sin cota aun)  LB=1,797,006.58]  resolviendo MILP...
[DayDecomp] año 1: MIP start por dias (fase 1 libre, max, fase 2 fija, pulido)...
[DayDecomp]   y1 d15 fase1: 290,435.68  (optimal, 6s)
[DayDecomp]   y1 d105 fase1: 290,435.68  (optimal, 4s)
[DayDecomp]   y1 d196 fase1: 293,634.41  (optimal, 4s)
[DayDecomp]   y1 d288 fase1: 293,634.41  (optimal, 3s)
[DayDecomp]   agregado (max entre dias): N_bays=1  N_chargers=1  N_batteries=1  Delta_N_bays=1  Delta_N_chargers=1  Delta_N_batteries=1  n_ssee_k=1  G_g=0, 0  H=0  P_pot=0  R=0  b_bar=482
[DayDecomp]   y1 d15 fase2: 290,435.68  (optimal, 2s)
[DayDecomp]   y1 d105 fase2: 290,435.68  (optimal, 2s)
[DayDecomp]   y1 d196 fase2: 293,634.41  (optimal, 2s)
[DayDecomp]   y1 d288 fase2: 293,634.41  (optimal, 2s)
[DayDecomp]   pulido sobre el bloque anual: 59,481 valores, 45,773 enteras fijas, LP optimo en 6s -> incumbente 1,168,140.18
[DayDecomp] año 1: listo en 45s
WARNING: Loading a SolverResults object with an 'aborted' status, but
containing a solution
[NestedBenders] forward y=1  TimeLimit alcanzado sin cerrar MIPGap: UB=1,148,947.81  LB=1,135,639.52  gap=1.1583%
[NestedBenders] k=1 FORWARD  anio 2 (2/4)  [UB=(sin cota aun)  LB=1,797,006.58]  resolviendo MILP...
[DayDecomp] año 2: MIP start por dias (fase 1 libre, max, fase 2 fija, pulido)...
[DayDecomp]   y2 d15 fase1: 20,355.54  (optimal, 11s)
[DayDecomp]   y2 d105 fase1: 20,355.54  (optimal, 10s)
[DayDecomp]   y2 d196 fase1: 20,355.54  (optimal, 13s)
[DayDecomp]   y2 d288 fase1: 20,355.54  (optimal, 13s)
[DayDecomp]   agregado (max entre dias): N_bays=1  N_chargers=1  N_batteries=1  Delta_N_bays=0  Delta_N_chargers=0  Delta_N_batteries=0  n_ssee_k=1  G_g=0, 0  H=0  P_pot=0  R=0  b_bar=480.6
[DayDecomp]   y2 d15 fase2: 20,355.54  (optimal, 52s)
[DayDecomp]   y2 d105 fase2: 20,355.54  (optimal, 44s)
[DayDecomp]   y2 d196 fase2: 20,355.54  (optimal, 51s)
[DayDecomp]   y2 d288 fase2: 20,355.54  (optimal, 54s)
[DayDecomp]   pulido sobre el bloque anual: 59,484 valores, 45,774 enteras fijas, LP optimo en 5s -> incumbente 81,422.15
[DayDecomp] año 2: listo en 277s
WARNING: Loading a SolverResults object with an 'aborted' status, but
containing a solution
[NestedBenders] forward y=2  TimeLimit alcanzado sin cerrar MIPGap: UB=81,422.15  LB=73,645.17  gap=9.5514%
[NestedBenders] k=1 FORWARD  anio 3 (3/4)  [UB=(sin cota aun)  LB=1,797,006.58]  resolviendo MILP...
[DayDecomp] año 3: MIP start por dias (fase 1 libre, max, fase 2 fija, pulido)...
[DayDecomp]   y3 d15 fase1: 34,366.49  (optimal, 4s)
[DayDecomp]   y3 d105 fase1: 39,798.50  (optimal, 18s)
[DayDecomp]   y3 d196 fase1: 39,798.50  (optimal, 19s)
[DayDecomp]   y3 d288 fase1: 34,366.49  (optimal, 3s)
[DayDecomp]   agregado (max entre dias): N_bays=1  N_chargers=1  N_batteries=1  Delta_N_bays=0  Delta_N_chargers=0  Delta_N_batteries=0  n_ssee_k=1  G_g=0, 0  H=0  P_pot=241  R=-0  b_bar=476.9
[DayDecomp]   y3 d15 fase2: 39,798.50  (optimal, 4s)
[DayDecomp]   y3 d105 fase2: 39,798.50  (optimal, 4s)
[DayDecomp]   y3 d196 fase2: 39,798.50  (optimal, 3s)
[DayDecomp]   y3 d288 fase2: 39,798.50  (optimal, 3s)
[DayDecomp]   pulido sobre el bloque anual: 59,484 valores, 45,774 enteras fijas, LP optimo en 5s -> incumbente 159,193.99
[DayDecomp] año 3: listo en 75s
WARNING: Loading a SolverResults object with an 'aborted' status, but
containing a solution
[NestedBenders] forward y=3  TimeLimit alcanzado sin cerrar MIPGap: UB=159,193.99  LB=156,223.44  gap=1.8660%
[NestedBenders] k=1 FORWARD  anio 4 (4/4)  [UB=(sin cota aun)  LB=1,797,006.58]  resolviendo MILP...
[DayDecomp] año 4: MIP start por dias (fase 1 libre, max, fase 2 fija, pulido)...
[DayDecomp]   y4 d15 fase1: 148,489.28  (optimal, 33s)
[DayDecomp]   y4 d105 fase1: 148,489.28  (optimal, 42s)
[DayDecomp]   y4 d196 fase1: 148,489.28  (optimal, 34s)
[DayDecomp]   y4 d288 fase1: 148,489.28  (optimal, 21s)
[DayDecomp]   agregado (max entre dias): N_bays=1  N_chargers=2  N_batteries=2  Delta_N_bays=0  Delta_N_chargers=1  Delta_N_batteries=1  n_ssee_k=1  G_g=0, 0  H=0  P_pot=0  R=-0  b_bar=470.5
[DayDecomp]   y4 d15 fase2: 148,489.28  (optimal, 4s)
[DayDecomp]   y4 d105 fase2: 148,489.28  (optimal, 4s)
[DayDecomp]   y4 d196 fase2: 148,489.28  (optimal, 3s)
[DayDecomp]   y4 d288 fase2: 148,489.28  (optimal, 3s)
[DayDecomp]   pulido sobre el bloque anual: 59,484 valores, 45,774 enteras fijas, LP optimo en 5s -> incumbente 593,957.11
[DayDecomp] año 4: listo en 161s
WARNING: Loading a SolverResults object with an 'aborted' status, but
containing a solution
[NestedBenders] forward y=4  TimeLimit alcanzado sin cerrar MIPGap: UB=593,957.11  LB=572,445.12  gap=3.6218%
[NestedBenders] k=1 pulido de la solucion: 1,983,521.06 -> 1,914,880.23 (3.46% menos, 50s)
[NestedBenders] k=1 BACKWARD anio 4  [UB=1,914,880.23  LB=1,797,006.58]  relajando LP y leyendo duales (corte -> anio 3)...
[NestedBenders] k=1 BACKWARD anio 4  lagrangeano con integralidad (corte fortalecido)...
[NestedBenders] lagrangeano y=4  TimeLimit sin incumbente (solo cota dual 568,613.92)
[NestedBenders] k=1 BACKWARD anio 4  Phi^LP=249,386.20 -> Phi^LR=568,613.92 (+319,227.72)
[NestedBenders] k=1 BACKWARD anio 3  [UB=1,914,880.23  LB=1,797,006.58]  relajando LP y leyendo duales (corte -> anio 2)...
[NestedBenders] k=1 BACKWARD anio 3  lagrangeano con integralidad (corte fortalecido)...
[NestedBenders] lagrangeano y=3  TimeLimit alcanzado sin cerrar MIPGap: UB=763,072.34  LB=708,221.07  gap=7.1882%
[NestedBenders] k=1 BACKWARD anio 3  Phi^LP=703,528.29 -> Phi^LR=708,221.07 (+4,692.78)
[NestedBenders] k=1 BACKWARD anio 2  [UB=1,914,880.23  LB=1,797,006.58]  relajando LP y leyendo duales (corte -> anio 1)...
[NestedBenders] k=1 BACKWARD anio 2  lagrangeano con integralidad (corte fortalecido)...
[NestedBenders] lagrangeano y=2  TimeLimit alcanzado sin cerrar MIPGap: UB=792,551.14  LB=781,117.50  gap=1.4426%
[NestedBenders] k=1 BACKWARD anio 2  Phi^LP=780,985.22 -> Phi^LR=781,117.50 (+132.28)
[NestedBenders] k=1 BACKWARD anio 1  [UB=1,914,880.23  LB=1,797,006.58]  resolviendo MILP con los cortes actualizados (cota inferior)...
[NestedBenders] k=1 cota del backward = 1,265,566.36  (no supera LB=1,797,006.58)
[NestedBenders] k=1  UB=1914880.2266  LB=1797006.5796  gap=6.1557%  tiempo_iteracion=2901.8s
[NestedBenders] k=2 FORWARD  anio 1 (1/4)  [UB=1,914,880.23  LB=1,797,006.58]  resolviendo MILP...
[DayDecomp] año 1: MIP start por dias (fase 1 libre, max, fase 2 fija, pulido)...
[DayDecomp]   y1 d15 fase1: 290,435.68  (optimal, 3s)
[DayDecomp]   y1 d105 fase1: 290,435.68  (optimal, 3s)
[DayDecomp]   y1 d196 fase1: 293,634.41  (optimal, 2s)
[DayDecomp]   y1 d288 fase1: 293,634.41  (optimal, 2s)
[DayDecomp]   agregado (max entre dias): N_bays=1  N_chargers=1  N_batteries=1  Delta_N_bays=1  Delta_N_chargers=1  Delta_N_batteries=1  n_ssee_k=1  G_g=0, 0  H=0  P_pot=0  R=0  b_bar=482
[DayDecomp]   y1 d15 fase2: 290,435.68  (optimal, 1s)
[DayDecomp]   y1 d105 fase2: 290,435.68  (optimal, 1s)
[DayDecomp]   y1 d196 fase2: 293,634.41  (optimal, 1s)
[DayDecomp]   y1 d288 fase2: 293,634.41  (optimal, 1s)
[DayDecomp]   pulido sobre el bloque anual: 59,481 valores, 45,773 enteras fijas, LP optimo en 4s -> incumbente 1,290,225.77
[DayDecomp] año 1: listo en 29s
[NestedBenders] k=2 FORWARD  anio 2 (2/4)  [UB=1,914,880.23  LB=1,797,006.58]  resolviendo MILP...
[DayDecomp] año 2: MIP start por dias (fase 1 libre, max, fase 2 fija, pulido)...
WARNING: Loading a SolverResults object with an 'aborted' status, but
containing a solution
[DayDecomp]   y2 d15 fase1: 12,596.84  (maxTimeLimit, 61s)
[DayDecomp]   y2 d105 fase1: 12,951.27  (optimal, 9s)
WARNING: Loading a SolverResults object with an 'aborted' status, but
containing a solution
[DayDecomp]   y2 d196 fase1: 14,316.43  (maxTimeLimit, 61s)
WARNING: Loading a SolverResults object with an 'aborted' status, but
containing a solution
[DayDecomp]   y2 d288 fase1: 11,695.39  (maxTimeLimit, 61s)
[DayDecomp]   agregado (max entre dias): N_bays=1  N_chargers=1  N_batteries=1  Delta_N_bays=0  Delta_N_chargers=0  Delta_N_batteries=0  n_ssee_k=1  G_g=0.4594, 0  H=1.249  P_pot=0  R=-0  b_bar=480.6
WARNING: Loading a SolverResults object with an 'aborted' status, but
containing a solution
[DayDecomp]   y2 d15 fase2: 12,596.84  (maxTimeLimit, 62s)
WARNING: Loading a SolverResults object with an 'aborted' status, but
containing a solution
[DayDecomp]   y2 d105 fase2: 12,951.27  (maxTimeLimit, 62s)
WARNING: Loading a SolverResults object with an 'aborted' status, but
containing a solution
[DayDecomp]   y2 d196 fase2: 14,316.42  (maxTimeLimit, 61s)
WARNING: Loading a SolverResults object with an 'aborted' status, but
containing a solution
[DayDecomp]   y2 d288 fase2: 11,695.39  (maxTimeLimit, 63s)
[DayDecomp]   pulido sobre el bloque anual: 59,484 valores, 45,774 enteras fijas, LP optimo en 5s -> incumbente 235,079.70
[DayDecomp] año 2: listo en 457s
WARNING: Loading a SolverResults object with an 'aborted' status, but
containing a solution
[NestedBenders] forward y=2  TimeLimit alcanzado sin cerrar MIPGap: UB=235,079.70  LB=229,137.43  gap=2.5278%
[NestedBenders] k=2 FORWARD  anio 3 (3/4)  [UB=1,914,880.23  LB=1,797,006.58]  resolviendo MILP...
[DayDecomp] año 3: MIP start por dias (fase 1 libre, max, fase 2 fija, pulido)...
[DayDecomp]   y3 d15 fase1: 27,313.14  (optimal, 22s)
WARNING: Loading a SolverResults object with an 'aborted' status, but
containing a solution
[DayDecomp]   y3 d105 fase1: 27,635.34  (maxTimeLimit, 62s)
WARNING: Loading a SolverResults object with an 'aborted' status, but
containing a solution
[DayDecomp]   y3 d196 fase1: 28,876.40  (maxTimeLimit, 62s)
WARNING: Loading a SolverResults object with an 'aborted' status, but
containing a solution
[DayDecomp]   y3 d288 fase1: 142,247.47  (maxTimeLimit, 62s)
[DayDecomp]   agregado (max entre dias): N_bays=1  N_chargers=2  N_batteries=2  Delta_N_bays=0  Delta_N_chargers=1  Delta_N_batteries=1  n_ssee_k=1  G_g=0.4594, 0  H=1.249  P_pot=0  R=-0  b_bar=477.8
[DayDecomp]   y3 d15 fase2: 145,710.54  (optimal, 3s)
[DayDecomp]   y3 d105 fase2: 146,032.75  (optimal, 3s)
[DayDecomp]   y3 d196 fase2: 147,273.80  (optimal, 2s)
[DayDecomp]   y3 d288 fase2: 142,247.47  (optimal, 2s)
[DayDecomp]   pulido sobre el bloque anual: 59,484 valores, 45,774 enteras fijas, LP optimo en 5s -> incumbente 569,735.11
[DayDecomp] año 3: listo en 239s
WARNING: Loading a SolverResults object with an 'aborted' status, but
containing a solution
[NestedBenders] forward y=3  TimeLimit alcanzado sin cerrar MIPGap: UB=569,735.11  LB=414,773.50  gap=27.1989%
[NestedBenders] k=2 FORWARD  anio 4 (4/4)  [UB=1,914,880.23  LB=1,797,006.58]  resolviendo MILP...
[DayDecomp] año 4: MIP start por dias (fase 1 libre, max, fase 2 fija, pulido)...
WARNING: Loading a SolverResults object with an 'aborted' status, but
containing a solution
[DayDecomp]   y4 d15 fase1: 36,846.38  (maxTimeLimit, 62s)
WARNING: Loading a SolverResults object with an 'aborted' status, but
containing a solution
[DayDecomp]   y4 d105 fase1: 37,139.29  (maxTimeLimit, 62s)
WARNING: Loading a SolverResults object with an 'aborted' status, but
containing a solution
[DayDecomp]   y4 d196 fase1: 38,267.52  (maxTimeLimit, 62s)
WARNING: Loading a SolverResults object with an 'aborted' status, but
containing a solution
[DayDecomp]   y4 d288 fase1: 36,101.38  (maxTimeLimit, 61s)
[DayDecomp]   agregado (max entre dias): N_bays=1  N_chargers=2  N_batteries=2  Delta_N_bays=0  Delta_N_chargers=0  Delta_N_batteries=0  n_ssee_k=1  G_g=0.4594, 0  H=1.249  P_pot=0  R=-0  b_bar=471.8
WARNING: Loading a SolverResults object with an 'aborted' status, but
containing a solution
[DayDecomp]   y4 d15 fase2: 36,846.38  (maxTimeLimit, 61s)
WARNING: Loading a SolverResults object with an 'aborted' status, but
containing a solution
[DayDecomp]   y4 d105 fase2: 37,139.29  (maxTimeLimit, 62s)
WARNING: Loading a SolverResults object with an 'aborted' status, but
containing a solution
[DayDecomp]   y4 d196 fase2: 38,267.52  (maxTimeLimit, 62s)
WARNING: Loading a SolverResults object with an 'aborted' status, but
containing a solution
[DayDecomp]   y4 d288 fase2: 36,101.38  (maxTimeLimit, 62s)
[DayDecomp]   pulido sobre el bloque anual: 59,484 valores, 45,774 enteras fijas, LP optimo en 5s -> incumbente 137,873.25
[DayDecomp] año 4: listo en 512s
WARNING: Loading a SolverResults object with an 'aborted' status, but
containing a solution
[NestedBenders] forward y=4  TimeLimit alcanzado sin cerrar MIPGap: UB=137,873.25  LB=126,230.27  gap=8.4447%
[NestedBenders] k=2 pulido de la solucion: 2,024,791.88 -> 1,972,183.57 (2.60% menos, 17s)
[NestedBenders] k=2 BACKWARD anio 4  [UB=1,914,880.23  LB=1,797,006.58]  relajando LP y leyendo duales (corte -> anio 3)...
[NestedBenders] k=2 BACKWARD anio 4  lagrangeano con integralidad (corte fortalecido)...
[NestedBenders] lagrangeano y=4  TimeLimit alcanzado sin cerrar MIPGap: UB=145,083.00  LB=122,143.07  gap=15.8116%
[NestedBenders] k=2 BACKWARD anio 4  Phi^LP=122,036.51 -> Phi^LR=122,143.07 (+106.56)
[NestedBenders] k=2 BACKWARD anio 3  [UB=1,914,880.23  LB=1,797,006.58]  relajando LP y leyendo duales (corte -> anio 2)...
[NestedBenders] k=2 BACKWARD anio 3  lagrangeano con integralidad (corte fortalecido)...
[NestedBenders] lagrangeano y=3  TimeLimit alcanzado sin cerrar MIPGap: UB=424,701.06  LB=412,087.70  gap=2.9699%
[NestedBenders] k=2 BACKWARD anio 3  Phi^LP=412,004.12 -> Phi^LR=412,087.70 (+83.57)
[NestedBenders] k=2 BACKWARD anio 2  [UB=1,914,880.23  LB=1,797,006.58]  relajando LP y leyendo duales (corte -> anio 1)...
[NestedBenders] k=2 BACKWARD anio 2  lagrangeano con integralidad (corte fortalecido)...
[NestedBenders] lagrangeano y=2  TimeLimit alcanzado sin cerrar MIPGap: UB=465,504.91  LB=442,439.52  gap=4.9549%
[NestedBenders] k=2 BACKWARD anio 2  Phi^LP=442,307.24 -> Phi^LR=442,439.52 (+132.28)
[NestedBenders] k=2 BACKWARD anio 1  [UB=1,914,880.23  LB=1,797,006.58]  resolviendo MILP con los cortes actualizados (cota inferior)...
[NestedBenders] k=2 cota del backward = 1,483,181.55  (no supera LB=1,797,006.58)
[NestedBenders] k=2  UB=1914880.2266  LB=1797006.5796  gap=6.1557%  tiempo_iteracion=3198.8s
[NestedBenders] k=3 FORWARD  anio 1 (1/4)  [UB=1,914,880.23  LB=1,797,006.58]  resolviendo MILP...
[DayDecomp] año 1: MIP start por dias (fase 1 libre, max, fase 2 fija, pulido)...
[DayDecomp]   y1 d15 fase1: 290,435.68  (optimal, 4s)
[DayDecomp]   y1 d105 fase1: 290,435.68  (optimal, 4s)
[DayDecomp]   y1 d196 fase1: 293,634.41  (optimal, 5s)
[DayDecomp]   y1 d288 fase1: 293,634.41  (optimal, 4s)
[DayDecomp]   agregado (max entre dias): N_bays=1  N_chargers=1  N_batteries=1  Delta_N_bays=1  Delta_N_chargers=1  Delta_N_batteries=1  n_ssee_k=1  G_g=0, 0  H=0  P_pot=0  R=0  b_bar=482
[DayDecomp]   y1 d15 fase2: 290,435.68  (optimal, 3s)
[DayDecomp]   y1 d105 fase2: 290,435.68  (optimal, 5s)
[DayDecomp]   y1 d196 fase2: 293,634.41  (optimal, 2s)
[DayDecomp]   y1 d288 fase2: 293,634.41  (optimal, 2s)
[DayDecomp]   pulido sobre el bloque anual: 59,481 valores, 45,773 enteras fijas, LP optimo en 5s -> incumbente 1,483,181.55
[DayDecomp] año 1: listo en 52s
[NestedBenders] k=3 FORWARD  anio 2 (2/4)  [UB=1,914,880.23  LB=1,797,006.58]  resolviendo MILP...
[DayDecomp] año 2: MIP start por dias (fase 1 libre, max, fase 2 fija, pulido)...
[DayDecomp]   y2 d15 fase1: 8,707.29  (optimal, 3s)
[DayDecomp]   y2 d105 fase1: 9,081.32  (optimal, 3s)
[DayDecomp]   y2 d196 fase1: 8,707.29  (optimal, 4s)
[DayDecomp]   y2 d288 fase1: 8,707.29  (optimal, 5s)
[DayDecomp]   agregado (max entre dias): N_bays=1  N_chargers=1  N_batteries=1  Delta_N_bays=0  Delta_N_chargers=0  Delta_N_batteries=0  n_ssee_k=1  G_g=2, 0  H=1.392  P_pot=0  R=-0  b_bar=479.8
[DayDecomp]   y2 d15 fase2: 8,707.29  (optimal, 2s)
[DayDecomp]   y2 d105 fase2: 9,081.32  (optimal, 1s)
[DayDecomp]   y2 d196 fase2: 8,707.29  (optimal, 1s)
[DayDecomp]   y2 d288 fase2: 8,707.29  (optimal, 1s)
[DayDecomp]   pulido sobre el bloque anual: 59,484 valores, 45,774 enteras fijas, LP optimo en 5s -> incumbente 131,108.09
[DayDecomp] año 2: listo en 41s
[NestedBenders] k=3 FORWARD  anio 3 (3/4)  [UB=1,914,880.23  LB=1,797,006.58]  resolviendo MILP...
[DayDecomp] año 3: MIP start por dias (fase 1 libre, max, fase 2 fija, pulido)...
WARNING: Loading a SolverResults object with an 'aborted' status, but
containing a solution
[DayDecomp]   y3 d15 fase1: 121,025.98  (maxTimeLimit, 62s)
[DayDecomp]   y3 d105 fase1: 16,406.77  (optimal, 62s)
WARNING: Loading a SolverResults object with an 'aborted' status, but
containing a solution
[DayDecomp]   y3 d196 fase1: 17,807.32  (maxTimeLimit, 62s)
[DayDecomp]   y3 d288 fase1: 15,341.64  (optimal, 27s)
[DayDecomp]   agregado (max entre dias): N_bays=1  N_chargers=2  N_batteries=2  Delta_N_bays=0  Delta_N_chargers=1  Delta_N_batteries=1  n_ssee_k=1  G_g=2, 0  H=1.392  P_pot=0  R=-0  b_bar=476.9
[DayDecomp]   y3 d15 fase2: 121,025.98  (optimal, 2s)
[DayDecomp]   y3 d105 fase2: 126,253.34  (optimal, 27s)
[DayDecomp]   y3 d196 fase2: 126,980.96  (optimal, 4s)
[DayDecomp]   y3 d288 fase2: 122,669.87  (optimal, 3s)
[DayDecomp]   pulido sobre el bloque anual: 59,484 valores, 45,774 enteras fijas, LP optimo en 6s -> incumbente 473,182.99
[DayDecomp] año 3: listo en 268s
WARNING: Loading a SolverResults object with an 'aborted' status, but
containing a solution
[NestedBenders] forward y=3  TimeLimit alcanzado sin cerrar MIPGap: UB=472,508.67  LB=207,100.64  gap=56.1700%
[NestedBenders] k=3 FORWARD  anio 4 (4/4)  [UB=1,914,880.23  LB=1,797,006.58]  resolviendo MILP...
[DayDecomp] año 4: MIP start por dias (fase 1 libre, max, fase 2 fija, pulido)...
WARNING: Loading a SolverResults object with an 'aborted' status, but
containing a solution
[DayDecomp]   y4 d15 fase1: 15,970.06  (maxTimeLimit, 62s)
WARNING: Loading a SolverResults object with an 'aborted' status, but
containing a solution
[DayDecomp]   y4 d105 fase1: 18,812.93  (maxTimeLimit, 62s)
WARNING: Loading a SolverResults object with an 'aborted' status, but
containing a solution
[DayDecomp]   y4 d196 fase1: 21,276.67  (maxTimeLimit, 62s)
WARNING: Loading a SolverResults object with an 'aborted' status, but
containing a solution
[DayDecomp]   y4 d288 fase1: 18,642.69  (maxTimeLimit, 62s)
[DayDecomp]   agregado (max entre dias): N_bays=1  N_chargers=2  N_batteries=2  Delta_N_bays=0  Delta_N_chargers=0  Delta_N_batteries=0  n_ssee_k=1  G_g=2, 0  H=1.392  P_pot=129.8  R=-0  b_bar=471.5
WARNING: Loading a SolverResults object with an 'aborted' status, but
containing a solution
[DayDecomp]   y4 d15 fase2: 18,242.37  (maxTimeLimit, 62s)
WARNING: Loading a SolverResults object with an 'aborted' status, but
containing a solution
[DayDecomp]   y4 d105 fase2: 20,870.93  (maxTimeLimit, 62s)
WARNING: Loading a SolverResults object with an 'aborted' status, but
containing a solution
[DayDecomp]   y4 d196 fase2: 21,276.67  (maxTimeLimit, 62s)
WARNING: Loading a SolverResults object with an 'aborted' status, but
containing a solution
[DayDecomp]   y4 d288 fase2: 19,499.06  (maxTimeLimit, 62s)
[DayDecomp]   pulido sobre el bloque anual: 59,484 valores, 45,774 enteras fijas, LP optimo en 6s -> incumbente 58,300.70
[DayDecomp] año 4: listo en 516s
WARNING: Loading a SolverResults object with an 'aborted' status, but
containing a solution
[NestedBenders] forward y=4  TimeLimit alcanzado sin cerrar MIPGap: UB=58,300.70  LB=23,642.88  gap=59.4467%
[NestedBenders] k=3 pulido de la solucion: 2,023,072.24 -> 1,968,082.96 (2.72% menos, 36s)
[NestedBenders] k=3 BACKWARD anio 4  [UB=1,914,880.23  LB=1,797,006.58]  relajando LP y leyendo duales (corte -> anio 3)...
[NestedBenders] k=3 BACKWARD anio 4  lagrangeano con integralidad (corte fortalecido)...
[NestedBenders] lagrangeano y=4  TimeLimit sin incumbente (solo cota dual 19,820.21)
[NestedBenders] k=3 BACKWARD anio 4  Phi^LP=19,612.19 -> Phi^LR=19,820.21 (+208.02)
[NestedBenders] k=3 BACKWARD anio 3  [UB=1,914,880.23  LB=1,797,006.58]  relajando LP y leyendo duales (corte -> anio 2)...
[NestedBenders] k=3 BACKWARD anio 3  lagrangeano con integralidad (corte fortalecido)...
[NestedBenders] lagrangeano y=3  TimeLimit alcanzado sin cerrar MIPGap: UB=302,536.01  LB=198,820.61  gap=34.2820%
[NestedBenders] k=3 BACKWARD anio 3  Phi^LP=197,193.71 -> Phi^LR=198,820.61 (+1,626.90)
[NestedBenders] k=3 BACKWARD anio 2  [UB=1,914,880.23  LB=1,797,006.58]  relajando LP y leyendo duales (corte -> anio 1)...
[NestedBenders] k=3 BACKWARD anio 2  lagrangeano con integralidad (corte fortalecido)...
[NestedBenders] k=3 BACKWARD anio 2  Phi^LP=207,527.90 -> Phi^LR=207,527.90 (+0.00)
[NestedBenders] k=3 BACKWARD anio 1  [UB=1,914,880.23  LB=1,797,006.58]  resolviendo MILP con los cortes actualizados (cota inferior)...
[NestedBenders] k=3 cota del backward = 1,544,086.76  (no supera LB=1,797,006.58)
[NestedBenders] k=3  UB=1914880.2266  LB=1797006.5796  gap=6.1557%  tiempo_iteracion=2309.1s
[NestedBenders] k=4 FORWARD  anio 1 (1/4)  [UB=1,914,880.23  LB=1,797,006.58]  resolviendo MILP...
[DayDecomp] año 1: MIP start por dias (fase 1 libre, max, fase 2 fija, pulido)...
[DayDecomp]   y1 d15 fase1: 290,435.68  (optimal, 3s)
[DayDecomp]   y1 d105 fase1: 290,435.68  (optimal, 4s)
[DayDecomp]   y1 d196 fase1: 293,634.41  (optimal, 3s)
[DayDecomp]   y1 d288 fase1: 293,634.41  (optimal, 4s)
[DayDecomp]   agregado (max entre dias): N_bays=1  N_chargers=1  N_batteries=1  Delta_N_bays=1  Delta_N_chargers=1  Delta_N_batteries=1  n_ssee_k=1  G_g=0, 0  H=0  P_pot=0  R=0  b_bar=482
[DayDecomp]   y1 d15 fase2: 290,435.68  (optimal, 3s)
[DayDecomp]   y1 d105 fase2: 290,435.68  (optimal, 2s)
[DayDecomp]   y1 d196 fase2: 293,634.41  (optimal, 2s)
[DayDecomp]   y1 d288 fase2: 293,634.41  (optimal, 2s)
[DayDecomp]   pulido sobre el bloque anual: 59,481 valores, 45,773 enteras fijas, LP optimo en 5s -> incumbente 1,544,086.76
[DayDecomp] año 1: listo en 43s
[NestedBenders] k=4 FORWARD  anio 2 (2/4)  [UB=1,914,880.23  LB=1,797,006.58]  resolviendo MILP...
[DayDecomp] año 2: MIP start por dias (fase 1 libre, max, fase 2 fija, pulido)...
[DayDecomp]   y2 d15 fase1: 8,257.87  (optimal, 2s)
[DayDecomp]   y2 d105 fase1: 8,257.87  (optimal, 1s)
[DayDecomp]   y2 d196 fase1: 8,257.87  (optimal, 3s)
[DayDecomp]   y2 d288 fase1: 8,257.87  (optimal, 2s)
[DayDecomp]   agregado (max entre dias): N_bays=1  N_chargers=1  N_batteries=1  Delta_N_bays=0  Delta_N_chargers=0  Delta_N_batteries=0  n_ssee_k=1  G_g=1.29, 0  H=2  P_pot=0  R=-0  b_bar=480.7
[DayDecomp]   y2 d15 fase2: 8,257.87  (optimal, 1s)
[DayDecomp]   y2 d105 fase2: 8,257.87  (optimal, 1s)
[DayDecomp]   y2 d196 fase2: 8,257.87  (optimal, 1s)
[DayDecomp]   y2 d288 fase2: 8,257.87  (optimal, 1s)
[DayDecomp]   pulido sobre el bloque anual: 59,484 valores, 45,774 enteras fijas, LP optimo en 3s -> incumbente 152,151.57
[DayDecomp] año 2: listo en 21s
[NestedBenders] k=4 FORWARD  anio 3 (3/4)  [UB=1,914,880.23  LB=1,797,006.58]  resolviendo MILP...
[DayDecomp] año 3: MIP start por dias (fase 1 libre, max, fase 2 fija, pulido)...
[DayDecomp]   y3 d15 fase1: 11,655.90  (optimal, 11s)
[DayDecomp]   y3 d105 fase1: 12,660.98  (optimal, 17s)
[DayDecomp]   y3 d196 fase1: 15,783.96  (optimal, 11s)
WARNING: Loading a SolverResults object with an 'aborted' status, but
containing a solution
[DayDecomp]   y3 d288 fase1: 11,610.00  (maxTimeLimit, 61s)
[DayDecomp]   agregado (max entre dias): N_bays=1  N_chargers=1  N_batteries=1  Delta_N_bays=0  Delta_N_chargers=0  Delta_N_batteries=0  n_ssee_k=1  G_g=1.29, 0  H=2  P_pot=0  R=-0  b_bar=476.4
WARNING: Loading a SolverResults object with an 'aborted' status, but
containing a solution
[DayDecomp]   y3 d15 fase2: 11,655.90  (maxTimeLimit, 61s)
[DayDecomp]   y3 d105 fase2: 12,660.98  (optimal, 38s)
WARNING: Loading a SolverResults object with an 'aborted' status, but
containing a solution
[DayDecomp]   y3 d196 fase2: 15,667.70  (maxTimeLimit, 61s)
[DayDecomp]   y3 d288 fase2: 11,610.00  (optimal, 52s)
[DayDecomp]   pulido sobre el bloque anual: 59,484 valores, 45,774 enteras fijas, LP optimo en 6s -> incumbente 154,707.97
[DayDecomp] año 3: listo en 327s
WARNING: Loading a SolverResults object with an 'aborted' status, but
containing a solution
[NestedBenders] forward y=3  TimeLimit alcanzado sin cerrar MIPGap: UB=154,707.97  LB=150,367.46  gap=2.8056%
[NestedBenders] k=4 FORWARD  anio 4 (4/4)  [UB=1,914,880.23  LB=1,797,006.58]  resolviendo MILP...
[DayDecomp] año 4: MIP start por dias (fase 1 libre, max, fase 2 fija, pulido)...
[DayDecomp]   y4 d15 fase1: 127,500.08  (optimal, 9s)
[DayDecomp]   y4 d105 fase1: 128,322.52  (optimal, 11s)
[DayDecomp]   y4 d196 fase1: 131,490.38  (optimal, 24s)
[DayDecomp]   y4 d288 fase1: 123,005.01  (optimal, 27s)
[DayDecomp]   agregado (max entre dias): N_bays=1  N_chargers=2  N_batteries=2  Delta_N_bays=0  Delta_N_chargers=1  Delta_N_batteries=1  n_ssee_k=1  G_g=1.29, 0  H=2  P_pot=0  R=-0  b_bar=470.6
[DayDecomp]   y4 d15 fase2: 127,500.08  (optimal, 2s)
[DayDecomp]   y4 d105 fase2: 128,322.52  (optimal, 2s)
[DayDecomp]   y4 d196 fase2: 131,490.38  (optimal, 2s)
[DayDecomp]   y4 d288 fase2: 123,005.01  (optimal, 3s)
[DayDecomp]   pulido sobre el bloque anual: 59,484 valores, 45,774 enteras fijas, LP optimo en 5s -> incumbente 489,843.93
[DayDecomp] año 4: listo en 100s
WARNING: Loading a SolverResults object with an 'aborted' status, but
containing a solution
[NestedBenders] forward y=4  TimeLimit alcanzado sin cerrar MIPGap: UB=489,843.93  LB=470,720.53  gap=3.9040%
[NestedBenders] k=4 pulido de la solucion: 1,977,540.56 -> 1,937,684.57 (2.02% menos, 33s)
[NestedBenders] k=4 BACKWARD anio 4  [UB=1,914,880.23  LB=1,797,006.58]  relajando LP y leyendo duales (corte -> anio 3)...
[NestedBenders] k=4 BACKWARD anio 4  lagrangeano con integralidad (corte fortalecido)...
[NestedBenders] lagrangeano y=4  TimeLimit sin incumbente (solo cota dual 457,623.09)
[NestedBenders] k=4 BACKWARD anio 4  Phi^LP=124,987.16 -> Phi^LR=457,623.09 (+332,635.93)
[NestedBenders] k=4 BACKWARD anio 3  [UB=1,914,880.23  LB=1,797,006.58]  relajando LP y leyendo duales (corte -> anio 2)...
[NestedBenders] k=4 BACKWARD anio 3  lagrangeano con integralidad (corte fortalecido)...
[NestedBenders] lagrangeano y=3  TimeLimit alcanzado sin cerrar MIPGap: UB=522,150.27  LB=479,368.65  gap=8.1934%
[NestedBenders] k=4 BACKWARD anio 3  Phi^LP=479,285.08 -> Phi^LR=479,368.65 (+83.57)
[NestedBenders] k=4 BACKWARD anio 2  [UB=1,914,880.23  LB=1,797,006.58]  relajando LP y leyendo duales (corte -> anio 1)...
[NestedBenders] k=4 BACKWARD anio 2  lagrangeano con integralidad (corte fortalecido)...
[NestedBenders] k=4 BACKWARD anio 2  el lagrangeano no supero Phi^LP=487,626.53: el corte queda como el de Benders puro
[NestedBenders] k=4 BACKWARD anio 1  [UB=1,914,880.23  LB=1,797,006.58]  resolviendo MILP con los cortes actualizados (cota inferior)...
[NestedBenders] k=4 cota del backward = 1,764,631.89  (no supera LB=1,797,006.58)
[NestedBenders] k=4  UB=1914880.2266  LB=1797006.5796  gap=6.1557%  tiempo_iteracion=1831.6s
[NestedBenders] k=5 FORWARD  anio 1 (1/4)  [UB=1,914,880.23  LB=1,797,006.58]  resolviendo MILP...
[DayDecomp] año 1: MIP start por dias (fase 1 libre, max, fase 2 fija, pulido)...
[DayDecomp]   y1 d15 fase1: 290,435.68  (optimal, 2s)
[DayDecomp]   y1 d105 fase1: 290,435.68  (optimal, 2s)
[DayDecomp]   y1 d196 fase1: 293,634.41  (optimal, 2s)
[DayDecomp]   y1 d288 fase1: 293,634.41  (optimal, 2s)
[DayDecomp]   agregado (max entre dias): N_bays=1  N_chargers=1  N_batteries=1  Delta_N_bays=1  Delta_N_chargers=1  Delta_N_batteries=1  n_ssee_k=1  G_g=0, 0  H=0  P_pot=0  R=0  b_bar=482
[DayDecomp]   y1 d15 fase2: 290,435.68  (optimal, 2s)
[DayDecomp]   y1 d105 fase2: 290,435.68  (optimal, 1s)
[DayDecomp]   y1 d196 fase2: 293,634.41  (optimal, 2s)
[DayDecomp]   y1 d288 fase2: 293,634.41  (optimal, 1s)
[DayDecomp]   pulido sobre el bloque anual: 59,481 valores, 45,773 enteras fijas, LP optimo en 4s -> incumbente 1,802,143.79
[DayDecomp] año 1: listo en 25s
[NestedBenders] k=5 FORWARD  anio 2 (2/4)  [UB=1,914,880.23  LB=1,797,006.58]  resolviendo MILP...
[DayDecomp] año 2: MIP start por dias (fase 1 libre, max, fase 2 fija, pulido)...
WARNING: Loading a SolverResults object with an 'aborted' status, but
containing a solution
[DayDecomp]   y2 d15 fase1: 6,378.52  (maxTimeLimit, 61s)
WARNING: Loading a SolverResults object with an 'aborted' status, but
containing a solution
[DayDecomp]   y2 d105 fase1: 7,696.26  (maxTimeLimit, 61s)
WARNING: Loading a SolverResults object with an 'aborted' status, but
containing a solution
[DayDecomp]   y2 d196 fase1: 8,552.81  (maxTimeLimit, 61s)
WARNING: Loading a SolverResults object with an 'aborted' status, but
containing a solution
[DayDecomp]   y2 d288 fase1: 6,096.08  (maxTimeLimit, 61s)
[DayDecomp]   agregado (max entre dias): N_bays=1  N_chargers=1  N_batteries=1  Delta_N_bays=0  Delta_N_chargers=0  Delta_N_batteries=0  n_ssee_k=1  G_g=0.7121, 0  H=0.02217  P_pot=0  R=-0  b_bar=480.6
[DayDecomp]   y2 d15 fase2: 6,378.52  (optimal, 21s)
[DayDecomp]   y2 d105 fase2: 7,696.26  (optimal, 45s)
[DayDecomp]   y2 d196 fase2: 8,552.81  (optimal, 44s)
[DayDecomp]   y2 d288 fase2: 6,096.08  (optimal, 14s)
[DayDecomp]   pulido sobre el bloque anual: 59,484 valores, 45,774 enteras fijas, LP optimo en 2s -> incumbente 599,536.18
[DayDecomp] año 2: listo en 379s
WARNING: Loading a SolverResults object with an 'aborted' status, but
containing a solution
[NestedBenders] forward y=2  TimeLimit alcanzado sin cerrar MIPGap: UB=599,536.18  LB=592,611.17  gap=1.1551%
[NestedBenders] k=5 FORWARD  anio 3 (3/4)  [UB=1,914,880.23  LB=1,797,006.58]  resolviendo MILP...
[DayDecomp] año 3: MIP start por dias (fase 1 libre, max, fase 2 fija, pulido)...
WARNING: Loading a SolverResults object with an 'aborted' status, but
containing a solution
[DayDecomp]   y3 d15 fase1: 133,716.22  (maxTimeLimit, 62s)
WARNING: Loading a SolverResults object with an 'aborted' status, but
containing a solution
[DayDecomp]   y3 d105 fase1: 27,407.45  (maxTimeLimit, 61s)
WARNING: Loading a SolverResults object with an 'aborted' status, but
containing a solution
[DayDecomp]   y3 d196 fase1: 28,638.86  (maxTimeLimit, 61s)
[DayDecomp]   y3 d288 fase1: 21,274.06  (optimal, 47s)
[DayDecomp]   agregado (max entre dias): N_bays=1  N_chargers=2  N_batteries=2  Delta_N_bays=0  Delta_N_chargers=1  Delta_N_batteries=1  n_ssee_k=1  G_g=0.7121, 0  H=0.02217  P_pot=235.5  R=-0  b_bar=477.8
[DayDecomp]   y3 d15 fase2: 139,023.30  (optimal, 1s)
[DayDecomp]   y3 d105 fase2: 143,640.77  (optimal, 3s)
[DayDecomp]   y3 d196 fase2: 145,413.70  (optimal, 5s)
[DayDecomp]   y3 d288 fase2: 141,942.91  (optimal, 3s)
[DayDecomp]   pulido sobre el bloque anual: 59,484 valores, 45,774 enteras fijas, LP optimo en 3s -> incumbente 663,669.68
[DayDecomp] año 3: listo en 254s
WARNING: Loading a SolverResults object with an 'aborted' status, but
containing a solution
[NestedBenders] forward y=3  TimeLimit alcanzado sin cerrar MIPGap: UB=661,975.67  LB=592,932.15  gap=10.4299%
[NestedBenders] k=5 FORWARD  anio 4 (4/4)  [UB=1,914,880.23  LB=1,797,006.58]  resolviendo MILP...
[DayDecomp] año 4: MIP start por dias (fase 1 libre, max, fase 2 fija, pulido)...
WARNING: Loading a SolverResults object with an 'aborted' status, but
containing a solution
[DayDecomp]   y4 d15 fase1: 32,010.25  (maxTimeLimit, 62s)
WARNING: Loading a SolverResults object with an 'aborted' status, but
containing a solution
[DayDecomp]   y4 d105 fase1: 32,519.04  (maxTimeLimit, 62s)
WARNING: Loading a SolverResults object with an 'aborted' status, but
containing a solution
[DayDecomp]   y4 d196 fase1: 39,006.91  (maxTimeLimit, 62s)
WARNING: Loading a SolverResults object with an 'aborted' status, but
containing a solution
[DayDecomp]   y4 d288 fase1: 28,815.40  (maxTimeLimit, 61s)
[DayDecomp]   agregado (max entre dias): N_bays=1  N_chargers=2  N_batteries=2  Delta_N_bays=0  Delta_N_chargers=0  Delta_N_batteries=0  n_ssee_k=1  G_g=0.7121, 0  H=0.02217  P_pot=235.5  R=-0  b_bar=472.4
WARNING: Loading a SolverResults object with an 'aborted' status, but
containing a solution
[DayDecomp]   y4 d15 fase2: 34,817.49  (maxTimeLimit, 61s)
WARNING: Loading a SolverResults object with an 'aborted' status, but
containing a solution
[DayDecomp]   y4 d105 fase2: 35,124.36  (maxTimeLimit, 61s)
WARNING: Loading a SolverResults object with an 'aborted' status, but
containing a solution
[DayDecomp]   y4 d196 fase2: 36,578.47  (maxTimeLimit, 62s)
WARNING: Loading a SolverResults object with an 'aborted' status, but
containing a solution
[DayDecomp]   y4 d288 fase2: 33,620.94  (maxTimeLimit, 62s)
[DayDecomp]   pulido sobre el bloque anual: 59,484 valores, 45,774 enteras fijas, LP optimo en 6s -> incumbente 135,267.48
[DayDecomp] año 4: listo en 510s
WARNING: Loading a SolverResults object with an 'aborted' status, but
containing a solution
[NestedBenders] forward y=4  TimeLimit alcanzado sin cerrar MIPGap: UB=135,248.40  LB=102,538.09  gap=24.1854%
[NestedBenders] k=5 pulido de la solucion: 1,922,930.09 -> 1,913,847.31 (0.47% menos, 33s)
[NestedBenders] k=5: ultima iteracion, se omite el backward (--skip_last_backward)
[NestedBenders] k=5  UB=1913847.3098  LB=1797006.5796  gap=6.1050%  tiempo_iteracion=2140.5s
[NestedBenders] presolve de capacidad, fuerza de la cota: station_1: cota 1, elegido 1 (ajustada)
[NestedBenders] tiempo total: 13174.2s (5 iteraciones, 0 cortes de factibilidad)
[NestedBenders] cortes fortalecidos: 11 de 12 superaron Phi^LP (promedio +59,902.69, maximo +332,635.93)
[NestedBenders] termino en 5 iteraciones (13174s): UB=1,913,847.31  LB=1,797,006.58  gap=6.1050%
[NestedBenders] reporte: 237,940 valores cargados; costo recomputado = 1,922,930.09 contra UB 1,922,930.09 (desvio 0.000000); incluye 199,540.91 de apertura de naves
[NestedBenders] variables de bloque sin equivalente en el monolitico (descartadas): ['D_prev', 'N_batteries_prev', 'N_bays_prev', 'N_chargers_prev', 'alpha']
[NestedBenders] MIP start pulido (LP con enteras fijas, 183,100 fijadas, 21s): costo 1,922,930.09 -> 1,913,847.31
[NestedBenders] MIP start sin violaciones: max residuo 3.3e-11 < FeasibilityTol 1e-6 (6s)
JSONs, log y summary guardados en 'output/Resultados_finales_tesis/Mina_modelo/estab_4anios_A_sin_caja/'.
