
Gurobi 10.0.0 (win64) logging started Tue Mar 24 19:47:14 2026

Set parameter LogFile to value "output/Escenarios_DCH/COB_fixed_12dias\gurobi.log"
Set parameter Threads to value 24
Set parameter Heuristics to value 0.5
Set parameter MIPFocus to value 3
Set parameter Presolve to value 2
Set parameter FlowCoverCuts to value 2
Set parameter TimeLimit to value 172800
Gurobi Optimizer version 10.0.0 build v10.0.0rc2 (win64)

CPU model: Intel(R) Core(TM) i9-14900K, instruction set [SSE2|AVX|AVX2]
Thread count: 24 physical cores, 32 logical processors, using up to 24 threads

Optimize a model with 275043 rows, 895254 columns and 2912262 nonzeros
Model fingerprint: 0xa64e4724
Variable types: 114192 continuous, 781062 integer (781059 binary)
Coefficient statistics:
  Matrix range     [1e-01, 4e+02]
  Objective range  [4e-01, 3e+05]
  Bounds range     [1e+00, 1e+00]
  RHS range        [1e+00, 1e+18]
Warning: Model contains large rhs
         Consider reformulating model or setting NumericFocus parameter
         to avoid numerical issues.

Warning: Completing partial solution with 755113 unfixed non-continuous variables out of 781062
User MIP start did not produce a new incumbent solution
User MIP start violates constraint x1040225 by 0.000114060

Found heuristic solution: objective 9.739107e+10
Presolve removed 249320 rows and 761788 columns (presolve time = 10s) ...
Presolve removed 249320 rows and 761788 columns
Presolve time: 10.34s
Presolved: 25723 rows, 133466 columns, 387990 nonzeros
Variable types: 18364 continuous, 115102 integer (115099 binary)
Root relaxation presolve removed 6832 rows and 6832 columns
Root relaxation presolved: 18891 rows, 126634 columns, 374326 nonzeros

Deterministic concurrent LP optimizer: primal and dual simplex
Showing first log only...


Root simplex log...

Iteration    Objective       Primal Inf.    Dual Inf.      Time
       0    1.5285119e+11   0.000000e+00   9.344703e+09     11s
    8496    7.2516002e+05   0.000000e+00   0.000000e+00     11s
Concurrent spin time: 0.01s

Solved with primal simplex
    8496    7.2516002e+05   0.000000e+00   0.000000e+00     11s

Use crossover to convert LP symmetric solution to basic solution...

Root crossover log...

       0 DPushes remaining with DInf 0.0000000e+00                11s

    3608 PPushes remaining with PInf 0.0000000e+00                11s
       0 PPushes remaining with PInf 0.0000000e+00                11s

  Push phase complete: Pinf 0.0000000e+00, Dinf 5.1534238e-10     11s


Root simplex log...

Iteration    Objective       Primal Inf.    Dual Inf.      Time
   13577    7.2516002e+05   0.000000e+00   0.000000e+00     11s
   13577    7.2516002e+05   0.000000e+00   0.000000e+00     11s

Root relaxation: objective 7.251600e+05, 13577 iterations, 0.40 seconds (0.62 work units)
Total elapsed time = 16.12s

    Nodes    |    Current Node    |     Objective Bounds      |     Work
 Expl Unexpl |  Obj  Depth IntInf | Incumbent    BestBd   Gap | It/Node Time

     0     0 725160.024    0 4526 9.7391e+10 725160.024   100%     -   18s
H    0     0                    3.115780e+10 725160.024   100%     -   29s
H    0     0                    3.115780e+10 725160.024   100%     -   30s
H    0     0                    2.923184e+07 725160.024  97.5%     -   39s
H    0     0                    2.866970e+07 725160.024  97.5%     -   39s
H    0     0                    2.711829e+07 725160.024  97.3%     -   39s
H    0     0                    2.551750e+07 725160.024  97.2%     -   39s
H    0     0                    1.410358e+07 725160.024  94.9%     -   39s
H    0     0                    1.305080e+07 725160.024  94.4%     -   39s
H    0     0                    1.246858e+07 1188133.21  90.5%     -   55s
H    0     0                    1.004938e+07 1188133.21  88.2%     -   55s
H    0     0                    9466935.0905 1188133.21  87.4%     -   55s
H    0     0                    9377652.9279 1188133.21  87.3%     -   55s
H    0     0                    8068936.9029 1188133.21  85.3%     -   55s
H    0     0                    7661513.2855 1188133.21  84.5%     -   55s
H    0     0                    7078088.8452 1188133.21  83.2%     -   55s
     0     0 1188133.21    0 4528 7078088.85 1188133.21  83.2%     -   59s
     0     0 1188133.21    0 4265 7078088.85 1188133.21  83.2%     -   59s
H    0     0                    7048793.8438 1188133.21  83.1%     -   73s
H    0     0                    6844964.3551 1188133.21  82.6%     -   73s
H    0     0                    5970792.6326 1188133.21  80.1%     -   73s
     0     0 1188133.21    0 3784 5970792.63 1188133.21  80.1%     -   77s
H    0     0                    5504881.3977 1188133.21  78.4%     -   82s
H    0     0                    1544732.5612 1188133.21  23.1%     -   82s
     0     0 1482249.30    0 4115 1544732.56 1482249.30  4.04%     -   82s
     0     0 1498363.79    0 4273 1544732.56 1498363.79  3.00%     -   84s
     0     0 1498363.79    0 4117 1544732.56 1498363.79  3.00%     -   85s
     0     0 1498363.79    0 4210 1544732.56 1498363.79  3.00%     -   85s
     0     0 1498363.79    0 3956 1544732.56 1498363.79  3.00%     -   87s
     0     0 1498363.79    0 3134 1544732.56 1498363.79  3.00%     -   88s
     0     0 1498363.79    0 2610 1544732.56 1498363.79  3.00%     -   88s
     0     0 1498363.79    0 2080 1544732.56 1498363.79  3.00%     -   90s
     0     0 1498363.79    0 2080 1544732.56 1498363.79  3.00%     -   90s
     0     0 1509756.74    0 2073 1544732.56 1509756.74  2.26%     -   97s
     0     0 1509756.74    0  534 1544732.56 1509756.74  2.26%     -  112s
     0     0 1509756.74    0  522 1544732.56 1509756.74  2.26%     -  116s
     0     0 1509756.74    0  776 1544732.56 1509756.74  2.26%     -  116s
     0     0 1509756.74    0  596 1544732.56 1509756.74  2.26%     -  116s
     0     0 1509756.74    0  302 1544732.56 1509756.74  2.26%     -  117s
     0     0 1509756.74    0  162 1544732.56 1509756.74  2.26%     -  117s
     0     0 1509756.74    0  158 1544732.56 1509756.74  2.26%     -  117s
     0     0 1509756.74    0  159 1544732.56 1509756.74  2.26%     -  117s
     0     0 1509756.74    0  129 1544732.56 1509756.74  2.26%     -  123s
     0     0 1509756.74    0  176 1544732.56 1509756.74  2.26%     -  123s
     0     0 1509756.74    0  202 1544732.56 1509756.74  2.26%     -  123s
     0     0 1509756.74    0  158 1544732.56 1509756.74  2.26%     -  130s
     0     0 1509756.74    0  158 1544732.56 1509756.74  2.26%     -  133s
     4     4 1509756.74    2   35 1544732.56 1509756.74  2.26% 54959  142s
   152   678 1509756.74    9   11 1544732.56 1509756.74  2.26%  1457  145s
   711   734 1509756.74    6   10 1544732.56 1509756.74  2.26%   348  150s
   807   888 1509756.74   10   18 1544732.56 1509756.74  2.26%   308  155s
  1658  1660 1509982.76    2   36 1544732.56 1509982.76  2.25%   164  168s
  1688  1712 1509982.76    6   96 1544732.56 1509982.76  2.25%   161  170s
  1736  1786 1509982.76    8   94 1544732.56 1509982.76  2.25%   157  193s
  1786  1922 1509982.76    8   92 1544732.56 1509982.76  2.25%   152  213s
  1922  2954 1509982.76   10   96 1544732.56 1509982.76  2.25%   142  221s
H 2954  2954                    1544192.8661 1509982.76  2.22%  36.8  222s
  2954  3450 1509982.76   20   21 1544192.87 1509982.76  2.22%   103  225s
  3450  9147 1509982.76   27   15 1544192.87 1509982.76  2.22%  90.1  242s
H 9210  9147                    1544192.8658 1509982.76  2.22%  20.6  243s
  9210 11734 1509982.76   35   13 1544192.87 1509982.76  2.22%  42.6  255s
H11797 11734                    1537222.4393 1509982.76  1.77%  18.2  256s
 11797 17758 1509982.76   22   90 1537222.44 1509982.76  1.77%  32.5  293s
 17843 17104 1509982.76   11    8 1537222.44 1509982.76  1.77%  28.0  307s
 17921 16595 1509982.76   17   14 1537222.44 1509982.76  1.77%  27.9  314s
 17969 16707 1509982.76   18   19 1537222.44 1509982.76  1.77%  27.9  316s
 18377 17197 1509982.76   30    8 1537222.44 1509982.76  1.77%  27.4  321s
H19003 16988                    1537222.4364 1509982.76  1.77%  16.5  321s
 19025 16493     cutoff   16      1537222.44 1509982.76  1.77%  29.2  343s
 19057 16536 1509982.76   21   19 1537222.44 1509982.76  1.77%  29.2  345s
 19162 16531 1509982.76   24   19 1537222.44 1509982.76  1.77%  29.2  350s
 19265 17263 1509982.76   26   15 1537222.44 1509982.76  1.77%  29.1  356s
H20177 16959                    1537163.1054 1509982.76  1.77%  18.2  357s
 20203 15933 1509989.18   15   42 1537163.11 1509989.18  1.77%  30.3  441s
 20233 15975 1509991.85   19  113 1537163.11 1509991.85  1.77%  30.3  445s
 20281 15716 1509991.85   21  121 1537163.11 1509991.85  1.77%  30.3  450s
 20329 15425 1509991.85   22  121 1537163.11 1509991.85  1.77%  30.2  492s
 20353 15244 1509991.85   20  115 1537163.11 1509991.85  1.77%  30.2  519s
 20471 16220 1509991.85   36  115 1537163.11 1509991.85  1.77%  30.1  534s
H21503 15876                    1536132.3343 1509991.85  1.70%  21.0  534s
 21503 20801 1509991.85   53   20 1536132.33 1509991.85  1.70%  30.2  571s
 26489 22036 1509991.85   31   13 1536132.33 1509991.85  1.70%  26.5  591s
H29386 20800                    1536112.1953 1509991.85  1.70%  18.5  592s
 29386 26812 1509991.85   25  121 1536112.20 1509991.85  1.70%  24.3  626s
H35410 24534                    1536110.5448 1509991.85  1.70%  16.5  627s
 35410 26107 1510171.61   57   12 1536110.54 1509991.85  1.70%  22.1  632s
 37026 25593 1510050.09   39   58 1536110.54 1509991.85  1.70%  21.8  638s
 37050 31884 1509991.85  160   24 1536110.54 1509991.85  1.70%  21.8  662s
H43626 30989                    1535140.5147 1509991.85  1.64%  16.3  663s
 43626 32981     cutoff   26      1535140.51 1509991.85  1.64%  20.2  682s
H45642 31577                    1534882.6292 1509991.85  1.62%  15.8  683s
 45642 32465 1509991.85   99   19 1534882.63 1509991.85  1.62%  20.1  689s
 46554 34626 1509991.85   92   14 1534882.63 1509991.85  1.62%  20.0  702s
 49193 35551 1509991.85  206   13 1534882.63 1509991.85  1.62%  19.7  709s
 51030 36165 1509991.85  160    9 1534882.63 1509991.85  1.62%  19.9  715s
H51654 36165                    1534882.6289 1509991.85  1.62%  16.0  715s
 51654 42063     cutoff   25      1534882.63 1509991.85  1.62%  19.3  747s
 57576 45788 1509991.85   82   19 1534882.63 1509991.85  1.62%  18.4  764s
 62902 44825 1510050.09  227   71 1534882.63 1509991.85  1.62%  17.9  770s
 63502 53141 1509991.85  232    9 1534882.63 1509991.85  1.62%  18.0  808s
 72006 55515     cutoff   26      1534882.63 1509991.85  1.62%  18.5  833s
 74430 55717 1509991.85   51    8 1534882.63 1509991.85  1.62%  18.4  839s
 74634 56238 1509991.85   70   10 1534882.63 1509991.85  1.62%  18.4  870s
 75164 64992 1510171.61  113   18 1534882.63 1509991.85  1.62%  18.4  928s
 84404 69822 1509991.85  225    9 1534882.63 1509991.85  1.62%  18.2  945s
 89357 78386     cutoff   24      1534882.63 1509991.85  1.62%  17.8 1009s
 97968 84610 1509991.85   46   17 1534882.63 1509991.85  1.62%  17.3 1046s
 104561 84757 1509991.85  230    9 1534882.63 1509991.85  1.62%  17.3 1058s
 104709 95719 1509991.85  220   25 1534882.63 1509991.85  1.62%  17.3 1230s
H115941 95719                    1534882.6285 1509991.85  1.62%  15.0 1232s
 115941 102463 1509991.85   24  113 1534882.63 1509991.85  1.62%  16.5 1273s
 122902 105917 1510171.61  206   17 1534882.63 1509991.85  1.62%  16.7 1299s
 126550 110932 1509991.85   79   29 1534882.63 1509991.85  1.62%  16.7 1325s
 131818 110956 1509991.85  175   11 1534882.63 1509991.85  1.62%  16.8 1337s
 131842 134518 1509991.85  270   32 1534882.63 1509991.85  1.62%  16.8 1486s
 143854 134518 1509991.85  143   13 1534882.63 1509991.85  1.62%  16.2 1490s
 155866 134515     cutoff   25      1534882.63 1509991.85  1.62%  15.6 1515s
 155917 158285 1509991.85   31  113 1534882.63 1509991.85  1.62%  15.6 1778s
 161923 158285 1509991.85   32  115 1534882.63 1509991.85  1.62%  15.4 1780s
H179941 158285                    1534882.6272 1509991.85  1.62%  14.0 1784s
 179941 160189 1509991.85   80   22 1534882.63 1509991.85  1.62%  15.1 1807s
 181942 168556 1510171.61   92   12 1534882.63 1509991.85  1.62%  15.1 1897s
 190715 169678 1510050.09  229   74 1534882.63 1509991.85  1.62%  15.2 1914s
 191880 192473 1509991.85  229   26 1534882.63 1509991.85  1.62%  15.3 2119s
 196885 192473 1509991.85  156   25 1534882.63 1509991.85  1.62%  15.1 2120s
 215054 192459     cutoff   24      1534882.63 1509991.85  1.62%  14.8 2201s
 215116 216227     cutoff   24      1534882.63 1509991.85  1.62%  14.8 2955s
 239140 219075 1509991.85   24    8 1534882.63 1509991.85  1.62%  14.5 3035s
 242068 223604 1510171.61   58   22 1534882.63 1509991.85  1.62%  14.6 3087s
 246749 231772 1509991.85   77   18 1534882.63 1509991.85  1.62%  14.6 3200s
 255597 231826 1510050.09  214   50 1534882.63 1509991.85  1.62%  14.7 3222s
 255651 255407 1509991.85  155    9 1534882.63 1509991.85  1.62%  14.7 3458s
 268664 255407 1509991.85  226    9 1534882.63 1509991.85  1.62%  14.4 3463s
H279675 255407                    1534882.6254 1509991.85  1.62%  13.5 3467s
 279675 255421     cutoff   28      1534882.63 1509991.85  1.62%  14.1 3519s
 279709 279053 1509999.98   28  127 1534882.63 1509991.85  1.62%  14.1 3840s
 303733 284792 1509991.85   50   18 1534882.63 1509991.85  1.62%  15.1 3918s
 309918 288806 1510171.61   76   18 1534882.63 1509991.85  1.62%  15.2 3955s
 314217 294832 1510171.61   68   23 1534882.63 1509991.85  1.62%  15.2 4024s
 314492 294832 1510171.61   52   18 1534882.63 1509991.85  1.62%  15.2 4025s
 320613 294856 1509991.85  159    8 1534882.63 1509991.85  1.62%  15.2 4053s
 320637 318264 1510248.29  222   65 1534882.63 1509991.85  1.62%  15.2 4311s
 333650 318264 1509991.85  215   52 1534882.63 1509991.85  1.62%  14.9 4316s
 344661 318287 1509991.85   28  117 1534882.63 1509991.85  1.62%  14.6 4451s
 344686 341805 1509991.85   29  122 1534882.63 1509991.85  1.62%  14.6 4802s
 352694 341805 1509993.91   25  128 1534882.63 1509991.85  1.62%  14.7 4806s
 368710 348048 1510171.61   68   18 1534882.63 1509991.85  1.62%  15.2 4893s
 375404 350827 1509991.85   82   17 1534882.63 1509991.85  1.62%  15.2 4923s
 378440 354472 1509991.85   54   12 1534882.63 1509991.85  1.62%  15.2 4959s
 382399 357616 1509991.85   70   25 1534882.63 1509991.85  1.62%  15.2 4990s
 385706 357653 1509991.85  162   11 1534882.63 1509991.85  1.62%  15.2 5012s
 385745 381047 1509991.85  226   15 1534882.63 1509991.85  1.62%  15.2 5277s
 392752 381047 1509991.85  217   64 1534882.63 1509991.85  1.62%  15.1 5280s
 409769 381069 1509991.85   36  140 1534882.63 1509991.85  1.62%  14.7 5382s
 409795 404651 1509991.85   34  132 1534882.63 1509991.85  1.62%  14.7 5809s
 411797 404651 1509991.85   37  140 1534882.63 1509991.85  1.62%  14.8 5810s
 420806 404651 1509991.97   38  151 1534882.63 1509991.85  1.62%  15.4 5815s
 433819 410000 1509991.85   79   12 1534882.63 1509991.85  1.62%  16.5 5897s
 439645 415117 1510171.61   83   18 1534882.63 1509991.85  1.62%  16.5 5968s
 445049 418501 1510171.61  126   10 1534882.63 1509991.85  1.62%  16.5 6014s
 448652 422127 1509991.85  100   32 1534882.63 1509991.85  1.62%  16.5 6060s
 452476 425681 1510171.61   91   20 1534882.63 1509991.85  1.62%  16.5 6107s
 456211 425744 1510097.83  219   55 1534882.63 1509991.85  1.62%  16.5 6131s
 456275 449087 1509991.85  223   42 1534882.63 1509991.85  1.62%  16.6 6435s
 465284 449087 1509991.85  227   11 1534882.63 1509991.85  1.62%  16.4 6440s
 480299 449111 1509991.85   39  121 1534882.63 1509991.85  1.62%  16.2 6609s
 480323 472911 1509992.09   41  149 1534882.63 1509991.85  1.62%  16.2 7040s
 495338 472911 1509991.85   37  144 1534882.63 1509991.85  1.62%  16.1 7048s
 504347 477548 1509991.85   72   20 1534882.63 1509991.85  1.62%  16.2 7128s
 509177 481316 1510171.61  107   27 1534882.63 1509991.85  1.62%  16.2 7189s
 513113 485130 1509991.85   80   17 1534882.63 1509991.85  1.62%  16.2 7251s
 517204 489555 1509991.85  100   29 1534882.63 1509991.85  1.62%  16.2 7325s
 521882 493757 1510171.61   88   25 1534882.63 1509991.85  1.62%  16.2 7395s
 526317 497697 1510171.61   92   24 1534882.63 1509991.85  1.62%  16.3 7456s
H530469 497697                    1534882.6252 1509991.85  1.62%  15.9 7458s
 530469 497730 1509991.85  171   51 1534882.63 1509991.85  1.62%  16.3 7479s
 530502 521019 1509991.85  223   19 1534882.63 1509991.85  1.62%  16.3 7786s
 554526 521076 1509991.85  233   53 1534882.63 1509991.85  1.62%  16.0 7821s
 554584 544666 1509991.85  232   12 1534882.63 1509991.85  1.62%  16.0 8246s
 578608 544688 1509991.85   44  155 1534882.63 1509991.85  1.62%  15.7 8370s
 578634 568489 1509991.85   43  141 1534882.63 1509991.85  1.62%  15.7 8871s
 589645 568489 1509994.82   45  113 1534882.63 1509991.85  1.62%  15.6 8878s
 592648 568489 1509991.85   39  136 1534882.63 1509991.85  1.62%  15.6 8880s
 602658 568513 1509993.13   47  154 1534882.63 1509991.85  1.62%  15.6 9094s
 602682 592312 1509994.80   52  146 1534882.63 1509991.85  1.62%  15.6 9623s
 612692 592312 1509991.85   42  145 1534882.63 1509991.85  1.62%  15.6 9629s
 620700 592312 1509992.37   51  126 1534882.63 1509991.85  1.62%  15.5 9634s
 626706 596732 1509991.85  103   63 1534882.63 1509991.85  1.62%  15.6 9728s
 631431 600596 1509991.85   65   14 1534882.63 1509991.85  1.62%  15.6 9806s
 635475 605046 1509991.85  110   17 1534882.63 1509991.85  1.62%  15.6 9895s
 640229 608532 1509991.85   46   14 1534882.63 1509991.85  1.62%  15.6 9963s
 643916 612626 1510171.61   64   27 1534882.63 1509991.85  1.62%  15.6 10038s
 648267 616214 1509991.85   52   13 1534882.63 1509991.85  1.62%  15.6 10108s
 652096 619944 1509991.85   66   33 1534882.63 1509991.85  1.62%  15.6 10177s
 655939 623758 1510171.61   36   14 1534882.63 1509991.85  1.62%  15.6 10253s
H660049 623758                    1534882.6245 1509991.85  1.62%  15.3 10255s
 660049 623788 1509991.85  236   19 1534882.62 1509991.85  1.62%  15.6 10284s
 660079 647345 1509991.85  102   66 1534882.62 1509991.85  1.62%  15.6 10642s
 664083 647345 1509991.85  101   80 1534882.62 1509991.85  1.62%  15.6 10645s
 682101 647345 1509991.85  160   28 1534882.62 1509991.85  1.62%  15.4 10654s
 684103 647385 1509991.85  184   54 1534882.62 1509991.85  1.62%  15.4 10688s
 684143 651819 1509991.85  152   77 1534882.62 1509991.85  1.62%  15.4 10739s

Cutting planes:
  Gomory: 1
  Lift-and-project: 7
  MIR: 3
  StrongCG: 55
  Flow cover: 392
  RLT: 11

Explored 688721 nodes (10686543 simplex iterations) in 10748.96 seconds (1131.61 work units)
Thread count was 24 (of 32 available processors)

Solution count 10: 1.53488e+06 1.53488e+06 1.53488e+06 ... 1.53611e+06

Solve interrupted
Best objective 1.534882624514e+06, best bound 1.509991846443e+06, gap 1.6217%
