
Gurobi 12.0.3 (win64) logging started Sun Aug 23 02:53:45 2026

Set parameter LogFile to value "C:\Users\TECNO-MASTER\Desktop\Elmo_infrastructure_sizing_NP-\output\DCH_agosto\Costo_variable\Carga_libre\Carga_on_board_variable_3estaciones_P640kW_Descomp/station_2_d182_stage1\gurobi.log"
Set parameter Threads to value 1
Set parameter Heuristics to value 0.5
Set parameter MIPFocus to value 3
Set parameter Presolve to value 2
Set parameter FlowCoverCuts to value 2
Set parameter TimeLimit to value 172800
Gurobi Optimizer version 12.0.3 build v12.0.3rc0 (win64 - Windows 11+.0 (26200.2))

CPU model: Intel(R) Core(TM) i9-14900K, instruction set [SSE2|AVX|AVX2]
Thread count: 24 physical cores, 32 logical processors, using up to 1 threads

Non-default parameters:
TimeLimit  172800
MIPGap  0.01
Heuristics  0.5
MIPFocus  3
FlowCoverCuts  2
Presolve  2
Threads  1

Optimize a model with 23772 rows, 39247 columns and 116710 nonzeros
Model fingerprint: 0x1014acfb
Variable types: 18325 continuous, 20922 integer (20921 binary)
Coefficient statistics:
  Matrix range     [1e-01, 6e+02]
  Objective range  [1e-02, 1e+05]
  Bounds range     [1e+00, 3e+00]
  RHS range        [1e+00, 1e+04]
Presolve removed 20876 rows and 28441 columns
Presolve time: 0.79s
Presolved: 2896 rows, 10806 columns, 34238 nonzeros
Variable types: 841 continuous, 9965 integer (9873 binary)
Root relaxation presolved: 2896 rows, 10806 columns, 34238 nonzeros


Root relaxation: objective 5.555504e+04, 4284 iterations, 0.60 seconds (0.62 work units)

    Nodes    |    Current Node    |     Objective Bounds      |     Work
 Expl Unexpl |  Obj  Depth IntInf | Incumbent    BestBd   Gap | It/Node Time

     0     0 55555.0417    0  404          - 55555.0417      -     -    3s
     0     0 164012.264    0  229          - 164012.264      -     -   10s
H    0     0                    184280.99283 164012.264  11.0%     -   10s
H    0     0                    184254.83381 164012.264  11.0%     -   10s
H    0     0                    184224.99222 164012.264  11.0%     -   10s
H    0     0                    181809.24838 164012.264  9.79%     -   10s
H    0     0                    178995.86000 164012.264  8.37%     -   10s
H    0     0                    178942.84536 164012.264  8.34%     -   10s
H    0     0                    174961.02614 164012.264  6.26%     -   10s
H    0     0                    174627.66192 164012.264  6.08%     -   10s
H    0     0                    174565.45779 164012.264  6.05%     -   11s
H    0     0                    167526.59828 164012.264  2.10%     -   11s
H    0     0                    166879.34281 164012.264  1.72%     -   11s
H    0     0                    166761.31486 164012.264  1.65%     -   11s
H    0     0                    166692.63709 164012.264  1.61%     -   11s
H    0     0                    166672.70198 164012.264  1.60%     -   11s
H    0     0                    166671.53696 164012.264  1.60%     -   11s
H    0     0                    166324.94378 164012.264  1.39%     -   11s
H    0     0                    165967.89291 164012.264  1.18%     -   11s
H    0     0                    165898.20634 164012.264  1.14%     -   11s
     0     0 164012.300    0  244 165898.206 164012.300  1.14%     -   11s
     0     0 164017.312    0  224 165898.206 164017.312  1.13%     -   13s
H    0     0                    165860.67525 164045.603  1.09%     -   13s
H    0     0                    165842.65632 164045.603  1.08%     -   13s
     0     0 164045.603    0  276 165842.656 164045.603  1.08%     -   13s
     0     0          -    0      165842.656 164188.157  1.00%     -   14s

Cutting planes:
  Gomory: 30
  Lift-and-project: 48
  Cover: 17
  Implied bound: 42
  Clique: 6
  MIR: 26
  Mixing: 1
  Flow cover: 112
  Zero half: 16
  RLT: 1
  Relax-and-lift: 17
  BQP: 1

Explored 1 nodes (41926 simplex iterations) in 14.43 seconds (9.13 work units)
Thread count was 1 (of 32 available processors)

Solution count 10: 165843 165861 165898 ... 166879

Optimal solution found (tolerance 1.00e-02)
Best objective 1.658426563226e+05, best bound 1.641881565131e+05, gap 0.9976%
