
Gurobi 12.0.0 (win64) logging started Sun Aug 23 02:32:57 2026

Set parameter LogFile to value "C:\Users\TECNO-MASTER\Desktop\Elmo_infrastructure_sizing_NP-\output\DCH_agosto\Costo_variable\Ventana_restringida\Carga_on_board_variable_3estaciones_P320kW_Descomp/station_1_d182_stage1\gurobi.log"
Set parameter Threads to value 1
Set parameter Heuristics to value 0.5
Set parameter MIPFocus to value 3
Set parameter Presolve to value 2
Set parameter FlowCoverCuts to value 2
Set parameter TimeLimit to value 172800
Gurobi Optimizer version 12.0.0 build v12.0.0rc1 (win64 - Windows 11+.0 (26200.2))

CPU model: Intel(R) Core(TM) i9-14900K, instruction set [SSE2|AVX|AVX2]
Thread count: 24 physical cores, 32 logical processors, using up to 1 threads

Non-default parameters:
TimeLimit  172800
MIPGap  0.01
Heuristics  0.5
MIPFocus  3
FlowCoverCuts  2
Presolve  2
Threads  1

Optimize a model with 23314 rows, 37249 columns and 111230 nonzeros
Model fingerprint: 0xbf3c47ab
Variable types: 17323 continuous, 19926 integer (19925 binary)
Coefficient statistics:
  Matrix range     [1e-01, 3e+02]
  Objective range  [1e-02, 9e+04]
  Bounds range     [1e+00, 3e+00]
  RHS range        [1e+00, 1e+04]
Presolve removed 22120 rows and 28486 columns
Presolve time: 0.18s
Presolved: 1194 rows, 8763 columns, 27134 nonzeros
Variable types: 233 continuous, 8530 integer (8443 binary)
Root relaxation presolved: 1194 rows, 8763 columns, 27134 nonzeros


Use crossover to convert LP symmetric solution to basic solution...

Root relaxation: objective 1.921334e+05, 3283 iterations, 0.06 seconds (0.05 work units)

    Nodes    |    Current Node    |     Objective Bounds      |     Work
 Expl Unexpl |  Obj  Depth IntInf | Incumbent    BestBd   Gap | It/Node Time

     0     0 204568.573    0   92          - 204568.573      -     -    0s
H    0     0                    248950.80416 204568.573  17.8%     -    0s
H    0     0                    235364.09309 204568.573  13.1%     -    0s
H    0     0                    235278.89955 204568.573  13.1%     -    0s
H    0     0                    234397.96073 204568.573  12.7%     -    0s
H    0     0                    234354.22272 204568.573  12.7%     -    0s
H    0     0                    234101.86503 204568.573  12.6%     -    0s
H    0     0                    233517.03270 204568.573  12.4%     -    1s
H    0     0                    230716.02434 204568.573  11.3%     -    1s
H    0     0                    230196.17839 204568.573  11.1%     -    1s
     0     0 209039.615    0   83 230196.178 209039.615  9.19%     -    1s
H    0     0                    229817.43695 211088.149  8.15%     -    1s
H    0     0                    221473.41769 211088.149  4.69%     -    1s
H    0     0                    221458.28450 211088.149  4.68%     -    1s
H    0     0                    221416.63435 211088.149  4.66%     -    1s
H    0     0                    221404.85955 211088.149  4.66%     -    1s
H    0     0                    221401.64278 211088.149  4.66%     -    1s
H    0     0                    221333.08464 211088.149  4.63%     -    1s
H    0     0                    221313.35522 211088.149  4.62%     -    1s
     0     0 211088.149    0   86 221313.355 211088.149  4.62%     -    1s
     0     0 211088.149    0   82 221313.355 211088.149  4.62%     -    2s
H    0     0                    221071.30909 211088.149  4.52%     -    2s
H    0     0                    220922.30428 211088.149  4.45%     -    2s
     0     0 211088.149    0   77 220922.304 211088.149  4.45%     -    2s
     0     0 211088.149    0   88 220922.304 211088.149  4.45%     -    2s
     0     0 211088.149    0   86 220922.304 211088.149  4.45%     -    2s
H    0     0                    220790.25045 211088.149  4.39%     -    3s
H    0     0                    220601.38912 211088.149  4.31%     -    3s
H    0     0                    220540.25904 211088.149  4.29%     -    3s
     0     2 211092.921    0   85 220540.259 211092.921  4.28%     -    3s
H    3     1                    220307.85577 217158.899  1.43%   496    4s
    12    12 217158.899    7   83 220307.856 217158.899  1.43%   274    5s
H   14    12                    219024.75703 217158.899  0.85%   244    5s

Cutting planes:
  Gomory: 4
  Lift-and-project: 1
  Cover: 26
  Implied bound: 4
  Clique: 3
  MIR: 143
  Mixing: 9
  Flow cover: 185
  Zero half: 31
  RLT: 3
  Relax-and-lift: 55

Explored 15 nodes (12623 simplex iterations) in 5.19 seconds (5.02 work units)
Thread count was 1 (of 32 available processors)

Solution count 10: 219025 220308 220540 ... 221402

Optimal solution found (tolerance 1.00e-02)
Best objective 2.190247570343e+05, best bound 2.171588985336e+05, gap 0.8519%
