
Gurobi 12.0.0 (win64) logging started Mon Sep  7 04:00:21 2026

Set parameter LogFile to value "C:\Users\TECNO-MASTER\Desktop\Elmo_infrastructure_sizing_NP-\output\DCH_septiembre\Bateria_482\Costo_variable\Ventana_restringida\Carga_on_board_variable_3estaciones_P640kW_Descomp/station_1_d182_stage1\gurobi.log"
Set parameter Threads to value 1
Set parameter Heuristics to value 0.5
Set parameter MIPFocus to value 3
Set parameter Presolve to value 2
Set parameter FlowCoverCuts to value 2
Set parameter TimeLimit to value 1200
Gurobi Optimizer version 12.0.0 build v12.0.0rc1 (win64 - Windows 11+.0 (26200.2))

CPU model: Intel(R) Core(TM) i9-14900K, instruction set [SSE2|AVX|AVX2]
Thread count: 24 physical cores, 32 logical processors, using up to 1 threads

Non-default parameters:
TimeLimit  1200
MIPGap  0.05
Heuristics  0.5
MIPFocus  3
FlowCoverCuts  2
Presolve  2
Threads  1

Optimize a model with 23314 rows, 37249 columns and 111230 nonzeros
Model fingerprint: 0x465b609d
Variable types: 17323 continuous, 19926 integer (19925 binary)
Coefficient statistics:
  Matrix range     [1e-01, 6e+02]
  Objective range  [1e-02, 1e+05]
  Bounds range     [1e+00, 1e+00]
  RHS range        [1e+00, 1e+04]
Presolve removed 22108 rows and 28478 columns
Presolve time: 0.20s
Presolved: 1206 rows, 8771 columns, 26578 nonzeros
Variable types: 233 continuous, 8538 integer (8537 binary)
Root relaxation presolved: 1206 rows, 8771 columns, 26578 nonzeros


Use crossover to convert LP symmetric solution to basic solution...

Root relaxation: objective 1.548391e+05, 2934 iterations, 0.05 seconds (0.05 work units)

    Nodes    |    Current Node    |     Objective Bounds      |     Work
 Expl Unexpl |  Obj  Depth IntInf | Incumbent    BestBd   Gap | It/Node Time

     0     0 154839.124    0  114          - 154839.124      -     -    0s
H    0     0                    271860.91223 154839.124  43.0%     -    0s
H    0     0                    271743.78298 154839.124  43.0%     -    0s
H    0     0                    269981.03540 154839.124  42.6%     -    0s
H    0     0                    269822.28065 154839.124  42.6%     -    0s
H    0     0                    186775.61692 154839.124  17.1%     -    0s
H    0     0                    183739.84323 154839.124  15.7%     -    0s
H    0     0                    183706.72773 154839.124  15.7%     -    0s
     0     0 168750.416    0   95 183706.728 168750.416  8.14%     -    1s
H    0     0                    183470.55183 171825.036  6.35%     -    1s
H    0     0                    182389.58583 171825.036  5.79%     -    1s
H    0     0                    178956.25394 171825.036  3.98%     -    1s

Cutting planes:
  Cover: 3
  Implied bound: 5
  Projected implied bound: 1
  Clique: 28
  MIR: 1
  Flow cover: 3
  Zero half: 19
  Relax-and-lift: 3
  BQP: 30
  PSD: 1

Explored 1 nodes (6073 simplex iterations) in 1.82 seconds (1.35 work units)
Thread count was 1 (of 32 available processors)

Solution count 10: 178956 182390 183471 ... 271861

Optimal solution found (tolerance 5.00e-02)
Best objective 1.789562539362e+05, best bound 1.718250358948e+05, gap 3.9849%
