
Gurobi 12.0.1 (win64) logging started Thu Apr  2 01:00:31 2026

Set parameter LogFile to value "output/Escenarios_DCH/Costo_fijo/3_estaciones_base/Carga_on_board_fixed_3estaciones_P640kW\gurobi.log"
Set parameter Threads to value 24
Set parameter Heuristics to value 0.5
Set parameter MIPFocus to value 3
Set parameter Presolve to value 2
Set parameter FlowCoverCuts to value 2
Set parameter TimeLimit to value 172800
Gurobi Optimizer version 12.0.1 build v12.0.1rc0 (win64 - Windows 11+.0 (26200.2))

CPU model: 11th Gen Intel(R) Core(TM) i7-1165G7 @ 2.80GHz, instruction set [SSE2|AVX|AVX2|AVX512]
Thread count: 4 physical cores, 8 logical processors, using up to 24 threads

Warning: Thread count (24) is larger than processor count (8)
         Reduce the value of the Threads parameter to improve performance


Non-default parameters:
TimeLimit  172800
MIPGap  0.01
Heuristics  0.5
MIPFocus  3
FlowCoverCuts  2
Presolve  2
Threads  24

Optimize a model with 22923 rows, 74610 columns and 242694 nonzeros
Model fingerprint: 0x08c2211d
Variable types: 9516 continuous, 65094 integer (65091 binary)
Coefficient statistics:
  Matrix range     [1e-01, 6e+02]
  Objective range  [5e+00, 4e+06]
  Bounds range     [1e+00, 1e+00]
  RHS range        [1e+00, 1e+18]
Warning: Model contains large rhs
         Consider reformulating model or setting NumericFocus parameter
         to avoid numerical issues.
Found heuristic solution: objective 9.773957e+10
Presolve removed 16930 rows and 46788 columns
Presolve time: 0.35s
Presolved: 5993 rows, 27822 columns, 84186 nonzeros
Variable types: 3888 continuous, 23934 integer (23931 binary)
Root relaxation presolve removed 1464 rows and 1464 columns
Root relaxation presolved: 4529 rows, 26358 columns, 81258 nonzeros


Use crossover to convert LP symmetric solution to basic solution...

Root relaxation: objective 5.635893e+05, 6064 iterations, 0.35 seconds (0.43 work units)

    Nodes    |    Current Node    |     Objective Bounds      |     Work
 Expl Unexpl |  Obj  Depth IntInf | Incumbent    BestBd   Gap | It/Node Time

     0     0 563589.339    0 1421 9.7740e+10 563589.339   100%     -    2s
H    0     0                    5.090222e+08 563589.339   100%     -    2s
H    0     0                    2.766214e+07 563589.339  98.0%     -    2s
H    0     0                    2.207299e+07 563589.339  97.4%     -    5s
H    0     0                    1.577683e+07 563589.339  96.4%     -    5s
H    0     0                    1.542625e+07 563589.339  96.3%     -    5s
H    0     0                    1.542426e+07 563589.339  96.3%     -    5s
H    0     0                    5546173.3111 563589.339  89.8%     -    5s
H    0     0                    3801415.4093 563589.339  85.2%     -    5s
H    0     0                    3800480.4174 563589.339  85.2%     -    5s
H    0     0                    3799220.5473 1333682.01  64.9%     -    7s
H    0     0                    3799218.6268 1333682.01  64.9%     -    7s
     0     0 1521554.29    0  246 3799218.63 1521554.29  60.0%     -    8s
H    0     0                    3798293.1575 1521554.29  59.9%     -    9s
H    0     0                    3796349.6857 1521554.29  59.9%     -    9s
H    0     0                    3637107.4926 1521554.29  58.2%     -    9s
H    0     0                    3288398.3950 1521554.29  53.7%     -    9s
H    0     0                    2938929.6595 1521554.29  48.2%     -    9s
H    0     0                    2937805.1640 1521554.29  48.2%     -    9s
H    0     0                    2935703.9621 1521554.29  48.2%     -    9s
H    0     0                    2935579.5061 1521554.29  48.2%     -    9s
H    0     0                    2587178.2093 1521554.29  41.2%     -    9s
     0     0 1521554.29    0  282 2587178.21 1521554.29  41.2%     -    9s
H    0     0                    2585192.0938 1521554.29  41.1%     -    9s
H    0     0                    2236541.3243 1521554.29  32.0%     -    9s
     0     0 1522752.77    0  160 2236541.32 1522752.77  31.9%     -    9s
H    0     0                    1887634.6768 1522752.77  19.3%     -   10s
H    0     0                    1540050.9379 1522752.77  1.12%     -   10s
H    0     0                    1539007.8058 1522752.77  1.06%     -   10s
H    0     0                    1538928.0090 1522752.77  1.05%     -   12s
H    0     0                    1538817.5231 1522752.77  1.04%     -   12s
H    0     0                    1536869.2948 1522752.77  0.92%     -   12s
H    0     0                    1536867.9744 1522752.77  0.92%     -   12s
H    0     0                    1536867.9643 1522752.77  0.92%     -   12s
     0     0 1522754.51    0   54 1536867.96 1522754.51  0.92%     -   12s

Cutting planes:
  Gomory: 35
  Implied bound: 5
  MIR: 22
  Mixing: 8
  Flow cover: 338
  RLT: 4
  Relax-and-lift: 15

Explored 1 nodes (49115 simplex iterations) in 12.31 seconds (9.86 work units)
Thread count was 24 (of 8 available processors)

Solution count 10: 1.53687e+06 1.53687e+06 1.53882e+06 ... 2.58718e+06

Optimal solution found (tolerance 1.00e-02)
Best objective 1.536867964340e+06, best bound 1.522754508274e+06, gap 0.9183%
