
Gurobi 12.0.0 (win64) logging started Mon Sep  7 03:41:25 2026

Set parameter LogFile to value "C:\Users\TECNO-MASTER\Desktop\Elmo_infrastructure_sizing_NP-\output\DCH_septiembre\Bateria_353\Costo_variable\Carga_libre\Carga_on_board_variable_3estaciones_P160kW_Descomp/station_3_d60_stage1\gurobi.log"
Set parameter Threads to value 1
Set parameter Heuristics to value 0.5
Set parameter MIPFocus to value 3
Set parameter Presolve to value 2
Set parameter FlowCoverCuts to value 2
Set parameter TimeLimit to value 1200
Gurobi Optimizer version 12.0.0 build v12.0.0rc1 (win64 - Windows 11+.0 (26200.2))

CPU model: Intel(R) Core(TM) i9-14900K, instruction set [SSE2|AVX|AVX2]
Thread count: 24 physical cores, 32 logical processors, using up to 1 threads

Non-default parameters:
TimeLimit  1200
MIPGap  0.05
Heuristics  0.5
MIPFocus  3
FlowCoverCuts  2
Presolve  2
Threads  1

Optimize a model with 22740 rows, 37249 columns and 110628 nonzeros
Model fingerprint: 0x9bf480e6
Variable types: 17323 continuous, 19926 integer (19925 binary)
Coefficient statistics:
  Matrix range     [1e-01, 2e+02]
  Objective range  [9e-03, 6e+04]
  Bounds range     [1e+00, 1e+00]
  RHS range        [1e+00, 1e+04]
Presolve removed 19951 rows and 26953 columns
Presolve time: 0.24s
Presolved: 2789 rows, 10296 columns, 31379 nonzeros
Variable types: 840 continuous, 9456 integer (9455 binary)
Root relaxation presolved: 2789 rows, 10296 columns, 31379 nonzeros


Root relaxation: objective 9.007643e+04, 6287 iterations, 0.98 seconds (1.06 work units)

    Nodes    |    Current Node    |     Objective Bounds      |     Work
 Expl Unexpl |  Obj  Depth IntInf | Incumbent    BestBd   Gap | It/Node Time

     0     0 104721.892    0  297          - 104721.892      -     -    3s
     0     0 154003.807    0  248          - 154003.807      -     -    3s
     0     0 154005.981    0  197          - 154005.981      -     -    5s
     0     0 154027.657    0  184          - 154027.657      -     -    5s
     0     0 154027.657    0  181          - 154027.657      -     -    5s
     0     0 154036.056    0  201          - 154036.056      -     -    6s
     0     0 154036.056    0  220          - 154036.056      -     -    6s
     0     0 154036.083    0  162          - 154036.083      -     -    8s
H    0     0                    154236.72955 154036.162  0.13%     -    8s

Cutting planes:
  Gomory: 13
  Lift-and-project: 4
  Cover: 12
  Implied bound: 13
  Clique: 1
  MIR: 3
  Mixing: 1
  Flow cover: 14
  Zero half: 3
  Relax-and-lift: 12

Explored 1 nodes (28591 simplex iterations) in 8.18 seconds (7.02 work units)
Thread count was 1 (of 32 available processors)

Solution count 1: 154237 

Optimal solution found (tolerance 5.00e-02)
Best objective 1.542367295482e+05, best bound 1.540361617933e+05, gap 0.1300%
