
Gurobi 12.0.0 (win64) logging started Mon Sep  7 03:49:03 2026

Set parameter LogFile to value "C:\Users\TECNO-MASTER\Desktop\Elmo_infrastructure_sizing_NP-\output\DCH_septiembre\Bateria_482\Costo_fijo\Carga_libre\Carga_on_board_fixed_3estaciones_P160kW_Descomp/station_2_d152_stage1\gurobi.log"
Set parameter Threads to value 1
Set parameter Heuristics to value 0.5
Set parameter MIPFocus to value 3
Set parameter Presolve to value 2
Set parameter FlowCoverCuts to value 2
Set parameter TimeLimit to value 1200
Gurobi Optimizer version 12.0.0 build v12.0.0rc1 (win64 - Windows 11+.0 (26200.2))

CPU model: Intel(R) Core(TM) i9-14900K, instruction set [SSE2|AVX|AVX2]
Thread count: 24 physical cores, 32 logical processors, using up to 1 threads

Non-default parameters:
TimeLimit  1200
MIPGap  0.05
Heuristics  0.5
MIPFocus  3
FlowCoverCuts  2
Presolve  2
Threads  1

Optimize a model with 23772 rows, 39247 columns and 116710 nonzeros
Model fingerprint: 0xe4a32f90
Variable types: 18325 continuous, 20922 integer (20921 binary)
Coefficient statistics:
  Matrix range     [1e-01, 2e+02]
  Objective range  [4e-01, 6e+04]
  Bounds range     [1e+00, 1e+00]
  RHS range        [1e+00, 1e+04]
Presolve removed 20947 rows and 28432 columns
Presolve time: 0.26s
Presolved: 2825 rows, 10815 columns, 33077 nonzeros
Variable types: 841 continuous, 9974 integer (9973 binary)
Root relaxation presolved: 2825 rows, 10815 columns, 33077 nonzeros


Root relaxation: objective 1.455534e+05, 7550 iterations, 1.09 seconds (1.31 work units)

    Nodes    |    Current Node    |     Objective Bounds      |     Work
 Expl Unexpl |  Obj  Depth IntInf | Incumbent    BestBd   Gap | It/Node Time

     0     0 154547.654    0  237          - 154547.654      -     -    3s
     0     0 158082.801    0  163          - 158082.801      -     -    4s
     0     0 159782.103    0  113          - 159782.103      -     -    5s
H    0     0                    186809.43043 159782.103  14.5%     -    5s
H    0     0                    179218.34695 159782.103  10.8%     -    6s
H    0     0                    177858.20734 159782.103  10.2%     -    6s
H    0     0                    177144.65740 159782.103  9.80%     -    6s
     0     0 161341.014    0  143 177144.657 161341.014  8.92%     -    6s
H    0     0                    174653.73814 161341.014  7.62%     -    7s
H    0     0                    174517.93705 161341.014  7.55%     -    7s
H    0     0                    174462.64736 161341.014  7.52%     -    7s
H    0     0                    174394.61985 161341.014  7.49%     -    7s
H    0     0                    174042.63325 161341.014  7.30%     -    7s
     0     0 161341.014    0  145 174042.633 161341.014  7.30%     -    7s
     0     0 161341.014    0  155 174042.633 161341.014  7.30%     -    8s
     0     0 161341.014    0  122 174042.633 161341.014  7.30%     -    9s
     0     0 161341.014    0  126 174042.633 161341.014  7.30%     -    9s
     0     0 161341.014    0  128 174042.633 161341.014  7.30%     -   10s
     0     0 161341.014    0  126 174042.633 161341.014  7.30%     -   10s
H    0     0                    172882.69040 161341.014  6.68%     -   10s
H    0     0                    171935.08743 161341.014  6.16%     -   10s
H    0     0                    171756.42077 161341.014  6.06%     -   10s
H    0     0                    171679.67623 161341.014  6.02%     -   10s
H    0     0                    171102.22481 161341.014  5.70%     -   10s
H    0     0                    170774.12742 161341.014  5.52%     -   10s
     0     2 162595.955    0  126 170774.127 162595.955  4.79%     -   11s

Cutting planes:
  Gomory: 10
  Lift-and-project: 2
  Cover: 16
  Implied bound: 1
  Clique: 8
  MIR: 70
  Flow cover: 6
  Zero half: 9
  Relax-and-lift: 24

Explored 1 nodes (33879 simplex iterations) in 11.12 seconds (10.72 work units)
Thread count was 1 (of 32 available processors)

Solution count 10: 170774 171102 171680 ... 174518

Optimal solution found (tolerance 5.00e-02)
Best objective 1.707741274164e+05, best bound 1.625959545778e+05, gap 4.7889%
