
Gurobi 12.0.3 (win64) logging started Wed Jul 29 21:26:22 2026

Set parameter LogFile to value "output/Taller_DET_Agosto/carga_ob_640_7lhd\station_1_d213_stage1\gurobi.log"
Set parameter Threads to value 2
Set parameter Heuristics to value 0.5
Set parameter MIPFocus to value 3
Set parameter Presolve to value 2
Set parameter FlowCoverCuts to value 2
Set parameter TimeLimit to value 172800
Gurobi Optimizer version 12.0.3 build v12.0.3rc0 (win64 - Windows 11+.0 (26200.2))

CPU model: Intel(R) Core(TM) i9-14900K, instruction set [SSE2|AVX|AVX2]
Thread count: 24 physical cores, 32 logical processors, using up to 2 threads

Non-default parameters:
TimeLimit  172800
MIPGap  0.01
Heuristics  0.5
MIPFocus  3
FlowCoverCuts  2
Presolve  2
Threads  2

Optimize a model with 50318 rows, 86080 columns and 256121 nonzeros
Model fingerprint: 0x1e14c5be
Variable types: 40718 continuous, 45362 integer (45361 binary)
Coefficient statistics:
  Matrix range     [1e-01, 6e+02]
  Objective range  [4e-01, 1e+05]
  Bounds range     [1e+00, 3e+00]
  RHS range        [1e+00, 3e+04]
Presolve removed 47843 rows and 64108 columns
Presolve time: 0.26s
Presolved: 2475 rows, 21972 columns, 70313 nonzeros
Variable types: 463 continuous, 21509 integer (21337 binary)
Root relaxation presolved: 2475 rows, 21972 columns, 70313 nonzeros


Use crossover to convert LP symmetric solution to basic solution...

Root relaxation: objective 2.937553e+05, 5564 iterations, 0.10 seconds (0.14 work units)

    Nodes    |    Current Node    |     Objective Bounds      |     Work
 Expl Unexpl |  Obj  Depth IntInf | Incumbent    BestBd   Gap | It/Node Time

     0     0 329638.623    0  147          - 329638.623      -     -    1s
     0     0 346735.737    0  114          - 346735.737      -     -    1s
H    0     0                    784521.82022 346735.737  55.8%     -    1s
H    0     0                    421492.19153 346735.737  17.7%     -    1s
H    0     0                    421407.53080 346735.737  17.7%     -    1s
H    0     0                    421095.36977 346735.737  17.7%     -    1s
H    0     0                    392120.00666 346735.737  11.6%     -    2s
H    0     0                    380150.54368 346735.737  8.79%     -    2s
H    0     0                    379191.68588 346735.737  8.56%     -    2s
H    0     0                    360493.29394 346735.737  3.82%     -    2s
H    0     0                    354256.27281 346735.737  2.12%     -    2s
H    0     0                    352299.19182 346735.737  1.58%     -    2s
H    0     0                    350202.22488 346735.737  0.99%     -    2s

Explored 1 nodes (16114 simplex iterations) in 2.19 seconds (3.08 work units)
Thread count was 2 (of 32 available processors)

Solution count 10: 350202 352299 354256 ... 421492

Optimal solution found (tolerance 1.00e-02)
Best objective 3.502022248753e+05, best bound 3.467357370381e+05, gap 0.9899%
