
Gurobi 12.0.3 (win64) logging started Mon Sep  7 19:29:17 2026

Set parameter LogFile to value "C:\Users\TECNO-MASTER\Desktop\Elmo_infrastructure_sizing_NP-\output\DCH_septiembre\Bateria_353\Costo_variable\Carga_libre\Carga_on_board_variable_3estaciones_P640kW_Descomp/station_1_d152_stage1\gurobi.log"
Set parameter Threads to value 1
Set parameter Heuristics to value 0.5
Set parameter MIPFocus to value 3
Set parameter Presolve to value 2
Set parameter FlowCoverCuts to value 2
Set parameter TimeLimit to value 1200
Gurobi Optimizer version 12.0.3 build v12.0.3rc0 (win64 - Windows 11+.0 (26200.2))

CPU model: Intel(R) Core(TM) i9-14900K, instruction set [SSE2|AVX|AVX2]
Thread count: 24 physical cores, 32 logical processors, using up to 1 threads

Non-default parameters:
TimeLimit  1200
MIPGap  0.05
Heuristics  0.5
MIPFocus  3
FlowCoverCuts  2
Presolve  2
Threads  1

Optimize a model with 22770 rows, 37249 columns and 110686 nonzeros
Model fingerprint: 0x8d5039d1
Variable types: 17323 continuous, 19926 integer (19925 binary)
Coefficient statistics:
  Matrix range     [1e-01, 6e+02]
  Objective range  [1e-02, 1e+05]
  Bounds range     [1e+00, 1e+00]
  RHS range        [1e+00, 1e+04]
Presolve removed 19880 rows and 26950 columns
Presolve time: 0.27s
Presolved: 2890 rows, 10299 columns, 31950 nonzeros
Variable types: 841 continuous, 9458 integer (9457 binary)
Root relaxation presolved: 2890 rows, 10299 columns, 31950 nonzeros


Root relaxation: objective 5.326044e+04, 4947 iterations, 0.63 seconds (0.67 work units)

    Nodes    |    Current Node    |     Objective Bounds      |     Work
 Expl Unexpl |  Obj  Depth IntInf | Incumbent    BestBd   Gap | It/Node Time

     0     0 53260.4383    0  380          - 53260.4383      -     -    1s
     0     0 79706.7337    0  183          - 79706.7337      -     -    3s
H    0     0                    151233.05955 87404.2380  42.2%     -    3s
H    0     0                    150854.52580 87404.2380  42.1%     -    3s
H    0     0                    150310.22609 87404.2380  41.9%     -    3s
H    0     0                    150178.84735 87404.2380  41.8%     -    3s
H    0     0                    149550.42287 87404.2380  41.6%     -    3s
H    0     0                    149545.61154 87404.2380  41.6%     -    3s
     0     0 87404.2380    0  168 149545.612 87404.2380  41.6%     -    4s
H    0     0                    149542.17495 87404.2380  41.6%     -    4s
H    0     0                    149524.96553 87404.2380  41.5%     -    5s
     0     0 87404.2380    0  233 149524.966 87404.2380  41.5%     -    5s
     0     0 87404.2380    0  236 149524.966 87404.2380  41.5%     -    6s
     0     0 87404.2380    0  220 149524.966 87404.2380  41.5%     -    6s
H    0     0                    149228.34233 87404.2380  41.4%     -    7s
H    0     0                    148991.03670 87404.2380  41.3%     -    7s
H    0     0                    148971.60987 87404.2380  41.3%     -    7s
H    0     0                    148952.52162 87404.2380  41.3%     -    7s
H    0     0                    148933.58199 87404.2380  41.3%     -    7s
H    0     0                    148921.55325 87404.2380  41.3%     -    7s
H    0     0                    148892.21613 87404.2380  41.3%     -    7s
H    0     0                    148889.57864 87404.2380  41.3%     -    7s
H    0     0                    148837.79157 87404.2380  41.3%     -    7s
H    0     0                    148820.67720 87404.2380  41.3%     -    7s
H    0     0                    148814.46994 87404.2380  41.3%     -    7s
H    0     0                    148813.30554 87404.2380  41.3%     -    8s
     0     2 87404.2380    0  219 148813.306 87404.2380  41.3%     -    8s

Cutting planes:
  Gomory: 16
  Cover: 4
  MIR: 1
  Zero half: 148
  RLT: 1
  Relax-and-lift: 4

Explored 3 nodes (25440 simplex iterations) in 8.36 seconds (7.98 work units)
Thread count was 1 (of 32 available processors)

Solution count 10: 148813 148814 148821 ... 148972

Optimal solution found (tolerance 5.00e-02)
Best objective 1.488133055428e+05, best bound 1.479841814097e+05, gap 0.5572%
