
Gurobi 12.0.3 (win64) logging started Sun Aug 23 17:22:46 2026

Set parameter LogFile to value "C:\Users\TECNO-MASTER\Desktop\Elmo_infrastructure_sizing_NP-\output\DCH_agosto\Costo_variable\Ventana_restringida\Carga_on_board_variable_3estaciones_P1000kW_Descomp/station_3_d121\gurobi.log"
Set parameter Threads to value 1
Set parameter Heuristics to value 0.5
Set parameter MIPFocus to value 3
Set parameter Presolve to value 2
Set parameter FlowCoverCuts to value 2
Set parameter TimeLimit to value 172800
Gurobi Optimizer version 12.0.3 build v12.0.3rc0 (win64 - Windows 11+.0 (26200.2))

CPU model: Intel(R) Core(TM) i9-14900K, instruction set [SSE2|AVX|AVX2]
Thread count: 24 physical cores, 32 logical processors, using up to 1 threads

Non-default parameters:
TimeLimit  172800
MIPGap  0.01
Heuristics  0.5
MIPFocus  3
FlowCoverCuts  2
Presolve  2
Threads  1

Optimize a model with 23314 rows, 37249 columns and 110330 nonzeros
Model fingerprint: 0x5d95183b
Variable types: 17323 continuous, 19926 integer (19925 binary)
Coefficient statistics:
  Matrix range     [1e-01, 1e+03]
  Objective range  [8e-03, 1e+02]
  Bounds range     [1e+00, 3e+00]
  RHS range        [1e+00, 1e+04]
Presolve removed 22249 rows and 28485 columns
Presolve time: 0.20s
Presolved: 1065 rows, 8764 columns, 26579 nonzeros
Variable types: 233 continuous, 8531 integer (8440 binary)
Root relaxation presolved: 1065 rows, 8764 columns, 26579 nonzeros


Use crossover to convert LP symmetric solution to basic solution...

Root relaxation: objective 2.150035e+05, 3188 iterations, 0.06 seconds (0.04 work units)

    Nodes    |    Current Node    |     Objective Bounds      |     Work
 Expl Unexpl |  Obj  Depth IntInf | Incumbent    BestBd   Gap | It/Node Time

     0     0 215003.491    0   67          - 215003.491      -     -    0s
     0     0 215003.491    0   55          - 215003.491      -     -    1s
H    0     0                    279430.34682 215003.491  23.1%     -    1s
H    0     0                    279390.17026 215003.491  23.0%     -    1s
H    0     0                    256757.10152 215003.491  16.3%     -    1s
     0     0 215004.199    0   50 256757.102 215004.199  16.3%     -    1s
     0     0 215004.199    0   57 256757.102 215004.199  16.3%     -    1s
     0     0 215004.199    0   52 256757.102 215004.199  16.3%     -    1s
H    0     0                    251032.04149 215004.199  14.4%     -    1s
H    0     0                    248170.66680 215004.199  13.4%     -    1s
H    0     0                    248169.75265 215004.199  13.4%     -    1s
H    0     0                    246200.66612 215004.199  12.7%     -    1s
     0     0 215004.199    0   61 246200.666 215004.199  12.7%     -    1s
     0     0 215004.199    0   75 246200.666 215004.199  12.7%     -    2s
H    0     0                    243423.69852 215004.199  11.7%     -    2s
H    0     0                    240968.10738 215004.199  10.8%     -    2s
H    0     0                    240054.90591 215004.199  10.4%     -    2s
H    0     0                    240053.74005 215004.199  10.4%     -    2s
H    0     0                    237851.26001 215004.199  9.61%     -    2s
H    0     0                    236272.28195 215004.199  9.00%     -    2s
H    0     0                    236170.06265 215004.199  8.96%     -    3s
H    0     0                    236116.19042 215004.199  8.94%     -    3s
     0     0 215004.199    0   76 236116.190 215004.199  8.94%     -    3s
     0     0 215004.199    0   59 236116.190 215004.199  8.94%     -    3s
     0     0 215004.199    0   50 236116.190 215004.199  8.94%     -    3s
H    0     0                    236107.49596 215004.199  8.94%     -    4s
H    0     0                    234133.19845 215004.199  8.17%     -    4s
H    0     0                    232596.90567 215004.199  7.56%     -    4s
H    0     0                    232572.31358 215004.199  7.55%     -    4s
H    0     0                    232557.87023 215004.199  7.55%     -    4s
     0     2 215004.199    0   49 232557.870 215004.199  7.55%     -    4s
     8    10 215004.199    4   97 232557.870 215004.199  7.55%   755    5s
H    9     9                    231416.93502 215004.199  7.09%   671    5s
H    9     9                    231416.37932 215004.199  7.09%   671    5s
H   26    26                    226640.17264 215017.796  5.13%  1047    6s
H   26    26                    226341.39072 215017.796  5.00%  1047    6s
H   26    26                    226335.20209 215017.796  5.00%  1047    6s
H   27    27                    226111.51913 215024.973  4.90%  1055    7s
H   27    27                    226072.98916 215024.973  4.89%  1055    7s
H   27    27                    225776.67711 215024.973  4.76%  1055    7s
H   27    27                    225775.67223 215024.973  4.76%  1055    7s
H   27    27                    225690.44757 215024.973  4.73%  1055    7s
H   27    27                    225673.78603 215024.973  4.72%  1055    7s
H   27    27                    225671.07823 215024.973  4.72%  1055    7s
H   27    27                    225670.73740 215024.973  4.72%  1055    7s
H   40    40                    223757.61997 215046.277  3.89%  1040    8s
H   52    52                    221289.66810 215167.739  2.77%   978    8s
H   52    52                    221278.29730 215167.739  2.76%   978    8s
H   52    52                    220618.47353 215167.739  2.47%   978    8s
H   54    54                    216929.84762 215190.295  0.80%   963    9s

Cutting planes:
  Gomory: 56
  Lift-and-project: 5
  Cover: 24
  Implied bound: 28
  Projected implied bound: 1
  Clique: 19
  MIR: 185
  Mixing: 11
  StrongCG: 1
  Flow cover: 297
  Zero half: 51
  RLT: 19
  Relax-and-lift: 57
  BQP: 2
  PSD: 17

Explored 55 nodes (66590 simplex iterations) in 9.35 seconds (10.46 work units)
Thread count was 1 (of 32 available processors)

Solution count 10: 216930 220618 221278 ... 225776

Optimal solution found (tolerance 1.00e-02)
Best objective 2.169298476234e+05, best bound 2.151938420808e+05, gap 0.8003%
