
Gurobi 10.0.0 (win64) logging started Fri May  1 17:31:12 2026

Set parameter LogFile to value "output\DET\COB_costo_fijo\gurobi.log"
Set parameter Threads to value 24
Set parameter Heuristics to value 0.5
Set parameter MIPFocus to value 3
Set parameter Presolve to value 2
Set parameter FlowCoverCuts to value 2
Set parameter TimeLimit to value 172800
Gurobi Optimizer version 10.0.0 build v10.0.0rc2 (win64)

CPU model: 11th Gen Intel(R) Core(TM) i7-1165G7 @ 2.80GHz, instruction set [SSE2|AVX|AVX2|AVX512]
Thread count: 4 physical cores, 8 logical processors, using up to 24 threads

Warning: Thread count (24) is larger than processor count (8)
         Reduce the value of the Threads parameter to improve performance


Optimize a model with 51703 rows, 86592 columns and 221684 nonzeros
Model fingerprint: 0xebe784f8
Variable types: 42310 continuous, 44282 integer (44281 binary)
Coefficient statistics:
  Matrix range     [1e-01, 3e+02]
  Objective range  [5e+00, 4e+07]
  Bounds range     [1e+00, 3e+02]
  RHS range        [1e+00, 3e+03]
Presolve removed 46818 rows and 57018 columns
Presolve time: 0.39s
Presolved: 4885 rows, 29574 columns, 89228 nonzeros
Variable types: 2635 continuous, 26939 integer (26938 binary)
Root relaxation presolve removed 1107 rows and 1107 columns
Root relaxation presolved: 3778 rows, 28467 columns, 87014 nonzeros


Root relaxation: objective 6.020738e+05, 5536 iterations, 0.98 seconds (1.80 work units)

    Nodes    |    Current Node    |     Objective Bounds      |     Work
 Expl Unexpl |  Obj  Depth IntInf | Incumbent    BestBd   Gap | It/Node Time

     0     0 826833.311    0  233          - 826833.311      -     -    4s
H    0     0                    7.963067e+08 826833.311   100%     -    4s
     0     0 918596.207    0  351 7.9631e+08 918596.207   100%     -    7s
H    0     0                    995774.83333 918596.207  7.75%     -    8s
H    0     0                    931805.50930 918596.207  1.42%     -    8s
     0     0 930882.877    0  381 931805.509 930882.877  0.10%     -    8s

Cutting planes:
  Gomory: 10
  Lift-and-project: 2
  MIR: 3
  StrongCG: 55
  Flow cover: 61
  RLT: 2

Explored 1 nodes (31398 simplex iterations) in 8.67 seconds (11.13 work units)
Thread count was 24 (of 8 available processors)

Solution count 3: 931806 995775 7.96307e+08 

Optimal solution found (tolerance 1.00e-02)
Best objective 9.318055092984e+05, best bound 9.308828770748e+05, gap 0.0990%
