
Gurobi 12.0.3 (win64) logging started Tue Jun 30 15:14:07 2026

Set parameter LogFile to value "output/DCH_taller_julio/Costo_fijo/Carga_on_board_1000kW_Descomp/station_2_d244\gurobi.log"
Set parameter Threads to value 5
Set parameter Heuristics to value 0.5
Set parameter MIPFocus to value 3
Set parameter Presolve to value 2
Set parameter FlowCoverCuts to value 2
Set parameter TimeLimit to value 172800
Gurobi Optimizer version 12.0.3 build v12.0.3rc0 (win64 - Windows 11+.0 (26200.2))

CPU model: Intel(R) Core(TM) i9-14900K, instruction set [SSE2|AVX|AVX2]
Thread count: 24 physical cores, 32 logical processors, using up to 5 threads

Non-default parameters:
TimeLimit  172800
MIPGap  0.01
Heuristics  0.5
MIPFocus  3
FlowCoverCuts  2
Presolve  2
Threads  5

Optimize a model with 23795 rows, 37807 columns and 115930 nonzeros
Model fingerprint: 0x4cf942c0
Variable types: 18325 continuous, 19482 integer (19481 binary)
Coefficient statistics:
  Matrix range     [1e-01, 1e+03]
  Objective range  [4e-01, 1e+02]
  Bounds range     [1e+00, 1e+00]
  RHS range        [1e+00, 1e+04]
Presolve removed 21393 rows and 27338 columns
Presolve time: 0.16s
Presolved: 2402 rows, 10469 columns, 31720 nonzeros
Variable types: 821 continuous, 9648 integer (9648 binary)
Root relaxation presolved: 2402 rows, 10469 columns, 31720 nonzeros


Root relaxation: objective 2.214745e+05, 2603 iterations, 0.12 seconds (0.16 work units)

    Nodes    |    Current Node    |     Objective Bounds      |     Work
 Expl Unexpl |  Obj  Depth IntInf | Incumbent    BestBd   Gap | It/Node Time

     0     0 221474.527    0   18          - 221474.527      -     -    0s
H    0     0                    249647.90555 221474.527  11.3%     -    0s
H    0     0                    232556.03771 221474.527  4.77%     -    0s
H    0     0                    221745.93592 221474.527  0.12%     -    0s

Explored 1 nodes (7056 simplex iterations) in 0.83 seconds (0.85 work units)
Thread count was 5 (of 32 available processors)

Solution count 3: 221746 232556 249648 

Optimal solution found (tolerance 1.00e-02)
Best objective 2.217459359242e+05, best bound 2.214745272242e+05, gap 0.1224%
