
Gurobi 12.0.0 (win64) logging started Mon Sep  7 03:57:53 2026

Set parameter LogFile to value "C:\Users\TECNO-MASTER\Desktop\Elmo_infrastructure_sizing_NP-\output\DCH_septiembre\Bateria_482\Costo_variable\Ventana_restringida\Carga_on_board_variable_3estaciones_P320kW_Descomp/station_2_d121_stage1\gurobi.log"
Set parameter Threads to value 1
Set parameter Heuristics to value 0.5
Set parameter MIPFocus to value 3
Set parameter Presolve to value 2
Set parameter FlowCoverCuts to value 2
Set parameter TimeLimit to value 1200
Gurobi Optimizer version 12.0.0 build v12.0.0rc1 (win64 - Windows 11+.0 (26200.2))

CPU model: Intel(R) Core(TM) i9-14900K, instruction set [SSE2|AVX|AVX2]
Thread count: 24 physical cores, 32 logical processors, using up to 1 threads

Non-default parameters:
TimeLimit  1200
MIPGap  0.05
Heuristics  0.5
MIPFocus  3
FlowCoverCuts  2
Presolve  2
Threads  1

Optimize a model with 24316 rows, 39247 columns and 117254 nonzeros
Model fingerprint: 0xcb4ec86f
Variable types: 18325 continuous, 20922 integer (20921 binary)
Coefficient statistics:
  Matrix range     [1e-01, 3e+02]
  Objective range  [8e-03, 8e+04]
  Bounds range     [1e+00, 1e+00]
  RHS range        [1e+00, 1e+04]
Presolve removed 23116 rows and 29960 columns
Presolve time: 0.19s
Presolved: 1200 rows, 9287 columns, 28012 nonzeros
Variable types: 233 continuous, 9054 integer (9053 binary)
Root relaxation presolved: 1200 rows, 9287 columns, 28012 nonzeros


Use crossover to convert LP symmetric solution to basic solution...

Root relaxation: objective 2.076806e+05, 3389 iterations, 0.07 seconds (0.05 work units)

    Nodes    |    Current Node    |     Objective Bounds      |     Work
 Expl Unexpl |  Obj  Depth IntInf | Incumbent    BestBd   Gap | It/Node Time

     0     0 215410.790    0   77          - 215410.790      -     -    0s
H    0     0                    230350.11806 215410.790  6.49%     -    0s
H    0     0                    224978.95241 215410.790  4.25%     -    0s

Explored 1 nodes (5947 simplex iterations) in 0.92 seconds (0.79 work units)
Thread count was 1 (of 32 available processors)

Solution count 2: 224979 230350 

Optimal solution found (tolerance 5.00e-02)
Best objective 2.249789524081e+05, best bound 2.154107903304e+05, gap 4.2529%
