
Gurobi 10.0.0 (win64) logging started Sun Oct  4 05:17:50 2026

Set parameter LogFile to value "output/Resultados_finales_tesis/Mina_modelo/cota_op_nmin_milp_10anios\gurobi_base.log"
Set parameter LogToConsole to value 0
Gurobi Optimizer version 10.0.0 build v10.0.0rc2 (win64)

CPU model: Intel(R) Core(TM) i9-14900K, instruction set [SSE2|AVX|AVX2]
Thread count: 24 physical cores, 32 logical processors, using up to 32 threads

Optimize a model with 605862 rows, 654214 columns and 3069791 nonzeros
Model fingerprint: 0x6e9e9354
Variable types: 654123 continuous, 91 integer (10 binary)
Coefficient statistics:
  Matrix range     [1e-02, 1e+03]
  Objective range  [5e-01, 6e+05]
  Bounds range     [1e+00, 5e+02]
  RHS range        [1e+00, 6e+04]
Presolve removed 248895 rows and 294482 columns
Presolve time: 2.28s
Presolved: 356967 rows, 359732 columns, 1748222 nonzeros
Variable types: 359683 continuous, 49 integer (9 binary)
Deterministic concurrent LP optimizer: primal simplex, dual simplex, and barrier
Showing barrier log only...

Root barrier log...

Ordering time: 0.10s

Barrier statistics:
 Dense cols : 33
 AA' NZ     : 2.916e+06
 Factor NZ  : 1.119e+07 (roughly 400 MB of memory)
 Factor Ops : 1.488e+09 (less than 1 second per iteration)
 Threads    : 21

                  Objective                Residual
Iter       Primal          Dual         Primal    Dual     Compl     Time
   0   6.94455991e+09 -1.01786137e+13  3.87e+05 6.92e+03  4.40e+08     4s
   1   6.57315290e+09 -9.83407510e+12  3.50e+05 4.29e+05  3.86e+08     5s
   2   5.17035030e+09 -8.62624595e+12  2.41e+05 2.65e+04  2.55e+08     5s
   3   2.38438908e+09 -7.37454628e+12  1.01e+05 2.97e-05  1.09e+08     5s
   4   3.59829382e+08 -5.01544791e+12  1.35e+04 1.77e-05  1.74e+07     5s
   5   1.03122554e+08 -2.62397222e+12  2.77e+03 1.19e-04  4.61e+06     5s
   6   7.28076651e+07 -2.11021732e+12  1.42e+03 8.52e-05  3.02e+06     5s
   7   6.20826678e+07 -1.67835782e+12  9.58e+02 5.71e-05  2.23e+06     6s
   8   5.25198316e+07 -7.87275013e+11  5.69e+02 2.78e-05  1.05e+06     6s
   9   4.86968401e+07 -6.78801374e+11  4.44e+02 2.37e-05  8.75e+05     6s
  10   4.76126139e+07 -5.21453549e+11  4.11e+02 7.41e-05  6.92e+05     6s
  11   4.26745728e+07 -3.35021002e+11  2.87e+02 1.10e-04  4.42e+05     6s
  12   3.81053997e+07 -1.41137570e+11  1.96e+02 1.60e-04  2.02e+05     6s
  13   2.61396012e+07 -7.66887618e+10  4.02e+01 2.92e-04  8.51e+04     7s
  14   2.40726764e+07 -2.97022896e+10  1.77e+01 9.92e-05  3.12e+04     7s
  15   2.28961226e+07 -1.79481946e+10  6.15e+00 5.59e-05  1.80e+04     7s
  16   2.19733029e+07 -5.63133784e+09  8.13e-01 1.67e-05  5.53e+03     7s
  17   2.00169057e+07 -2.76422669e+09  1.80e-01 7.94e-06  2.71e+03     7s
  18   1.63458644e+07 -4.15137282e+08  4.96e-02 1.06e-06  4.21e+02     7s
  19   1.49253287e+07 -2.58848714e+08  3.13e-02 6.54e-07  2.67e+02     7s
  20   1.42073962e+07 -2.14336784e+08  2.52e-02 5.46e-07  2.23e+02     8s
  21   1.31363488e+07 -1.46256663e+08  1.81e-02 3.74e-07  1.55e+02     8s
  22   1.29930012e+07 -1.26581780e+08  1.74e-02 3.28e-07  1.36e+02     8s
  23   1.18881513e+07 -9.45730057e+07  1.25e-02 2.51e-07  1.04e+02     8s
  24   1.01722179e+07 -7.40876240e+07  5.86e-03 2.00e-07  8.21e+01     8s
  25   8.85485648e+06 -6.32953426e+07  3.29e-03 1.72e-07  7.03e+01     8s
  26   7.77083088e+06 -4.67406190e+07  2.06e-03 1.31e-07  5.31e+01     9s
  27   7.50374817e+06 -3.55304848e+07  1.87e-03 3.90e-07  4.19e+01     9s
  28   7.25795807e+06 -3.09668328e+07  1.73e-03 2.66e-07  3.72e+01     9s
  29   6.85043268e+06 -2.84350716e+07  1.63e-03 1.70e-07  3.44e+01     9s
  30   6.35427755e+06 -2.24999186e+07  1.46e-03 6.94e-07  2.81e+01     9s
  31   5.61105515e+06 -1.02918243e+07  1.22e-03 2.13e-06  1.55e+01    10s
  32   3.05111613e+06 -4.34036995e+06  4.74e-04 1.04e-06  7.20e+00    10s
  33   2.83871399e+06 -2.44125133e+06  4.13e-04 3.10e-06  5.14e+00    10s
  34   2.71499916e+06 -1.11342722e+06  3.75e-04 4.23e-07  3.73e+00    10s
  35   2.47074475e+06 -7.63483394e+05  3.06e-04 7.66e-07  3.15e+00    10s
  36   2.42651638e+06 -6.12904300e+05  2.91e-04 1.92e-06  2.96e+00    10s
  37   2.18446628e+06  1.66686917e+05  2.21e-04 2.01e-06  1.97e+00    11s
  38   1.93697206e+06  7.07145042e+05  1.41e-04 7.28e-06  1.20e+00    11s
  39   1.84274856e+06  9.66471595e+05  1.15e-04 4.93e-06  8.54e-01    11s
  40   1.76662736e+06  1.20119642e+06  8.57e-05 1.20e-05  5.51e-01    11s
  41   1.70139882e+06  1.32553075e+06  6.22e-05 7.09e-06  3.66e-01    11s
  42   1.69974930e+06  1.36985224e+06  6.04e-05 5.65e-06  3.22e-01    12s
  43   1.68022703e+06  1.45973599e+06  4.97e-05 4.60e-06  2.15e-01    12s
  44   1.66246386e+06  1.52505866e+06  3.71e-05 2.01e-06  1.34e-01    12s
  45   1.64885706e+06  1.56439928e+06  2.60e-05 1.79e-06  8.23e-02    12s
  46   1.64462614e+06  1.58052827e+06  2.20e-05 9.19e-07  6.25e-02    12s
  47   1.63455691e+06  1.59653076e+06  1.23e-05 2.30e-07  3.71e-02    12s
  48   1.62688170e+06  1.61534190e+06  5.06e-06 7.75e-07  1.13e-02    13s
  49   1.62604931e+06  1.62065557e+06  4.27e-06 1.38e-07  5.26e-03    13s
  50   1.62296369e+06  1.62156133e+06  8.02e-07 1.13e-07  1.37e-03    13s
  51   1.62245521e+06  1.62208233e+06  2.88e-07 3.18e-08  3.64e-04    13s
  52   1.62225085e+06  1.62215362e+06  6.00e-06 3.30e-08  9.50e-05    14s
  53   1.62218850e+06  1.62215935e+06  4.29e-06 3.92e-08  2.84e-05    14s
  54   1.62216760e+06  1.62216499e+06  1.33e-07 3.01e-08  2.55e-06    14s
  55   1.62216575e+06  1.62216523e+06  1.33e-05 3.07e-08  5.08e-07    15s
  56   1.62216573e+06  1.62216523e+06  1.29e-05 5.28e-08  4.91e-07    15s
  57   1.62216571e+06  1.62216523e+06  1.23e-05 7.01e-08  4.71e-07    15s
  58   1.62216547e+06  1.62216527e+06  1.52e-05 3.01e-08  1.98e-07    15s
  59   1.62216547e+06  1.62216527e+06  1.52e-05 4.87e-08  1.98e-07    15s
  60   1.62216547e+06  1.62216527e+06  1.51e-05 6.61e-08  1.97e-07    15s
  61   1.62216542e+06  1.62216527e+06  1.16e-05 6.72e-08  1.50e-07    16s
  62   1.62216542e+06  1.62216527e+06  1.89e-05 7.34e-08  1.51e-07    16s
  63   1.62216542e+06  1.62216526e+06  1.89e-05 9.07e-08  1.51e-07    16s
  64   1.62216542e+06  1.62216526e+06  2.19e-05 9.39e-08  1.49e-07    16s
  65   1.62216541e+06  1.62216526e+06  2.10e-05 1.04e-07  1.42e-07    16s
  66   1.62216541e+06  1.62216526e+06  2.60e-05 1.10e-07  1.40e-07    17s
  67   1.62216541e+06  1.62216526e+06  2.59e-05 1.07e-07  1.39e-07    17s
  68   1.62216540e+06  1.62216526e+06  4.28e-05 1.05e-07  1.30e-07    17s
  69   1.62216540e+06  1.62216526e+06  4.24e-05 1.16e-07  1.29e-07    17s
  70   1.62216535e+06  1.62216527e+06  2.59e-05 6.76e-08  7.85e-08    18s
  71   1.62216533e+06  1.62216527e+06  2.18e-05 6.79e-08  6.62e-08    18s
  72   1.62216532e+06  1.62216527e+06  4.44e-05 7.20e-08  5.48e-08    18s
  73   1.62216528e+06  1.62216527e+06  2.15e-05 4.89e-08  1.73e-08    18s
  74   1.62216528e+06  1.62216527e+06  3.84e-05 5.69e-08  1.65e-08    18s
  75   1.62216528e+06  1.62216527e+06  2.79e-05 5.02e-08  1.20e-08    19s
  76   1.62216528e+06  1.62216527e+06  2.76e-05 5.52e-08  1.19e-08    19s
  77   1.62216528e+06  1.62216527e+06  2.66e-05 6.38e-08  1.14e-08    19s
  78   1.62216527e+06  1.62216527e+06  1.59e-05 5.43e-08  6.87e-09    19s
  79   1.62216527e+06  1.62216527e+06  1.52e-05 5.49e-08  6.56e-09    19s
  80   1.62216527e+06  1.62216527e+06  1.26e-05 5.96e-08  5.44e-09    20s
  81   1.62216527e+06  1.62216527e+06  1.16e-05 6.55e-08  5.03e-09    20s

Barrier solved model in 81 iterations and 19.80 seconds (30.95 work units)
Optimal objective 1.62216527e+06


Root crossover log...

   35828 DPushes remaining with DInf 0.0000000e+00                20s
       0 DPushes remaining with DInf 0.0000000e+00                20s

  278999 PPushes remaining with PInf 1.8338409e-04                20s
  124240 PPushes remaining with PInf 0.0000000e+00                25s
   89874 PPushes remaining with PInf 0.0000000e+00                30s
   62847 PPushes remaining with PInf 0.0000000e+00                35s
   37816 PPushes remaining with PInf 0.0000000e+00                40s
    1866 PPushes remaining with PInf 0.0000000e+00                45s
       0 PPushes remaining with PInf 0.0000000e+00                46s

  Push phase complete: Pinf 0.0000000e+00, Dinf 1.8296099e-09     46s


Root simplex log...

Iteration    Objective       Primal Inf.    Dual Inf.      Time
  301687    1.6221653e+06   0.000000e+00   0.000000e+00     46s
Concurrent spin time: 19.49s (can be avoided by choosing Method=3)

Solved with barrier
  301687    1.6221653e+06   0.000000e+00   0.000000e+00     66s

Root relaxation: objective 1.622165e+06, 301687 iterations, 62.79 seconds (134.77 work units)

    Nodes    |    Current Node    |     Objective Bounds      |     Work
 Expl Unexpl |  Obj  Depth IntInf | Incumbent    BestBd   Gap | It/Node Time

     0     0 1622165.27    0   30          - 1622165.27      -     -   66s
     0     0 1889765.75    0   19          - 1889765.75      -     -  201s
H    0     0                    2.818745e+07 1889765.75  93.3%     -  204s
     0     0 1930405.17    0   18 2.8187e+07 1930405.17  93.2%     -  273s
     0     0 1930405.17    0   19 2.8187e+07 1930405.17  93.2%     -  316s
     0     0 1962473.99    0   10 2.8187e+07 1962473.99  93.0%     -  388s
     0     0 1962473.99    0   10 2.8187e+07 1962473.99  93.0%     -  410s
     0     2 1962473.99    0   10 2.8187e+07 1962473.99  93.0%     -  436s
     1     3 infeasible    1      2.8187e+07 1988464.67  92.9% 13398  496s
*    3     2               2    1999043.6928 1997603.60  0.07% 31348  556s

Cutting planes:
  Gomory: 2
  MIR: 9
  Zero half: 3

Explored 5 nodes (942407 simplex iterations) in 557.18 seconds (2033.28 work units)
Thread count was 32 (of 32 available processors)

Solution count 2: 1.99904e+06 2.81874e+07 

Optimal solution found (tolerance 1.00e-04)
Best objective 1.999043692772e+06, best bound 1.999043692772e+06, gap 0.0000%
