
Gurobi 12.0.0 (win64) logging started Mon Sep  7 04:00:22 2026

Set parameter LogFile to value "C:\Users\TECNO-MASTER\Desktop\Elmo_infrastructure_sizing_NP-\output\DCH_septiembre\Bateria_482\Costo_variable\Ventana_restringida\Carga_on_board_variable_3estaciones_P640kW_Descomp/station_2_d274_stage1\gurobi.log"
Set parameter Threads to value 1
Set parameter Heuristics to value 0.5
Set parameter MIPFocus to value 3
Set parameter Presolve to value 2
Set parameter FlowCoverCuts to value 2
Set parameter TimeLimit to value 1200
Gurobi Optimizer version 12.0.0 build v12.0.0rc1 (win64 - Windows 11+.0 (26200.2))

CPU model: Intel(R) Core(TM) i9-14900K, instruction set [SSE2|AVX|AVX2]
Thread count: 24 physical cores, 32 logical processors, using up to 1 threads

Non-default parameters:
TimeLimit  1200
MIPGap  0.05
Heuristics  0.5
MIPFocus  3
FlowCoverCuts  2
Presolve  2
Threads  1

Optimize a model with 24286 rows, 39247 columns and 117194 nonzeros
Model fingerprint: 0xb1530139
Variable types: 18325 continuous, 20922 integer (20921 binary)
Coefficient statistics:
  Matrix range     [1e-01, 6e+02]
  Objective range  [4e-03, 1e+05]
  Bounds range     [1e+00, 1e+00]
  RHS range        [1e+00, 1e+04]
Presolve removed 23074 rows and 29961 columns
Presolve time: 0.21s
Presolved: 1212 rows, 9286 columns, 28120 nonzeros
Variable types: 232 continuous, 9054 integer (9053 binary)
Root relaxation presolved: 1212 rows, 9286 columns, 28120 nonzeros


Use crossover to convert LP symmetric solution to basic solution...

Root relaxation: objective 1.114032e+05, 3291 iterations, 0.07 seconds (0.06 work units)

    Nodes    |    Current Node    |     Objective Bounds      |     Work
 Expl Unexpl |  Obj  Depth IntInf | Incumbent    BestBd   Gap | It/Node Time

     0     0 157522.939    0   70          - 157522.939      -     -    0s
     0     0 157522.939    0   69          - 157522.939      -     -    1s
H    0     0                    272036.56747 157522.939  42.1%     -    1s
H    0     0                    157564.47386 157522.939  0.03%     -    1s

Cutting planes:
  Gomory: 4
  Lift-and-project: 22
  Cover: 1
  Clique: 1
  MIR: 2
  Relax-and-lift: 4

Explored 1 nodes (6487 simplex iterations) in 1.28 seconds (1.04 work units)
Thread count was 1 (of 32 available processors)

Solution count 2: 157564 272037 

Optimal solution found (tolerance 5.00e-02)
Best objective 1.575644738551e+05, best bound 1.575229392505e+05, gap 0.0264%
