
Gurobi 12.0.0 (win64) logging started Mon Sep  7 04:00:57 2026

Set parameter LogFile to value "C:\Users\TECNO-MASTER\Desktop\Elmo_infrastructure_sizing_NP-\output\DCH_septiembre\Bateria_482\Costo_variable\Ventana_restringida\Carga_on_board_variable_3estaciones_P640kW_Descomp/station_3_d152\gurobi.log"
Set parameter Threads to value 1
Set parameter Heuristics to value 0.5
Set parameter MIPFocus to value 3
Set parameter Presolve to value 2
Set parameter FlowCoverCuts to value 2
Set parameter TimeLimit to value 1200
Gurobi Optimizer version 12.0.0 build v12.0.0rc1 (win64 - Windows 11+.0 (26200.2))

CPU model: Intel(R) Core(TM) i9-14900K, instruction set [SSE2|AVX|AVX2]
Thread count: 24 physical cores, 32 logical processors, using up to 1 threads

Non-default parameters:
TimeLimit  1200
MIPGap  0.05
Heuristics  0.5
MIPFocus  3
FlowCoverCuts  2
Presolve  2
Threads  1

Optimize a model with 23314 rows, 37249 columns and 110330 nonzeros
Model fingerprint: 0xafd9db4d
Variable types: 17323 continuous, 19926 integer (19925 binary)
Coefficient statistics:
  Matrix range     [1e-01, 6e+02]
  Objective range  [1e-02, 1e+02]
  Bounds range     [1e+00, 1e+00]
  RHS range        [1e+00, 1e+04]
Presolve removed 22249 rows and 28482 columns
Presolve time: 0.17s
Presolved: 1065 rows, 8767 columns, 26331 nonzeros
Variable types: 233 continuous, 8534 integer (8534 binary)
Root relaxation presolved: 1065 rows, 8767 columns, 26331 nonzeros


Use crossover to convert LP symmetric solution to basic solution...

Root relaxation: objective 1.792267e+05, 3058 iterations, 0.05 seconds (0.04 work units)

    Nodes    |    Current Node    |     Objective Bounds      |     Work
 Expl Unexpl |  Obj  Depth IntInf | Incumbent    BestBd   Gap | It/Node Time

     0     0 179226.690    0   59          - 179226.690      -     -    0s
H    0     0                    199409.72124 179226.690  10.1%     -    0s
H    0     0                    197974.51986 179226.690  9.47%     -    0s
H    0     0                    196007.60497 179226.690  8.56%     -    0s
H    0     0                    192441.44446 179226.690  6.87%     -    0s
H    0     0                    188549.15701 179226.690  4.94%     -    0s

Explored 1 nodes (4481 simplex iterations) in 0.72 seconds (0.53 work units)
Thread count was 1 (of 32 available processors)

Solution count 5: 188549 192441 196008 ... 199410

Optimal solution found (tolerance 5.00e-02)
Best objective 1.885491570060e+05, best bound 1.792266900150e+05, gap 4.9443%
