
Gurobi 12.0.0 (win64) logging started Mon Sep  7 03:43:22 2026

Set parameter LogFile to value "C:\Users\TECNO-MASTER\Desktop\Elmo_infrastructure_sizing_NP-\output\DCH_septiembre\Bateria_353\Costo_variable\Ventana_restringida\Carga_on_board_variable_3estaciones_P320kW_Descomp/station_3_d91\gurobi.log"
Set parameter Threads to value 1
Set parameter Heuristics to value 0.5
Set parameter MIPFocus to value 3
Set parameter Presolve to value 2
Set parameter FlowCoverCuts to value 2
Set parameter TimeLimit to value 1200
Gurobi Optimizer version 12.0.0 build v12.0.0rc1 (win64 - Windows 11+.0 (26200.2))

CPU model: Intel(R) Core(TM) i9-14900K, instruction set [SSE2|AVX|AVX2]
Thread count: 24 physical cores, 32 logical processors, using up to 1 threads

Non-default parameters:
TimeLimit  1200
MIPGap  0.05
Heuristics  0.5
MIPFocus  3
FlowCoverCuts  2
Presolve  2
Threads  1

Optimize a model with 23314 rows, 37249 columns and 110330 nonzeros
Model fingerprint: 0xb8f32d95
Variable types: 17323 continuous, 19926 integer (19925 binary)
Coefficient statistics:
  Matrix range     [1e-01, 3e+02]
  Objective range  [1e-02, 1e+02]
  Bounds range     [1e+00, 2e+00]
  RHS range        [1e+00, 1e+04]
Presolve removed 22277 rows and 28482 columns
Presolve time: 0.17s
Presolved: 1037 rows, 8767 columns, 26107 nonzeros
Variable types: 233 continuous, 8534 integer (8534 binary)
Root relaxation presolved: 1037 rows, 8767 columns, 26107 nonzeros


Use crossover to convert LP symmetric solution to basic solution...

Root relaxation: objective 2.041970e+05, 3032 iterations, 0.04 seconds (0.03 work units)

    Nodes    |    Current Node    |     Objective Bounds      |     Work
 Expl Unexpl |  Obj  Depth IntInf | Incumbent    BestBd   Gap | It/Node Time

     0     0 204196.976    0   27          - 204196.976      -     -    0s
H    0     0                    231844.03403 204196.976  11.9%     -    0s
H    0     0                    226988.76041 204196.976  10.0%     -    0s
H    0     0                    220268.65543 204196.976  7.30%     -    0s
H    0     0                    207417.66012 204196.976  1.55%     -    0s

Explored 1 nodes (5187 simplex iterations) in 0.62 seconds (0.48 work units)
Thread count was 1 (of 32 available processors)

Solution count 4: 207418 220269 226989 231844 

Optimal solution found (tolerance 5.00e-02)
Best objective 2.074176601176e+05, best bound 2.041969762542e+05, gap 1.5528%
