
Gurobi 12.0.0 (win64) logging started Mon Sep  7 03:51:31 2026

Set parameter LogFile to value "C:\Users\TECNO-MASTER\Desktop\Elmo_infrastructure_sizing_NP-\output\DCH_septiembre\Bateria_482\Costo_fijo\Carga_libre\Carga_on_board_fixed_3estaciones_P320kW_Descomp/station_1_d244_stage1\gurobi.log"
Set parameter Threads to value 1
Set parameter Heuristics to value 0.5
Set parameter MIPFocus to value 3
Set parameter Presolve to value 2
Set parameter FlowCoverCuts to value 2
Set parameter TimeLimit to value 1200
Gurobi Optimizer version 12.0.0 build v12.0.0rc1 (win64 - Windows 11+.0 (26200.2))

CPU model: Intel(R) Core(TM) i9-14900K, instruction set [SSE2|AVX|AVX2]
Thread count: 24 physical cores, 32 logical processors, using up to 1 threads

Non-default parameters:
TimeLimit  1200
MIPGap  0.05
Heuristics  0.5
MIPFocus  3
FlowCoverCuts  2
Presolve  2
Threads  1

Optimize a model with 22770 rows, 37249 columns and 110686 nonzeros
Model fingerprint: 0x40bc9ca1
Variable types: 17323 continuous, 19926 integer (19925 binary)
Coefficient statistics:
  Matrix range     [1e-01, 3e+02]
  Objective range  [4e-01, 8e+04]
  Bounds range     [1e+00, 1e+00]
  RHS range        [1e+00, 1e+04]
Presolve removed 19951 rows and 26950 columns
Presolve time: 0.24s
Presolved: 2819 rows, 10299 columns, 31535 nonzeros
Variable types: 841 continuous, 9458 integer (9457 binary)
Root relaxation presolved: 2819 rows, 10299 columns, 31535 nonzeros


Root relaxation: objective 7.186338e+04, 4850 iterations, 0.49 seconds (0.57 work units)

    Nodes    |    Current Node    |     Objective Bounds      |     Work
 Expl Unexpl |  Obj  Depth IntInf | Incumbent    BestBd   Gap | It/Node Time

     0     0 71863.3832    0  419          - 71863.3832      -     -    1s
     0     0 118368.528    0   28          - 118368.528      -     -    3s
H    0     0                    196007.98764 118368.528  39.6%     -    3s
H    0     0                    132276.91119 118368.602  10.5%     -    3s
H    0     0                    118375.62469 118368.602  0.01%     -    3s

Cutting planes:
  Gomory: 4

Explored 1 nodes (20332 simplex iterations) in 3.90 seconds (4.08 work units)
Thread count was 1 (of 32 available processors)

Solution count 3: 118376 132277 196008 

Optimal solution found (tolerance 5.00e-02)
Best objective 1.183756246851e+05, best bound 1.183686020826e+05, gap 0.0059%
