
Gurobi 12.0.0 (win64) logging started Mon Sep  7 03:45:50 2026

Set parameter LogFile to value "C:\Users\TECNO-MASTER\Desktop\Elmo_infrastructure_sizing_NP-\output\DCH_septiembre\Bateria_353\Costo_variable\Ventana_restringida\Carga_on_board_variable_3estaciones_P640kW_Descomp/station_1_d244\gurobi.log"
Set parameter Threads to value 1
Set parameter Heuristics to value 0.5
Set parameter MIPFocus to value 3
Set parameter Presolve to value 2
Set parameter FlowCoverCuts to value 2
Set parameter TimeLimit to value 1200
Gurobi Optimizer version 12.0.0 build v12.0.0rc1 (win64 - Windows 11+.0 (26200.2))

CPU model: Intel(R) Core(TM) i9-14900K, instruction set [SSE2|AVX|AVX2]
Thread count: 24 physical cores, 32 logical processors, using up to 1 threads

Non-default parameters:
TimeLimit  1200
MIPGap  0.05
Heuristics  0.5
MIPFocus  3
FlowCoverCuts  2
Presolve  2
Threads  1

Optimize a model with 23314 rows, 37249 columns and 110328 nonzeros
Model fingerprint: 0x9b801e68
Variable types: 17323 continuous, 19926 integer (19925 binary)
Coefficient statistics:
  Matrix range     [1e-01, 6e+02]
  Objective range  [8e-03, 1e+02]
  Bounds range     [1e+00, 1e+00]
  RHS range        [1e+00, 1e+04]
Presolve removed 22249 rows and 28480 columns
Presolve time: 0.18s
Presolved: 1065 rows, 8769 columns, 26337 nonzeros
Variable types: 233 continuous, 8536 integer (8536 binary)
Root relaxation presolved: 1065 rows, 8769 columns, 26337 nonzeros


Use crossover to convert LP symmetric solution to basic solution...

Root relaxation: objective 1.551580e+05, 2982 iterations, 0.05 seconds (0.03 work units)

    Nodes    |    Current Node    |     Objective Bounds      |     Work
 Expl Unexpl |  Obj  Depth IntInf | Incumbent    BestBd   Gap | It/Node Time

     0     0 155157.976    0   36          - 155157.976      -     -    0s
     0     0 155162.691    0   52          - 155162.691      -     -    0s
H    0     0                    229475.35630 155162.691  32.4%     -    0s
H    0     0                    229088.15436 155162.691  32.3%     -    0s
H    0     0                    190294.89431 155162.691  18.5%     -    0s
H    0     0                    190282.65344 155162.691  18.5%     -    1s
H    0     0                    172953.98785 155162.691  10.3%     -    1s
H    0     0                    172915.93028 155162.691  10.3%     -    1s
     0     0 155162.691    0   55 172915.930 155162.691  10.3%     -    1s
     0     0 155162.691    0   51 172915.930 155162.691  10.3%     -    1s
     0     0 155162.691    0   38 172915.930 155162.691  10.3%     -    2s
H    0     0                    171630.04213 155162.691  9.59%     -    2s
H    0     0                    169143.90853 155162.691  8.27%     -    2s
     0     0 155162.691    0   42 169143.909 155162.691  8.27%     -    2s
     0     0 155162.691    0   32 169143.909 155162.691  8.27%     -    2s
H    0     0                    166296.95552 155162.691  6.70%     -    2s
H    0     0                    165860.05013 155162.691  6.45%     -    2s
     0     0 155162.691    0   37 165860.050 155162.691  6.45%     -    2s
     0     0 155162.691    0   65 165860.050 155162.691  6.45%     -    3s
     0     0 155162.691    0   65 165860.050 155162.691  6.45%     -    3s
     0     2 155162.691    0   43 165860.050 155162.691  6.45%     -    3s
H    9     9                    165859.99117 155162.691  6.45%   474    4s
    13    15 155162.691    5   38 165859.991 155162.691  6.45%   646    5s
H   27    27                    165859.98265 155162.691  6.45%   377    5s
H   27    27                    165859.84071 155162.691  6.45%   377    5s
H   32    32                    165344.08663 155162.691  6.16%   323    5s
H   54    54                    165330.38221 155162.691  6.15%   207    6s
H   54    54                    165326.84286 155162.691  6.15%   207    6s
H   56    56                    165308.49781 155162.691  6.14%   201    6s
H   72    72                    165307.64754 155162.691  6.14%   167    6s
H   81    81                    165254.97324 155162.691  6.11%   151    6s
H  104   104                    164463.12337 155162.691  5.66%   124    7s
H  104   104                    161723.16213 155162.691  4.06%   124    7s

Cutting planes:
  Gomory: 14
  Cover: 23
  Implied bound: 28
  Clique: 25
  MIR: 209
  Mixing: 5
  Flow cover: 253
  Zero half: 44
  RLT: 15
  Relax-and-lift: 72
  BQP: 1
  PSD: 16

Explored 105 nodes (34115 simplex iterations) in 7.07 seconds (7.46 work units)
Thread count was 1 (of 32 available processors)

Solution count 10: 161723 164463 165255 ... 165860

Optimal solution found (tolerance 5.00e-02)
Best objective 1.617231621307e+05, best bound 1.551626913942e+05, gap 4.0566%
