
Gurobi 12.0.3 (win64) logging started Mon Apr 13 17:16:14 2026

Set parameter LogFile to value "output\DCH_final\costo_fijo\Carga_on_board_fixed_3estaciones_P320kW\gurobi.log"
Set parameter Threads to value 24
Set parameter Heuristics to value 0.5
Set parameter MIPFocus to value 3
Set parameter Presolve to value 2
Set parameter FlowCoverCuts to value 2
Set parameter TimeLimit to value 172800
Gurobi Optimizer version 12.0.3 build v12.0.3rc0 (win64 - Windows 11+.0 (26200.2))

CPU model: Intel(R) Core(TM) i9-14900K, instruction set [SSE2|AVX|AVX2]
Thread count: 24 physical cores, 32 logical processors, using up to 24 threads

Non-default parameters:
TimeLimit  172800
MIPGap  0.01
Heuristics  0.5
MIPFocus  3
FlowCoverCuts  2
Presolve  2
Threads  24

Optimize a model with 22875 rows, 74610 columns and 240990 nonzeros
Model fingerprint: 0x17dec6af
Variable types: 9516 continuous, 65094 integer (65091 binary)
Coefficient statistics:
  Matrix range     [1e-01, 3e+02]
  Objective range  [5e+00, 4e+06]
  Bounds range     [1e+00, 1e+00]
  RHS range        [1e+00, 1e+18]
Warning: Model contains large rhs
         Consider reformulating model or setting NumericFocus parameter
         to avoid numerical issues.
Found heuristic solution: objective 9.773957e+10
Presolve removed 17328 rows and 45636 columns (presolve time = 12s)...
Presolve removed 17328 rows and 45636 columns
Presolve time: 12.03s
Presolved: 5547 rows, 28974 columns, 84342 nonzeros
Variable types: 3912 continuous, 25062 integer (25059 binary)
Root relaxation presolve removed 1440 rows and 1440 columns
Root relaxation presolved: 4107 rows, 27534 columns, 81462 nonzeros


Root simplex log...

Iteration    Objective       Primal Inf.    Dual Inf.      Time
       0    0.0000000e+00   5.040000e+03   0.000000e+00     12s
    8584    6.9861497e+05   0.000000e+00   0.000000e+00     12s
    8584    6.9861497e+05   0.000000e+00   0.000000e+00     12s

Use crossover to convert LP symmetric solution to basic solution...

Root crossover log...

       0 DPushes remaining with DInf 0.0000000e+00                12s

    1331 PPushes remaining with PInf 0.0000000e+00                12s
       0 PPushes remaining with PInf 0.0000000e+00                12s

  Push phase complete: Pinf 0.0000000e+00, Dinf 1.2189103e-09     12s


Root simplex log...

Iteration    Objective       Primal Inf.    Dual Inf.      Time
   10025    6.9861497e+05   0.000000e+00   0.000000e+00     12s
   10025    6.9861497e+05   0.000000e+00   0.000000e+00     12s

Root relaxation: objective 6.986150e+05, 10025 iterations, 0.28 seconds (0.61 work units)

    Nodes    |    Current Node    |     Objective Bounds      |     Work
 Expl Unexpl |  Obj  Depth IntInf | Incumbent    BestBd   Gap | It/Node Time

     0     0 698614.972    0 1327 9.7740e+10 698614.972   100%     -   13s
H    0     0                    4.773026e+10 698614.972   100%     -   13s
H    0     0                    2.941391e+07 698614.972  97.6%     -   15s
H    0     0                    2.801266e+07 698614.972  97.5%     -   15s
H    0     0                    2.144612e+07 698614.972  96.7%     -   15s
H    0     0                    2.030876e+07 698614.972  96.6%     -   15s
H    0     0                    1.436721e+07 698614.972  95.1%     -   15s
H    0     0                    1.366604e+07 698614.972  94.9%     -   15s
H    0     0                    1.331657e+07 698614.972  94.8%     -   15s
H    0     0                    1.331559e+07 698614.972  94.8%     -   15s
H    0     0                    1.331453e+07 698614.972  94.8%     -   15s
H    0     0                    1.296605e+07 698614.972  94.6%     -   15s
H    0     0                    1.296605e+07 698614.972  94.6%     -   15s
H    0     0                    1.296411e+07 1147876.22  91.1%     -   19s
H    0     0                    1.296409e+07 1147876.22  91.1%     -   19s
H    0     0                    1.296399e+07 1147876.22  91.1%     -   19s
H    0     0                    1.267514e+07 1147876.22  90.9%     -   19s
H    0     0                    1.267414e+07 1147876.22  90.9%     -   19s
H    0     0                    1.267408e+07 1147876.22  90.9%     -   19s
H    0     0                    1.267405e+07 1147876.22  90.9%     -   19s
H    0     0                    1.157170e+07 1147876.22  90.1%     -   19s
     0     0 1413981.09    0 1007 1.1572e+07 1413981.09  87.8%     -   20s
H    0     0                    7387405.1255 1413981.09  80.9%     -   21s
H    0     0                    7036622.9096 1413981.09  79.9%     -   21s
H    0     0                    7036589.0921 1413981.09  79.9%     -   21s
H    0     0                    6687180.9372 1413981.09  78.9%     -   21s
H    0     0                    6687168.3378 1413981.09  78.9%     -   21s
H    0     0                    6687119.6925 1413981.09  78.9%     -   21s
H    0     0                    6338634.7352 1413981.09  77.7%     -   21s
     0     0 1461428.36    0 1161 6338634.74 1461428.36  76.9%     -   21s
     0     0 1461428.36    0  809 6338634.74 1461428.36  76.9%     -   22s
     0     0 1461428.36    0  783 6338634.74 1461428.36  76.9%     -   22s
H    0     0                    5424094.0139 1461428.36  73.1%     -   22s
     0     0 1461428.36    0  754 5424094.01 1461428.36  73.1%     -   22s
H    0     0                    3973252.7586 1461428.36  63.2%     -   23s
H    0     0                    3972216.5367 1461428.36  63.2%     -   23s
H    0     0                    3972207.0871 1461428.36  63.2%     -   23s
H    0     0                    3972174.8109 1461428.36  63.2%     -   23s
H    0     0                    3624707.3496 1461428.36  59.7%     -   23s
H    0     0                    3624674.6333 1461428.36  59.7%     -   23s
H    0     0                    3623688.7867 1461428.36  59.7%     -   23s
H    0     0                    3622737.5443 1461428.36  59.7%     -   23s
H    0     0                    3274193.3345 1461428.36  55.4%     -   23s
H    0     0                    1822277.8809 1461428.36  19.8%     -   23s
     0     0 1461428.36    0  371 1822277.88 1461428.36  19.8%     -   25s
H    0     0                    1821246.7790 1461428.36  19.8%     -   25s
     0     0 1461428.36    0  373 1821246.78 1461428.36  19.8%     -   26s
H    0     0                    1821184.4264 1461428.36  19.8%     -   27s
     0     0 1461428.36    0  404 1821184.43 1461428.36  19.8%     -   29s
     0     0 1461428.36    0  404 1821184.43 1461428.36  19.8%     -   30s
     0     0 1461428.36    0  259 1821184.43 1461428.36  19.8%     -   33s
     0     0 1461428.36    0  240 1821184.43 1461428.36  19.8%     -   34s
     0     0 1461428.36    0  242 1821184.43 1461428.36  19.8%     -   37s
     0     0 1461428.36    0  263 1821184.43 1461428.36  19.8%     -   37s
     0     0 1461428.36    0  244 1821184.43 1461428.36  19.8%     -   39s
     0     0 1461428.36    0  238 1821184.43 1461428.36  19.8%     -   40s
H    0     0                    1471601.2086 1461428.36  0.69%     -   42s

Cutting planes:
  Gomory: 4
  Lift-and-project: 3
  MIR: 7
  Flow cover: 315
  RLT: 2

Explored 1 nodes (108712 simplex iterations) in 42.95 seconds (45.72 work units)
Thread count was 24 (of 32 available processors)

Solution count 10: 1.4716e+06 1.82118e+06 1.82125e+06 ... 3.97217e+06

Optimal solution found (tolerance 1.00e-02)
Best objective 1.471601208615e+06, best bound 1.461428359988e+06, gap 0.6913%
