
Gurobi 12.0.3 (win64) logging started Mon Jun 22 10:31:20 2026

Set parameter LogFile to value "output\DCH_taller_julio\Costo_variable\Carga_on_board_1000kW_3cargadores\gurobi.log"
Set parameter Threads to value 32
Set parameter Heuristics to value 0.5
Set parameter MIPFocus to value 3
Set parameter Presolve to value 2
Set parameter FlowCoverCuts to value 2
Set parameter TimeLimit to value 172800
Gurobi Optimizer version 12.0.3 build v12.0.3rc0 (win64 - Windows 11+.0 (26200.2))

CPU model: Intel(R) Core(TM) i9-14900K, instruction set [SSE2|AVX|AVX2]
Thread count: 24 physical cores, 32 logical processors, using up to 32 threads

Non-default parameters:
TimeLimit  172800
MIPGap  0.01
Heuristics  0.5
MIPFocus  3
FlowCoverCuts  2
Presolve  2
Threads  32

Optimize a model with 822978 rows, 1412359 columns and 4050729 nonzeros
Model fingerprint: 0x228763b5
Variable types: 631297 continuous, 781062 integer (781059 binary)
Coefficient statistics:
  Matrix range     [1e-01, 1e+03]
  Objective range  [3e-03, 2e+05]
  Bounds range     [1e+00, 1e+00]
  RHS range        [1e+00, 4e+04]
Presolve removed 729594 rows and 1040562 columns
Presolve time: 0.74s
Presolved: 93384 rows, 371797 columns, 1402836 nonzeros
Variable types: 35701 continuous, 336096 integer (336096 binary)
Performing another presolve...
Presolve removed 7092 rows and 5652 columns (presolve time = 5s)...
Presolve removed 7092 rows and 5652 columns (presolve time = 43s)...
Presolve removed 7092 rows and 5652 columns
Presolve time: 43.40s
Root relaxation presolved: 102708 rows, 366145 columns, 1142268 nonzeros

Deterministic concurrent LP optimizer: primal simplex, dual simplex, and barrier
Showing barrier log only...

Root barrier log...

Ordering time: 0.18s

Barrier statistics:
 Dense cols : 1
 AA' NZ     : 1.108e+06
 Factor NZ  : 5.112e+06 (roughly 230 MB of memory)
 Factor Ops : 6.000e+08 (less than 1 second per iteration)
 Threads    : 29

                  Objective                Residual
Iter       Primal          Dual         Primal    Dual     Compl     Time
   0   4.32988979e+06 -9.14158620e+08  1.83e+04 5.95e+00  1.84e+04    48s
   1   2.60412915e+06 -4.89157425e+08  2.28e+03 2.15e+00  2.64e+03    48s
   2   1.85711430e+06 -1.51515962e+08  5.46e+02 1.86e+00  6.39e+02    48s
   3   1.12122985e+06 -2.46722404e+07  2.86e+01 1.72e-12  5.25e+01    49s
   4   1.04346639e+06 -4.97186029e+06  1.26e+00 1.71e-13  8.01e+00    49s
   5   9.43919018e+05 -1.20567622e+06  2.71e-01 7.46e-14  2.72e+00    49s
   6   9.29679771e+05 -7.73041005e+05  2.51e-01 5.42e-14  2.15e+00    49s
   7   9.09472860e+05 -3.21916124e+05  2.23e-01 3.91e-14  1.55e+00    49s
   8   8.98961792e+05 -4.62408168e+03  2.09e-01 2.89e-14  1.14e+00    50s
   9   8.84259264e+05  2.19905218e+05  1.90e-01 2.07e-14  8.36e-01    50s
  10   8.21533444e+05  4.70683205e+05  9.72e-02 1.78e-14  4.40e-01    50s
  11   7.89546549e+05  6.07511885e+05  5.32e-02 7.48e-14  2.28e-01    50s
  12   7.71671628e+05  6.86555120e+05  2.82e-02 1.73e-13  1.06e-01    51s
  13   7.61583364e+05  7.11045803e+05  1.62e-02 2.49e-14  6.31e-02    51s
  14   7.57492893e+05  7.22141766e+05  1.20e-02 2.53e-14  4.41e-02    51s
  15   7.54446928e+05  7.31037567e+05  9.09e-03 1.90e-14  2.92e-02    51s
  16   7.52371409e+05  7.36341512e+05  7.20e-03 7.72e-14  2.00e-02    51s
  17   7.50450454e+05  7.38911680e+05  5.53e-03 1.78e-14  1.44e-02    52s
  18   7.48749551e+05  7.40440458e+05  4.13e-03 5.10e-13  1.04e-02    52s
  19   7.47556892e+05  7.41440167e+05  3.15e-03 2.24e-14  7.64e-03    52s
  20   7.46229067e+05  7.42456903e+05  2.03e-03 1.13e-13  4.71e-03    52s
  21   7.45074521e+05  7.42877674e+05  1.11e-03 2.46e-13  2.74e-03    53s
  22   7.44613259e+05  7.43201459e+05  7.35e-04 2.23e-14  1.76e-03    53s
  23   7.44312433e+05  7.43390563e+05  4.75e-04 1.18e-13  1.15e-03    53s
  24   7.44219721e+05  7.43507591e+05  3.95e-04 5.94e-14  8.89e-04    53s
  25   7.44043043e+05  7.43603001e+05  2.45e-04 4.59e-13  5.50e-04    53s
  26   7.43895720e+05  7.43635505e+05  1.21e-04 2.02e-13  3.25e-04    53s
  27   7.43833570e+05  7.43682976e+05  6.86e-05 4.80e-13  1.88e-04    54s
  28   7.43799089e+05  7.43714823e+05  4.04e-05 1.61e-13  1.05e-04    54s
  29   7.43777249e+05  7.43727902e+05  2.30e-05 2.98e-13  6.16e-05    54s
  30   7.43763499e+05  7.43738669e+05  1.19e-05 2.65e-14  3.10e-05    54s
  31   7.43755313e+05  7.43744018e+05  5.37e-06 1.42e-14  1.41e-05    54s
  32   7.43751408e+05  7.43745833e+05  2.37e-06 1.49e-14  6.96e-06    54s
  33   7.43749700e+05  7.43747199e+05  1.10e-06 4.19e-13  3.12e-06    55s
  34   7.43748581e+05  7.43747698e+05  2.66e-07 1.75e-14  1.10e-06    55s
  35   7.43748250e+05  7.43748091e+05  4.39e-08 2.46e-14  1.98e-07    55s
  36   7.43748182e+05  7.43748156e+05  1.00e-09 7.55e-13  3.21e-08    55s
  37   7.43748181e+05  7.43748174e+05  8.20e-09 8.68e-13  8.86e-09    55s
  38   7.43748181e+05  7.43748181e+05  2.36e-08 1.94e-13  1.84e-10    55s

Barrier solved model in 38 iterations and 55.38 seconds (44.13 work units)
Optimal objective 7.43748181e+05


Root crossover log...

   17441 DPushes remaining with DInf 0.0000000e+00                56s
       0 DPushes remaining with DInf 0.0000000e+00                56s

  140107 PPushes remaining with PInf 1.5583208e-06                56s
   33145 PPushes remaining with PInf 0.0000000e+00                60s
       0 PPushes remaining with PInf 0.0000000e+00                61s

  Push phase complete: Pinf 0.0000000e+00, Dinf 3.7217414e-06     61s


Root simplex log...

Iteration    Objective       Primal Inf.    Dual Inf.      Time
  155962    7.4374818e+05   0.000000e+00   3.721627e-06     61s
  155965    7.4374818e+05   0.000000e+00   0.000000e+00     61s
Concurrent spin time: 0.00s

Solved with barrier
  155965    7.4374818e+05   0.000000e+00   0.000000e+00     61s

Root relaxation: objective 7.437482e+05, 155965 iterations, 15.07 seconds (8.66 work units)
Total elapsed time = 70.92s (DegenMoves)
Total elapsed time = 77.48s (DegenMoves)
Total elapsed time = 80.49s (DegenMoves)

    Nodes    |    Current Node    |     Objective Bounds      |     Work
 Expl Unexpl |  Obj  Depth IntInf | Incumbent    BestBd   Gap | It/Node Time

     0     0 743748.181    0 9994          - 743748.181      -     -   85s
     0     0 744142.136    0 8453          - 744142.136      -     -  111s
     0     0 744653.194    0 9404          - 744653.194      -     -  113s
     0     0 744722.123    0 9510          - 744722.123      -     -  114s
     0     0 744722.123    0 9529          - 744722.123      -     -  114s
     0     0 746336.662    0 9391          - 746336.662      -     -  131s
     0     0 746537.410    0 9963          - 746537.410      -     -  134s
     0     0 746547.828    0 10134          - 746547.828      -     -  135s
     0     0 746547.867    0 10201          - 746547.867      -     -  135s
     0     0 747478.678    0 9579          - 747478.678      -     -  148s
     0     0 747554.106    0 10255          - 747554.106      -     -  151s
     0     0 747564.316    0 10364          - 747564.316      -     -  152s
     0     0 747565.504    0 10446          - 747565.504      -     -  152s
     0     0 747565.511    0 10475          - 747565.511      -     -  152s
     0     0 748101.765    0 9645          - 748101.765      -     -  167s
     0     0 748204.693    0 10305          - 748204.693      -     -  170s
     0     0 748206.325    0 10562          - 748206.325      -     -  171s
     0     0 748206.437    0 10599          - 748206.437      -     -  171s
     0     0 748583.376    0 9823          - 748583.376      -     -  184s
     0     0 748626.970    0 10769          - 748626.970      -     -  187s
     0     0 748636.768    0 11020          - 748636.768      -     -  188s
     0     0 748637.089    0 11143          - 748637.089      -     -  189s
     0     0 748984.843    0 10284          - 748984.843      -     -  200s
     0     0 749071.052    0 11166          - 749071.052      -     -  204s
     0     0 749078.892    0 11458          - 749078.892      -     -  205s
     0     0 749079.501    0 11607          - 749079.501      -     -  205s
     0     0 749484.475    0 10659          - 749484.475      -     -  221s
     0     0 749566.864    0 11355          - 749566.864      -     -  225s
     0     0 749582.074    0 11624          - 749582.074      -     -  226s
     0     0 749582.479    0 11781          - 749582.479      -     -  226s
     0     0 749880.527    0 10739          - 749880.527      -     -  237s
     0     0 749998.013    0 11134          - 749998.013      -     -  241s
     0     0 750018.047    0 11707          - 750018.047      -     -  243s
     0     0 750019.838    0 11933          - 750019.838      -     -  244s
     0     0 750290.422    0 10863          - 750290.422      -     -  255s
     0     0 750359.660    0 11391          - 750359.660      -     -  258s
     0     0 750379.027    0 11976          - 750379.027      -     -  260s
     0     0 750380.534    0 12155          - 750380.534      -     -  260s
     0     0 750570.484    0 11103          - 750570.484      -     -  272s
     0     0 750641.559    0 11639          - 750641.559      -     -  276s
     0     0 750671.152    0 11986          - 750671.152      -     -  278s
     0     0 750672.738    0 12287          - 750672.738      -     -  278s
     0     0 750847.519    0 11266          - 750847.519      -     -  290s
     0     0 750924.745    0 11765          - 750924.745      -     -  293s
     0     0 750937.001    0 12167          - 750937.001      -     -  294s
     0     0 750938.738    0 12413          - 750938.738      -     -  295s
     0     0 751099.019    0 11451          - 751099.019      -     -  312s
     0     0 751214.913    0 11848          - 751214.913      -     -  316s
     0     0 751230.029    0 12166          - 751230.029      -     -  317s
     0     0 751232.252    0 12451          - 751232.252      -     -  319s
     0     0 751427.234    0 11497          - 751427.234      -     -  333s
     0     0 751521.508    0 11811          - 751521.508      -     -  337s
     0     0 751540.222    0 12311          - 751540.222      -     -  338s
     0     0 751545.807    0 12642          - 751545.807      -     -  339s
     0     0 751546.979    0 12804          - 751546.979      -     -  340s
     0     0 751723.853    0 11897          - 751723.853      -     -  356s
     0     0 751762.286    0 12381          - 751762.286      -     -  359s
     0     0 751774.371    0 12753          - 751774.371      -     -  361s
     0     0 751780.028    0 13047          - 751780.028      -     -  362s
     0     0 751780.526    0 13183          - 751780.526      -     -  363s
     0     0 752006.927    0 12148          - 752006.927      -     -  396s
     0     0 752069.780    0 12471          - 752069.780      -     -  399s
     0     0 752080.128    0 12903          - 752080.128      -     -  400s
     0     0 752083.809    0 13202          - 752083.809      -     -  402s
     0     0 752084.346    0 13372          - 752084.346      -     -  402s
     0     0 753902.619    0 11473          - 753902.619      -     -  420s
     0     0 754005.866    0 11705          - 754005.866      -     -  423s
     0     0 754033.766    0 12159          - 754033.766      -     -  425s
     0     0 754041.138    0 12567          - 754041.138      -     -  426s
     0     0 754041.819    0 12728          - 754041.819      -     -  427s
     0     0 754421.136    0 11317          - 754421.136      -     -  449s
     0     0 754472.141    0 11677          - 754472.141      -     -  452s
     0     0 754503.886    0 12063          - 754503.886      -     -  454s
     0     0 754510.519    0 12339          - 754510.519      -     -  456s
     0     0 754512.503    0 12700          - 754512.503      -     -  457s
     0     0 754874.154    0 11516          - 754874.154      -     -  474s
     0     0 754900.902    0 11873          - 754900.902      -     -  476s
     0     0 754932.524    0 12370          - 754932.524      -     -  479s
     0     0 754948.540    0 12591          - 754948.540      -     -  480s
     0     0 754953.165    0 12761          - 754953.165      -     -  481s
     0     0 754953.426    0 12974          - 754953.426      -     -  482s
     0     0 755297.364    0 11768          - 755297.364      -     -  497s
     0     0 755312.131    0 12105          - 755312.131      -     -  500s
     0     0 755339.739    0 12306          - 755339.739      -     -  502s
     0     0 755347.359    0 12600          - 755347.359      -     -  504s
     0     0 755349.402    0 12841          - 755349.402      -     -  505s
     0     0 755696.491    0 11343          - 755696.491      -     -  520s
     0     0 755707.396    0 11770          - 755707.396      -     -  522s
     0     0 755729.295    0 12080          - 755729.295      -     -  523s
     0     0 755735.558    0 12464          - 755735.558      -     -  525s
     0     0 755739.203    0 12742          - 755739.203      -     -  526s
     0     0 755739.611    0 12853          - 755739.611      -     -  526s
     0     0 755943.334    0 11689          - 755943.334      -     -  546s
     0     0 755954.868    0 12108          - 755954.868      -     -  547s
     0     0 755971.979    0 12400          - 755971.979      -     -  548s
     0     0 755979.327    0 12727          - 755979.327      -     -  549s
     0     0 755983.608    0 13031          - 755983.608      -     -  550s
     0     0 755984.164    0 13163          - 755984.164      -     -  550s
     0     0 756260.821    0 11496          - 756260.821      -     -  563s
     0     0 756270.020    0 12053          - 756270.020      -     -  565s
     0     0 756294.796    0 12396          - 756294.796      -     -  568s
     0     0 756304.296    0 12546          - 756304.296      -     -  569s
     0     0 756308.186    0 12874          - 756308.186      -     -  570s
     0     0 756308.766    0 13066          - 756308.766      -     -  571s
     0     0 756539.776    0 11806          - 756539.776      -     -  587s
     0     0 756560.414    0 12121          - 756560.414      -     -  590s
     0     0 756578.948    0 12450          - 756578.948      -     -  591s
     0     0 756583.647    0 12788          - 756583.647      -     -  592s
     0     0 756589.709    0 13016          - 756589.709      -     -  593s
     0     0 756590.537    0 13175          - 756590.537      -     -  594s
     0     0 756800.303    0 12351          - 756800.303      -     -  612s
     0     0 756826.855    0 12568          - 756826.855      -     -  614s
     0     0 756833.035    0 12910          - 756833.035      -     -  616s
     0     0 756841.139    0 13022          - 756841.139      -     -  618s
     0     0 756844.681    0 13277          - 756844.681      -     -  619s
     0     0 756844.893    0 13466          - 756844.893      -     -  619s
     0     0 757096.007    0 11717          - 757096.007      -     -  641s
     0     0 757115.765    0 12151          - 757115.765      -     -  643s
     0     0 757127.808    0 12614          - 757127.808      -     -  645s
     0     0 757136.373    0 12808          - 757136.373      -     -  646s
     0     0 757139.106    0 13024          - 757139.106      -     -  647s
     0     0 757341.076    0 11784          - 757341.076      -     -  662s
     0     0 757369.290    0 12137          - 757369.290      -     -  664s
     0     0 757384.514    0 12530          - 757384.514      -     -  666s
     0     0 757396.808    0 12716          - 757396.808      -     -  667s
     0     0 757402.658    0 12958          - 757402.658      -     -  668s
     0     0 757406.175    0 13053          - 757406.175      -     -  669s
     0     0 757409.064    0 13231          - 757409.064      -     -  670s
     0     0 757637.557    0 12362          - 757637.557      -     -  689s
     0     0 757646.650    0 12571          - 757646.650      -     -  691s
     0     0 757656.991    0 12856          - 757656.991      -     -  692s
     0     0 757667.519    0 13071          - 757667.519      -     -  694s
     0     0 757675.882    0 13245          - 757675.882      -     -  695s
     0     0 757678.089    0 13480          - 757678.089      -     -  696s
     0     0 757861.003    0 11823          - 757861.003      -     -  711s
     0     0 757871.615    0 12243          - 757871.615      -     -  713s
     0     0 757878.620    0 12726          - 757878.620      -     -  715s
     0     0 757889.046    0 12871          - 757889.046      -     -  716s
     0     0 757894.761    0 13120          - 757894.761      -     -  717s
     0     0 757897.423    0 13451          - 757897.423      -     -  718s
     0     0 758089.860    0 11884          - 758089.860      -     -  731s
     0     0 758102.137    0 12317          - 758102.137      -     -  733s
     0     0 758114.186    0 12839          - 758114.186      -     -  735s
     0     0 758121.431    0 13049          - 758121.431      -     -  736s
     0     0 758128.271    0 13266          - 758128.271      -     -  737s
     0     0 758130.806    0 13427          - 758130.806      -     -  738s
     0     0 758348.299    0 12200          - 758348.299      -     -  752s
     0     0 758351.088    0 12432          - 758351.088      -     -  754s
     0     0 758459.439    0 11832          - 758459.439      -     -  766s
     0     0 758476.313    0 12221          - 758476.313      -     -  768s
     0     0 758495.814    0 12631          - 758495.814      -     -  769s
     0     0 758510.889    0 12730          - 758510.889      -     -  771s
     0     0 758520.269    0 12947          - 758520.269      -     -  772s
     0     0 758525.867    0 13121          - 758525.867      -     -  773s
     0     0 758529.421    0 13319          - 758529.421      -     -  774s
     0     0 758644.670    0 11993          - 758644.670      -     -  787s
     0     0 758650.001    0 12379          - 758650.001      -     -  790s
     0     0 758668.482    0 12708          - 758668.482      -     -  791s
     0     0 758676.075    0 12951          - 758676.075      -     -  792s
     0     0 758683.388    0 13181          - 758683.388      -     -  793s
     0     0 758689.720    0 13337          - 758689.720      -     -  794s
     0     0 758692.344    0 13576          - 758692.344      -     -  795s
     0     0 758876.113    0 12280          - 758876.113      -     -  811s
     0     0 758883.358    0 12597          - 758883.358      -     -  813s
     0     0 758888.856    0 12949          - 758888.856      -     -  814s
     0     0 758891.450    0 13311          - 758891.450      -     -  815s
     0     0 758978.747    0 12044          - 758978.747      -     -  827s
     0     0 758984.422    0 12516          - 758984.422      -     -  830s
     0     0 758998.692    0 12807          - 758998.692      -     -  831s
     0     0 759006.118    0 13002          - 759006.118      -     -  832s
     0     0 759012.148    0 13124          - 759012.148      -     -  833s
     0     0 759015.004    0 13293          - 759015.004      -     -  834s
     0     0 759161.109    0 12299          - 759161.109      -     -  848s
     0     0 759169.104    0 12574          - 759169.104      -     -  850s
     0     0 759179.095    0 12917          - 759179.095      -     -  851s
     0     0 759185.973    0 13154          - 759185.973      -     -  852s
     0     0 759188.771    0 13349          - 759188.771      -     -  853s
     0     0 759261.379    0 12244          - 759261.379      -     -  868s
     0     0 759268.270    0 12539          - 759268.270      -     -  870s
     0     0 759284.777    0 12972          - 759284.777      -     -  871s
     0     0 759294.265    0 13053          - 759294.265      -     -  872s
     0     0 759296.997    0 13317          - 759296.997      -     -  873s
     0     0 759376.325    0 12222          - 759376.325      -     -  888s
     0     0 759388.728    0 12567          - 759388.728      -     -  891s
     0     0 759388.728    0 12868          - 759388.728      -     -  892s
     0     0 759397.189    0 13005          - 759397.189      -     -  893s
     0     0 759399.333    0 13250          - 759399.333      -     -  894s
     0     0 759498.807    0 12270          - 759498.807      -     -  910s
     0     0 759501.163    0 12620          - 759501.163      -     -  912s
     0     0 759598.294    0 12057          - 759598.294      -     -  922s
     0     0 759615.596    0 12399          - 759615.596      -     -  924s
     0     0 759617.892    0 12864          - 759617.892      -     -  924s
     0     0 759626.029    0 13145          - 759626.029      -     -  925s
     0     0 759627.930    0 13232          - 759627.930      -     -  926s
     0     0 759746.690    0 12094          - 759746.690      -     -  933s
     0     0 759762.115    0 12441          - 759762.115      -     -  935s
     0     0 759767.145    0 12750          - 759767.145      -     -  935s
     0     0 759778.800    0 12940          - 759778.800      -     -  936s
     0     0 759782.887    0 13091          - 759782.887      -     -  937s
     0     0 759796.278    0 13144          - 759796.278      -     -  938s
     0     0 759799.044    0 13446          - 759799.044      -     -  938s
     0     0 759915.653    0 12135          - 759915.653      -     -  951s
     0     0 759921.014    0 12487          - 759921.014      -     -  952s
     0     0 759931.507    0 12804          - 759931.507      -     -  952s
     0     0 759937.748    0 12985          - 759937.748      -     -  953s
     0     0 759948.825    0 13069          - 759948.825      -     -  954s
     0     0 759952.839    0 13240          - 759952.839      -     -  954s
     0     0 760049.468    0 12143          - 760049.468      -     -  964s
     0     0 760057.034    0 12381          - 760057.034      -     -  965s
     0     0 760061.039    0 12761          - 760061.039      -     -  966s
     0     0 760141.637    0 12078          - 760141.637      -     -  973s
     0     0 760145.528    0 12430          - 760145.528      -     -  975s
     0     0 760205.387    0 11843          - 760205.387      -     -  991s
     0     0 760213.575    0 12164          - 760213.575      -     -  993s
     0     0 760266.306    0 12050          - 760266.306      -     - 1003s
     0     0 760278.137    0 12381          - 760278.137      -     - 1006s
     0     0 760286.811    0 12570          - 760286.811      -     - 1007s
     0     0 760302.417    0 12689          - 760302.417      -     - 1008s
     0     0 760312.622    0 12920          - 760312.622      -     - 1009s
     0     0 760318.358    0 13116          - 760318.358      -     - 1010s
     0     0 760324.590    0 13254          - 760324.590      -     - 1011s
     0     0 760328.115    0 13506          - 760328.115      -     - 1012s
     0     0 760408.530    0 12296          - 760408.530      -     - 1030s
     0     0 760417.686    0 12466          - 760417.686      -     - 1032s
     0     0 760421.154    0 12807          - 760421.154      -     - 1033s
     0     0 760427.278    0 13007          - 760427.278      -     - 1034s
     0     0 760435.216    0 13184          - 760435.216      -     - 1036s
     0     0 760437.188    0 13311          - 760437.188      -     - 1036s
     0     0 760517.069    0 12224          - 760517.069      -     - 1057s
     0     0 760526.117    0 12508          - 760526.117      -     - 1060s
     0     0 760539.300    0 12831          - 760539.300      -     - 1061s
     0     0 760549.200    0 13085          - 760549.200      -     - 1062s
     0     0 760555.061    0 13280          - 760555.061      -     - 1063s
     0     0 760557.853    0 13388          - 760557.853      -     - 1064s
     0     0 760628.290    0 12205          - 760628.290      -     - 1077s
     0     0 760631.178    0 12595          - 760631.178      -     - 1079s
     0     0 760677.111    0 12479          - 760677.111      -     - 1094s
     0     0 760679.384    0 12796          - 760679.384      -     - 1096s
     0     0 760724.352    0 12252          - 760724.352      -     - 1106s
     0     0 760725.366    0 12539          - 760725.366      -     - 1108s
     0     0 760745.231    0 12189          - 760745.231      -     - 1117s
     0     0 760750.622    0 12189          - 760750.622      -     - 1122s
H    0     0                    942177.92851 760756.147  19.3%     - 1153s
H    0     0                    941917.35937 760756.147  19.2%     - 1156s
H    0     0                    938914.82716 760756.147  19.0%     - 1160s
H    0     0                    934780.41062 760756.147  18.6%     - 1162s
H    0     0                    932749.70837 760756.147  18.4%     - 1163s
H    0     0                    932690.47426 760756.147  18.4%     - 1163s
H    0     0                    932507.15133 760756.147  18.4%     - 1163s
H    0     0                    932496.04173 760756.147  18.4%     - 1163s
H    0     0                    929932.33228 760756.147  18.2%     - 1163s
H    0     0                    927101.77871 760756.147  17.9%     - 1168s
H    0     0                    926477.82737 760756.147  17.9%     - 1168s
H    0     0                    924552.17921 760756.147  17.7%     - 1168s
H    0     0                    923617.80444 760756.147  17.6%     - 1168s
H    0     0                    922264.50655 760756.147  17.5%     - 1256s
     8     4 760803.907    2 1304 922264.507 760802.965  17.5%   274 1450s
    22    32 760879.317    5 1541 922264.507 760852.925  17.5%  1591 1455s
    70    96 760934.608    7 1518 922264.507 760904.761  17.5%  2227 1464s
   102   128 761064.274    8 1530 922264.507 760935.453  17.5%  2380 1469s
   134   160 761064.588    9 1532 922264.507 760978.988  17.5%  2329 1475s
   166   192 761076.384   10 1527 922264.507 761029.517  17.5%  2373 1482s
   198   255 761074.300   11 1498 922264.507 761043.201  17.5%  2386 1489s
   261   344 761192.112    8 1503 922264.507 761062.216  17.5%  2243 1550s
   350   664 761207.768    9 1475 922264.507 761075.816  17.5%  1967 1557s
H  670   664                    913893.81425 761086.109  16.7%  1616 1557s
   671   668 761183.825    2 1198 913893.814 761125.571  16.7%  1617 1721s
   685   696 761228.606    5 1399 913893.814 761179.782  16.7%  1623 1725s
   733   760 761345.489    7 1413 913893.814 761232.210  16.7%  1692 1738s
   765   792 761255.522    8 1419 913893.814 761247.229  16.7%  1714 1743s
   797   824 761270.320    9 1389 913893.814 761256.059  16.7%  1745 1748s
   829   939 761263.808   10 1468 913893.814 761259.970  16.7%  1767 1762s
   944   971 761318.335   11 1372 913893.814 761288.673  16.7%  1685 1766s
   976  1088 761431.013   13 1343 913893.814 761311.199  16.7%  1699 1770s
  1093  1120 761390.249   14 1269 913893.814 761336.142  16.7%  1614 1776s
  1125  1152 761436.884    8 1265 913893.814 761344.750  16.7%  1631 1787s
  1157  1454 761466.212   14 1313 913893.814 761350.204  16.7%  1641 1861s
H 1459  1454                    905696.73330 761355.071  15.9%  1555 1862s
  1460  1458 761682.849    2 1057 905696.733 761643.737  15.9%  1556 1931s
  1466  1470 761695.378    4 1329 905696.733 761693.273  15.9%  1565 1935s
  1490  1518 761724.736    6 1302 905696.733 761724.736  15.9%  1611 1944s
  1522  1550 761750.242    7 1340 905696.733 761735.414  15.9%  1671 1950s
  1554  1582 761782.293    8 1337 905696.733 761755.315  15.9%  1708 1958s
  1586  1614 761805.810    9 1398 905696.733 761794.919  15.9%  1756 1966s
  1618  1646 761855.225   10 1303 905696.733 761805.997  15.9%  1793 1974s
  1650  1723 761886.045   11 1268 905696.733 761813.209  15.9%  1841 1982s
  1727  1755 761918.089   12 1299 905696.733 761864.014  15.9%  1837 1989s
  1759  1787 761921.925    9 1228 905696.733 761873.982  15.9%  1867 2002s
  1791  1934 761951.641   11 1234 905696.733 761892.120  15.9%  1908 2035s
  1938  2108 761966.521   11 1247 905696.733 761901.115  15.9%  1837 2046s
H 2112  2108                    897417.32332 761908.506  15.1%  1826 2046s
  2113  2112 762049.264    2 1021 897417.323 762044.140  15.1%  1826 2178s
  2119  2124 762079.487    4 1087 897417.323 762063.608  15.1%  1824 2180s
  2143  2172 762122.410    6 1069 897417.323 762098.317  15.1%  1828 2187s
  2175  2204 762161.173    7 1103 897417.323 762122.184  15.1%  1824 2191s
  2207  2236 762219.391    8 1101 897417.323 762148.715  15.1%  1832 2195s
  2271  2300 762220.767   10 1108 897417.323 762192.157  15.1%  1818 2202s
  2303  2332 762209.024   11 1126 897417.323 762209.024  15.1%  1818 2207s
  2335  2370 762265.707   12 1091 897417.323 762215.271  15.1%  1824 2223s
  2373  2850 762325.463   12 1111 897417.323 762242.142  15.1%  1818 2241s
H 2853  2850                    887238.89196 762248.794  14.1%  1655 2242s
  2854  2854 762308.899    2  758 887238.892 762308.899  14.1%  1656 2337s
  2860  2866 762313.359    4  953 887238.892 762310.247  14.1%  1657 2340s
  2884  2914 762331.947    6  948 887238.892 762315.420  14.1%  1670 2350s
  2916  2946 762353.748    7  950 887238.892 762332.473  14.1%  1675 2356s
  2948  2978 762358.375    8  937 887238.892 762346.665  14.1%  1690 2364s
  2980  3010 762394.363    9  921 887238.892 762358.395  14.1%  1711 2370s
  3012  3042 762393.843   10  940 887238.892 762360.754  14.1%  1742 2375s
  3044  3081 762430.355   11  905 887238.892 762394.051  14.1%  1755 2384s
  3083  3147 762427.617   12  919 887238.892 762410.773  14.1%  1773 2402s
  3149  3185 762467.052   11  922 887238.892 762427.451  14.1%  1784 2447s
  3187  3985 762473.653   11  888 887238.892 762433.024  14.1%  1791 2467s
H 3987  3985                    879896.89914 762437.533  13.3%  1604 2468s
  3988  3989 762489.254    2 1122 879896.899 762480.990  13.3%  1604 2608s
  4002  4017 762505.648    5 1255 879896.899 762488.012  13.3%  1601 2611s
  4028  4049 762507.603    6 1287 879896.899 762506.586  13.3%  1597 2615s
  4082  4113 762518.917    8 1290 879896.899 762517.619  13.3%  1596 2628s
  4114  4145 762530.915    9 1309 879896.899 762518.963  13.3%  1592 2633s
  4146  4179 762547.814   10 1263 879896.899 762530.915  13.3%  1593 2637s
  4180  4447 762556.602   11 1224 879896.899 762539.976  13.3%  1593 2650s
  4448  4479 762597.724   12 1219 879896.899 762547.665  13.3%  1525 2660s
  4480  4540 762639.691   12 1321 879896.899 762557.916  13.3%  1524 2704s
H 4541  4540                    876303.31265 762561.999  13.0%  1549 2705s
  4542  4544 763669.886    2 5465 876303.313 763669.886  12.9%  1551 5111s
  4544  4548 763689.909    3 5760 876303.313 763689.909  12.9%  1551 5117s
  4548  4556 763736.460    4 6007 876303.313 763714.010  12.8%  1555 5127s
  4556  4572 763898.712    5 6308 876303.313 763745.269  12.8%  1567 5147s
  4572  4603 763809.642    6 6464 876303.313 763781.221  12.8%  1592 5195s
  4603  4635 763907.348    7 6409 876303.313 763814.787  12.8%  1634 5353s
  4635  4683 763870.666    8 6577 876303.313 763856.261  12.8%  1659 5413s
  4683  4715 763916.046    9 6593 876303.313 763882.371  12.8%  1677 5578s
  4715  4871 763909.399   10 6602 876303.313 763897.033  12.8%  1690 5622s
  4871  4903 763931.247   11 6615 876303.313 763919.427  12.8%  1664 5658s
  4903  4935 763957.407   12 6595 876303.313 763933.807  12.8%  1673 5696s
  4935  4967 763972.197   13 6608 876303.313 763939.027  12.8%  1689 5732s
  4967  4999 763967.739   14 6618 876303.313 763954.672  12.8%  1708 5767s
  4999  5031 764004.539   15 6578 876303.313 763964.748  12.8%  1730 5847s
  5031  5063 764001.551   16 6538 876303.313 763970.855  12.8%  1743 5904s
  5061  5063 764203.491   11 6571 876303.313 763974.592  12.8%  1760 5905s
H 5063  5063                    801042.77212 763974.592  4.63%  2104 5906s
  5063  5095 764122.883    7 1438 801042.772 763974.665  4.63%  2058 5938s
  5095  5573 764010.059   10 1510 801042.772 763986.662  4.63%  2057 5961s
  5573  5605 764076.678    9 1523 801042.772 763994.651  4.62%  1919 5966s
  5605  5637 764036.047   12 1472 801042.772 764002.651  4.62%  1919 5982s
  5637  5669 764065.280   11 1531 801042.772 764012.200  4.62%  1919 5996s
  5669  5701 764054.123   12 1495 801042.772 764019.177  4.62%  1919 6010s
  5701  5733 764138.169    9 1511 801042.772 764024.240  4.62%  1919 6072s
H 5733  5733                    800621.85315 764027.968  4.57%  1959 6073s
  5733  6355 764040.049   11 1364 800621.853 764028.031  4.57%  1926 6109s
  6355  6387 764092.547   13 1273 800621.853 764033.354  4.57%  1779 6124s
H 6387  6387                    800592.13904 764040.128  4.57%  1810 6125s
  6387  6419 764040.128   11 1262 800592.139 764040.128  4.57%  1787 6205s
  6419  6720 764136.973   12 1228 800592.139 764047.043  4.56%  1792 6326s
  6720  6752 764088.130    8 1260 800592.139 764056.489  4.56%  1743 6402s
  6752  7554 764146.707   14 1175 800592.139 764063.844  4.56%  1747 6523s
H 7554  7554                    800296.82359 764070.039  4.53%  1632 6524s
  7554  7588 764123.532   13 1069 800296.824 764070.241  4.53%  1607 6573s
  7588  8063 764136.030   12 1062 800296.824 764074.804  4.53%  1607 6638s
  8063  8095 764144.893   10 1016 800296.824 764088.074  4.52%  1543 6644s
  8095  8272 764156.396   13 1006 800296.824 764095.369  4.52%  1544 6649s
H 8272  8272                    800249.68899 764102.393  4.52%  1547 6650s
  8272  9084 764153.509    8  947 800249.689 764102.435  4.52%  1532 6697s
H 9084  9084                    800200.09436 764111.810  4.51%  1468 6698s
  9084  9782 764123.438   12 1250 800200.094 764111.818  4.51%  1453 6798s
H 9782  9782                    800180.73437 764114.775  4.51%  1383 6800s
  9782  9814 764130.131   17 6579 800180.734 764115.164  4.51%  1205 7000s
  9814 10205 764140.095   18 6576 800180.734 764139.955  4.50%  1215 7359s
 10205 10237 764253.022   12 6721 800180.734 764143.829  4.50%  1203 7937s
 10237 10310 764199.884   11 6574 800180.734 764147.562  4.50%  1210 8353s
 10310 10342 764264.796    7 6820 800180.734 764150.649  4.50%  1217 9456s
 10342 11027 764201.384   13 6478 800180.734 764154.856  4.50%  1226 10218s
H11027 11027                    796027.54360 764158.238  4.00%  1355 10220s
 11027 11817 764210.782   12 1391 796027.544 764159.430  4.00%  1334 10262s
 11817 11849 764207.008    8 1487 796027.544 764164.606  4.00%  1266 10281s
 11849 11964 764208.024   13 1495 796027.544 764167.598  4.00%  1268 10285s
H11964 11964                    796024.56107 764173.422  4.00%  1283 10286s
 11964 12209 764192.855    9 1346 796024.561 764173.558  4.00%  1267 10400s
 12209 12241 764222.228   11 1293 796024.561 764178.682  4.00%  1254 10455s
 12241 12273 764205.880   17 1226 796024.561 764183.918  4.00%  1255 10495s
 12273 12305 764218.056   10 1306 796024.561 764187.430  4.00%  1255 10572s
 12305 13355 764220.097   12 1299 796024.561 764192.345  4.00%  1257 10767s
H13355 13355                    795834.85123 764196.198  3.98%  1206 10769s
 13355 13839 764315.901   10 1201 795834.851 764196.224  3.98%  1194 10967s
 13839 13871 764291.491    9 1251 795834.851 764200.954  3.97%  1174 11030s
 13871 14090 764273.801   14 1264 795834.851 764202.125  3.97%  1176 11208s
 14090 14122 764275.440   13 1185 795834.851 764207.870  3.97%  1169 11274s
 14122 14165 764262.330   14 1265 795834.851 764211.043  3.97%  1171 11325s
 14165 14197 764286.920   12 1250 795834.851 764211.170  3.97%  1173 11415s
 14197 14374 764272.696    8 1261 795834.851 764217.378  3.97%  1174 11487s
H14374 14374                    795749.58743 764221.842  3.96%  1179 11488s
 14374 14406 764286.323   11 1035 795749.587 764222.496  3.96%  1166 11504s
 14406 15027 764285.293    9 1007 795749.587 764228.621  3.96%  1166 11712s
 15027 15059 764298.445   14  977 795749.587 764237.645  3.96%  1141 11726s
 15059 15091 764314.324   12  991 795749.587 764245.991  3.96%  1141 11751s
 15091 15123 764289.934   12 1027 795749.587 764252.728  3.96%  1141 11803s
 15123 15207 764328.733   13 1008 795749.587 764257.956  3.96%  1141 11942s
 15207 15774 764316.322   11  939 795749.587 764263.349  3.96%  1139 11969s
H15774 15774                    795686.36173 764268.215  3.95%  1127 11971s
 15774 15806 764271.304   11  909 795686.362 764268.324  3.95%  1119 12013s
 15806 17406 764307.090   12  858 795686.362 764271.327  3.95%  1120 12127s
H17406 17406                    795632.49240 764278.272  3.94%  1082 12129s
 17406 17896 764296.401   10 1284 795632.492 764278.911  3.94%  1075 12170s
 17896 17928 764321.946   11 1223 795632.492 764284.836  3.94%  1056 12209s
 17928 18361 764302.543   13 1265 795632.492 764288.747  3.94%  1057 12235s
H18361 18361                    795626.98225 764291.262  3.94%  1049 12236s
 18361 18581 764299.125   11 6536 795626.982 764291.315  3.94%   954 13613s
 18581 18848 764342.924    7 6816 795626.982 764294.351  3.94%   955 14475s
 18848 19091 764314.430   14 6492 795626.982 764297.205  3.94%   956 15908s
 19091 20172 764349.276   12 6518 795626.982 764300.304  3.94%   956 16450s
H20172 20172                    792011.30381 764303.458  3.50%  1029 16452s
 20172 20212 764326.822   10 1570 792011.304 764303.531  3.50%  1017 16600s
 20212 21332 764390.637   10 1485 792011.304 764307.038  3.50%  1018 16839s
H21332 21332                    791838.15357 764311.696  3.48%   994 16841s
 21332 21940 764440.485   12 1327 791838.154 764311.948  3.48%   985 17025s
 22082 18958 764745.519   14 1560 791838.154 764727.216  3.42%   977 18349s
 22084 18961 764766.909   15 1658 791838.154 764727.364  3.42%   977 18352s
 22088 18968 764747.093   16 1671 791838.154 764737.758  3.42%   978 18356s
 22096 18981 764762.453   17 1708 791838.154 764742.407  3.42%   978 18364s
 22112 19008 764790.399   18 1690 791838.154 764747.534  3.42%   979 18441s
 22144 18957 764828.980   19 1768 791838.154 764765.894  3.42%   981 18457s
 22176 18960 764793.582   20 1670 791838.154 764789.974  3.42%   982 18582s
 22210 18904 764837.661   21 1674 791838.154 764797.072  3.41%   984 18637s
 22243 18958 764827.053   22 1723 791838.154 764810.791  3.41%   985 18972s
 22340 19363 764885.458   23 1638 791838.154 764821.687  3.41%   985 19060s
H22807 19224                    791698.79931 764829.183  3.39%   989 19061s
 22807 19321 764929.604   14 1193 791698.799 764829.209  3.39%   982 19236s
 22969 17363 764933.248   14 1235 791698.799 764932.233  3.38%   987 19935s
 22975 17373 764951.104   16 1399 791698.799 764941.121  3.38%   988 19944s
 22983 17386 764953.208   17 1405 791698.799 764951.430  3.38%   989 19951s
 22999 17413 764960.763   18 1412 791698.799 764954.096  3.38%   991 20056s
 23031 17292 765007.227   19 1307 791698.799 764958.362  3.38%   994 20071s
 23063 17313 765021.485   20 1402 791698.799 764976.798  3.38%   998 20112s
 23095 17176 765074.744   21 1305 791698.799 764987.949  3.37%  1002 20137s
 23127 17163 765019.293   22 1323 791698.799 765019.293  3.37%  1004 20189s
 23159 17218 765053.346   23 1296 791698.799 765019.293  3.37%  1006 20208s
 23259 17217 765046.395   24 1380 791698.799 765040.799  3.37%  1011 20235s
 23291 17245 765139.826   25 1349 791698.799 765046.395  3.37%  1015 20332s
 23330 17931 765144.322   24 1364 791698.799 765066.173  3.36%  1020 20379s
H24090 17678                    791585.19274 765069.937  3.35%  1032 20380s
 24090 17710 765139.806    9 1030 791585.193 765069.974  3.35%  1024 20407s
 24196 16774 765110.781   14 1160 791585.193 765097.582  3.35%  1029 21122s
 24198 16777 765130.963   15 1334 791585.193 765103.346  3.35%  1029 21125s
 24202 16784 765155.138   16 1382 791585.193 765131.169  3.34%  1030 21130s
 24210 16797 765221.456   17 1382 791585.193 765156.185  3.34%  1031 21137s
 24226 16824 765189.908   18 1363 791585.193 765161.302  3.34%  1031 21182s
 24258 16747 765237.819   19 1363 791585.193 765193.316  3.33%  1033 21195s
 24290 16788 765266.936   20 1317 791585.193 765229.031  3.33%  1035 21300s
 24342 16619 765266.413   21 1290 791585.193 765249.338  3.33%  1036 21324s
 24374 16475 765309.497   22 1255 791585.193 765266.435  3.32%  1037 21374s
 24406 16684 765336.349   23 1238 791585.193 765278.002  3.32%  1038 21417s
 24701 16617 765301.090   22 1388 791585.193 765294.171  3.32%  1038 21471s
 24733 16639 765322.837   23 1252 791585.193 765299.331  3.32%  1040 21514s
 24765 16660 765319.990   24 1158 791585.193 765299.683  3.32%  1043 21547s
 24797 16683 765367.963   25 1238 791585.193 765309.172  3.32%  1045 21620s
 24831 16631 765323.184   24 1266 791585.193 765311.509  3.32%  1048 21714s
 24863 16652 765385.006   22 1278 791585.193 765315.778  3.32%  1050 21792s
 24895 16674 765369.703   25 1309 791585.193 765322.198  3.32%  1053 21909s
 24927 17485 765337.750   24 1295 791585.193 765325.172  3.32%  1055 22045s
H25818 17188                    791577.77443 765330.309  3.32%  1060 22046s
 25877 14672 765453.373   14  872 791577.774 765453.373  3.30%  1060 22780s
 25883 14682 765453.373   16 1106 791577.774 765453.373  3.30%  1061 22787s
 25891 14695 765453.373   17 1139 791577.774 765453.373  3.30%  1061 22795s
 25907 14722 765453.373   18 1116 791577.774 765453.373  3.30%  1063 22896s
 25939 14638 765453.373   19 1117 791577.774 765453.373  3.30%  1066 22911s
 25971 14659 765453.373   20 1097 791577.774 765453.373  3.30%  1069 22947s
 26003 14681 765453.373   21 1126 791577.774 765453.373  3.30%  1073 22986s
 26035 14702 765453.373   22 1049 791577.774 765453.373  3.30%  1075 23037s
 26067 15122 765458.488   23 1093 791577.774 765453.373  3.30%  1077 23098s
 26547 14948 765481.103   22 1136 791577.774 765453.373  3.30%  1076 23194s
 26579 15005 765459.286   20  979 791577.774 765456.640  3.30%  1079 23373s
 26732 15217 765482.011   26 1051 791577.774 765460.121  3.30%  1083 23545s
H27072 15067                    791478.77700 765463.115  3.29%  1087 23547s
 27072 15113 765474.115   11 1244 791478.777 765463.136  3.29%  1082 23752s
 27118 16553 765466.049    9 1231 791478.777 765463.483  3.29%  1083 24106s
H28558 16553                    791370.47209 765469.390  3.27%  1054 24109s
 28850 12980 769024.410   30 6193 791370.472 768981.819  2.83%  1093 37954s
 28852 12983 769083.328   31 6576 791370.472 768993.600  2.83%  1094 37975s
 28856 12990 769040.372   32 7243 791370.472 769022.335  2.82%  1096 38006s
 28864 13006 769063.923   33 7373 791370.472 769042.142  2.82%  1101 38052s
 28880 13038 769078.718   34 7414 791370.472 769064.386  2.82%  1103 38643s
 28912 13070 769145.070   35 7313 791370.472 769072.099  2.82%  1107 38725s
 28944 13116 769220.869   36 7316 791370.472 769087.195  2.82%  1109 39065s
 28990 13148 769120.354   37 7419 791370.472 769098.032  2.81%  1112 39489s
 29022 13180 769142.981   39 7382 791370.472 769115.257  2.81%  1113 39943s
 29054 13212 769148.689   40 7375 791370.472 769128.320  2.81%  1114 40319s
 29086 13244 769148.075   40 7578 791370.472 769136.897  2.81%  1115 40809s
 29094 13244 769180.586   40 7414 791370.472 769148.104  2.81%  1116 40810s
 29118 13324 769153.754   41 7586 791370.472 769153.754  2.81%  1117 41071s
 29198 13356 769261.675   42 7594 791370.472 769169.903  2.81%  1119 41552s
 29230 13781 769252.447   39 7461 791370.472 769178.237  2.80%  1120 42300s
 29655 13813 769308.969   38 7418 791370.472 769182.356  2.80%  1124 42725s
H29687 13813                    788455.89855 769186.904  2.44%  1184 42727s
 29805 10933 769375.212   14 1704 788455.899 769369.056  2.42%  1180 43882s
 29807 10936 769403.657   15 1705 788455.899 769375.212  2.42%  1180 43889s
 29811 10943 769439.398   16 1716 788455.899 769396.760  2.42%  1181 43897s
 29819 10956 769437.018   17 1798 788455.899 769414.194  2.42%  1183 43907s
 29835 10983 769479.008   18 1710 788455.899 769430.999  2.41%  1186 44054s
 29867 10849 769447.720   19 1760 788455.899 769441.370  2.41%  1190 44074s
 29899 10878 769476.389   20 1779 788455.899 769466.734  2.41%  1194 44306s
 29938 10840 769506.783   21 1746 788455.899 769483.706  2.41%  1198 44361s
 30043 10807 769560.597   22 1712 788455.899 769513.372  2.40%  1205 44415s
 30075 10820 769577.774   23 1698 788455.899 769529.802  2.40%  1210 44433s
 30149 10827 769585.951   24 1722 788455.899 769538.895  2.40%  1216 44460s
 30181 10988 769630.485   22 1718 788455.899 769556.703  2.40%  1222 44667s
 30374 11228 769602.991   20 1716 788455.899 769566.161  2.40%  1232 44816s
 30649 11452 769638.448   23 1700 788455.899 769573.996  2.39%  1245 45032s
 30873 11638 769603.912   23 1778 788455.899 769580.991  2.39%  1256 45090s
 31059 11933 769642.235   22 1720 788455.899 769586.322  2.39%  1266 45325s
H31354 11933                    788251.56056 769589.758  2.37%  1284 45326s
 31354 12144 769670.542   24 1685 788251.561 769590.679  2.37%  1278 45481s
 31565 12194 769601.595   21 1674 788251.561 769596.511  2.37%  1275 45519s
 31615 12226 769606.116   23 1572 788251.561 769601.226  2.37%  1276 45728s
 31647 12744 769652.243   21 1638 788251.561 769604.873  2.37%  1277 45761s
 32165 12776 769684.236   22 1628 788251.561 769609.034  2.37%  1267 45808s
 32197 12942 769672.965   22 1630 788251.561 769613.587  2.36%  1268 45823s
 32363 12974 769672.371   22 1617 788251.561 769617.067  2.36%  1267 45972s
 32395 13108 769655.389   21 1713 788251.561 769622.036  2.36%  1268 46154s
 32529 13140 769666.696   24 1671 788251.561 769625.822  2.36%  1267 46330s
 32561 13263 769655.931   23 1663 788251.561 769630.859  2.36%  1269 46411s
 32684 13302 769703.072   24 1698 788251.561 769635.981  2.36%  1269 46625s
 32723 13721 769710.553   24 1650 788251.561 769640.370  2.36%  1270 46835s
H33142 13721                    788215.75634 769643.508  2.36%  1268 46836s
 33142 13753 769728.422   26 1316 788215.756 769644.077  2.36%  1263 46859s
 33174 13951 769734.339   21 1357 788215.756 769653.220  2.36%  1266 47045s
 33383 14947 769666.865   24 1303 788215.756 769658.410  2.35%  1268 47244s
 34503 15131 769671.730   22 1323 788215.756 769665.006  2.35%  1271 47302s
H34723 15131                    788215.22834 769667.952  2.35%  1277 47303s
 34723 15929 769670.342   22 1274 788215.228 769668.313  2.35%  1271 47381s
 35521 15508 769701.017   24 1349 788215.228 769674.418  2.35%  1267 47401s
 35553 15711 769737.824   22 1227 788215.228 769680.732  2.35%  1269 47544s
 35767 15743 769729.939   23 1259 788215.228 769683.576  2.35%  1268 47579s
 36079 16028 769765.137   21 1232 788215.228 769686.862  2.35%  1267 47772s
H36366 16028                    788213.72096 769689.377  2.35%  1270 47773s
 36366 16721 769711.735   25 1111 788213.721 769690.050  2.35%  1267 48003s
 37059 16734 769696.467   22 1063 788213.721 769693.297  2.35%  1262 48214s
 37277 16734 769700.928   23 1078 788213.721 769696.210  2.35%  1261 48215s
 37333 17090 769705.330   26 1060 788213.721 769696.467  2.35%  1261 48245s
 37689 17243 769740.652   22 1075 788213.721 769699.305  2.35%  1260 48532s
H37842 17243                    788204.74598 769700.929  2.35%  1265 48534s
 37932 14288 769846.770   14 1437 788204.746 769829.392  2.33%  1263 49486s
 37934 14292 769837.674   15 1645 788204.746 769831.879  2.33%  1264 49492s
 37938 14298 769854.495   16 1660 788204.746 769837.674  2.33%  1265 49497s
 37946 14312 769859.057   17 1647 788204.746 769845.463  2.33%  1266 49505s
 37962 14338 769860.785   18 1623 788204.746 769849.362  2.33%  1268 49584s
 37994 14322 769861.255   19 1618 788204.746 769857.878  2.33%  1271 49598s
 38026 14372 769865.576   20 1607 788204.746 769858.539  2.33%  1273 49622s
 38087 14461 769862.012   21 1691 788204.746 769861.757  2.33%  1277 49681s
 38196 14465 769875.497   22 1628 788204.746 769865.276  2.33%  1283 49852s
 38237 14638 769892.080   23 1646 788204.746 769870.291  2.33%  1287 49877s
 38494 14555 769957.319   24 1602 788204.746 769887.002  2.32%  1295 49941s
 38530 14947 769904.918   21 1576 788204.746 769888.256  2.32%  1301 49975s
 38995 14824 769901.463   22 1633 788204.746 769892.662  2.32%  1311 50072s
 39027 14845 769926.200   21 1591 788204.746 769895.178  2.32%  1315 50142s
 39059 14867 769936.127   25 1574 788204.746 769899.076  2.32%  1319 50350s
 39091 15041 769901.186   24 1632 788204.746 769900.673  2.32%  1324 50625s
H39276 14951                    788081.09202 769901.616  2.31%  1334 50626s
 39276 15386 770022.498   37 7359 788081.092 769901.668  2.31%  1290 51384s
 39331 15386 769914.649   40 7334 788081.092 769902.836  2.31%  1289 51385s
 39711 15418 770044.189   44 7322 788081.092 769907.112  2.31%  1287 51665s
 39743 15506 769981.500   44 7397 788081.092 769913.583  2.31%  1288 51814s
 39831 15538 770044.410   36 7281 788081.092 769916.789  2.30%  1289 52033s
 39863 15570 769998.595   37 7352 788081.092 769920.456  2.30%  1290 52386s
 39895 15602 770045.795   38 7534 788081.092 769925.201  2.30%  1291 52739s
 39927 15634 769929.063   41 7337 788081.092 769929.062  2.30%  1292 52916s
 39959 15666 769975.016   43 7169 788081.092 769932.944  2.30%  1294 53177s
 39991 15698 770032.910   41 7281 788081.092 769937.421  2.30%  1295 53776s
 40023 15962 770042.867   37 7484 788081.092 769940.908  2.30%  1296 54289s
 40168 15962 770006.815   47 7126 788081.092 769943.130  2.30%  1295 54290s
 40287 15994 769960.284   41 7358 788081.092 769943.972  2.30%  1295 54721s
 40319 16026 770042.526   38 7370 788081.092 769947.474  2.30%  1295 55308s
 40351 16058 770034.053   38 7322 788081.092 769950.442  2.30%  1297 56174s
 40383 16282 769987.833   41 7379 788081.092 769952.396  2.30%  1297 56724s
 40607 16314 770056.590   45 7382 788081.092 769956.871  2.30%  1297 57262s
 40639 16346 770083.052   38 7438 788081.092 769959.927  2.30%  1298 57620s
 40671 16456 770071.789   41 7400 788081.092 769963.610  2.30%  1299 58652s
H40781 16456                    787946.78257 769967.285  2.28%  1342 58654s
 40781 16503 770047.775   23 1707 787946.783 769967.682  2.28%  1337 58864s
 40828 17143 770053.165   25 1700 787946.783 769974.368  2.28%  1341 59133s
 41468 17175 770073.341   23 1702 787946.783 769979.953  2.28%  1351 59154s
 41500 17215 770034.087   23 1755 787946.783 769987.073  2.28%  1355 59269s
 41540 17338 770036.772   20 1669 787946.783 769992.534  2.28%  1359 59303s
 41663 17375 770102.985   24 1726 787946.783 769998.112  2.28%  1364 59444s
 41700 17548 770118.489   23 1693 787946.783 770002.533  2.28%  1367 59466s
 41873 17681 770076.170   23 1738 787946.783 770008.552  2.28%  1373 59711s
 42006 17822 770202.152   24 1632 787946.783 770013.975  2.28%  1379 59887s
 42147 17913 770058.900   21 1749 787946.783 770017.799  2.28%  1384 60134s
 42238 18172 770131.702   25 1675 787946.783 770022.443  2.27%  1389 60180s
 42497 18271 770138.861   22 1657 787946.783 770026.821  2.27%  1395 60418s
 42596 18425 770170.240   26 1751 787946.783 770030.652  2.27%  1400 60618s
H42750 18425                    787870.29818 770035.794  2.26%  1410 60619s
 42750 18837 770132.510   25 1561 787870.298 770035.854  2.26%  1406 60769s
 42838 18837 770100.070   26 1559 787870.298 770036.406  2.26%  1404 60770s
 43162 19086 770092.482   24 1561 787870.298 770039.520  2.26%  1399 60792s
 43411 19118 770099.282   23 1616 787870.298 770043.575  2.26%  1396 61023s
 43443 19415 770055.478   22 1596 787870.298 770047.482  2.26%  1398 61172s
 43740 19614 770076.540   27 1701 787870.298 770050.776  2.26%  1393 61283s
 43939 19699 770163.979   24 1505 787870.298 770053.921  2.26%  1390 61413s
 44024 20147 770059.476   20 1759 787870.298 770056.647  2.26%  1391 61457s
 44472 20179 770165.521   23 1627 787870.298 770060.003  2.26%  1382 61488s
 44504 20211 770088.704   23 1672 787870.298 770063.609  2.26%  1384 61532s
 44536 20581 770113.723   31 1572 787870.298 770065.699  2.26%  1385 61701s
H44906 20581                    787867.36586 770066.678  2.26%  1383 61703s
 44906 21109 770146.402   27 1347 787867.366 770066.832  2.26%  1380 61797s
 45434 21181 770076.364   22 1393 787867.366 770069.741  2.26%  1380 61837s
 45506 21295 770090.759   23 1262 787867.366 770072.760  2.26%  1381 61940s
 45620 21327 770169.488   22 1371 787867.366 770074.270  2.26%  1383 61991s
 45652 21359 770101.560   23 1305 787867.366 770076.589  2.26%  1384 62014s
 45684 21391 770152.681   21 1341 787867.366 770079.275  2.26%  1385 62035s
 45716 21423 770118.165   22 1360 787867.366 770082.693  2.26%  1387 62054s
 45748 21455 770084.568   21 1384 787867.366 770084.319  2.26%  1389 62074s
 45780 21487 770100.565   22 1294 787867.366 770084.761  2.26%  1390 62094s
 45812 21535 770122.088   24 1360 787867.366 770086.990  2.26%  1392 62123s
 45860 21592 770126.308   25 1286 787867.366 770091.340  2.26%  1393 62154s
 45917 21672 770114.093   23 1317 787867.366 770093.849  2.26%  1395 62189s
 45997 22213 770120.593   24 1327 787867.366 770097.407  2.26%  1396 62333s
 46538 22618 770114.746   25 1167 787867.366 770101.880  2.25%  1395 62512s
H46943 22618                    787849.89953 770104.400  2.25%  1399 62513s
 46943 22650 770130.632   23 1294 787849.900 770104.413  2.25%  1395 62604s
 46974 22650 770159.498   24 1304 787849.900 770106.811  2.25%  1396 62605s
 46975 24250 770126.651   23 1369 787849.900 770106.815  2.25%  1396 62775s
 48575 24282 770174.472   24 1346 787849.900 770114.848  2.25%  1382 62926s
 48607 24772 770176.421   23 1283 787849.900 770119.414  2.25%  1383 62946s
H49097 24772                    787848.73036 770122.075  2.25%  1383 62948s
 49097 25660 770135.385   22 1032 787848.730 770122.235  2.25%  1380 63037s
 49985 25777 770149.267   24 1057 787848.730 770125.346  2.25%  1375 63108s
 50102 26384 770156.998   22 1098 787848.730 770128.157  2.25%  1376 63142s
 50709 26791 770134.056   24 1153 787848.730 770129.851  2.25%  1375 63364s
H51116 26791                    787837.42668 770132.018  2.25%  1375 63365s
 51116 27744 770204.783   25 1586 787837.427 770132.733  2.25%  1372 63546s
 52069 28043 770211.043   20 1595 787837.427 770137.127  2.25%  1393 63757s
 52424 28634 770166.409   25 1511 787837.427 770139.947  2.25%  1401 63862s
H53015 28634                    787836.93930 770142.387  2.25%  1414 63864s
 53015 29742 770240.915   41 7500 787836.939 770142.405  2.25%  1381 64419s
 53951 29742 770234.506   36 7510 787836.939 770144.417  2.25%  1374 64420s
 54123 29774 770241.414   42 7274 787836.939 770145.039  2.25%  1373 64590s
 54155 30062 770178.677   39 7351 787836.939 770149.221  2.25%  1374 64676s
 54443 30094 770170.804   42 7384 787836.939 770152.131  2.24%  1372 65119s
 54475 30126 770176.913   38 7348 787836.939 770153.653  2.24%  1373 65758s
 54507 30158 770199.288   39 7496 787836.939 770156.143  2.24%  1374 66200s
 54539 30190 770182.105   42 7430 787836.939 770157.406  2.24%  1375 66482s
 54571 30222 770203.186   45 7418 787836.939 770159.443  2.24%  1376 66939s
 54603 30254 770186.503   40 7416 787836.939 770162.145  2.24%  1377 67554s
 54635 30286 770186.884   37 7410 787836.939 770164.136  2.24%  1378 67821s
 54667 30318 770314.437   43 7250 787836.939 770165.991  2.24%  1378 68114s
 54699 30555 770247.750   41 7282 787836.939 770168.151  2.24%  1379 68517s
H54936 30555                    787719.35618 770169.726  2.23%  1409 68519s
 54936 30811 770227.675   21 1799 787719.356 770170.014  2.23%  1404 68804s
 55192 31143 770240.215   23 1766 787719.356 770174.713  2.23%  1409 68838s
 55524 31258 770269.528   23 1743 787719.356 770178.321  2.23%  1416 69081s
 55639 31508 770271.417   25 1721 787719.356 770180.938  2.23%  1419 69242s
 55889 31705 770302.946   27 1517 787719.356 770184.585  2.23%  1424 69558s
 56086 32102 770321.008   20 1744 787719.356 770188.548  2.23%  1429 69593s
 56483 32259 770363.260   23 1755 787719.356 770192.993  2.22%  1434 69912s
 56640 32291 770331.133   27 1632 787719.356 770196.246  2.22%  1438 70044s
 56672 32323 770317.291   26 1723 787719.356 770199.517  2.22%  1441 70127s
 56704 32624 770339.411   24 1678 787719.356 770203.498  2.22%  1444 70586s
 57005 32656 770274.811   21 1723 787719.356 770206.494  2.22%  1450 70670s
 57037 32925 770327.365   27 1584 787719.356 770208.791  2.22%  1453 71066s
 57306 33396 770362.771   29 1600 787719.356 770212.794  2.22%  1458 71146s
H57777 33396                    787648.51461 770216.347  2.21%  1470 71147s
 57777 34141 770280.514   25 1626 787648.515 770216.646  2.21%  1466 71343s
 58522 34605 770277.926   26 1633 787648.515 770220.194  2.21%  1455 71439s
 58986 35039 770303.033   21 1648 787648.515 770223.218  2.21%  1449 71577s
 59420 35600 770251.567   24 1688 787648.515 770226.519  2.21%  1442 71750s
 59981 36320 770297.624   27 1544 787648.515 770228.385  2.21%  1435 71846s
H60701 36320                    787648.18528 770230.858  2.21%  1428 71848s
 60701 36919 770325.934   21 1284 787648.185 770230.981  2.21%  1426 72011s
 61300 37135 770268.266   24 1343 787648.185 770232.291  2.21%  1425 72046s
 61516 37263 770332.414   25 1346 787648.185 770238.241  2.21%  1425 72240s
 61644 37680 770255.332   25 1180 787648.185 770240.681  2.21%  1425 72279s
 62061 37806 770286.334   23 1358 787648.185 770243.721  2.21%  1424 72489s
 62187 38197 770274.376   23 1373 787648.185 770245.608  2.21%  1425 72568s
 62578 38229 770293.924   24 1250 787648.185 770247.262  2.21%  1425 72636s
 62610 38876 770282.524   23 1325 787648.185 770247.419  2.21%  1425 72668s
H63257 38876                    787633.25227 770251.942  2.21%  1427 72670s
 63257 39516 770259.095   26 1222 787633.252 770252.073  2.21%  1424 72871s
 63897 39731 770319.311   23 1183 787633.252 770255.347  2.21%  1419 73146s
 64112 40476 770320.988   26 1116 787633.252 770259.432  2.21%  1418 73201s
 64857 40937 770274.936   23 1294 787633.252 770261.389  2.21%  1411 73265s
 65318 40969 770276.365   23 1328 787633.252 770266.249  2.20%  1407 73303s
 65350 41001 770392.549   26 1173 787633.252 770268.264  2.20%  1408 73326s
 65382 41553 770292.900   24 1277 787633.252 770270.262  2.20%  1409 73540s
H65934 41553                    787618.28960 770271.913  2.20%  1407 73542s
 65934 42497 770301.977   22 1013 787618.290 770271.932  2.20%  1405 73736s
 66878 43112 770297.163   25 1011 787618.290 770274.752  2.20%  1399 73862s
 67493 43339 770315.187   24 1052 787618.290 770277.200  2.20%  1397 73914s
 67720 44274 770283.429   24 1097 787618.290 770278.606  2.20%  1396 74223s
H68655 44274                    787579.78880 770281.120  2.20%  1392 74225s
 68655 44389 770292.155   19 1614 787579.789 770281.147  2.20%  1391 74333s
 68770 47429 770285.018   24 1613 787579.789 770282.942  2.20%  1394 74629s
 70575 47429 770291.844   22 1555 787579.789 770284.273  2.20%  1414 74630s
H71810 47429                    787578.22039 770288.083  2.20%  1428 74632s
 71810 48727 770299.614   39 7497 787578.220 770288.139  2.20%  1404 75367s
 73108 48759 770319.674   38 7415 787578.220 770290.262  2.20%  1396 76191s
 73140 49082 770371.111   45 7169 787578.220 770291.718  2.19%  1396 76742s
 73463 49381 770319.243   42 7586 787578.220 770293.793  2.19%  1394 77231s
 73762 50015 770319.059   48 7159 787578.220 770295.589  2.19%  1392 77394s
 74396 50395 770477.229   29 1436 787578.220 770297.410  2.19%  1408 77835s
 74776 50820 770449.066   23 1785 787578.220 770300.947  2.19%  1413 77932s
 75201 50976 770401.934   22 1640 787578.220 770303.843  2.19%  1418 78325s
 75357 51419 770391.718   26 1672 787578.220 770307.416  2.19%  1421 78407s
 75800 51559 770433.560   25 1650 787578.220 770309.841  2.19%  1427 78985s
 75940 52000 770379.570   25 1757 787578.220 770313.718  2.19%  1430 79070s
 76381 52305 770526.175   26 1654 787578.220 770317.442  2.19%  1435 79510s
 76686 52784 770406.823   27 1686 787578.220 770320.827  2.19%  1440 79595s
 77165 53168 770448.918   28 1645 787578.220 770323.281  2.19%  1445 80015s
H77549 53168                    787555.26914 770327.574  2.19%  1453 80017s
 77549 54047 770409.687   26 1715 787555.269 770328.095  2.19%  1451 80406s
 78428 54079 770365.891   23 1649 787555.269 770331.964  2.19%  1441 80498s
 78460 54111 770439.230   25 1511 787555.269 770334.098  2.19%  1442 80567s
 78492 54658 770353.478   25 1668 787555.269 770335.786  2.19%  1443 81087s
 79039 55560 770366.442   29 1599 787555.269 770337.534  2.19%  1437 81440s
 79941 56148 770435.852   24 1622 787555.269 770339.674  2.19%  1427 81989s
 80529 57086 770347.715   24 1554 787555.269 770342.522  2.19%  1421 82385s
H81467 57086                    787532.25402 770344.303  2.18%  1414 82386s
 81467 57862 770382.813   26 1284 787532.254 770344.888  2.18%  1412 82681s
 82243 58559 770424.072   23 1304 787532.254 770348.355  2.18%  1411 82734s
 82940 58656 770460.527   27 1285 787532.254 770353.514  2.18%  1410 83166s
 83037 59246 770473.613   28 1237 787532.254 770355.554  2.18%  1411 83453s
 83627 59546 770456.110   25 1223 787532.254 770356.984  2.18%  1410 83931s
 83927 60175 770404.146   28 1350 787532.254 770359.265  2.18%  1410 84162s
 84556 60882 770492.423   25 1267 787532.254 770360.990  2.18%  1410 84352s
H85263 60882                    787526.87287 770363.868  2.18%  1411 84354s
 85263 61357 770404.901   30 1170 787526.873 770364.187  2.18%  1409 85028s
 85738 62448 770423.988   22 1185 787526.873 770366.376  2.18%  1406 85430s
 86829 63087 770402.512   26 1211 787526.873 770371.658  2.18%  1400 85729s
 87468 63865 770438.263   24 1231 787526.873 770375.532  2.18%  1396 86054s
 87743 63865 770421.898   24 1287 787526.873 770376.392  2.18%  1395 86055s
 88246 64331 770417.854   26 1232 787526.873 770378.517  2.18%  1392 86659s
H88712 64331                    787522.19388 770380.936  2.18%  1392 86661s
 88712 65463 770409.590   23 1078 787522.194 770381.752  2.18%  1390 87296s
 89844 66785 770388.166   26 1085 787522.194 770384.024  2.18%  1385 87890s
 91166 67974 770415.700   24  950 787522.194 770386.936  2.18%  1380 88472s
H92355 67972                    787505.42418 770388.617  2.17%  1376 88474s
 92355 68180 770405.391   26 1529 787505.424 770388.912  2.17%  1375 88969s
 92563 72660 770432.284   29 1473 787505.424 770392.197  2.17%  1378 89978s
 93963 72660 770395.448   26 1568 787505.424 770392.664  2.17%  1389 89980s
H97043 72660                    787504.42079 770399.350  2.17%  1415 89984s
 97043 73033 770420.943   43 7342 787504.421 770399.369  2.17%  1397 92736s
 97416 74761 770401.726   40 7366 787504.421 770400.691  2.17%  1395 93003s
 99144 74793 770423.495   41 7336 787504.421 770401.761  2.17%  1386 94227s
 99176 75269 770499.819   43 7424 787504.421 770403.656  2.17%  1386 94396s
 99652 75301 770417.854   37 7377 787504.421 770405.204  2.17%  1384 95129s
 99684 75333 770528.272   40 7360 787504.421 770406.779  2.17%  1384 95883s
 99716 75365 770485.032   43 7308 787504.421 770408.228  2.17%  1384 96342s
 99748 75397 770497.835   46 7530 787504.421 770409.432  2.17%  1384 97282s
 99780 76116 770517.403   43 7510 787504.421 770410.769  2.17%  1385 97439s
H100499 76116                    787474.84629 770412.947  2.17%  1398 97441s
 100499 76148 770498.279   23 1739 787474.846 770412.947  2.17%  1395 97747s
 100531 78228 770548.294   26 1601 787474.846 770415.995  2.17%  1397 99070s
 102611 78533 770477.149   26 1735 787474.846 770421.404  2.17%  1413 99861s
 102916 79085 770494.096   25 1719 787474.846 770426.306  2.16%  1416 99974s
 103415 79085 770581.352   26 1695 787474.846 770428.663  2.16%  1421 99975s
 103468 79352 770461.615   24 1714 787474.846 770429.014  2.16%  1421 100605s
 103735 79821 770553.158   26 1646 787474.846 770432.085  2.16%  1424 101318s
 104204 79853 770553.144   28 1726 787474.846 770434.278  2.16%  1428 101596s
 104236 79885 770633.975   25 1715 787474.846 770436.695  2.16%  1429 101794s
 104268 79938 770637.681   27 1675 787474.846 770439.007  2.16%  1431 102112s
 104321 80536 770514.341   25 1739 787474.846 770440.975  2.16%  1432 102663s
H104919 80536                    787467.89014 770442.878  2.16%  1439 102665s
 104919 81891 770479.739   27 1655 787467.890 770443.628  2.16%  1438 103260s
 106274 82065 770548.415   24 1546 787467.890 770447.750  2.16%  1426 104238s
 106448 82825 770490.633   21 1551 787467.890 770449.056  2.16%  1425 104786s
 107208 83431 770482.230   26 1610 787467.890 770450.958  2.16%  1419 105484s
 107354 83431 770520.394   23 1657 787467.890 770451.814  2.16%  1418 105485s
 107814 84322 770529.445   25 1636 787467.890 770452.816  2.16%  1415 106101s
 108705 84354 770455.468   23 1636 787467.890 770454.767  2.16%  1408 106352s
 108737 85198 770461.508   24 1581 787467.890 770455.476  2.16%  1409 106938s
H109581 85198                    787454.72060 770458.529  2.16%  1404 106940s
 109581 85230 770563.039   28 1211 787454.721 770458.823  2.16%  1403 107118s

Cutting planes:
  Gomory: 77
  Cover: 12
  Implied bound: 134
  Projected implied bound: 31
  MIR: 3
  Flow cover: 3365
  RLT: 25
  Relax-and-lift: 136

Explored 109613 nodes (159024314 simplex iterations) in 107127.88 seconds (16847.38 work units)
Thread count was 32 (of 32 available processors)

Solution count 10: 787455 787468 787475 ... 787578

Solve interrupted
Warning: max bound violation (1.4297e-05) exceeds tolerance
Best objective 7.874547206048e+05, best bound 7.704606313253e+05, gap 2.1581%
