
Gurobi 12.0.0 (win64) logging started Mon Sep  7 03:56:43 2026

Set parameter LogFile to value "C:\Users\TECNO-MASTER\Desktop\Elmo_infrastructure_sizing_NP-\output\DCH_septiembre\Bateria_482\Costo_variable\Carga_libre\Carga_on_board_variable_3estaciones_P160kW_Descomp/station_3_d305_stage1\gurobi.log"
Set parameter Threads to value 1
Set parameter Heuristics to value 0.5
Set parameter MIPFocus to value 3
Set parameter Presolve to value 2
Set parameter FlowCoverCuts to value 2
Set parameter TimeLimit to value 1200
Gurobi Optimizer version 12.0.0 build v12.0.0rc1 (win64 - Windows 11+.0 (26200.2))

CPU model: Intel(R) Core(TM) i9-14900K, instruction set [SSE2|AVX|AVX2]
Thread count: 24 physical cores, 32 logical processors, using up to 1 threads

Non-default parameters:
TimeLimit  1200
MIPGap  0.05
Heuristics  0.5
MIPFocus  3
FlowCoverCuts  2
Presolve  2
Threads  1

Optimize a model with 22740 rows, 37249 columns and 110628 nonzeros
Model fingerprint: 0xebf4d7da
Variable types: 17323 continuous, 19926 integer (19925 binary)
Coefficient statistics:
  Matrix range     [1e-01, 2e+02]
  Objective range  [1e-01, 6e+04]
  Bounds range     [1e+00, 1e+00]
  RHS range        [1e+00, 1e+04]
Presolve removed 19951 rows and 26953 columns
Presolve time: 0.10s
Presolved: 2789 rows, 10296 columns, 31379 nonzeros
Variable types: 840 continuous, 9456 integer (9455 binary)
Root relaxation presolved: 2789 rows, 10296 columns, 31379 nonzeros


Root relaxation: objective 1.129025e+05, 6280 iterations, 0.39 seconds (0.99 work units)

    Nodes    |    Current Node    |     Objective Bounds      |     Work
 Expl Unexpl |  Obj  Depth IntInf | Incumbent    BestBd   Gap | It/Node Time

     0     0 157193.904    0   43          - 157193.904      -     -    1s
     0     0 157221.526    0   48          - 157221.526      -     -    1s
H    0     0                    157356.23283 157221.526  0.09%     -    1s

Cutting planes:
  Gomory: 16
  Lift-and-project: 4
  Cover: 5
  Implied bound: 1
  Clique: 4
  Flow cover: 2
  Zero half: 2
  RLT: 4
  Relax-and-lift: 10

Explored 1 nodes (18213 simplex iterations) in 1.29 seconds (2.86 work units)
Thread count was 1 (of 32 available processors)

Solution count 1: 157356 

Optimal solution found (tolerance 5.00e-02)
Best objective 1.573562328313e+05, best bound 1.572215259060e+05, gap 0.0856%
