
Gurobi 12.0.3 (win64) logging started Tue Jun 30 14:23:51 2026

Set parameter LogFile to value "output/DCH_taller_julio/Costo_fijo/Carga_on_board_320kW_Descomp/station_3_d305_stage1\gurobi.log"
Set parameter Threads to value 5
Set parameter Heuristics to value 0.5
Set parameter MIPFocus to value 3
Set parameter Presolve to value 2
Set parameter FlowCoverCuts to value 2
Set parameter TimeLimit to value 172800
Gurobi Optimizer version 12.0.3 build v12.0.3rc0 (win64 - Windows 11+.0 (26200.2))

CPU model: Intel(R) Core(TM) i9-14900K, instruction set [SSE2|AVX|AVX2]
Thread count: 24 physical cores, 32 logical processors, using up to 5 threads

Non-default parameters:
TimeLimit  172800
MIPGap  0.01
Heuristics  0.5
MIPFocus  3
FlowCoverCuts  2
Presolve  2
Threads  5

Optimize a model with 22763 rows, 35809 columns and 110742 nonzeros
Model fingerprint: 0xb67735e6
Variable types: 17323 continuous, 18486 integer (18485 binary)
Coefficient statistics:
  Matrix range     [1e-01, 3e+02]
  Objective range  [4e-01, 9e+04]
  Bounds range     [1e+00, 1e+00]
  RHS range        [1e+00, 1e+04]
Presolve removed 20029 rows and 25837 columns
Presolve time: 0.12s
Presolved: 2734 rows, 9972 columns, 30403 nonzeros
Variable types: 820 continuous, 9152 integer (9151 binary)
Root relaxation presolved: 2734 rows, 9972 columns, 30403 nonzeros


Root relaxation: objective 7.675329e+04, 4212 iterations, 0.21 seconds (0.39 work units)

    Nodes    |    Current Node    |     Objective Bounds      |     Work
 Expl Unexpl |  Obj  Depth IntInf | Incumbent    BestBd   Gap | It/Node Time

     0     0 131680.362    0   95          - 131680.362      -     -    1s
H    0     0                    217725.95228 131680.362  39.5%     -    1s
H    0     0                    217722.19251 131680.362  39.5%     -    1s
H    0     0                    217721.35555 131680.362  39.5%     -    1s
H    0     0                    217717.51053 131680.362  39.5%     -    1s
     0     0 131690.372    0   20 217717.511 131690.372  39.5%     -    1s
H    0     0                    131690.37157 131690.372  0.00%     -    1s
     0     0 131690.372    0   20 131690.372 131690.372  0.00%     -    1s

Cutting planes:
  Cover: 3
  Clique: 2
  Flow cover: 2
  Zero half: 1
  Relax-and-lift: 2

Explored 1 nodes (19470 simplex iterations) in 1.81 seconds (2.90 work units)
Thread count was 5 (of 32 available processors)

Solution count 5: 131690 217718 217721 ... 217726

Optimal solution found (tolerance 1.00e-02)
Best objective 1.316903715700e+05, best bound 1.316903715700e+05, gap 0.0000%
