
Gurobi 12.0.3 (win64) logging started Mon Sep  7 19:19:58 2026

Set parameter LogFile to value "C:\Users\TECNO-MASTER\Desktop\Elmo_infrastructure_sizing_NP-\output\DCH_septiembre\Bateria_353\Costo_fijo\Ventana_restringida\Carga_on_board_fixed_3estaciones_P640kW_Descomp/station_2_d121_stage1\gurobi.log"
Set parameter Threads to value 1
Set parameter Heuristics to value 0.5
Set parameter MIPFocus to value 3
Set parameter Presolve to value 2
Set parameter FlowCoverCuts to value 2
Set parameter TimeLimit to value 1200
Gurobi Optimizer version 12.0.3 build v12.0.3rc0 (win64 - Windows 11+.0 (26200.2))

CPU model: Intel(R) Core(TM) i9-14900K, instruction set [SSE2|AVX|AVX2]
Thread count: 24 physical cores, 32 logical processors, using up to 1 threads

Non-default parameters:
TimeLimit  1200
MIPGap  0.05
Heuristics  0.5
MIPFocus  3
FlowCoverCuts  2
Presolve  2
Threads  1

Optimize a model with 24316 rows, 39247 columns and 117254 nonzeros
Model fingerprint: 0xe576115b
Variable types: 18325 continuous, 20922 integer (20921 binary)
Coefficient statistics:
  Matrix range     [1e-01, 6e+02]
  Objective range  [4e-01, 1e+05]
  Bounds range     [1e+00, 1e+00]
  RHS range        [1e+00, 1e+04]
Presolve removed 23088 rows and 29960 columns
Presolve time: 0.22s
Presolved: 1228 rows, 9287 columns, 28152 nonzeros
Variable types: 233 continuous, 9054 integer (9053 binary)
Root relaxation presolved: 1228 rows, 9287 columns, 28152 nonzeros


Use crossover to convert LP symmetric solution to basic solution...

Root relaxation: objective 1.626013e+05, 3146 iterations, 0.06 seconds (0.05 work units)

    Nodes    |    Current Node    |     Objective Bounds      |     Work
 Expl Unexpl |  Obj  Depth IntInf | Incumbent    BestBd   Gap | It/Node Time

     0     0 162601.336    0  104          - 162601.336      -     -    0s
H    0     0                    271280.54507 162601.336  40.1%     -    0s
H    0     0                    271276.36752 162601.336  40.1%     -    0s
     0     0 179994.365    0   93 271276.368 179994.365  33.6%     -    1s
H    0     0                    218555.08810 181027.549  17.2%     -    1s
H    0     0                    212071.85351 181027.549  14.6%     -    1s
H    0     0                    202700.19395 181027.549  10.7%     -    1s
     0     0 181027.549    0   92 202700.194 181027.549  10.7%     -    1s
     0     0 181027.549    0   90 202700.194 181027.549  10.7%     -    2s
     0     0 181027.549    0   82 202700.194 181027.549  10.7%     -    2s
H    0     0                    190735.14398 181027.549  5.09%     -    2s
H    0     0                    187826.62919 181027.549  3.62%     -    2s

Cutting planes:
  Cover: 2
  MIR: 1
  Flow cover: 1
  Zero half: 6
  RLT: 1
  Relax-and-lift: 28

Explored 1 nodes (9346 simplex iterations) in 2.53 seconds (2.23 work units)
Thread count was 1 (of 32 available processors)

Solution count 7: 187827 190735 202700 ... 271281

Optimal solution found (tolerance 5.00e-02)
Best objective 1.878266291894e+05, best bound 1.810275487022e+05, gap 3.6199%
