
Gurobi 12.0.3 (win64) logging started Sun Aug 23 01:50:07 2026

Set parameter LogFile to value "output/DCH_agosto/Costo_fijo/Ventana_restringida/Carga_on_board_320kW_Descomp/station_2_d182_stage1\gurobi.log"
Set parameter Threads to value 1
Set parameter Heuristics to value 0.5
Set parameter MIPFocus to value 3
Set parameter Presolve to value 2
Set parameter FlowCoverCuts to value 2
Set parameter TimeLimit to value 172800
Gurobi Optimizer version 12.0.3 build v12.0.3rc0 (win64 - Windows 11+.0 (26200.2))

CPU model: Intel(R) Core(TM) i9-14900K, instruction set [SSE2|AVX|AVX2]
Thread count: 24 physical cores, 32 logical processors, using up to 1 threads

Non-default parameters:
TimeLimit  172800
MIPGap  0.01
Heuristics  0.5
MIPFocus  3
FlowCoverCuts  2
Presolve  2
Threads  1

Optimize a model with 24316 rows, 39247 columns and 117254 nonzeros
Model fingerprint: 0x397a77c9
Variable types: 18325 continuous, 20922 integer (20921 binary)
Coefficient statistics:
  Matrix range     [1e-01, 3e+02]
  Objective range  [4e-01, 9e+04]
  Bounds range     [1e+00, 3e+00]
  RHS range        [1e+00, 1e+04]
Presolve removed 23116 rows and 29969 columns
Presolve time: 0.20s
Presolved: 1200 rows, 9278 columns, 28758 nonzeros
Variable types: 233 continuous, 9045 integer (8953 binary)
Root relaxation presolved: 1200 rows, 9278 columns, 28758 nonzeros


Use crossover to convert LP symmetric solution to basic solution...

Root relaxation: objective 2.038259e+05, 3539 iterations, 0.10 seconds (0.06 work units)

    Nodes    |    Current Node    |     Objective Bounds      |     Work
 Expl Unexpl |  Obj  Depth IntInf | Incumbent    BestBd   Gap | It/Node Time

     0     0 214927.473    0  111          - 214927.473      -     -    1s
     0     0 219546.190    0   82          - 219546.190      -     -    1s
H    0     0                    266405.13809 219546.190  17.6%     -    1s
H    0     0                    251425.85766 219965.515  12.5%     -    1s
H    0     0                    235591.85046 219965.515  6.63%     -    1s
H    0     0                    234450.54591 219965.515  6.18%     -    1s
H    0     0                    230191.31423 219965.515  4.44%     -    1s
H    0     0                    227810.48321 219965.515  3.44%     -    1s
H    0     0                    227701.40019 219965.515  3.40%     -    1s
     0     0 219965.515    0   82 227701.400 219965.515  3.40%     -    1s
     0     0 219965.515    0   86 227701.400 219965.515  3.40%     -    1s
     0     0 219965.515    0   74 227701.400 219965.515  3.40%     -    2s
     0     0 219965.515    0   74 227701.400 219965.515  3.40%     -    2s
H    0     0                    225108.50127 219965.515  2.28%     -    2s
H    0     0                    225048.44710 219965.515  2.26%     -    2s
H    0     0                    224920.48434 219965.515  2.20%     -    3s
     0     2 219971.066    0   72 224920.484 219971.066  2.20%     -    3s

Cutting planes:
  Gomory: 8
  Cover: 4
  Projected implied bound: 1
  Clique: 1
  MIR: 5
  StrongCG: 1
  Flow cover: 6
  Zero half: 22
  Relax-and-lift: 4

Explored 2 nodes (9785 simplex iterations) in 3.15 seconds (2.66 work units)
Thread count was 1 (of 32 available processors)

Solution count 10: 224920 225048 225109 ... 266405

Optimal solution found (tolerance 1.00e-02)
Best objective 2.249204843364e+05, best bound 2.238488597076e+05, gap 0.4764%
