
Gurobi 12.0.0 (win64) logging started Mon Sep  7 04:02:25 2026

Set parameter LogFile to value "C:\Users\TECNO-MASTER\Desktop\Elmo_infrastructure_sizing_NP-\output\DCH_septiembre\Bateria_482\Costo_variable\Carga_libre\Carga_on_board_variable_3estaciones_P640kW_Descomp/station_3_d244\gurobi.log"
Set parameter Threads to value 1
Set parameter Heuristics to value 0.5
Set parameter MIPFocus to value 3
Set parameter Presolve to value 2
Set parameter FlowCoverCuts to value 2
Set parameter TimeLimit to value 1200
Gurobi Optimizer version 12.0.0 build v12.0.0rc1 (win64 - Windows 11+.0 (26200.2))

CPU model: Intel(R) Core(TM) i9-14900K, instruction set [SSE2|AVX|AVX2]
Thread count: 24 physical cores, 32 logical processors, using up to 1 threads

Non-default parameters:
TimeLimit  1200
MIPGap  0.05
Heuristics  0.5
MIPFocus  3
FlowCoverCuts  2
Presolve  2
Threads  1

Optimize a model with 22770 rows, 37249 columns and 109786 nonzeros
Model fingerprint: 0xa385fe2f
Variable types: 17323 continuous, 19926 integer (19925 binary)
Coefficient statistics:
  Matrix range     [1e-01, 6e+02]
  Objective range  [8e-03, 1e+02]
  Bounds range     [1e+00, 1e+00]
  RHS range        [1e+00, 1e+04]
Presolve removed 20325 rows and 26954 columns
Presolve time: 0.10s
Presolved: 2445 rows, 10295 columns, 31206 nonzeros
Variable types: 841 continuous, 9454 integer (9454 binary)
Root relaxation presolved: 2445 rows, 10295 columns, 31206 nonzeros


Root relaxation: objective 1.483109e+05, 4072 iterations, 0.10 seconds (0.21 work units)

    Nodes    |    Current Node    |     Objective Bounds      |     Work
 Expl Unexpl |  Obj  Depth IntInf | Incumbent    BestBd   Gap | It/Node Time

     0     0 148310.923    0  217          - 148310.923      -     -    0s
H    0     0                    164734.17499 148310.923  10.0%     -    0s
H    0     0                    153219.95354 148310.923  3.20%     -    0s

Explored 1 nodes (9371 simplex iterations) in 0.59 seconds (1.03 work units)
Thread count was 1 (of 32 available processors)

Solution count 2: 153220 164734 

Optimal solution found (tolerance 5.00e-02)
Best objective 1.532199535408e+05, best bound 1.483109227714e+05, gap 3.2039%
