
Gurobi 12.0.3 (win64) logging started Tue Jul  7 01:00:03 2026

Set parameter LogFile to value "output/DCH_taller_julio/Costo_variable/Ventana_restringida/Carga_on_board_320kW_Descomp_ventana_carga/station_3_d213_stage1\gurobi.log"
Set parameter Threads to value 5
Set parameter Heuristics to value 0.5
Set parameter MIPFocus to value 3
Set parameter Presolve to value 2
Set parameter FlowCoverCuts to value 2
Set parameter TimeLimit to value 172800
Gurobi Optimizer version 12.0.3 build v12.0.3rc0 (win64 - Windows 11+.0 (26200.2))

CPU model: Intel(R) Core(TM) i9-14900K, instruction set [SSE2|AVX|AVX2]
Thread count: 24 physical cores, 32 logical processors, using up to 5 threads

Non-default parameters:
TimeLimit  172800
MIPGap  0.01
Heuristics  0.5
MIPFocus  3
FlowCoverCuts  2
Presolve  2
Threads  5

Optimize a model with 23329 rows, 35809 columns and 111338 nonzeros
Model fingerprint: 0x02928c33
Variable types: 17323 continuous, 18486 integer (18485 binary)
Coefficient statistics:
  Matrix range     [1e-01, 3e+02]
  Objective range  [8e-03, 2e+05]
  Bounds range     [1e+00, 1e+00]
  RHS range        [1e+00, 1e+04]
Presolve removed 22106 rows and 27284 columns
Presolve time: 0.08s
Presolved: 1223 rows, 8525 columns, 25748 nonzeros
Variable types: 245 continuous, 8280 integer (8279 binary)
Root relaxation presolved: 1223 rows, 8525 columns, 25748 nonzeros


Use crossover to convert LP symmetric solution to basic solution...

Root relaxation: objective 3.304906e+05, 3441 iterations, 0.04 seconds (0.05 work units)

    Nodes    |    Current Node    |     Objective Bounds      |     Work
 Expl Unexpl |  Obj  Depth IntInf | Incumbent    BestBd   Gap | It/Node Time

     0     0 356621.110    0  112          - 356621.110      -     -    0s
H    0     0                    360786.59735 356621.110  1.15%     -    0s
H    0     0                    357320.17789 356621.110  0.20%     -    0s

Explored 1 nodes (7047 simplex iterations) in 0.45 seconds (0.75 work units)
Thread count was 5 (of 32 available processors)

Solution count 2: 357320 360787 

Optimal solution found (tolerance 1.00e-02)
Best objective 3.573201778945e+05, best bound 3.566211096450e+05, gap 0.1956%
