
Gurobi 12.0.3 (win64) logging started Tue Jun 30 14:57:42 2026

Set parameter LogFile to value "output/DCH_taller_julio/Costo_variable/Carga_on_board_640kW_Descomp/station_3_d121\gurobi.log"
Set parameter Threads to value 5
Set parameter Heuristics to value 0.5
Set parameter MIPFocus to value 3
Set parameter Presolve to value 2
Set parameter FlowCoverCuts to value 2
Set parameter TimeLimit to value 172800
Gurobi Optimizer version 12.0.3 build v12.0.3rc0 (win64 - Windows 11+.0 (26200.2))

CPU model: Intel(R) Core(TM) i9-14900K, instruction set [SSE2|AVX|AVX2]
Thread count: 24 physical cores, 32 logical processors, using up to 5 threads

Non-default parameters:
TimeLimit  172800
MIPGap  0.01
Heuristics  0.5
MIPFocus  3
FlowCoverCuts  2
Presolve  2
Threads  5

Optimize a model with 22793 rows, 35809 columns and 109900 nonzeros
Model fingerprint: 0x14065519
Variable types: 17323 continuous, 18486 integer (18485 binary)
Coefficient statistics:
  Matrix range     [1e-01, 6e+02]
  Objective range  [8e-03, 1e+02]
  Bounds range     [1e+00, 1e+00]
  RHS range        [1e+00, 1e+04]
Presolve removed 20397 rows and 25838 columns
Presolve time: 0.14s
Presolved: 2396 rows, 9971 columns, 30232 nonzeros
Variable types: 821 continuous, 9150 integer (9150 binary)
Root relaxation presolved: 2396 rows, 9971 columns, 30232 nonzeros


Root relaxation: objective 1.664452e+05, 2993 iterations, 0.15 seconds (0.18 work units)

    Nodes    |    Current Node    |     Objective Bounds      |     Work
 Expl Unexpl |  Obj  Depth IntInf | Incumbent    BestBd   Gap | It/Node Time

     0     0 166445.183    0  226          - 166445.183      -     -    0s
H    0     0                    203537.17503 166445.183  18.2%     -    0s
H    0     0                    180461.58214 166445.183  7.77%     -    0s
H    0     0                    178724.18345 166445.183  6.87%     -    0s
H    0     0                    178661.82639 166445.183  6.84%     -    0s
H    0     0                    178659.73595 166445.183  6.84%     -    0s
H    0     0                    178529.33732 166445.183  6.77%     -    1s
H    0     0                    178381.67058 166445.183  6.69%     -    1s
H    0     0                    172839.95585 166445.183  3.70%     -    1s
H    0     0                    171317.16353 166445.183  2.84%     -    1s
H    0     0                    170124.39953 166445.183  2.16%     -    1s
H    0     0                    170006.94337 166445.183  2.10%     -    1s
H    0     0                    169794.44135 166445.183  1.97%     -    1s
H    0     0                    168581.35781 166445.183  1.27%     -    1s
H    0     0                    168494.21878 166445.183  1.22%     -    1s
H    0     0                    168298.21236 166445.183  1.10%     -    1s
H    0     0                    168247.79429 166445.183  1.07%     -    1s
H    0     0                    168101.90732 166445.183  0.99%     -    1s
H    0     0                    168101.01340 166445.183  0.99%     -    1s

Explored 1 nodes (8099 simplex iterations) in 1.17 seconds (1.14 work units)
Thread count was 5 (of 32 available processors)

Solution count 10: 168101 168102 168248 ... 171317

Optimal solution found (tolerance 1.00e-02)
Best objective 1.681010133966e+05, best bound 1.664451831330e+05, gap 0.9850%
