
Gurobi 12.0.0 (win64) logging started Mon Sep  7 03:41:24 2026

Set parameter LogFile to value "C:\Users\TECNO-MASTER\Desktop\Elmo_infrastructure_sizing_NP-\output\DCH_septiembre\Bateria_353\Costo_variable\Carga_libre\Carga_on_board_variable_3estaciones_P160kW_Descomp/station_3_d1_stage1\gurobi.log"
Set parameter Threads to value 1
Set parameter Heuristics to value 0.5
Set parameter MIPFocus to value 3
Set parameter Presolve to value 2
Set parameter FlowCoverCuts to value 2
Set parameter TimeLimit to value 1200
Gurobi Optimizer version 12.0.0 build v12.0.0rc1 (win64 - Windows 11+.0 (26200.2))

CPU model: Intel(R) Core(TM) i9-14900K, instruction set [SSE2|AVX|AVX2]
Thread count: 24 physical cores, 32 logical processors, using up to 1 threads

Non-default parameters:
TimeLimit  1200
MIPGap  0.05
Heuristics  0.5
MIPFocus  3
FlowCoverCuts  2
Presolve  2
Threads  1

Optimize a model with 22740 rows, 37249 columns and 110628 nonzeros
Model fingerprint: 0x90b7b1be
Variable types: 17323 continuous, 19926 integer (19925 binary)
Coefficient statistics:
  Matrix range     [1e-01, 2e+02]
  Objective range  [1e-02, 6e+04]
  Bounds range     [1e+00, 1e+00]
  RHS range        [1e+00, 1e+04]
Presolve removed 19951 rows and 26953 columns
Presolve time: 0.24s
Presolved: 2789 rows, 10296 columns, 31379 nonzeros
Variable types: 840 continuous, 9456 integer (9455 binary)
Root relaxation presolved: 2789 rows, 10296 columns, 31379 nonzeros


Root relaxation: objective 9.072518e+04, 6330 iterations, 0.90 seconds (1.00 work units)

    Nodes    |    Current Node    |     Objective Bounds      |     Work
 Expl Unexpl |  Obj  Depth IntInf | Incumbent    BestBd   Gap | It/Node Time

     0     0 105370.635    0  278          - 105370.635      -     -    3s
     0     0 154846.089    0  217          - 154846.089      -     -    3s
     0     0 154888.377    0   53          - 154888.377      -     -    4s
     0     0 154888.377    0   48          - 154888.377      -     -    4s
     0     0 154888.377    0   13          - 154888.377      -     -    5s
H    0     0                    155117.54304 154888.377  0.15%     -    5s

Cutting planes:
  Gomory: 10
  Lift-and-project: 11
  Cover: 18
  Implied bound: 3
  Clique: 9
  Flow cover: 5
  Zero half: 16
  Relax-and-lift: 19

Explored 1 nodes (23261 simplex iterations) in 5.74 seconds (4.79 work units)
Thread count was 1 (of 32 available processors)

Solution count 1: 155118 

Optimal solution found (tolerance 5.00e-02)
Best objective 1.551175430405e+05, best bound 1.548883773860e+05, gap 0.1477%
