
Gurobi 12.0.3 (win64) logging started Sun Aug 23 17:23:29 2026

Set parameter LogFile to value "C:\Users\TECNO-MASTER\Desktop\Elmo_infrastructure_sizing_NP-\output\DCH_agosto\Costo_variable\Carga_libre\Carga_on_board_variable_3estaciones_P1000kW_Descomp/station_1_d121_stage1\gurobi.log"
Set parameter Threads to value 1
Set parameter Heuristics to value 0.5
Set parameter MIPFocus to value 3
Set parameter Presolve to value 2
Set parameter FlowCoverCuts to value 2
Set parameter TimeLimit to value 172800
Gurobi Optimizer version 12.0.3 build v12.0.3rc0 (win64 - Windows 11+.0 (26200.2))

CPU model: Intel(R) Core(TM) i9-14900K, instruction set [SSE2|AVX|AVX2]
Thread count: 24 physical cores, 32 logical processors, using up to 1 threads

Non-default parameters:
TimeLimit  172800
MIPGap  0.01
Heuristics  0.5
MIPFocus  3
FlowCoverCuts  2
Presolve  2
Threads  1

Optimize a model with 22770 rows, 37249 columns and 110686 nonzeros
Model fingerprint: 0xd209423a
Variable types: 17323 continuous, 19926 integer (19925 binary)
Coefficient statistics:
  Matrix range     [1e-01, 1e+03]
  Objective range  [8e-03, 2e+05]
  Bounds range     [1e+00, 3e+00]
  RHS range        [1e+00, 1e+04]
Presolve removed 19880 rows and 26958 columns
Presolve time: 0.26s
Presolved: 2890 rows, 10291 columns, 32614 nonzeros
Variable types: 841 continuous, 9450 integer (9363 binary)
Root relaxation presolved: 2890 rows, 10291 columns, 32614 nonzeros


Root relaxation: objective 4.483806e+04, 6628 iterations, 0.73 seconds (0.78 work units)

    Nodes    |    Current Node    |     Objective Bounds      |     Work
 Expl Unexpl |  Obj  Depth IntInf | Incumbent    BestBd   Gap | It/Node Time

     0     0 44838.0632    0  390          - 44838.0632      -     -    1s
     0     0 71685.0603    0  249          - 71685.0603      -     -    3s
H    0     0                    468444.71502 72324.1078  84.6%     -    3s
H    0     0                    390570.94294 72324.1078  81.5%     -    3s
H    0     0                    214515.76792 72324.1078  66.3%     -    3s
H    0     0                    214390.67966 72324.1078  66.3%     -    3s
H    0     0                    213130.23694 72324.1078  66.1%     -    3s
H    0     0                    213111.18351 72324.1078  66.1%     -    3s
H    0     0                    213108.13194 72324.1078  66.1%     -    3s
H    0     0                    213054.70895 72324.1078  66.1%     -    3s
H    0     0                    213014.09412 72324.1078  66.0%     -    3s
     0     0 72324.1078    0  231 213014.094 72324.1078  66.0%     -    3s
     0     0 72324.1078    0  230 213014.094 72324.1078  66.0%     -    4s
H    0     0                    212768.58748 72324.1078  66.0%     -    5s
     0     0 72324.1078    0  239 212768.587 72324.1078  66.0%     -    5s
     0     0 72324.1078    0  240 212768.587 72324.1078  66.0%     -    6s
     0     0 72324.1078    0  240 212768.587 72324.1078  66.0%     -    7s
H    0     0                    212588.90230 72324.1078  66.0%     -    7s
H    0     0                    212488.81757 72324.1078  66.0%     -    7s
H    0     0                    212403.12557 72324.1078  65.9%     -    7s
H    0     0                    212401.46555 72324.1078  65.9%     -    7s
H    0     0                    212376.69706 72324.1078  65.9%     -    8s
H    0     0                    212274.60347 72324.1078  65.9%     -    8s
H    0     0                    212243.72501 72324.1078  65.9%     -    8s
H    0     0                    212233.32971 72324.1078  65.9%     -    8s
H    0     0                    212166.42096 72324.1078  65.9%     -    9s
H    0     0                    212144.65117 72324.1078  65.9%     -    9s
     0     2 72325.0591    0  220 212144.651 72325.0591  65.9%     -    9s
     2     2 211228.002    1  186 212144.651 211228.002  0.43%  6735   10s

Cutting planes:
  Gomory: 3
  Lift-and-project: 8
  Implied bound: 2
  MIR: 4
  Mixing: 2
  Flow cover: 3
  Zero half: 1

Explored 3 nodes (36261 simplex iterations) in 10.19 seconds (11.53 work units)
Thread count was 1 (of 32 available processors)

Solution count 10: 212145 212166 212233 ... 212589

Optimal solution found (tolerance 1.00e-02)
Best objective 2.121446511658e+05, best bound 2.112280016051e+05, gap 0.4321%
