
Gurobi 12.0.3 (win64) logging started Sun Aug 23 02:49:26 2026

Set parameter LogFile to value "C:\Users\TECNO-MASTER\Desktop\Elmo_infrastructure_sizing_NP-\output\DCH_agosto\Costo_variable\Carga_libre\Carga_on_board_variable_3estaciones_P320kW_Descomp/station_1_d1_stage1\gurobi.log"
Set parameter Threads to value 1
Set parameter Heuristics to value 0.5
Set parameter MIPFocus to value 3
Set parameter Presolve to value 2
Set parameter FlowCoverCuts to value 2
Set parameter TimeLimit to value 172800
Gurobi Optimizer version 12.0.3 build v12.0.3rc0 (win64 - Windows 11+.0 (26200.2))

CPU model: Intel(R) Core(TM) i9-14900K, instruction set [SSE2|AVX|AVX2]
Thread count: 24 physical cores, 32 logical processors, using up to 1 threads

Non-default parameters:
TimeLimit  172800
MIPGap  0.01
Heuristics  0.5
MIPFocus  3
FlowCoverCuts  2
Presolve  2
Threads  1

Optimize a model with 22740 rows, 37249 columns and 110626 nonzeros
Model fingerprint: 0xb86c1929
Variable types: 17323 continuous, 19926 integer (19925 binary)
Coefficient statistics:
  Matrix range     [1e-01, 3e+02]
  Objective range  [1e-02, 9e+04]
  Bounds range     [1e+00, 3e+00]
  RHS range        [1e+00, 1e+04]
Presolve removed 19951 rows and 26959 columns
Presolve time: 0.38s
Presolved: 2789 rows, 10290 columns, 32049 nonzeros
Variable types: 840 continuous, 9450 integer (9363 binary)
Root relaxation presolved: 2789 rows, 10290 columns, 32049 nonzeros


Root relaxation: objective 5.605970e+04, 5019 iterations, 0.91 seconds (0.48 work units)
Total elapsed time = 7.52s (DegenMoves)

    Nodes    |    Current Node    |     Objective Bounds      |     Work
 Expl Unexpl |  Obj  Depth IntInf | Incumbent    BestBd   Gap | It/Node Time

     0     0 125133.334    0  205          - 125133.334      -     -    8s
H    0     0                    125724.17922 125133.334  0.47%     -    8s

Explored 1 nodes (28515 simplex iterations) in 8.22 seconds (4.54 work units)
Thread count was 1 (of 32 available processors)

Solution count 1: 125724 

Optimal solution found (tolerance 1.00e-02)
Best objective 1.257241792203e+05, best bound 1.251333344854e+05, gap 0.4700%
