
Gurobi 12.0.3 (win64) logging started Tue Jul  7 18:02:41 2026

Set parameter LogFile to value "output/DCH_taller_julio/Costo_variable/Ventana_restringida/Carga_on_board_1000kW_Descomp_ventana_carga/station_3_d213_stage1\gurobi.log"
Set parameter Threads to value 5
Set parameter Heuristics to value 0.5
Set parameter MIPFocus to value 3
Set parameter Presolve to value 2
Set parameter FlowCoverCuts to value 2
Set parameter TimeLimit to value 172800
Gurobi Optimizer version 12.0.3 build v12.0.3rc0 (win64 - Windows 11+.0 (26200.2))

CPU model: Intel(R) Core(TM) i9-14900K, instruction set [SSE2|AVX|AVX2]
Thread count: 24 physical cores, 32 logical processors, using up to 5 threads

Non-default parameters:
TimeLimit  172800
MIPGap  0.01
Heuristics  0.5
MIPFocus  3
FlowCoverCuts  2
Presolve  2
Threads  5

Optimize a model with 23329 rows, 35809 columns and 111338 nonzeros
Model fingerprint: 0x6276384f
Variable types: 17323 continuous, 18486 integer (18485 binary)
Coefficient statistics:
  Matrix range     [1e-01, 1e+03]
  Objective range  [8e-03, 2e+05]
  Bounds range     [1e+00, 1e+00]
  RHS range        [1e+00, 1e+04]
Presolve removed 22092 rows and 27284 columns
Presolve time: 0.32s
Presolved: 1237 rows, 8525 columns, 25866 nonzeros
Variable types: 245 continuous, 8280 integer (8279 binary)
Root relaxation presolved: 1237 rows, 8525 columns, 25866 nonzeros


Use crossover to convert LP symmetric solution to basic solution...

Root relaxation: objective 1.818313e+05, 3258 iterations, 0.12 seconds (0.06 work units)

    Nodes    |    Current Node    |     Objective Bounds      |     Work
 Expl Unexpl |  Obj  Depth IntInf | Incumbent    BestBd   Gap | It/Node Time

     0     0 181831.340    0  190          - 181831.340      -     -    1s
     0     0 203142.064    0  162          - 203142.064      -     -    1s
H    0     0                    576453.49006 203142.064  64.8%     -    1s
H    0     0                    244043.94410 222135.990  8.98%     -    2s
H    0     0                    244002.33402 222135.990  8.96%     -    2s
H    0     0                    243660.19838 222135.990  8.83%     -    2s
H    0     0                    243189.40316 222135.990  8.66%     -    2s
H    0     0                    236399.82124 222135.990  6.03%     -    2s
H    0     0                    235392.00342 222135.990  5.63%     -    2s
H    0     0                    233584.36813 222135.990  4.90%     -    2s
H    0     0                    230214.27755 222135.990  3.51%     -    2s
     0     0 222339.405    0  140 230214.278 222339.405  3.42%     -    2s
     0     0 222339.405    0  144 230214.278 222339.405  3.42%     -    2s
H    0     0                    229478.99543 222339.405  3.11%     -    4s
H    0     0                    228726.51569 222339.405  2.79%     -    4s
H    0     0                    228724.28571 222339.405  2.79%     -    4s
     0     0 222339.405    0  135 228724.286 222339.405  2.79%     -    4s
H    0     0                    228653.17560 222339.405  2.76%     -    4s
H    0     0                    227813.10638 222339.405  2.40%     -    4s
H    0     0                    227791.94608 222339.405  2.39%     -    4s
     0     0 222339.405    0  129 227791.946 222339.405  2.39%     -    4s
     0     0 222339.405    0  103 227791.946 222339.405  2.39%     -    6s
H    0     0                    226650.24000 222339.405  1.90%     -    6s
     0     0 222339.405    0   98 226650.240 222339.405  1.90%     -    6s
     0     0 222339.405    0  143 226650.240 222339.405  1.90%     -    7s
     0     0 222339.405    0  152 226650.240 222339.405  1.90%     -    7s
     0     0 222339.405    0  111 226650.240 222339.405  1.90%     -    9s
H    0     0                    225656.42622 222339.405  1.47%     -    9s
H    0     0                    225626.99552 222339.405  1.46%     -    9s
     0     0 222339.405    0  107 225626.996 222339.405  1.46%     -    9s
     0     0 222339.405    0   87 225626.996 222339.405  1.46%     -   11s
     0     0 222339.405    0  104 225626.996 222339.405  1.46%     -   11s
     0     0 222339.405    0  106 225626.996 222339.405  1.46%     -   12s
     0     0 222339.405    0  106 225626.996 222339.405  1.46%     -   13s
H    0     0                    225600.26592 222339.405  1.45%     -   13s
     0     2 222339.405    0  106 225600.266 222339.405  1.45%     -   14s
     7    13 222339.405    3  159 225600.266 222339.405  1.45%   579   15s
H   28    33                    225090.01541 222339.405  1.22%   597   16s
H   65    58                    225057.73584 222339.405  1.21%   645   18s
   104    83 infeasible    7      225057.736 222339.405  1.21%   633   20s
H  113    88                    225028.11248 222339.405  1.19%   671   21s
H  114    96                    224996.00318 222339.405  1.18%   685   21s
H  167   123                    224764.57341 222479.376  1.02%   722   23s

Cutting planes:
  Gomory: 140
  Lift-and-project: 16
  Cover: 37
  Implied bound: 85
  Projected implied bound: 4
  Clique: 13
  MIR: 173
  Mixing: 17
  Flow cover: 298
  GUB cover: 1
  Zero half: 28
  RLT: 1
  Relax-and-lift: 70

Explored 175 nodes (150116 simplex iterations) in 24.07 seconds (17.17 work units)
Thread count was 5 (of 32 available processors)

Solution count 10: 224765 224996 225028 ... 227792

Optimal solution found (tolerance 1.00e-02)
Best objective 2.247645734098e+05, best bound 2.225757723731e+05, gap 0.9738%
