
Gurobi 12.0.3 (win64) logging started Tue Jul  7 17:47:02 2026

Set parameter LogFile to value "output/DCH_taller_julio/Costo_variable/Ventana_restringida/Carga_on_board_640kW_Descomp_ventana_carga/station_2_d152_stage1\gurobi.log"
Set parameter Threads to value 5
Set parameter Heuristics to value 0.5
Set parameter MIPFocus to value 3
Set parameter Presolve to value 2
Set parameter FlowCoverCuts to value 2
Set parameter TimeLimit to value 172800
Gurobi Optimizer version 12.0.3 build v12.0.3rc0 (win64 - Windows 11+.0 (26200.2))

CPU model: Intel(R) Core(TM) i9-14900K, instruction set [SSE2|AVX|AVX2]
Thread count: 24 physical cores, 32 logical processors, using up to 5 threads

Non-default parameters:
TimeLimit  172800
MIPGap  0.01
Heuristics  0.5
MIPFocus  3
FlowCoverCuts  2
Presolve  2
Threads  5

Optimize a model with 24331 rows, 37807 columns and 117368 nonzeros
Model fingerprint: 0x9db5b023
Variable types: 18325 continuous, 19482 integer (19481 binary)
Coefficient statistics:
  Matrix range     [1e-01, 6e+02]
  Objective range  [1e-02, 1e+05]
  Bounds range     [1e+00, 1e+00]
  RHS range        [1e+00, 1e+04]
Presolve removed 23088 rows and 28784 columns
Presolve time: 0.22s
Presolved: 1243 rows, 9023 columns, 27354 nonzeros
Variable types: 245 continuous, 8778 integer (8777 binary)
Root relaxation presolved: 1243 rows, 9023 columns, 27354 nonzeros


Use crossover to convert LP symmetric solution to basic solution...

Root relaxation: objective 2.072948e+05, 3583 iterations, 0.08 seconds (0.07 work units)

    Nodes    |    Current Node    |     Objective Bounds      |     Work
 Expl Unexpl |  Obj  Depth IntInf | Incumbent    BestBd   Gap | It/Node Time

     0     0 207294.814    0  194          - 207294.814      -     -    0s
     0     0 226128.601    0  155          - 226128.601      -     -    0s
H    0     0                    480808.53986 226128.601  53.0%     -    1s
     0     0 231871.616    0   50 480808.540 231871.616  51.8%     -    1s
H    0     0                    353416.55976 231871.616  34.4%     -    1s
H    0     0                    353322.76969 231871.616  34.4%     -    1s
H    0     0                    352431.04915 231871.616  34.2%     -    2s
H    0     0                    331788.49659 231871.616  30.1%     -    2s
H    0     0                    323827.19574 231871.616  28.4%     -    2s
     0     0 231871.616    0   58 323827.196 231871.616  28.4%     -    2s
     0     0 231871.616    0   71 323827.196 231871.616  28.4%     -    2s
H    0     0                    320942.73469 231871.616  27.8%     -    2s
H    0     0                    320886.52714 231871.616  27.7%     -    2s
H    0     0                    320076.77171 231871.616  27.6%     -    2s
H    0     0                    320018.26228 231871.616  27.5%     -    2s
H    0     0                    320001.23449 231871.616  27.5%     -    2s
H    0     0                    319989.21494 231871.616  27.5%     -    2s
     0     0 231871.616    0   71 319989.215 231871.616  27.5%     -    2s
H    0     0                    245255.78835 231871.616  5.46%     -    3s
     0     0 231871.616    0   59 245255.788 231871.616  5.46%     -    3s
H    0     0                    245185.72357 231871.616  5.43%     -    3s
H    0     0                    245138.66349 231871.616  5.41%     -    3s
H    0     0                    241641.62248 231871.616  4.04%     -    3s
H    0     0                    241587.20248 231871.616  4.02%     -    3s
H    0     0                    239211.62964 231871.616  3.07%     -    3s
H    0     0                    239211.58003 231871.616  3.07%     -    3s
H    0     0                    239204.26182 231871.616  3.07%     -    3s
     0     0 231871.616    0   71 239204.262 231871.616  3.07%     -    4s
H    0     0                    233879.92274 231871.616  0.86%     -    4s
H    0     0                    233621.51576 231871.616  0.75%     -    4s
H    0     0                    233554.18901 231871.616  0.72%     -    4s
H    0     0                    233528.20999 231871.616  0.71%     -    4s
     0     0 231871.616    0   74 233528.210 231871.616  0.71%     -    4s

Cutting planes:
  Gomory: 9
  Lift-and-project: 22
  Cover: 9
  Implied bound: 4
  Clique: 2
  MIR: 25
  Flow cover: 21
  Zero half: 39
  Relax-and-lift: 15

Explored 1 nodes (13281 simplex iterations) in 4.60 seconds (2.97 work units)
Thread count was 5 (of 32 available processors)

Solution count 10: 233528 233554 233622 ... 245139

Optimal solution found (tolerance 1.00e-02)
Best objective 2.335282099897e+05, best bound 2.318716155237e+05, gap 0.7094%
