
Gurobi 12.0.3 (win64) logging started Tue Jun 30 14:56:13 2026

Set parameter LogFile to value "output/DCH_taller_julio/Costo_variable/Carga_on_board_640kW_Descomp/station_1_d60\gurobi.log"
Set parameter Threads to value 5
Set parameter Heuristics to value 0.5
Set parameter MIPFocus to value 3
Set parameter Presolve to value 2
Set parameter FlowCoverCuts to value 2
Set parameter TimeLimit to value 172800
Gurobi Optimizer version 12.0.3 build v12.0.3rc0 (win64 - Windows 11+.0 (26200.2))

CPU model: Intel(R) Core(TM) i9-14900K, instruction set [SSE2|AVX|AVX2]
Thread count: 24 physical cores, 32 logical processors, using up to 5 threads

Non-default parameters:
TimeLimit  172800
MIPGap  0.01
Heuristics  0.5
MIPFocus  3
FlowCoverCuts  2
Presolve  2
Threads  5

Optimize a model with 22763 rows, 35809 columns and 109840 nonzeros
Model fingerprint: 0x8162f7de
Variable types: 17323 continuous, 18486 integer (18485 binary)
Coefficient statistics:
  Matrix range     [1e-01, 6e+02]
  Objective range  [9e-03, 1e+02]
  Bounds range     [1e+00, 1e+00]
  RHS range        [1e+00, 1e+04]
Presolve removed 20367 rows and 25839 columns
Presolve time: 0.17s
Presolved: 2396 rows, 9970 columns, 30322 nonzeros
Variable types: 820 continuous, 9150 integer (9150 binary)
Root relaxation presolved: 2396 rows, 9970 columns, 30322 nonzeros


Root relaxation: objective 1.658931e+05, 4160 iterations, 0.18 seconds (0.21 work units)

    Nodes    |    Current Node    |     Objective Bounds      |     Work
 Expl Unexpl |  Obj  Depth IntInf | Incumbent    BestBd   Gap | It/Node Time

     0     0 165893.081    0  321          - 165893.081      -     -    1s
H    0     0                    170764.67359 165893.081  2.85%     -    1s
H    0     0                    169438.67094 165893.081  2.09%     -    1s
H    0     0                    168812.68791 165893.081  1.73%     -    1s
H    0     0                    168695.36380 165893.081  1.66%     -    1s
H    0     0                    168692.38157 165893.081  1.66%     -    1s
H    0     0                    168492.99093 165893.081  1.54%     -    1s
H    0     0                    168418.53673 165893.081  1.50%     -    1s
H    0     0                    168354.78494 165893.081  1.46%     -    1s
H    0     0                    168203.18140 165893.081  1.37%     -    1s
H    0     0                    168124.90551 166027.848  1.25%     -    2s
H    0     0                    168096.18627 166027.848  1.23%     -    2s
H    0     0                    167896.29844 166027.848  1.11%     -    2s
H    0     0                    167811.90056 166027.848  1.06%     -    2s
H    0     0                    167617.54417 166027.848  0.95%     -    2s
H    0     0                    167546.44940 166027.848  0.91%     -    2s
H    0     0                    167543.47598 166027.848  0.90%     -    2s
H    0     0                    167541.28107 166027.848  0.90%     -    2s
     0     0 166027.848    0  324 167541.281 166027.848  0.90%     -    2s

Cutting planes:
  Gomory: 42
  Lift-and-project: 16
  Cover: 6
  Implied bound: 48
  Projected implied bound: 1
  Clique: 6
  MIR: 28
  Mixing: 13
  Flow cover: 119
  Zero half: 16
  RLT: 24
  Relax-and-lift: 14
  PSD: 7

Explored 1 nodes (11592 simplex iterations) in 2.18 seconds (1.51 work units)
Thread count was 5 (of 32 available processors)

Solution count 10: 167541 167543 167546 ... 168355

Optimal solution found (tolerance 1.00e-02)
Best objective 1.675412810722e+05, best bound 1.660278477656e+05, gap 0.9033%
