
Gurobi 12.0.3 (win64) logging started Sun Aug 23 02:53:49 2026

Set parameter LogFile to value "C:\Users\TECNO-MASTER\Desktop\Elmo_infrastructure_sizing_NP-\output\DCH_agosto\Costo_variable\Carga_libre\Carga_on_board_variable_3estaciones_P640kW_Descomp/station_2_d213_stage1\gurobi.log"
Set parameter Threads to value 1
Set parameter Heuristics to value 0.5
Set parameter MIPFocus to value 3
Set parameter Presolve to value 2
Set parameter FlowCoverCuts to value 2
Set parameter TimeLimit to value 172800
Gurobi Optimizer version 12.0.3 build v12.0.3rc0 (win64 - Windows 11+.0 (26200.2))

CPU model: Intel(R) Core(TM) i9-14900K, instruction set [SSE2|AVX|AVX2]
Thread count: 24 physical cores, 32 logical processors, using up to 1 threads

Non-default parameters:
TimeLimit  172800
MIPGap  0.01
Heuristics  0.5
MIPFocus  3
FlowCoverCuts  2
Presolve  2
Threads  1

Optimize a model with 23772 rows, 39247 columns and 116710 nonzeros
Model fingerprint: 0xdb1f93e8
Variable types: 18325 continuous, 20922 integer (20921 binary)
Coefficient statistics:
  Matrix range     [1e-01, 6e+02]
  Objective range  [8e-03, 1e+05]
  Bounds range     [1e+00, 3e+00]
  RHS range        [1e+00, 1e+04]
Presolve removed 20876 rows and 28441 columns
Presolve time: 0.81s
Presolved: 2896 rows, 10806 columns, 34238 nonzeros
Variable types: 841 continuous, 9965 integer (9873 binary)
Root relaxation presolved: 2896 rows, 10806 columns, 34238 nonzeros


Root relaxation: objective 5.561092e+04, 4389 iterations, 1.58 seconds (0.71 work units)

    Nodes    |    Current Node    |     Objective Bounds      |     Work
 Expl Unexpl |  Obj  Depth IntInf | Incumbent    BestBd   Gap | It/Node Time

     0     0 55610.9160    0  373          - 55610.9160      -     -    4s
     0     0 165105.699    0  219          - 165105.699      -     -   10s
     0     0 165107.815    0  214          - 165107.815      -     -   10s
     0     0 165279.408    0  211          - 165279.408      -     -   11s
H    0     0                    364700.50489 165314.200  54.7%     -   11s
H    0     0                    342512.19848 165314.200  51.7%     -   11s
H    0     0                    342301.76189 165314.200  51.7%     -   11s
H    0     0                    342229.03131 165314.200  51.7%     -   11s
H    0     0                    342060.41151 165314.200  51.7%     -   11s
H    0     0                    301451.53310 165314.200  45.2%     -   11s
H    0     0                    299639.08315 165314.200  44.8%     -   11s
H    0     0                    294566.55850 165314.200  43.9%     -   11s
H    0     0                    293816.84531 165314.200  43.7%     -   11s
H    0     0                    179943.01973 165314.200  8.13%     -   11s
H    0     0                    179058.18404 165314.200  7.68%     -   11s
H    0     0                    176613.81237 165314.200  6.40%     -   11s
H    0     0                    169885.62186 165314.200  2.69%     -   11s
H    0     0                    169879.84263 165314.200  2.69%     -   11s
H    0     0                    169655.77081 165314.200  2.56%     -   11s
     0     0 165314.200    0  231 169655.771 165314.200  2.56%     -   12s
     0     0 165410.604    0  242 169655.771 165410.604  2.50%     -   13s
     0     0 165410.654    0  230 169655.771 165410.654  2.50%     -   13s
H    0     0                    167258.21063 165410.654  1.10%     -   13s
H    0     0                    166673.18243 165410.654  0.76%     -   13s

Cutting planes:
  Gomory: 24
  Lift-and-project: 11
  Cover: 8
  Implied bound: 3
  Clique: 4
  MIR: 2
  Flow cover: 13
  Relax-and-lift: 16

Explored 1 nodes (42723 simplex iterations) in 13.82 seconds (10.40 work units)
Thread count was 1 (of 32 available processors)

Solution count 10: 166673 167258 169656 ... 294567

Optimal solution found (tolerance 1.00e-02)
Best objective 1.666731824338e+05, best bound 1.654106544352e+05, gap 0.7575%
