
Gurobi 12.0.0 (win64) logging started Mon Sep  7 03:43:58 2026

Set parameter LogFile to value "C:\Users\TECNO-MASTER\Desktop\Elmo_infrastructure_sizing_NP-\output\DCH_septiembre\Bateria_353\Costo_variable\Carga_libre\Carga_on_board_variable_3estaciones_P320kW_Descomp/station_2_d91_stage1\gurobi.log"
Set parameter Threads to value 1
Set parameter Heuristics to value 0.5
Set parameter MIPFocus to value 3
Set parameter Presolve to value 2
Set parameter FlowCoverCuts to value 2
Set parameter TimeLimit to value 1200
Gurobi Optimizer version 12.0.0 build v12.0.0rc1 (win64 - Windows 11+.0 (26200.2))

CPU model: Intel(R) Core(TM) i9-14900K, instruction set [SSE2|AVX|AVX2]
Thread count: 24 physical cores, 32 logical processors, using up to 1 threads

Non-default parameters:
TimeLimit  1200
MIPGap  0.05
Heuristics  0.5
MIPFocus  3
FlowCoverCuts  2
Presolve  2
Threads  1

Optimize a model with 23772 rows, 39247 columns and 116710 nonzeros
Model fingerprint: 0x8ece65d7
Variable types: 18325 continuous, 20922 integer (20921 binary)
Coefficient statistics:
  Matrix range     [1e-01, 3e+02]
  Objective range  [1e-02, 8e+04]
  Bounds range     [1e+00, 1e+00]
  RHS range        [1e+00, 1e+04]
Presolve removed 20947 rows and 28432 columns
Presolve time: 0.24s
Presolved: 2825 rows, 10815 columns, 33077 nonzeros
Variable types: 841 continuous, 9974 integer (9973 binary)
Root relaxation presolved: 2825 rows, 10815 columns, 33077 nonzeros


Root relaxation: objective 7.019007e+04, 4732 iterations, 0.41 seconds (0.48 work units)

    Nodes    |    Current Node    |     Objective Bounds      |     Work
 Expl Unexpl |  Obj  Depth IntInf | Incumbent    BestBd   Gap | It/Node Time

     0     0 70190.0735    0  425          - 70190.0735      -     -    1s
     0     0 116549.816    0   45          - 116549.816      -     -    3s
H    0     0                    125078.60418 116549.816  6.82%     -    3s
H    0     0                    124846.64000 116549.816  6.65%     -    3s
     0     0 116549.816    0   49 124846.640 116549.816  6.65%     -    4s
H    0     0                    119371.21713 116549.816  2.36%     -    4s

Cutting planes:
  Gomory: 9
  Cover: 3
  Clique: 3
  Flow cover: 1
  Zero half: 4
  RLT: 1
  Relax-and-lift: 6

Explored 1 nodes (21085 simplex iterations) in 4.40 seconds (4.57 work units)
Thread count was 1 (of 32 available processors)

Solution count 3: 119371 124847 125079 

Optimal solution found (tolerance 5.00e-02)
Best objective 1.193712171335e+05, best bound 1.165498162445e+05, gap 2.3636%
