
Gurobi 12.0.3 (win64) logging started Tue Jul  7 18:06:29 2026

Set parameter LogFile to value "output/DCH_taller_julio/Costo_variable/Ventana_restringida/Carga_on_board_1000kW_Descomp_ventana_carga/station_2_d305\gurobi.log"
Set parameter Threads to value 5
Set parameter Heuristics to value 0.5
Set parameter MIPFocus to value 3
Set parameter Presolve to value 2
Set parameter FlowCoverCuts to value 2
Set parameter TimeLimit to value 172800
Gurobi Optimizer version 12.0.3 build v12.0.3rc0 (win64 - Windows 11+.0 (26200.2))

CPU model: Intel(R) Core(TM) i9-14900K, instruction set [SSE2|AVX|AVX2]
Thread count: 24 physical cores, 32 logical processors, using up to 5 threads

Non-default parameters:
TimeLimit  172800
MIPGap  0.01
Heuristics  0.5
MIPFocus  3
FlowCoverCuts  2
Presolve  2
Threads  5

Optimize a model with 24301 rows, 37807 columns and 116406 nonzeros
Model fingerprint: 0xdab45847
Variable types: 18325 continuous, 19482 integer (19481 binary)
Coefficient statistics:
  Matrix range     [1e-01, 1e+03]
  Objective range  [1e-01, 1e+02]
  Bounds range     [1e+00, 1e+00]
  RHS range        [1e+00, 1e+04]
Presolve removed 23207 rows and 28787 columns
Presolve time: 0.15s
Presolved: 1094 rows, 9020 columns, 27146 nonzeros
Variable types: 244 continuous, 8776 integer (8776 binary)
Root relaxation presolved: 1094 rows, 9020 columns, 27146 nonzeros


Use crossover to convert LP symmetric solution to basic solution...

Root relaxation: objective 2.200634e+05, 3080 iterations, 0.05 seconds (0.04 work units)

    Nodes    |    Current Node    |     Objective Bounds      |     Work
 Expl Unexpl |  Obj  Depth IntInf | Incumbent    BestBd   Gap | It/Node Time

     0     0 220063.377    0  102          - 220063.377      -     -    0s
H    0     0                    221329.21629 220063.377  0.57%     -    0s

Cutting planes:
  Gomory: 29
  Lift-and-project: 9
  Cover: 10
  Implied bound: 8
  Projected implied bound: 5
  Clique: 6
  MIR: 19
  Mixing: 7
  StrongCG: 1
  Flow cover: 60
  GUB cover: 2
  Zero half: 12
  Network: 1
  RLT: 13
  Relax-and-lift: 14
  BQP: 10
  PSD: 5

Explored 1 nodes (5555 simplex iterations) in 0.66 seconds (0.61 work units)
Thread count was 5 (of 32 available processors)

Solution count 1: 221329 

Optimal solution found (tolerance 1.00e-02)
Best objective 2.213292162937e+05, best bound 2.200633770073e+05, gap 0.5719%
