
Gurobi 12.0.3 (win64) logging started Tue Jun 30 14:57:19 2026

Set parameter LogFile to value "output/DCH_taller_julio/Costo_variable/Carga_on_board_640kW_Descomp/station_2_d274\gurobi.log"
Set parameter Threads to value 5
Set parameter Heuristics to value 0.5
Set parameter MIPFocus to value 3
Set parameter Presolve to value 2
Set parameter FlowCoverCuts to value 2
Set parameter TimeLimit to value 172800
Gurobi Optimizer version 12.0.3 build v12.0.3rc0 (win64 - Windows 11+.0 (26200.2))

CPU model: Intel(R) Core(TM) i9-14900K, instruction set [SSE2|AVX|AVX2]
Thread count: 24 physical cores, 32 logical processors, using up to 5 threads

Non-default parameters:
TimeLimit  172800
MIPGap  0.01
Heuristics  0.5
MIPFocus  3
FlowCoverCuts  2
Presolve  2
Threads  5

Optimize a model with 23765 rows, 37807 columns and 115870 nonzeros
Model fingerprint: 0xcece9d91
Variable types: 18325 continuous, 19482 integer (19481 binary)
Coefficient statistics:
  Matrix range     [1e-01, 6e+02]
  Objective range  [4e-03, 1e+02]
  Bounds range     [1e+00, 1e+00]
  RHS range        [1e+00, 1e+04]
Presolve removed 21363 rows and 27339 columns
Presolve time: 0.17s
Presolved: 2402 rows, 10468 columns, 31810 nonzeros
Variable types: 820 continuous, 9648 integer (9648 binary)
Root relaxation presolved: 2402 rows, 10468 columns, 31810 nonzeros


Root relaxation: objective 1.681513e+05, 3464 iterations, 0.20 seconds (0.26 work units)

    Nodes    |    Current Node    |     Objective Bounds      |     Work
 Expl Unexpl |  Obj  Depth IntInf | Incumbent    BestBd   Gap | It/Node Time

     0     0 168151.320    0  325          - 168151.320      -     -    0s
H    0     0                    170888.43817 168151.320  1.60%     -    0s
H    0     0                    170860.39311 168151.320  1.59%     -    0s
H    0     0                    170140.60728 168151.320  1.17%     -    0s
H    0     0                    170076.01232 168151.320  1.13%     -    0s
H    0     0                    169615.17510 168151.320  0.86%     -    0s

Explored 1 nodes (7193 simplex iterations) in 0.99 seconds (0.92 work units)
Thread count was 5 (of 32 available processors)

Solution count 5: 169615 170076 170141 ... 170888

Optimal solution found (tolerance 1.00e-02)
Best objective 1.696151751031e+05, best bound 1.681513195800e+05, gap 0.8630%
