
Gurobi 12.0.3 (win64) logging started Mon Sep  7 19:16:02 2026

Set parameter LogFile to value "C:\Users\TECNO-MASTER\Desktop\Elmo_infrastructure_sizing_NP-\output\DCH_septiembre\Bateria_353\Costo_fijo\Carga_libre\Carga_on_board_fixed_3estaciones_P160kW_Descomp/station_1_d213_stage1\gurobi.log"
Set parameter Threads to value 1
Set parameter Heuristics to value 0.5
Set parameter MIPFocus to value 3
Set parameter Presolve to value 2
Set parameter FlowCoverCuts to value 2
Set parameter TimeLimit to value 1200
Gurobi Optimizer version 12.0.3 build v12.0.3rc0 (win64 - Windows 11+.0 (26200.2))

CPU model: Intel(R) Core(TM) i9-14900K, instruction set [SSE2|AVX|AVX2]
Thread count: 24 physical cores, 32 logical processors, using up to 1 threads

Non-default parameters:
TimeLimit  1200
MIPGap  0.05
Heuristics  0.5
MIPFocus  3
FlowCoverCuts  2
Presolve  2
Threads  1

Optimize a model with 22770 rows, 37249 columns and 110686 nonzeros
Model fingerprint: 0x78899f15
Variable types: 17323 continuous, 19926 integer (19925 binary)
Coefficient statistics:
  Matrix range     [1e-01, 2e+02]
  Objective range  [4e-01, 6e+04]
  Bounds range     [1e+00, 1e+00]
  RHS range        [1e+00, 1e+04]
Presolve removed 19951 rows and 26950 columns
Presolve time: 0.24s
Presolved: 2819 rows, 10299 columns, 31535 nonzeros
Variable types: 841 continuous, 9458 integer (9457 binary)
Root relaxation presolved: 2819 rows, 10299 columns, 31535 nonzeros


Root relaxation: objective 1.045661e+05, 5625 iterations, 0.59 seconds (0.68 work units)

    Nodes    |    Current Node    |     Objective Bounds      |     Work
 Expl Unexpl |  Obj  Depth IntInf | Incumbent    BestBd   Gap | It/Node Time

     0     0 120567.464    0  319          - 120567.464      -     -    3s
     0     0 120693.305    0  296          - 120693.305      -     -    4s
     0     0 120742.142    0  410          - 120742.142      -     -    4s
     0     0 120742.142    0  380          - 120742.142      -     -    4s
     0     0 120742.142    0  303          - 120742.142      -     -    5s
     0     0 120742.142    0  313          - 120742.142      -     -    5s
     0     0 120742.142    0  309          - 120742.142      -     -    6s
     0     0 120742.142    0  314          - 120742.142      -     -    6s
     0     0 120742.142    0  299          - 120742.142      -     -    7s
     0     0 120742.142    0  345          - 120742.142      -     -    7s
     0     0 120742.142    0  331          - 120742.142      -     -    8s
     0     0 120742.142    0  315          - 120742.142      -     -    8s
H    0     0                    184206.04509 120742.142  34.5%     -    8s
H    0     0                    181452.22040 120742.142  33.5%     -    8s
H    0     0                    177821.98764 120742.142  32.1%     -    8s
H    0     0                    176014.72066 120742.142  31.4%     -    9s
     0     2 120780.617    0  297 176014.721 120780.617  31.4%     -    9s
H    3     1                    163759.73075 158621.988  3.14%  1888    9s

Cutting planes:
  Gomory: 2
  Cover: 30
  Implied bound: 3
  Clique: 8
  MIR: 2
  Flow cover: 10
  Zero half: 9
  RLT: 1
  Relax-and-lift: 41

Explored 4 nodes (53160 simplex iterations) in 9.79 seconds (11.97 work units)
Thread count was 1 (of 32 available processors)

Solution count 5: 163760 176015 177822 ... 184206

Optimal solution found (tolerance 5.00e-02)
Best objective 1.637597307502e+05, best bound 1.586219876418e+05, gap 3.1374%
