
Gurobi 12.0.3 (win64) logging started Sun Aug 23 17:24:23 2026

Set parameter LogFile to value "C:\Users\TECNO-MASTER\Desktop\Elmo_infrastructure_sizing_NP-\output\DCH_agosto\Costo_variable\Carga_libre\Carga_on_board_variable_3estaciones_P1000kW_Descomp/station_1_d152\gurobi.log"
Set parameter Threads to value 1
Set parameter Heuristics to value 0.5
Set parameter MIPFocus to value 3
Set parameter Presolve to value 2
Set parameter FlowCoverCuts to value 2
Set parameter TimeLimit to value 172800
Gurobi Optimizer version 12.0.3 build v12.0.3rc0 (win64 - Windows 11+.0 (26200.2))

CPU model: Intel(R) Core(TM) i9-14900K, instruction set [SSE2|AVX|AVX2]
Thread count: 24 physical cores, 32 logical processors, using up to 1 threads

Non-default parameters:
TimeLimit  172800
MIPGap  0.01
Heuristics  0.5
MIPFocus  3
FlowCoverCuts  2
Presolve  2
Threads  1

Optimize a model with 22770 rows, 37249 columns and 109784 nonzeros
Model fingerprint: 0x9d19f55c
Variable types: 17323 continuous, 19926 integer (19925 binary)
Coefficient statistics:
  Matrix range     [1e-01, 1e+03]
  Objective range  [1e-02, 1e+02]
  Bounds range     [1e+00, 3e+00]
  RHS range        [1e+00, 1e+04]
Presolve removed 20325 rows and 26960 columns
Presolve time: 0.22s
Presolved: 2445 rows, 10289 columns, 31876 nonzeros
Variable types: 841 continuous, 9448 integer (9362 binary)
Root relaxation presolved: 2445 rows, 10289 columns, 31876 nonzeros


Root relaxation: objective 2.113046e+05, 3984 iterations, 0.22 seconds (0.20 work units)

    Nodes    |    Current Node    |     Objective Bounds      |     Work
 Expl Unexpl |  Obj  Depth IntInf | Incumbent    BestBd   Gap | It/Node Time

     0     0 211304.635    0  108          - 211304.635      -     -    1s
H    0     0                    225820.98624 211304.635  6.43%     -    1s
H    0     0                    217562.07741 211304.635  2.88%     -    1s
H    0     0                    216366.69692 211304.635  2.34%     -    1s
H    0     0                    215827.61491 211304.635  2.10%     -    1s
H    0     0                    215644.72743 211304.635  2.01%     -    1s
H    0     0                    215375.61118 211304.635  1.89%     -    1s
H    0     0                    212673.20594 211304.635  0.64%     -    1s

Explored 1 nodes (7807 simplex iterations) in 1.33 seconds (0.92 work units)
Thread count was 1 (of 32 available processors)

Solution count 7: 212673 215376 215645 ... 225821

Optimal solution found (tolerance 1.00e-02)
Best objective 2.126732059350e+05, best bound 2.113046347885e+05, gap 0.6435%
