
Gurobi 12.0.3 (win64) logging started Mon Jun  8 15:36:53 2026

Set parameter LogFile to value "output\Gx_pruebas\Gx_Bess_max_mineral\gurobi.log"
Set parameter Threads to value 32
Set parameter Heuristics to value 0.5
Set parameter MIPFocus to value 3
Set parameter Presolve to value 2
Set parameter FlowCoverCuts to value 2
Set parameter TimeLimit to value 172800
Gurobi Optimizer version 12.0.3 build v12.0.3rc0 (win64 - Windows 11+.0 (26200.2))

CPU model: Intel(R) Core(TM) i9-14900K, instruction set [SSE2|AVX|AVX2]
Thread count: 24 physical cores, 32 logical processors, using up to 32 threads

Non-default parameters:
TimeLimit  172800
MIPGap  0.01
Heuristics  0.5
MIPFocus  3
FlowCoverCuts  2
Presolve  2
Threads  32

Optimize a model with 23896 rows, 37003 columns and 97759 nonzeros
Model fingerprint: 0x89e1fca2
Variable types: 18514 continuous, 18489 integer (18486 binary)
Coefficient statistics:
  Matrix range     [6e-02, 1e+03]
  Objective range  [5e+00, 2e+05]
  Bounds range     [1e+00, 1e+02]
  RHS range        [1e+00, 5e+03]
Presolve removed 20468 rows and 26373 columns
Presolve time: 0.08s
Presolved: 3428 rows, 10630 columns, 32827 nonzeros
Variable types: 1465 continuous, 9165 integer (9146 binary)
Found heuristic solution: objective 773686.71779
Root relaxation presolve removed 12 rows and 0 columns
Root relaxation presolved: 3416 rows, 10630 columns, 32781 nonzeros


Root relaxation: objective 2.111467e+05, 13499 iterations, 0.96 seconds (2.52 work units)
