
Gurobi 12.0.3 (win64) logging started Thu May  7 16:37:36 2026

Set parameter LogFile to value "output\Escenarios_DET\max_mineral\gurobi.log"
Set parameter Threads to value 24
Set parameter Heuristics to value 0.5
Set parameter MIPFocus to value 3
Set parameter Presolve to value 2
Set parameter FlowCoverCuts to value 2
Set parameter TimeLimit to value 172800
Gurobi Optimizer version 12.0.3 build v12.0.3rc0 (win64 - Windows 11+.0 (26200.2))

CPU model: Intel(R) Core(TM) i9-14900K, instruction set [SSE2|AVX|AVX2]
Thread count: 24 physical cores, 32 logical processors, using up to 24 threads

Non-default parameters:
TimeLimit  172800
MIPGap  0.01
Heuristics  0.5
MIPFocus  3
FlowCoverCuts  2
Presolve  2
Threads  24

Optimize a model with 50139 rows, 84431 columns and 292091 nonzeros
Model fingerprint: 0xa934ee03
Variable types: 41589 continuous, 42842 integer (42841 binary)
Coefficient statistics:
  Matrix range     [1e-01, 3e+02]
  Objective range  [1e+00, 1e+00]
  Bounds range     [1e+00, 2e+08]
  RHS range        [1e+00, 3e+04]
Presolve removed 48288 rows and 63192 columns
Presolve time: 0.22s
Presolved: 1851 rows, 21239 columns, 82166 nonzeros
Variable types: 686 continuous, 20553 integer (20342 binary)
Root relaxation presolve removed 602 rows and 602 columns
Root relaxation presolved: 1249 rows, 20637 columns, 80962 nonzeros


Root relaxation: infeasible, 2666 iterations, 0.06 seconds (0.13 work units)

    Nodes    |    Current Node    |     Objective Bounds      |     Work
 Expl Unexpl |  Obj  Depth IntInf | Incumbent    BestBd   Gap | It/Node Time

     0     0 infeasible    0               - infeasible      -     -    0s

Explored 1 nodes (2666 simplex iterations) in 0.35 seconds (0.81 work units)
Thread count was 24 (of 32 available processors)

Solution count 0
No other solutions better than -1e+100

Model is infeasible or unbounded
Best objective -, best bound -, gap -
