
Gurobi 12.0.3 (win64) logging started Mon Sep  7 19:29:18 2026

Set parameter LogFile to value "C:\Users\TECNO-MASTER\Desktop\Elmo_infrastructure_sizing_NP-\output\DCH_septiembre\Bateria_353\Costo_variable\Carga_libre\Carga_on_board_variable_3estaciones_P640kW_Descomp/station_2_d213_stage1\gurobi.log"
Set parameter Threads to value 1
Set parameter Heuristics to value 0.5
Set parameter MIPFocus to value 3
Set parameter Presolve to value 2
Set parameter FlowCoverCuts to value 2
Set parameter TimeLimit to value 1200
Gurobi Optimizer version 12.0.3 build v12.0.3rc0 (win64 - Windows 11+.0 (26200.2))

CPU model: Intel(R) Core(TM) i9-14900K, instruction set [SSE2|AVX|AVX2]
Thread count: 24 physical cores, 32 logical processors, using up to 1 threads

Non-default parameters:
TimeLimit  1200
MIPGap  0.05
Heuristics  0.5
MIPFocus  3
FlowCoverCuts  2
Presolve  2
Threads  1

Optimize a model with 23772 rows, 39247 columns and 116710 nonzeros
Model fingerprint: 0xd488abac
Variable types: 18325 continuous, 20922 integer (20921 binary)
Coefficient statistics:
  Matrix range     [1e-01, 6e+02]
  Objective range  [8e-03, 1e+05]
  Bounds range     [1e+00, 1e+00]
  RHS range        [1e+00, 1e+04]
Presolve removed 20876 rows and 28432 columns
Presolve time: 0.30s
Presolved: 2896 rows, 10815 columns, 33492 nonzeros
Variable types: 841 continuous, 9974 integer (9973 binary)
Root relaxation presolved: 2896 rows, 10815 columns, 33492 nonzeros


Root relaxation: objective 5.655676e+04, 4056 iterations, 0.63 seconds (0.68 work units)

    Nodes    |    Current Node    |     Objective Bounds      |     Work
 Expl Unexpl |  Obj  Depth IntInf | Incumbent    BestBd   Gap | It/Node Time

     0     0 56556.7563    0  395          - 56556.7563      -     -    2s
     0     0 149053.692    0  223          - 149053.692      -     -    7s
H    0     0                    266662.38471 149053.692  44.1%     -    7s
H    0     0                    265753.47194 149053.692  43.9%     -    7s
H    0     0                    151104.51245 149053.692  1.36%     -    7s

Cutting planes:
  Gomory: 6
  Implied bound: 1

Explored 1 nodes (41122 simplex iterations) in 7.64 seconds (7.40 work units)
Thread count was 1 (of 32 available processors)

Solution count 3: 151105 265753 266662 

Optimal solution found (tolerance 5.00e-02)
Best objective 1.511045124538e+05, best bound 1.490536924152e+05, gap 1.3572%
