
Gurobi 13.0.2 (linux64) logging started Tue Oct  6 16:34:01 2026

Set parameter LogFile to value "output/Resultados_finales_tesis/Mina_modelo/simetria_y5d15/pares.log"
Gurobi Optimizer version 13.0.2 build v13.0.2rc1 (linux64 - "Ubuntu 24.04.5 LTS")

CPU model: Intel(R) Xeon(R) Gold 6130 CPU @ 2.10GHz, instruction set [SSE2|AVX|AVX2|AVX512]
Thread count: 32 physical cores, 64 logical processors, using up to 16 threads

Non-default parameters:
TimeLimit  900
MIPFocus  3
LogToConsole  0
Threads  16

Optimize a model with 15196 rows, 14896 columns and 92248 nonzeros (Min)
Model fingerprint: 0xd4595024
Model has 198 linear objective coefficients
Variable types: 3450 continuous, 11446 integer (8641 binary)
Coefficient statistics:
  Matrix range     [1e-02, 1e+03]
  Objective range  [8e-01, 1e+06]
  Bounds range     [1e+00, 5e+02]
  RHS range        [1e+00, 3e+03]

User MIP start produced solution with objective 39325.9 (0.03s)
Loaded user MIP start with objective 39325.9

Presolve removed 11303 rows and 7039 columns
Presolve time: 0.16s
Presolved: 3893 rows, 7857 columns, 26264 nonzeros
Variable types: 1220 continuous, 6637 integer (5935 binary)
Root relaxation presolve removed 1 rows and 1 columns
Root relaxation presolved: 3892 rows, 7856 columns, 26259 nonzeros


Root relaxation: objective 3.714115e+04, 4580 iterations, 0.30 seconds (0.32 work units)

    Nodes    |    Current Node    |     Objective Bounds      |     Work
 Expl Unexpl |  Obj  Depth IntInf | Incumbent    BestBd   Gap | It/Node Time

     0     0 37141.1540    0  229 39325.9278 37141.1540  5.56%     -    1s
     0     0 37141.1540    0  352 39325.9278 37141.1540  5.56%     -    1s
     0     0 37141.1540    0   35 39325.9278 37141.1540  5.56%     -    1s
     0     0 37141.1540    0  195 39325.9278 37141.1540  5.56%     -    2s
     0     0 37141.1540    0  398 39325.9278 37141.1540  5.56%     -    2s
     0     0 37141.1540    0  107 39325.9278 37141.1540  5.56%     -    2s
     0     0 37141.1540    0  161 39325.9278 37141.1540  5.56%     -    3s
     0     0 37141.1540    0  263 39325.9278 37141.1540  5.56%     -    3s
     0     0 37141.1540    0   45 39325.9278 37141.1540  5.56%     -    4s
     0     0 37141.1540    0  287 39325.9278 37141.1540  5.56%     -    4s
     0     0 37141.1540    0  436 39325.9278 37141.1540  5.56%     -    4s
     0     0 37141.1540    0   77 39325.9278 37141.1540  5.56%     -    5s
     0     0 37141.1540    0   77 39325.9278 37141.1540  5.56%     -    5s
     0     0 37141.1540    0   77 39325.9278 37141.1540  5.56%     -    5s
     0     2 37141.1540    0   77 39325.9278 37141.1540  5.56%     -    5s
   293   310 37141.1540   21  466 39325.9278 37141.1540  5.56%  59.4   11s
   341   395 37141.1540   13  261 39325.9278 37141.1540  5.56%  71.6   15s
   467  1469 37141.1540   26  164 39325.9278 37141.1540  5.56%  80.3   22s
  1507  2835 37141.1540   52  215 39325.9278 37141.1540  5.56%  98.9   26s
  2910  2837 37141.1540   70  211 39325.9278 37141.1540  5.56%   115   31s
  2914  2840 37141.1540   17   54 39325.9278 37141.1540  5.56%   115   35s
  2918  2843 37141.1540  114   36 39325.9278 37141.1540  5.56%   114   42s
  3043  3096 37141.1540   26  100 39325.9278 37141.1540  5.56%   122   45s
  3521  3352 37141.1540   38  191 39325.9278 37141.1540  5.56%   115   50s
  3627  3332 37141.1540   36   50 39325.9278 37141.1540  5.56%   115   57s
  3643  3550 37141.1540   27  327 39325.9278 37141.1540  5.56%   116   63s
  3866  4467 37141.1540   29  250 39325.9278 37141.1540  5.56%   117   71s
  5031  4754 37141.1540   46  322 39325.9278 37141.1540  5.56%   136   79s
  5765  5159 37141.1540   25  326 39325.9278 37141.1540  5.56%   138   88s
  6538  6024 37141.1540   54  185 39325.9278 37141.1540  5.56%   146   97s
  7836  6968 37141.1540   70  174 39325.9278 37141.1540  5.56%   151  104s
  9407  7723 infeasible  126      39325.9278 37141.1540  5.56%   155  110s
 11075  7913 37141.1540   94   86 39325.9278 37141.1540  5.56%   157  115s
 11952  8943 infeasible   86      39325.9278 37141.1540  5.56%   159  121s
 13223  9785 37141.1540   66  310 39325.9278 37141.1540  5.56%   160  126s
 14179 10019 infeasible  134      39325.9278 37141.1540  5.56%   158  133s
 14461 11272 infeasible  117      39325.9278 37141.1540  5.56%   159  138s
 15846 11275 infeasible  152      39325.9278 37141.1540  5.56%   158  144s
 15874 11346 infeasible  158      39325.9278 37141.1540  5.56%   158  150s
 16015 11688 infeasible   97      39325.9278 37141.1540  5.56%   161  156s
 16391 12059 infeasible  139      39325.9278 37141.1540  5.56%   160  161s
 16792 12377 infeasible  122      39325.9278 37141.1540  5.56%   160  166s
 17244 12392 37141.1540  125   90 39325.9278 37141.1540  5.56%   163  173s
 17261 12428 37141.1540  137  211 39325.9278 37141.1540  5.56%   164  179s
 17339 12640 37141.1540  137  147 39325.9278 37141.1540  5.56%   165  186s
 17587 13421 37141.1540  106  112 39325.9278 37141.1540  5.56%   166  192s
 18490 15036 infeasible   96      39325.9278 37141.1540  5.56%   168  198s
 20245 16674 37141.1540  107  208 39325.9278 37141.1540  5.56%   166  202s
 21979 18015 infeasible   68      39325.9278 37141.1540  5.56%   164  209s
 23564 18426 infeasible  175      39325.9278 37141.1540  5.56%   168  212s
 24027 19363 37141.1540  117  171 39325.9278 37141.1540  5.56%   168  216s
 25152 20145 infeasible  122      39325.9278 37141.1540  5.56%   169  220s
 26845 21787 infeasible  155      39325.9278 37141.1540  5.56%   171  228s
 28090 22514 infeasible  222      39325.9278 37141.1540  5.56%   172  232s
 28925 23540 37141.1540  182  248 39325.9278 37141.1540  5.56%   173  236s
 30059 24502 37141.1540  119  266 39325.9278 37141.1540  5.56%   173  240s
 31219 25379 37141.1540  189  182 39325.9278 37141.1540  5.56%   174  247s
 32250 25950 37141.1540  136  221 39325.9278 37141.1540  5.56%   177  252s
 33090 26631 37141.1540  129  126 39325.9278 37141.1540  5.56%   181  258s
 33907 28106 infeasible  170      39325.9278 37141.1540  5.56%   182  263s
 35530 29434 infeasible  100      39325.9278 37141.1540  5.56%   182  268s
 37008 30172 infeasible  205      39325.9278 37141.1540  5.56%   183  274s
 37856 31018 37141.1540  120  297 39325.9278 37141.1540  5.56%   183  280s
 39062 32219 37141.1540   76  156 39325.9278 37141.1540  5.56%   186  286s
 40579 32249 37141.1540  196  264 39325.9278 37141.1540  5.56%   187  294s
 40727 32454 infeasible  205      39325.9278 37141.1540  5.56%   189  301s
 41141 32972 infeasible  139      39325.9278 37141.1540  5.56%   192  309s
 42009 33721 37141.1540  177  199 39325.9278 37141.1540  5.56%   197  317s
 43086 34536 infeasible  122      39325.9278 37141.1540  5.56%   200  326s
 45003 44137 37141.1540  384   25 39325.9278 37141.1540  5.56%   205  337s
 57511 49296 37141.1540  588   22 39325.9278 37141.1540  5.56%   170  341s
 62652 53776 37141.1540  432   22 39325.9278 37141.1540  5.56%   159  345s
 64900 62767 37141.1540  433   22 39325.9278 37141.1540  5.56%   155  353s
 74289 64765 37141.1540  435   23 39325.9278 37141.1540  5.56%   141  355s
 78713 68889 37141.1540  450   24 39325.9278 37141.1540  5.56%   135  360s
 84689 73151 37141.1540  838   30 39325.9278 37141.1540  5.56%   129  365s
 86933 84557 37141.1540  794   22 39325.9278 37141.1540  5.56%   126  373s
 99322 85384 37141.1540  841   26 39325.9278 37141.1540  5.56%   115  376s
 106010 89806 37141.1540  876   24 39325.9278 37141.1540  5.56%   110  381s
 107629 90469 infeasible  851      39325.9278 37141.1540  5.56%   109  388s
 108811 94685 37141.1540  959   20 39325.9278 37141.1540  5.56%   108  396s
 119377 95865 37141.1540  901   19 39325.9278 37141.1540  5.56%   102  402s
 120084 96426 37141.1540  966   17 39325.9278 37141.1540  5.56%   102  407s
 122945 97927 infeasible  910      39325.9278 37141.1540  5.56%   101  411s
 125116 98846 infeasible  910      39325.9278 37141.1540  5.56%   100  416s
 129128 101081 infeasible  899      39325.9278 37141.1540  5.56%  98.3  425s
 134177 100504 infeasible  906      39325.9278 37141.1540  5.56%  96.7  432s
 134932 100272 infeasible  926      39325.9278 37141.1540  5.56%  96.4  435s
 137490 100511 infeasible  895      39325.9278 37141.1540  5.56%  95.5  444s
 139407 100349 infeasible  914      39325.9278 37141.1540  5.56%  94.9  451s
 141713 101725 infeasible  879      39325.9278 37141.1540  5.56%  94.4  457s
 145377 103093 infeasible  881      39325.9278 37141.1540  5.56%  93.3  464s
 148386 106063 infeasible  878      39325.9278 37141.1540  5.56%  92.3  471s
 154099 110773 37141.1540  859   24 39325.9278 37141.1540  5.56%  90.3  483s
 165499 111241 infeasible  855      39325.9278 37141.1540  5.56%  86.4  488s
 168880 112123 infeasible  910      39325.9278 37141.1540  5.56%  85.4  493s
 171453 115262 infeasible  938      39325.9278 37141.1540  5.56%  84.6  498s
 178063 120239 infeasible  893      39325.9278 37141.1540  5.56%  82.5  514s
 190009 121626 infeasible  892      39325.9278 37141.1540  5.56%  79.8  521s
 198368 121930 infeasible  842      39325.9278 37141.1540  5.56%  77.8  528s
 204299 122589 infeasible  845      39325.9278 37141.1540  5.56%  76.5  535s
 211437 122845 infeasible  866      39325.9278 37141.1540  5.56%  74.7  543s
 219400 124513 infeasible  913      39325.9278 37141.1540  5.56%  72.9  557s
 233937 124551 infeasible  877      39325.9278 37141.1540  5.56%  70.3  565s
 239503 130736 infeasible  899      39325.9278 37141.1540  5.56%  69.4  572s
 248048 141607 infeasible  853      39325.9278 37141.1540  5.56%  68.0  588s
 263667 146950 infeasible  906      39325.9278 37141.1540  5.56%  65.6  597s
 271496 157432 infeasible  926      39325.9278 37141.1540  5.56%  64.6  614s
 285513 165209 37141.1540  847   25 39325.9278 37141.1540  5.56%  63.0  623s
 296211 175822 37141.1540  896   25 39325.9278 37141.1540  5.56%  61.6  639s
 311371 181367 37141.1540  875   18 39325.9278 37141.1540  5.56%  59.7  648s
 319843 191840 infeasible  918      39325.9278 37141.1540  5.56%  58.9  664s
 335485 198077 37141.1540  883   19 39325.9278 37141.1540  5.56%  57.4  673s
 343631 208889 infeasible  882      39325.9278 37141.1540  5.56%  56.6  689s
 358636 215722 infeasible  901      39325.9278 37141.1540  5.56%  55.2  698s
 368249 225623 37141.1540  909   25 39325.9278 37141.1540  5.56%  54.3  714s
 382369 232255 37141.1540  896   21 39325.9278 37141.1540  5.56%  53.2  725s
 391999 241362 37141.1540  901   25 39325.9278 37141.1540  5.56%  52.4  739s
 400075 241362 37141.1540  890   19 39325.9278 37141.1540  5.56%  51.8  740s
 404839 247095 37141.1540  860   24 39325.9278 37141.1540  5.56%  51.5  749s
 407095 247095 37141.1540  897   23 39325.9278 37141.1540  5.56%  51.3  750s
 413417 255790 infeasible  888      39325.9278 37141.1540  5.56%  51.0  764s
 414338 255790 37141.1540  880   24 39325.9278 37141.1540  5.56%  50.9  765s
 426992 260727 37141.1540  912   18 39325.9278 37141.1540  5.56%  50.2  774s
 434606 268156 infeasible  917      39325.9278 37141.1540  5.56%  49.8  789s
 437780 268156 infeasible  914      39325.9278 37141.1540  5.56%  49.7  790s
 445876 270240 infeasible  916      39325.9278 37141.1540  5.56%  49.3  800s
 448982 274802 37141.1540  943   19 39325.9278 37141.1540  5.56%  49.1  812s
 456064 280939 infeasible  911      39325.9278 37141.1540  5.56%  48.7  826s
 465116 287024 infeasible  887      39325.9278 37141.1540  5.56%  48.1  838s
 474289 292115 37141.1540  928   19 39325.9278 37141.1540  5.56%  47.6  850s
 482351 300459 infeasible  958      39325.9278 37141.1540  5.56%  47.3  863s
 494952 301976 37141.1540  894   22 39325.9278 37141.1540  5.56%  46.7  872s
 497215 309292 infeasible  922      39325.9278 37141.1540  5.56%  46.6  883s
 508287 317603 infeasible  914      39325.9278 37141.1540  5.56%  46.1  897s
 520925 319166 37141.1540  915   23 39325.9278 37141.1540  5.56%  45.6  900s

Cutting planes:
  Gomory: 50
  Lift-and-project: 71
  Cover: 63
  Implied bound: 109
  MIR: 154
  Mixing: 3
  StrongCG: 21
  Flow cover: 414
  Inf proof: 2
  Zero half: 111
  RLT: 837
  Relax-and-lift: 176

Explored 523516 nodes (23855257 simplex iterations) in 901.36 seconds (797.55 work units)
Thread count was 16 (of 64 available processors)

Solution count 1: 39325.9 

Time limit reached
Best objective 3.932592781169e+04, best bound 3.714115404437e+04, gap 5.5556%
