
Gurobi 12.0.0 (win64) logging started Mon Sep  7 03:57:14 2026

Set parameter LogFile to value "C:\Users\TECNO-MASTER\Desktop\Elmo_infrastructure_sizing_NP-\output\DCH_septiembre\Bateria_482\Costo_variable\Carga_libre\Carga_on_board_variable_3estaciones_P160kW_Descomp/station_1_d335\gurobi.log"
Set parameter Threads to value 1
Set parameter Heuristics to value 0.5
Set parameter MIPFocus to value 3
Set parameter Presolve to value 2
Set parameter FlowCoverCuts to value 2
Set parameter TimeLimit to value 1200
Gurobi Optimizer version 12.0.0 build v12.0.0rc1 (win64 - Windows 11+.0 (26200.2))

CPU model: Intel(R) Core(TM) i9-14900K, instruction set [SSE2|AVX|AVX2]
Thread count: 24 physical cores, 32 logical processors, using up to 1 threads

Non-default parameters:
TimeLimit  1200
MIPGap  0.05
Heuristics  0.5
MIPFocus  3
FlowCoverCuts  2
Presolve  2
Threads  1

Optimize a model with 22740 rows, 37249 columns and 109724 nonzeros
Model fingerprint: 0xba08e8b9
Variable types: 17323 continuous, 19926 integer (19925 binary)
Coefficient statistics:
  Matrix range     [1e-01, 2e+02]
  Objective range  [4e-03, 1e+02]
  Bounds range     [1e+00, 2e+00]
  RHS range        [1e+00, 1e+04]
Presolve removed 20416 rows and 26953 columns
Presolve time: 0.18s
Presolved: 2324 rows, 10296 columns, 30334 nonzeros
Variable types: 840 continuous, 9456 integer (9456 binary)
Root relaxation presolved: 2324 rows, 10296 columns, 30334 nonzeros


Root relaxation: objective 1.541111e+05, 4073 iterations, 0.18 seconds (0.17 work units)

    Nodes    |    Current Node    |     Objective Bounds      |     Work
 Expl Unexpl |  Obj  Depth IntInf | Incumbent    BestBd   Gap | It/Node Time

     0     0 154111.058    0   87          - 154111.058      -     -    1s
     0     0 154114.017    0   53          - 154114.017      -     -    1s
     0     0 154114.017    0   69          - 154114.017      -     -    2s
     0     0 154114.017    0   65          - 154114.017      -     -    2s
     0     0 154114.017    0   91          - 154114.017      -     -    2s
     0     0 154114.017    0   72          - 154114.017      -     -    3s
H    0     0                    158203.62538 154114.017  2.59%     -    3s

Cutting planes:
  Gomory: 14
  Lift-and-project: 4
  Cover: 17
  Implied bound: 1
  Clique: 9
  MIR: 2
  Flow cover: 9
  Zero half: 24
  RLT: 2
  Relax-and-lift: 22
  PSD: 12

Explored 1 nodes (18621 simplex iterations) in 3.73 seconds (3.20 work units)
Thread count was 1 (of 32 available processors)

Solution count 1: 158204 

Optimal solution found (tolerance 5.00e-02)
Best objective 1.582036253777e+05, best bound 1.541140174890e+05, gap 2.5850%
