
Gurobi 12.0.3 (win64) logging started Tue Jul  7 17:49:21 2026

Set parameter LogFile to value "output/DCH_taller_julio/Costo_variable/Ventana_restringida/Carga_on_board_640kW_Descomp_ventana_carga/station_3_d213_stage1\gurobi.log"
Set parameter Threads to value 5
Set parameter Heuristics to value 0.5
Set parameter MIPFocus to value 3
Set parameter Presolve to value 2
Set parameter FlowCoverCuts to value 2
Set parameter TimeLimit to value 172800
Gurobi Optimizer version 12.0.3 build v12.0.3rc0 (win64 - Windows 11+.0 (26200.2))

CPU model: Intel(R) Core(TM) i9-14900K, instruction set [SSE2|AVX|AVX2]
Thread count: 24 physical cores, 32 logical processors, using up to 5 threads

Non-default parameters:
TimeLimit  172800
MIPGap  0.01
Heuristics  0.5
MIPFocus  3
FlowCoverCuts  2
Presolve  2
Threads  5

Optimize a model with 23329 rows, 35809 columns and 111338 nonzeros
Model fingerprint: 0x7fc394e8
Variable types: 17323 continuous, 18486 integer (18485 binary)
Coefficient statistics:
  Matrix range     [1e-01, 6e+02]
  Objective range  [8e-03, 1e+05]
  Bounds range     [1e+00, 1e+00]
  RHS range        [1e+00, 1e+04]
Presolve removed 22092 rows and 27284 columns
Presolve time: 0.33s
Presolved: 1237 rows, 8525 columns, 25866 nonzeros
Variable types: 245 continuous, 8280 integer (8279 binary)
Root relaxation presolved: 1237 rows, 8525 columns, 25866 nonzeros


Use crossover to convert LP symmetric solution to basic solution...

Root relaxation: objective 1.993143e+05, 3305 iterations, 0.11 seconds (0.06 work units)

    Nodes    |    Current Node    |     Objective Bounds      |     Work
 Expl Unexpl |  Obj  Depth IntInf | Incumbent    BestBd   Gap | It/Node Time

     0     0 199314.345    0  203          - 199314.345      -     -    1s
     0     0 218148.132    0  206          - 218148.132      -     -    1s
H    0     0                    333930.89712 218148.132  34.7%     -    1s
H    0     0                    326133.70689 221596.592  32.1%     -    2s
H    0     0                    321319.88785 221596.592  31.0%     -    2s
     0     0 223863.402    0   53 321319.888 223863.402  30.3%     -    2s
H    0     0                    321068.85929 223863.402  30.3%     -    2s
H    0     0                    320988.16767 223863.402  30.3%     -    2s
H    0     0                    318756.73746 223863.402  29.8%     -    2s
H    0     0                    315623.75240 223863.402  29.1%     -    2s
H    0     0                    312387.57139 223863.402  28.3%     -    2s
H    0     0                    312381.78225 223863.402  28.3%     -    2s
H    0     0                    312378.37589 223863.402  28.3%     -    2s
     0     0 223863.402    0   52 312378.376 223863.402  28.3%     -    2s
H    0     0                    231845.34716 223863.402  3.44%     -    3s
H    0     0                    231841.14859 223863.402  3.44%     -    3s
H    0     0                    231576.94904 223863.402  3.33%     -    3s
     0     0 223863.402    0   49 231576.949 223863.402  3.33%     -    3s
H    0     0                    230303.99371 223863.402  2.80%     -    3s
     0     0 223863.402    0   44 230303.994 223863.402  2.80%     -    3s
     0     0 223863.402    0   42 230303.994 223863.402  2.80%     -    4s
H    0     0                    230149.52846 223863.402  2.73%     -    5s
H    0     0                    230130.61711 223863.402  2.72%     -    5s
H    0     0                    230130.01212 223863.402  2.72%     -    5s
H    0     0                    230129.96165 223863.402  2.72%     -    5s
H    0     0                    230129.72072 223863.402  2.72%     -    5s
     0     0 223863.402    0   51 230129.721 223863.402  2.72%     -    5s
H    0     0                    229265.31561 223863.402  2.36%     -    6s
H    0     0                    228868.99103 223863.402  2.19%     -    6s
     0     0 223863.402    0   21 228868.991 223863.402  2.19%     -    6s
     0     0 223863.402    0   42 228868.991 223863.402  2.19%     -    6s
H    0     0                    228855.73893 223863.402  2.18%     -    7s
H    0     0                    225100.66809 223863.402  0.55%     -    7s
H    0     0                    225098.15124 223863.402  0.55%     -    7s

Cutting planes:
  Gomory: 2
  Lift-and-project: 20
  Cover: 19
  Implied bound: 15
  Projected implied bound: 6
  Clique: 9
  MIR: 10
  Flow cover: 20
  Zero half: 48
  RLT: 1
  Relax-and-lift: 28

Explored 1 nodes (12635 simplex iterations) in 7.67 seconds (3.34 work units)
Thread count was 5 (of 32 available processors)

Solution count 10: 225098 225101 228856 ... 230150

Optimal solution found (tolerance 1.00e-02)
Best objective 2.250981512441e+05, best bound 2.238634023392e+05, gap 0.5485%
