
Gurobi 12.0.3 (win64) logging started Sun Aug 23 17:25:50 2026

Set parameter LogFile to value "C:\Users\TECNO-MASTER\Desktop\Elmo_infrastructure_sizing_NP-\output\DCH_agosto\Costo_variable\Ventana_restringida\Carga_on_board_variable_3estaciones_P640kW_Descomp/station_3_d182\gurobi.log"
Set parameter Threads to value 1
Set parameter Heuristics to value 0.5
Set parameter MIPFocus to value 3
Set parameter Presolve to value 2
Set parameter FlowCoverCuts to value 2
Set parameter TimeLimit to value 172800
Gurobi Optimizer version 12.0.3 build v12.0.3rc0 (win64 - Windows 11+.0 (26200.2))

CPU model: Intel(R) Core(TM) i9-14900K, instruction set [SSE2|AVX|AVX2]
Thread count: 24 physical cores, 32 logical processors, using up to 1 threads

Non-default parameters:
TimeLimit  172800
MIPGap  0.01
Heuristics  0.5
MIPFocus  3
FlowCoverCuts  2
Presolve  2
Threads  1

Optimize a model with 23314 rows, 37249 columns and 110330 nonzeros
Model fingerprint: 0x47a0bed9
Variable types: 17323 continuous, 19926 integer (19925 binary)
Coefficient statistics:
  Matrix range     [1e-01, 6e+02]
  Objective range  [1e-02, 1e+02]
  Bounds range     [1e+00, 3e+00]
  RHS range        [1e+00, 1e+04]
Presolve removed 22249 rows and 28485 columns
Presolve time: 0.19s
Presolved: 1065 rows, 8764 columns, 26579 nonzeros
Variable types: 233 continuous, 8531 integer (8440 binary)
Root relaxation presolved: 1065 rows, 8764 columns, 26579 nonzeros


Use crossover to convert LP symmetric solution to basic solution...

Root relaxation: objective 1.823931e+05, 3057 iterations, 0.05 seconds (0.04 work units)

    Nodes    |    Current Node    |     Objective Bounds      |     Work
 Expl Unexpl |  Obj  Depth IntInf | Incumbent    BestBd   Gap | It/Node Time

     0     0 182393.075    0   72          - 182393.075      -     -    0s
H    0     0                    198797.70217 182393.075  8.25%     -    0s
H    0     0                    198790.57922 182393.075  8.25%     -    0s
H    0     0                    195477.61774 182393.075  6.69%     -    0s
H    0     0                    193770.66140 182393.075  5.87%     -    0s
H    0     0                    193347.72048 182393.075  5.67%     -    0s
H    0     0                    193265.80131 182393.075  5.63%     -    0s
H    0     0                    193090.38665 182393.075  5.54%     -    0s
     0     0 186982.703    0   70 193090.387 186982.703  3.16%     -    1s
H    0     0                    193090.03698 186982.703  3.16%     -    1s
H    0     0                    193090.02111 186982.703  3.16%     -    1s
H    0     0                    193088.72533 186982.703  3.16%     -    1s
H    0     0                    192476.85035 186982.703  2.85%     -    1s
     0     0 186982.703    0   74 192476.850 186982.703  2.85%     -    1s
     0     0 186982.703    0   35 192476.850 186982.703  2.85%     -    1s
     0     0 186982.703    0   37 192476.850 186982.703  2.85%     -    2s
     0     0 186982.703    0   36 192476.850 186982.703  2.85%     -    2s
H    0     0                    192444.71142 186982.703  2.84%     -    2s
     0     0 186982.703    0   43 192444.711 186982.703  2.84%     -    3s
     0     0 186982.703    0   30 192444.711 186982.703  2.84%     -    3s
     0     0 186982.703    0   32 192444.711 186982.703  2.84%     -    4s
     0     0 186982.703    0   30 192444.711 186982.703  2.84%     -    4s
     0     0 186982.703    0   30 192444.711 186982.703  2.84%     -    4s
H    0     0                    190191.53588 186982.703  1.69%     -    4s
H    0     0                    189762.15791 186982.703  1.46%     -    4s
H    0     0                    188053.18095 186982.703  0.57%     -    4s

Cutting planes:
  Gomory: 16
  Cover: 4
  Implied bound: 10
  Projected implied bound: 1
  Clique: 1
  MIR: 8
  Mixing: 24
  StrongCG: 1
  Flow cover: 20
  Zero half: 2
  RLT: 9
  Relax-and-lift: 8
  PSD: 2

Explored 1 nodes (15531 simplex iterations) in 4.89 seconds (4.81 work units)
Thread count was 1 (of 32 available processors)

Solution count 10: 188053 189762 190192 ... 193266

Optimal solution found (tolerance 1.00e-02)
Best objective 1.880531809468e+05, best bound 1.869827030329e+05, gap 0.5692%
