
Gurobi 12.0.3 (win64) logging started Sat Nov  1 00:55:36 2025

Set parameter LogFile to value "ELMO_log.txt"
Set parameter Threads to value 32
Set parameter Heuristics to value 0.8
Gurobi Optimizer version 12.0.3 build v12.0.3rc0 (win64 - Windows 11+.0 (26200.2))

CPU model: Intel(R) Core(TM) i9-14900K, instruction set [SSE2|AVX|AVX2]
Thread count: 24 physical cores, 32 logical processors, using up to 32 threads

Non-default parameters:
MIPGap  0.06
Heuristics  0.8
Threads  32

Optimize a model with 11013 rows, 41494 columns and 78140 nonzeros
Model fingerprint: 0x6bebc504
Variable types: 3088 continuous, 38406 integer (38403 binary)
Coefficient statistics:
  Matrix range     [5e-01, 3e+02]
  Objective range  [8e-01, 2e+05]
  Bounds range     [1e+00, 1e+00]
  RHS range        [1e+00, 2e+03]
Presolve removed 3985 rows and 29440 columns
Presolve time: 0.07s
Presolved: 7028 rows, 12054 columns, 41193 nonzeros
Variable types: 3024 continuous, 9030 integer (9028 binary)
Found heuristic solution: objective 513645.11876

Root relaxation: objective 3.313715e+05, 12003 iterations, 0.23 seconds (0.55 work units)

    Nodes    |    Current Node    |     Objective Bounds      |     Work
 Expl Unexpl |  Obj  Depth IntInf | Incumbent    BestBd   Gap | It/Node Time

     0     0 331371.475    0  790 513645.119 331371.475  35.5%     -    0s
H    0     0                    513023.50718 331371.475  35.4%     -    0s
H    0     0                    512750.49863 331371.475  35.4%     -    0s
H    0     0                    512420.87974 331371.475  35.3%     -    2s
H    0     0                    511454.57263 331371.475  35.2%     -    2s
H    0     0                    510792.82598 331371.475  35.1%     -    2s
H    0     0                    510433.60326 331371.475  35.1%     -    2s
H    0     0                    510375.75637 331371.475  35.1%     -    2s
     0     0 362430.584    0 1100 510375.756 362430.584  29.0%     -    2s
     0     0 363169.482    0 1031 510375.756 363169.482  28.8%     -    2s
     0     0 363179.570    0  972 510375.756 363179.570  28.8%     -    2s
     0     0 363179.570    0  417 510375.756 363179.570  28.8%     -    3s
H    0     0                    510168.08593 363179.570  28.8%     -    3s
H    0     0                    509862.37160 363179.570  28.8%     -    4s
H    0     0                    509841.52793 363179.570  28.8%     -    4s
H    0     0                    509826.82817 363179.570  28.8%     -    4s
H    0     0                    509673.67206 363179.570  28.7%     -    4s
H    0     0                    508030.95666 365797.668  28.0%     -    4s
H    0     0                    507977.87632 365797.668  28.0%     -    4s
     0     0 365797.668    0  857 507977.876 365797.668  28.0%     -    4s
H    0     0                    506580.43227 429147.385  15.3%     -    4s
H    0     0                    506103.00491 429147.385  15.2%     -    4s
     0     0 429147.385    0  393 506103.005 429147.385  15.2%     -    4s
     0     0 429172.111    0  435 506103.005 429172.111  15.2%     -    4s
     0     0 429172.111    0  435 506103.005 429172.111  15.2%     -    4s
H    0     0                    499759.70421 429172.111  14.1%     -    4s
H    0     0                    498934.71006 429172.111  14.0%     -    4s
     0     0 451653.645    0  449 498934.710 451653.645  9.48%     -    4s
H    0     0                    498907.31316 451653.645  9.47%     -    4s
     0     0 451715.876    0  459 498907.313 451715.876  9.46%     -    4s
     0     0 451718.474    0  469 498907.313 451718.474  9.46%     -    4s
     0     0 451724.246    0  540 498907.313 451724.246  9.46%     -    4s
     0     0 451734.677    0  543 498907.313 451734.677  9.46%     -    4s
H    0     0                    497874.15487 451734.677  9.27%     -    4s
     0     0 451747.430    0  549 497874.155 451747.430  9.26%     -    4s
     0     0 451747.430    0  374 497874.155 451747.430  9.26%     -    4s
H    0     0                    497364.25649 451747.430  9.17%     -    6s
     0     0 451747.430    0  364 497364.256 451747.430  9.17%     -    8s
H    0     0                    497349.83750 451747.430  9.17%     -    8s
     0     0 451747.430    0  444 497349.838 451747.430  9.17%     -    8s
     0     0 452463.121    0  475 497349.838 452463.121  9.03%     -    8s
     0     0 452474.578    0  487 497349.838 452474.578  9.02%     -    8s
     0     0 452483.645    0  489 497349.838 452483.645  9.02%     -    8s
     0     0 452483.768    0  485 497349.838 452483.768  9.02%     -    8s
     0     0 453172.393    0  476 497349.838 453172.393  8.88%     -    8s
H    0     0                    496536.74234 453172.393  8.73%     -    8s
H    0     0                    496536.58090 453172.393  8.73%     -    8s
     0     0 453206.061    0  464 496536.581 453206.061  8.73%     -    8s
     0     0 453207.250    0  471 496536.581 453207.250  8.73%     -    8s
     0     0 453272.480    0  524 496536.581 453272.480  8.71%     -    8s
     0     0 453305.022    0  536 496536.581 453305.022  8.71%     -    8s
     0     0 453305.753    0  553 496536.581 453305.753  8.71%     -    8s
     0     0 453454.787    0  531 496536.581 453454.787  8.68%     -    8s
H    0     0                    496529.08010 453454.787  8.68%     -    8s
     0     0 453455.465    0  531 496529.080 453455.465  8.67%     -    8s
     0     0 453467.562    0  557 496529.080 453467.562  8.67%     -    8s
     0     0 453467.562    0  393 496529.080 453467.562  8.67%     -    8s
H    0     0                    494836.43605 453467.562  8.36%     -    9s
H    0     0                    494736.96752 453467.562  8.34%     -    9s
H    0     0                    494734.10936 453467.562  8.34%     -    9s
H    0     0                    494640.92355 453467.562  8.32%     -    9s
H    0     0                    494557.66020 453467.562  8.31%     -    9s
H    0     0                    494366.21293 453467.562  8.27%     -    9s
H    0     0                    494299.95427 453467.562  8.26%     -    9s
     0     2 453467.562    0  393 494299.954 453467.562  8.26%     -   10s
H   33    64                    493749.05358 453489.311  8.15%   133   11s
H   35    64                    492969.46592 453489.311  8.01%   130   11s
H  127   160                    492605.32781 453495.463  7.94%  67.2   13s
H  132   160                    492533.72869 453495.463  7.93%  64.9   13s
H  155   160                    492374.40510 453495.463  7.90%  56.6   13s
H  159   459                    491776.21834 453495.463  7.78%  55.2   14s
H  179   459                    491180.78559 453495.463  7.67%  49.5   14s
H  269   459                    491157.68342 453495.463  7.67%  34.9   14s
H  360   459                    490819.99588 453495.463  7.60%  27.7   14s
   458  1084 453495.624   14  510 490819.996 453495.463  7.60%  23.2   16s
H 1124  2056                    489414.45331 453495.463  7.34%  11.8   18s
H 1343  2056                    489012.57719 453495.463  7.26%  10.5   18s
H 1795  2056                    488949.76134 453495.463  7.25%   8.8   18s
  2059  2088 453496.955   47  511 488949.761 453495.463  7.25%   8.1   20s
  2091  2120 453496.942   47  512 488949.761 453495.463  7.25%   8.1   26s
H 2094  2120                    463814.31446 453495.463  2.22%   8.1   26s
H 2099  2120                    460413.10590 453495.463  1.50%   8.1   26s
H 2103  2120                    460231.37070 453495.463  1.46%   8.1   26s

Cutting planes:
  Gomory: 126
  Implied bound: 110
  MIR: 131
  Flow cover: 114
  Relax-and-lift: 21

Explored 2123 nodes (70317 simplex iterations) in 26.62 seconds (14.84 work units)
Thread count was 32 (of 32 available processors)

Solution count 10: 460231 460413 463814 ... 491776

Optimal solution found (tolerance 6.00e-02)
Best objective 4.602313707011e+05, best bound 4.534954632916e+05, gap 1.4636%
