
Gurobi 12.0.3 (win64) logging started Sun Aug 23 02:54:55 2026

Set parameter LogFile to value "C:\Users\TECNO-MASTER\Desktop\Elmo_infrastructure_sizing_NP-\output\DCH_agosto\Costo_variable\Carga_libre\Carga_on_board_variable_3estaciones_P640kW_Descomp/station_3_d91\gurobi.log"
Set parameter Threads to value 1
Set parameter Heuristics to value 0.5
Set parameter MIPFocus to value 3
Set parameter Presolve to value 2
Set parameter FlowCoverCuts to value 2
Set parameter TimeLimit to value 172800
Gurobi Optimizer version 12.0.3 build v12.0.3rc0 (win64 - Windows 11+.0 (26200.2))

CPU model: Intel(R) Core(TM) i9-14900K, instruction set [SSE2|AVX|AVX2]
Thread count: 24 physical cores, 32 logical processors, using up to 1 threads

Non-default parameters:
TimeLimit  172800
MIPGap  0.01
Heuristics  0.5
MIPFocus  3
FlowCoverCuts  2
Presolve  2
Threads  1

Optimize a model with 22770 rows, 37249 columns and 109786 nonzeros
Model fingerprint: 0x9afab7df
Variable types: 17323 continuous, 19926 integer (19925 binary)
Coefficient statistics:
  Matrix range     [1e-01, 6e+02]
  Objective range  [1e-02, 1e+02]
  Bounds range     [1e+00, 3e+00]
  RHS range        [1e+00, 1e+04]
Presolve removed 20325 rows and 26957 columns
Presolve time: 0.59s
Presolved: 2445 rows, 10292 columns, 31454 nonzeros
Variable types: 841 continuous, 9451 integer (9360 binary)
Root relaxation presolved: 2445 rows, 10292 columns, 31454 nonzeros


Root relaxation: objective 1.651619e+05, 4069 iterations, 0.31 seconds (0.20 work units)

    Nodes    |    Current Node    |     Objective Bounds      |     Work
 Expl Unexpl |  Obj  Depth IntInf | Incumbent    BestBd   Gap | It/Node Time

     0     0 165161.874    0  182          - 165161.874      -     -    1s
     0     0 165312.296    0  202          - 165312.296      -     -    2s
H    0     0                    197908.28101 165312.296  16.5%     -    2s
H    0     0                    167016.23138 165312.296  1.02%     -    3s
H    0     0                    166950.37856 165312.296  0.98%     -    3s

Cutting planes:
  Gomory: 7
  Lift-and-project: 2
  Cover: 2
  Implied bound: 8
  Projected implied bound: 1
  MIR: 1
  Flow cover: 9
  Zero half: 3
  RLT: 1
  Relax-and-lift: 4
  PSD: 1

Explored 1 nodes (8446 simplex iterations) in 3.18 seconds (1.64 work units)
Thread count was 1 (of 32 available processors)

Solution count 3: 166950 167016 197908 

Optimal solution found (tolerance 1.00e-02)
Best objective 1.669503785597e+05, best bound 1.653122955463e+05, gap 0.9812%
