
Gurobi 12.0.0 (win64) logging started Mon Sep  7 03:46:27 2026

Set parameter LogFile to value "C:\Users\TECNO-MASTER\Desktop\Elmo_infrastructure_sizing_NP-\output\DCH_septiembre\Bateria_353\Costo_variable\Carga_libre\Carga_on_board_variable_3estaciones_P640kW_Descomp/station_3_d152_stage1\gurobi.log"
Set parameter Threads to value 1
Set parameter Heuristics to value 0.5
Set parameter MIPFocus to value 3
Set parameter Presolve to value 2
Set parameter FlowCoverCuts to value 2
Set parameter TimeLimit to value 1200
Gurobi Optimizer version 12.0.0 build v12.0.0rc1 (win64 - Windows 11+.0 (26200.2))

CPU model: Intel(R) Core(TM) i9-14900K, instruction set [SSE2|AVX|AVX2]
Thread count: 24 physical cores, 32 logical processors, using up to 1 threads

Non-default parameters:
TimeLimit  1200
MIPGap  0.05
Heuristics  0.5
MIPFocus  3
FlowCoverCuts  2
Presolve  2
Threads  1

Optimize a model with 22770 rows, 37249 columns and 110688 nonzeros
Model fingerprint: 0xd4da63af
Variable types: 17323 continuous, 19926 integer (19925 binary)
Coefficient statistics:
  Matrix range     [1e-01, 6e+02]
  Objective range  [1e-02, 1e+05]
  Bounds range     [1e+00, 1e+00]
  RHS range        [1e+00, 1e+04]
Presolve removed 19880 rows and 26952 columns
Presolve time: 0.26s
Presolved: 2890 rows, 10297 columns, 31944 nonzeros
Variable types: 841 continuous, 9456 integer (9455 binary)
Root relaxation presolved: 2890 rows, 10297 columns, 31944 nonzeros


Root relaxation: objective 5.051427e+04, 4425 iterations, 0.53 seconds (0.59 work units)

    Nodes    |    Current Node    |     Objective Bounds      |     Work
 Expl Unexpl |  Obj  Depth IntInf | Incumbent    BestBd   Gap | It/Node Time

     0     0 50514.2665    0  389          - 50514.2665      -     -    2s
     0     0 124885.372    0  300          - 124885.372      -     -    4s
     0     0 147971.387    0  232          - 147971.387      -     -    6s
H    0     0                    177744.18708 147971.387  16.8%     -    6s
H    0     0                    165020.49928 147971.387  10.3%     -    6s
H    0     0                    164680.52119 147971.387  10.1%     -    6s
H    0     0                    164643.04255 147971.387  10.1%     -    6s
H    0     0                    164250.79541 147971.387  9.91%     -    6s
H    0     0                    163949.22660 147971.387  9.75%     -    6s
H    0     0                    163905.29925 147971.387  9.72%     -    6s
     0     0 147971.387    0  212 163905.299 147971.387  9.72%     -    7s
     0     0 147971.387    0  195 163905.299 147971.387  9.72%     -    8s
H    0     0                    162195.93558 147971.387  8.77%     -    8s
H    0     0                    161171.18879 147971.387  8.19%     -    8s
H    0     0                    160353.80918 147971.387  7.72%     -    8s
H    0     0                    160290.18088 147971.387  7.69%     -    8s
H    0     0                    160285.47605 147971.387  7.68%     -    8s
     0     0 147971.387    0  128 160285.476 147971.387  7.68%     -   10s
H    0     0                    160148.00506 147971.387  7.60%     -   10s
H    0     0                    158411.73477 147971.387  6.59%     -   10s
H    0     0                    157140.66184 147971.387  5.84%     -   10s
     0     0 147971.387    0  128 157140.662 147971.387  5.84%     -   10s
     0     0 147971.387    0  121 157140.662 147971.387  5.84%     -   11s
H    0     0                    156266.50114 147971.387  5.31%     -   11s
     0     0 147971.387    0  184 156266.501 147971.387  5.31%     -   11s
     0     0 147971.387    0  109 156266.501 147971.387  5.31%     -   12s
H    0     0                    154267.30650 147971.387  4.08%     -   12s

Cutting planes:
  Gomory: 51
  Lift-and-project: 24
  Cover: 18
  Implied bound: 37
  Clique: 6
  MIR: 39
  Mixing: 7
  Flow cover: 94
  Zero half: 34
  Relax-and-lift: 32
  PSD: 1

Explored 1 nodes (60476 simplex iterations) in 12.69 seconds (13.51 work units)
Thread count was 1 (of 32 available processors)

Solution count 10: 154267 156267 157141 ... 162196

Optimal solution found (tolerance 5.00e-02)
Best objective 1.542673064987e+05, best bound 1.479713866121e+05, gap 4.0812%
