
Gurobi 12.0.3 (win64) logging started Tue Jul  7 01:03:27 2026

Set parameter LogFile to value "output/DCH_taller_julio/Costo_variable/Ventana_restringida/Carga_on_board_640kW_Descomp_ventana_carga/station_2_d244_stage1\gurobi.log"
Set parameter Threads to value 5
Set parameter Heuristics to value 0.5
Set parameter MIPFocus to value 3
Set parameter Presolve to value 2
Set parameter FlowCoverCuts to value 2
Set parameter TimeLimit to value 172800
Gurobi Optimizer version 12.0.3 build v12.0.3rc0 (win64 - Windows 11+.0 (26200.2))

CPU model: Intel(R) Core(TM) i9-14900K, instruction set [SSE2|AVX|AVX2]
Thread count: 24 physical cores, 32 logical processors, using up to 5 threads

Non-default parameters:
TimeLimit  172800
MIPGap  0.01
Heuristics  0.5
MIPFocus  3
FlowCoverCuts  2
Presolve  2
Threads  5

Optimize a model with 24331 rows, 37807 columns and 117368 nonzeros
Model fingerprint: 0x2c61f57f
Variable types: 18325 continuous, 19482 integer (19481 binary)
Coefficient statistics:
  Matrix range     [1e-01, 6e+02]
  Objective range  [8e-03, 2e+05]
  Bounds range     [1e+00, 1e+00]
  RHS range        [1e+00, 1e+04]
Presolve removed 23088 rows and 28784 columns
Presolve time: 0.09s
Presolved: 1243 rows, 9023 columns, 27354 nonzeros
Variable types: 245 continuous, 8778 integer (8777 binary)
Root relaxation presolved: 1243 rows, 9023 columns, 27354 nonzeros


Use crossover to convert LP symmetric solution to basic solution...

Root relaxation: objective 2.493130e+05, 3640 iterations, 0.05 seconds (0.08 work units)

    Nodes    |    Current Node    |     Objective Bounds      |     Work
 Expl Unexpl |  Obj  Depth IntInf | Incumbent    BestBd   Gap | It/Node Time

     0     0 365223.780    0   96          - 365223.780      -     -    0s
H    0     0                    573199.04687 365223.780  36.3%     -    0s
H    0     0                    462150.95751 365404.846  20.9%     -    0s
H    0     0                    461745.96547 365404.846  20.9%     -    0s
     0     0 367851.698    0  100 461745.965 367851.698  20.3%     -    0s
H    0     0                    385888.69484 367851.698  4.67%     -    0s
H    0     0                    385888.12796 367851.698  4.67%     -    0s
H    0     0                    380079.84323 367851.698  3.22%     -    0s
H    0     0                    380070.08791 367851.698  3.21%     -    1s
H    0     0                    380069.96881 367851.698  3.21%     -    1s
     0     0 368650.847    0   71 380069.969 368650.847  3.00%     -    1s
     0     0 368650.847    0   71 380069.969 368650.847  3.00%     -    1s
     0     0 368654.320    0   55 380069.969 368654.320  3.00%     -    1s
H    0     0                    380058.66756 368654.320  3.00%     -    1s
H    0     0                    379535.82016 368654.320  2.87%     -    1s
H    0     0                    376172.37397 368654.320  2.00%     -    1s
H    0     0                    372625.21634 368654.320  1.07%     -    1s
H    0     0                    371507.85472 368654.320  0.77%     -    1s

Cutting planes:
  Gomory: 7
  Lift-and-project: 2
  Cover: 5
  Projected implied bound: 2
  Clique: 1
  MIR: 2
  Flow cover: 6
  Zero half: 5
  Relax-and-lift: 7

Explored 1 nodes (16720 simplex iterations) in 1.75 seconds (2.29 work units)
Thread count was 5 (of 32 available processors)

Solution count 10: 371508 372625 376172 ... 385889

Optimal solution found (tolerance 1.00e-02)
Best objective 3.715078547170e+05, best bound 3.686543202836e+05, gap 0.7681%
