OK Warm start Y: 3697 cargados, 0 omitidos
OK Warm start Z: 7652 cargados, 0 omitidos
OK Warm start Z_swap: 171 cargados, 0 omitidos
OK Warm start StartAssign: 0 cargados, 0 omitidos
OK Warm start EndAssign: 0 cargados, 0 omitidos
OK Warm start B: 11584 cargados, 0 omitidos
OK Warm start X: 4 cargados, 0 omitidos
OK Warm start Delta_X: 1 cargados, 0 omitidos
OK Warm start N_bays: 4 cargados, 0 omitidos
OK Warm start Delta_N_bays: 4 cargados, 0 omitidos
OK Warm start N_chargers: 4 cargados, 0 omitidos
OK Warm start Delta_N_chargers: 4 cargados, 0 omitidos
OK Warm start n_ssee_k: 1 cargados, 0 omitidos
OK Warm start N_batteries: 4 cargados, 0 omitidos
OK Warm start Delta_N_batteries: 4 cargados, 0 omitidos
OK Warm start B_s: 11520 cargados, 0 omitidos
OK Warm start S: 2880 cargados, 0 omitidos
OK Warm start Sv: 33312 cargados, 0 omitidos
OK Warm start X_dch: 2880 cargados, 0 omitidos
OK Warm start X_ini: 2864 cargados, 0 omitidos
OK Warm start W: 2880 cargados, 0 omitidos
OK Warm start P_pot: 4 cargados, 0 omitidos
OK Warm start P_red: 2880 cargados, 0 omitidos
OK Warm start G_g: 2 cargados, 0 omitidos
OK Warm start P_gen: 5760 cargados, 0 omitidos
OK Warm start Curt_g: 0 cargados, 5760 omitidos
OK Warm start H: 1 cargados, 0 omitidos
OK Warm start P_bat: 2880 cargados, 0 omitidos
OK Warm start A_h: 2896 cargados, 0 omitidos
OK Warm start N_batteries_total: 4 cargados, 0 omitidos
OK Warm start n_battery_fleet: 4 cargados, 0 omitidos
OK Warm start R: 0 cargados, 0 omitidos
OK Warm start b_bar: 4 cargados, 0 omitidos
OK Warm start D: 4 cargados, 0 omitidos
OK Warm start EnergyConsumed: 4 cargados, 0 omitidos
OK Warm start N_ciclos: 4 cargados, 0 omitidos
OK Warm start N_total: 4 cargados, 0 omitidos
OK Warm start P_bbar_zagg: 11520 cargados, 0 omitidos
OK Warm start Z_repl: 4 cargados, 0 omitidos
OK Warm start w_deg: 4 cargados, 0 omitidos
OK Warm start completo desde 'output\Resultados_finales_tesis\Mina_modelo\estab_4anios_B_box': 105449 valores cargados, 5760 omitidos
[BD] monolitico de 4 años armado y exportado en 33s: 16 bloques, maestro 109 filas
[BD] particion en 6s: 237,934 columnas, 242,973 filas; maestro 78 variables (44 enteras) y 109 filas; 16 bloques; 16 presupuestos; copias por bloque 8-10
[BD] 16 subproblemas y maestro armados en 2s (8 en paralelo x 4 hilos)
[BD] incumbente pulido: 1,869,867.50 contra esperado 1,869,867.50 (desvio 1.03e-09)
[BD] cota de theta (dias con inversion libre): suma 0.00
[BD] arranque en el incumbente: costo con operacion LP 1,832,755.69, holgura de enlaces 0
[BD] E1 it  1  L 137,272.73  U_e 1,832,755.69 (92.510%)  UB 1,869,867.50 (gap 92.66%)  holgura 2.38e+03  6s (total 0.2 min)
[BD] E1 it  2  L 169,234.53  U_e 1,832,755.69 (90.766%)  UB 1,869,867.50 (gap 90.95%)  holgura 462  4s (total 0.3 min)
[BD] E1 it  3  L 743,970.64  U_e 1,832,755.69 (59.407%)  UB 1,869,867.50 (gap 60.21%)  holgura 60.1  4s (total 0.3 min)
[BD] E1 it  4  L 904,295.27  U_e 1,832,755.69 (50.659%)  UB 1,869,867.50 (gap 51.64%)  holgura 58.3  1s (total 0.3 min)
[BD] E1 it  5  L 984,426.04  U_e 1,832,755.69 (46.287%)  UB 1,869,867.50 (gap 47.35%)  holgura 8.13  1s (total 0.4 min)
[BD] E2 it  1  L 1,657,685.41  U_e 1,832,755.69 (9.552%)  UB 1,869,867.50 (gap 11.35%)  holgura 0.206  2s (total 0.4 min)
[BD] E2 it  2  L 1,741,995.82  U_e 1,832,755.69 (4.952%)  UB 1,869,867.50 (gap 6.84%)  holgura 0.64  1s (total 0.4 min)
[BD] E2 it  3  L 1,785,164.94  U_e 1,832,755.69 (2.597%)  UB 1,869,867.50 (gap 4.53%)  holgura 0.531  1s (total 0.4 min)
[BD] E2 it  4  L 1,796,427.10  U_e 1,810,674.04 (0.787%)  UB 1,869,867.50 (gap 3.93%)  holgura 0  1s (total 0.4 min)
[BD] E2 it  5  L 1,796,676.09  U_e 1,804,028.21 (0.408%)  UB 1,869,867.50 (gap 3.91%)  holgura 0.000829  0s (total 0.4 min)

[BD] ================= RESUMEN =================
[BD] cota etapa 1 (relajacion LP)         984,426.04
[BD] cota etapa 2 (op. relajada)        1,796,676.09
[BD] cota operacional dada              1,797,006.58
[BD] UB inicial / final                1,869,867.50 / 1,869,867.50
[BD] FINAL: UB 1,869,867.50  LB 1,797,006.58  gap 3.90%
