OK Warm start Y: 10638 cargados, 0 omitidos
OK Warm start Z: 17655 cargados, 0 omitidos
OK Warm start Z_swap: 507 cargados, 0 omitidos
OK Warm start StartAssign: 0 cargados, 0 omitidos
OK Warm start EndAssign: 0 cargados, 0 omitidos
OK Warm start B: 28960 cargados, 0 omitidos
OK Warm start X: 10 cargados, 0 omitidos
OK Warm start Delta_X: 1 cargados, 0 omitidos
OK Warm start N_bays: 10 cargados, 0 omitidos
OK Warm start Delta_N_bays: 10 cargados, 0 omitidos
OK Warm start N_chargers: 10 cargados, 0 omitidos
OK Warm start Delta_N_chargers: 10 cargados, 0 omitidos
OK Warm start n_ssee_k: 1 cargados, 0 omitidos
OK Warm start N_batteries: 10 cargados, 0 omitidos
OK Warm start Delta_N_batteries: 10 cargados, 0 omitidos
OK Warm start B_s: 28800 cargados, 0 omitidos
OK Warm start S: 7200 cargados, 0 omitidos
OK Warm start Sv: 83280 cargados, 0 omitidos
OK Warm start X_dch: 7200 cargados, 0 omitidos
OK Warm start X_ini: 7160 cargados, 0 omitidos
OK Warm start W: 7200 cargados, 0 omitidos
OK Warm start P_pot: 10 cargados, 0 omitidos
OK Warm start P_red: 7200 cargados, 0 omitidos
OK Warm start G_g: 2 cargados, 0 omitidos
OK Warm start P_gen: 14400 cargados, 0 omitidos
OK Warm start Curt_g: 0 cargados, 14400 omitidos
OK Warm start H: 1 cargados, 0 omitidos
OK Warm start P_bat: 7200 cargados, 0 omitidos
OK Warm start A_h: 7240 cargados, 0 omitidos
OK Warm start N_batteries_total: 10 cargados, 0 omitidos
OK Warm start n_battery_fleet: 10 cargados, 0 omitidos
OK Warm start R: 0 cargados, 0 omitidos
OK Warm start b_bar: 10 cargados, 0 omitidos
OK Warm start D: 10 cargados, 0 omitidos
OK Warm start EnergyConsumed: 10 cargados, 0 omitidos
OK Warm start N_ciclos: 10 cargados, 0 omitidos
OK Warm start N_total: 10 cargados, 0 omitidos
OK Warm start P_bbar_zagg: 28800 cargados, 0 omitidos
OK Warm start Z_repl: 10 cargados, 0 omitidos
OK Warm start w_deg: 10 cargados, 0 omitidos
OK Warm start completo desde 'output\Resultados_finales_tesis\Mina_modelo\mejorar_ub_red_gen\solucion': 263615 valores cargados, 14400 omitidos
[BD] particion en 59s: 594,832 columnas, 607,481 filas; maestro 192 variables (110 enteras) y 281 filas; 40 bloques; 40 presupuestos; copias por bloque 8-10
[BD] 40 subproblemas y maestro armados en 17s (4 en paralelo x 8 hilos)
[cert] incumbente pulido 2,143,677.60 (esperado 2,143,677.60)
[BD] cota de theta (dias con inversion libre): suma 0.00
[BD] arranque en el incumbente: costo con operacion LP 2,045,958.96, holgura de enlaces 0
[BD] E1 it  1  L 160,764.41  U_e 2,045,958.96 (92.142%)  UB 2,143,677.60 (gap 92.50%)  holgura 1.25e+03  35s (total 1.4 min)
[BD] E1 it  2  L 160,764.41  U_e 2,045,958.96 (92.142%)  UB 2,143,677.60 (gap 92.50%)  holgura 171  31s (total 1.9 min)
[BD] E1 it  3  L 935,405.36  U_e 2,045,958.96 (54.280%)  UB 2,143,677.60 (gap 56.36%)  holgura 126  15s (total 2.2 min)
[BD] E1 it  4  L 1,151,600.25  U_e 2,045,958.96 (43.713%)  UB 2,143,677.60 (gap 46.28%)  holgura 830  7s (total 2.3 min)
[BD] E1 it  5  L 1,192,823.74  U_e 2,045,958.96 (41.699%)  UB 2,143,677.60 (gap 44.36%)  holgura 0.318  10s (total 2.5 min)
[BD] E1 it  6  L 1,466,049.00  U_e 2,045,958.96 (28.344%)  UB 2,143,677.60 (gap 31.61%)  holgura 1.1  4s (total 2.5 min)
[BD] E1 it  7  L 1,482,410.83  U_e 1,893,911.26 (21.728%)  UB 2,143,677.60 (gap 30.85%)  holgura 0.18  8s (total 2.7 min)
[BD] E1 it  8  L 1,495,870.83  U_e 1,693,837.16 (11.687%)  UB 2,143,677.60 (gap 30.22%)  holgura 0.0246  2s (total 2.7 min)
[BD] E1 it  9  L 1,508,531.98  U_e 1,634,217.96 (7.691%)  UB 2,143,677.60 (gap 29.63%)  holgura 0.0486  2s (total 2.7 min)
[BD] E1 it 10  L 1,514,496.19  U_e 1,634,217.96 (7.326%)  UB 2,143,677.60 (gap 29.35%)  holgura 0.0956  2s (total 2.7 min)
[BD] E1 it 11  L 1,524,483.65  U_e 1,562,555.37 (2.437%)  UB 2,143,677.60 (gap 28.88%)  holgura 0  1s (total 2.8 min)
[BD] E1 it 12  L 1,525,580.61  U_e 1,542,474.02 (1.095%)  UB 2,143,677.60 (gap 28.83%)  holgura 0.00217  2s (total 2.8 min)
[BD] E1 it 13  L 1,526,966.11  U_e 1,542,474.02 (1.005%)  UB 2,143,677.60 (gap 28.77%)  holgura 0.0129  1s (total 2.8 min)
[BD] E1 it 14  L 1,528,407.42  U_e 1,533,717.42 (0.346%)  UB 2,143,677.60 (gap 28.70%)  holgura 0  1s (total 2.8 min)
[BD] E1 it 15  L 1,528,451.42  U_e 1,533,717.42 (0.343%)  UB 2,143,677.60 (gap 28.70%)  holgura 0.00713  1s (total 2.8 min)
[BD] E1 it 16  L 1,528,678.81  U_e 1,530,589.26 (0.125%)  UB 2,143,677.60 (gap 28.69%)  holgura 8.59e-06  1s (total 2.9 min)
[BD] E1 it 17  L 1,528,702.82  U_e 1,529,394.12 (0.045%)  UB 2,143,677.60 (gap 28.69%)  holgura 0  1s (total 2.9 min)
[BD] E2 it  1  L 1,998,246.99  U_e 2,045,958.96 (2.332%)  UB 2,143,677.60 (gap 6.78%)  holgura 1.98  3s (total 2.9 min)
[BD] E2 it  2  L 2,002,872.75  U_e 2,019,126.88 (0.805%)  UB 2,143,677.60 (gap 6.57%)  holgura 0  1s (total 2.9 min)
[BD] E2 it  3  L 2,006,715.69  U_e 2,013,665.60 (0.345%)  UB 2,143,677.60 (gap 6.39%)  holgura 0  0s (total 2.9 min)
[BD] E2 it  4  L 2,010,066.83  U_e 2,011,471.85 (0.070%)  UB 2,143,677.60 (gap 6.23%)  holgura 0  0s (total 2.9 min)
[BD] E2 it  5  L 2,010,618.19  U_e 2,010,969.65 (0.017%)  UB 2,143,677.60 (gap 6.21%)  holgura 0  0s (total 2.9 min)
[BD] E2 it  6  L 2,010,811.14  U_e 2,010,872.83 (0.003%)  UB 2,143,677.60 (gap 6.20%)  holgura 0  0s (total 2.9 min)
[cert] cota operacional 2,010,811.14 (gap 6.198%); umbral 2,079,367.28
[cert] 7 candidatas bajo el umbral (pool COMPLETO)
Set parameter Username
Set parameter LicenseID to value 2855333
Academic license - for non-commercial use only - expires 2027-08-23
[cert] 1/7 [bays 1,1,1,1,1,1,1,1,1,1 | chargers 1,1,2,2,2,2,2,2,2,2 | n_ssee_k 1 | batteries 1,1,2,2,2,2,2,2,2,2]  <- INCUMBENTE
[cert]     cota operacional 2,010,849.93 -> LB con corte de cargas 2,047,595.74  (7 rondas, 52s)  VIVA
[cert]     n_corte por año: 1:4, 10:4, 2:7, 3:13, 4:17, 5:18, 6:18, 7:18, 8:15, 9:8
[cert] 2/7 [bays 1,1,1,1,1,1,1,1,1,1 | chargers 1,1,1,2,2,2,2,2,2,2 | n_ssee_k 1 | batteries 1,1,1,2,2,2,2,2,2,2]
[cert]     cota operacional 2,020,404.57 -> LB con corte de cargas 2,057,583.86  (8 rondas, 13s)  VIVA
[cert]     n_corte por año: 1:4, 10:4, 2:7, 3:13, 4:17, 5:18, 6:18, 7:18, 8:15, 9:8
[cert] 3/7 [bays 1,1,1,1,1,1,1,1,1,1 | chargers 1,1,2,2,2,2,2,2,2,2 | n_ssee_k 1 | batteries 1,2,2,2,2,2,2,2,2,2]
[cert]     cota operacional 2,035,340.61 -> LB con corte de cargas 2,072,086.42  (7 rondas, 11s)  VIVA
[cert]     n_corte por año: 1:4, 10:4, 2:7, 3:13, 4:17, 5:18, 6:18, 7:18, 8:15, 9:8
[cert] 4/7 [bays 1,1,1,1,1,1,1,1,1,1 | chargers 1,1,1,2,2,2,2,2,2,2 | n_ssee_k 1 | batteries 1,1,2,2,2,2,2,2,2,2]
[cert]     cota operacional 2,042,007.94 -> LB con corte de cargas 2,079,848.12  (7 rondas, 11s)  DESCARTADA
[cert]     n_corte por año: 1:4, 10:4, 2:7, 3:13, 4:17, 5:18, 6:18, 7:18, 8:15, 9:8
[cert] 5/7 [bays 1,1,1,1,1,1,1,1,1,1 | chargers 1,2,2,2,2,2,2,2,2,2 | n_ssee_k 1 | batteries 1,2,2,2,2,2,2,2,2,2]
[cert]     cota operacional 2,054,498.12 -> LB con corte de cargas 2,091,416.82  (5 rondas, 11s)  DESCARTADA
[cert]     n_corte por año: 1:4, 10:4, 2:7, 3:13, 4:17, 5:18, 6:18, 7:18, 8:15, 9:8
[cert] 6/7 [bays 1,1,1,1,1,1,1,1,1,1 | chargers 1,1,2,2,2,2,2,2,2,2 | n_ssee_k 1 | batteries 2,2,2,2,2,2,2,2,2,2]
[cert]     cota operacional 2,062,280.37 -> LB con corte de cargas 2,099,026.18  (7 rondas, 9s)  DESCARTADA
[cert]     n_corte por año: 1:4, 10:4, 2:7, 3:13, 4:17, 5:18, 6:18, 7:18, 8:15, 9:8
[cert] 7/7 [bays 1,1,1,1,1,1,1,1,1,1 | chargers 1,1,1,2,2,2,2,2,2,2 | n_ssee_k 1 | batteries 1,2,2,2,2,2,2,2,2,2]
[cert]     cota operacional 2,066,498.62 -> LB con corte de cargas 2,104,338.80  (8 rondas, 11s)  DESCARTADA
[cert]     n_corte por año: 1:4, 10:4, 2:7, 3:13, 4:17, 5:18, 6:18, 7:18, 8:15, 9:8

[cert] ================= RESUMEN =================
[cert] UB 2,143,677.60   cota operacional 2,010,811.14 (6.198%)
[cert]         VIVA  LB   2,047,595.74  [bays 1,1,1,1,1,1,1,1,1,1 | chargers 1,1,2,2,2,2,2,2,2,2 | n_ssee_k 1 | batteries 1,1,2,2,2,2,2,2,2,2]  <- INCUMBENTE
[cert]         VIVA  LB   2,057,583.86  [bays 1,1,1,1,1,1,1,1,1,1 | chargers 1,1,1,2,2,2,2,2,2,2 | n_ssee_k 1 | batteries 1,1,1,2,2,2,2,2,2,2]
[cert]         VIVA  LB   2,072,086.42  [bays 1,1,1,1,1,1,1,1,1,1 | chargers 1,1,2,2,2,2,2,2,2,2 | n_ssee_k 1 | batteries 1,2,2,2,2,2,2,2,2,2]
[cert]   DESCARTADA  LB   2,079,848.12  [bays 1,1,1,1,1,1,1,1,1,1 | chargers 1,1,1,2,2,2,2,2,2,2 | n_ssee_k 1 | batteries 1,1,2,2,2,2,2,2,2,2]
[cert]   DESCARTADA  LB   2,091,416.82  [bays 1,1,1,1,1,1,1,1,1,1 | chargers 1,2,2,2,2,2,2,2,2,2 | n_ssee_k 1 | batteries 1,2,2,2,2,2,2,2,2,2]
[cert]   DESCARTADA  LB   2,099,026.18  [bays 1,1,1,1,1,1,1,1,1,1 | chargers 1,1,2,2,2,2,2,2,2,2 | n_ssee_k 1 | batteries 2,2,2,2,2,2,2,2,2,2]
[cert]   DESCARTADA  LB   2,104,338.80  [bays 1,1,1,1,1,1,1,1,1,1 | chargers 1,1,1,2,2,2,2,2,2,2 | n_ssee_k 1 | batteries 1,2,2,2,2,2,2,2,2,2]
[cert] LB CERTIFICADA 2,047,595.74  ->  gap 4.482%
[cert] tiempo total 610s
