OK Warm start Y: 10632 cargados, 0 omitidos
OK Warm start Z: 17676 cargados, 0 omitidos
OK Warm start Z_swap: 492 cargados, 0 omitidos
OK Warm start StartAssign: 0 cargados, 0 omitidos
OK Warm start EndAssign: 0 cargados, 0 omitidos
OK Warm start B: 28960 cargados, 0 omitidos
OK Warm start X: 10 cargados, 0 omitidos
OK Warm start Delta_X: 1 cargados, 0 omitidos
OK Warm start N_bays: 10 cargados, 0 omitidos
OK Warm start Delta_N_bays: 10 cargados, 0 omitidos
OK Warm start N_chargers: 10 cargados, 0 omitidos
OK Warm start Delta_N_chargers: 10 cargados, 0 omitidos
OK Warm start n_ssee_k: 1 cargados, 0 omitidos
OK Warm start N_batteries: 10 cargados, 0 omitidos
OK Warm start Delta_N_batteries: 10 cargados, 0 omitidos
OK Warm start B_s: 28800 cargados, 0 omitidos
OK Warm start S: 7200 cargados, 0 omitidos
OK Warm start Sv: 83280 cargados, 0 omitidos
OK Warm start X_dch: 7200 cargados, 0 omitidos
OK Warm start X_ini: 7160 cargados, 0 omitidos
OK Warm start W: 7200 cargados, 0 omitidos
OK Warm start P_pot: 10 cargados, 0 omitidos
OK Warm start P_red: 7200 cargados, 0 omitidos
OK Warm start G_g: 2 cargados, 0 omitidos
OK Warm start P_gen: 14400 cargados, 0 omitidos
OK Warm start Curt_g: 0 cargados, 14400 omitidos
OK Warm start H: 1 cargados, 0 omitidos
OK Warm start P_bat: 7200 cargados, 0 omitidos
OK Warm start A_h: 7240 cargados, 0 omitidos
OK Warm start N_batteries_total: 10 cargados, 0 omitidos
OK Warm start n_battery_fleet: 10 cargados, 0 omitidos
OK Warm start R: 0 cargados, 0 omitidos
OK Warm start b_bar: 10 cargados, 0 omitidos
OK Warm start D: 10 cargados, 0 omitidos
OK Warm start EnergyConsumed: 10 cargados, 0 omitidos
OK Warm start N_ciclos: 10 cargados, 0 omitidos
OK Warm start N_total: 10 cargados, 0 omitidos
OK Warm start P_bbar_zagg: 28800 cargados, 0 omitidos
OK Warm start Z_repl: 10 cargados, 0 omitidos
OK Warm start w_deg: 10 cargados, 0 omitidos
OK Warm start completo desde 'output/Resultados_finales_tesis/Mina_modelo/mejorar_ub_r4/solucion': 263615 valores cargados, 14400 omitidos
[BD] particion en 22s: 594,832 columnas, 607,481 filas; maestro 192 variables (110 enteras) y 281 filas; 40 bloques; 40 presupuestos; copias por bloque 8-10
[BD] 40 subproblemas y maestro armados en 6s (8 en paralelo x 8 hilos)
[cert] incumbente pulido 2,569,771.29 (esperado 2,569,771.29)
[BD] cota de theta (dias con inversion libre): suma 0.00
[BD] arranque en el incumbente: costo con operacion LP 2,507,093.18, holgura de enlaces 0
[BD] E1 it  1  L 621,266.38  U_e 2,507,093.18 (75.220%)  UB 2,569,771.29 (gap 75.82%)  holgura 6.95e+03  12s (total 0.5 min)
[BD] E1 it  2  L 710,906.14  U_e 2,507,093.18 (71.644%)  UB 2,569,771.29 (gap 72.34%)  holgura 1.24e+03  19s (total 0.8 min)
[BD] E1 it  3  L 1,440,891.13  U_e 2,507,093.18 (42.527%)  UB 2,569,771.29 (gap 43.93%)  holgura 48  8s (total 1.0 min)
[BD] E1 it  4  L 1,575,109.62  U_e 2,507,093.18 (37.174%)  UB 2,569,771.29 (gap 38.71%)  holgura 32.8  2s (total 1.0 min)
[BD] E1 it  5  L 1,614,336.39  U_e 2,507,093.18 (35.609%)  UB 2,569,771.29 (gap 37.18%)  holgura 8.16  2s (total 1.0 min)
[BD] E1 it  6  L 1,897,631.49  U_e 2,507,093.18 (24.309%)  UB 2,569,771.29 (gap 26.16%)  holgura 0.434  1s (total 1.0 min)
[BD] E1 it  7  L 1,902,506.50  U_e 2,243,253.95 (15.190%)  UB 2,569,771.29 (gap 25.97%)  holgura 0.0825  1s (total 1.1 min)
[BD] E1 it  8  L 1,913,916.06  U_e 2,243,253.95 (14.681%)  UB 2,569,771.29 (gap 25.52%)  holgura 0.48  2s (total 1.1 min)
[BD] E1 it  9  L 1,922,843.75  U_e 2,056,914.86 (6.518%)  UB 2,569,771.29 (gap 25.17%)  holgura 0  1s (total 1.1 min)
[BD] E1 it 10  L 1,924,875.01  U_e 1,981,649.91 (2.865%)  UB 2,569,771.29 (gap 25.10%)  holgura 0  2s (total 1.2 min)
[BD] E1 it 11  L 1,924,875.01  U_e 1,949,679.88 (1.272%)  UB 2,569,771.29 (gap 25.10%)  holgura 0  1s (total 1.2 min)
[BD] E1 it 12  L 1,926,605.19  U_e 1,936,210.44 (0.496%)  UB 2,569,771.29 (gap 25.03%)  holgura 0  1s (total 1.2 min)
[BD] E1 it 13  L 1,926,880.71  U_e 1,933,799.57 (0.358%)  UB 2,569,771.29 (gap 25.02%)  holgura 0.00286  1s (total 1.2 min)
[BD] E1 it 14  L 1,927,034.79  U_e 1,930,748.22 (0.192%)  UB 2,569,771.29 (gap 25.01%)  holgura 0.000733  1s (total 1.2 min)
[BD] E1 it 15  L 1,927,260.08  U_e 1,928,668.84 (0.073%)  UB 2,569,771.29 (gap 25.00%)  holgura 0  1s (total 1.2 min)
[BD] E2 it  1  L 2,494,078.36  U_e 2,507,093.18 (0.519%)  UB 2,569,771.29 (gap 2.95%)  holgura 0.573  2s (total 1.3 min)
[BD] E2 it  2  L 2,494,078.36  U_e 2,498,542.89 (0.179%)  UB 2,569,771.29 (gap 2.95%)  holgura 0  0s (total 1.3 min)
[BD] E2 it  3  L 2,494,078.36  U_e 2,495,039.72 (0.039%)  UB 2,569,771.29 (gap 2.95%)  holgura 0  0s (total 1.3 min)
[BD] E2 it  4  L 2,494,078.36  U_e 2,494,207.49 (0.005%)  UB 2,569,771.29 (gap 2.95%)  holgura 0  0s (total 1.3 min)
[cert] cota operacional 2,494,078.36 (gap 2.946%); umbral 2,555,303.48
[cert] 5 candidatas bajo el umbral (pool COMPLETO)
Set parameter Username
Set parameter LicenseID to value 2822378
Academic license - for non-commercial use only - expires 2027-05-14
[cert] 1/5 [bays 1,1,1,1,1,1,1,1,1,1 | chargers 1,1,1,2,2,2,2,2,2,2 | n_ssee_k 1 | batteries 1,1,1,2,2,2,2,2,2,2]  <- INCUMBENTE
[cert]     cota operacional 2,494,078.36 -> LB con corte de cargas 2,555,306.22  (3 rondas, 21s)  DESCARTADA
[cert]     n_corte por año: 1:4, 10:4, 2:7, 3:13, 4:17, 5:18, 6:18, 7:18, 8:15, 9:8
[cert] 2/5 [bays 1,1,1,1,1,1,1,1,1,1 | chargers 1,1,1,2,2,2,2,2,2,2 | n_ssee_k 1 | batteries 1,1,2,2,2,2,2,2,2,2]
[cert]     cota operacional 2,516,342.62 -> LB con corte de cargas 2,577,570.48  (3 rondas, 2s)  DESCARTADA
[cert]     n_corte por año: 1:4, 10:4, 2:7, 3:13, 4:17, 5:18, 6:18, 7:18, 8:15, 9:8
[cert] 3/5 [bays 1,1,1,1,1,1,1,1,1,1 | chargers 1,1,2,2,2,2,2,2,2,2 | n_ssee_k 1 | batteries 1,1,2,2,2,2,2,2,2,2]
[cert]     cota operacional 2,520,724.01 -> LB con corte de cargas 2,581,951.87  (3 rondas, 2s)  DESCARTADA
[cert]     n_corte por año: 1:4, 10:4, 2:7, 3:13, 4:17, 5:18, 6:18, 7:18, 8:15, 9:8
[cert] 4/5 [bays 1,1,1,1,1,1,1,1,1,1 | chargers 1,1,1,2,2,2,2,2,2,2 | n_ssee_k 1 | batteries 1,2,2,2,2,2,2,2,2,2]
[cert]     cota operacional 2,540,833.30 -> LB con corte de cargas 2,602,061.16  (3 rondas, 2s)  DESCARTADA
[cert]     n_corte por año: 1:4, 10:4, 2:7, 3:13, 4:17, 5:18, 6:18, 7:18, 8:15, 9:8
[cert] 5/5 [bays 1,1,1,1,1,1,1,1,1,1 | chargers 1,1,2,2,2,2,2,2,2,2 | n_ssee_k 1 | batteries 1,2,2,2,2,2,2,2,2,2]
[cert]     cota operacional 2,545,214.70 -> LB con corte de cargas 2,606,442.56  (3 rondas, 2s)  DESCARTADA
[cert]     n_corte por año: 1:4, 10:4, 2:7, 3:13, 4:17, 5:18, 6:18, 7:18, 8:15, 9:8

[cert] ================= RESUMEN =================
[cert] UB 2,569,771.29   cota operacional 2,494,078.36 (2.946%)
[cert]   DESCARTADA  LB   2,555,306.22  [bays 1,1,1,1,1,1,1,1,1,1 | chargers 1,1,1,2,2,2,2,2,2,2 | n_ssee_k 1 | batteries 1,1,1,2,2,2,2,2,2,2]  <- INCUMBENTE
[cert]   DESCARTADA  LB   2,577,570.48  [bays 1,1,1,1,1,1,1,1,1,1 | chargers 1,1,1,2,2,2,2,2,2,2 | n_ssee_k 1 | batteries 1,1,2,2,2,2,2,2,2,2]
[cert]   DESCARTADA  LB   2,581,951.87  [bays 1,1,1,1,1,1,1,1,1,1 | chargers 1,1,2,2,2,2,2,2,2,2 | n_ssee_k 1 | batteries 1,1,2,2,2,2,2,2,2,2]
[cert]   DESCARTADA  LB   2,602,061.16  [bays 1,1,1,1,1,1,1,1,1,1 | chargers 1,1,1,2,2,2,2,2,2,2 | n_ssee_k 1 | batteries 1,2,2,2,2,2,2,2,2,2]
[cert]   DESCARTADA  LB   2,606,442.56  [bays 1,1,1,1,1,1,1,1,1,1 | chargers 1,1,2,2,2,2,2,2,2,2 | n_ssee_k 1 | batteries 1,2,2,2,2,2,2,2,2,2]
[cert] LB CERTIFICADA 2,555,303.48  ->  gap 0.563%
[cert] tiempo total 277s
