OK Warm start Y: 10638 cargados, 0 omitidos
OK Warm start Z: 17655 cargados, 0 omitidos
OK Warm start Z_swap: 507 cargados, 0 omitidos
OK Warm start StartAssign: 0 cargados, 0 omitidos
OK Warm start EndAssign: 0 cargados, 0 omitidos
OK Warm start B: 28960 cargados, 0 omitidos
OK Warm start X: 10 cargados, 0 omitidos
OK Warm start Delta_X: 1 cargados, 0 omitidos
OK Warm start N_bays: 10 cargados, 0 omitidos
OK Warm start Delta_N_bays: 10 cargados, 0 omitidos
OK Warm start N_chargers: 10 cargados, 0 omitidos
OK Warm start Delta_N_chargers: 10 cargados, 0 omitidos
OK Warm start n_ssee_k: 1 cargados, 0 omitidos
OK Warm start N_batteries: 10 cargados, 0 omitidos
OK Warm start Delta_N_batteries: 10 cargados, 0 omitidos
OK Warm start B_s: 28800 cargados, 0 omitidos
OK Warm start S: 7200 cargados, 0 omitidos
OK Warm start Sv: 83280 cargados, 0 omitidos
OK Warm start X_dch: 7200 cargados, 0 omitidos
OK Warm start X_ini: 7160 cargados, 0 omitidos
OK Warm start W: 7200 cargados, 0 omitidos
OK Warm start P_pot: 10 cargados, 0 omitidos
OK Warm start P_red: 7200 cargados, 0 omitidos
OK Warm start G_g: 2 cargados, 0 omitidos
OK Warm start P_gen: 14400 cargados, 0 omitidos
OK Warm start Curt_g: 0 cargados, 14400 omitidos
OK Warm start H: 1 cargados, 0 omitidos
OK Warm start P_bat: 7200 cargados, 0 omitidos
OK Warm start A_h: 7240 cargados, 0 omitidos
OK Warm start N_batteries_total: 10 cargados, 0 omitidos
OK Warm start n_battery_fleet: 10 cargados, 0 omitidos
OK Warm start R: 0 cargados, 0 omitidos
OK Warm start b_bar: 10 cargados, 0 omitidos
OK Warm start D: 10 cargados, 0 omitidos
OK Warm start EnergyConsumed: 10 cargados, 0 omitidos
OK Warm start N_ciclos: 10 cargados, 0 omitidos
OK Warm start N_total: 10 cargados, 0 omitidos
OK Warm start P_bbar_zagg: 28800 cargados, 0 omitidos
OK Warm start Z_repl: 10 cargados, 0 omitidos
OK Warm start w_deg: 10 cargados, 0 omitidos
OK Warm start completo desde 'output/Resultados_finales_tesis/Mina_modelo/mejorar_ub_red_gen/solucion': 263615 valores cargados, 14400 omitidos
[BD] particion en 22s: 594,832 columnas, 607,481 filas; maestro 192 variables (110 enteras) y 281 filas; 40 bloques; 40 presupuestos; copias por bloque 8-10
[BD] 40 subproblemas y maestro armados en 6s (4 en paralelo x 16 hilos)
[cert] incumbente pulido 2,143,677.60 (esperado 2,143,677.60)
[BD] cota de theta (dias con inversion libre): suma 0.00
[BD] arranque en el incumbente: costo con operacion LP 2,045,958.96, holgura de enlaces 0
[BD] E1 it  1  L 160,764.41  U_e 2,045,958.96 (92.142%)  UB 2,143,677.60 (gap 92.50%)  holgura 2.45e+14  24s (total 0.8 min)
[BD] E1 it  2  L 160,764.41  U_e 2,045,958.96 (92.142%)  UB 2,143,677.60 (gap 92.50%)  holgura 204  16s (total 1.1 min)
[BD] E1 it  3  L 941,496.83  U_e 2,045,958.96 (53.983%)  UB 2,143,677.60 (gap 56.08%)  holgura 107  10s (total 1.2 min)
[BD] E1 it  4  L 1,140,783.01  U_e 2,045,958.96 (44.242%)  UB 2,143,677.60 (gap 46.78%)  holgura 2e+03  5s (total 1.3 min)
[BD] E1 it  5  L 1,224,187.61  U_e 2,045,958.96 (40.166%)  UB 2,143,677.60 (gap 42.89%)  holgura 0.321  8s (total 1.4 min)
[BD] E1 it  6  L 1,408,907.12  U_e 2,045,958.96 (31.137%)  UB 2,143,677.60 (gap 34.28%)  holgura 1.3  3s (total 1.5 min)
[BD] E1 it  7  L 1,492,997.33  U_e 1,811,959.21 (17.603%)  UB 2,143,677.60 (gap 30.35%)  holgura 0.0557  3s (total 1.5 min)
[BD] E1 it  8  L 1,494,197.75  U_e 1,735,208.67 (13.889%)  UB 2,143,677.60 (gap 30.30%)  holgura 0.123  4s (total 1.6 min)
[BD] E1 it  9  L 1,509,421.81  U_e 1,598,945.16 (5.599%)  UB 2,143,677.60 (gap 29.59%)  holgura 0.000265  3s (total 1.6 min)
[BD] E1 it 10  L 1,516,368.12  U_e 1,598,945.16 (5.164%)  UB 2,143,677.60 (gap 29.26%)  holgura 0.0498  4s (total 1.7 min)
[BD] E1 it 11  L 1,524,292.76  U_e 1,586,948.31 (3.948%)  UB 2,143,677.60 (gap 28.89%)  holgura 0.036  3s (total 1.8 min)
[BD] E1 it 12  L 1,525,686.52  U_e 1,550,188.90 (1.581%)  UB 2,143,677.60 (gap 28.83%)  holgura 0.00291  2s (total 1.8 min)
[BD] E1 it 13  L 1,525,964.13  U_e 1,536,312.36 (0.674%)  UB 2,143,677.60 (gap 28.82%)  holgura 6.52e-05  2s (total 1.8 min)
[BD] E1 it 14  L 1,527,565.49  U_e 1,536,312.36 (0.569%)  UB 2,143,677.60 (gap 28.74%)  holgura 0.0237  3s (total 1.9 min)
[BD] E1 it 15  L 1,528,561.31  U_e 1,531,409.35 (0.186%)  UB 2,143,677.60 (gap 28.69%)  holgura 0  1s (total 1.9 min)
[BD] E1 it 16  L 1,528,600.31  U_e 1,531,409.35 (0.183%)  UB 2,143,677.60 (gap 28.69%)  holgura 0.0103  1s (total 1.9 min)
[BD] E1 it 17  L 1,528,728.66  U_e 1,531,409.35 (0.175%)  UB 2,143,677.60 (gap 28.69%)  holgura 0.00419  1s (total 1.9 min)
[BD] E1 it 18  L 1,528,729.01  U_e 1,529,748.93 (0.067%)  UB 2,143,677.60 (gap 28.69%)  holgura 0  1s (total 2.0 min)
[BD] E2 it  1  L 1,995,311.79  U_e 2,045,958.96 (2.475%)  UB 2,143,677.60 (gap 6.92%)  holgura 0.552  6s (total 2.1 min)
[BD] E2 it  2  L 2,003,825.00  U_e 2,021,515.72 (0.875%)  UB 2,143,677.60 (gap 6.52%)  holgura 0  1s (total 2.1 min)
[BD] E2 it  3  L 2,008,575.13  U_e 2,012,667.49 (0.203%)  UB 2,143,677.60 (gap 6.30%)  holgura 0  1s (total 2.1 min)
[BD] E2 it  4  L 2,010,103.65  U_e 2,011,542.63 (0.072%)  UB 2,143,677.60 (gap 6.23%)  holgura 0  1s (total 2.1 min)
[BD] E2 it  5  L 2,010,782.96  U_e 2,010,946.63 (0.008%)  UB 2,143,677.60 (gap 6.20%)  holgura 0  1s (total 2.1 min)
[cert] cota operacional 2,010,782.96 (gap 6.199%); umbral 2,079,367.28
[cert] 7 candidatas bajo el umbral (pool COMPLETO)
Set parameter Username
Set parameter LicenseID to value 2822378
Academic license - for non-commercial use only - expires 2027-05-14
[cert] 1/7 [bays 1,1,1,1,1,1,1,1,1,1 | chargers 1,1,2,2,2,2,2,2,2,2 | n_ssee_k 1 | batteries 1,1,2,2,2,2,2,2,2,2]  <- INCUMBENTE
[cert]     cota operacional 2,010,847.28 -> LB con corte de cargas 2,047,595.74  (8 rondas, 39s)  VIVA
[cert]     n_corte por año: 1:4, 10:4, 2:7, 3:13, 4:17, 5:18, 6:18, 7:18, 8:15, 9:8
[cert] 2/7 [bays 1,1,1,1,1,1,1,1,1,1 | chargers 1,1,1,2,2,2,2,2,2,2 | n_ssee_k 1 | batteries 1,1,1,2,2,2,2,2,2,2]
[cert]     cota operacional 2,018,989.45 -> LB con corte de cargas 2,057,583.86  (9 rondas, 9s)  VIVA
[cert]     n_corte por año: 1:4, 10:4, 2:7, 3:13, 4:17, 5:18, 6:18, 7:18, 8:15, 9:8
[cert] 3/7 [bays 1,1,1,1,1,1,1,1,1,1 | chargers 1,1,2,2,2,2,2,2,2,2 | n_ssee_k 1 | batteries 1,2,2,2,2,2,2,2,2,2]
[cert]     cota operacional 2,034,974.47 -> LB con corte de cargas 2,072,085.24  (7 rondas, 8s)  VIVA
[cert]     n_corte por año: 1:4, 10:4, 2:7, 3:13, 4:17, 5:18, 6:18, 7:18, 8:15, 9:8
[cert] 4/7 [bays 1,1,1,1,1,1,1,1,1,1 | chargers 1,1,1,2,2,2,2,2,2,2 | n_ssee_k 1 | batteries 1,1,2,2,2,2,2,2,2,2]
[cert]     cota operacional 2,040,582.36 -> LB con corte de cargas 2,079,848.12  (8 rondas, 7s)  DESCARTADA
[cert]     n_corte por año: 1:4, 10:4, 2:7, 3:13, 4:17, 5:18, 6:18, 7:18, 8:15, 9:8
[cert] 5/7 [bays 1,1,1,1,1,1,1,1,1,1 | chargers 1,2,2,2,2,2,2,2,2,2 | n_ssee_k 1 | batteries 1,2,2,2,2,2,2,2,2,2]
[cert]     cota operacional 2,054,491.79 -> LB con corte de cargas 2,091,416.82  (7 rondas, 7s)  DESCARTADA
[cert]     n_corte por año: 1:4, 10:4, 2:7, 3:13, 4:17, 5:18, 6:18, 7:18, 8:15, 9:8
[cert] 6/7 [bays 1,1,1,1,1,1,1,1,1,1 | chargers 1,1,2,2,2,2,2,2,2,2 | n_ssee_k 1 | batteries 2,2,2,2,2,2,2,2,2,2]
[cert]     cota operacional 2,061,914.22 -> LB con corte de cargas 2,099,024.99  (7 rondas, 6s)  DESCARTADA
[cert]     n_corte por año: 1:4, 10:4, 2:7, 3:13, 4:17, 5:18, 6:18, 7:18, 8:15, 9:8
[cert] 7/7 [bays 1,1,1,1,1,1,1,1,1,1 | chargers 1,1,1,2,2,2,2,2,2,2 | n_ssee_k 1 | batteries 1,2,2,2,2,2,2,2,2,2]
[cert]     cota operacional 2,064,876.33 -> LB con corte de cargas 2,104,338.80  (9 rondas, 7s)  DESCARTADA
[cert]     n_corte por año: 1:4, 10:4, 2:7, 3:13, 4:17, 5:18, 6:18, 7:18, 8:15, 9:8

[cert] ================= RESUMEN =================
[cert] UB 2,143,677.60   cota operacional 2,010,782.96 (6.199%)
[cert]         VIVA  LB   2,047,595.74  [bays 1,1,1,1,1,1,1,1,1,1 | chargers 1,1,2,2,2,2,2,2,2,2 | n_ssee_k 1 | batteries 1,1,2,2,2,2,2,2,2,2]  <- INCUMBENTE
[cert]         VIVA  LB   2,057,583.86  [bays 1,1,1,1,1,1,1,1,1,1 | chargers 1,1,1,2,2,2,2,2,2,2 | n_ssee_k 1 | batteries 1,1,1,2,2,2,2,2,2,2]
[cert]         VIVA  LB   2,072,085.24  [bays 1,1,1,1,1,1,1,1,1,1 | chargers 1,1,2,2,2,2,2,2,2,2 | n_ssee_k 1 | batteries 1,2,2,2,2,2,2,2,2,2]
[cert]   DESCARTADA  LB   2,079,848.12  [bays 1,1,1,1,1,1,1,1,1,1 | chargers 1,1,1,2,2,2,2,2,2,2 | n_ssee_k 1 | batteries 1,1,2,2,2,2,2,2,2,2]
[cert]   DESCARTADA  LB   2,091,416.82  [bays 1,1,1,1,1,1,1,1,1,1 | chargers 1,2,2,2,2,2,2,2,2,2 | n_ssee_k 1 | batteries 1,2,2,2,2,2,2,2,2,2]
[cert]   DESCARTADA  LB   2,099,024.99  [bays 1,1,1,1,1,1,1,1,1,1 | chargers 1,1,2,2,2,2,2,2,2,2 | n_ssee_k 1 | batteries 2,2,2,2,2,2,2,2,2,2]
[cert]   DESCARTADA  LB   2,104,338.80  [bays 1,1,1,1,1,1,1,1,1,1 | chargers 1,1,1,2,2,2,2,2,2,2 | n_ssee_k 1 | batteries 1,2,2,2,2,2,2,2,2,2]
[cert] LB CERTIFICADA 2,047,595.74  ->  gap 4.482%
[cert] tiempo total 390s
