OK Warm start Y: 10638 cargados, 0 omitidos
OK Warm start Z: 17666 cargados, 0 omitidos
OK Warm start Z_swap: 496 cargados, 0 omitidos
OK Warm start StartAssign: 0 cargados, 0 omitidos
OK Warm start EndAssign: 0 cargados, 0 omitidos
OK Warm start B: 28960 cargados, 0 omitidos
OK Warm start X: 10 cargados, 0 omitidos
OK Warm start Delta_X: 1 cargados, 0 omitidos
OK Warm start N_bays: 10 cargados, 0 omitidos
OK Warm start Delta_N_bays: 10 cargados, 0 omitidos
OK Warm start N_chargers: 10 cargados, 0 omitidos
OK Warm start Delta_N_chargers: 10 cargados, 0 omitidos
OK Warm start n_ssee_k: 1 cargados, 0 omitidos
OK Warm start N_batteries: 10 cargados, 0 omitidos
OK Warm start Delta_N_batteries: 10 cargados, 0 omitidos
OK Warm start B_s: 28800 cargados, 0 omitidos
OK Warm start S: 7200 cargados, 0 omitidos
OK Warm start Sv: 83280 cargados, 0 omitidos
OK Warm start X_dch: 7200 cargados, 0 omitidos
OK Warm start X_ini: 7160 cargados, 0 omitidos
OK Warm start W: 7200 cargados, 0 omitidos
OK Warm start P_pot: 10 cargados, 0 omitidos
OK Warm start P_red: 7200 cargados, 0 omitidos
OK Warm start G_g: 2 cargados, 0 omitidos
OK Warm start P_gen: 14400 cargados, 0 omitidos
OK Warm start Curt_g: 0 cargados, 14400 omitidos
OK Warm start H: 1 cargados, 0 omitidos
OK Warm start P_bat: 7200 cargados, 0 omitidos
OK Warm start A_h: 7240 cargados, 0 omitidos
OK Warm start N_batteries_total: 10 cargados, 0 omitidos
OK Warm start n_battery_fleet: 10 cargados, 0 omitidos
OK Warm start R: 0 cargados, 0 omitidos
OK Warm start b_bar: 10 cargados, 0 omitidos
OK Warm start D: 10 cargados, 0 omitidos
OK Warm start EnergyConsumed: 10 cargados, 0 omitidos
OK Warm start N_ciclos: 10 cargados, 0 omitidos
OK Warm start N_total: 10 cargados, 0 omitidos
OK Warm start P_bbar_zagg: 28800 cargados, 0 omitidos
OK Warm start Z_repl: 10 cargados, 0 omitidos
OK Warm start w_deg: 10 cargados, 0 omitidos
OK Warm start completo desde 'output/Resultados_finales_tesis/Mina_modelo/mejorar_ub_gen_bat_v6c/solucion': 263615 valores cargados, 14400 omitidos
[BD] particion en 21s: 594,832 columnas, 607,481 filas; maestro 192 variables (110 enteras) y 281 filas; 40 bloques; 40 presupuestos; copias por bloque 8-10
[BD] 40 subproblemas y maestro armados en 6s (4 en paralelo x 16 hilos)
[cert] incumbente pulido 2,079,895.34 (esperado 2,079,895.34)
[BD] cota de theta (dias con inversion libre): suma 0.00
[BD] arranque en el incumbente: costo con operacion LP 2,023,015.41, holgura de enlaces 0
[BD] E1 it  1  L 450,076.39  U_e 2,023,015.41 (77.752%)  UB 2,079,895.34 (gap 78.36%)  holgura 1.22e+13  28s (total 1.0 min)
[BD] E1 it  2  L 490,931.66  U_e 2,023,015.41 (75.733%)  UB 2,079,895.34 (gap 76.40%)  holgura 945  19s (total 1.3 min)
[BD] E1 it  3  L 1,190,478.44  U_e 2,023,015.41 (41.153%)  UB 2,079,895.34 (gap 42.76%)  holgura 108  7s (total 1.4 min)
[BD] E1 it  4  L 1,262,780.69  U_e 2,023,015.41 (37.579%)  UB 2,079,895.34 (gap 39.29%)  holgura 1.44e+04  9s (total 1.6 min)
[BD] E1 it  5  L 1,294,655.38  U_e 2,023,015.41 (36.004%)  UB 2,079,895.34 (gap 37.75%)  holgura 1.48  8s (total 1.7 min)
[BD] E1 it  6  L 1,415,033.63  U_e 2,023,015.41 (30.053%)  UB 2,079,895.34 (gap 31.97%)  holgura 0.467  5s (total 1.8 min)
[BD] E1 it  7  L 1,431,750.64  U_e 1,811,313.32 (20.955%)  UB 2,079,895.34 (gap 31.16%)  holgura 0.159  5s (total 1.9 min)
[BD] E1 it  8  L 1,442,174.83  U_e 1,584,358.47 (8.974%)  UB 2,079,895.34 (gap 30.66%)  holgura 0.00926  6s (total 2.0 min)
[BD] E1 it  9  L 1,442,372.45  U_e 1,514,160.37 (4.741%)  UB 2,079,895.34 (gap 30.65%)  holgura 0.000137  4s (total 2.1 min)
[BD] E1 it 10  L 1,443,927.19  U_e 1,514,160.37 (4.638%)  UB 2,079,895.34 (gap 30.58%)  holgura 0.14  5s (total 2.1 min)
[BD] E1 it 11  L 1,444,570.37  U_e 1,468,841.74 (1.652%)  UB 2,079,895.34 (gap 30.55%)  holgura 0  2s (total 2.2 min)
[BD] E1 it 12  L 1,444,570.37  U_e 1,468,841.74 (1.652%)  UB 2,079,895.34 (gap 30.55%)  holgura 0.153  5s (total 2.3 min)
[BD] E1 it 13  L 1,448,409.11  U_e 1,455,620.39 (0.495%)  UB 2,079,895.34 (gap 30.36%)  holgura 0  4s (total 2.3 min)
[BD] E1 it 14  L 1,448,409.11  U_e 1,455,620.39 (0.495%)  UB 2,079,895.34 (gap 30.36%)  holgura 0.021  2s (total 2.4 min)
[BD] E1 it 15  L 1,448,586.14  U_e 1,455,620.39 (0.483%)  UB 2,079,895.34 (gap 30.35%)  holgura 0.00471  2s (total 2.4 min)
[BD] E1 it 16  L 1,448,663.74  U_e 1,451,290.18 (0.181%)  UB 2,079,895.34 (gap 30.35%)  holgura 4.38e-05  2s (total 2.4 min)
[BD] E1 it 17  L 1,448,663.74  U_e 1,449,533.58 (0.060%)  UB 2,079,895.34 (gap 30.35%)  holgura 0  2s (total 2.4 min)
[BD] E2 it  1  L 1,983,161.54  U_e 2,023,015.41 (1.970%)  UB 2,079,895.34 (gap 4.65%)  holgura 0.695  8s (total 2.6 min)
[BD] E2 it  2  L 1,991,711.33  U_e 2,006,490.84 (0.737%)  UB 2,079,895.34 (gap 4.24%)  holgura 0  4s (total 2.6 min)
[BD] E2 it  3  L 1,995,145.23  U_e 2,006,490.84 (0.565%)  UB 2,079,895.34 (gap 4.07%)  holgura 0.947  2s (total 2.7 min)
[BD] E2 it  4  L 1,998,302.97  U_e 2,006,490.84 (0.408%)  UB 2,079,895.34 (gap 3.92%)  holgura 0.373  1s (total 2.7 min)
[BD] E2 it  5  L 1,998,987.30  U_e 2,006,490.84 (0.374%)  UB 2,079,895.34 (gap 3.89%)  holgura 0.0685  1s (total 2.7 min)
[BD] E2 it  6  L 1,998,987.30  U_e 2,006,490.84 (0.374%)  UB 2,079,895.34 (gap 3.89%)  holgura 0.0601  1s (total 2.7 min)
[BD] E2 it  7  L 1,999,029.23  U_e 2,000,112.37 (0.054%)  UB 2,079,895.34 (gap 3.89%)  holgura 0  1s (total 2.7 min)
[BD] E2 it  8  L 1,999,031.29  U_e 1,999,209.29 (0.009%)  UB 2,079,895.34 (gap 3.89%)  holgura 0  1s (total 2.7 min)
[cert] cota operacional 1,999,031.29 (gap 3.888%); umbral 2,038,297.43
[cert] 4 candidatas bajo el umbral (pool COMPLETO)
Set parameter Username
Set parameter LicenseID to value 2822378
Academic license - for non-commercial use only - expires 2027-05-14
[cert] 1/4 [bays 1,1,1,1,1,1,1,1,1,1 | chargers 1,1,2,2,2,2,2,2,2,2 | n_ssee_k 1 | batteries 1,1,2,2,2,2,2,2,2,2]
[cert]     cota operacional 1,999,042.25 -> LB con corte de cargas 2,035,547.42  (6 rondas, 45s)  VIVA
[cert]     n_corte por año: 1:4, 10:4, 2:7, 3:13, 4:17, 5:18, 6:18, 7:18, 8:15, 9:8
[cert] 2/4 [bays 1,1,1,1,1,1,1,1,1,1 | chargers 1,1,1,2,2,2,2,2,2,2 | n_ssee_k 1 | batteries 1,1,1,2,2,2,2,2,2,2]  <- INCUMBENTE
[cert]     cota operacional 2,005,440.09 -> LB con corte de cargas 2,039,816.85  (5 rondas, 7s)  DESCARTADA
[cert]     n_corte por año: 1:4, 10:4, 2:7, 3:13, 4:17, 5:18, 6:18, 7:18, 8:15, 9:8
[cert] 3/4 [bays 1,1,1,1,1,1,1,1,1,1 | chargers 1,1,2,2,2,2,2,2,2,2 | n_ssee_k 1 | batteries 1,2,2,2,2,2,2,2,2,2]
[cert]     cota operacional 2,023,532.93 -> LB con corte de cargas 2,060,038.10  (5 rondas, 6s)  DESCARTADA
[cert]     n_corte por año: 1:4, 10:4, 2:7, 3:13, 4:17, 5:18, 6:18, 7:18, 8:15, 9:8
[cert] 4/4 [bays 1,1,1,1,1,1,1,1,1,1 | chargers 1,1,1,2,2,2,2,2,2,2 | n_ssee_k 1 | batteries 1,1,2,2,2,2,2,2,2,2]
[cert]     cota operacional 2,026,567.41 -> LB con corte de cargas 2,062,081.11  (5 rondas, 5s)  DESCARTADA
[cert]     n_corte por año: 1:4, 10:4, 2:7, 3:13, 4:17, 5:18, 6:18, 7:18, 8:15, 9:8

[cert] ================= RESUMEN =================
[cert] UB 2,079,895.34   cota operacional 1,999,031.29 (3.888%)
[cert]         VIVA  LB   2,035,547.42  [bays 1,1,1,1,1,1,1,1,1,1 | chargers 1,1,2,2,2,2,2,2,2,2 | n_ssee_k 1 | batteries 1,1,2,2,2,2,2,2,2,2]
[cert]   DESCARTADA  LB   2,039,816.85  [bays 1,1,1,1,1,1,1,1,1,1 | chargers 1,1,1,2,2,2,2,2,2,2 | n_ssee_k 1 | batteries 1,1,1,2,2,2,2,2,2,2]  <- INCUMBENTE
[cert]   DESCARTADA  LB   2,060,038.10  [bays 1,1,1,1,1,1,1,1,1,1 | chargers 1,1,2,2,2,2,2,2,2,2 | n_ssee_k 1 | batteries 1,2,2,2,2,2,2,2,2,2]
[cert]   DESCARTADA  LB   2,062,081.11  [bays 1,1,1,1,1,1,1,1,1,1 | chargers 1,1,1,2,2,2,2,2,2,2 | n_ssee_k 1 | batteries 1,1,2,2,2,2,2,2,2,2]
[cert] LB CERTIFICADA 2,035,547.42  ->  gap 2.132%
[cert] tiempo total 405s
