[bloque] año 6, herencia de output/Resultados_finales_tesis/Mina_modelo/P_red_gen_bat_swap_libre_v4_estab: {'N_bays': {'station_1': 1}, 'N_chargers': {'station_1': 2}, 'N_batteries': {'station_1': 2}, 'n_ssee_k': {'station_1': 1}, 'G': {'Solar_PV': 1.5626659920149772, 'Wind': 0.03709320245090551}, 'H': 1.1279585912866206, 'D': 458.138274752428}
[DayDecomp] año 6: MIP start por dias (fase 1 libre, max, fase 2 fija, pulido)...
WARNING: Loading a SolverResults object with an 'aborted' status, but
containing a solution
WARNING: Loading a SolverResults object with an 'aborted' status, but
containing a solution
WARNING: Loading a SolverResults object with an 'aborted' status, but
containing a solution
WARNING: Loading a SolverResults object with an 'aborted' status, but
containing a solution
[DayDecomp]   y6 d15 fase1: 15,828.34  (maxTimeLimit, 122s)
[DayDecomp]   y6 d105 fase1: 20,434.23  (maxTimeLimit, 123s)
[DayDecomp]   y6 d196 fase1: 18,263.68  (maxTimeLimit, 124s)
[DayDecomp]   y6 d288 fase1: 15,554.72  (maxTimeLimit, 125s)
[DayDecomp]   4 dias en paralelo (4 x 8 hilos): 125s
[DayDecomp]   agregado (max entre dias): N_bays=1  N_chargers=2  N_batteries=2  Delta_N_bays=0  Delta_N_chargers=0  Delta_N_batteries=0  n_ssee_k=1  G_g=1.563, 0.03709  H=1.128  P_pot=194.7  R=-0  b_bar=458.1
WARNING: Loading a SolverResults object with an 'aborted' status, but
containing a solution
WARNING: Loading a SolverResults object with an 'aborted' status, but
containing a solution
WARNING: Loading a SolverResults object with an 'aborted' status, but
containing a solution
WARNING: Loading a SolverResults object with an 'aborted' status, but
containing a solution
[DayDecomp]   y6 d15 fase2: 17,932.34  (maxTimeLimit, 121s)
[DayDecomp]   y6 d105 fase2: 18,448.07  (maxTimeLimit, 123s)
[DayDecomp]   y6 d196 fase2: 19,202.96  (maxTimeLimit, 124s)
[DayDecomp]   y6 d288 fase2: 18,852.01  (maxTimeLimit, 125s)
[DayDecomp]   4 dias en paralelo (4 x 8 hilos): 125s
[DayDecomp]   pulido sobre el bloque anual: 59,484 valores, 45,774 enteras fijas, LP optimo en 5s -> incumbente 58,899.46
[DayDecomp] año 6: listo en 275s
WARNING: Loading a SolverResults object with an 'aborted' status, but
containing a solution
[NestedBenders] actual y=6  TimeLimit alcanzado sin cerrar MIPGap: UB=56,328.30  LB=30,388.31  gap=46.0514%
[bloque] {'esquema': 'actual', 't_start_dias': 275.0893669128418, 'costo_start': 58899.46233972479, 'primal': 56328.29525021523, 'dual': 30388.311886066804, 'status': 'maxTimeLimit', 'inversion': {'N_bays': {"('station_1', 6)": 1.0}, 'N_chargers': {"('station_1', 6)": 2.0}, 'N_batteries': {"('station_1', 6)": 2.0}}, 'tiempo': 344.6799592971802}
[DayDecomp] año 6: MIP start por dias (fase 1 libre, max, fase 2 fija, pulido)...
WARNING: Loading a SolverResults object with an 'aborted' status, but
containing a solution
WARNING: Loading a SolverResults object with an 'aborted' status, but
containing a solution
WARNING: Loading a SolverResults object with an 'aborted' status, but
containing a solution
WARNING: Loading a SolverResults object with an 'aborted' status, but
containing a solution
[DayDecomp]   y6 d15 fase1: 15,828.34  (maxTimeLimit, 121s)
[DayDecomp]   y6 d105 fase1: 20,434.23  (maxTimeLimit, 123s)
[DayDecomp]   y6 d196 fase1: 18,263.68  (maxTimeLimit, 124s)
[DayDecomp]   y6 d288 fase1: 15,554.72  (maxTimeLimit, 125s)
[DayDecomp]   4 dias en paralelo (4 x 8 hilos): 125s
[DayDecomp]   agregado (max entre dias): N_bays=1  N_chargers=2  N_batteries=2  Delta_N_bays=0  Delta_N_chargers=0  Delta_N_batteries=0  n_ssee_k=1  G_g=1.563, 0.03709  H=1.128  P_pot=194.7  R=-0  b_bar=458.1
WARNING: Loading a SolverResults object with an 'aborted' status, but
containing a solution
WARNING: Loading a SolverResults object with an 'aborted' status, but
containing a solution
WARNING: Loading a SolverResults object with an 'aborted' status, but
containing a solution
WARNING: Loading a SolverResults object with an 'aborted' status, but
containing a solution
[DayDecomp]   y6 d15 fase2: 17,932.34  (maxTimeLimit, 121s)
[DayDecomp]   y6 d105 fase2: 18,448.07  (maxTimeLimit, 123s)
[DayDecomp]   y6 d196 fase2: 19,076.76  (maxTimeLimit, 124s)
[DayDecomp]   y6 d288 fase2: 18,852.01  (maxTimeLimit, 125s)
[DayDecomp]   4 dias en paralelo (4 x 8 hilos): 125s
[DayDecomp]   pulido sobre el bloque anual: 59,484 valores, 45,774 enteras fijas, LP optimo en 5s -> incumbente 58,773.26
[DayDecomp] año 6: listo en 277s
WARNING: Loading a SolverResults object with an 'aborted' status, but
containing a solution
[NestedBenders] gurobi y=6  TimeLimit alcanzado sin cerrar MIPGap: UB=56,202.09  LB=30,388.31  gap=45.9303%
[bloque] {'esquema': 'gurobi', 't_start_dias': 276.7457344532013, 'costo_start': 58773.2611948022, 'primal': 56202.094105292665, 'dual': 30388.31196434796, 'status': 'maxTimeLimit', 'inversion': {'N_bays': {"('station_1', 6)": 1.0}, 'N_chargers': {"('station_1', 6)": 2.0}, 'N_batteries': {"('station_1', 6)": 2.0}}, 'tiempo': 2089.26104593277}
[GCG] separacion de capacidades: 30 copias (G_g 8, H 4, N_batteries 4, N_bays 4, N_chargers 4, P_pot 2, n_ssee_k 4), 7,252 filas de bloque reescritas, 30 filas copia <= capacidad al maestro
[bloque] cg: 59,520 columnas y 60,786 filas; 4 bloques de 14,874-14,875 variables; maestro 26 variables, 70 filas extendidas (1 variables de enlace con igualdad); capacidades separadas por bloque 7-8 (28 copias con cota finita por propagacion); hermanos por bloque 1-1
[CG] 4 pricing y maestro armados en 1s (4 bloques a la vez x 8 hilos)
[CG] r  1      40s heur  RMP 15,464,004,939.35  L -4,156,942,587.44  LB -4,156,942,587.44  gap 126.88%  +3 cols (+3 comp.)  a=0.50  pricing 30s (max 30s)  art=1.5e+03  SIN SOL ['196']
[CG] r  2      44s heur  RMP   2,906,437.66  L -2,087,317,111.12  LB -2,087,317,111.12  gap 71917.03%  +6 cols (+4 comp.)  a=0.50  pricing 1s (max 1s)
[CG]    UB heuristica (r3): 3,576,326.33  *** nueva UB  (0s)
[CG] r  3      48s heur  RMP   1,740,966.51  L -841,845,125.41  LB -841,845,125.41  gap 48455.04%  +6 cols (+4 comp.)  a=0.40  pricing 2s (max 2s)  UB 3,576,326.33 (gap 23639.38%)
[CG] r  4      50s heur  RMP   1,740,966.51  L -253,421,835.85  LB -253,421,835.85  gap 14656.39%  +0 cols (+0 comp.)  a=0.30  pricing 2s (max 2s)  UB 3,576,326.33 (gap 7186.09%)
[CG] r  5     111s heur  RMP   1,740,966.51  L  -5,506,209.86  LB  -5,506,209.86  gap 416.27%  +20 cols (+2 comp.)  a=0.00  pricing 30s (max 30s)  UB 3,576,326.33 (gap 253.96%)
[CG]    UB heuristica (r6): 1,164,652.07  *** nueva UB  (1s)
[CG] r  6     172s heur  RMP   1,248,275.43  L  -2,952,696.02  LB  -2,952,696.02  gap 336.54%  +10 cols (+2 comp.)  a=0.50  pricing 30s (max 30s)  UB 1,164,652.07 (gap 353.53%)
[CG] r  7     232s heur  RMP     930,499.86  L  -1,380,831.97  LB  -1,380,831.97  gap 248.40%  +12 cols (+4 comp.)  a=0.40  pricing 30s (max 30s)  UB 1,164,652.07 (gap 218.56%)
[CG] r  8     274s heur  RMP     595,561.49  L  -1,251,018.71  LB  -1,251,018.71  gap 310.06%  +9 cols (+2 comp.)  a=0.30  pricing 30s (max 30s)  UB 1,164,652.07 (gap 207.42%)
[CG]    UB heuristica (r9): 1,096,162.42  *** nueva UB  (0s)
[CG] r  9     305s heur  RMP     119,154.13  L    -536,745.33  LB    -536,745.33  gap 550.46%  +4 cols (+2 comp.)  a=0.37  pricing 30s (max 30s)  UB 1,096,162.42 (gap 148.97%)
[CG] r 10     366s heur  RMP     119,154.13  L    -219,832.24  LB    -219,832.24  gap 284.49%  +7 cols (+1 comp.)  a=0.27  pricing 30s (max 30s)  UB 1,096,162.42 (gap 120.05%)
[CG] r 11     401s heur  RMP      89,931.72  L    -128,562.32  LB    -128,562.32  gap 242.96%  +5 cols (+2 comp.)  a=0.17  pricing 30s (max 30s)  UB 1,096,162.42 (gap 111.73%)
[CG]    UB heuristica (r12): 1,074,987.06  *** nueva UB  (1s)
[CG] r 12     432s heur  RMP      74,514.48  L    -130,189.68  LB    -128,562.32  gap 272.53%  +6 cols (+2 comp.)  a=0.07  pricing 30s (max 30s)  UB 1,074,987.06 (gap 111.96%)
[CG] r 13     462s heur  RMP      63,581.86  L    -138,218.09  LB    -128,562.32  gap 302.20%  +3 cols (+3 comp.)  a=0.16  pricing 30s (max 30s)  UB 1,074,987.06 (gap 111.96%)
[CG] r 14     487s heur  RMP      62,951.28  L    -142,763.75  LB    -128,562.32  gap 304.23%  +5 cols (+3 comp.)  a=0.25  pricing 25s (max 25s)  UB 1,074,987.06 (gap 111.96%)
[CG]    UB heuristica (r15): 1,071,657.71  *** nueva UB  (1s)
[CG] r 15     548s heur  RMP      59,586.55  L     -91,712.49  LB     -91,712.49  gap 253.91%  +8 cols (+2 comp.)  a=0.15  pricing 30s (max 30s)  UB 1,071,657.71 (gap 108.56%)
[CG] r 16     559s heur  RMP      59,453.91  L    -165,158.86  LB     -91,712.49  gap 254.26%  +2 cols (+2 comp.)  a=0.05  pricing 11s (max 11s)  UB 1,071,657.71 (gap 108.56%)
[CG] r 17     589s heur  RMP      59,051.78  L    -171,978.45  LB     -91,712.49  gap 255.31%  +5 cols (+2 comp.)  a=0.14  pricing 30s (max 30s)  UB 1,071,657.71 (gap 108.56%)
[CG]    UB heuristica (r18): 1,070,992.70  *** nueva UB  (1s)
[CG] r 18     604s heur  RMP      58,326.47  L    -129,092.61  LB     -91,712.49  gap 257.24%  +2 cols (+2 comp.)  a=0.23  pricing 14s (max 14s)  UB 1,070,992.70 (gap 108.56%)
[CG] r 19     625s heur  RMP      58,326.47  L    -158,037.37  LB     -91,712.49  gap 257.24%  +2 cols (+1 comp.)  a=0.13  pricing 21s (max 21s)  UB 1,070,992.70 (gap 108.56%)
[CG] r 20     629s heur  RMP      58,326.47  L    -170,884.19  LB     -91,712.49  gap 257.24%  +1 cols (+1 comp.)  a=0.03  pricing 5s (max 5s)  UB 1,070,992.70 (gap 108.56%)
[CG]    UB heuristica (r21): 1,070,992.70  (0s)
[CG] r 21     635s heur  RMP      58,326.47  L    -194,660.89  LB     -91,712.49  gap 257.24%  +0 cols (+0 comp.)  a=0.13  pricing 5s (max 5s)  UB 1,070,992.70 (gap 108.56%)
[CG] r 22     639s heur  RMP      58,326.47  L    -201,413.19  LB     -91,712.49  gap 257.24%  +0 cols (+0 comp.)  a=0.00  pricing 4s (max 4s)  UB 1,070,992.70 (gap 108.56%)
[CG] sin columnas con el pricing heuristico -> pricing exacto
[CG] r 23     941s exact RMP      58,326.47  L      24,808.44  LB      24,808.44  gap  57.47%  +4 cols (+4 comp.)  a=0.00  pricing 301s (max 301s)  UB 1,070,992.70 (gap 97.68%)
[CG]    UB heuristica (r24): 1,059,339.61  *** nueva UB  (1s)
[CG] r 24     948s heur  RMP      47,782.85  L    -195,586.72  LB      24,808.44  gap  48.08%  +3 cols (+3 comp.)  a=0.50  pricing 6s (max 6s)  UB 1,059,339.61 (gap 97.66%)
[CG] r 25     954s heur  RMP      46,673.38  L    -201,991.29  LB      24,808.44  gap  46.85%  +2 cols (+1 comp.)  a=0.55  pricing 6s (max 6s)  UB 1,059,339.61 (gap 97.66%)
[CG] r 26     960s heur  RMP      46,673.38  L    -204,434.48  LB      24,808.44  gap  46.85%  +1 cols (+1 comp.)  a=0.45  pricing 6s (max 6s)  UB 1,059,339.61 (gap 97.66%)
[CG]    UB heuristica (r27): 1,059,339.61  (1s)
[CG] r 27     965s heur  RMP      46,673.38  L    -187,423.10  LB      24,808.44  gap  46.85%  +1 cols (+0 comp.)  a=0.51  pricing 5s (max 5s)  UB 1,059,339.61 (gap 97.66%)
[CG] r 28     971s heur  RMP      46,673.38  L    -219,013.26  LB      24,808.44  gap  46.85%  +0 cols (+0 comp.)  a=0.41  pricing 5s (max 5s)  UB 1,059,339.61 (gap 97.66%)
[CG] r 29     975s heur  RMP      46,673.38  L    -180,278.27  LB      24,808.44  gap  46.85%  +2 cols (+2 comp.)  a=0.00  pricing 4s (max 4s)  UB 1,059,339.61 (gap 97.66%)
[CG]    UB heuristica (r30): 1,059,339.61  (1s)
[CG] r 30     981s heur  RMP      46,673.38  L    -196,176.12  LB      24,808.44  gap  46.85%  +0 cols (+0 comp.)  a=0.50  pricing 6s (max 6s)  UB 1,059,339.61 (gap 97.66%)
[CG] r 31     994s heur  RMP      46,673.38  L    -196,051.88  LB      24,808.44  gap  46.85%  +0 cols (+0 comp.)  a=0.00  pricing 12s (max 12s)  UB 1,059,339.61 (gap 97.66%)
[CG] sin columnas con el pricing heuristico -> pricing exacto
[CG] r 32    1295s exact RMP      46,673.38  L      28,289.56  LB      28,289.56  gap  39.39%  +3 cols (+3 comp.)  a=0.00  pricing 301s (max 301s)  UB 1,059,339.61 (gap 97.33%)
[CG]    UB heuristica (r33): 1,058,959.72  *** nueva UB  (1s)
[CG] r 33    1304s heur  RMP      46,378.80  L    -214,053.85  LB      28,289.56  gap  39.00%  +3 cols (+2 comp.)  a=0.50  pricing 8s (max 8s)  UB 1,058,959.72 (gap 97.33%)
[CG] r 34    1309s heur  RMP      46,296.30  L    -204,540.52  LB      28,289.56  gap  38.89%  +2 cols (+2 comp.)  a=0.55  pricing 5s (max 5s)  UB 1,058,959.72 (gap 97.33%)
[CG] r 35    1317s heur  RMP      46,293.49  L    -194,268.49  LB      28,289.56  gap  38.89%  +0 cols (+0 comp.)  a=0.60  pricing 8s (max 8s)  UB 1,058,959.72 (gap 97.33%)
[CG]    UB heuristica (r36): 1,058,959.72  (1s)
[CG] r 36    1325s heur  RMP      46,293.49  L    -169,359.19  LB      28,289.56  gap  38.89%  +0 cols (+0 comp.)  a=0.00  pricing 8s (max 8s)  UB 1,058,959.72 (gap 97.33%)
[CG] sin columnas con el pricing heuristico -> pricing exacto
[CG] r 37    1627s exact RMP      46,293.49  L      28,584.85  LB      28,584.85  gap  38.25%  +2 cols (+2 comp.)  a=0.00  pricing 301s (max 301s)  UB 1,058,959.72 (gap 97.30%)
[CG] r 38    1635s heur  RMP      44,705.58  L    -196,630.24  LB      28,584.85  gap  36.06%  +2 cols (+2 comp.)  a=0.50  pricing 8s (max 8s)  UB 1,058,959.72 (gap 97.30%)
[CG]    UB heuristica (r39): 1,057,371.81  *** nueva UB  (1s)
[CG] r 39    1648s heur  RMP      44,705.58  L    -221,305.17  LB      28,584.85  gap  36.06%  +1 cols (+1 comp.)  a=0.55  pricing 12s (max 12s)  UB 1,057,371.81 (gap 97.30%)
[CG] r 40    1655s heur  RMP      44,705.58  L    -186,355.95  LB      28,584.85  gap  36.06%  +0 cols (+0 comp.)  a=0.60  pricing 7s (max 7s)  UB 1,057,371.81 (gap 97.30%)
[CG] r 41    1662s heur  RMP      44,705.58  L    -157,130.89  LB      28,584.85  gap  36.06%  +1 cols (+1 comp.)  a=0.00  pricing 7s (max 7s)  UB 1,057,371.81 (gap 97.30%)
[CG]    UB heuristica (r42): 1,057,371.81  (1s)
[CG] r 42    1692s heur  RMP      44,705.58  L    -192,062.67  LB      28,584.85  gap  36.06%  +0 cols (+0 comp.)  a=0.50  pricing 30s (max 30s)  UB 1,057,371.81 (gap 97.30%)
[CG] r 43    1699s heur  RMP      44,705.58  L    -186,822.43  LB      28,584.85  gap  36.06%  +0 cols (+0 comp.)  a=0.00  pricing 7s (max 7s)  UB 1,057,371.81 (gap 97.30%)
[CG] sin columnas con el pricing heuristico -> pricing exacto
[CG] r 44    2000s exact RMP      44,705.58  L     -17,156.85  LB      28,584.85  gap  36.06%  +2 cols (+2 comp.)  a=0.00  pricing 301s (max 301s)  UB 1,057,371.81 (gap 97.30%)
[CG] tope de tiempo
[CG]    UB heuristica (r44): 1,057,206.29  *** nueva UB  (1s)
[bloque] {'esquema': 'cg', 'primal': 1057206.2944816558, 'dual': 28584.848000684753, 'rmp': 44705.5771293716, 'rondas': 44, 'columnas': 215, 'status': 'cg', 'tiempo': 2022.182690858841}

esquema         incumbente            cota      gap   tiempo  estado
actual           56,328.30       30,388.31   46.05%     345s  maxTimeLimit
gurobi           56,202.09       30,388.31   45.93%    2089s  maxTimeLimit
cg            1,057,206.29       28,584.85   97.30%    2022s  cg
