[bloque] año 6, herencia de output/Resultados_finales_tesis/Mina_modelo/P_red_gen_bat_swap_libre_v4_estab: {'N_bays': {'station_1': 1}, 'N_chargers': {'station_1': 2}, 'N_batteries': {'station_1': 2}, 'n_ssee_k': {'station_1': 1}, 'G': {'Solar_PV': 1.5626659920149772, 'Wind': 0.03709320245090551}, 'H': 1.1279585912866206, 'D': 458.138274752428}
[GCG] separacion de capacidades: 30 copias (G_g 8, H 4, N_batteries 4, N_bays 4, N_chargers 4, P_pot 2, n_ssee_k 4), 7,252 filas de bloque reescritas, 30 filas copia <= capacidad al maestro
[bloque] cg: 59,520 columnas y 60,786 filas; 4 bloques de 14,874-14,875 variables; maestro 26 variables, 70 filas extendidas (1 variables de enlace con igualdad); capacidades separadas por bloque 7-8 (28 copias con cota finita por propagacion); hermanos por bloque 1-1
[CG] 4 pricing y maestro armados en 0s (4 bloques a la vez x 8 hilos)
[CG] r  1      14s heur  RMP 15,464,004,939.35  L -4,156,942,587.44  LB -4,156,942,587.44  gap 126.88%  +5 cols (+4 comp.)  a=0.50  pricing 13s (max 13s)  art=1.5e+03
[CG] r  2      15s heur  RMP   2,903,774.13  L -2,087,612,064.84  LB -2,087,612,064.84  gap 71993.06%  +6 cols (+4 comp.)  a=0.50  pricing 1s (max 1s)
[CG]    UB heuristica (r3, con enlace): 3,581,312.27  *** nueva UB  (0s)
[CG] r  3      17s heur  RMP   1,805,125.41  L -838,024,574.38  LB -838,024,574.38  gap 46524.73%  +3 cols (+2 comp.)  a=0.40  pricing 1s (max 1s)  UB 3,581,312.27 (gap 23499.93%)
[CG] r  4      19s heur  RMP   1,805,125.41  L -252,106,832.92  LB -252,106,832.92  gap 14066.17%  +2 cols (+2 comp.)  a=0.30  pricing 1s (max 1s)  UB 3,581,312.27 (gap 7139.51%)
[CG] r  5      28s heur  RMP   1,752,323.43  L -50,519,165.82  LB -50,519,165.82  gap 2982.98%  +4 cols (+4 comp.)  a=0.20  pricing 7s (max 7s)  UB 3,581,312.27 (gap 1510.63%)
[CG]    UB heuristica (r6, con enlace): 1,086,511.82  *** nueva UB  (0s)
[CG] r  6      83s heur  RMP   1,256,888.69  L  -3,503,244.07  LB  -3,503,244.07  gap 378.72%  +15 cols (+4 comp.)  a=0.10  pricing 30s (max 30s)  UB 1,086,511.82 (gap 422.43%)
[CG] r  7     143s heur  RMP      75,814.42  L  -3,496,893.40  LB  -3,496,893.40  gap 4712.44%  +16 cols (+2 comp.)  a=0.00  pricing 30s (max 30s)  UB 1,086,511.82 (gap 421.85%)
[CG] r  8     203s heur  RMP      75,814.42  L    -445,993.73  LB    -445,993.73  gap 688.27%  +5 cols (+0 comp.)  a=0.10  pricing 30s (max 30s)  UB 1,086,511.82 (gap 141.05%)
[CG]    UB heuristica (r9, con enlace): 1,086,511.82  (0s)
[CG] r  9     234s heur  RMP      75,814.42  L    -232,585.85  LB    -232,585.85  gap 406.78%  +2 cols (+2 comp.)  a=0.00  pricing 30s (max 30s)  UB 1,086,511.82 (gap 121.41%)
[CG] r 10     262s heur  RMP      74,677.16  L    -154,767.52  LB    -154,767.52  gap 307.25%  +2 cols (+1 comp.)  a=0.00  pricing 28s (max 28s)  UB 1,086,511.82 (gap 114.24%)
[CG] r 11     272s heur  RMP      74,677.16  L    -145,250.06  LB    -145,250.06  gap 294.50%  +0 cols (+0 comp.)  a=0.50  pricing 10s (max 10s)  UB 1,086,511.82 (gap 113.37%)
[CG]    UB heuristica (r12, con enlace): 1,086,511.82  (0s)
[CG] r 12     302s heur  RMP      74,677.16  L    -201,482.25  LB    -145,250.06  gap 294.50%  +0 cols (+0 comp.)  a=0.00  pricing 30s (max 30s)  UB 1,086,511.82 (gap 113.37%)
[CG] sin columnas con el pricing heuristico -> pricing exacto
[CG] r 13     634s exact RMP      74,677.16  L      -6,354.06  LB      -6,354.06  gap 108.51%  +4 cols (+3 comp.)  a=0.00  pricing 301s (max 301s)  UB 1,086,511.82 (gap 100.58%)
[CG] r 14     694s heur  RMP      53,370.61  L    -177,493.65  LB      -6,354.06  gap 111.91%  +3 cols (+2 comp.)  a=0.50  pricing 30s (max 30s)  UB 1,086,511.82 (gap 100.58%)
[CG]    UB heuristica (r15, con enlace): 1,059,487.10  *** nueva UB  (0s)
[CG] r 15     725s heur  RMP      46,974.61  L    -194,208.79  LB      -6,354.06  gap 113.53%  +2 cols (+2 comp.)  a=0.40  pricing 30s (max 30s)  UB 1,059,487.10 (gap 100.60%)
[CG] r 16     785s heur  RMP      46,820.87  L    -152,066.70  LB      -6,354.06  gap 113.57%  +2 cols (+0 comp.)  a=0.30  pricing 30s (max 30s)  UB 1,059,487.10 (gap 100.60%)
[CG] r 17     846s heur  RMP      46,820.87  L    -217,912.10  LB      -6,354.06  gap 113.57%  +5 cols (+2 comp.)  a=0.20  pricing 30s (max 30s)  UB 1,059,487.10 (gap 100.60%)
[CG]    UB heuristica (r18, con enlace): 1,059,487.10  (0s)
[CG] r 18     876s heur  RMP      46,804.38  L    -170,775.12  LB      -6,354.06  gap 113.58%  +3 cols (+1 comp.)  a=0.28  pricing 30s (max 30s)  UB 1,059,487.10 (gap 100.60%)
[CG] r 19     906s heur  RMP      46,610.38  L    -183,949.35  LB      -6,354.06  gap 113.63%  +2 cols (+1 comp.)  a=0.18  pricing 30s (max 30s)  UB 1,059,487.10 (gap 100.60%)
[CG] r 20     915s heur  RMP      44,509.39  L    -133,554.12  LB      -6,354.06  gap 114.28%  +2 cols (+2 comp.)  a=0.08  pricing 8s (max 8s)  UB 1,059,487.10 (gap 100.60%)
[CG]    UB heuristica (r21, con enlace): 1,057,046.87  *** nueva UB  (0s)
[CG] r 21     926s heur  RMP      44,380.64  L    -137,826.03  LB      -6,354.06  gap 114.32%  +0 cols (+0 comp.)  a=0.17  pricing 11s (max 11s)  UB 1,057,046.87 (gap 100.60%)
[CG] r 22     956s heur  RMP      44,380.64  L    -184,209.38  LB      -6,354.06  gap 114.32%  +0 cols (+0 comp.)  a=0.00  pricing 30s (max 30s)  UB 1,057,046.87 (gap 100.60%)
[CG] sin columnas con el pricing heuristico -> pricing exacto
[CG] r 23    1257s exact RMP      44,380.64  L      21,017.81  LB      21,017.81  gap  52.64%  +1 cols (+1 comp.)  a=0.00  pricing 301s (max 301s)  UB 1,057,046.87 (gap 98.01%)
[CG]    UB heuristica (r24, con enlace): 1,056,881.36  *** nueva UB  (1s)
[CG] r 24    1267s heur  RMP      44,220.92  L    -126,143.31  LB      21,017.81  gap  52.47%  +2 cols (+2 comp.)  a=0.50  pricing 10s (max 10s)  UB 1,056,881.36 (gap 98.01%)
[CG] r 25    1275s heur  RMP      44,215.13  L    -137,157.77  LB      21,017.81  gap  52.46%  +0 cols (+0 comp.)  a=0.55  pricing 8s (max 8s)  UB 1,056,881.36 (gap 98.01%)
[CG] r 26    1289s heur  RMP      44,215.13  L    -136,177.37  LB      21,017.81  gap  52.46%  +0 cols (+0 comp.)  a=0.00  pricing 13s (max 13s)  UB 1,056,881.36 (gap 98.01%)
[CG] sin columnas con el pricing heuristico -> pricing exacto
[CG]    UB heuristica (r27, con enlace): 1,055,322.88  *** nueva UB  (1s)
[CG] r 27    1620s exact RMP      44,215.13  L       8,537.65  LB      21,017.81  gap  52.46%  +3 cols (+2 comp.)  a=0.00  pricing 301s (max 301s)  UB 1,055,322.88 (gap 98.01%)
[CG] r 28    1654s heur  RMP      42,791.24  L    -189,351.26  LB      21,017.81  gap  50.88%  +6 cols (+3 comp.)  a=0.50  pricing 30s (max 30s)  UB 1,055,322.88 (gap 98.01%)
[CG] r 29    1684s heur  RMP      42,573.83  L    -201,615.79  LB      21,017.81  gap  50.63%  +2 cols (+1 comp.)  a=0.55  pricing 30s (max 30s)  UB 1,055,322.88 (gap 98.01%)
[CG]    UB heuristica (r30, con enlace): 1,055,240.06  *** nueva UB  (0s)
[CG] r 30    1715s heur  RMP      42,573.83  L    -192,915.74  LB      21,017.81  gap  50.63%  +0 cols (+0 comp.)  a=0.60  pricing 30s (max 30s)  UB 1,055,240.06 (gap 98.01%)
[CG] r 31    1721s heur  RMP      42,573.83  L    -133,021.29  LB      21,017.81  gap  50.63%  +0 cols (+0 comp.)  a=0.00  pricing 7s (max 7s)  UB 1,055,240.06 (gap 98.01%)
[CG] sin columnas con el pricing heuristico -> pricing exacto
[CG] r 32    2022s exact RMP      42,573.83  L      28,328.45  LB      28,328.45  gap  33.46%  +0 cols (+0 comp.)  a=0.00  pricing 301s (max 301s)  UB 1,055,240.06 (gap 97.32%)
[CG] tope de tiempo
[CG]    UB heuristica (r32, con enlace): 1,055,240.06  (1s)
[bloque] maestro LP, dia 105: 2 columnas usadas, lambda max 0.912, enlace {'b_bar(6)': (472.54814577612603, 482.0)}
[bloque] maestro LP, dia 15: 2 columnas usadas, lambda max 0.670, enlace {'b_bar(6)': (479.4901830759952, 482.0)}
[bloque] maestro LP, dia 196: 2 columnas usadas, lambda max 0.912, enlace {'b_bar(6)': (472.54814577612603, 482.0)}
[bloque] maestro LP, dia 288: 1 columnas usadas, lambda max 1.000, enlace {'b_bar(6)': (481.1723048172028, 481.1723048172028)}
[bloque] {'esquema': 'cg', 'primal': 1055240.0563530605, 'dual': 28328.447366078384, 'rmp': 42573.82583682383, 'rondas': 32, 'columnas': 144, 'status': 'cg', 'fraccionalidad': [{'bloque': '105', 'usadas': 2, 'lambda_max': 0.9124303905675765, 'enlace': {'b_bar(6)': (472.54814577612603, 482.0)}}, {'bloque': '15', 'usadas': 2, 'lambda_max': 0.6702169090976919, 'enlace': {'b_bar(6)': (479.4901830759952, 482.0)}}, {'bloque': '196', 'usadas': 2, 'lambda_max': 0.9124303905675389, 'enlace': {'b_bar(6)': (472.54814577612603, 482.0)}}, {'bloque': '288', 'usadas': 1, 'lambda_max': 1.0, 'enlace': {'b_bar(6)': (481.1723048172028, 481.1723048172028)}}], 'ub_con_enlace': True, 'tiempo': 2033.0508008003235}

esquema         incumbente            cota      gap   tiempo  estado
cg            1,055,240.06       28,328.45   97.32%    2033s  cg
