[bloque] año 6, herencia de output/Resultados_finales_tesis/Mina_modelo/P_red_gen_bat_swap_libre_v4_estab: {'N_bays': {'station_1': 1}, 'N_chargers': {'station_1': 2}, 'N_batteries': {'station_1': 2}, 'n_ssee_k': {'station_1': 1}, 'G': {'Solar_PV': 1.5626659920149772, 'Wind': 0.03709320245090551}, 'H': 1.1279585912866206, 'D': 458.138274752428}
[GCG] separacion de capacidades: 30 copias (G_g 8, H 4, N_batteries 4, N_bays 4, N_chargers 4, P_pot 2, n_ssee_k 4), 7,252 filas de bloque reescritas, 30 filas copia <= capacidad al maestro
[bloque] cg: 59,520 columnas y 60,787 filas; 4 bloques de 14,880-14,881 variables; maestro 26 variables, 95 filas extendidas (1 variables de enlace con igualdad, 16 filas del maestro replicadas en bloques); capacidades separadas por bloque 7-8 (28 copias con cota finita por propagacion); hermanos por bloque 1-1
[CG] 4 pricing y maestro armados en 1s (4 bloques a la vez x 8 hilos)
[CG] r  1      23s heur  RMP 49,213,535,929.44  L -685,025,741,677.97  LB -685,025,741,677.97  gap 1491.95%  +4 cols (+4 comp.)  a=0.50  pricing 20s (max 20s)  art=4.9e+03
[CG] r  2      24s heur  RMP 1,912,175,701.09  L -344,557,999,272.21  LB -344,557,999,272.21  gap 18119.16%  +4 cols (+4 comp.)  a=0.50  pricing 0s (max 0s)  art=1.9e+02
[CG] r  3      30s heur  RMP 1,912,175,701.09  L -134,646,892,537.71  LB -134,646,892,537.71  gap 7141.55%  +6 cols (+4 comp.)  a=0.40  pricing 5s (max 5s)  art=1.9e+02
[CG] r  4      34s heur  RMP 1,561,305,439.96  L -37,957,594,095.75  LB -37,957,594,095.75  gap 2531.14%  +3 cols (+3 comp.)  a=0.30  pricing 4s (max 4s)  art=1.6e+02
[CG] r  5      65s heur  RMP 1,561,305,439.96  L -8,481,988,391.01  LB -8,481,988,391.01  gap 643.26%  +10 cols (+4 comp.)  a=0.20  pricing 30s (max 30s)  art=1.6e+02
[CG] r  6     100s heur  RMP 127,013,863.57  L -3,002,644,299.62  LB -3,002,644,299.62  gap 2464.03%  +18 cols (+4 comp.)  a=0.28  pricing 30s (max 30s)  art=12
[CG] r  7     110s heur  RMP   5,334,366.68  L -825,031,634.40  LB -825,031,634.40  gap 15566.35%  +7 cols (+4 comp.)  a=0.18  pricing 5s (max 4s)  art=0.31
[CG] r  8     110s heur  RMP   1,352,898.35  L -151,132,996.25  LB -151,132,996.25  gap 11271.05%  +1 cols (+1 comp.)  a=0.08  pricing 0s (max 0s)
[CG]    UB heuristica (r9, enlace SUELTO): 598,262.23  *** nueva UB  (0s)
[CG] r  9     112s heur  RMP   1,352,892.66  L -33,862,552.90  LB -33,862,552.90  gap 2602.97%  +6 cols (+4 comp.)  a=0.00  pricing 0s (max 0s)  UB 598,262.23 (gap 5760.15%)
[CG] r 10     112s heur  RMP     971,443.64  L -33,058,630.07  LB -33,058,630.07  gap 3503.04%  +4 cols (+2 comp.)  a=0.50  pricing 0s (max 0s)  UB 598,262.23 (gap 5625.78%)
[CG] r 11     112s heur  RMP     749,905.80  L -29,186,566.53  LB -29,186,566.53  gap 3992.03%  +4 cols (+3 comp.)  a=0.40  pricing 0s (max 0s)  UB 598,262.23 (gap 4978.56%)
[CG]    UB heuristica (r12, enlace SUELTO): 598,262.23  (0s)
[CG] r 12     113s heur  RMP     739,356.02  L -26,159,478.29  LB -26,159,478.29  gap 3638.14%  +0 cols (+0 comp.)  a=0.30  pricing 0s (max 0s)  UB 598,262.23 (gap 4472.58%)
[CG] r 13     113s heur  RMP     739,356.02  L -25,069,620.67  LB -25,069,620.67  gap 3490.74%  +5 cols (+3 comp.)  a=0.00  pricing 0s (max 0s)  UB 598,262.23 (gap 4290.41%)
[CG] r 14     113s heur  RMP     738,958.68  L -28,110,271.37  LB -25,069,620.67  gap 3492.56%  +0 cols (+0 comp.)  a=0.50  pricing 0s (max 0s)  UB 598,262.23 (gap 4290.41%)
[CG]    UB heuristica (r15, enlace SUELTO): 598,262.23  (0s)
[CG] r 15     114s heur  RMP     738,958.68  L -31,217,969.60  LB -25,069,620.67  gap 3492.56%  +1 cols (+1 comp.)  a=0.00  pricing 0s (max 0s)  UB 598,262.23 (gap 4290.41%)
[CG] r 16     114s heur  RMP     738,951.76  L -24,169,254.41  LB -24,169,254.41  gap 3370.75%  +0 cols (+0 comp.)  a=0.50  pricing 0s (max 0s)  UB 598,262.23 (gap 4139.91%)
[CG] r 17     114s heur  RMP     738,951.76  L -23,269,895.40  LB -23,269,895.40  gap 3249.04%  +3 cols (+1 comp.)  a=0.00  pricing 0s (max 0s)  UB 598,262.23 (gap 3989.58%)
[CG]    UB heuristica (r18, enlace SUELTO): 598,262.23  (0s)
[CG] r 18     115s heur  RMP     738,948.98  L -25,218,015.15  LB -23,269,895.40  gap 3249.05%  +0 cols (+0 comp.)  a=0.50  pricing 0s (max 0s)  UB 598,262.23 (gap 3989.58%)
[CG] r 19     115s heur  RMP     738,948.98  L -28,168,167.71  LB -23,269,895.40  gap 3249.05%  +0 cols (+0 comp.)  a=0.00  pricing 0s (max 0s)  UB 598,262.23 (gap 3989.58%)
[CG] sin columnas con el pricing heuristico -> pricing exacto
[CG] r 20     255s exact RMP     738,948.98  L    -959,059.84  LB    -959,059.84  gap 229.79%  +3 cols (+2 comp.)  a=0.00  pricing 110s (max 110s)  UB 598,262.23 (gap 260.31%)
[CG]    UB heuristica (r21, enlace SUELTO): 219,963.33  *** nueva UB  (0s)
[CG] r 21     260s heur  RMP     699,630.56  L -25,570,806.00  LB    -959,059.84  gap 237.08%  +4 cols (+3 comp.)  a=0.50  pricing 0s (max 0s)  UB 219,963.33 (gap 536.01%)
[CG] r 22     290s heur  RMP     595,004.95  L -25,522,276.60  LB    -959,059.84  gap 261.19%  +6 cols (+3 comp.)  a=0.40  pricing 0s (max 0s)  UB 219,963.33 (gap 536.01%)
[CG] r 23     320s heur  RMP     491,295.53  L -24,490,845.12  LB    -959,059.84  gap 295.21%  +3 cols (+1 comp.)  a=0.30  pricing 0s (max 0s)  UB 219,963.33 (gap 536.01%)
[CG]    UB heuristica (r24, enlace SUELTO): 219,963.33  (0s)
[CG] r 24     351s heur  RMP     353,487.04  L -40,916,073.26  LB    -959,059.84  gap 371.31%  +2 cols (+0 comp.)  a=0.20  pricing 0s (max 0s)  UB 219,963.33 (gap 536.01%)
[CG] r 25     381s heur  RMP     353,415.94  L -23,853,766.75  LB    -959,059.84  gap 371.37%  +3 cols (+1 comp.)  a=0.10  pricing 0s (max 0s)  UB 219,963.33 (gap 536.01%)
[CG] r 26     412s heur  RMP     348,188.70  L -22,082,849.48  LB    -959,059.84  gap 375.44%  +3 cols (+1 comp.)  a=0.00  pricing 0s (max 0s)  UB 219,963.33 (gap 536.01%)
[CG]    UB heuristica (r27, enlace SUELTO): 219,963.33  (0s)
[CG] r 27     442s heur  RMP     345,927.44  L -22,794,789.09  LB    -959,059.84  gap 377.24%  +3 cols (+1 comp.)  a=0.00  pricing 0s (max 0s)  UB 219,963.33 (gap 536.01%)
[CG] r 28     472s heur  RMP     345,874.20  L -24,766,170.67  LB    -959,059.84  gap 377.29%  +2 cols (+1 comp.)  a=0.50  pricing 0s (max 0s)  UB 219,963.33 (gap 536.01%)
[CG] r 29     473s heur  RMP     345,874.20  L -23,511,491.66  LB    -959,059.84  gap 377.29%  +0 cols (+0 comp.)  a=0.40  pricing 0s (max 0s)  UB 219,963.33 (gap 536.01%)
[CG]    UB heuristica (r30, enlace SUELTO): 219,963.33  (0s)
[CG] r 30     473s heur  RMP     345,874.20  L -22,187,488.03  LB    -959,059.84  gap 377.29%  +0 cols (+0 comp.)  a=0.00  pricing 0s (max 0s)  UB 219,963.33 (gap 536.01%)
[CG] sin columnas con el pricing heuristico -> pricing exacto
[CG] r 31     520s exact RMP     345,874.20  L    -335,284.65  LB    -335,284.65  gap 196.94%  +1 cols (+0 comp.)  a=0.00  pricing 17s (max 17s)  UB 219,963.33 (gap 252.43%)
[CG] r 32     551s heur  RMP     336,621.48  L -23,491,504.72  LB    -335,284.65  gap 199.60%  +4 cols (+1 comp.)  a=0.50  pricing 0s (max 0s)  UB 219,963.33 (gap 252.43%)
[CG]    UB heuristica (r33, enlace SUELTO): 219,963.33  (0s)
[CG] r 33     551s heur  RMP     334,588.33  L -24,386,098.66  LB    -335,284.65  gap 200.21%  +2 cols (+1 comp.)  a=0.40  pricing 0s (max 0s)  UB 219,963.33 (gap 252.43%)
[CG] r 34     551s heur  RMP     334,582.62  L -26,799,931.28  LB    -335,284.65  gap 200.21%  +1 cols (+1 comp.)  a=0.30  pricing 0s (max 0s)  UB 219,963.33 (gap 252.43%)
[CG] r 35     552s heur  RMP     334,582.62  L -26,058,626.35  LB    -335,284.65  gap 200.21%  +1 cols (+1 comp.)  a=0.20  pricing 0s (max 0s)  UB 219,963.33 (gap 252.43%)
[CG]    UB heuristica (r36, enlace SUELTO): 219,963.33  (0s)
[CG] r 36     578s heur  RMP     334,582.62  L -29,287,044.81  LB    -335,284.65  gap 200.21%  +1 cols (+1 comp.)  a=0.10  pricing 0s (max 0s)  UB 219,963.33 (gap 252.43%)
[CG] r 37     578s heur  RMP     334,582.62  L -23,718,372.97  LB    -335,284.65  gap 200.21%  +2 cols (+2 comp.)  a=0.00  pricing 0s (max 0s)  UB 219,963.33 (gap 252.43%)
[CG] r 38     578s heur  RMP     331,380.72  L -24,452,925.50  LB    -335,284.65  gap 201.18%  +2 cols (+2 comp.)  a=0.00  pricing 0s (max 0s)  UB 219,963.33 (gap 252.43%)
[CG]    UB heuristica (r39, enlace SUELTO): 219,963.33  (0s)
[CG] r 39     579s heur  RMP     330,078.20  L -24,271,532.59  LB    -335,284.65  gap 201.58%  +1 cols (+1 comp.)  a=0.50  pricing 0s (max 0s)  UB 219,963.33 (gap 252.43%)
[CG] r 40     579s heur  RMP     328,454.06  L -29,153,296.71  LB    -335,284.65  gap 202.08%  +1 cols (+1 comp.)  a=0.40  pricing 0s (max 0s)  UB 219,963.33 (gap 252.43%)
[CG] r 41     579s heur  RMP     328,432.43  L -28,918,711.24  LB    -335,284.65  gap 202.09%  +1 cols (+1 comp.)  a=0.30  pricing 0s (max 0s)  UB 219,963.33 (gap 252.43%)
[CG]    UB heuristica (r42, enlace SUELTO): 219,963.33  (0s)
[CG] r 42     580s heur  RMP     328,367.87  L -29,214,783.95  LB    -335,284.65  gap 202.11%  +1 cols (+1 comp.)  a=0.20  pricing 0s (max 0s)  UB 219,963.33 (gap 252.43%)
[CG] r 43     580s heur  RMP     328,367.82  L -24,595,596.14  LB    -335,284.65  gap 202.11%  +2 cols (+1 comp.)  a=0.10  pricing 0s (max 0s)  UB 219,963.33 (gap 252.43%)
[CG] r 44     580s heur  RMP     328,367.79  L -33,926,205.68  LB    -335,284.65  gap 202.11%  +1 cols (+1 comp.)  a=0.00  pricing 0s (max 0s)  UB 219,963.33 (gap 252.43%)
[CG]    UB heuristica (r45, enlace SUELTO): 219,963.33  (0s)
[CG] r 45     581s heur  RMP     328,060.82  L -31,732,594.55  LB    -335,284.65  gap 202.20%  +3 cols (+2 comp.)  a=0.00  pricing 0s (max 0s)  UB 219,963.33 (gap 252.43%)
[CG] r 46     581s heur  RMP     327,874.69  L -23,041,701.37  LB    -335,284.65  gap 202.26%  +0 cols (+0 comp.)  a=0.50  pricing 0s (max 0s)  UB 219,963.33 (gap 252.43%)
[CG] r 47     581s heur  RMP     327,874.69  L -23,930,063.51  LB    -335,284.65  gap 202.26%  +1 cols (+1 comp.)  a=0.00  pricing 0s (max 0s)  UB 219,963.33 (gap 252.43%)
[CG]    UB heuristica (r48, enlace SUELTO): 219,963.33  (0s)
[CG] r 48     582s heur  RMP     327,834.97  L -33,405,350.96  LB    -335,284.65  gap 202.27%  +0 cols (+0 comp.)  a=0.50  pricing 0s (max 0s)  UB 219,963.33 (gap 252.43%)
[CG] r 49     582s heur  RMP     327,834.97  L -44,623,213.90  LB    -335,284.65  gap 202.27%  +0 cols (+0 comp.)  a=0.00  pricing 0s (max 0s)  UB 219,963.33 (gap 252.43%)
[CG] sin columnas con el pricing heuristico -> pricing exacto
[CG] r 50     617s exact RMP     327,834.97  L    -319,216.02  LB    -319,216.02  gap 197.37%  +1 cols (+1 comp.)  a=0.00  pricing 35s (max 35s)  UB 219,963.33 (gap 245.12%)
[CG]    UB heuristica (r51, enlace SUELTO): 93,845.12  *** nueva UB  (0s)
[CG] r 51     618s heur  RMP     307,783.79  L -36,517,131.78  LB    -319,216.02  gap 203.71%  +4 cols (+3 comp.)  a=0.50  pricing 0s (max 0s)  UB 93,845.12 (gap 440.15%)
[CG] r 52     620s heur  RMP     256,978.07  L -39,494,452.21  LB    -319,216.02  gap 224.22%  +4 cols (+3 comp.)  a=0.55  pricing 0s (max 0s)  UB 93,845.12 (gap 440.15%)
[CG] r 53     651s heur  RMP     226,617.32  L -37,046,655.10  LB    -319,216.02  gap 240.86%  +3 cols (+1 comp.)  a=0.60  pricing 0s (max 0s)  UB 93,845.12 (gap 440.15%)
[CG]    UB heuristica (r54, enlace SUELTO): 93,845.12  (0s)
[CG] r 54     681s heur  RMP     226,491.97  L -36,127,508.36  LB    -319,216.02  gap 240.94%  +2 cols (+0 comp.)  a=0.50  pricing 0s (max 0s)  UB 93,845.12 (gap 440.15%)
[CG] r 55     681s heur  RMP     226,489.71  L -29,671,469.74  LB    -319,216.02  gap 240.94%  +0 cols (+0 comp.)  a=0.40  pricing 0s (max 0s)  UB 93,845.12 (gap 440.15%)
[CG] r 56     682s heur  RMP     226,489.71  L -25,228,859.58  LB    -319,216.02  gap 240.94%  +1 cols (+1 comp.)  a=0.00  pricing 0s (max 0s)  UB 93,845.12 (gap 440.15%)
[CG]    UB heuristica (r57, enlace SUELTO): 93,845.12  (0s)
[CG] r 57     682s heur  RMP     226,401.07  L -39,186,957.83  LB    -319,216.02  gap 241.00%  +0 cols (+0 comp.)  a=0.50  pricing 0s (max 0s)  UB 93,845.12 (gap 440.15%)
[CG] r 58     682s heur  RMP     226,401.07  L -33,958,293.14  LB    -319,216.02  gap 241.00%  +0 cols (+0 comp.)  a=0.00  pricing 0s (max 0s)  UB 93,845.12 (gap 440.15%)
[CG] sin columnas con el pricing heuristico -> pricing exacto
[CG] r 59     766s exact RMP     226,401.07  L    -160,601.07  LB    -160,601.07  gap 170.94%  +2 cols (+1 comp.)  a=0.00  pricing 54s (max 54s)  UB 93,845.12 (gap 271.13%)
[CG]    UB heuristica (r60, enlace SUELTO): 93,845.12  (0s)
[CG] r 60     797s heur  RMP     226,392.61  L -29,329,278.26  LB    -160,601.07  gap 170.94%  +1 cols (+0 comp.)  a=0.50  pricing 0s (max 0s)  UB 93,845.12 (gap 271.13%)
[CG] r 61     797s heur  RMP     226,386.49  L -29,454,306.75  LB    -160,601.07  gap 170.94%  +0 cols (+0 comp.)  a=0.40  pricing 0s (max 0s)  UB 93,845.12 (gap 271.13%)
[CG] r 62     797s heur  RMP     226,386.49  L -26,451,649.15  LB    -160,601.07  gap 170.94%  +0 cols (+0 comp.)  a=0.00  pricing 0s (max 0s)  UB 93,845.12 (gap 271.13%)
[CG] sin columnas con el pricing heuristico -> pricing exacto
[CG]    UB heuristica (r63, enlace SUELTO): 88,661.02  *** nueva UB  (0s)
[CG] r 63     859s exact RMP     226,386.49  L    -151,950.40  LB    -151,950.40  gap 167.12%  +1 cols (+0 comp.)  a=0.00  pricing 32s (max 32s)  UB 88,661.02 (gap 271.38%)
[CG] r 64     890s heur  RMP     198,056.32  L -25,730,013.21  LB    -151,950.40  gap 176.72%  +2 cols (+1 comp.)  a=0.50  pricing 0s (max 0s)  UB 88,661.02 (gap 271.38%)
[CG] r 65     920s heur  RMP     168,755.21  L -23,599,230.65  LB    -151,950.40  gap 190.04%  +4 cols (+0 comp.)  a=0.40  pricing 0s (max 0s)  UB 88,661.02 (gap 271.38%)
[CG]    UB heuristica (r66, enlace SUELTO): 87,667.94  *** nueva UB  (0s)
[CG] r 66     951s heur  RMP     163,190.58  L -32,120,285.64  LB    -151,950.40  gap 193.11%  +5 cols (+2 comp.)  a=0.30  pricing 0s (max 0s)  UB 87,667.94 (gap 273.32%)
[CG] r 67     951s heur  RMP     162,973.88  L -34,865,599.07  LB    -151,950.40  gap 193.24%  +2 cols (+1 comp.)  a=0.20  pricing 0s (max 0s)  UB 87,667.94 (gap 273.32%)
[CG] r 68     951s heur  RMP     162,902.17  L -25,799,409.13  LB    -151,950.40  gap 193.28%  +1 cols (+1 comp.)  a=0.10  pricing 0s (max 0s)  UB 87,667.94 (gap 273.32%)
[CG]    UB heuristica (r69, enlace SUELTO): 87,667.94  (0s)
[CG] r 69     982s heur  RMP     162,771.46  L -43,391,804.39  LB    -151,950.40  gap 193.35%  +1 cols (+0 comp.)  a=0.00  pricing 0s (max 0s)  UB 87,667.94 (gap 273.32%)
[CG] r 70     982s heur  RMP     162,740.82  L -54,173,425.41  LB    -151,950.40  gap 193.37%  +0 cols (+0 comp.)  a=0.00  pricing 0s (max 0s)  UB 87,667.94 (gap 273.32%)
[CG] sin columnas con el pricing heuristico -> pricing exacto
[CG] r 71    1058s exact RMP     162,740.82  L    -421,442.44  LB    -151,950.40  gap 193.37%  +1 cols (+0 comp.)  a=0.00  pricing 46s (max 46s)  UB 87,667.94 (gap 273.32%)
[CG]    UB heuristica (r72, enlace SUELTO): 87,667.94  (0s)
[CG] r 72    1059s heur  RMP     162,740.82  L -24,891,404.34  LB    -151,950.40  gap 193.37%  +0 cols (+0 comp.)  a=0.50  pricing 0s (max 0s)  UB 87,667.94 (gap 273.32%)
[CG] r 73    1059s heur  RMP     162,740.82  L -23,372,499.40  LB    -151,950.40  gap 193.37%  +0 cols (+0 comp.)  a=0.00  pricing 0s (max 0s)  UB 87,667.94 (gap 273.32%)
[CG] sin columnas con el pricing heuristico -> pricing exacto
[CG] r 74    1094s exact RMP     162,740.82  L    -416,945.58  LB    -151,950.40  gap 193.37%  +1 cols (+0 comp.)  a=0.00  pricing 5s (max 6s)  UB 87,667.94 (gap 273.32%)
[CG]    UB heuristica (r75, enlace SUELTO): 87,667.94  (0s)
[CG] r 75    1125s heur  RMP     137,753.56  L -27,063,797.72  LB    -151,950.40  gap 210.31%  +5 cols (+2 comp.)  a=0.50  pricing 0s (max 0s)  UB 87,667.94 (gap 273.32%)
[CG] r 76    1128s heur  RMP     128,301.64  L -28,446,510.89  LB    -151,950.40  gap 218.43%  +2 cols (+2 comp.)  a=0.40  pricing 0s (max 0s)  UB 87,667.94 (gap 273.32%)
[CG] r 77    1158s heur  RMP     116,565.31  L -22,796,592.28  LB    -151,950.40  gap 230.36%  +1 cols (+0 comp.)  a=0.30  pricing 0s (max 0s)  UB 87,667.94 (gap 273.32%)
[CG]    UB heuristica (r78, enlace SUELTO): 78,709.85  *** nueva UB  (0s)
[CG] r 78    1189s heur  RMP      95,090.46  L -25,026,880.50  LB    -151,950.40  gap 259.80%  +1 cols (+0 comp.)  a=0.37  pricing 0s (max 0s)  UB 78,709.85 (gap 293.05%)
[CG] r 79    1192s heur  RMP      93,106.41  L -25,851,906.06  LB    -151,950.40  gap 263.20%  +2 cols (+1 comp.)  a=0.27  pricing 0s (max 0s)  UB 78,709.85 (gap 293.05%)
[CG] r 80    1222s heur  RMP      86,532.68  L -25,449,637.52  LB    -151,950.40  gap 275.60%  +4 cols (+1 comp.)  a=0.17  pricing 0s (max 0s)  UB 78,709.85 (gap 293.05%)
[CG]    UB heuristica (r81, enlace SUELTO): 78,709.85  (0s)
[CG] r 81    1223s heur  RMP      80,965.70  L -21,174,506.21  LB    -151,950.40  gap 287.67%  +3 cols (+2 comp.)  a=0.07  pricing 0s (max 0s)  UB 78,709.85 (gap 293.05%)
[CG] r 82    1253s heur  RMP      80,361.42  L -22,033,875.47  LB    -151,950.40  gap 289.08%  +3 cols (+2 comp.)  a=0.00  pricing 0s (max 0s)  UB 78,709.85 (gap 293.05%)
[CG] r 83    1283s heur  RMP      79,494.59  L -26,850,927.82  LB    -151,950.40  gap 291.15%  +2 cols (+0 comp.)  a=0.50  pricing 0s (max 0s)  UB 78,709.85 (gap 293.05%)
[CG]    UB heuristica (r84, enlace SUELTO): 78,709.85  (0s)
[CG] r 84    1284s heur  RMP      79,421.91  L -24,784,297.00  LB    -151,950.40  gap 291.32%  +2 cols (+1 comp.)  a=0.40  pricing 0s (max 0s)  UB 78,709.85 (gap 293.05%)
[CG] r 85    1284s heur  RMP      79,419.37  L -33,991,760.23  LB    -151,950.40  gap 291.33%  +2 cols (+1 comp.)  a=0.30  pricing 0s (max 0s)  UB 78,709.85 (gap 293.05%)
[CG] r 86    1285s heur  RMP      79,390.14  L -23,509,526.63  LB    -151,950.40  gap 291.40%  +0 cols (+0 comp.)  a=0.20  pricing 0s (max 0s)  UB 78,709.85 (gap 293.05%)
[CG]    UB heuristica (r87, enlace SUELTO): 78,709.85  (0s)
[CG] r 87    1315s heur  RMP      79,390.14  L -22,975,929.68  LB    -151,950.40  gap 291.40%  +3 cols (+1 comp.)  a=0.00  pricing 0s (max 0s)  UB 78,709.85 (gap 293.05%)
[CG] r 88    1315s heur  RMP      79,374.03  L -25,223,255.36  LB    -151,950.40  gap 291.44%  +1 cols (+1 comp.)  a=0.50  pricing 0s (max 0s)  UB 78,709.85 (gap 293.05%)
[CG] r 89    1316s heur  RMP      79,370.71  L -28,381,080.17  LB    -151,950.40  gap 291.44%  +0 cols (+0 comp.)  a=0.40  pricing 0s (max 0s)  UB 78,709.85 (gap 293.05%)
[CG]    UB heuristica (r90, enlace SUELTO): 64,517.48  *** nueva UB  (0s)
[CG] r 90    1342s heur  RMP      79,370.71  L -29,794,613.84  LB    -151,950.40  gap 291.44%  +2 cols (+1 comp.)  a=0.00  pricing 0s (max 0s)  UB 64,517.48 (gap 335.52%)
[CG] r 91    1342s heur  RMP      77,482.59  L -29,727,506.57  LB    -151,950.40  gap 296.11%  +1 cols (+1 comp.)  a=0.50  pricing 0s (max 0s)  UB 64,517.48 (gap 335.52%)
[CG] r 92    1342s heur  RMP      68,517.31  L -27,209,990.21  LB    -151,950.40  gap 321.77%  +3 cols (+2 comp.)  a=0.40  pricing 0s (max 0s)  UB 64,517.48 (gap 335.52%)
[CG]    UB heuristica (r93, enlace SUELTO): 64,517.48  (0s)
[CG] r 93    1373s heur  RMP      67,807.03  L -23,732,692.89  LB    -151,950.40  gap 324.09%  +4 cols (+1 comp.)  a=0.30  pricing 0s (max 0s)  UB 64,517.48 (gap 335.52%)
[CG] r 94    1403s heur  RMP      66,162.12  L -25,288,496.85  LB    -151,950.40  gap 329.66%  +1 cols (+0 comp.)  a=0.20  pricing 0s (max 0s)  UB 64,517.48 (gap 335.52%)
[CG] r 95    1404s heur  RMP      65,407.42  L -24,926,268.73  LB    -151,950.40  gap 332.31%  +4 cols (+2 comp.)  a=0.10  pricing 0s (max 0s)  UB 64,517.48 (gap 335.52%)
[CG]    UB heuristica (r96, enlace SUELTO): 61,727.39  *** nueva UB  (0s)
[CG] r 96    1407s heur  RMP      65,406.98  L -26,574,999.19  LB    -151,950.40  gap 332.32%  +2 cols (+1 comp.)  a=0.00  pricing 0s (max 0s)  UB 61,727.39 (gap 346.16%)
[CG] r 97    1437s heur  RMP      63,186.49  L -31,700,386.60  LB    -151,950.40  gap 340.48%  +5 cols (+1 comp.)  a=0.10  pricing 0s (max 0s)  UB 61,727.39 (gap 346.16%)
[CG] r 98    1467s heur  RMP      62,945.38  L -29,872,860.97  LB    -151,950.40  gap 341.40%  +1 cols (+0 comp.)  a=0.00  pricing 0s (max 0s)  UB 61,727.39 (gap 346.16%)
[CG]    UB heuristica (r99, enlace SUELTO): 61,727.39  (0s)
[CG] r 99    1468s heur  RMP      62,597.23  L -27,704,332.53  LB    -151,950.40  gap 342.74%  +3 cols (+1 comp.)  a=0.10  pricing 0s (max 0s)  UB 61,727.39 (gap 346.16%)
[CG] r100    1498s heur  RMP      62,593.79  L -23,554,754.19  LB    -151,950.40  gap 342.76%  +1 cols (+0 comp.)  a=0.00  pricing 0s (max 0s)  UB 61,727.39 (gap 346.16%)
[CG] r101    1498s heur  RMP      62,593.79  L -28,757,306.90  LB    -151,950.40  gap 342.76%  +0 cols (+0 comp.)  a=0.10  pricing 0s (max 0s)  UB 61,727.39 (gap 346.16%)
[CG]    UB heuristica (r102, enlace SUELTO): 61,727.39  (0s)
[CG] r102    1499s heur  RMP      62,593.79  L -29,102,491.01  LB    -151,950.40  gap 342.76%  +0 cols (+0 comp.)  a=0.00  pricing 0s (max 0s)  UB 61,727.39 (gap 346.16%)
[CG] sin columnas con el pricing heuristico -> pricing exacto
[CG] r103    1503s exact RMP      62,593.79  L    -298,183.74  LB    -151,950.40  gap 342.76%  +0 cols (+0 comp.)  a=0.00  pricing 4s (max 4s)  UB 61,727.39 (gap 346.16%)
[CG] pricing exacto sin columnas pero gap 342.76%: tope del pricing a 600s
[CG] r104    1507s exact RMP      62,593.79  L    -298,183.74  LB    -151,950.40  gap 342.76%  +0 cols (+0 comp.)  a=0.00  pricing 4s (max 4s)  UB 61,727.39 (gap 346.16%)
[CG] pricing exacto sin columnas pero gap 342.76%: tope del pricing a 1200s
[CG]    UB heuristica (r105, enlace SUELTO): 61,727.39  (0s)
[CG] r105    1511s exact RMP      62,593.79  L    -298,183.74  LB    -151,950.40  gap 342.76%  +0 cols (+0 comp.)  a=0.00  pricing 4s (max 4s)  UB 61,727.39 (gap 346.16%)
[CG] pricing exacto sin columnas pero gap 342.76%: tope del pricing a 2400s
[CG] r106    1515s exact RMP      62,593.79  L    -298,183.74  LB    -151,950.40  gap 342.76%  +0 cols (+0 comp.)  a=0.00  pricing 4s (max 4s)  UB 61,727.39 (gap 346.16%)
[CG] pricing exacto sin columnas pero gap 342.76%: tope del pricing a 4800s
[CG] r107    1519s exact RMP      62,593.79  L    -298,183.74  LB    -151,950.40  gap 342.76%  +0 cols (+0 comp.)  a=0.00  pricing 4s (max 4s)  UB 61,727.39 (gap 346.16%)
[CG] pricing exacto sin columnas pero gap 342.76%: tope del pricing a 9600s
[CG]    UB heuristica (r108, enlace SUELTO): 61,727.39  (0s)
[CG] r108    1523s exact RMP      62,593.79  L    -298,183.74  LB    -151,950.40  gap 342.76%  +0 cols (+0 comp.)  a=0.00  pricing 4s (max 4s)  UB 61,727.39 (gap 346.16%)
[CG] pricing exacto sin columnas pero gap 342.76%: tope del pricing a 19200s
[CG] r109    1527s exact RMP      62,593.79  L    -298,183.74  LB    -151,950.40  gap 342.76%  +0 cols (+0 comp.)  a=0.00  pricing 4s (max 4s)  UB 61,727.39 (gap 346.16%)
[CG] pricing exacto sin columnas pero gap 342.76%: tope del pricing a 38400s
[CG] r110    1531s exact RMP      62,593.79  L    -298,183.74  LB    -151,950.40  gap 342.76%  +0 cols (+0 comp.)  a=0.00  pricing 4s (max 4s)  UB 61,727.39 (gap 346.16%)
[CG] pricing exacto sin columnas pero gap 342.76%: tope del pricing a 76800s
[CG]    UB heuristica (r111, enlace SUELTO): 61,727.39  (0s)
[CG] r111    1536s exact RMP      62,593.79  L    -298,183.74  LB    -151,950.40  gap 342.76%  +0 cols (+0 comp.)  a=0.00  pricing 4s (max 4s)  UB 61,727.39 (gap 346.16%)
[CG] pricing exacto sin columnas pero gap 342.76%: tope del pricing a 153600s
[CG] r112    1540s exact RMP      62,593.79  L    -298,183.74  LB    -151,950.40  gap 342.76%  +0 cols (+0 comp.)  a=0.00  pricing 4s (max 4s)  UB 61,727.39 (gap 346.16%)
[CG] pricing exacto sin columnas pero gap 342.76%: tope del pricing a 307200s
[CG] r113    1543s exact RMP      62,593.79  L    -298,183.74  LB    -151,950.40  gap 342.76%  +0 cols (+0 comp.)  a=0.00  pricing 4s (max 4s)  UB 61,727.39 (gap 346.16%)
[CG] pricing exacto sin columnas pero gap 342.76%: tope del pricing a 614400s
[CG]    UB heuristica (r114, enlace SUELTO): 61,727.39  (0s)
[CG] r114    1548s exact RMP      62,593.79  L    -298,183.74  LB    -151,950.40  gap 342.76%  +0 cols (+0 comp.)  a=0.00  pricing 4s (max 4s)  UB 61,727.39 (gap 346.16%)
[CG] pricing exacto sin columnas pero gap 342.76%: tope del pricing a 1228800s
[CG] r115    1552s exact RMP      62,593.79  L    -298,183.74  LB    -151,950.40  gap 342.76%  +0 cols (+0 comp.)  a=0.00  pricing 4s (max 4s)  UB 61,727.39 (gap 346.16%)
[CG] pricing exacto sin columnas pero gap 342.76%: tope del pricing a 2457600s
[CG] r116    1556s exact RMP      62,593.79  L    -298,183.74  LB    -151,950.40  gap 342.76%  +0 cols (+0 comp.)  a=0.00  pricing 4s (max 4s)  UB 61,727.39 (gap 346.16%)
[CG] pricing exacto sin columnas pero gap 342.76%: tope del pricing a 4915200s
[CG]    UB heuristica (r117, enlace SUELTO): 61,727.39  (0s)
[CG] r117    1560s exact RMP      62,593.79  L    -298,183.74  LB    -151,950.40  gap 342.76%  +0 cols (+0 comp.)  a=0.00  pricing 4s (max 4s)  UB 61,727.39 (gap 346.16%)
[CG] pricing exacto sin columnas pero gap 342.76%: tope del pricing a 9830400s
[CG] r118    1564s exact RMP      62,593.79  L    -298,183.74  LB    -151,950.40  gap 342.76%  +0 cols (+0 comp.)  a=0.00  pricing 4s (max 4s)  UB 61,727.39 (gap 346.16%)
[CG] pricing exacto sin columnas pero gap 342.76%: tope del pricing a 19660800s
[CG] r119    1568s exact RMP      62,593.79  L    -298,183.74  LB    -151,950.40  gap 342.76%  +0 cols (+0 comp.)  a=0.00  pricing 4s (max 4s)  UB 61,727.39 (gap 346.16%)
[CG] pricing exacto sin columnas pero gap 342.76%: tope del pricing a 39321600s
[CG]    UB heuristica (r120, enlace SUELTO): 61,727.39  (0s)
[CG] r120    1572s exact RMP      62,593.79  L    -298,183.74  LB    -151,950.40  gap 342.76%  +0 cols (+0 comp.)  a=0.00  pricing 4s (max 4s)  UB 61,727.39 (gap 346.16%)
[CG] pricing exacto sin columnas pero gap 342.76%: tope del pricing a 78643200s
[CG] r121    1576s exact RMP      62,593.79  L    -298,183.74  LB    -151,950.40  gap 342.76%  +0 cols (+0 comp.)  a=0.00  pricing 4s (max 4s)  UB 61,727.39 (gap 346.16%)
[CG] pricing exacto sin columnas pero gap 342.76%: tope del pricing a 157286400s
[CG] r122    1580s exact RMP      62,593.79  L    -298,183.74  LB    -151,950.40  gap 342.76%  +0 cols (+0 comp.)  a=0.00  pricing 4s (max 4s)  UB 61,727.39 (gap 346.16%)
[CG] pricing exacto sin columnas pero gap 342.76%: tope del pricing a 314572800s
[CG]    UB heuristica (r123, enlace SUELTO): 61,727.39  (0s)
[CG] r123    1585s exact RMP      62,593.79  L    -298,183.74  LB    -151,950.40  gap 342.76%  +0 cols (+0 comp.)  a=0.00  pricing 4s (max 4s)  UB 61,727.39 (gap 346.16%)
[CG] pricing exacto sin columnas pero gap 342.76%: tope del pricing a 629145600s
[CG] r124    1588s exact RMP      62,593.79  L    -298,183.74  LB    -151,950.40  gap 342.76%  +0 cols (+0 comp.)  a=0.00  pricing 4s (max 4s)  UB 61,727.39 (gap 346.16%)
[CG] pricing exacto sin columnas pero gap 342.76%: tope del pricing a 1258291200s
[CG] r125    1592s exact RMP      62,593.79  L    -298,183.74  LB    -151,950.40  gap 342.76%  +0 cols (+0 comp.)  a=0.00  pricing 4s (max 4s)  UB 61,727.39 (gap 346.16%)
[CG] pricing exacto sin columnas pero gap 342.76%: tope del pricing a 2516582400s
[CG]    UB heuristica (r126, enlace SUELTO): 61,727.39  (0s)
[CG] r126    1597s exact RMP      62,593.79  L    -298,183.74  LB    -151,950.40  gap 342.76%  +0 cols (+0 comp.)  a=0.00  pricing 4s (max 4s)  UB 61,727.39 (gap 346.16%)
[CG] pricing exacto sin columnas pero gap 342.76%: tope del pricing a 5033164800s
[CG] r127    1601s exact RMP      62,593.79  L    -298,183.74  LB    -151,950.40  gap 342.76%  +0 cols (+0 comp.)  a=0.00  pricing 4s (max 4s)  UB 61,727.39 (gap 346.16%)
[CG] pricing exacto sin columnas pero gap 342.76%: tope del pricing a 10066329600s
[CG] r128    1605s exact RMP      62,593.79  L    -298,183.74  LB    -151,950.40  gap 342.76%  +0 cols (+0 comp.)  a=0.00  pricing 4s (max 4s)  UB 61,727.39 (gap 346.16%)
[CG] pricing exacto sin columnas pero gap 342.76%: tope del pricing a 20132659200s
[CG]    UB heuristica (r129, enlace SUELTO): 61,727.39  (0s)
[CG] r129    1609s exact RMP      62,593.79  L    -298,183.74  LB    -151,950.40  gap 342.76%  +0 cols (+0 comp.)  a=0.00  pricing 4s (max 4s)  UB 61,727.39 (gap 346.16%)
[CG] pricing exacto sin columnas pero gap 342.76%: tope del pricing a 40265318400s
[CG] r130    1613s exact RMP      62,593.79  L    -298,183.74  LB    -151,950.40  gap 342.76%  +0 cols (+0 comp.)  a=0.00  pricing 4s (max 4s)  UB 61,727.39 (gap 346.16%)
[CG] pricing exacto sin columnas pero gap 342.76%: tope del pricing a 80530636800s
[CG] r131    1617s exact RMP      62,593.79  L    -298,183.74  LB    -151,950.40  gap 342.76%  +0 cols (+0 comp.)  a=0.00  pricing 4s (max 4s)  UB 61,727.39 (gap 346.16%)
[CG] pricing exacto sin columnas pero gap 342.76%: tope del pricing a 161061273600s
[CG]    UB heuristica (r132, enlace SUELTO): 61,727.39  (0s)
[CG] r132    1621s exact RMP      62,593.79  L    -298,183.74  LB    -151,950.40  gap 342.76%  +0 cols (+0 comp.)  a=0.00  pricing 4s (max 4s)  UB 61,727.39 (gap 346.16%)
[CG] pricing exacto sin columnas pero gap 342.76%: tope del pricing a 322122547200s
[CG] r133    1625s exact RMP      62,593.79  L    -298,183.74  LB    -151,950.40  gap 342.76%  +0 cols (+0 comp.)  a=0.00  pricing 4s (max 4s)  UB 61,727.39 (gap 346.16%)
[CG] pricing exacto sin columnas pero gap 342.76%: tope del pricing a 644245094400s
[CG] r134    1629s exact RMP      62,593.79  L    -298,183.74  LB    -151,950.40  gap 342.76%  +0 cols (+0 comp.)  a=0.00  pricing 4s (max 4s)  UB 61,727.39 (gap 346.16%)
[CG] pricing exacto sin columnas pero gap 342.76%: tope del pricing a 1288490188800s
[CG]    UB heuristica (r135, enlace SUELTO): 61,727.39  (0s)
[CG] r135    1634s exact RMP      62,593.79  L    -298,183.74  LB    -151,950.40  gap 342.76%  +0 cols (+0 comp.)  a=0.00  pricing 4s (max 4s)  UB 61,727.39 (gap 346.16%)
[CG] pricing exacto sin columnas pero gap 342.76%: tope del pricing a 2576980377600s
[CG] r136    1638s exact RMP      62,593.79  L    -298,183.74  LB    -151,950.40  gap 342.76%  +0 cols (+0 comp.)  a=0.00  pricing 4s (max 4s)  UB 61,727.39 (gap 346.16%)
[CG] pricing exacto sin columnas pero gap 342.76%: tope del pricing a 5153960755200s
[CG] r137    1642s exact RMP      62,593.79  L    -298,183.74  LB    -151,950.40  gap 342.76%  +0 cols (+0 comp.)  a=0.00  pricing 4s (max 4s)  UB 61,727.39 (gap 346.16%)
[CG] pricing exacto sin columnas pero gap 342.76%: tope del pricing a 10307921510400s
[CG]    UB heuristica (r138, enlace SUELTO): 61,727.39  (0s)
[CG] r138    1646s exact RMP      62,593.79  L    -298,183.74  LB    -151,950.40  gap 342.76%  +0 cols (+0 comp.)  a=0.00  pricing 4s (max 4s)  UB 61,727.39 (gap 346.16%)
[CG] pricing exacto sin columnas pero gap 342.76%: tope del pricing a 20615843020800s
[CG] r139    1650s exact RMP      62,593.79  L    -298,183.74  LB    -151,950.40  gap 342.76%  +0 cols (+0 comp.)  a=0.00  pricing 4s (max 4s)  UB 61,727.39 (gap 346.16%)
[CG] pricing exacto sin columnas pero gap 342.76%: tope del pricing a 41231686041600s
[CG] r140    1654s exact RMP      62,593.79  L    -298,183.74  LB    -151,950.40  gap 342.76%  +0 cols (+0 comp.)  a=0.00  pricing 4s (max 4s)  UB 61,727.39 (gap 346.16%)
[CG] pricing exacto sin columnas pero gap 342.76%: tope del pricing a 82463372083200s
[CG]    UB heuristica (r141, enlace SUELTO): 61,727.39  (0s)
[CG] r141    1659s exact RMP      62,593.79  L    -298,183.74  LB    -151,950.40  gap 342.76%  +0 cols (+0 comp.)  a=0.00  pricing 4s (max 4s)  UB 61,727.39 (gap 346.16%)
[CG] pricing exacto sin columnas pero gap 342.76%: tope del pricing a 164926744166400s
[CG] r142    1663s exact RMP      62,593.79  L    -298,183.74  LB    -151,950.40  gap 342.76%  +0 cols (+0 comp.)  a=0.00  pricing 4s (max 4s)  UB 61,727.39 (gap 346.16%)
[CG] pricing exacto sin columnas pero gap 342.76%: tope del pricing a 329853488332800s
[CG] r143    1667s exact RMP      62,593.79  L    -298,183.74  LB    -151,950.40  gap 342.76%  +0 cols (+0 comp.)  a=0.00  pricing 4s (max 4s)  UB 61,727.39 (gap 346.16%)
[CG] pricing exacto sin columnas pero gap 342.76%: tope del pricing a 659706976665600s
[CG]    UB heuristica (r144, enlace SUELTO): 61,727.39  (0s)
[CG] r144    1671s exact RMP      62,593.79  L    -298,183.74  LB    -151,950.40  gap 342.76%  +0 cols (+0 comp.)  a=0.00  pricing 4s (max 4s)  UB 61,727.39 (gap 346.16%)
[CG] pricing exacto sin columnas pero gap 342.76%: tope del pricing a 1319413953331200s
[CG] r145    1675s exact RMP      62,593.79  L    -298,183.74  LB    -151,950.40  gap 342.76%  +0 cols (+0 comp.)  a=0.00  pricing 4s (max 4s)  UB 61,727.39 (gap 346.16%)
[CG] pricing exacto sin columnas pero gap 342.76%: tope del pricing a 2638827906662400s
[CG] r146    1679s exact RMP      62,593.79  L    -298,183.74  LB    -151,950.40  gap 342.76%  +0 cols (+0 comp.)  a=0.00  pricing 4s (max 4s)  UB 61,727.39 (gap 346.16%)
[CG] pricing exacto sin columnas pero gap 342.76%: tope del pricing a 5277655813324800s
[CG]    UB heuristica (r147, enlace SUELTO): 61,727.39  (0s)
[CG] r147    1684s exact RMP      62,593.79  L    -298,183.74  LB    -151,950.40  gap 342.76%  +0 cols (+0 comp.)  a=0.00  pricing 4s (max 4s)  UB 61,727.39 (gap 346.16%)
[CG] pricing exacto sin columnas pero gap 342.76%: tope del pricing a 10555311626649600s
[CG] r148    1688s exact RMP      62,593.79  L    -298,183.74  LB    -151,950.40  gap 342.76%  +0 cols (+0 comp.)  a=0.00  pricing 4s (max 4s)  UB 61,727.39 (gap 346.16%)
[CG] pricing exacto sin columnas pero gap 342.76%: tope del pricing a 21110623253299200s
[CG] r149    1692s exact RMP      62,593.79  L    -298,183.74  LB    -151,950.40  gap 342.76%  +0 cols (+0 comp.)  a=0.00  pricing 4s (max 4s)  UB 61,727.39 (gap 346.16%)
[CG] pricing exacto sin columnas pero gap 342.76%: tope del pricing a 42221246506598400s
[CG]    UB heuristica (r150, enlace SUELTO): 61,727.39  (0s)
[CG] r150    1696s exact RMP      62,593.79  L    -298,183.74  LB    -151,950.40  gap 342.76%  +0 cols (+0 comp.)  a=0.00  pricing 4s (max 4s)  UB 61,727.39 (gap 346.16%)
[CG] pricing exacto sin columnas pero gap 342.76%: tope del pricing a 84442493013196800s
[CG] r151    1700s exact RMP      62,593.79  L    -298,183.74  LB    -151,950.40  gap 342.76%  +0 cols (+0 comp.)  a=0.00  pricing 4s (max 4s)  UB 61,727.39 (gap 346.16%)
[CG] pricing exacto sin columnas pero gap 342.76%: tope del pricing a 168884986026393600s
[CG] r152    1704s exact RMP      62,593.79  L    -298,183.74  LB    -151,950.40  gap 342.76%  +0 cols (+0 comp.)  a=0.00  pricing 4s (max 4s)  UB 61,727.39 (gap 346.16%)
[CG] pricing exacto sin columnas pero gap 342.76%: tope del pricing a 337769972052787200s
[CG]    UB heuristica (r153, enlace SUELTO): 61,727.39  (0s)
[CG] r153    1708s exact RMP      62,593.79  L    -298,183.74  LB    -151,950.40  gap 342.76%  +0 cols (+0 comp.)  a=0.00  pricing 4s (max 4s)  UB 61,727.39 (gap 346.16%)
[CG] pricing exacto sin columnas pero gap 342.76%: tope del pricing a 675539944105574400s
[CG] r154    1712s exact RMP      62,593.79  L    -298,183.74  LB    -151,950.40  gap 342.76%  +0 cols (+0 comp.)  a=0.00  pricing 4s (max 4s)  UB 61,727.39 (gap 346.16%)
[CG] pricing exacto sin columnas pero gap 342.76%: tope del pricing a 1351079888211148800s
[CG] r155    1716s exact RMP      62,593.79  L    -298,183.74  LB    -151,950.40  gap 342.76%  +0 cols (+0 comp.)  a=0.00  pricing 4s (max 4s)  UB 61,727.39 (gap 346.16%)
[CG] pricing exacto sin columnas pero gap 342.76%: tope del pricing a 2702159776422297600s
[CG]    UB heuristica (r156, enlace SUELTO): 61,727.39  (0s)
[CG] r156    1721s exact RMP      62,593.79  L    -298,183.74  LB    -151,950.40  gap 342.76%  +0 cols (+0 comp.)  a=0.00  pricing 4s (max 4s)  UB 61,727.39 (gap 346.16%)
[CG] pricing exacto sin columnas pero gap 342.76%: tope del pricing a 5404319552844595200s
[CG] r157    1725s exact RMP      62,593.79  L    -298,183.74  LB    -151,950.40  gap 342.76%  +0 cols (+0 comp.)  a=0.00  pricing 4s (max 4s)  UB 61,727.39 (gap 346.16%)
[CG] pricing exacto sin columnas pero gap 342.76%: tope del pricing a 10808639105689190400s
[CG] r158    1729s exact RMP      62,593.79  L    -298,183.74  LB    -151,950.40  gap 342.76%  +0 cols (+0 comp.)  a=0.00  pricing 4s (max 4s)  UB 61,727.39 (gap 346.16%)
[CG] pricing exacto sin columnas pero gap 342.76%: tope del pricing a 21617278211378380800s
[CG]    UB heuristica (r159, enlace SUELTO): 61,727.39  (0s)
[CG] r159    1733s exact RMP      62,593.79  L    -298,183.74  LB    -151,950.40  gap 342.76%  +0 cols (+0 comp.)  a=0.00  pricing 4s (max 4s)  UB 61,727.39 (gap 346.16%)
[CG] pricing exacto sin columnas pero gap 342.76%: tope del pricing a 43234556422756761600s
[CG] r160    1737s exact RMP      62,593.79  L    -298,183.74  LB    -151,950.40  gap 342.76%  +0 cols (+0 comp.)  a=0.00  pricing 4s (max 4s)  UB 61,727.39 (gap 346.16%)
[CG] pricing exacto sin columnas pero gap 342.76%: tope del pricing a 86469112845513523200s
[CG] r161    1741s exact RMP      62,593.79  L    -298,183.74  LB    -151,950.40  gap 342.76%  +0 cols (+0 comp.)  a=0.00  pricing 4s (max 4s)  UB 61,727.39 (gap 346.16%)
[CG] pricing exacto sin columnas pero gap 342.76%: tope del pricing a 172938225691027046400s
[CG]    UB heuristica (r162, enlace SUELTO): 61,727.39  (0s)
[CG] r162    1745s exact RMP      62,593.79  L    -298,183.74  LB    -151,950.40  gap 342.76%  +0 cols (+0 comp.)  a=0.00  pricing 4s (max 4s)  UB 61,727.39 (gap 346.16%)
[CG] pricing exacto sin columnas pero gap 342.76%: tope del pricing a 345876451382054092800s
[CG] r163    1749s exact RMP      62,593.79  L    -298,183.74  LB    -151,950.40  gap 342.76%  +0 cols (+0 comp.)  a=0.00  pricing 4s (max 4s)  UB 61,727.39 (gap 346.16%)
[CG] pricing exacto sin columnas pero gap 342.76%: tope del pricing a 691752902764108185600s
[CG] r164    1753s exact RMP      62,593.79  L    -298,183.74  LB    -151,950.40  gap 342.76%  +0 cols (+0 comp.)  a=0.00  pricing 4s (max 4s)  UB 61,727.39 (gap 346.16%)
[CG] pricing exacto sin columnas pero gap 342.76%: tope del pricing a 1383505805528216371200s
[CG]    UB heuristica (r165, enlace SUELTO): 61,727.39  (0s)
[CG] r165    1757s exact RMP      62,593.79  L    -298,183.74  LB    -151,950.40  gap 342.76%  +0 cols (+0 comp.)  a=0.00  pricing 4s (max 4s)  UB 61,727.39 (gap 346.16%)
[CG] pricing exacto sin columnas pero gap 342.76%: tope del pricing a 2767011611056432742400s
[CG] r166    1761s exact RMP      62,593.79  L    -298,183.74  LB    -151,950.40  gap 342.76%  +0 cols (+0 comp.)  a=0.00  pricing 4s (max 4s)  UB 61,727.39 (gap 346.16%)
[CG] pricing exacto sin columnas pero gap 342.76%: tope del pricing a 5534023222112865484800s
[CG] r167    1765s exact RMP      62,593.79  L    -298,183.74  LB    -151,950.40  gap 342.76%  +0 cols (+0 comp.)  a=0.00  pricing 4s (max 4s)  UB 61,727.39 (gap 346.16%)
[CG] pricing exacto sin columnas pero gap 342.76%: tope del pricing a 11068046444225730969600s
[CG]    UB heuristica (r168, enlace SUELTO): 61,727.39  (0s)
[CG] r168    1770s exact RMP      62,593.79  L    -298,183.74  LB    -151,950.40  gap 342.76%  +0 cols (+0 comp.)  a=0.00  pricing 4s (max 4s)  UB 61,727.39 (gap 346.16%)
[CG] pricing exacto sin columnas pero gap 342.76%: tope del pricing a 22136092888451461939200s
[CG] r169    1773s exact RMP      62,593.79  L    -298,183.74  LB    -151,950.40  gap 342.76%  +0 cols (+0 comp.)  a=0.00  pricing 4s (max 4s)  UB 61,727.39 (gap 346.16%)
[CG] pricing exacto sin columnas pero gap 342.76%: tope del pricing a 44272185776902923878400s
[CG] r170    1777s exact RMP      62,593.79  L    -298,183.74  LB    -151,950.40  gap 342.76%  +0 cols (+0 comp.)  a=0.00  pricing 4s (max 4s)  UB 61,727.39 (gap 346.16%)
[CG] pricing exacto sin columnas pero gap 342.76%: tope del pricing a 88544371553805847756800s
[CG]    UB heuristica (r171, enlace SUELTO): 61,727.39  (0s)
[CG] r171    1782s exact RMP      62,593.79  L    -298,183.74  LB    -151,950.40  gap 342.76%  +0 cols (+0 comp.)  a=0.00  pricing 4s (max 4s)  UB 61,727.39 (gap 346.16%)
[CG] pricing exacto sin columnas pero gap 342.76%: tope del pricing a 177088743107611695513600s
[CG] r172    1786s exact RMP      62,593.79  L    -298,183.74  LB    -151,950.40  gap 342.76%  +0 cols (+0 comp.)  a=0.00  pricing 4s (max 4s)  UB 61,727.39 (gap 346.16%)
[CG] pricing exacto sin columnas pero gap 342.76%: tope del pricing a 354177486215223391027200s
[CG] r173    1790s exact RMP      62,593.79  L    -298,183.74  LB    -151,950.40  gap 342.76%  +0 cols (+0 comp.)  a=0.00  pricing 4s (max 4s)  UB 61,727.39 (gap 346.16%)
[CG] pricing exacto sin columnas pero gap 342.76%: tope del pricing a 708354972430446782054400s
[CG]    UB heuristica (r174, enlace SUELTO): 61,727.39  (0s)
[CG] r174    1794s exact RMP      62,593.79  L    -298,183.74  LB    -151,950.40  gap 342.76%  +0 cols (+0 comp.)  a=0.00  pricing 4s (max 4s)  UB 61,727.39 (gap 346.16%)
[CG] pricing exacto sin columnas pero gap 342.76%: tope del pricing a 1416709944860893564108800s
[CG] r175    1798s exact RMP      62,593.79  L    -298,183.74  LB    -151,950.40  gap 342.76%  +0 cols (+0 comp.)  a=0.00  pricing 4s (max 4s)  UB 61,727.39 (gap 346.16%)
[CG] pricing exacto sin columnas pero gap 342.76%: tope del pricing a 2833419889721787128217600s
[CG] r176    1802s exact RMP      62,593.79  L    -298,183.74  LB    -151,950.40  gap 342.76%  +0 cols (+0 comp.)  a=0.00  pricing 4s (max 4s)  UB 61,727.39 (gap 346.16%)
[CG] tope de tiempo
[CG]    UB heuristica (r176, enlace SUELTO): 61,727.39  (0s)
[bloque] maestro LP, dia 105: 4 columnas usadas, lambda max 0.813, enlace {'R(6)': (0.0, 0.0), 'b_bar(6)': (457.00570387908056, 458.138274752428), 'D(6)': (385.6, 457.12341395259597), 'N_ciclos(6)': (0.0, 3.858418869809999), 'N_total(6)': (0.0, 41.85379773918842), 'w_deg(6)': (0.0, 16889.28), 'D_prev': (458.138274752428, 458.138274752428)}
[bloque] maestro LP, dia 15: 5 columnas usadas, lambda max 0.523, enlace {'R(6)': (0.0, 0.0), 'b_bar(6)': (442.4624933116169, 458.138274752428), 'D(6)': (385.6, 458.138274752428), 'N_ciclos(6)': (0.0, 3.858418869809999), 'N_total(6)': (0.0, 6.505042940935598), 'w_deg(6)': (0.0, 9531.52930246904), 'D_prev': (458.138274752428, 458.138274752428)}
[bloque] maestro LP, dia 196: 4 columnas usadas, lambda max 0.755, enlace {'R(6)': (0.0, 0.0), 'b_bar(6)': (457.12341395259597, 457.123413952596), 'D(6)': (385.6, 457.123413952596), 'N_ciclos(6)': (0.0, 3.804436912372129), 'N_total(6)': (0.0, 41.821708312508036), 'w_deg(6)': (0.0, 16889.28), 'D_prev': (458.138274752428, 458.138274752428)}
[bloque] maestro LP, dia 288: 5 columnas usadas, lambda max 0.577, enlace {'R(6)': (0.0, 0.0), 'b_bar(6)': (401.8676785869011, 458.138274752428), 'D(6)': (385.6, 458.138274752428), 'N_ciclos(6)': (0.0, 3.858418869810002), 'N_total(6)': (0.0, 41.545042940935595), 'w_deg(6)': (0.0, 16889.28), 'D_prev': (458.138274752428, 458.138274752428)}
[bloque] {'esquema': 'cg', 'primal': 61727.38728262674, 'dual': -151950.40460634232, 'rmp': 62593.79247818903, 'rondas': 176, 'columnas': 336, 'status': 'cg', 'fraccionalidad': [{'bloque': '105', 'usadas': 4, 'lambda_max': 0.812758704630811, 'enlace': {'R(6)': (0.0, 0.0), 'b_bar(6)': (457.00570387908056, 458.138274752428), 'D(6)': (385.6, 457.12341395259597), 'N_ciclos(6)': (0.0, 3.858418869809999), 'N_total(6)': (0.0, 41.85379773918842), 'w_deg(6)': (0.0, 16889.28), 'D_prev': (458.138274752428, 458.138274752428)}}, {'bloque': '15', 'usadas': 5, 'lambda_max': 0.522950250189033, 'enlace': {'R(6)': (0.0, 0.0), 'b_bar(6)': (442.4624933116169, 458.138274752428), 'D(6)': (385.6, 458.138274752428), 'N_ciclos(6)': (0.0, 3.858418869809999), 'N_total(6)': (0.0, 6.505042940935598), 'w_deg(6)': (0.0, 9531.52930246904), 'D_prev': (458.138274752428, 458.138274752428)}}, {'bloque': '196', 'usadas': 4, 'lambda_max': 0.7554556061943245, 'enlace': {'R(6)': (0.0, 0.0), 'b_bar(6)': (457.12341395259597, 457.123413952596), 'D(6)': (385.6, 457.123413952596), 'N_ciclos(6)': (0.0, 3.804436912372129), 'N_total(6)': (0.0, 41.821708312508036), 'w_deg(6)': (0.0, 16889.28), 'D_prev': (458.138274752428, 458.138274752428)}}, {'bloque': '288', 'usadas': 5, 'lambda_max': 0.5770810220208111, 'enlace': {'R(6)': (0.0, 0.0), 'b_bar(6)': (401.8676785869011, 458.138274752428), 'D(6)': (385.6, 458.138274752428), 'N_ciclos(6)': (0.0, 3.858418869810002), 'N_total(6)': (0.0, 41.545042940935595), 'w_deg(6)': (0.0, 16889.28), 'D_prev': (458.138274752428, 458.138274752428)}}], 'ub_con_enlace': False, 'tiempo': 1821.2345995903015}

esquema         incumbente            cota      gap   tiempo  estado
cg               61,727.39     -151,950.40  346.16%    1821s  cg
