[CG] monolitico de 4 años armado en 12s; arranque en FRIO (sin solucion inicial)
[GCG] separacion de capacidades: 120 copias (G_g 32, H 16, N_batteries 16, N_bays 16, N_chargers 16, P_pot 8, n_ssee_k 16), 29,008 filas de bloque reescritas, 120 filas copia <= capacidad al maestro
[CG] estructura en 8s: 238,054 columnas y 243,113 filas; 16 bloques de 14,878-14,887 variables; maestro 78 variables, 401 filas extendidas (7 variables de enlace con igualdad, 92 filas del maestro replicadas en bloques); capacidades separadas por bloque 7-8 (96 copias con cota finita por propagacion); hermanos por bloque 1-1
[CG] 16 pricing y maestro armados en 3s (4 bloques a la vez x 8 hilos)
[CG] r  1       6s heur  RMP 139,181,106,382.98  L -2,067,429,671,415.60  LB -2,067,429,671,415.60  gap 1585.42%  +17 cols (+16 comp.)  a=0.50  pricing 4s (max 2s)  art=1.4e+04
[CG] r  2      17s heur  RMP 5,194,307,219.37  L -1,045,231,472,450.09  LB -1,045,231,472,450.09  gap 20222.63%  +29 cols (+13 comp.)  a=0.50  pricing 10s (max 10s)  art=5.2e+02
[CG] r  3      30s heur  RMP 5,164,569,136.95  L -409,681,072,749.29  LB -409,681,072,749.29  gap 8032.53%  +19 cols (+12 comp.)  a=0.40  pricing 11s (max 9s)  art=5.2e+02
[CG] r  4      63s heur  RMP 4,945,105,186.39  L -121,429,057,507.49  LB -121,429,057,507.49  gap 2555.54%  +30 cols (+16 comp.)  a=0.30  pricing 30s (max 30s)  art=4.9e+02
[CG] r  5      73s heur  RMP 4,797,735,425.04  L -21,220,440,463.02  LB -21,220,440,463.02  gap 542.30%  +19 cols (+12 comp.)  a=0.20  pricing 8s (max 3s)  art=4.8e+02
[CG] r  6      89s heur  RMP 4,597,387,005.86  L -7,810,665,224.79  LB -7,810,665,224.79  gap 269.89%  +22 cols (+12 comp.)  a=0.10  pricing 13s (max 6s)  art=4.6e+02
[CG] r  7     119s heur  RMP 2,920,957,796.49  L -16,548,359,216.81  LB -7,810,665,224.79  gap 367.40%  +51 cols (+12 comp.)  a=0.00  pricing 25s (max 14s)  art=2.9e+02
[CG] r  8     175s heur  RMP 1,224,058,147.86  L -4,528,490,544.69  LB -4,528,490,544.69  gap 469.96%  +42 cols (+12 comp.)  a=0.00  pricing 48s (max 30s)  art=1.2e+02
[CG] r  9     194s heur  RMP 131,474,782.15  L -2,176,178,582.92  LB -2,176,178,582.92  gap 1755.21%  +13 cols (+12 comp.)  a=0.50  pricing 15s (max 7s)  art=12
[CG] r 10     246s heur  RMP  62,061,963.20  L -950,046,032.49  LB -950,046,032.49  gap 1630.80%  +23 cols (+9 comp.)  a=0.40  pricing 41s (max 30s)  art=5.4
[CG] r 11     308s heur  RMP  30,992,361.12  L -402,747,516.12  LB -402,747,516.12  gap 1399.51%  +29 cols (+11 comp.)  a=0.30  pricing 51s (max 30s)  art=2.3
[CG] r 12     406s heur  RMP   7,825,671.55  L -103,186,650.07  LB -103,186,650.07  gap 1418.57%  +33 cols (+11 comp.)  a=0.20  pricing 64s (max 30s)  art=0.059
[CG] r 13     516s heur  RMP   6,564,021.14  L -16,521,142.95  LB -16,521,142.95  gap 351.69%  +48 cols (+14 comp.)  a=0.10  pricing 74s (max 30s)
[CG] r 14     595s heur  RMP   4,853,237.32  L  -3,176,407.71  LB  -3,176,407.71  gap 165.45%  +53 cols (+15 comp.)  a=0.00  pricing 46s (max 30s)
[CG]    UB heuristica (r15, enlace SUELTO): 5,497,774.27  *** nueva UB  (2s)
[CG] r 15     687s heur  RMP   4,259,871.07  L    -873,437.70  LB    -873,437.70  gap 120.50%  +47 cols (+12 comp.)  a=0.10  pricing 56s (max 30s)  UB 5,497,774.27 (gap 115.89%)
[CG] r 16     764s heur  RMP   3,989,336.42  L  -1,484,406.59  LB    -873,437.70  gap 121.89%  +33 cols (+11 comp.)  a=0.19  pricing 46s (max 30s)  UB 5,497,774.27 (gap 115.89%)
[CG] r 17     837s heur  RMP   3,671,064.91  L      55,372.17  LB      55,372.17  gap  98.49%  +27 cols (+10 comp.)  a=0.27  pricing 49s (max 30s)  UB 5,497,774.27 (gap 98.99%)
[CG] r 18     925s heur  RMP   3,262,885.58  L  -2,641,111.76  LB      55,372.17  gap  98.30%  +40 cols (+11 comp.)  a=0.17  pricing 55s (max 30s)  UB 5,497,774.27 (gap 98.99%)
[CG] r 19    1005s heur  RMP   3,040,342.24  L    -814,807.05  LB      55,372.17  gap  98.18%  +41 cols (+13 comp.)  a=0.25  pricing 45s (max 30s)  UB 5,497,774.27 (gap 98.99%)
[CG]    UB heuristica (r20, enlace SUELTO): 5,488,490.53  *** nueva UB  (2s)
[CG] r 20    1087s heur  RMP   2,825,611.54  L         977.32  LB      55,372.17  gap  98.04%  +25 cols (+9 comp.)  a=0.33  pricing 47s (max 30s)  UB 5,488,490.53 (gap 98.99%)
[CG] r 21    1170s heur  RMP   2,746,459.67  L     114,088.91  LB     114,088.91  gap  95.85%  +31 cols (+8 comp.)  a=0.23  pricing 49s (max 30s)  UB 5,488,490.53 (gap 97.92%)
[CG] r 22    1276s heur  RMP   2,711,849.35  L     595,173.20  LB     595,173.20  gap  78.05%  +38 cols (+12 comp.)  a=0.13  pricing 71s (max 30s)  UB 5,488,490.53 (gap 89.16%)
[CG] r 23    1349s heur  RMP   2,417,525.34  L    -383,764.61  LB     595,173.20  gap  75.38%  +31 cols (+11 comp.)  a=0.03  pricing 46s (max 30s)  UB 5,488,490.53 (gap 89.16%)
[CG] r 24    1435s heur  RMP   2,313,328.21  L     426,848.00  LB     595,173.20  gap  74.27%  +46 cols (+15 comp.)  a=0.13  pricing 53s (max 30s)  UB 5,488,490.53 (gap 89.16%)
[CG]    UB heuristica (r25, enlace SUELTO): 5,457,003.97  *** nueva UB  (3s)
[CG] r 25    1513s heur  RMP   2,280,528.80  L     590,167.81  LB     595,173.20  gap  73.90%  +31 cols (+12 comp.)  a=0.21  pricing 43s (max 30s)  UB 5,457,003.97 (gap 89.09%)
[CG] r 26    1589s heur  RMP   2,209,727.34  L     291,365.85  LB     595,173.20  gap  73.07%  +31 cols (+14 comp.)  a=0.11  pricing 45s (max 30s)  UB 5,457,003.97 (gap 89.09%)
[CG] r 27    1666s heur  RMP   2,163,267.62  L     654,420.04  LB     654,420.04  gap  69.75%  +30 cols (+7 comp.)  a=0.20  pricing 43s (max 30s)  UB 5,457,003.97 (gap 88.01%)
[CG] r 28    1757s heur  RMP   2,134,326.32  L     743,835.58  LB     743,835.58  gap  65.15%  +28 cols (+10 comp.)  a=0.28  pricing 60s (max 30s)  UB 5,457,003.97 (gap 86.37%)
[CG] r 29    1833s heur  RMP   2,103,780.96  L     625,675.70  LB     743,835.58  gap  64.64%  +13 cols (+7 comp.)  a=0.35  pricing 46s (max 30s)  UB 5,457,003.97 (gap 86.37%)
[CG]    UB heuristica (r30, enlace SUELTO): 5,221,977.80  *** nueva UB  (2s)
[CG] r 30    1914s heur  RMP   2,098,687.92  L     654,283.67  LB     743,835.58  gap  64.56%  +23 cols (+4 comp.)  a=0.25  pricing 46s (max 30s)  UB 5,221,977.80 (gap 85.76%)
[CG] r 31    1995s heur  RMP   2,091,670.39  L   1,032,068.33  LB   1,032,068.33  gap  50.66%  +23 cols (+9 comp.)  a=0.33  pricing 49s (max 30s)  UB 5,221,977.80 (gap 80.24%)
[CG] r 32    2071s heur  RMP   2,067,142.19  L     818,575.83  LB   1,032,068.33  gap  50.07%  +29 cols (+12 comp.)  a=0.23  pricing 46s (max 30s)  UB 5,221,977.80 (gap 80.24%)
[CG] r 33    2151s heur  RMP   2,019,087.53  L     804,583.40  LB   1,032,068.33  gap  48.88%  +27 cols (+10 comp.)  a=0.31  pricing 48s (max 30s)  UB 5,221,977.80 (gap 80.24%)
[CG] r 34    2232s heur  RMP   2,008,360.16  L   1,140,925.19  LB   1,140,925.19  gap  43.19%  +26 cols (+13 comp.)  a=0.37  pricing 49s (max 30s)  UB 5,221,977.80 (gap 78.15%)
[CG]    UB heuristica (r35, enlace SUELTO): 5,126,329.62  *** nueva UB  (3s)
[CG] r 35    2313s heur  RMP   1,996,921.50  L   1,155,697.79  LB   1,155,697.79  gap  42.13%  +27 cols (+10 comp.)  a=0.27  pricing 46s (max 30s)  UB 5,126,329.62 (gap 77.46%)
[CG] r 36    2392s heur  RMP   1,991,985.43  L   1,289,957.24  LB   1,289,957.24  gap  35.24%  +27 cols (+12 comp.)  a=0.35  pricing 48s (max 30s)  UB 5,126,329.62 (gap 74.84%)
[CG] r 37    2457s heur  RMP   1,985,135.76  L   1,201,378.63  LB   1,289,957.24  gap  35.02%  +27 cols (+12 comp.)  a=0.41  pricing 48s (max 30s)  UB 5,126,329.62 (gap 74.84%)
[CG] r 38    2536s heur  RMP   1,976,155.92  L   1,344,847.49  LB   1,344,847.49  gap  31.95%  +24 cols (+13 comp.)  a=0.47  pricing 47s (max 30s)  UB 5,126,329.62 (gap 73.77%)
[CG] r 39    2628s heur  RMP   1,944,886.79  L   1,263,998.04  LB   1,344,847.49  gap  30.85%  +30 cols (+14 comp.)  a=0.37  pricing 66s (max 30s)  UB 5,126,329.62 (gap 73.77%)
[CG]    UB heuristica (r40, enlace SUELTO): 5,383,420.95  (2s)
[CG] r 40    2714s heur  RMP   1,939,779.94  L   1,249,055.23  LB   1,344,847.49  gap  30.67%  +25 cols (+9 comp.)  a=0.43  pricing 52s (max 30s)  UB 5,126,329.62 (gap 73.77%)
[CG] r 41    2815s heur  RMP   1,930,998.00  L   1,326,276.38  LB   1,344,847.49  gap  30.35%  +22 cols (+10 comp.)  a=0.49  pricing 53s (max 30s)  UB 5,126,329.62 (gap 73.77%)
[CG] r 42    2901s heur  RMP   1,927,258.30  L   1,376,060.14  LB   1,376,060.14  gap  28.60%  +26 cols (+10 comp.)  a=0.39  pricing 55s (max 30s)  UB 5,126,329.62 (gap 73.16%)
[CG] r 43    2987s heur  RMP   1,921,010.38  L   1,279,071.95  LB   1,376,060.14  gap  28.37%  +21 cols (+11 comp.)  a=0.29  pricing 56s (max 30s)  UB 5,126,329.62 (gap 73.16%)
[CG] r 44    3090s heur  RMP   1,917,114.84  L   1,259,922.79  LB   1,376,060.14  gap  28.22%  +30 cols (+12 comp.)  a=0.19  pricing 71s (max 30s)  UB 5,126,329.62 (gap 73.16%)
[CG]    UB heuristica (r45, enlace SUELTO): 5,373,766.60  (3s)
[CG] r 45    3187s heur  RMP   1,911,932.66  L   1,285,326.09  LB   1,376,060.14  gap  28.03%  +29 cols (+11 comp.)  a=0.09  pricing 62s (max 30s)  UB 5,126,329.62 (gap 73.16%)
[CG] r 46    3309s heur  RMP   1,907,552.94  L   1,272,589.12  LB   1,376,060.14  gap  27.86%  +25 cols (+9 comp.)  a=0.18  pricing 68s (max 30s)  UB 5,126,329.62 (gap 73.16%)
[CG] r 47    3414s heur  RMP   1,904,979.29  L   1,278,189.26  LB   1,376,060.14  gap  27.77%  +24 cols (+7 comp.)  a=0.26  pricing 73s (max 30s)  UB 5,126,329.62 (gap 73.16%)
[CG] r 48    3513s heur  RMP   1,903,600.63  L   1,178,322.00  LB   1,376,060.14  gap  27.71%  +16 cols (+6 comp.)  a=0.34  pricing 68s (max 30s)  UB 5,126,329.62 (gap 73.16%)
[CG] r 49    3612s heur  RMP   1,899,527.48  L   1,312,684.83  LB   1,376,060.14  gap  27.56%  +12 cols (+6 comp.)  a=0.40  pricing 68s (max 30s)  UB 5,126,329.62 (gap 73.16%)
[CG]    UB heuristica (r50, enlace SUELTO): 5,426,074.73  (3s)
[CG] r 50    3695s heur  RMP   1,897,735.34  L   1,245,528.32  LB   1,376,060.14  gap  27.49%  +13 cols (+6 comp.)  a=0.30  pricing 50s (max 30s)  UB 5,126,329.62 (gap 73.16%)
[CG] r 51    3799s heur  RMP   1,897,015.77  L   1,247,472.89  LB   1,376,060.14  gap  27.46%  +13 cols (+5 comp.)  a=0.37  pricing 72s (max 30s)  UB 5,126,329.62 (gap 73.16%)
[CG] r 52    3887s heur  RMP   1,895,201.68  L   1,284,135.26  LB   1,376,060.14  gap  27.39%  +16 cols (+6 comp.)  a=0.27  pricing 58s (max 30s)  UB 5,126,329.62 (gap 73.16%)
[CG] r 53    3993s heur  RMP   1,893,605.55  L   1,334,394.95  LB   1,376,060.14  gap  27.33%  +21 cols (+10 comp.)  a=0.17  pricing 75s (max 30s)  UB 5,126,329.62 (gap 73.16%)
[CG] r 54    4086s heur  RMP   1,892,139.28  L   1,280,988.28  LB   1,376,060.14  gap  27.27%  +12 cols (+6 comp.)  a=0.26  pricing 62s (max 30s)  UB 5,126,329.62 (gap 73.16%)
[CG]    UB heuristica (r55, enlace SUELTO): 5,417,583.49  (3s)
[CG] r 55    4172s heur  RMP   1,891,982.59  L   1,377,315.29  LB   1,377,315.29  gap  27.20%  +16 cols (+4 comp.)  a=0.16  pricing 52s (max 30s)  UB 5,126,329.62 (gap 73.13%)
[CG] r 56    4256s heur  RMP   1,891,601.41  L   1,310,979.27  LB   1,377,315.29  gap  27.19%  +16 cols (+6 comp.)  a=0.06  pricing 53s (max 30s)  UB 5,126,329.62 (gap 73.13%)
[CG] r 57    4338s heur  RMP   1,891,394.88  L   1,322,982.68  LB   1,377,315.29  gap  27.18%  +11 cols (+8 comp.)  a=0.15  pricing 51s (max 30s)  UB 5,126,329.62 (gap 73.13%)
[CG] r 58    4420s heur  RMP   1,890,963.96  L   1,247,949.59  LB   1,377,315.29  gap  27.16%  +19 cols (+8 comp.)  a=0.05  pricing 51s (max 30s)  UB 5,126,329.62 (gap 73.13%)
[CG] r 59    4505s heur  RMP   1,890,683.98  L   1,306,205.56  LB   1,377,315.29  gap  27.15%  +13 cols (+4 comp.)  a=0.15  pricing 54s (max 30s)  UB 5,126,329.62 (gap 73.13%)
[CG]    UB heuristica (r60, enlace SUELTO): 5,417,583.49  (3s)
[CG] r 60    4594s heur  RMP   1,890,053.27  L   1,251,978.75  LB   1,377,315.29  gap  27.13%  +11 cols (+5 comp.)  a=0.23  pricing 55s (max 30s)  UB 5,126,329.62 (gap 73.13%)
[CG] r 61    4675s heur  RMP   1,889,938.80  L   1,275,001.87  LB   1,377,315.29  gap  27.12%  +7 cols (+4 comp.)  a=0.31  pricing 51s (max 30s)  UB 5,126,329.62 (gap 73.13%)
[CG] r 62    4758s heur  RMP   1,889,536.17  L   1,295,461.60  LB   1,377,315.29  gap  27.11%  +6 cols (+2 comp.)  a=0.38  pricing 52s (max 30s)  UB 5,126,329.62 (gap 73.13%)
[CG] r 63    4839s heur  RMP   1,889,527.65  L   1,290,195.88  LB   1,377,315.29  gap  27.11%  +1 cols (+0 comp.)  a=0.28  pricing 51s (max 30s)  UB 5,126,329.62 (gap 73.13%)
[CG] r 64    4892s heur  RMP   1,889,525.24  L   1,301,724.56  LB   1,377,315.29  gap  27.11%  +4 cols (+1 comp.)  a=0.18  pricing 53s (max 30s)  UB 5,126,329.62 (gap 73.13%)
[CG]    UB heuristica (r65, enlace SUELTO): 5,417,555.29  (3s)
[CG] r 65    4986s heur  RMP   1,889,449.00  L   1,319,310.11  LB   1,377,315.29  gap  27.10%  +10 cols (+6 comp.)  a=0.08  pricing 59s (max 30s)  UB 5,126,329.62 (gap 73.13%)
[CG] r 66    5068s heur  RMP   1,889,436.33  L   1,360,512.22  LB   1,377,315.29  gap  27.10%  +8 cols (+5 comp.)  a=0.00  pricing 51s (max 30s)  UB 5,126,329.62 (gap 73.13%)
[CG] r 67    5169s heur  RMP   1,889,383.70  L   1,338,120.35  LB   1,377,315.29  gap  27.10%  +2 cols (+1 comp.)  a=0.50  pricing 71s (max 30s)  UB 5,126,329.62 (gap 73.13%)
[CG] r 68    5222s heur  RMP   1,889,382.73  L   1,343,934.26  LB   1,377,315.29  gap  27.10%  +3 cols (+2 comp.)  a=0.40  pricing 49s (max 30s)  UB 5,126,329.62 (gap 73.13%)
[CG] r 69    5289s heur  RMP   1,889,238.98  L   1,354,412.07  LB   1,377,315.29  gap  27.10%  +4 cols (+3 comp.)  a=0.30  pricing 52s (max 30s)  UB 5,126,329.62 (gap 73.13%)
[CG]    UB heuristica (r70, enlace SUELTO): 5,365,848.24  (3s)
[CG] r 70    5362s heur  RMP   1,888,007.86  L   1,324,250.38  LB   1,377,315.29  gap  27.05%  +5 cols (+1 comp.)  a=0.20  pricing 70s (max 30s)  UB 5,126,329.62 (gap 73.13%)
[CG] r 71    5443s heur  RMP   1,887,663.02  L   1,351,557.62  LB   1,377,315.29  gap  27.04%  +5 cols (+3 comp.)  a=0.10  pricing 50s (max 30s)  UB 5,126,329.62 (gap 73.13%)
[CG] r 72    5541s heur  RMP   1,887,485.27  L   1,343,120.97  LB   1,377,315.29  gap  27.03%  +7 cols (+4 comp.)  a=0.00  pricing 72s (max 30s)  UB 5,126,329.62 (gap 73.13%)
[CG] r 73    5623s heur  RMP   1,887,473.16  L   1,302,709.55  LB   1,377,315.29  gap  27.03%  +6 cols (+3 comp.)  a=0.10  pricing 51s (max 30s)  UB 5,126,329.62 (gap 73.13%)
[CG] r 74    5701s heur  RMP   1,887,369.74  L   1,352,321.27  LB   1,377,315.29  gap  27.02%  +7 cols (+3 comp.)  a=0.00  pricing 48s (max 30s)  UB 5,126,329.62 (gap 73.13%)
[CG]    UB heuristica (r75, enlace SUELTO): 5,365,848.24  (3s)
[CG] r 75    5782s heur  RMP   1,887,361.28  L   1,366,253.42  LB   1,377,315.29  gap  27.02%  +11 cols (+2 comp.)  a=0.00  pricing 48s (max 30s)  UB 5,126,329.62 (gap 73.13%)
[CG] r 76    5863s heur  RMP   1,887,256.88  L   1,320,765.11  LB   1,377,315.29  gap  27.02%  +2 cols (+1 comp.)  a=0.50  pricing 50s (max 30s)  UB 5,126,329.62 (gap 73.13%)
[CG] r 77    5952s heur  RMP   1,886,199.99  L   1,282,121.42  LB   1,377,315.29  gap  26.98%  +4 cols (+2 comp.)  a=0.40  pricing 72s (max 30s)  UB 5,126,329.62 (gap 73.13%)
[CG] r 78    6029s heur  RMP   1,886,150.93  L   1,245,749.01  LB   1,377,315.29  gap  26.98%  +4 cols (+2 comp.)  a=0.30  pricing 47s (max 30s)  UB 5,126,329.62 (gap 73.13%)
[CG] r 79    6080s heur  RMP   1,886,146.65  L   1,380,458.42  LB   1,380,458.42  gap  26.81%  +5 cols (+3 comp.)  a=0.20  pricing 48s (max 30s)  UB 5,126,329.62 (gap 73.07%)
[CG]    UB heuristica (r80, enlace SUELTO): 4,242,906.34  *** nueva UB  (3s)
[CG] r 80    6161s heur  RMP   1,886,115.02  L   1,252,359.96  LB   1,380,458.42  gap  26.81%  +8 cols (+2 comp.)  a=0.10  pricing 48s (max 30s)  UB 4,242,906.34 (gap 67.46%)
[CG] r 81    6210s heur  RMP   1,885,933.05  L   1,329,205.95  LB   1,380,458.42  gap  26.80%  +5 cols (+2 comp.)  a=0.19  pricing 49s (max 30s)  UB 4,242,906.34 (gap 67.46%)
[CG] r 82    6256s heur  RMP   1,885,857.89  L   1,312,783.31  LB   1,380,458.42  gap  26.80%  +5 cols (+4 comp.)  a=0.09  pricing 46s (max 30s)  UB 4,242,906.34 (gap 67.46%)
[CG] r 83    6338s heur  RMP   1,885,613.25  L   1,237,680.85  LB   1,380,458.42  gap  26.79%  +10 cols (+3 comp.)  a=0.00  pricing 51s (max 30s)  UB 4,242,906.34 (gap 67.46%)
[CG] r 84    6420s heur  RMP   1,885,604.73  L   1,345,701.23  LB   1,380,458.42  gap  26.79%  +4 cols (+1 comp.)  a=0.50  pricing 52s (max 30s)  UB 4,242,906.34 (gap 67.46%)
[CG]    UB heuristica (r85, enlace SUELTO): 4,242,906.34  (4s)
[CG] r 85    6475s heur  RMP   1,885,581.61  L   1,296,527.36  LB   1,380,458.42  gap  26.79%  +2 cols (+2 comp.)  a=0.40  pricing 51s (max 30s)  UB 4,242,906.34 (gap 67.46%)
[CG] r 86    6555s heur  RMP   1,885,578.21  L   1,326,070.05  LB   1,380,458.42  gap  26.79%  +3 cols (+2 comp.)  a=0.30  pricing 50s (max 30s)  UB 4,242,906.34 (gap 67.46%)
[CG] r 87    6606s heur  RMP   1,885,545.64  L   1,327,819.91  LB   1,380,458.42  gap  26.79%  +2 cols (+2 comp.)  a=0.20  pricing 50s (max 30s)  UB 4,242,906.34 (gap 67.46%)
[CG] r 88    6686s heur  RMP   1,885,540.34  L   1,327,184.09  LB   1,380,458.42  gap  26.79%  +1 cols (+0 comp.)  a=0.10  pricing 50s (max 30s)  UB 4,242,906.34 (gap 67.46%)
[CG] r 89    6767s heur  RMP   1,885,537.56  L   1,316,840.81  LB   1,380,458.42  gap  26.79%  +7 cols (+2 comp.)  a=0.00  pricing 51s (max 30s)  UB 4,242,906.34 (gap 67.46%)
[CG]    UB heuristica (r90, enlace SUELTO): 4,242,906.34  (4s)
[CG] r 90    6822s heur  RMP   1,885,536.13  L   1,341,125.67  LB   1,380,458.42  gap  26.79%  +0 cols (+0 comp.)  a=0.10  pricing 51s (max 30s)  UB 4,242,906.34 (gap 67.46%)
[CG] r 91    6900s heur  RMP   1,885,536.13  L   1,301,432.53  LB   1,380,458.42  gap  26.79%  +4 cols (+2 comp.)  a=0.00  pricing 49s (max 30s)  UB 4,242,906.34 (gap 67.46%)
[CG] r 92    6980s heur  RMP   1,885,535.24  L   1,313,860.39  LB   1,380,458.42  gap  26.79%  +2 cols (+1 comp.)  a=0.50  pricing 49s (max 30s)  UB 4,242,906.34 (gap 67.46%)
[CG] r 93    7056s heur  RMP   1,885,134.70  L   1,351,159.78  LB   1,380,458.42  gap  26.77%  +3 cols (+2 comp.)  a=0.40  pricing 46s (max 30s)  UB 4,242,906.34 (gap 67.46%)
[CG] r 94    7103s heur  RMP   1,885,114.68  L   1,331,304.29  LB   1,380,458.42  gap  26.77%  +2 cols (+1 comp.)  a=0.30  pricing 47s (max 30s)  UB 4,242,906.34 (gap 67.46%)
[CG]    UB heuristica (r95, enlace SUELTO): 4,242,906.34  (4s)
[CG] r 95    7178s heur  RMP   1,884,779.71  L   1,440,110.64  LB   1,440,110.64  gap  23.59%  +6 cols (+2 comp.)  a=0.20  pricing 52s (max 30s)  UB 4,242,906.34 (gap 66.06%)
[CG] r 96    7231s heur  RMP   1,884,415.75  L   1,310,148.33  LB   1,440,110.64  gap  23.58%  +8 cols (+7 comp.)  a=0.10  pricing 53s (max 30s)  UB 4,242,906.34 (gap 66.06%)
[CG] r 97    7285s heur  RMP   1,884,063.31  L   1,340,838.63  LB   1,440,110.64  gap  23.56%  +6 cols (+4 comp.)  a=0.19  pricing 54s (max 30s)  UB 4,242,906.34 (gap 66.06%)
[CG] r 98    7337s heur  RMP   1,884,047.90  L   1,332,741.01  LB   1,440,110.64  gap  23.56%  +7 cols (+2 comp.)  a=0.09  pricing 51s (max 30s)  UB 4,242,906.34 (gap 66.06%)
[CG] r 99    7411s heur  RMP   1,883,334.62  L   1,234,595.69  LB   1,440,110.64  gap  23.53%  +3 cols (+1 comp.)  a=0.00  pricing 44s (max 30s)  UB 4,242,906.34 (gap 66.06%)
[CG]    UB heuristica (r100, enlace SUELTO): 4,244,182.16  (3s)
[CG] r100    7493s heur  RMP   1,883,331.98  L   1,373,816.69  LB   1,440,110.64  gap  23.53%  +3 cols (+0 comp.)  a=0.50  pricing 49s (max 30s)  UB 4,242,906.34 (gap 66.06%)
[CG] r101    7549s heur  RMP   1,883,331.37  L   1,352,898.28  LB   1,440,110.64  gap  23.53%  +5 cols (+2 comp.)  a=0.40  pricing 56s (max 30s)  UB 4,242,906.34 (gap 66.06%)
[CG] r102    7632s heur  RMP   1,881,884.80  L   1,313,347.61  LB   1,440,110.64  gap  23.48%  +5 cols (+1 comp.)  a=0.30  pricing 53s (max 30s)  UB 4,242,906.34 (gap 66.06%)
[CG] r103    7711s heur  RMP   1,879,305.48  L   1,355,660.54  LB   1,440,110.64  gap  23.37%  +13 cols (+4 comp.)  a=0.37  pricing 49s (max 30s)  UB 4,242,906.34 (gap 66.06%)
[CG] r104    7794s heur  RMP   1,877,453.33  L   1,318,535.53  LB   1,440,110.64  gap  23.29%  +18 cols (+6 comp.)  a=0.43  pricing 52s (max 30s)  UB 4,242,906.34 (gap 66.06%)
[CG]    UB heuristica (r105, enlace SUELTO): 4,244,182.16  (4s)
[CG] r105    7889s heur  RMP   1,877,315.78  L   1,278,891.50  LB   1,440,110.64  gap  23.29%  +16 cols (+8 comp.)  a=0.33  pricing 54s (max 30s)  UB 4,242,906.34 (gap 66.06%)
[CG] r106    7973s heur  RMP   1,876,974.76  L   1,325,693.49  LB   1,440,110.64  gap  23.27%  +14 cols (+5 comp.)  a=0.23  pricing 53s (max 30s)  UB 4,242,906.34 (gap 66.06%)
[CG] r107    8055s heur  RMP   1,876,714.70  L   1,262,050.89  LB   1,440,110.64  gap  23.26%  +13 cols (+5 comp.)  a=0.13  pricing 51s (max 30s)  UB 4,242,906.34 (gap 66.06%)
[CG] r108    8136s heur  RMP   1,876,608.61  L   1,349,659.03  LB   1,440,110.64  gap  23.26%  +19 cols (+9 comp.)  a=0.03  pricing 50s (max 30s)  UB 4,242,906.34 (gap 66.06%)
[CG] r109    8218s heur  RMP   1,876,423.93  L   1,265,151.65  LB   1,440,110.64  gap  23.25%  +16 cols (+9 comp.)  a=0.13  pricing 51s (max 30s)  UB 4,242,906.34 (gap 66.06%)
[CG]    UB heuristica (r110, enlace SUELTO): 4,223,046.93  *** nueva UB  (4s)
[CG] r110    8322s heur  RMP   1,875,857.04  L   1,295,776.52  LB   1,440,110.64  gap  23.23%  +13 cols (+4 comp.)  a=0.03  pricing 52s (max 30s)  UB 4,223,046.93 (gap 65.90%)
[CG] r111    8407s heur  RMP   1,875,722.74  L   1,292,957.86  LB   1,440,110.64  gap  23.22%  +14 cols (+3 comp.)  a=0.13  pricing 55s (max 30s)  UB 4,223,046.93 (gap 65.90%)
[CG] r112    8496s heur  RMP   1,875,043.18  L   1,325,750.82  LB   1,440,110.64  gap  23.20%  +14 cols (+6 comp.)  a=0.03  pricing 57s (max 30s)  UB 4,223,046.93 (gap 65.90%)
[CG] r113    8582s heur  RMP   1,875,011.76  L   1,395,082.07  LB   1,440,110.64  gap  23.19%  +10 cols (+3 comp.)  a=0.00  pricing 56s (max 30s)  UB 4,223,046.93 (gap 65.90%)
[CG] r114    8667s heur  RMP   1,874,988.24  L   1,343,325.58  LB   1,440,110.64  gap  23.19%  +10 cols (+2 comp.)  a=0.50  pricing 54s (max 30s)  UB 4,223,046.93 (gap 65.90%)
[CG]    UB heuristica (r115, enlace SUELTO): 4,223,164.55  (4s)
[CG] r115    8731s heur  RMP   1,874,898.52  L   1,289,263.22  LB   1,440,110.64  gap  23.19%  +4 cols (+3 comp.)  a=0.40  pricing 56s (max 30s)  UB 4,223,046.93 (gap 65.90%)
[CG] r116    8797s heur  RMP   1,874,859.08  L   1,403,773.24  LB   1,440,110.64  gap  23.19%  +2 cols (+1 comp.)  a=0.30  pricing 63s (max 30s)  UB 4,223,046.93 (gap 65.90%)
[CG] r117    8884s heur  RMP   1,874,857.50  L   1,285,112.04  LB   1,440,110.64  gap  23.19%  +4 cols (+1 comp.)  a=0.20  pricing 56s (max 30s)  UB 4,223,046.93 (gap 65.90%)
[CG] r118    8974s heur  RMP   1,874,842.43  L   1,353,344.41  LB   1,440,110.64  gap  23.19%  +5 cols (+1 comp.)  a=0.10  pricing 59s (max 30s)  UB 4,223,046.93 (gap 65.90%)
[CG] r119    9056s heur  RMP   1,874,838.76  L   1,261,883.23  LB   1,440,110.64  gap  23.19%  +13 cols (+5 comp.)  a=0.00  pricing 52s (max 30s)  UB 4,223,046.93 (gap 65.90%)
[CG]    UB heuristica (r120, enlace SUELTO): 4,586,663.21  (3s)
[CG] r120    9141s heur  RMP   1,874,759.41  L   1,365,031.52  LB   1,440,110.64  gap  23.18%  +7 cols (+2 comp.)  a=0.10  pricing 51s (max 30s)  UB 4,223,046.93 (gap 65.90%)
[CG] r121    9226s heur  RMP   1,874,753.38  L   1,360,108.04  LB   1,440,110.64  gap  23.18%  +12 cols (+3 comp.)  a=0.00  pricing 55s (max 30s)  UB 4,223,046.93 (gap 65.90%)
[CG] r122    9312s heur  RMP   1,874,660.55  L   1,360,761.91  LB   1,440,110.64  gap  23.18%  +9 cols (+3 comp.)  a=0.00  pricing 55s (max 30s)  UB 4,223,046.93 (gap 65.90%)
[CG] r123    9409s heur  RMP   1,874,422.31  L   1,310,161.37  LB   1,440,110.64  gap  23.17%  +8 cols (+1 comp.)  a=0.50  pricing 67s (max 30s)  UB 4,223,046.93 (gap 65.90%)
[CG] r124    9487s heur  RMP   1,874,304.85  L   1,304,574.52  LB   1,440,110.64  gap  23.17%  +4 cols (+2 comp.)  a=0.40  pricing 58s (max 30s)  UB 4,223,046.93 (gap 65.90%)
[CG]    UB heuristica (r125, enlace SUELTO): 4,220,487.40  *** nueva UB  (3s)
[CG] r125    9577s heur  RMP   1,874,000.74  L   1,329,125.02  LB   1,440,110.64  gap  23.15%  +7 cols (+1 comp.)  a=0.30  pricing 56s (max 30s)  UB 4,220,487.40 (gap 65.88%)
[CG] r126    9670s heur  RMP   1,873,127.36  L   1,370,035.86  LB   1,440,110.64  gap  23.12%  +18 cols (+8 comp.)  a=0.20  pricing 62s (max 30s)  UB 4,220,487.40 (gap 65.88%)
[CG] r127    9755s heur  RMP   1,872,285.27  L   1,378,356.79  LB   1,440,110.64  gap  23.08%  +12 cols (+7 comp.)  a=0.10  pricing 55s (max 30s)  UB 4,220,487.40 (gap 65.88%)
[CG] r128    9837s heur  RMP   1,872,083.94  L   1,364,590.91  LB   1,440,110.64  gap  23.07%  +18 cols (+10 comp.)  a=0.00  pricing 54s (max 30s)  UB 4,220,487.40 (gap 65.88%)
[CG] r129    9927s heur  RMP   1,871,823.51  L   1,347,523.79  LB   1,440,110.64  gap  23.06%  +13 cols (+8 comp.)  a=0.10  pricing 59s (max 30s)  UB 4,220,487.40 (gap 65.88%)
[CG]    UB heuristica (r130, enlace SUELTO): 5,456,024.59  (3s)
[CG] r130   10016s heur  RMP   1,871,423.07  L   1,439,189.69  LB   1,440,110.64  gap  23.05%  +24 cols (+9 comp.)  a=0.00  pricing 54s (max 30s)  UB 4,220,487.40 (gap 65.88%)
[CG] r131   10115s heur  RMP   1,871,380.54  L   1,340,488.71  LB   1,440,110.64  gap  23.05%  +17 cols (+7 comp.)  a=0.00  pricing 68s (max 30s)  UB 4,220,487.40 (gap 65.88%)
[CG] r132   10200s heur  RMP   1,871,271.84  L   1,332,009.79  LB   1,440,110.64  gap  23.04%  +7 cols (+2 comp.)  a=0.50  pricing 55s (max 30s)  UB 4,220,487.40 (gap 65.88%)
[CG] r133   10285s heur  RMP   1,871,258.23  L   1,392,743.26  LB   1,440,110.64  gap  23.04%  +5 cols (+2 comp.)  a=0.40  pricing 54s (max 30s)  UB 4,220,487.40 (gap 65.88%)
[CG] r134   10345s heur  RMP   1,871,180.73  L   1,365,281.93  LB   1,440,110.64  gap  23.04%  +7 cols (+4 comp.)  a=0.30  pricing 55s (max 30s)  UB 4,220,487.40 (gap 65.88%)
[CG]    UB heuristica (r135, enlace SUELTO): 5,456,024.59  (4s)
[CG] r135   10438s heur  RMP   1,871,152.30  L   1,362,012.63  LB   1,440,110.64  gap  23.04%  +8 cols (+3 comp.)  a=0.20  pricing 59s (max 30s)  UB 4,220,487.40 (gap 65.88%)
[CG] r136   10530s heur  RMP   1,871,101.25  L   1,367,534.63  LB   1,440,110.64  gap  23.03%  +5 cols (+3 comp.)  a=0.10  pricing 61s (max 30s)  UB 4,220,487.40 (gap 65.88%)
[CG] r137   10617s heur  RMP   1,871,002.10  L   1,283,124.57  LB   1,440,110.64  gap  23.03%  +11 cols (+4 comp.)  a=0.00  pricing 56s (max 30s)  UB 4,220,487.40 (gap 65.88%)
[CG] r138   10700s heur  RMP   1,870,969.18  L   1,353,812.10  LB   1,440,110.64  gap  23.03%  +6 cols (+4 comp.)  a=0.00  pricing 53s (max 30s)  UB 4,220,487.40 (gap 65.88%)
[CG] r139   10785s heur  RMP   1,870,961.34  L   1,356,472.06  LB   1,440,110.64  gap  23.03%  +3 cols (+1 comp.)  a=0.50  pricing 54s (max 30s)  UB 4,220,487.40 (gap 65.88%)
[CG]    UB heuristica (r140, enlace SUELTO): 5,456,024.59  (4s)
[CG] r140   10873s heur  RMP   1,870,940.88  L   1,338,797.81  LB   1,440,110.64  gap  23.03%  +6 cols (+3 comp.)  a=0.40  pricing 55s (max 30s)  UB 4,220,487.40 (gap 65.88%)
[CG] tope de tiempo
[CG]    UB heuristica (r140, enlace SUELTO): 5,456,024.59  (3s)

[CG] ================= RESUMEN =================
[CG] UB                         4,220,487.40
[CG] cota DW (lagrangiana)      1,440,110.64   gap 65.88%
[CG] maestro restringido        1,870,940.88
[CG] cota operacional           1,824,373.30   -> la DW NO supera a la operacional (-384,262.66)
[CG] 140 rondas, 3043 columnas, 10877s
