[BD] particion en 14s: 594,832 columnas, 607,441 filas; maestro 192 variables (110 enteras) y 281 filas; 40 bloques; 40 presupuestos; copias por bloque 8-10
[BD] 40 subproblemas y maestro armados en 4s (8 en paralelo x 4 hilos)
[cortes] modelo de 10 años armado en 106s
[cortes] b_bar maximo valido por año: {'b_bar(2)': 482.0, 'b_bar(3)': 482.0, 'b_bar(4)': 482.0, 'b_bar(5)': 482.0, 'b_bar(6)': 482.0, 'b_bar(7)': 482.0, 'b_bar(8)': 482.0, 'b_bar(9)': 482.0, 'b_bar(10)': 482.0}
[cortes] (1, 105): minimo LP de cargas 2.958, cota MILP 4.000 -> techo 4 | formula del modelo 3  OK
[cortes] (1, 15): minimo LP de cargas 2.958, cota MILP 4.000 -> techo 4 | formula del modelo 3  OK
[cortes] (1, 196): minimo LP de cargas 2.958, cota MILP 4.000 -> techo 4 | formula del modelo 3  OK
[cortes] (1, 288): minimo LP de cargas 2.958, cota MILP 4.000 -> techo 4 | formula del modelo 3  OK
[cortes] (10, 105): minimo LP de cargas 2.958, cota MILP 4.000 -> techo 4 | formula del modelo 3  OK
[cortes] (10, 15): minimo LP de cargas 2.958, cota MILP 4.000 -> techo 4 | formula del modelo 3  OK
[cortes] (10, 196): minimo LP de cargas 2.958, cota MILP 4.000 -> techo 4 | formula del modelo 3  OK
[cortes] (10, 288): minimo LP de cargas 2.958, cota MILP 4.000 -> techo 4 | formula del modelo 3  OK
[cortes] (2, 105): minimo LP de cargas 6.256, cota MILP 7.000 -> techo 7 | formula del modelo 7  OK
[cortes] (2, 15): minimo LP de cargas 6.256, cota MILP 7.000 -> techo 7 | formula del modelo 7  OK
[cortes] (2, 196): minimo LP de cargas 6.256, cota MILP 7.000 -> techo 7 | formula del modelo 7  OK
[cortes] (2, 288): minimo LP de cargas 6.256, cota MILP 7.000 -> techo 7 | formula del modelo 7  OK
[cortes] (3, 105): minimo LP de cargas 12.299, cota MILP 13.000 -> techo 13 | formula del modelo 13  OK
[cortes] (3, 15): minimo LP de cargas 12.299, cota MILP 13.000 -> techo 13 | formula del modelo 13  OK
[cortes] (3, 196): minimo LP de cargas 12.299, cota MILP 13.000 -> techo 13 | formula del modelo 13  OK
[cortes] (3, 288): minimo LP de cargas 12.299, cota MILP 13.000 -> techo 13 | formula del modelo 13  OK
[cortes] (4, 105): minimo LP de cargas 16.353, cota MILP 17.000 -> techo 17 | formula del modelo 17  OK
[cortes] (4, 15): minimo LP de cargas 16.353, cota MILP 17.000 -> techo 17 | formula del modelo 17  OK
[cortes] (4, 196): minimo LP de cargas 16.353, cota MILP 17.000 -> techo 17 | formula del modelo 17  OK
[cortes] (4, 288): minimo LP de cargas 16.353, cota MILP 17.000 -> techo 17 | formula del modelo 17  OK
[cortes] (5, 105): minimo LP de cargas 16.353, cota MILP 17.000 -> techo 17 | formula del modelo 17  OK
[cortes] (5, 15): minimo LP de cargas 16.353, cota MILP 17.000 -> techo 17 | formula del modelo 17  OK
[cortes] (5, 196): minimo LP de cargas 16.353, cota MILP 17.000 -> techo 17 | formula del modelo 17  OK
[cortes] (5, 288): minimo LP de cargas 16.353, cota MILP 17.000 -> techo 17 | formula del modelo 17  OK
[cortes] (6, 105): minimo LP de cargas 16.353, cota MILP 17.000 -> techo 17 | formula del modelo 17  OK
[cortes] (6, 15): minimo LP de cargas 16.353, cota MILP 17.000 -> techo 17 | formula del modelo 17  OK
[cortes] (6, 196): minimo LP de cargas 16.353, cota MILP 17.000 -> techo 17 | formula del modelo 17  OK
[cortes] (6, 288): minimo LP de cargas 16.353, cota MILP 17.000 -> techo 17 | formula del modelo 17  OK
[cortes] (7, 105): minimo LP de cargas 16.353, cota MILP 17.000 -> techo 17 | formula del modelo 17  OK
[cortes] (7, 15): minimo LP de cargas 16.353, cota MILP 17.000 -> techo 17 | formula del modelo 17  OK
[cortes] (7, 196): minimo LP de cargas 16.353, cota MILP 17.000 -> techo 17 | formula del modelo 17  OK
[cortes] (7, 288): minimo LP de cargas 16.353, cota MILP 17.000 -> techo 17 | formula del modelo 17  OK
[cortes] (8, 105): minimo LP de cargas 12.916, cota MILP 13.000 -> techo 13 | formula del modelo 13  OK
[cortes] (8, 15): minimo LP de cargas 12.916, cota MILP 13.000 -> techo 13 | formula del modelo 13  OK
[cortes] (8, 196): minimo LP de cargas 12.916, cota MILP 13.000 -> techo 13 | formula del modelo 13  OK
[cortes] (8, 288): minimo LP de cargas 12.916, cota MILP 13.000 -> techo 13 | formula del modelo 13  OK
[cortes] (9, 105): minimo LP de cargas 6.256, cota MILP 7.000 -> techo 7 | formula del modelo 7  OK
[cortes] (9, 15): minimo LP de cargas 6.256, cota MILP 7.000 -> techo 7 | formula del modelo 7  OK
[cortes] (9, 196): minimo LP de cargas 6.256, cota MILP 7.000 -> techo 7 | formula del modelo 7  OK
[cortes] (9, 288): minimo LP de cargas 6.256, cota MILP 7.000 -> techo 7 | formula del modelo 7  OK
[cortes] TODOS VALIDOS
[cortes] 40 cortes en output/Resultados_finales_tesis/Mina_modelo/cortes_cargas_milp_10anios.json
