OK Warm start Y: 3697 cargados, 0 omitidos
OK Warm start Z: 7652 cargados, 0 omitidos
OK Warm start Z_swap: 171 cargados, 0 omitidos
OK Warm start StartAssign: 0 cargados, 0 omitidos
OK Warm start EndAssign: 0 cargados, 0 omitidos
OK Warm start B: 11584 cargados, 0 omitidos
OK Warm start X: 4 cargados, 0 omitidos
OK Warm start Delta_X: 1 cargados, 0 omitidos
OK Warm start N_bays: 4 cargados, 0 omitidos
OK Warm start Delta_N_bays: 4 cargados, 0 omitidos
OK Warm start N_chargers: 4 cargados, 0 omitidos
OK Warm start Delta_N_chargers: 4 cargados, 0 omitidos
OK Warm start n_ssee_k: 1 cargados, 0 omitidos
OK Warm start N_batteries: 4 cargados, 0 omitidos
OK Warm start Delta_N_batteries: 4 cargados, 0 omitidos
OK Warm start B_s: 11520 cargados, 0 omitidos
OK Warm start S: 2880 cargados, 0 omitidos
OK Warm start Sv: 33312 cargados, 0 omitidos
OK Warm start X_dch: 2880 cargados, 0 omitidos
OK Warm start X_ini: 2864 cargados, 0 omitidos
OK Warm start W: 2880 cargados, 0 omitidos
OK Warm start P_pot: 4 cargados, 0 omitidos
OK Warm start P_red: 2880 cargados, 0 omitidos
OK Warm start G_g: 2 cargados, 0 omitidos
OK Warm start P_gen: 5760 cargados, 0 omitidos
OK Warm start Curt_g: 0 cargados, 5760 omitidos
OK Warm start H: 1 cargados, 0 omitidos
OK Warm start P_bat: 2880 cargados, 0 omitidos
OK Warm start A_h: 2896 cargados, 0 omitidos
OK Warm start N_batteries_total: 4 cargados, 0 omitidos
OK Warm start n_battery_fleet: 4 cargados, 0 omitidos
OK Warm start R: 0 cargados, 0 omitidos
OK Warm start b_bar: 4 cargados, 0 omitidos
OK Warm start D: 4 cargados, 0 omitidos
OK Warm start EnergyConsumed: 4 cargados, 0 omitidos
OK Warm start N_ciclos: 4 cargados, 0 omitidos
OK Warm start N_total: 4 cargados, 0 omitidos
OK Warm start P_bbar_zagg: 11520 cargados, 0 omitidos
OK Warm start Z_repl: 4 cargados, 0 omitidos
OK Warm start w_deg: 4 cargados, 0 omitidos
OK Warm start completo desde 'output\Resultados_finales_tesis\Mina_modelo\estab_4anios_B_box': 105449 valores cargados, 5760 omitidos
[BD] particion en 6s: 237,934 columnas, 242,973 filas; maestro 78 variables (44 enteras) y 109 filas; 16 bloques; 16 presupuestos; copias por bloque 8-10
[BD] 16 subproblemas y maestro armados en 2s (4 en paralelo x 8 hilos)
[corte] B pulido: 1,869,867.50
[corte] 4 dias en 151s

==== dia (4, 105) ====
LHD         E_min LP E_min MILP   E de B  cap/swap E_min/cap  corte  swaps LP  swaps B
LH518B_1     1,394.6    1,394.6  1,829.6     375.4     3.715      4      4.95        5
LH518B_2     1,265.6    1,265.6  1,578.0     375.4     3.372      4      3.95        5
LH518B_3     1,434.9    1,434.9  1,434.9     375.4     3.823      4      3.72        4
LH518B_4     1,437.5    1,437.5  1,485.7     375.4     3.830      4      3.73        4
LP sin corte 23,504.36  ->  LP CON corte 23,504.36   | MILP con corte: cota 24,649.99, inc 27,516.11

==== dia (4, 15) ====
LHD         E_min LP E_min MILP   E de B  cap/swap E_min/cap  corte  swaps LP  swaps B
LH518B_1     1,394.6    1,394.6  1,819.4     375.4     3.715      4      4.95        5
LH518B_2     1,265.6    1,265.6  1,402.6     375.4     3.372      4      3.95        4
LH518B_3     1,434.9    1,434.9  1,643.3     375.4     3.823      4      3.72        5
LH518B_4     1,437.5    1,437.5  1,485.4     375.4     3.830      4      3.73        4
LP sin corte 23,022.29  ->  LP CON corte 23,022.29   | MILP con corte: cota 24,167.92, inc 27,020.47

==== dia (4, 196) ====
LHD         E_min LP E_min MILP   E de B  cap/swap E_min/cap  corte  swaps LP  swaps B
LH518B_1     1,394.6    1,394.6  1,878.1     375.4     3.715      4      4.95        6
LH518B_2     1,265.6    1,265.6  1,419.1     375.4     3.372      4      3.95        4
LH518B_3     1,434.9    1,434.9  1,450.4     375.4     3.823      4      3.72        4
LH518B_4     1,437.5    1,437.5  1,593.8     375.4     3.830      4      3.73        5
LP sin corte 25,335.53  ->  LP CON corte 25,335.53   | MILP con corte: cota 26,481.16, inc 29,294.72

==== dia (4, 288) ====
LHD         E_min LP E_min MILP   E de B  cap/swap E_min/cap  corte  swaps LP  swaps B
LH518B_1     1,394.6    1,394.6  1,666.0     375.4     3.715      4      4.95        5
LH518B_2     1,265.6    1,265.6  1,434.1     375.4     3.372      4      3.95        4
LH518B_3     1,434.9    1,434.9  1,610.4     375.4     3.823      4      3.72        5
LH518B_4     1,437.5    1,437.5  1,657.4     375.4     3.830      4      3.73        5
LP sin corte 21,830.45  ->  LP CON corte 21,830.45   | MILP con corte: cota 22,976.08, inc 26,411.42

