OK Warm start Y: 3697 cargados, 0 omitidos
OK Warm start Z: 7652 cargados, 0 omitidos
OK Warm start Z_swap: 171 cargados, 0 omitidos
OK Warm start StartAssign: 0 cargados, 0 omitidos
OK Warm start EndAssign: 0 cargados, 0 omitidos
OK Warm start B: 11584 cargados, 0 omitidos
OK Warm start X: 4 cargados, 0 omitidos
OK Warm start Delta_X: 1 cargados, 0 omitidos
OK Warm start N_bays: 4 cargados, 0 omitidos
OK Warm start Delta_N_bays: 4 cargados, 0 omitidos
OK Warm start N_chargers: 4 cargados, 0 omitidos
OK Warm start Delta_N_chargers: 4 cargados, 0 omitidos
OK Warm start n_ssee_k: 1 cargados, 0 omitidos
OK Warm start N_batteries: 4 cargados, 0 omitidos
OK Warm start Delta_N_batteries: 4 cargados, 0 omitidos
OK Warm start B_s: 11520 cargados, 0 omitidos
OK Warm start S: 2880 cargados, 0 omitidos
OK Warm start Sv: 33312 cargados, 0 omitidos
OK Warm start X_dch: 2880 cargados, 0 omitidos
OK Warm start X_ini: 2864 cargados, 0 omitidos
OK Warm start W: 2880 cargados, 0 omitidos
OK Warm start P_pot: 4 cargados, 0 omitidos
OK Warm start P_red: 2880 cargados, 0 omitidos
OK Warm start G_g: 2 cargados, 0 omitidos
OK Warm start P_gen: 5760 cargados, 0 omitidos
OK Warm start Curt_g: 0 cargados, 5760 omitidos
OK Warm start H: 1 cargados, 0 omitidos
OK Warm start P_bat: 2880 cargados, 0 omitidos
OK Warm start A_h: 2896 cargados, 0 omitidos
OK Warm start N_batteries_total: 4 cargados, 0 omitidos
OK Warm start n_battery_fleet: 4 cargados, 0 omitidos
OK Warm start R: 0 cargados, 0 omitidos
OK Warm start b_bar: 4 cargados, 0 omitidos
OK Warm start D: 4 cargados, 0 omitidos
OK Warm start EnergyConsumed: 4 cargados, 0 omitidos
OK Warm start N_ciclos: 4 cargados, 0 omitidos
OK Warm start N_total: 4 cargados, 0 omitidos
OK Warm start P_bbar_zagg: 11520 cargados, 0 omitidos
OK Warm start Z_repl: 4 cargados, 0 omitidos
OK Warm start w_deg: 4 cargados, 0 omitidos
OK Warm start completo desde 'output\Resultados_finales_tesis\Mina_modelo\estab_4anios_B_box': 105449 valores cargados, 5760 omitidos
[BD] particion en 6s: 237,934 columnas, 242,973 filas; maestro 78 variables (44 enteras) y 109 filas; 16 bloques; 16 presupuestos; copias por bloque 8-10
[BD] 16 subproblemas y maestro armados en 2s (4 en paralelo x 8 hilos)
[frac] B pulido: 1,869,867.50
[frac] 4 dias en 121s

================ dia (4, 105) ================
LP 23,504.36   MILP 27,504.70 (gap 10.58%, 120s)   B 27,802.64
energia del dia (presupuesto): LP [-5.9902736995071]  MILP [-6.013391316994714]  B [-6.0117637221619145]
familia                     n      suma LP    suma MILP     suma B  frac LP    costo LP  costo MILP     costo B
Y                        7200       392.56       394.00     394.00      173         0.0         0.0         0.0
Z                         720       311.09       308.00     308.00       39         0.0         0.0         0.0
Z_swap                    720        16.35        18.00      18.00      152         0.0         0.0         0.0
S                         180       122.81        69.00      88.00      169         0.0         0.0         0.0
Sv                       2082       196.23       216.00     216.00      780         0.0         0.0         0.0
X_dch                     180        40.96        75.00      56.00       92         0.0         0.0         0.0
X_ini                     179        16.35        18.00      18.00       65         0.0         0.0         0.0
W                         180        16.35        18.00      18.00       97         0.0         0.0         0.0
P_red                     180    28,284.43    33,098.32  33,456.86        -    23,504.4    27,504.7    27,802.6

hora  costo LP  costo MI   red LP   red MI   sol LP   sol MI  curt LP  curt MI  carga LP  carga MI  bess LP  bess MI swp LP swp MI ini LP ini MI
   0       482     1,516      580    1,824    1,535    1,535      123      123     1,964     3,133     -150     -225   0.60      1   1.35      2
   1       621       858      747    1,032    1,907    1,907        0        0     2,375     3,133     -278      194   1.23      2   1.44      1
   2       240       366      289      440    2,620    2,571        0       50     3,221     2,410      312     -601   0.46      0   0.41      1
   3       106       458      127      551    2,447    2,447        0        0     2,627     3,374       52      376   1.50      1   1.08      1
   4         0       724        0      871    2,803    2,803        0        0     2,867     3,856       64      182   0.12      2   1.10      2
   5       105       953      126    1,146    2,303    2,303        0        0     2,408     3,374      -21      -75   1.30      0   0.57      0
   6       500       246      602      296    2,158    2,158        0        0     2,630     1,928     -129     -526   0.83      1   1.02      1
   7       605     1,570      728    1,889    1,454    1,454        0        0     2,256     2,892       75     -451   1.03      1   1.03      1
   8     2,232     1,901    2,686    2,287      877      877        0        0     3,413     3,615     -150      451   0.97      1   1.09      1
   9     1,667     1,067    2,006    1,284      146      146        0        0     2,378     1,205      225     -225   0.37      0   0.40      0
  10     1,006        62    1,211       75        0        0        0        0     1,185         0      -26      -75   0.57      1   0.31      0
  11       944        62    1,136       75        0        0        0        0     1,112         0      -24      -75   0.57      0   0.27      0
  12     1,103       463    1,327      557        0        0        0        0     1,377       482       50      -75   0.00      1   0.42      1
  13     1,704     1,090    2,050    1,311        0        0        0        0     2,050     1,687        0      376   1.55      0   1.62      0
  14     2,880     1,753    3,465    2,109        0        0        0        0     3,465     2,410        0      301   0.45      1   0.45      1
  15     1,100     1,628    1,323    1,959        0        0        0        0     1,323     2,410        0      451   0.77      0   0.69      1
  16     1,228     1,665    1,477    2,003        0        0        0        0     1,477     1,928        0      -75   0.00      1   0.00      1
  17     1,618     1,339    1,946    1,612        0        0        0        0     1,946     1,687        0       75   1.27      1   1.39      0
  18     2,009     2,065    2,418    2,485        0        0        0        0     2,418     2,410        0      -75   0.41      1   0.33      2
  19       646     2,804      777    3,374        0        0        0        0       777     3,374        0       -0   0.29      0   0.04      0
  20       316     1,139      381    1,371        0        0        0        0       381     1,446        0       75   0.00      2   0.20      1
  21       287     1,402      346    1,687        0        0        0        0       346     1,687        0        0   1.22      0   0.35      0
  22     1,575     1,826    1,895    2,197      122      122        0        0     1,942     2,169      -75     -150   0.58      1   0.75      1
  23       533       548      641      660      711      711       31       31     1,352     1,446        0       75   0.27      0   0.00      0
 TOT    23,504    27,505   28,284   33,098   19,082   19,033      154      203    47,292    52,056      -75      -75

================ dia (4, 15) ================
LP 23,022.29   MILP 26,981.48 (gap 10.60%, 120s)   B 27,132.14
energia del dia (presupuesto): LP [-5.990273699507102]  MILP [-6.00641797635067]  B [-6.03313351702837]
familia                     n      suma LP    suma MILP     suma B  frac LP    costo LP  costo MILP     costo B
Y                        7200       392.56       393.00     395.00      158         0.0         0.0         0.0
Z                         720       311.09       309.00     307.00       43         0.0         0.0         0.0
Z_swap                    720        16.35        18.00      18.00      136         0.0         0.0         0.0
S                         180       122.66        93.00      89.00      152         0.0         0.0         0.0
Sv                       2082       196.23       216.00     216.00      744         0.0         0.0         0.0
X_dch                     180        41.11        51.00      55.00       87         0.0         0.0         0.0
X_ini                     179        16.35        18.00      18.00       62         0.0         0.0         0.0
W                         180        16.35        18.00      18.00       88         0.0         0.0         0.0
P_red                     180    27,704.33    32,468.70  32,650.00        -    23,022.3    26,981.5    27,132.1

hora  costo LP  costo MI   red LP   red MI   sol LP   sol MI  curt LP  curt MI  carga LP  carga MI  bess LP  bess MI swp LP swp MI ini LP ini MI
   0       250       189      301      227    1,481    1,481      116      116     1,597     1,687     -184      -21   0.90      1   1.33      1
   1       569     1,116      685    1,343    1,833    1,833        0        0     2,484     2,651      -35     -526   0.43      1   1.02      1
   2       487       184      586      221    2,545    2,545        0        0     3,200     2,169       68     -597   1.16      1   1.04      2
   3       639       856      769    1,030    2,419    2,419        0        0     3,108     3,374      -80      -75   0.81      0   0.85      0
   4       151     1,060      182    1,275    2,810    2,810        0        0     2,576     3,856     -416     -230   0.84      2   0.94      2
   5       654     1,176      787    1,415    2,335    2,335        0        0     2,746     3,374     -376     -376   1.16      0   1.00      0
   6       149       370      179      445    2,199    2,199        0        0     2,784     2,410      406     -234   0.68      2   0.66      2
   7       319     1,030      384    1,239    1,534    1,534        0        0     1,992     2,892       75      119   0.83      0   0.65      0
   8       319       726      384      873    1,055    1,055        0        0     1,588     1,928      150       -0   0.66      2   0.57      1
   9     1,901     1,010    2,288    1,215      428      428        0        0     2,641     2,169      -75      526   1.00      0   1.34      1
  10     2,700     1,583    3,249    1,905       37       37        0        0     3,135     1,928     -150      -14   0.66      0   0.66      0
  11       905       525    1,089      632        0        0        0        0     1,615       482      526     -150   0.91      0   0.91      0
  12     1,490       801    1,793      964        0        0        0        0     1,884       964       91       -0   0.00      2   0.00      1
  13     1,546     2,166    1,860    2,607        0        0        0        0     1,860     3,133        0      526   1.04      0   1.08      1
  14     1,925     1,152    2,316    1,386        0        0        0        0     2,316     1,687        0      301   0.73      0   0.69      0
  15     1,280       187    1,540      225        0        0        0        0     1,540         0        0     -225   0.39      1   0.39      0
  16       702     1,566      845    1,884        0        0        0        0       845     2,410        0      526   0.00      1   0.00      2
  17     1,456     2,216    1,752    2,667        0        0        0        0     1,752     2,892        0      225   1.33      1   1.33      0
  18     1,754     1,727    2,111    2,078        0        0        0        0     2,111     1,928        0     -150   0.21      1   0.00      2
  19        48     2,492       58    2,998        0        0        0        0        58     3,374        0      376   0.60      0   0.00      0
  20        15       988       18    1,189        0        0        0        0        18       964        0     -225   0.00      1   0.04      0
  21       335       187      403      225        0        0        0        0       403         0        0     -225   0.68      0   0.52      0
  22     2,340     2,050    2,816    2,466      275      275        0        0     3,091     2,892        0      150   0.63      1   1.33      2
  23     1,087     1,625    1,309    1,956      711      711       31       31     1,944     2,892      -75      225   0.71      1   0.00      0
 TOT    23,022    26,981   27,704   32,469   19,662   19,662      146      146    47,292    52,056      -75      -75

================ dia (4, 196) ================
LP 25,335.53   MILP 29,294.72 (gap 9.79%, 120s)   B 31,700.21
energia del dia (presupuesto): LP [-5.990273699507143]  MILP [-6.032224164055328]  B [-6.02444414417487]
familia                     n      suma LP    suma MILP     suma B  frac LP    costo LP  costo MILP     costo B
Y                        7200       392.56       395.00     395.00       81         0.0         0.0         0.0
Z                         720       310.09       307.00     306.00       19         0.0         0.0         0.0
Z_swap                    720        17.35        18.00      19.00       52         0.0         0.0         0.0
S                         180        80.62       100.00      87.00      133         0.0         0.0         0.0
Sv                       2082       196.23       216.00     228.00      600         0.0         0.0         0.0
X_dch                     180        83.15        44.00      45.00      145         0.0         0.0         0.0
X_ini                     179        16.35        18.00      19.00       50         0.0         0.0         0.0
W                         180        17.35        18.00      19.00       47         0.0         0.0         0.0
P_red                     180    30,488.02    35,252.38  38,147.08        -    25,335.5    29,294.7    31,700.2

hora  costo LP  costo MI   red LP   red MI   sol LP   sol MI  curt LP  curt MI  carga LP  carga MI  bess LP  bess MI swp LP swp MI ini LP ini MI
   0       300       749      361      902    1,342    1,342       96       96     1,252     2,169     -451      -75   1.97      2   1.31      2
   1       646     1,189      777    1,430    1,687    1,687        0        0     2,238     2,892     -225     -225   0.05      1   0.63      0
   2       223       157      269      189    2,390    2,390        0        0     2,354     2,169     -305     -410   0.63      1   0.69      2
   3       222       733      268      882    2,232    2,232        0        0     2,226     3,374     -274      260   0.87      0   1.26      1
   4       380       807      457      971    2,585    2,585        0        0     2,942     3,856     -100      301   0.82      2   0.43      1
   5       568       470      684      566    2,152    2,152        0        0     2,515     2,651     -321      -66   1.04      0   1.11      1
   6       516       432      621      520    2,032    2,032        0        0     2,457     2,651     -197       99   1.04      2   0.78      1
   7       250     1,148      301    1,381    1,376    1,376        0        0     1,902     2,651      225     -106   0.31      0   0.35      0
   8       708     1,455      852    1,751      810      810        0        0     1,662     2,410        0     -150   0.86      1   0.44      1
   9       961     1,118    1,156    1,345       11       11        0        0     1,465     1,205      297     -152   0.80      0   0.89      0
  10       967       450    1,163      542        0        0        0        0     1,561       241      397     -301   0.20      1   0.17      1
  11       823       965      990    1,161        0        0        0        0     1,117     1,687      126      526   1.02      0   0.63      0
  12     1,028       614    1,237      739        0        0        0        0     1,439       964      202      225   0.34      0   0.37      0
  13     1,408       325    1,695      391        0        0        0        0     1,525       241     -170     -150   0.76      1   0.88      1
  14     2,680     2,016    3,225    2,426        0        0        0        0     3,075     2,651     -150      225   0.88      1   0.68      1
  15     1,803     2,203    2,170    2,651        0        0        0        0     2,095     2,651      -75        0   0.37      1   0.93      1
  16     1,770     2,065    2,130    2,485        0        0        0        0     2,130     2,410        0      -75   0.68      0   0.51      0
  17     1,577     1,001    1,898    1,205        0        0        0        0     1,673     1,205     -225       -0   0.93      1   0.56      1
  18     1,817     1,602    2,187    1,928        0        0        0        0     2,187     1,928        0        0   0.60      0   1.21      0
  19     1,891       463    2,276      557        0        0        0        0     2,351       482       75      -75   0.47      2   0.31      2
  20       981     3,204    1,180    3,856        0        0        0        0     1,330     3,856      150       -0   0.62      0   0.75      0
  21     1,035     1,602    1,245    1,928        0        0        0        0     1,320     1,928       75        0   0.91      1   0.08      0
  22     1,659     2,314    1,996    2,784       33       33        0        0     2,480     2,892      451       75   0.75      1   1.38      2
  23     1,123     2,213    1,351    2,663      229      229        0        0     1,998     2,892      418        0   0.44      0   0.00      0
 TOT    25,336    29,295   30,488   35,252   16,879   16,879       96       96    47,292    52,056      -75      -75

================ dia (4, 288) ================
LP 21,830.45   MILP 25,876.85 (gap 11.42%, 121s)   B 28,312.38
energia del dia (presupuesto): LP [-5.9902736995071475]  MILP [-6.0261112912921115]  B [-6.04946068374126]
familia                     n      suma LP    suma MILP     suma B  frac LP    costo LP  costo MILP     costo B
Y                        7200       392.56       395.00     398.00       79         0.0         0.0         0.0
Z                         720       310.09       307.00     303.00       30         0.0         0.0         0.0
Z_swap                    720        17.35        18.00      19.00       68         0.0         0.0         0.0
S                         180        90.92        84.00      84.00      137         0.0         0.0         0.0
Sv                       2082       196.23       216.00     228.00      720         0.0         0.0         0.0
X_dch                     180        72.85        60.00      48.00      117         0.0         0.0         0.0
X_ini                     179        16.35        18.00      19.00       60         0.0         0.0         0.0
W                         180        17.35        18.00      19.00       58         0.0         0.0         0.0
P_red                     180    26,270.10    31,139.43  34,070.26        -    21,830.4    25,876.9    28,312.4

hora  costo LP  costo MI   red LP   red MI   sol LP   sol MI  curt LP  curt MI  carga LP  carga MI  bess LP  bess MI swp LP swp MI ini LP ini MI
   0       330       331      397      399    1,801    1,801      161      161     1,826     1,687     -373     -513   1.83      0   1.43      1
   1       217       600      261      722    2,154    2,154        0        0     2,389     2,651      -26     -225   0.00      2   0.74      2
   2        33       699       39      841    2,878    2,878        0        0     2,407     3,856     -510      137   0.85      1   0.97      1
   3        75       293       90      352    2,646    2,646        0        0     2,507     3,374     -229      376   1.01      1   0.96      1
   4        99       609      119      733    2,972    2,972        0        0     2,856     3,856     -235      150   1.06      1   0.82      1
   5       237       286      285      344    2,397    2,292        0      105     2,261     2,410     -421     -225   0.78      1   0.78      1
   6       325       815      391      980    2,212    2,212        0        0     2,624     2,892       21     -301   0.64      1   0.69      1
   7       410       595      493      716    1,465    1,465        0        0     1,928     2,169      -30      -12   0.58      0   0.54      1
   8       455     1,167      547    1,404      873      873        0        0     1,570     2,169      150     -108   0.44      1   0.44      0
   9       935       523    1,126      629      215      215        0        0     1,416       964       75      120   0.57      1   0.57      0
  10     1,535       538    1,848      648        0        0        0        0     1,998       723      150       75   0.96      0   0.96      1
  11     1,543     1,339    1,857    1,612        0        0        0        0     1,932     1,687       75       75   1.04      0   0.39      0
  12     1,365       952    1,643    1,145        0        0        0        0     1,643     1,446        0      301   0.55      2   1.87      1
  13     2,611     2,479    3,142    2,983        0        0        0        0     3,217     3,133       75      150   0.93      0   0.00      1
  14     1,916     1,402    2,306    1,687        0        0        0        0     2,155     1,687     -150        0   0.36      1   0.37      0
  15       789     1,665      950    2,003        0        0        0        0     1,025     1,928       75      -75   1.64      1   0.94      2
  16     1,582     3,142    1,904    3,781        0        0        0        0     1,904     3,856        0       75   0.12      0   1.06      0
  17     1,881       864    2,263    1,039        0        0        0        0     2,338       964       75      -75   0.09      1   0.09      1
  18     1,365     1,540    1,642    1,853        0        0        0        0     1,642     1,928        0       75   1.03      1   0.68      0
  19       987     2,003    1,188    2,410        0        0        0        0     1,414     2,410      225        0   0.78      1   0.31      2
  20     1,408     2,804    1,694    3,374        0        0        0        0     1,694     3,374        0       -0   0.49      0   0.83      0
  21     1,039       249    1,250      299        2        2        0        0     1,478         0      225     -302   0.53      1   0.00      0
  22       651       517      784      622      523      523        0        0     1,757     1,446      451      302   0.64      1   0.92      1
  23        44       468       53      563      958      958       72       72     1,311     1,446      301      -75   0.44      0   0.00      0
 TOT    21,830    25,877   26,270   31,139   21,097   20,992      233      338    47,292    52,056      -75      -75
