OK Warm start Y: 3697 cargados, 0 omitidos
OK Warm start Z: 7652 cargados, 0 omitidos
OK Warm start Z_swap: 171 cargados, 0 omitidos
OK Warm start StartAssign: 0 cargados, 0 omitidos
OK Warm start EndAssign: 0 cargados, 0 omitidos
OK Warm start B: 11584 cargados, 0 omitidos
OK Warm start X: 4 cargados, 0 omitidos
OK Warm start Delta_X: 1 cargados, 0 omitidos
OK Warm start N_bays: 4 cargados, 0 omitidos
OK Warm start Delta_N_bays: 4 cargados, 0 omitidos
OK Warm start N_chargers: 4 cargados, 0 omitidos
OK Warm start Delta_N_chargers: 4 cargados, 0 omitidos
OK Warm start n_ssee_k: 1 cargados, 0 omitidos
OK Warm start N_batteries: 4 cargados, 0 omitidos
OK Warm start Delta_N_batteries: 4 cargados, 0 omitidos
OK Warm start B_s: 11520 cargados, 0 omitidos
OK Warm start S: 2880 cargados, 0 omitidos
OK Warm start Sv: 33312 cargados, 0 omitidos
OK Warm start X_dch: 2880 cargados, 0 omitidos
OK Warm start X_ini: 2864 cargados, 0 omitidos
OK Warm start W: 2880 cargados, 0 omitidos
OK Warm start P_pot: 4 cargados, 0 omitidos
OK Warm start P_red: 2880 cargados, 0 omitidos
OK Warm start G_g: 2 cargados, 0 omitidos
OK Warm start P_gen: 5760 cargados, 0 omitidos
OK Warm start Curt_g: 0 cargados, 5760 omitidos
OK Warm start H: 1 cargados, 0 omitidos
OK Warm start P_bat: 2880 cargados, 0 omitidos
OK Warm start A_h: 2896 cargados, 0 omitidos
OK Warm start N_batteries_total: 4 cargados, 0 omitidos
OK Warm start n_battery_fleet: 4 cargados, 0 omitidos
OK Warm start R: 0 cargados, 0 omitidos
OK Warm start b_bar: 4 cargados, 0 omitidos
OK Warm start D: 4 cargados, 0 omitidos
OK Warm start EnergyConsumed: 4 cargados, 0 omitidos
OK Warm start N_ciclos: 4 cargados, 0 omitidos
OK Warm start N_total: 4 cargados, 0 omitidos
OK Warm start P_bbar_zagg: 11520 cargados, 0 omitidos
OK Warm start Z_repl: 4 cargados, 0 omitidos
OK Warm start w_deg: 4 cargados, 0 omitidos
OK Warm start completo desde 'output\Resultados_finales_tesis\Mina_modelo\estab_4anios_B_box': 105449 valores cargados, 5760 omitidos
[BD] particion en 6s: 237,934 columnas, 242,973 filas; maestro 78 variables (44 enteras) y 109 filas; 16 bloques; 16 presupuestos; copias por bloque 8-10
[BD] 16 subproblemas y maestro armados en 2s (4 en paralelo x 8 hilos)
[frac] B pulido: 1,869,867.50
[frac] 4 dias en 301s

================ dia (4, 105) ================
LP 23,504.36   MILP 27,474.21 (gap 10.48%, 301s)   B 27,802.64
energia del dia (presupuesto): LP [-5.9902736995071]  MILP [-6.019644781261601]  B [-6.0117637221619145]
familia                     n      suma LP    suma MILP     suma B  frac LP    costo LP  costo MILP     costo B
Y                        7200       392.56       394.00     394.00      173         0.0         0.0         0.0
Z                         720       311.09       308.00     308.00       39         0.0         0.0         0.0
Z_swap                    720        16.35        18.00      18.00      152         0.0         0.0         0.0
S                         180       122.81        85.00      88.00      169         0.0         0.0         0.0
Sv                       2082       196.23       216.00     216.00      780         0.0         0.0         0.0
X_dch                     180        40.96        59.00      56.00       92         0.0         0.0         0.0
X_ini                     179        16.35        18.00      18.00       65         0.0         0.0         0.0
W                         180        16.35        18.00      18.00       97         0.0         0.0         0.0
P_red                     180    28,284.43    33,061.63  33,456.86        -    23,504.4    27,474.2    27,802.6

hora   costo LP  costo MILP  swaps LP swaps MILP  ini LP ini MILP

================ dia (4, 15) ================
LP 23,022.29   MILP 26,981.48 (gap 10.60%, 300s)   B 27,132.14
energia del dia (presupuesto): LP [-5.990273699507102]  MILP [-6.00641797635067]  B [-6.03313351702837]
familia                     n      suma LP    suma MILP     suma B  frac LP    costo LP  costo MILP     costo B
Y                        7200       392.56       393.00     395.00      158         0.0         0.0         0.0
Z                         720       311.09       309.00     307.00       43         0.0         0.0         0.0
Z_swap                    720        16.35        18.00      18.00      136         0.0         0.0         0.0
S                         180       122.66        93.00      89.00      152         0.0         0.0         0.0
Sv                       2082       196.23       216.00     216.00      744         0.0         0.0         0.0
X_dch                     180        41.11        51.00      55.00       87         0.0         0.0         0.0
X_ini                     179        16.35        18.00      18.00       62         0.0         0.0         0.0
W                         180        16.35        18.00      18.00       88         0.0         0.0         0.0
P_red                     180    27,704.33    32,468.70  32,650.00        -    23,022.3    26,981.5    27,132.1

hora   costo LP  costo MILP  swaps LP swaps MILP  ini LP ini MILP

================ dia (4, 196) ================
LP 25,335.53   MILP 29,294.72 (gap 9.79%, 301s)   B 31,700.21
energia del dia (presupuesto): LP [-5.990273699507092]  MILP [-6.032224164055328]  B [-6.02444414417487]
familia                     n      suma LP    suma MILP     suma B  frac LP    costo LP  costo MILP     costo B
Y                        7200       392.56       395.00     395.00      157         0.0         0.0         0.0
Z                         720       311.09       307.00     306.00       32         0.0         0.0         0.0
Z_swap                    720        16.35        18.00      19.00      143         0.0         0.0         0.0
S                         180       116.29       100.00      87.00      170         0.0         0.0         0.0
Sv                       2082       196.23       216.00     228.00      696         0.0         0.0         0.0
X_dch                     180        47.48        44.00      45.00       91         0.0         0.0         0.0
X_ini                     179        16.35        18.00      19.00       58         0.0         0.0         0.0
W                         180        16.35        18.00      19.00       96         0.0         0.0         0.0
P_red                     180    30,488.02    35,252.38  38,147.08        -    25,335.5    29,294.7    31,700.2

hora   costo LP  costo MILP  swaps LP swaps MILP  ini LP ini MILP

================ dia (4, 288) ================
LP 21,830.45   MILP 25,789.64 (gap 11.12%, 300s)   B 28,312.38
energia del dia (presupuesto): LP [-5.9902736995071475]  MILP [-6.040610419251148]  B [-6.04946068374126]
familia                     n      suma LP    suma MILP     suma B  frac LP    costo LP  costo MILP     costo B
Y                        7200       392.56       395.00     398.00       79         0.0         0.0         0.0
Z                         720       310.09       307.00     303.00       30         0.0         0.0         0.0
Z_swap                    720        17.35        18.00      19.00       68         0.0         0.0         0.0
S                         180        90.92        89.00      84.00      137         0.0         0.0         0.0
Sv                       2082       196.23       216.00     228.00      720         0.0         0.0         0.0
X_dch                     180        72.85        55.00      48.00      117         0.0         0.0         0.0
X_ini                     179        16.35        18.00      19.00       60         0.0         0.0         0.0
W                         180        17.35        18.00      19.00       58         0.0         0.0         0.0
P_red                     180    26,270.10    31,034.47  34,070.26        -    21,830.4    25,789.6    28,312.4

hora   costo LP  costo MILP  swaps LP swaps MILP  ini LP ini MILP
