[diag] enteras sin valor (iran a 0 en el pulido): {'StartAssign': 28800, 'EndAssign': 28800, 'X_ini': 40}
[diag] respaldo output/Resultados_finales_tesis/Mina_modelo/P_red_only_r3/incumbente_respaldo.pkl (iteracion 3, incumbente 2,584,190.80): 594,850 valores cargados, 49 sin variable en el modelo
[BD] particion en 29s: 594,832 columnas, 607,481 filas; maestro 192 variables (110 enteras) y 281 filas; 40 bloques; 40 presupuestos; copias por bloque 8-10
[BD] 40 subproblemas y maestro armados en 8s (8 en paralelo x 8 hilos)
[diag] B pulido: 2,584,190.80
Set parameter OutputFlag to value 1
Set parameter LogToConsole to value 0
Set parameter OutputFlag to value 1
Set parameter LogToConsole to value 0
Set parameter OutputFlag to value 1
Set parameter LogToConsole to value 0
Set parameter OutputFlag to value 1
Set parameter LogToConsole to value 0
Set parameter OutputFlag to value 1
Set parameter LogToConsole to value 0
Set parameter OutputFlag to value 1
Set parameter LogToConsole to value 0
Set parameter OutputFlag to value 1
Set parameter LogToConsole to value 0
Set parameter OutputFlag to value 1
Set parameter LogToConsole to value 0

[diag] 8 dias en 3601s

       dia           LP    cota MILP     MILP inc            B  gap B-cota     B-inc
  (7, 105)       30,695       31,899       34,306       34,306      7.02%        -0
   (7, 15)       30,695       31,899       34,306       34,306      7.02%         0
  (7, 196)       30,695       31,899       34,306       34,306      7.02%        -0
  (7, 288)       30,695       31,899       34,306       34,306      7.02%         0
  (9, 105)       10,446       11,938       11,938       11,938      0.00%         0
   (9, 15)       10,446       11,938       11,938       11,938      0.00%         0
  (9, 196)       10,446       11,938       11,938       11,938      0.00%         0
  (9, 288)       10,446       11,938       11,938       11,938      0.00%         0
     TOTAL      164,563      175,347      184,977      184,977

[diag] B - LP = 20,414 (lo que la cota no ve); B - cota MILP = 9,630; B - mejor MILP = 0
