OK Warm start Y: 10642 cargados, 0 omitidos
OK Warm start Z: 17651 cargados, 0 omitidos
OK Warm start Z_swap: 507 cargados, 0 omitidos
OK Warm start StartAssign: 0 cargados, 0 omitidos
OK Warm start EndAssign: 0 cargados, 0 omitidos
OK Warm start B: 28960 cargados, 0 omitidos
OK Warm start X: 10 cargados, 0 omitidos
OK Warm start Delta_X: 1 cargados, 0 omitidos
OK Warm start N_bays: 10 cargados, 0 omitidos
OK Warm start Delta_N_bays: 10 cargados, 0 omitidos
OK Warm start N_chargers: 10 cargados, 0 omitidos
OK Warm start Delta_N_chargers: 10 cargados, 0 omitidos
OK Warm start n_ssee_k: 1 cargados, 0 omitidos
OK Warm start N_batteries: 10 cargados, 0 omitidos
OK Warm start Delta_N_batteries: 10 cargados, 0 omitidos
OK Warm start B_s: 28800 cargados, 0 omitidos
OK Warm start S: 7200 cargados, 0 omitidos
OK Warm start Sv: 83280 cargados, 0 omitidos
OK Warm start X_dch: 7200 cargados, 0 omitidos
OK Warm start X_ini: 7160 cargados, 0 omitidos
OK Warm start W: 7200 cargados, 0 omitidos
OK Warm start P_pot: 10 cargados, 0 omitidos
OK Warm start P_red: 7200 cargados, 0 omitidos
OK Warm start G_g: 2 cargados, 0 omitidos
OK Warm start P_gen: 14400 cargados, 0 omitidos
OK Warm start Curt_g: 0 cargados, 14400 omitidos
OK Warm start H: 1 cargados, 0 omitidos
OK Warm start P_bat: 7200 cargados, 0 omitidos
OK Warm start A_h: 7240 cargados, 0 omitidos
OK Warm start N_batteries_total: 10 cargados, 0 omitidos
OK Warm start n_battery_fleet: 10 cargados, 0 omitidos
OK Warm start R: 0 cargados, 0 omitidos
OK Warm start b_bar: 10 cargados, 0 omitidos
OK Warm start D: 10 cargados, 0 omitidos
OK Warm start EnergyConsumed: 10 cargados, 0 omitidos
OK Warm start N_ciclos: 10 cargados, 0 omitidos
OK Warm start N_total: 10 cargados, 0 omitidos
OK Warm start P_bbar_zagg: 28800 cargados, 0 omitidos
OK Warm start Z_repl: 10 cargados, 0 omitidos
OK Warm start w_deg: 10 cargados, 0 omitidos
OK Warm start completo desde 'output/Resultados_finales_tesis/Mina_modelo/P_red_gen_bat_swap_libre_v6_estab': 263615 valores cargados, 14400 omitidos
[BD] particion en 22s: 594,832 columnas, 607,481 filas; maestro 192 variables (110 enteras) y 281 filas; 40 bloques; 40 presupuestos; copias por bloque 8-10
[BD] 40 subproblemas y maestro armados en 6s (8 en paralelo x 8 hilos)
[ub] incumbente pulido 2,102,560.97 (esperado 2,102,560.97)
[ub]   (1, 105)  B        12.23  MILP         0.00  gap 0.00%  mejora      12.23  (1s)
[ub]    (1, 15)  B         0.00  MILP         0.00  gap 0.00%  mejora       0.00  (0s)
[ub]   (1, 196)  B         0.00  MILP         0.00  gap 0.00%  mejora       0.00  (0s)
[ub]   (1, 288)  B         0.00  MILP         0.00  gap 0.00%  mejora       0.00  (0s)
[ub]  (10, 105)  B         0.00  MILP         0.00  gap 0.00%  mejora       0.00  (0s)
[ub]   (10, 15)  B         0.00  MILP         0.00  gap 0.00%  mejora       0.00  (0s)
[ub]  (10, 196)  B         0.00  MILP         0.00  gap 0.00%  mejora       0.00  (0s)
[ub]  (10, 288)  B         0.00  MILP         0.00  gap 0.00%  mejora       0.00  (0s)
[ub]   (2, 105)  B         9.27  MILP         0.00  gap 0.00%  mejora       9.27  (3s)
[ub]    (2, 15)  B         0.00  MILP         0.00  gap 0.00%  mejora       0.00  (0s)
[ub]   (2, 196)  B         0.00  MILP         0.00  gap 0.00%  mejora       0.00  (0s)
[ub]   (2, 288)  B         0.00  MILP         0.00  gap 0.00%  mejora       0.00  (0s)
[ub]   (3, 105)  B     9,917.14  MILP     9,917.14  gap 0.00%  mejora       0.00  (2s)
[ub]    (3, 15)  B     9,370.77  MILP     9,370.77  gap 0.00%  mejora       0.00  (1s)
[ub]   (3, 196)  B     6,831.86  MILP     6,831.86  gap 0.00%  mejora      -0.00  (1s)
[ub]   (3, 288)  B     7,927.70  MILP     7,927.70  gap 0.00%  mejora      -0.00  (1s)
[ub]   (4, 105)  B    13,771.78  MILP    11,173.11  gap 19.76%  mejora   2,598.67  (600s)
[ub]    (4, 15)  B    13,095.86  MILP    10,692.60  gap 22.58%  mejora   2,403.25  (600s)
[ub]   (4, 196)  B    11,489.07  MILP     9,391.22  gap 28.84%  mejora   2,097.85  (600s)
[ub]   (4, 288)  B    10,221.78  MILP     9,968.14  gap 47.13%  mejora     253.64  (600s)
[ub]   (5, 105)  B    10,703.57  MILP    10,703.57  gap 23.85%  mejora       0.00  (600s)
[ub]    (5, 15)  B    11,013.37  MILP    10,939.03  gap 31.20%  mejora      74.35  (600s)
[ub]   (5, 196)  B     9,387.67  MILP     8,621.96  gap 29.54%  mejora     765.71  (600s)
[ub]   (5, 288)  B     9,061.95  MILP     9,061.95  gap 47.13%  mejora       0.00  (600s)
[ub]   (6, 105)  B    11,100.99  MILP    11,054.62  gap 29.05%  mejora      46.37  (600s)
[ub]    (6, 15)  B    10,609.06  MILP     9,809.40  gap 25.83%  mejora     799.67  (600s)
[ub]   (6, 196)  B     8,277.62  MILP     8,241.32  gap 27.72%  mejora      36.31  (600s)
[ub]   (6, 288)  B    10,224.29  MILP     8,447.76  gap 42.92%  mejora   1,776.54  (600s)
[ub]   (7, 105)  B    12,213.42  MILP     9,834.01  gap 22.56%  mejora   2,379.41  (600s)
[ub]    (7, 15)  B    11,636.25  MILP     9,830.66  gap 27.72%  mejora   1,805.60  (600s)
[ub]   (7, 196)  B     8,631.91  MILP     8,631.91  gap 31.65%  mejora       0.00  (600s)
[ub]   (7, 288)  B     9,294.81  MILP     8,392.01  gap 42.75%  mejora     902.80  (600s)
[ub]   (8, 105)  B     3,254.18  MILP     2,840.50  gap 55.30%  mejora     413.68  (600s)
[ub]    (8, 15)  B     3,294.30  MILP     2,437.00  gap 67.16%  mejora     857.29  (600s)
[ub]   (8, 196)  B     2,053.44  MILP     1,553.45  gap 100.00%  mejora     499.99  (600s)
[ub]   (8, 288)  B     1,884.02  MILP     1,380.45  gap 100.00%  mejora     503.57  (600s)
[ub]   (9, 105)  B         0.00  MILP         0.00  gap 0.00%  mejora       0.00  (0s)
[ub]    (9, 15)  B         0.00  MILP         0.00  gap 0.00%  mejora       0.00  (0s)
[ub]   (9, 196)  B         0.00  MILP         0.00  gap 0.00%  mejora       0.00  (0s)
[ub]   (9, 288)  B         0.00  MILP         0.00  gap 0.00%  mejora       0.00  (0s)
[ub] el pulido con la operacion nueva es INFACTIBLE: el incumbente queda igual
