[diag] enteras sin valor (iran a 0 en el pulido): {'StartAssign': 28800, 'EndAssign': 28800, 'X_ini': 40}
[diag] respaldo output/Resultados_finales_tesis/Mina_modelo/P_red_gen/incumbente_respaldo.pkl (iteracion 7, incumbente 2,167,384.29): 594,850 valores cargados, 49 sin variable en el modelo
[BD] particion en 15s: 594,832 columnas, 607,481 filas; maestro 192 variables (110 enteras) y 281 filas; 40 bloques; 40 presupuestos; copias por bloque 8-10
[BD] 40 subproblemas y maestro armados en 4s (4 en paralelo x 8 hilos)
[ub] incumbente pulido 2,167,384.29 (esperado 2,167,384.29)
[ub]   (1, 105)  B         0.00  MILP         0.00  gap 0.00%  mejora       0.00  (0s)
[ub]    (1, 15)  B         0.00  MILP         0.00  gap 0.00%  mejora       0.00  (0s)
[ub]   (1, 196)  B         0.00  MILP         0.00  gap 0.00%  mejora       0.00  (0s)
[ub]   (1, 288)  B         0.00  MILP         0.00  gap 0.00%  mejora       0.00  (0s)
[ub]  (10, 105)  B         0.00  MILP         0.00  gap 0.00%  mejora       0.00  (0s)
[ub]   (10, 15)  B         0.00  MILP         0.00  gap 0.00%  mejora       0.00  (0s)
[ub]  (10, 196)  B         0.00  MILP         0.00  gap 0.00%  mejora       0.00  (0s)
[ub]  (10, 288)  B         0.00  MILP         0.00  gap 0.00%  mejora       0.00  (0s)
[ub]   (2, 105)  B     4,527.43  MILP     4,527.43  gap 0.00%  mejora       0.00  (1s)
[ub]    (2, 15)  B     2,223.04  MILP     2,223.04  gap 0.00%  mejora       0.00  (1s)
[ub]   (2, 196)  B     5,459.20  MILP     5,459.20  gap 0.00%  mejora       0.00  (1s)
[ub]   (2, 288)  B     2,109.28  MILP     2,109.28  gap 0.00%  mejora       0.00  (1s)
[ub]   (3, 105)  B    13,404.57  MILP    10,760.99  gap 24.57%  mejora   2,643.58  (601s)
[ub]    (3, 15)  B    11,796.29  MILP     9,844.63  gap 33.92%  mejora   1,951.65  (601s)
[ub]   (3, 196)  B    17,679.17  MILP    12,229.13  gap 20.29%  mejora   5,450.05  (602s)
[ub]   (3, 288)  B    11,219.17  MILP     9,786.20  gap 39.38%  mejora   1,432.97  (601s)
[ub]   (4, 105)  B    20,216.55  MILP    19,819.77  gap 17.60%  mejora     396.78  (601s)
[ub]    (4, 15)  B    20,263.56  MILP    19,586.12  gap 21.17%  mejora     677.44  (601s)
[ub]   (4, 196)  B    23,262.93  MILP    21,768.42  gap 16.26%  mejora   1,494.51  (602s)
[ub]   (4, 288)  B    19,765.71  MILP    19,741.73  gap 24.06%  mejora      23.98  (601s)
[ub]   (5, 105)  B    19,539.02  MILP    19,340.72  gap 20.13%  mejora     198.30  (600s)
[ub]    (5, 15)  B    18,750.50  MILP    18,411.16  gap 23.76%  mejora     339.34  (600s)
[ub]   (5, 196)  B    21,165.21  MILP    21,165.21  gap 20.64%  mejora       0.00  (601s)
[ub]   (5, 288)  B    17,292.28  MILP    17,108.08  gap 20.37%  mejora     184.20  (601s)
[ub]   (6, 105)  B    17,831.91  MILP    17,153.15  gap 15.53%  mejora     678.76  (601s)
[ub]    (6, 15)  B    17,352.85  MILP    16,746.75  gap 21.19%  mejora     606.10  (600s)
[ub]   (6, 196)  B    19,508.02  MILP    18,927.56  gap 12.97%  mejora     580.46  (600s)
[ub]   (6, 288)  B    16,380.75  MILP    16,343.84  gap 21.66%  mejora      36.91  (601s)
[ub]   (7, 105)  B    17,713.02  MILP    16,377.89  gap 16.61%  mejora   1,335.13  (601s)
[ub]    (7, 15)  B    17,032.74  MILP    16,010.20  gap 21.98%  mejora   1,022.54  (600s)
[ub]   (7, 196)  B    19,297.51  MILP    17,907.99  gap 17.48%  mejora   1,389.52  (601s)
[ub]   (7, 288)  B    16,637.85  MILP    15,666.53  gap 22.46%  mejora     971.32  (601s)
[ub]   (8, 105)  B     9,964.63  MILP     9,258.22  gap 17.43%  mejora     706.42  (602s)
[ub]    (8, 15)  B     8,918.50  MILP     8,418.55  gap 32.15%  mejora     499.95  (601s)
[ub]   (8, 196)  B    10,977.38  MILP    10,105.92  gap 23.22%  mejora     871.46  (600s)
[ub]   (8, 288)  B     8,559.51  MILP     8,559.51  gap 37.19%  mejora       0.00  (600s)
[ub]   (9, 105)  B        38.82  MILP         5.55  gap 0.00%  mejora      33.28  (226s)
[ub]    (9, 15)  B         0.00  MILP         0.00  gap 0.00%  mejora       0.00  (1s)
[ub]   (9, 196)  B       108.88  MILP       108.88  gap 77.07%  mejora       0.00  (600s)
[ub]   (9, 288)  B         0.00  MILP         0.00  gap 0.00%  mejora       0.00  (0s)

[ub] años aceptados [3, 4, 5, 6, 7, 8, 9] (24 dias)
[ub] UB 2,167,384.29 -> 2,143,677.60  (23,706.68 menos, 1.094%)
[ub] solucion mejorada en output/Resultados_finales_tesis/Mina_modelo/mejorar_ub_red_gen\solucion (usable como --incumbente_inicial)
