
Gurobi 12.0.3 (win64) logging started Mon Sep  7 19:23:56 2026

Set parameter LogFile to value "C:\Users\TECNO-MASTER\Desktop\Elmo_infrastructure_sizing_NP-\output\DCH_septiembre\Bateria_353\Costo_variable\Carga_libre\Carga_on_board_variable_3estaciones_P160kW_Descomp/station_3_d182_stage1\gurobi.log"
Set parameter Threads to value 1
Set parameter Heuristics to value 0.5
Set parameter MIPFocus to value 3
Set parameter Presolve to value 2
Set parameter FlowCoverCuts to value 2
Set parameter TimeLimit to value 1200
Gurobi Optimizer version 12.0.3 build v12.0.3rc0 (win64 - Windows 11+.0 (26200.2))

CPU model: Intel(R) Core(TM) i9-14900K, instruction set [SSE2|AVX|AVX2]
Thread count: 24 physical cores, 32 logical processors, using up to 1 threads

Non-default parameters:
TimeLimit  1200
MIPGap  0.05
Heuristics  0.5
MIPFocus  3
FlowCoverCuts  2
Presolve  2
Threads  1

Optimize a model with 22770 rows, 37249 columns and 110688 nonzeros
Model fingerprint: 0xec3a213a
Variable types: 17323 continuous, 19926 integer (19925 binary)
Coefficient statistics:
  Matrix range     [1e-01, 2e+02]
  Objective range  [1e-02, 6e+04]
  Bounds range     [1e+00, 1e+00]
  RHS range        [1e+00, 1e+04]
Presolve removed 19951 rows and 26952 columns
Presolve time: 0.24s
Presolved: 2819 rows, 10297 columns, 31529 nonzeros
Variable types: 841 continuous, 9456 integer (9455 binary)
Root relaxation presolved: 2819 rows, 10297 columns, 31529 nonzeros


Root relaxation: objective 1.376916e+05, 6431 iterations, 0.93 seconds (0.96 work units)

    Nodes    |    Current Node    |     Objective Bounds      |     Work
 Expl Unexpl |  Obj  Depth IntInf | Incumbent    BestBd   Gap | It/Node Time

     0     0 137691.640    0  492          - 137691.640      -     -    2s
     0     0 147519.283    0  402          - 147519.283      -     -    2s
     0     0 150677.910    0  261          - 150677.910      -     -    3s
     0     0 152098.005    0  288          - 152098.005      -     -    4s
     0     0 152098.005    0  291          - 152098.005      -     -    4s
     0     0 152623.950    0  269          - 152623.950      -     -    5s
     0     0 152623.950    0  259          - 152623.950      -     -    7s
     0     0 152623.950    0  288          - 152623.950      -     -    9s
     0     0 152623.950    0  255          - 152623.950      -     -    9s
H    0     0                    187113.65194 152623.950  18.4%     -   10s
H    0     0                    187068.63995 152623.950  18.4%     -   11s
H    0     0                    166652.96300 152623.950  8.42%     -   11s
H    0     0                    165916.31235 152623.950  8.01%     -   11s
H    0     0                    165029.81709 152623.950  7.52%     -   11s
H    0     0                    164520.34731 152623.950  7.23%     -   11s
H    0     0                    164344.78956 152623.950  7.13%     -   11s
H    0     0                    164312.71500 152623.950  7.11%     -   11s

Cutting planes:
  Gomory: 5
  Cover: 8
  Clique: 2
  MIR: 1
  Flow cover: 1
  Zero half: 1
  Relax-and-lift: 10

Explored 1 nodes (34473 simplex iterations) in 12.24 seconds (11.71 work units)
Thread count was 1 (of 32 available processors)

Solution count 8: 164313 164345 164520 ... 187114

Optimal solution found (tolerance 5.00e-02)
Best objective 1.643127149959e+05, best bound 1.622830127015e+05, gap 1.2353%
