
Gurobi 12.0.3 (win64) logging started Tue Jun 30 15:28:56 2026

Set parameter LogFile to value "output/DCH_taller_julio/Costo_variable/Carga_on_board_1000kW_Descomp/station_3_d182_stage1\gurobi.log"
Set parameter Threads to value 5
Set parameter Heuristics to value 0.5
Set parameter MIPFocus to value 3
Set parameter Presolve to value 2
Set parameter FlowCoverCuts to value 2
Set parameter TimeLimit to value 172800
Gurobi Optimizer version 12.0.3 build v12.0.3rc0 (win64 - Windows 11+.0 (26200.2))

CPU model: Intel(R) Core(TM) i9-14900K, instruction set [SSE2|AVX|AVX2]
Thread count: 24 physical cores, 32 logical processors, using up to 5 threads

Non-default parameters:
TimeLimit  172800
MIPGap  0.01
Heuristics  0.5
MIPFocus  3
FlowCoverCuts  2
Presolve  2
Threads  5

Optimize a model with 22793 rows, 35809 columns and 110802 nonzeros
Model fingerprint: 0xdef0506a
Variable types: 17323 continuous, 18486 integer (18485 binary)
Coefficient statistics:
  Matrix range     [1e-01, 1e+03]
  Objective range  [1e-02, 2e+05]
  Bounds range     [1e+00, 1e+00]
  RHS range        [1e+00, 1e+04]
Presolve removed 19960 rows and 25836 columns
Presolve time: 0.10s
Presolved: 2833 rows, 9973 columns, 30958 nonzeros
Variable types: 821 continuous, 9152 integer (9151 binary)
Root relaxation presolved: 2833 rows, 9973 columns, 30958 nonzeros


Root relaxation: objective 6.518788e+04, 8001 iterations, 0.47 seconds (1.06 work units)

    Nodes    |    Current Node    |     Objective Bounds      |     Work
 Expl Unexpl |  Obj  Depth IntInf | Incumbent    BestBd   Gap | It/Node Time

     0     0 65187.8825    0  481          - 65187.8825      -     -    1s
H    0     0                    577261.26242 72455.5370  87.4%     -    1s
H    0     0                    443565.63251 98125.4209  77.9%     -    2s
H    0     0                    246159.53985 98125.4209  60.1%     -    2s
H    0     0                    240722.63608 98125.4209  59.2%     -    2s
H    0     0                    240434.68543 98125.4209  59.2%     -    2s
H    0     0                    238873.15368 98125.4209  58.9%     -    2s
H    0     0                    225029.22607 98125.4209  56.4%     -    2s
H    0     0                    223651.58832 98125.4209  56.1%     -    2s
H    0     0                    223425.49326 98125.4209  56.1%     -    2s
H    0     0                    223374.34270 98125.4209  56.1%     -    2s
H    0     0                    223372.79300 98125.4209  56.1%     -    2s
H    0     0                    223372.62574 98125.4209  56.1%     -    2s
H    0     0                    222396.88037 98125.4209  55.9%     -    2s
H    0     0                    219528.32279 98125.4209  55.3%     -    2s
H    0     0                    217595.65202 98125.4209  54.9%     -    2s
H    0     0                    217578.52221 98125.4209  54.9%     -    2s
H    0     0                    217489.42607 98125.4209  54.9%     -    2s
H    0     0                    217485.91092 98125.4209  54.9%     -    2s
H    0     0                    217485.61473 98125.4209  54.9%     -    2s
H    0     0                    217484.06504 98125.4209  54.9%     -    2s
H    0     0                    217483.46117 98125.4209  54.9%     -    2s
H    0     0                    217482.29520 98125.4209  54.9%     -    2s
     0     0 134704.730    0  376 217482.295 134704.730  38.1%     -    3s
H    0     0                    217016.18752 134704.730  37.9%     -    3s
H    0     0                    217014.52588 134704.730  37.9%     -    3s
H    0     0                    217013.10498 134704.730  37.9%     -    3s
H    0     0                    217004.32523 134704.730  37.9%     -    3s
     0     0 213737.767    0  396 217004.325 213737.767  1.51%     -    3s
H    0     0                    216344.47722 213737.767  1.20%     -    4s
H    0     0                    216148.34085 213737.767  1.12%     -    4s
H    0     0                    216130.22757 213737.767  1.11%     -    4s
H    0     0                    216129.29987 213795.612  1.08%     -    5s
H    0     0                    215655.91092 213795.612  0.86%     -    5s
H    0     0                    215652.99232 213795.612  0.86%     -    5s
H    0     0                    215652.97827 213795.612  0.86%     -    5s
     0     0 213939.120    0  344 215652.978 213939.120  0.79%     -    5s

Cutting planes:
  Gomory: 3
  Lift-and-project: 5
  Cover: 4
  Implied bound: 14
  MIR: 19
  Mixing: 6
  Flow cover: 40
  Relax-and-lift: 5

Explored 1 nodes (40330 simplex iterations) in 5.65 seconds (8.22 work units)
Thread count was 5 (of 32 available processors)

Solution count 10: 215653 215653 215656 ... 217015

Optimal solution found (tolerance 1.00e-02)
Best objective 2.156529782677e+05, best bound 2.139391201771e+05, gap 0.7947%
