
Gurobi 12.0.3 (win64) logging started Sun Oct 12 12:54:21 2025

Set parameter LogFile to value "ELMO_log.txt"
Set parameter Threads to value 32
Set parameter Heuristics to value 0.8
Gurobi Optimizer version 12.0.3 build v12.0.3rc0 (win64 - Windows 11+.0 (26200.2))

CPU model: Intel(R) Core(TM) i9-14900K, instruction set [SSE2|AVX|AVX2]
Thread count: 24 physical cores, 32 logical processors, using up to 32 threads

Non-default parameters:
MIPGap  0.05
Heuristics  0.8
Threads  32

Optimize a model with 8260 rows, 31122 columns and 58605 nonzeros
Model fingerprint: 0xe92f4be5
Variable types: 2316 continuous, 28806 integer (28803 binary)
Coefficient statistics:
  Matrix range     [5e-01, 4e+02]
  Objective range  [1e+00, 2e+05]
  Bounds range     [1e+00, 1e+00]
  RHS range        [1e+00, 2e+03]
Presolve removed 2988 rows and 22080 columns
Presolve time: 0.03s
Presolved: 5272 rows, 9042 columns, 30466 nonzeros
Variable types: 2268 continuous, 6774 integer (6772 binary)

Root relaxation: objective 2.262164e+05, 11966 iterations, 0.25 seconds (0.56 work units)

    Nodes    |    Current Node    |     Objective Bounds      |     Work
 Expl Unexpl |  Obj  Depth IntInf | Incumbent    BestBd   Gap | It/Node Time

     0     0 226216.370    0 1007          - 226216.370      -     -    0s
     0     0 230295.612    0 1080          - 230295.612      -     -    0s
     0     0 230295.612    0 1056          - 230295.612      -     -    0s
     0     0 230295.612    0 1058          - 230295.612      -     -    0s
     0     0 235885.005    0 1123          - 235885.005      -     -    1s
     0     0 235885.005    0 1101          - 235885.005      -     -    1s
     0     0 235885.005    0 1102          - 235885.005      -     -    1s
     0     0 244861.725    0 1137          - 244861.725      -     -    1s
     0     0 244861.725    0 1134          - 244861.725      -     -    1s
     0     0 244861.725    0 1135          - 244861.725      -     -    1s
     0     0 244861.725    0 1171          - 244861.725      -     -    1s
     0     0 244861.725    0 1088          - 244861.725      -     -    1s
H    0     0                    855573.23205 244861.725  71.4%     -    4s
H    0     0                    852895.57354 244861.725  71.3%     -    4s
H    0     0                    851838.21643 244861.725  71.3%     -    4s
H    0     0                    851017.36831 244861.725  71.2%     -    4s
H    0     0                    848520.48599 244861.725  71.1%     -    4s
H    0     0                    846407.91386 244861.725  71.1%     -    5s
H    0     0                    841827.03209 244861.725  70.9%     -    5s
H    0     0                    840822.08026 244861.725  70.9%     -    5s
H    0     0                    839589.41326 244861.725  70.8%     -    5s
H    0     0                    829536.93142 244861.725  70.5%     -    5s
H    0     0                    829016.56496 244861.725  70.5%     -    5s
H    0     0                    828054.71722 244861.725  70.4%     -    5s
H    0     0                    828052.05166 244861.725  70.4%     -    6s
H    0     0                    823450.81654 244861.725  70.3%     -    6s
H    0     0                    776146.81654 244861.725  68.5%     -    6s
H    0     2                    774819.14377 244861.725  68.4%     -    6s
     0     2 244861.725    0 1071 774819.144 244861.725  68.4%     -    6s
H   31    36                    774794.65107 246460.023  68.2%  2317    8s
H   38    36                    774490.00540 247292.705  68.1%  2512    8s
H   40    36                    773712.51693 247292.705  68.0%  2832    8s
H   85   100                    772553.48263 248244.069  67.9%  1737    9s
H   98   100                    772253.00380 248252.261  67.9%  1618    9s
H  108   100                    771936.50678 248252.261  67.8%  1542    9s
H  116   100                    771154.14851 248252.261  67.8%  1493    9s
   117   132 251422.895    8  595 771154.149 248252.261  67.8%  1487   10s
H  181   196                    770647.13933 248252.261  67.8%   980   11s
H  214   283                    769852.00803 248252.261  67.8%   837   12s
H  219   283                    769138.12988 248252.261  67.7%   819   12s
H  227   283                    769067.78498 248252.261  67.7%   792   12s
H  300   315                    768382.89773 248252.261  67.7%   606   14s
   332   347 252242.784   11  587 768382.898 248252.261  67.7%   550   15s
H  335   347                    768232.30943 248252.261  67.7%   546   15s
H  336   347                    768187.14656 248252.261  67.7%   544   15s
H  347   347                    768157.91139 248252.261  67.7%   528   15s
H  357   347                    768152.82189 248252.261  67.7%   514   15s
H  370   379                    768139.94711 248252.261  67.7%   498   16s
H  396   411                    767370.00518 248252.261  67.6%   465   17s
H  405   411                    767274.81441 248252.261  67.6%   456   17s
   684   699 252745.011   16  570 767274.814 248252.261  67.6%   280   20s
H  850   859                    721930.86371 248252.261  65.6%   231   21s
H  876   891                    721288.80343 248252.261  65.6%   225   23s
H  880   891                    720621.32427 248252.261  65.6%   224   23s
H  885   891                    720609.03930 248252.261  65.5%   223   23s
H  903   891                    719437.24850 248252.261  65.5%   218   23s
   972   987 252757.640   18  560 719437.249 248252.261  65.5%   205   26s
H 1004  1019                    718125.71498 248252.261  65.4%   199   26s
H 1005  1019                    718056.83360 248252.261  65.4%   198   26s
H 1008  1019                    718015.55246 248252.261  65.4%   198   26s
H 1018  1019                    717234.23855 248252.261  65.4%   196   26s
H 1031  1019                    717207.71922 248252.261  65.4%   194   26s
H 1047  1051                    716247.80162 248252.261  65.3%   192   28s
  1100  1115 252760.300   19  555 716247.802 248252.261  65.3%   184   32s
  1132  1147 252758.105   20  560 716247.802 248252.261  65.3%   179   35s
  1260  1275 252758.105   21  559 716247.802 248252.261  65.3%   163   41s
  1324  1339 252758.105   21  564 716247.802 248252.261  65.3%   156   45s
H 1361  1379                    714101.30125 248252.261  65.2%   153   46s
H 1386  1379                    713796.45914 248252.261  65.2%   150   46s
H 1396  1516                    713501.82887 248252.261  65.2%   149   49s
H 1446  1516                    713426.39723 248252.261  65.2%   145   49s
H 1474  1516                    713094.62103 248252.261  65.2%   142   49s
H 1532  1516                    713047.02806 248252.261  65.2%   137   49s
  1533  1836 252758.105   26  557 713047.028 248252.261  65.2%   137   50s
H 1882  1988                    712805.68980 248252.261  65.2%   114   52s
H 1991  1988                    712766.88024 248252.261  65.2%   109   52s
H 2423  2436                    712249.99528 248252.261  65.1%  91.8   57s
H 2425  2436                    711695.80485 248252.261  65.1%  91.7   57s
  2551  2564 252759.408   39  552 711695.805 248252.261  65.1%  87.8   60s
H 2624  2634                    711659.30127 248252.261  65.1%  85.7   61s
  3196  3202 253952.630   52  550 711659.301 248252.261  65.1%  73.1   66s
H 3197  3202                    711512.04895 248252.261  65.1%  73.1   66s
H 3210  3202                    711431.24023 248252.261  65.1%  72.8   66s
H 3222  3202                    711413.35061 248252.261  65.1%  72.6   66s
H 3226  3202                    711374.28825 248252.261  65.1%  73.0   66s
H 3908  3872                    711364.90311 248252.261  65.1%  63.4   69s
  3911  4610 253953.216   63  551 711364.903 248252.261  65.1%  63.4   70s
H 4672  4642                    711359.41588 248252.261  65.1%  55.2   71s
H 4698  4673                    711358.39578 248252.261  65.1%  55.0   73s
H 4701  4673                    711348.96611 248252.261  65.1%  55.0   73s
H 4702  4673                    710973.69328 248252.261  65.1%  55.0   73s
  4725  5370 254156.668   71  547 710973.693 248252.261  65.1%  54.9   75s
H 5437  5402                    710972.08596 248252.261  65.1%  50.2   76s
H 6100  6047                    710972.08587 248252.261  65.1%  49.5   78s
  6792  6740 257935.639   91  482 710972.086 248252.261  65.1%  47.1   80s
H 6831  6772                    710962.84458 248252.261  65.1%  47.1   81s
  7570  7507 258602.715  104  451 710962.845 248252.261  65.1%  45.6   85s
H 7581  7507                    710959.86100 248252.261  65.1%  45.6   85s
H 7587  7507                    710951.42782 248252.261  65.1%  45.6   85s
H 7696  8090                    710946.26146 248252.261  65.1%  45.3   87s
H 7734  8090                    710718.66938 248252.261  65.1%  45.2   87s
  8264  8185 259653.545  119  440 710718.669 248252.261  65.1%  44.1   90s
H 8379  8276                    710623.52988 248309.803  65.1%  44.3   93s
  8398  8307 259656.219  123  439 710623.530 248309.803  65.1%  44.3   95s
H 8431  8339                    710448.59175 248309.803  65.0%  44.2   97s
H 8459  8339                    710445.36961 248309.803  65.0%  44.1   97s
  8463  9151 259729.494  124  426 710445.370 248309.803  65.0%  44.1  100s
H 9638  9500                    710444.68758 248309.803  65.0%  41.7  103s
H 9648  9500                    710321.78675 248309.803  65.0%  41.7  103s
  9669 10450 259836.439  153  401 710321.787 248309.803  65.0%  41.7  106s
H10689 10512                    710311.93324 248309.803  65.0%  40.7  109s
 10721 11547 259770.127  174  392 710311.933 248309.803  65.0%  40.6  111s
H11845 11575                    710306.76702 249209.609  64.9%  39.9  113s
 11852 12751 260443.656  195  374 710306.767 249209.609  64.9%  39.9  116s
H12760 12751                    710306.66202 249209.609  64.9%  39.2  116s
H13093 12811                    710295.15516 249209.609  64.9%  39.0  118s
 13120 13399 260591.343  214  371 710295.155 249209.609  64.9%  38.9  122s
H13240 13399                    710295.15507 249209.609  64.9%  39.0  122s
H13340 13399                    710293.41891 249209.609  64.9%  38.8  122s
H13420 13399                    710229.08554 249209.609  64.9%  38.6  122s
H13749 13430                    710217.45930 249209.609  64.9%  38.3  124s
H13764 13430                    710215.81104 249209.609  64.9%  38.3  124s
 13775 14695 261455.770  228  372 710215.811 249209.609  64.9%  38.3  128s
H15081 14695                    710204.11718 249209.609  64.9%  36.6  131s
H15081 14695                    710203.20545 249209.609  64.9%  36.6  131s
H15081 14695                    710202.07139 249209.609  64.9%  36.6  132s
H15081 14695                    710200.30149 249209.609  64.9%  36.6  132s
 15082 14696 259898.567  209 1088 710200.301 249209.609  64.9%  36.6  136s
H15083 13962                    710199.66566 249209.609  64.9%  36.6  136s
H15085 13264                    710199.35842 249209.609  64.9%  36.6  139s
 15087 13268 249209.609   16  634 710199.358 249209.609  64.9%  38.2  140s
H15116 12630                    710189.10119 249209.609  64.9%  41.9  143s
H15125 11997                    709846.70622 249209.609  64.9%  42.2  143s
H15132 11395                    709834.47548 249209.609  64.9%  42.3  143s
 15233 11485 249209.609   24  563 709834.475 249209.609  64.9%  43.2  145s
H15278 10932                    709833.98382 249209.609  64.9%  43.5  146s
H15282 10389                    709752.10259 249209.609  64.9%  43.5  146s
H15297  9901                    709373.95983 249209.609  64.9%  43.6  147s
H15301  9412                    709371.00421 249209.609  64.9%  43.6  147s
H15302  8949                    709226.96684 249209.609  64.9%  43.6  147s
H15321  8502                    709212.03362 249209.609  64.9%  43.8  147s
 15487  8632 249209.609   27  567 709212.034 249209.609  64.9%  45.1  150s
H15533  8231                    709210.23834 249209.609  64.9%  45.3  150s
H15538  7832                    709209.98498 249209.609  64.9%  45.4  150s
H15552  7481                    709204.95255 249209.609  64.9%  45.4  152s
H15569  7118                    709110.68698 249209.609  64.9%  45.6  152s
 15842  7313 249209.609   33  566 709110.687 249209.609  64.9%  47.4  155s
H16047  7085                    709107.42974 249209.609  64.9%  48.9  159s
 16058  7245 249639.212   34  550 709107.430 249209.609  64.9%  49.0  160s
H16228  6897                    709072.93052 249209.609  64.9%  50.2  161s
H16232  6589                    709028.24333 249209.609  64.9%  50.3  161s
 16385  6696 251761.084   36  565 709028.243 249209.609  64.9%  51.5  165s
 16498  6783 251032.657   37  557 709028.243 249209.609  64.9%  52.2  170s
 16639  6861 252238.591   37  541 709028.243 249209.609  64.9%  52.9  176s
 16792  6969 251537.702   38  549 709028.243 249209.609  64.9%  53.6  180s
H16866  6716                    709017.76649 249209.609  64.9%  54.2  182s
 16896  6738 252562.976   38  541 709017.766 249209.609  64.9%  54.3  185s
H16931  6481                    709008.18473 249209.609  64.9%  54.5  187s
H16946  6213                    708989.02967 249209.609  64.9%  54.6  187s
 17312  6467 253915.120   42  511 708989.030 249209.609  64.9%  56.9  190s
H17318  6215                    708987.42617 249209.609  64.8%  56.9  190s
 17777  6521 255667.081   48  514 708987.426 249209.609  64.8%  59.4  195s
H17778  6282                    708981.66377 249209.609  64.8%  59.4  195s
 17873  6347 256035.293   48  501 708981.664 249209.609  64.8%  59.8  202s
H17877  6119                    708981.66329 249209.609  64.8%  59.9  202s
H17878  5904                    708980.60844 249209.609  64.8%  59.9  202s
H17890  5696                    708980.35757 249209.609  64.8%  60.0  202s
H17891  5503                    708980.32157 249209.609  64.8%  60.0  202s
 17938  5549 256511.823   49  486 708980.322 249209.609  64.8%  60.3  206s
H17940  5364                    708980.25940 249209.609  64.8%  60.3  206s
H17942  5189                    708979.82991 249209.609  64.8%  60.3  206s
 18002  5232 256518.479   49  483 708979.830 249209.609  64.8%  60.7  210s
H18037  5085                    708979.82958 249209.609  64.8%  60.9  213s
H18039  4926                    708979.76774 249209.609  64.8%  60.9  213s
H18040  4776                    708966.40100 249209.609  64.8%  60.9  213s
H18066  4625                    708965.61382 249209.609  64.8%  61.1  213s
 18067  5170 256150.296   48  498 708965.614 249209.609  64.8%  61.1  215s
H18650  4914                    708945.69123 249209.609  64.8%  63.7  218s
H18661  4782                    708943.91851 249209.609  64.8%  63.8  218s
H18678  4654                    708941.74269 249209.609  64.8%  63.8  218s
 18692  4682 258503.441   59  488 708941.743 249209.609  64.8%  63.8  220s
H18731  4585                    708941.03004 249209.609  64.8%  63.9  221s
H18737  4473                    708924.82011 249209.609  64.8%  63.9  221s
 18788  4520 258456.155   59  490 708924.820 249209.609  64.8%  64.1  225s
H18811  4407                    708719.99250 249209.609  64.8%  64.1  225s
H18857  4385                    708718.32544 249209.609  64.8%  64.2  229s
H18860  4289                    708707.82085 249209.609  64.8%  64.2  229s
 18912  4997 258702.005   61  494 708707.821 249209.609  64.8%  64.3  232s
 19687  4818 259928.312   70  482 708707.821 249209.609  64.8%  65.9  235s
H19689  4727                    708702.78976 249209.609  64.8%  65.9  235s
 19769  4762 260246.402   73  465 708702.790 249209.609  64.8%  66.0  241s
H19775  4675                    708685.92936 249209.609  64.8%  66.0  241s
H19782  4620                    708684.26230 249209.609  64.8%  66.0  241s
H19786  4620                    708669.06895 249209.609  64.8%  66.0  241s
H19810  4652                    708669.06744 249209.609  64.8%  66.1  243s
 19834  5500 259805.980   72  465 708669.067 249209.609  64.8%  66.1  247s
 20738  5611 261616.017   88  431 708669.067 249209.609  64.8%  68.2  250s
 20974  6265 261771.478   87  408 708669.067 249209.609  64.8%  68.4  255s
H21046  6112                    642780.52003 249209.609  61.2%  68.6  255s
H21511  6090                    642778.72474 249209.609  61.2%  69.2  256s
H21514  6090                    641945.73314 249209.609  61.2%  69.2  256s
 22567  7067 263580.736  110  381 641945.733 249209.609  61.2%  70.5  261s
H22570  7067                    641942.57318 249209.609  61.2%  70.5  261s
H22572  7067                    641769.55292 249209.609  61.2%  70.5  261s
H22575  6300                    499431.10457 249209.609  50.1%  70.5  261s
H22633  6297                    498643.40229 249209.609  50.0%  70.7  264s
 22662  7263 263582.546  110  380 498643.402 249209.609  50.0%  70.7  269s
 23701  7295 264004.053  120  352 498643.402 249209.609  50.0%  72.6  270s
H23808  6920                    456732.50118 249209.609  45.4%  72.9  273s
 23954  6875 264003.971  119  349 456732.501 249209.609  45.4%  72.8  275s
H23968  6873                    456642.04263 249209.609  45.4%  72.8  275s
H23994  6873                    456521.72829 249209.609  45.4%  72.8  275s
H24019  6897                    456398.85434 249209.609  45.4%  72.9  277s
 24042  7584 264157.115  121  351 456398.854 249209.609  45.4%  72.9  281s
H24813  7587                    455816.12997 249209.609  45.3%  74.7  282s
 24846  8636 264207.847  125  337 455816.130 249209.609  45.3%  74.8  286s
H25917  8648                    455568.47809 249209.609  45.3%  77.8  288s
H25971  8664                    455469.34177 249209.609  45.3%  77.9  289s
H25981  8673                    455398.05206 249209.609  45.3%  77.9  291s
H25983  8664                    455203.71283 249209.609  45.3%  77.9  291s
H26003  8663                    455153.52724 249209.609  45.2%  77.9  291s
 26013  9608 264483.090  144  318 455153.527 249209.609  45.2%  78.0  295s
H26986  9628                    455151.05909 249209.609  45.2%  80.1  297s
H26987  9627                    455143.80695 249209.609  45.2%  80.1  297s
H26988  9627                    455142.68518 249209.609  45.2%  80.1  297s
H26990  9608                    454878.17801 249209.609  45.2%  80.1  297s
H26991  9607                    454803.43510 249209.609  45.2%  80.1  297s
H26995  9590                    454711.09581 249209.609  45.2%  80.1  297s
H27019  9561                    453944.41255 249209.609  45.1%  80.4  297s
 27027  9590 266177.425  155  328 453944.413 249209.609  45.1%  80.5  300s
H27060  9619                    453939.86467 249209.609  45.1%  80.5  304s
H27061  9619                    453938.81481 249209.609  45.1%  80.6  304s
H27062  9604                    453799.65633 249209.609  45.1%  80.6  304s
H27065  9597                    453709.13867 249209.609  45.1%  80.7  304s
H27073  9579                    453514.59299 249209.609  45.0%  80.7  304s
 27092  9610 264610.980  156  304 453514.593 249209.609  45.0%  80.7  306s
H27093  9610                    453507.03010 249209.609  45.0%  80.7  306s
H27103  9605                    453494.67041 249209.609  45.0%  80.8  306s
H27110  9605                    453493.25375 249209.609  45.0%  80.8  306s
H27118  9587                    453423.57328 249209.609  45.0%  80.8  306s
H27124  9616                    453404.03978 249209.609  45.0%  80.8  308s
H27128  9615                    453366.55776 249209.609  45.0%  80.8  308s
 27156 10387 264851.938  157  307 453366.558 249209.609  45.0%  80.8  311s
H27957 10411                    453321.15684 249209.609  45.0%  82.5  313s
H27968 10236                    452579.58509 249209.609  44.9%  82.5  313s
 27987 10264 264968.518  169  294 452579.585 249209.609  44.9%  82.5  315s
H27988 10261                    452560.05159 249209.609  44.9%  82.5  315s
H28009 10258                    452551.60634 249209.609  44.9%  82.5  315s
 28022 11188 264973.074  168  298 452551.606 249209.609  44.9%  82.5  321s
H28995 11218                    452551.56061 249209.609  44.9%  83.9  323s
H28999 11218                    452549.85340 249209.609  44.9%  83.9  323s
H29002 11205                    452524.84456 249209.609  44.9%  83.9  323s
 29027 11235 265176.640  188  297 452524.845 249209.609  44.9%  84.1  326s
H29059 11215                    452351.30568 249209.609  44.9%  84.2  332s
H29061 11144                    452118.48028 249209.609  44.9%  84.2  332s
H29101 11421                    452117.05463 249209.609  44.9%  84.3  334s
H29119 11419                    452111.82687 249209.609  44.9%  84.4  334s
H29255 11417                    452101.95976 249209.609  44.9%  84.7  334s
H29382 11449                    452095.30636 249209.609  44.9%  84.7  336s
H29390 11447                    452078.34488 249209.609  44.9%  84.7  336s
 29414 12206 265161.067  192  289 452078.345 249209.609  44.9%  84.7  340s
H29843 12206                    452077.76291 249209.609  44.9%  85.3  340s
H30277 12698                    452067.25890 249209.609  44.9%  85.8  348s
H30278 12698                    452051.92878 249209.609  44.9%  85.8  348s
H30279 12695                    452027.21566 249209.609  44.9%  85.8  348s
H30589 12684                    451965.67707 249209.609  44.9%  86.1  348s
H30853 12700                    451928.55308 249209.609  44.9%  86.6  356s
H30874 12700                    451928.30563 249209.609  44.9%  86.6  356s
H30884 12682                    451866.99715 249209.609  44.8%  86.6  356s
H30887 12998                    451846.90257 249209.609  44.8%  86.6  362s
H30910 12987                    451776.46308 249209.609  44.8%  86.6  362s
H31199 12986                    451774.75749 249209.609  44.8%  87.2  362s
H31284 15544                    451772.17282 249209.609  44.8%  87.4  378s
H31487 15544                    451770.71809 249209.609  44.8%  87.5  378s
H31653 15541                    451761.50547 249209.609  44.8%  87.8  378s
H31731 15541                    451760.27214 249209.609  44.8%  87.9  378s
H32016 15539                    451750.46900 249209.609  44.8%  88.8  378s
 34012 16071 266915.238  262  240 451750.469 249209.609  44.8%  90.9  383s
H34028 16071                    451749.42497 249209.609  44.8%  90.9  383s
H34062 16071                    451748.76905 249209.609  44.8%  90.9  383s
H34227 16031                    451626.46607 249209.609  44.8%  91.0  383s
H34313 16031                    451624.33658 249209.609  44.8%  91.1  383s
 34576 16061 266065.046  267  234 451624.337 249209.609  44.8%  91.7  387s
H34577 16061                    451622.92424 249209.609  44.8%  91.7  387s
H34605 16058                    451612.22770 249209.609  44.8%  91.7  387s
 34609 17785 266065.046  266  238 451612.228 249209.609  44.8%  91.7  396s
H34937 17785                    451612.07503 249209.609  44.8%  91.9  396s
H35806 17782                    451607.03222 249209.609  44.8%  92.3  396s
 36636 17809 263496.956   86  446 451607.032 249209.609  44.8%  93.1  400s
H36648 17809                    451606.14080 249209.609  44.8%  93.1  400s
H36666 17809                    451605.61954 249209.609  44.8%  93.2  400s
 36670 18525 263991.549   87  428 451605.620 249209.609  44.8%  93.2  405s
H37525 18549                    451605.61938 249209.609  44.8%  93.9  411s
H37532 18549                    451605.49177 249209.609  44.8%  93.9  411s
H37534 18549                    451602.35969 249209.609  44.8%  93.9  411s
H37547 18519                    451560.62822 249209.609  44.8%  93.9  411s
H37550 18517                    451551.89954 249209.609  44.8%  94.0  411s
 37558 18935 267861.064  115  344 451551.900 249209.609  44.8%  93.9  416s
H37605 18932                    451551.03139 249209.609  44.8%  94.0  416s
H37639 18932                    451547.33146 249209.609  44.8%  94.1  416s
H38075 18962                    451546.29575 249209.609  44.8%  94.3  422s
H38076 18962                    451546.18063 249209.609  44.8%  94.2  422s
H38078 18962                    451545.26004 249209.609  44.8%  94.2  422s
H38085 18961                    451540.39483 249209.609  44.8%  94.2  422s
H38096 18959                    451535.42821 249209.609  44.8%  94.2  422s
H38097 18956                    451529.74430 249209.609  44.8%  94.2  422s
 38108 18985 442110.650  132  407 451529.744 249209.609  44.8%  94.2  427s
H38120 18985                    451528.85303 249209.609  44.8%  94.3  427s
 38142 19014 442478.794  133  408 451528.853 249209.609  44.8%  94.3  432s
H38144 19011                    451516.21084 249209.609  44.8%  94.3  432s
 38177 19976 442532.819  134  398 451516.211 249209.609  44.8%  94.4  440s
H38206 19976                    451515.47865 249209.609  44.8%  94.4  440s
H38532 19976                    451515.47845 249209.609  44.8%  94.3  440s
H38622 19969                    451504.34177 249209.609  44.8%  94.4  440s
H38814 19965                    451492.33558 249209.609  44.8%  94.4  440s
 39210 22601 449252.278  168  330 451492.336 249209.609  44.8%  94.4  450s
H40045 22596                    451489.82011 249209.609  44.8%  94.3  450s
 42235 22620 443038.693   82  474 451489.820 249209.609  44.8%  94.4  455s
H42236 22620                    451489.69266 249209.609  44.8%  94.4  455s
H42244 22613                    451480.56254 249209.609  44.8%  94.4  455s
 42270 22638 443038.693   83  473 451480.563 249209.609  44.8%  94.5  460s
H42271 22638                    451480.20332 249209.609  44.8%  94.5  460s
 42309 22661 443407.045   84  461 451480.203 249209.609  44.8%  94.5  466s
H42313 22661                    451480.07555 249209.609  44.8%  94.5  466s
H42320 22661                    451480.07528 249209.609  44.8%  94.5  466s
 42348 22689 443407.045   85  459 451480.075 249209.609  44.8%  94.5  472s
 42381 23112 443717.586   86  461 451480.075 249209.609  44.8%  94.5  482s
H42383 23111                    451479.55648 249209.609  44.8%  94.5  482s
H42385 23111                    451479.50851 249209.609  44.8%  94.5  482s
 42815 23139 444051.283   87  458 451479.509 249209.609  44.8%  94.6  486s
 42848 24236 444156.384   88  457 451479.509 249209.609  44.8%  94.6  492s
 44273 24486 449646.039  179  331 451479.509 249209.609  44.8%  94.6  498s
 44554 24506 450422.204  206  310 451479.509 249209.609  44.8%  94.6  503s
H44582 24506                    451479.24924 249209.609  44.8%  94.7  503s
 44596 26181 450434.282  207  307 451479.249 249209.609  44.8%  94.7  512s
 46478 26212 249209.609   30  563 451479.249 249209.609  44.8%  97.1  520s
H46493 26212                    451479.24904 249209.609  44.8%  97.1  520s
H46498 26211                    451478.53242 249209.609  44.8%  97.1  520s
 46511 28047 249209.609   31  559 451478.532 249209.609  44.8%  97.1  529s
 48580 28072 266882.398   99  430 451478.532 249209.609  44.8%  98.8  535s
H48587 28072                    451478.27288 249209.609  44.8%  98.9  535s
 48613 29731 266882.398  100  428 451478.273 249209.609  44.8%  98.9  544s
H50468 29731                    451478.27268 249209.609  44.8%   101  544s
 50537 29766 444092.453  167  424 451478.273 249209.609  44.8%   101  550s
H50538 29766                    451478.27261 249209.609  44.8%   101  550s
H50541 29766                    451478.27241 249209.609  44.8%   101  550s
H50560 29739                    451452.04899 249209.609  44.8%   101  550s
 50590 29763 444092.453  168  421 451452.049 249209.609  44.8%   101  557s
H50629 29792                    451452.04858 249209.609  44.8%   101  565s
H50634 29775                    451440.70821 249209.609  44.8%   101  565s
H50661 29756                    451421.07684 249209.609  44.8%   101  565s
 50663 30043 444092.453  170  422 451421.077 249209.609  44.8%   101  571s
 51019 30576 449152.872  188  371 451421.077 249209.609  44.8%   101  576s
H51440 30571                    451419.34092 249209.609  44.8%   102  576s
 51642 31150 249209.609   31  559 451419.341 249209.609  44.8%   102  584s
H51671 31150                    451419.03368 249209.609  44.8%   102  584s
H52055 31150                    451418.32076 249209.609  44.8%   103  584s
 52291 32181 249209.609   32  564 451418.321 249209.609  44.8%   103  593s
H52398 32181                    451418.32042 249209.609  44.8%   103  593s
H52993 32181                    451418.32029 249209.609  44.8%   103  593s
 53540 33924 253601.802   59  520 451418.320 249209.609  44.8%   103  603s
 55578 33954 445000.347  118  459 451418.320 249209.609  44.8%   103  611s
 55611 33985 445366.604  119  450 451418.320 249209.609  44.8%   103  619s
 55643 34106 445733.149  120  458 451418.320 249209.609  44.8%   103  631s
 55776 36059 445733.149  121  456 451418.320 249209.609  44.8%   103  643s
 58112 36083 451179.988  215  330 451418.320 249209.609  44.8%   103  654s
 58149 36612 451187.026  216  331 451418.320 249209.609  44.8%   103  671s
 58807 38225 443767.574   82  419 451418.320 249209.609  44.8%   103  687s
 60666 38226 264914.188  141 1088 451418.320 249209.609  44.8%   103  716s
 60673 38231 414814.981  150 1445 451418.320 249209.609  44.8%   103  720s
 60677 38233 269224.415  341 1437 451418.320 249209.609  44.8%   103  729s
 60678 38234 447699.208  181 1434 451418.320 249209.609  44.8%   103  734s
 60679 38235 256035.293   49 1434 451418.320 249209.609  44.8%   103  735s
 60681 38236 449786.397  174 1413 451418.320 249209.609  44.8%   103  744s
 60682 38237 259825.600   74 1436 451418.320 249209.609  44.8%   103  749s
 60683 38237 450332.547  192 1432 451418.320 249209.609  44.8%   103  754s
 60684 38238 260364.257   84 1433 451418.320 249209.609  44.8%   103  758s
 60686 38239 261755.236   99 1443 451418.320 249209.609  44.8%   103  762s
 60687 38240 449849.196  183 1430 451418.320 249209.609  44.8%   103  766s
 60688 38241 445470.947  196 1430 451418.320 249209.609  44.8%   103  770s
 60717 38263 255030.509   35  588 451418.320 254896.560  43.5%   105  775s
 60797 38331 255227.193   38  579 451418.320 255184.840  43.5%   105  781s
H60847 36434                    451418.32018 255184.840  43.5%   105  783s
 60894 36480 255603.550   41  587 451418.320 255184.840  43.5%   105  786s
 61034 36576 257449.775   46  588 451418.320 255184.840  43.5%   105  792s
H61035 34759                    451418.31994 255184.840  43.5%   105  792s
 61140 34816 257969.043   48  577 451418.320 255184.840  43.5%   105  795s
 61341 34931 259990.943   54  545 451418.320 255184.840  43.5%   105  800s
 61445 34990 260156.652   57  551 451418.320 255184.840  43.5%   105  806s
H61562 33337                    451416.48671 255203.484  43.5%   105  809s
 61592 33364 260754.101   58  552 451416.487 255203.484  43.5%   105  812s
H61611 31719                    451416.48619 255203.484  43.5%   105  812s
H61809 30283                    451415.59510 255203.484  43.5%   105  813s
 61821 30311 260836.401   62  526 451415.595 255203.484  43.5%   105  816s
 61886 30349 262555.617   64  534 451415.595 255203.484  43.5%   105  822s
H61927 28898                    451413.03426 255203.484  43.5%   105  824s
 61961 28913 262624.418   65  532 451413.034 255203.484  43.5%   105  828s
H61970 27505                    451413.03386 255203.484  43.5%   105  828s
 61998 27744 262555.617   65  533 451413.034 255203.484  43.5%   105  830s
 62313 27732 263812.804   72  485 451413.034 255203.484  43.5%   105  837s
H62380 26477                    451412.77472 255203.484  43.5%   105  839s
H62389 25205                    451412.77436 255203.484  43.5%   105  839s
 62451 25213 263835.494   74  482 451412.774 255203.484  43.5%   105  842s
 62485 25404 263835.494   75  477 451412.774 255205.802  43.5%   105  845s
H62570 24170                    451412.51518 255205.802  43.5%   104  845s
H62696 23014                    451412.51505 255205.802  43.5%   104  848s
 62721 23058 264306.002   79  469 451412.515 255205.802  43.5%   104  851s
 62774 23097 264309.464   80  463 451412.515 255205.802  43.5%   104  861s
H62806 21999                    451412.51488 255205.802  43.5%   104  861s
H62847 20979                    451412.51481 255205.802  43.5%   104  864s
 62867 21002 264444.449   82  462 451412.515 255205.802  43.5%   104  869s
 62900 21021 264468.175   83  456 451412.515 255205.802  43.5%   104  876s
H62908 20037                    451412.25565 255205.802  43.5%   104  876s
H62930 19096                    451399.26701 255227.193  43.5%   104  876s
H63354 18498                    451398.95978 255227.193  43.5%   104  881s
 63851 18766 265273.006   94  437 451398.960 255231.725  43.5%   104  886s
H63883 17915                    451398.95968 255231.725  43.5%   104  886s
 63884 17945 265284.991   95  423 451398.960 255231.725  43.5%   104  890s
H63925 17162                    451398.70024 255231.725  43.5%   104  894s
H63938 16398                    451398.70010 255231.725  43.5%   104  894s
 63949 16949 265992.479   97  428 451398.700 255231.725  43.5%   104  898s
 64571 16769 265728.569  103  401 451398.700 255263.046  43.5%   103  902s
 64606 16814 266069.251  102  413 451398.700 255354.991  43.4%   103  905s
 64668 16864 266677.409  104  388 451398.700 255354.991  43.4%   103  915s
H64720 16125                    451398.44049 255354.991  43.4%   103  915s
 64877 16731 266338.419  107  397 451398.440 255354.991  43.4%   103  922s
 65491 16642 266758.351  119  388 451398.440 255427.449  43.4%   103  925s
 65621 16629 266834.534  121  383 451398.440 255427.449  43.4%   103  930s
H65651 15933                    451398.44042 255427.449  43.4%   103  930s
 66469 16355 267270.005  138  334 451398.440 255449.343  43.4%   103  937s
 66506 16369 267283.183  139  331 451398.440 255449.343  43.4%   103  942s
 66542 16384 267286.234  140  328 451398.440 255449.343  43.4%   103  946s
 66578 16476 267270.036  138  329 451398.440 255449.343  43.4%   103  954s
 66720 16532 267302.079  139  320 451398.440 255449.343  43.4%   103  960s
H66789 15858                    451398.44001 255449.343  43.4%   103  960s
 67829 16323 267663.325  159  270 451398.440 255449.791  43.4%   103  969s
 67876 16336 267694.864  160  271 451398.440 255449.791  43.4%   103  972s
 67910 16402 267813.765  160  265 451398.440 255449.791  43.4%   103  976s
 68024 16393 267799.720  162  288 451398.440 255470.688  43.4%   103  981s
 68057 16404 267800.261  161  289 451398.440 255470.688  43.4%   103  987s
 68097 16423 267799.873  163  293 451398.440 255470.782  43.4%   103  996s
 68129 16549 267800.067  164  290 451398.440 255470.782  43.4%   103 1003s
 68284 17220 267800.067  165  293 451398.440 255470.782  43.4%   103 1008s
 69105 17292 268203.647  177  267 451398.440 255470.782  43.4%   103 1012s
 69473 17191 268290.358  182  265 451398.440 255474.243  43.4%   103 1016s
 69707 17294 268667.368  192  246 451398.440 255474.243  43.4%   103 1023s
 69745 17405 268673.672  193  239 451398.440 255545.532  43.4%   103 1026s
H69909 16731                    451398.43960 255545.532  43.4%   103 1026s
 69910 16759 269142.323  196  237 451398.440 255545.532  43.4%   103 1033s
 69945 16785 269141.661  196  245 451398.440 255545.532  43.4%   103 1045s
 70004 16989 269141.349  196  232 451398.440 255570.443  43.4%   103 1051s
 70276 17115 268933.599  206  224 451398.440 255570.443  43.4%   103 1058s
 70542 17148 268939.844  207  225 451398.440 255570.443  43.4%   103 1063s
 70679 17485 268927.973  204  227 451398.440 255576.589  43.4%   103 1069s
 71154 18333 268946.608  209  222 451398.440 255576.589  43.4%   104 1074s
 72495 18130 269279.040  226  206 451398.440 255576.589  43.4%   105 1079s
 72954 18443 269482.959  234  177 451398.440 255576.589  43.4%   105 1083s
 73694 18219 270394.901  244  171 451398.440 255623.042  43.4%   106 1091s
 73731 18454 270399.565  245  165 451398.440 255623.042  43.4%   106 1105s
 74048 18364 270615.574  272  160 451398.440 255623.042  43.4%   107 1112s
H74064 17771                    451395.67740 255623.042  43.4%   107 1112s
H74072 17210                    451395.37194 255623.042  43.4%   107 1112s
 74092 18487 270615.574  273  156 451395.372 255623.042  43.4%   107 1117s
 75788 17943 270787.374  311  109 451395.372 255803.035  43.3%   108 1122s
 75825 17956 270788.411  313  102 451395.372 255803.035  43.3%   108 1126s
 75863 17972 270829.331  311   91 451395.372 255803.035  43.3%   108 1130s
H75918 17453                    451394.13066 255803.322  43.3%   108 1133s
 75931 18067 270828.294  310   99 451394.131 255846.709  43.3%   108 1141s
H76161 17486                    451394.13058 255846.709  43.3%   108 1141s
H76257 16975                    451394.03981 255846.709  43.3%   108 1141s
 76697 17103 271414.356  317  114 451394.040 255846.709  43.3%   108 1147s
H76752 16630                    451391.16758 255846.709  43.3%   108 1147s
H76791 16185                    451391.16747 255846.709  43.3%   108 1147s
H77017 15700                    451391.16734 255846.709  43.3%   108 1147s
H77057 15296                    451389.22481 255846.709  43.3%   108 1147s
 77091 15302 271417.953  319   99 451389.225 255846.709  43.3%   108 1156s
H77101 14928                    451389.22468 255846.709  43.3%   108 1156s
H77159 14584                    451389.22460 255846.709  43.3%   108 1159s
 77167 14610 271496.639  320  102 451389.225 255846.709  43.3%   108 1169s
H77178 14272                    451389.22454 255846.709  43.3%   108 1169s
 77201 14905 271417.493  319  100 451389.225 255846.709  43.3%   109 1175s
 78036 16617 275793.194  320  299 451389.225 255846.837  43.3%   109 1182s
 80470 16650     cutoff   72      451389.225 255867.126  43.3%   110 1191s
 81301 16764 258611.884   79  554 451389.225 255867.126  43.3%   111 1199s
H81435 16806                    451389.22449 255867.126  43.3%   111 1217s
H81495 16806                    451389.22441 255867.126  43.3%   111 1217s
 81503 17018 258611.884   81  554 451389.224 255867.126  43.3%   111 1222s
 81801 17134 260241.416   90  539 451389.224 255867.126  43.3%   111 1226s
 81946 18206 260241.978   91  535 451389.224 255867.126  43.3%   111 1231s
 83320 18680     cutoff  131      451389.224 255867.126  43.3%   112 1237s
 84077 18746 257662.689   64  704 451389.224 255867.126  43.3%   113 1249s
 84173 18753 infeasible   65      451389.224 255934.886  43.3%   113 1264s
 84229 18992 256151.391   47  624 451389.224 255934.886  43.3%   113 1271s
 84602 19492 309227.077   48  656 451389.224 255934.886  43.3%   114 1276s
 85275 20532     cutoff   49      451389.224 255934.886  43.3%   114 1286s
 86644 22615 260654.539   95  491 451389.224 255934.886  43.3%   115 1295s
 89286 23226 256870.620   44  634 451389.224 255972.946  43.3%   115 1304s
 90047 23980 261834.077   75  494 451389.224 255972.946  43.3%   115 1337s
H90599 23980                    451389.22423 255972.946  43.3%   115 1338s
 91049 28755 infeasible  113      451389.224 255972.946  43.3%   115 1355s
 97116 28789 263212.254  142  426 451389.224 255997.936  43.3%   116 1363s
H97143 28789                    451389.22414 255997.936  43.3%   116 1363s
 97168 28821 262796.669  142  418 451389.224 255997.936  43.3%   116 1369s
 97200 28845 263093.670  141  415 451389.224 255997.936  43.3%   116 1373s
 97236 28869 263453.935  141  411 451389.224 255997.936  43.3%   116 1379s
H97238 28869                    451389.22408 255997.936  43.3%   116 1379s
 97273 28885 262379.237  142  415 451389.224 256008.660  43.3%   116 1386s
 97321 28915 262523.079  143  421 451389.224 256008.660  43.3%   116 1390s
 97355 28946 263453.935  142  411 451389.224 256008.660  43.3%   116 1395s
 97937 29764 264345.244  150  557 451389.224 256008.660  43.3%   116 1403s
 98363 30507 264352.758  150  553 451389.224 256010.080  43.3%   117 1408s
 99238 31369     cutoff  151      451389.224 256010.080  43.3%   117 1413s
 100290 32170 263262.969  111  462 451389.224 256010.080  43.3%   117 1419s
 101259 32188 263262.969  112  462 451389.224 256010.080  43.3%   117 1429s
 101304 33759 263281.051  113  467 451389.224 256010.640  43.3%   117 1446s
H102589 33759                    451389.22401 256013.690  43.3%   117 1446s
 103160 34752 275044.660  114  599 451389.224 256013.690  43.3%   117 1457s
 104388 36269 infeasible   70      451389.224 256013.690  43.3%   117 1465s
 106353 36282 256756.678   58  572 451389.224 256017.566  43.3%   118 1470s
 106402 36313 256962.919   59  567 451389.224 256023.619  43.3%   118 1483s
H106407 36313                    451389.22342 256023.619  43.3%   118 1483s
 106435 36841 256963.570   60  570 451389.223 256024.409  43.3%   118 1496s
 107180 37096 257914.294   81  509 451389.223 256024.537  43.3%   118 1515s
 107577 39064 258366.581   85  501 451389.223 256024.537  43.3%   118 1531s
H109968 39064                    451389.22328 256024.574  43.3%   119 1531s
 110128 39091 infeasible   90      451389.223 256024.574  43.3%   119 1542s
H110159 39091                    451389.22322 256024.574  43.3%   119 1542s
 110167 39136 258231.459   90  537 451389.223 256024.574  43.3%   119 1564s
H110182 39136                    451388.63206 256024.574  43.3%   119 1564s
H110216 39136                    451388.63178 256024.574  43.3%   119 1564s
 110226 41677 258231.459   91  546 451388.632 256024.574  43.3%   119 1580s
 113462 44976 257214.590   78  552 451388.632 256024.574  43.3%   119 1593s
 117536 45003 260528.636   96  493 451388.632 256024.693  43.3%   120 1612s
H117545 45003                    451388.63168 256024.693  43.3%   120 1612s
 117584 47772 260566.272   97  493 451388.632 256024.693  43.3%   120 1625s
 121310 53304 257018.413   69  531 451388.632 256029.375  43.3%   120 1658s
H124571 45023                    277829.06033 256032.777  7.85%   121 1659s
H128834 44965                    277293.92750 256036.980  7.67%   122 1670s
H128839 44954                    277256.69635 256036.980  7.65%   122 1670s
H128930 44421                    276538.93716 256036.980  7.41%   122 1670s
H129127 44362                    276406.30204 256036.980  7.37%   122 1670s
H129366 44362                    276402.23173 256036.980  7.37%   122 1670s
H129587 44325                    276245.28961 256036.980  7.32%   121 1670s
 129589 45581 256087.312   59  567 276245.290 256036.980  7.32%   121 1683s
H129614 45331                    275738.59062 256036.980  7.15%   121 1683s
H129641 45289                    275655.33501 256036.980  7.12%   121 1683s
H129842 44347                    274621.28617 256036.980  6.77%   121 1683s
H131284 45019                    274251.77500 256038.913  6.64%   121 1701s
H131572 44684                    273981.09679 256038.913  6.55%   121 1701s
H131649 44459                    273850.89818 256038.913  6.50%   121 1701s
H131720 43728                    273121.32736 256038.913  6.25%   120 1701s
H131994 43436                    272831.89649 256038.913  6.16%   120 1701s
H132569 43121                    272499.09083 256038.913  6.04%   120 1701s
H132768 43191                    272421.02773 256038.913  6.01%   120 1714s
H132769 42129                    271470.95531 256038.913  5.68%   120 1714s
H132772 41985                    271337.34707 256038.913  5.64%   120 1714s
H132980 41682                    271117.19367 256038.913  5.56%   120 1714s
 133026 43013 259981.584  108  459 271117.194 256038.913  5.56%   120 1734s
H133051 42364                    270629.05568 256038.913  5.39%   120 1734s
H133077 42305                    270596.76820 256038.913  5.38%   120 1734s
H133103 41509                    269991.94920 256038.913  5.17%   120 1734s
H133529 41502                    269977.67495 256038.913  5.16%   120 1734s
H134630 41474                    269954.50735 256040.548  5.15%   119 1734s
H134790 46614                    269796.58844 256040.548  5.10%   119 1762s
H135778 46312                    269571.80692 256040.548  5.02%   119 1762s
H136405 46211                    269481.44127 256042.472  4.99%   118 1762s
H141816 45997                    269319.05061 256046.049  4.93%   116 1763s

Cutting planes:
  Gomory: 96
  Implied bound: 83
  Projected implied bound: 21
  MIR: 217
  Mixing: 9
  Flow cover: 260
  Relax-and-lift: 11

Explored 142010 nodes (16512127 simplex iterations) in 1764.26 seconds (656.24 work units)
Thread count was 32 (of 32 available processors)

Solution count 10: 269319 269319 269481 ... 270629

Optimal solution found (tolerance 5.00e-02)
Best objective 2.693190506111e+05, best bound 2.560470214053e+05, gap 4.9280%
