
Gurobi 12.0.3 (win64) logging started Mon Sep  7 19:29:17 2026

Set parameter LogFile to value "C:\Users\TECNO-MASTER\Desktop\Elmo_infrastructure_sizing_NP-\output\DCH_septiembre\Bateria_353\Costo_variable\Carga_libre\Carga_on_board_variable_3estaciones_P640kW_Descomp/station_2_d32_stage1\gurobi.log"
Set parameter Threads to value 1
Set parameter Heuristics to value 0.5
Set parameter MIPFocus to value 3
Set parameter Presolve to value 2
Set parameter FlowCoverCuts to value 2
Set parameter TimeLimit to value 1200
Gurobi Optimizer version 12.0.3 build v12.0.3rc0 (win64 - Windows 11+.0 (26200.2))

CPU model: Intel(R) Core(TM) i9-14900K, instruction set [SSE2|AVX|AVX2]
Thread count: 24 physical cores, 32 logical processors, using up to 1 threads

Non-default parameters:
TimeLimit  1200
MIPGap  0.05
Heuristics  0.5
MIPFocus  3
FlowCoverCuts  2
Presolve  2
Threads  1

Optimize a model with 23742 rows, 39247 columns and 116650 nonzeros
Model fingerprint: 0xb80c43ea
Variable types: 18325 continuous, 20922 integer (20921 binary)
Coefficient statistics:
  Matrix range     [1e-01, 6e+02]
  Objective range  [3e-03, 1e+05]
  Bounds range     [1e+00, 1e+00]
  RHS range        [1e+00, 1e+04]
Presolve removed 20846 rows and 28433 columns
Presolve time: 0.29s
Presolved: 2896 rows, 10814 columns, 33492 nonzeros
Variable types: 840 continuous, 9974 integer (9973 binary)
Root relaxation presolved: 2896 rows, 10814 columns, 33492 nonzeros


Root relaxation: objective 4.499261e+04, 5360 iterations, 0.75 seconds (0.93 work units)
Total elapsed time = 5.42s (DegenMoves)

    Nodes    |    Current Node    |     Objective Bounds      |     Work
 Expl Unexpl |  Obj  Depth IntInf | Incumbent    BestBd   Gap | It/Node Time

     0     0 148806.864    0  298          - 148806.864      -     -    5s
H    0     0                    265647.73598 148806.864  44.0%     -    5s
H    0     0                    265590.27543 148806.864  44.0%     -    5s
H    0     0                    150945.11155 148806.864  1.42%     -    5s

Explored 1 nodes (40749 simplex iterations) in 5.81 seconds (5.88 work units)
Thread count was 1 (of 32 available processors)

Solution count 3: 150945 265590 265648 

Optimal solution found (tolerance 5.00e-02)
Best objective 1.509451115546e+05, best bound 1.488068635796e+05, gap 1.4166%
