
Gurobi 12.0.3 (win64) logging started Tue Jul  7 01:04:55 2026

Set parameter LogFile to value "output/DCH_taller_julio/Costo_variable/Ventana_restringida/Carga_on_board_640kW_Descomp_ventana_carga/station_2_d121\gurobi.log"
Set parameter Threads to value 5
Set parameter Heuristics to value 0.5
Set parameter MIPFocus to value 3
Set parameter Presolve to value 2
Set parameter FlowCoverCuts to value 2
Set parameter TimeLimit to value 172800
Gurobi Optimizer version 12.0.3 build v12.0.3rc0 (win64 - Windows 11+.0 (26200.2))

CPU model: Intel(R) Core(TM) i9-14900K, instruction set [SSE2|AVX|AVX2]
Thread count: 24 physical cores, 32 logical processors, using up to 5 threads

Non-default parameters:
TimeLimit  172800
MIPGap  0.01
Heuristics  0.5
MIPFocus  3
FlowCoverCuts  2
Presolve  2
Threads  5

Optimize a model with 24331 rows, 37807 columns and 116466 nonzeros
Model fingerprint: 0x16a781d9
Variable types: 18325 continuous, 19482 integer (19481 binary)
Coefficient statistics:
  Matrix range     [1e-01, 6e+02]
  Objective range  [8e-03, 1e+02]
  Bounds range     [1e+00, 1e+00]
  RHS range        [1e+00, 1e+04]
Presolve removed 23237 rows and 28786 columns
Presolve time: 0.10s
Presolved: 1094 rows, 9021 columns, 27101 nonzeros
Variable types: 245 continuous, 8776 integer (8776 binary)
Root relaxation presolved: 1094 rows, 9021 columns, 27101 nonzeros


Use crossover to convert LP symmetric solution to basic solution...

Root relaxation: objective 3.622055e+05, 3212 iterations, 0.03 seconds (0.04 work units)

    Nodes    |    Current Node    |     Objective Bounds      |     Work
 Expl Unexpl |  Obj  Depth IntInf | Incumbent    BestBd   Gap | It/Node Time

     0     0 362205.498    0   66          - 362205.498      -     -    0s
H    0     0                    378482.02915 362205.498  4.30%     -    0s
H    0     0                    369857.50095 362205.498  2.07%     -    0s
H    0     0                    369379.16160 362205.498  1.94%     -    0s
H    0     0                    369363.22594 362205.498  1.94%     -    0s
H    0     0                    367503.77695 362205.498  1.44%     -    0s
H    0     0                    367499.02962 362205.498  1.44%     -    0s
H    0     0                    367498.94098 362205.498  1.44%     -    0s
     0     0          -    0      367498.941 365583.598  0.52%     -    0s

Cutting planes:
  Gomory: 28
  Lift-and-project: 3
  Cover: 7
  Implied bound: 8
  Projected implied bound: 4
  Clique: 8
  MIR: 16
  Flow cover: 20
  Zero half: 21
  RLT: 13
  Relax-and-lift: 21
  BQP: 3
  PSD: 6

Explored 1 nodes (6891 simplex iterations) in 0.57 seconds (0.70 work units)
Thread count was 5 (of 32 available processors)

Solution count 7: 367499 367499 367504 ... 378482

Optimal solution found (tolerance 1.00e-02)
Best objective 3.674989409801e+05, best bound 3.655835975609e+05, gap 0.5212%
