
Gurobi 12.0.3 (win64) logging started Sun Aug 23 17:24:23 2026

Set parameter LogFile to value "C:\Users\TECNO-MASTER\Desktop\Elmo_infrastructure_sizing_NP-\output\DCH_agosto\Costo_variable\Carga_libre\Carga_on_board_variable_3estaciones_P1000kW_Descomp/station_2_d91\gurobi.log"
Set parameter Threads to value 1
Set parameter Heuristics to value 0.5
Set parameter MIPFocus to value 3
Set parameter Presolve to value 2
Set parameter FlowCoverCuts to value 2
Set parameter TimeLimit to value 172800
Gurobi Optimizer version 12.0.3 build v12.0.3rc0 (win64 - Windows 11+.0 (26200.2))

CPU model: Intel(R) Core(TM) i9-14900K, instruction set [SSE2|AVX|AVX2]
Thread count: 24 physical cores, 32 logical processors, using up to 1 threads

Non-default parameters:
TimeLimit  172800
MIPGap  0.01
Heuristics  0.5
MIPFocus  3
FlowCoverCuts  2
Presolve  2
Threads  1

Optimize a model with 23772 rows, 39247 columns and 115808 nonzeros
Model fingerprint: 0x8b1d0578
Variable types: 18325 continuous, 20922 integer (20921 binary)
Coefficient statistics:
  Matrix range     [1e-01, 1e+03]
  Objective range  [1e-02, 1e+02]
  Bounds range     [1e+00, 3e+00]
  RHS range        [1e+00, 1e+04]
Presolve removed 21321 rows and 28443 columns
Presolve time: 0.27s
Presolved: 2451 rows, 10804 columns, 33500 nonzeros
Variable types: 841 continuous, 9963 integer (9872 binary)
Root relaxation presolved: 2451 rows, 10804 columns, 33500 nonzeros


Root relaxation: objective 2.119372e+05, 3672 iterations, 0.21 seconds (0.18 work units)

    Nodes    |    Current Node    |     Objective Bounds      |     Work
 Expl Unexpl |  Obj  Depth IntInf | Incumbent    BestBd   Gap | It/Node Time

     0     0 211937.201    0  194          - 211937.201      -     -    1s
H    0     0                    272352.66841 211937.201  22.2%     -    1s
H    0     0                    267086.90901 211937.201  20.6%     -    1s
H    0     0                    266988.25506 211937.201  20.6%     -    1s
H    0     0                    253975.13311 211937.201  16.6%     -    1s
H    0     0                    252817.13302 211937.201  16.2%     -    1s
H    0     0                    252166.59992 211937.201  16.0%     -    1s
H    0     0                    247388.36977 211937.201  14.3%     -    1s
H    0     0                    247363.00389 211937.201  14.3%     -    1s
H    0     0                    246525.88639 211937.201  14.0%     -    1s
H    0     0                    245698.44715 211937.201  13.7%     -    1s
H    0     0                    245684.79955 211937.201  13.7%     -    1s
H    0     0                    245668.90013 211937.201  13.7%     -    1s
H    0     0                    245668.49895 211937.201  13.7%     -    1s
     0     0 212101.646    0  204 245668.499 212101.646  13.7%     -    2s
H    0     0                    245364.37065 212101.646  13.6%     -    2s
H    0     0                    243549.35978 212101.646  12.9%     -    2s
H    0     0                    237756.70151 212101.646  10.8%     -    2s
H    0     0                    237350.69994 212101.646  10.6%     -    2s
H    0     0                    229278.99355 212101.646  7.49%     -    2s
H    0     0                    229267.12683 212101.646  7.49%     -    2s
H    0     0                    228824.98710 212101.646  7.31%     -    2s
H    0     0                    224784.11750 212101.646  5.64%     -    3s
H    0     0                    224663.11291 212101.646  5.59%     -    3s
H    0     0                    220675.91068 212101.646  3.89%     -    3s
H    0     0                    220663.66082 212101.646  3.88%     -    3s
H    0     0                    220509.37557 212101.646  3.81%     -    3s
     0     0 212103.612    0  219 220509.376 212103.612  3.81%     -    3s
     0     0 212103.612    0  206 220509.376 212103.612  3.81%     -    3s
     0     0 212179.356    0  196 220509.376 212179.356  3.78%     -    4s
H    0     0                    219114.30258 212179.356  3.16%     -    4s
     0     0 212191.035    0  236 219114.303 212191.035  3.16%     -    4s
     0     0 212191.035    0  236 219114.303 212191.035  3.16%     -    4s
     0     0 212193.646    0  217 219114.303 212193.646  3.16%     -    5s
H    0     0                    215378.40471 212193.646  1.48%     -    5s
H    0     0                    215119.82390 212193.646  1.36%     -    5s
H    0     0                    214934.75909 212193.646  1.28%     -    5s
H    0     0                    214814.85262 212193.646  1.22%     -    5s
     0     0 212206.227    0  230 214814.853 212206.227  1.21%     -    5s
     0     0 212206.227    0  219 214814.853 212206.227  1.21%     -    5s
     0     0 212242.307    0  195 214814.853 212242.307  1.20%     -    6s
H    0     0                    214812.92449 212242.322  1.20%     -    6s
     0     0 212243.549    0  271 214812.924 212243.549  1.20%     -    6s
     0     0 212243.824    0  259 214812.924 212243.824  1.20%     -    6s
     0     0 212243.825    0  261 214812.924 212243.825  1.20%     -    6s
     0     0 212292.826    0  223 214812.924 212292.826  1.17%     -    7s
H    0     0                    214812.01549 212293.846  1.17%     -    7s
H    0     0                    214805.72112 212293.846  1.17%     -    7s
H    0     0                    214411.19963 212293.846  0.99%     -    7s

Cutting planes:
  Gomory: 28
  Lift-and-project: 19
  Cover: 18
  Implied bound: 1
  Clique: 1
  MIR: 3
  StrongCG: 1
  Flow cover: 12
  Zero half: 8
  RLT: 4
  Relax-and-lift: 14
  BQP: 4
  PSD: 6

Explored 1 nodes (19816 simplex iterations) in 7.65 seconds (8.08 work units)
Thread count was 1 (of 32 available processors)

Solution count 10: 214411 214806 214812 ... 220509

Optimal solution found (tolerance 1.00e-02)
Best objective 2.144111996315e+05, best bound 2.122938461160e+05, gap 0.9875%
