
Gurobi 12.0.3 (win64) logging started Tue Jun 30 15:28:42 2026

Set parameter LogFile to value "output/DCH_taller_julio/Costo_variable/Carga_on_board_1000kW_Descomp/station_3_d152_stage1\gurobi.log"
Set parameter Threads to value 5
Set parameter Heuristics to value 0.5
Set parameter MIPFocus to value 3
Set parameter Presolve to value 2
Set parameter FlowCoverCuts to value 2
Set parameter TimeLimit to value 172800
Gurobi Optimizer version 12.0.3 build v12.0.3rc0 (win64 - Windows 11+.0 (26200.2))

CPU model: Intel(R) Core(TM) i9-14900K, instruction set [SSE2|AVX|AVX2]
Thread count: 24 physical cores, 32 logical processors, using up to 5 threads

Non-default parameters:
TimeLimit  172800
MIPGap  0.01
Heuristics  0.5
MIPFocus  3
FlowCoverCuts  2
Presolve  2
Threads  5

Optimize a model with 22793 rows, 35809 columns and 110802 nonzeros
Model fingerprint: 0x024afff3
Variable types: 17323 continuous, 18486 integer (18485 binary)
Coefficient statistics:
  Matrix range     [1e-01, 1e+03]
  Objective range  [1e-02, 2e+05]
  Bounds range     [1e+00, 1e+00]
  RHS range        [1e+00, 1e+04]
Presolve removed 19960 rows and 25836 columns
Presolve time: 0.13s
Presolved: 2833 rows, 9973 columns, 30958 nonzeros
Variable types: 821 continuous, 9152 integer (9151 binary)
Root relaxation presolved: 2833 rows, 9973 columns, 30958 nonzeros


Root relaxation: objective 6.529560e+04, 10064 iterations, 0.91 seconds (1.41 work units)

    Nodes    |    Current Node    |     Objective Bounds      |     Work
 Expl Unexpl |  Obj  Depth IntInf | Incumbent    BestBd   Gap | It/Node Time

     0     0 65295.5950    0  408          - 65295.5950      -     -    1s
H    0     0                    578069.81006 73086.4917  87.4%     -    2s
H    0     0                    263900.76676 73086.4917  72.3%     -    3s
H    0     0                    263516.29719 73086.4917  72.3%     -    3s
H    0     0                    259641.49623 73086.4917  71.9%     -    3s
H    0     0                    229416.42613 73086.4917  68.1%     -    3s
H    0     0                    229303.90410 73086.4917  68.1%     -    3s
H    0     0                    229096.64610 73086.4917  68.1%     -    3s
H    0     0                    228562.22656 73086.4917  68.0%     -    3s
     0     0 213870.664    0  507 228562.227 213870.664  6.43%     -    3s
H    0     0                    228548.19622 213870.664  6.42%     -    4s
H    0     0                    216582.63872 213870.664  1.25%     -    4s
H    0     0                    216013.60178 213870.664  0.99%     -    4s
H    0     0                    216013.57858 213870.664  0.99%     -    4s
H    0     0                    215832.28032 213870.664  0.91%     -    4s
H    0     0                    215778.04555 213870.664  0.88%     -    4s
H    0     0                    215760.82625 213870.664  0.88%     -    4s
H    0     0                    215755.84183 213870.664  0.87%     -    4s
H    0     0                    215639.70137 213870.664  0.82%     -    4s
H    0     0                    215600.71244 213870.664  0.80%     -    4s
     0     0 213956.748    0  544 215600.712 213956.748  0.76%     -    4s

Cutting planes:
  Gomory: 1
  Lift-and-project: 13
  Cover: 1
  Implied bound: 1
  Projected implied bound: 7
  MIR: 2
  Mixing: 2
  Flow cover: 26
  RLT: 1

Explored 1 nodes (27510 simplex iterations) in 4.97 seconds (6.50 work units)
Thread count was 5 (of 32 available processors)

Solution count 10: 215601 215640 215756 ... 228548

Optimal solution found (tolerance 1.00e-02)
Best objective 2.156007124384e+05, best bound 2.139567477638e+05, gap 0.7625%
