
Gurobi 12.0.0 (win64) logging started Mon Sep 21 04:22:15 2026

Set parameter LogFile to value "output/Resultados_finales_tesis/DET/P_red/241kW\gurobi.log"
Set parameter Threads to value 32
Set parameter Heuristics to value 0.5
Set parameter MIPFocus to value 3
Set parameter Presolve to value 2
Set parameter FlowCoverCuts to value 2
Set parameter TimeLimit to value 43200
Gurobi Optimizer version 12.0.0 build v12.0.0rc1 (win64 - Windows 11+.0 (26200.2))

CPU model: Intel(R) Core(TM) i9-14900K, instruction set [SSE2|AVX|AVX2]
Thread count: 24 physical cores, 32 logical processors, using up to 32 threads

Non-default parameters:
TimeLimit  43200
MIPGap  0.01
Heuristics  0.5
MIPFocus  3
FlowCoverCuts  2
Presolve  2
Threads  32

Optimize a model with 716453 rows, 1234752 columns and 5951490 nonzeros
Model fingerprint: 0x94f604eb
Variable types: 161461 continuous, 1073291 integer (994722 binary)
Coefficient statistics:
  Matrix range     [2e-02, 7e+05]
  Objective range  [6e-01, 6e+05]
  Bounds range     [1e+00, 7e+05]
  RHS range        [1e+00, 3e+08]

User MIP start produced solution with objective 2.85003e+06 (0.68s)
Loaded user MIP start with objective 2.85003e+06

Presolve removed 478680 rows and 719702 columns (presolve time = 5s)...
Presolve removed 531984 rows and 719702 columns (presolve time = 10s)...
Presolve removed 532010 rows and 719718 columns (presolve time = 15s)...
Presolve removed 533624 rows and 720700 columns (presolve time = 20s)...
Presolve removed 534380 rows and 720700 columns
Presolve time: 20.91s
Presolved: 182073 rows, 514052 columns, 2186958 nonzeros
Variable types: 36214 continuous, 477838 integer (461204 binary)
Root relaxation presolve removed 32 rows and 16 columns
Root relaxation presolved: 182041 rows, 514036 columns, 2186510 nonzeros

Deterministic concurrent LP optimizer: primal simplex, dual simplex, and barrier
Showing barrier log only...

Root barrier log...

Ordering time: 0.21s

Barrier statistics:
 Dense cols : 29
 AA' NZ     : 2.117e+06
 Factor NZ  : 5.350e+06 (roughly 300 MB of memory)
 Factor Ops : 2.572e+08 (less than 1 second per iteration)
 Threads    : 30

                  Objective                Residual
Iter       Primal          Dual         Primal    Dual     Compl     Time
   0   1.04838473e+11 -4.20083039e+12  3.27e+07 1.43e+03  2.75e+09    25s
   1   9.77454619e+10 -3.98639650e+12  3.00e+07 4.37e+05  2.51e+09    25s
   2   5.60718109e+10 -3.59904488e+12  1.55e+07 6.26e-07  1.32e+09    25s
   3   1.06537819e+09 -3.42656924e+12  2.80e+05 3.25e-06  2.68e+07    26s
   4   1.31715301e+08 -1.66215645e+12  2.69e+04 5.44e-07  3.40e+06    26s
   5   9.48380618e+07 -8.90902902e+11  1.70e+04 1.11e-06  1.89e+06    26s
   6   7.38572464e+07 -7.17461548e+11  1.09e+04 6.17e-07  1.32e+06    26s
   7   6.32386772e+07 -6.18332249e+11  7.96e+03 1.47e-06  1.03e+06    26s
   8   4.62087051e+07 -3.88960742e+11  3.88e+03 2.84e-06  5.65e+05    27s
   9   4.13736029e+07 -2.17821329e+11  2.95e+03 4.18e-06  3.51e+05    27s
  10   3.34647474e+07 -1.48316849e+11  1.82e+03 6.59e-06  2.24e+05    27s
  11   2.46813449e+07 -7.10979825e+10  7.99e+02 1.33e-06  9.86e+04    27s
  12   1.75888647e+07 -2.75463916e+10  1.92e+02 6.39e-07  2.96e+04    27s
  13   1.59130507e+07 -7.19134763e+09  5.97e+01 1.09e-07  6.82e+03    27s
  14   1.48969805e+07 -2.62592855e+09  1.66e+01 3.71e-08  2.31e+03    28s
  15   1.40643416e+07 -6.57442445e+08  4.95e+00 8.13e-09  5.75e+02    28s
  16   1.35809584e+07 -4.60434640e+08  3.08e+00 6.60e-09  4.04e+02    28s
  17   1.20679727e+07 -2.92788468e+08  1.82e+00 3.93e-09  2.59e+02    28s
  18   1.09778400e+07 -2.56079992e+08  1.42e+00 3.79e-09  2.27e+02    28s
  19   1.02803610e+07 -2.00181688e+08  1.18e+00 2.78e-09  1.79e+02    29s
  20   9.70411658e+06 -1.65624167e+08  1.04e+00 2.49e-09  1.49e+02    29s
  21   9.44709543e+06 -1.19013272e+08  9.69e-01 4.66e-09  1.09e+02    29s
  22   8.63916462e+06 -1.07233149e+08  6.99e-01 4.76e-09  9.83e+01    29s
  23   8.24725268e+06 -8.67282832e+07  5.96e-01 1.30e-08  8.06e+01    30s
  24   7.67711883e+06 -6.11454852e+07  4.99e-01 1.95e-09  5.84e+01    30s
  25   6.56380151e+06 -5.07756146e+07  3.41e-01 3.54e-09  4.86e+01    30s
  26   6.18596061e+06 -3.53273910e+07  3.13e-01 4.30e-08  3.52e+01    31s
  27   5.48780854e+06 -2.63914254e+07  2.54e-01 2.34e-08  2.71e+01    31s
  28   4.72373206e+06 -2.16819211e+07  1.85e-01 2.00e-08  2.24e+01    31s
  29   3.73731629e+06 -6.75950407e+06  1.06e-01 3.02e-08  8.92e+00    31s
  30   2.82315100e+06 -2.48925518e+06  3.46e-02 1.62e-08  4.50e+00    32s
  31   2.62529770e+06 -1.26077547e+06  3.06e-02 1.22e-07  3.30e+00    32s
  32   2.56819296e+06 -7.70296599e+05  2.86e-02 1.38e-07  2.83e+00    32s
  33   2.50766494e+06 -4.12431697e+05  2.63e-02 1.47e-07  2.48e+00    32s
  34   2.45262250e+06  1.14052321e+05  2.40e-02 9.55e-08  1.99e+00    32s
  35   2.38817974e+06  4.96920322e+05  2.16e-02 1.14e-07  1.61e+00    32s
  36   2.30601779e+06  1.01894639e+06  1.78e-02 1.34e-07  1.10e+00    33s
  37   2.22873866e+06  1.25046558e+06  1.45e-02 1.23e-07  8.33e-01    33s
  38   2.18358704e+06  1.44751602e+06  1.25e-02 9.53e-08  6.27e-01    33s
  39   2.15465406e+06  1.56798595e+06  1.12e-02 1.11e-07  5.01e-01    34s
  40   2.11785029e+06  1.63713768e+06  9.41e-03 1.05e-07  4.10e-01    34s
  41   2.09803323e+06  1.73017739e+06  8.37e-03 1.15e-07  3.14e-01    34s
  42   2.07795233e+06  1.80016220e+06  7.32e-03 8.75e-08  2.38e-01    34s
  43   2.05816207e+06  1.82158296e+06  6.23e-03 1.08e-07  2.02e-01    35s
  44   2.04362260e+06  1.85835948e+06  5.38e-03 7.19e-08  1.59e-01    35s
  45   2.03358761e+06  1.87834438e+06  4.84e-03 6.74e-08  1.33e-01    35s
  46   2.02582564e+06  1.90652730e+06  4.37e-03 4.06e-08  1.03e-01    36s
  47   2.01577428e+06  1.92011113e+06  3.75e-03 3.36e-08  8.23e-02    36s
  48   2.00834597e+06  1.92625941e+06  3.29e-03 8.97e-08  7.06e-02    36s
  49   2.00522241e+06  1.93180727e+06  3.10e-03 8.15e-08  6.32e-02    36s
  50   1.99890242e+06  1.93838725e+06  2.72e-03 8.83e-08  5.22e-02    37s
  51   1.99515289e+06  1.94248772e+06  2.48e-03 1.03e-07  4.54e-02    37s
  52   1.99225011e+06  1.94482084e+06  2.30e-03 1.11e-07  4.09e-02    37s
  53   1.98792666e+06  1.94866726e+06  2.03e-03 6.02e-08  3.39e-02    38s
  54   1.98719351e+06  1.94938092e+06  1.98e-03 6.63e-08  3.27e-02    38s
  55   1.98556979e+06  1.95016612e+06  1.87e-03 5.74e-08  3.06e-02    38s
  56   1.98312830e+06  1.95231818e+06  1.71e-03 8.16e-09  2.67e-02    38s
  57   1.97982010e+06  1.95347624e+06  1.49e-03 1.37e-08  2.28e-02    39s
  58   1.97889254e+06  1.95390470e+06  1.43e-03 1.48e-08  2.16e-02    39s
  59   1.97643040e+06  1.95486746e+06  1.29e-03 2.34e-08  1.87e-02    39s
  60   1.97418629e+06  1.95594962e+06  1.13e-03 9.19e-08  1.58e-02    39s
  61   1.97218746e+06  1.95634645e+06  9.98e-04 1.01e-07  1.37e-02    40s
  62   1.97068771e+06  1.95690539e+06  8.94e-04 1.34e-07  1.20e-02    40s
  63   1.96765689e+06  1.95731874e+06  6.85e-04 8.36e-08  8.97e-03    40s
  64   1.96671793e+06  1.95765618e+06  6.16e-04 5.62e-08  7.87e-03    40s
  65   1.96599836e+06  1.95786286e+06  5.63e-04 8.45e-08  7.07e-03    41s
  66   1.96520857e+06  1.95795739e+06  5.10e-04 6.18e-08  6.30e-03    41s
  67   1.96404285e+06  1.95801703e+06  4.31e-04 3.87e-08  5.24e-03    41s
  68   1.96281292e+06  1.95808977e+06  3.48e-04 6.23e-08  4.11e-03    41s
  69   1.96156878e+06  1.95813778e+06  2.57e-04 6.05e-09  2.98e-03    42s
  70   1.96074149e+06  1.95821371e+06  1.98e-04 1.64e-09  2.20e-03    42s
  71   1.96007811e+06  1.95820242e+06  1.47e-04 1.50e-09  1.63e-03    42s
  72   1.95991405e+06  1.95821881e+06  1.35e-04 7.00e-09  1.47e-03    43s
  73   1.95918131e+06  1.95822770e+06  7.47e-05 1.27e-08  8.28e-04    43s
  74   1.95914767e+06  1.95824709e+06  7.19e-05 1.09e-08  7.83e-04    43s
  75   1.95912110e+06  1.95825558e+06  6.97e-05 6.62e-09  7.52e-04    43s
  76   1.95891141e+06  1.95825558e+06  5.25e-05 7.83e-09  5.70e-04    43s
  77   1.95881318e+06  1.95825724e+06  4.44e-05 5.79e-09  4.83e-04    43s
  78   1.95875257e+06  1.95826207e+06  3.93e-05 4.61e-09  4.26e-04    44s
  79   1.95827980e+06  1.95826970e+06  7.84e-07 8.63e-09  8.77e-06    44s
  80   1.95827012e+06  1.95827012e+06  2.73e-09 2.53e-09  7.94e-10    44s

Barrier solved model in 80 iterations and 44.05 seconds (83.37 work units)
Optimal objective 1.95827012e+06


Root crossover log...

   15281 DPushes remaining with DInf 0.0000000e+00                44s
       0 DPushes remaining with DInf 0.0000000e+00                44s

  348477 PPushes remaining with PInf 0.0000000e+00                45s
  311401 PPushes remaining with PInf 0.0000000e+00                45s
   93022 PPushes remaining with PInf 0.0000000e+00                50s
       0 PPushes remaining with PInf 0.0000000e+00                52s

  Push phase complete: Pinf 0.0000000e+00, Dinf 6.1456833e-09     52s


Root simplex log...

Iteration    Objective       Primal Inf.    Dual Inf.      Time
  360242    1.9582701e+06   0.000000e+00   0.000000e+00     52s
Concurrent spin time: 0.03s

Solved with barrier
  360242    1.9582701e+06   0.000000e+00   0.000000e+00     52s

Root relaxation: objective 1.958270e+06, 360242 iterations, 29.96 seconds (26.93 work units)
Total elapsed time = 60.91s (DegenMoves)
Total elapsed time = 67.48s (DegenMoves)
Total elapsed time = 71.50s (DegenMoves)
Total elapsed time = 96.96s (DegenMoves)
Total elapsed time = 100.33s (DegenMoves)

    Nodes    |    Current Node    |     Objective Bounds      |     Work
 Expl Unexpl |  Obj  Depth IntInf | Incumbent    BestBd   Gap | It/Node Time

     0     0 2454799.08    0 3365 2850026.31 2454799.08  13.9%     -  107s
     0     0 2454799.08    0 4516 2850026.31 2454799.08  13.9%     -  111s
     0     0 2490999.27    0 4798 2850026.31 2490999.27  12.6%     -  213s
     0     0 2493891.54    0 5413 2850026.31 2493891.54  12.5%     -  241s
     0     0 2493891.54    0 5398 2850026.31 2493891.54  12.5%     -  242s
     0     0 2496014.05    0 4896 2850026.31 2496014.05  12.4%     -  355s
     0     0 2496014.05    0 5788 2850026.31 2496014.05  12.4%     -  362s
     0     0 2496014.05    0 5012 2850026.31 2496014.05  12.4%     -  486s
     0     0 2496014.05    0 5956 2850026.31 2496014.05  12.4%     -  493s
     0     0 2496265.30    0 4905 2850026.31 2496265.30  12.4%     -  617s
     0     0 2496384.56    0 5438 2850026.31 2496384.56  12.4%     -  624s
     0     0 2496384.56    0 5464 2850026.31 2496384.56  12.4%     -  624s
     0     0 2496384.56    0 4983 2850026.31 2496384.56  12.4%     -  742s
     0     0 2496384.56    0 5872 2850026.31 2496384.56  12.4%     -  847s
     0     0 2497096.66    0 4970 2850026.31 2497096.66  12.4%     - 1003s
     0     0 2497096.66    0 5668 2850026.31 2497096.66  12.4%     - 1068s
     0     0 2500556.73    0 5092 2850026.31 2500556.73  12.3%     - 1189s
     0     0 2500606.12    0 5887 2850026.31 2500606.12  12.3%     - 1197s
     0     0 2500607.77    0 6013 2850026.31 2500607.77  12.3%     - 1200s
     0     0 2500874.92    0 5019 2850026.31 2500874.92  12.3%     - 1380s
     0     0 2500963.65    0 5723 2850026.31 2500963.65  12.2%     - 1386s
     0     0 2500963.65    0 5759 2850026.31 2500963.65  12.2%     - 1386s
     0     0 2501257.18    0 5205 2850026.31 2501257.18  12.2%     - 1516s
     0     0 2501290.28    0 5806 2850026.31 2501290.28  12.2%     - 1541s
     0     0 2501290.28    0 5857 2850026.31 2501290.28  12.2%     - 1542s
     0     0 2504606.62    0 5169 2850026.31 2504606.62  12.1%     - 1694s
     0     0 2505175.27    0 6090 2850026.31 2505175.27  12.1%     - 1705s
     0     0 2505328.16    0 6088 2850026.31 2505328.16  12.1%     - 1708s
     0     0 2505362.21    0 6100 2850026.31 2505362.21  12.1%     - 1709s
     0     0 2505362.21    0 6113 2850026.31 2505362.21  12.1%     - 1710s
     0     0 2508257.51    0 5103 2850026.31 2508257.51  12.0%     - 1944s
     0     0 2508509.31    0 5703 2850026.31 2508509.31  12.0%     - 1950s
     0     0 2508529.98    0 5711 2850026.31 2508529.98  12.0%     - 1951s
     0     0 2508529.98    0 5692 2850026.31 2508529.98  12.0%     - 1951s
     0     0 2511855.49    0 5173 2850026.31 2511855.49  11.9%     - 2052s
     0     0 2513386.00    0 5875 2850026.31 2513386.00  11.8%     - 2133s
     0     0 2513465.71    0 6009 2850026.31 2513465.71  11.8%     - 2136s
     0     0 2513466.30    0 6010 2850026.31 2513466.30  11.8%     - 2137s
     0     0 2517590.00    0 5034 2850026.31 2517590.00  11.7%     - 2483s
     0     0 2519256.73    0 5689 2850026.31 2519256.73  11.6%     - 2570s
     0     0 2519693.94    0 5742 2850026.31 2519693.94  11.6%     - 2572s
     0     0 2519717.95    0 5746 2850026.31 2519717.95  11.6%     - 2572s
     0     0 2519801.10    0 5775 2850026.31 2519801.10  11.6%     - 2573s
     0     0 2519801.10    0 5773 2850026.31 2519801.10  11.6%     - 2574s
     0     0 2522904.44    0 5028 2850026.31 2522904.44  11.5%     - 2746s
     0     0 2522953.46    0 5464 2850026.31 2522953.46  11.5%     - 2752s
     0     0 2522953.46    0 5512 2850026.31 2522953.46  11.5%     - 2753s
     0     0 2524657.49    0 5023 2850026.31 2524657.49  11.4%     - 2902s
     0     0 2524893.95    0 5577 2850026.31 2524893.95  11.4%     - 2906s
     0     0 2524894.25    0 5570 2850026.31 2524894.25  11.4%     - 2907s
     0     0 2528072.64    0 4956 2850026.31 2528072.64  11.3%     - 3158s
     0     0 2528214.74    0 5645 2850026.31 2528214.74  11.3%     - 3169s
     0     0 2528214.74    0 5776 2850026.31 2528214.74  11.3%     - 3169s
     0     0 2528403.64    0 4873 2850026.31 2528403.64  11.3%     - 3306s
H    0     0                    2850026.3116 2528403.64  11.3%     - 3324s
     0     0 2528462.66    0 5637 2850026.31 2528462.66  11.3%     - 3333s
     0     0 2528462.66    0 5635 2850026.31 2528462.66  11.3%     - 3334s
     0     0 2528531.39    0 4945 2850026.31 2528531.39  11.3%     - 3413s
     0     0 2528653.94    0 5598 2850026.31 2528653.94  11.3%     - 3474s
     0     0 2528653.96    0 5671 2850026.31 2528653.96  11.3%     - 3475s
     0     0 2528754.12    0 4972 2850026.31 2528754.12  11.3%     - 3567s
     0     0 2528931.78    0 5655 2850026.31 2528931.78  11.3%     - 3599s
     0     0 2528941.65    0 5749 2850026.31 2528941.65  11.3%     - 3600s
     0     0 2530579.01    0 5160 2850026.31 2530579.01  11.2%     - 3656s
     0     0 2530579.01    0 5588 2850026.31 2530579.01  11.2%     - 3662s
     0     0 2530707.30    0 5074 2850026.31 2530707.30  11.2%     - 3791s
     0     0 2530707.30    0 5481 2850026.31 2530707.30  11.2%     - 3795s
     0     0 2530715.71    0 5134 2850026.31 2530715.71  11.2%     - 3903s
     0     0 2530715.71    0 5016 2850026.31 2530715.71  11.2%     - 4043s
     0     2 2530749.08    0 4965 2850026.31 2530749.08  11.2%     - 4429s
     1     2 infeasible    1      2850026.31 2532331.88  11.1% 16454 4435s
     3     2 infeasible    2      2850026.31 2547979.22  10.6% 13512 4449s
     5     4 2548889.55    3 4103 2850026.31 2548833.68  10.6% 10764 4453s
     7     8 2548911.71    4 4102 2850026.31 2548889.55  10.6%  8196 4458s
    11    16 2548913.25    5 4181 2850026.31 2548911.51  10.6%  6234 4473s
    19    32 2548922.60    6 4239 2850026.31 2548913.25  10.6%  5606 4485s
    35    64 2548928.73    7 4132 2850026.31 2548922.60  10.6%  3871 4513s
    51    64 2548928.79    7 4197 2850026.31 2548922.80  10.6%  2890 4516s
    67    96 2548934.98    8 4250 2850026.31 2548928.59  10.6%  2587 4586s
    83    96 2548934.83    8 4310 2850026.31 2548928.60  10.6%  2381 4590s
    99   128 2553487.03    8 4338 2850026.31 2548928.79  10.6%  2156 4691s
   129   128 2548935.14    9 4298 2850026.31 2548934.83  10.6%  1893 4699s
   131   160 2548935.67   10 4393 2850026.31 2548934.83  10.6%  1869 4957s
   163   248 2548935.81   10 4205 2850026.31 2548934.98  10.6%  1619 5465s
H  232   248                    2847411.9258 2548935.11  10.5%  1212 5465s
   251   987 2548936.01    9 4231 2847411.93 2548935.18  10.5%  1149 5977s
  1051  1019 2548935.67   12 4340 2847411.93 2548935.67  10.5%   373 6341s
  1083  1051 2548935.67   20 4282 2847411.93 2548935.67  10.5%   363 7068s
H 1096  1051                    2847411.9248 2548935.67  10.5%   368 7068s
  1115  1083 2548935.81   11 4158 2847411.92 2548935.67  10.5%   370 7532s
  1147  1115 2548935.81   10 4287 2847411.92 2548935.81  10.5%   410 8034s
  1179  1147 2548935.93   18 4150 2847411.92 2548935.81  10.5%   400 8636s
  1211  1179 2548935.87   12 4340 2847411.92 2548935.87  10.5%   437 9549s
  1243  1436 2548935.92   12 4389 2847411.92 2548935.92  10.5%   462 10185s
  1587  2143 2548935.97   19 4225 2847411.92 2548935.94  10.5%   457 10394s
  2407  2764 2548936.03   14 4336 2847411.92 2548936.00  10.5%   391 10525s
  3100  2765 2615047.93   27 5016 2847411.92 2548936.01  10.5%   364 10807s
  3102  2766 2597114.73   45 3348 2847411.92 2548936.01  10.5%   364 11060s
  3103  2767 2597090.77   28 4375 2847411.92 2559870.16  10.1%   364 11201s
  3105  2768 2559870.16   20 4922 2847411.92 2559870.16  10.1%   364 11244s
  3106  2769 2559870.16   24 4636 2847411.92 2559870.16  10.1%   364 11974s
  3107  2770 2597139.81   24 5046 2847411.92 2559870.16  10.1%   364 12147s
  3108  2770 2579084.41   34 4499 2847411.92 2559870.16  10.1%   363 12437s
  3109  2771 2597626.16   27 5123 2847411.92 2559870.16  10.1%   363 12624s
  3110  2772 2614591.82   22 4404 2847411.92 2559870.16  10.1%   363 12961s
H 3110  2633                    2847411.9197 2559870.16  10.1%   363 13345s
  3112  2634 2597092.07   31 4440 2847411.92 2559870.16  10.1%   363 13681s
  3113  2635 2559870.16   22 5083 2847411.92 2559870.16  10.1%   363 13829s
  3114  2635 2597105.71   45 4335 2847411.92 2559870.16  10.1%   363 14163s
  3115  2636 2631362.36   21 5075 2847411.92 2559870.16  10.1%   363 14363s
  3116  2637 2601549.39   42 4297 2847411.92 2559870.16  10.1%   362 14803s
  3117  2637 2601535.89   35 4940 2847411.92 2559870.16  10.1%   362 15042s
  3118  2638 2597126.07   47 4234 2847411.92 2559870.16  10.1%   362 15388s
  3119  2639 2575555.78   25 4882 2847411.92 2559870.16  10.1%   362 15801s
  3120  2639 2559870.16   12 4228 2847411.92 2559870.16  10.1%   362 16208s
  3121  2640 2597105.62   49 4183 2847411.92 2559870.16  10.1%   362 16448s
  3123  2643 2624254.40   28 5016 2847411.92 2559870.16  10.1%   508 16453s
  3125  2644 2559870.16   12 3379 2847411.92 2559870.16  10.1%   508 16552s
  3126  2645 2600455.27   35 2274 2847411.92 2560366.06  10.1%   508 16656s
  3127  2646 2587955.22   22 4841 2847411.92 2560366.06  10.1%   508 16673s
  3129  2647 2560366.06   20 4940 2847411.92 2560366.06  10.1%   507 16704s
  3130  2648 2597091.53   31 4077 2847411.92 2560366.06  10.1%   507 16929s
  3131  2648 2597092.63   28 4618 2847411.92 2560366.06  10.1%   507 17112s
  3132  2649 2560366.06   18 4027 2847411.92 2560366.06  10.1%   507 17369s
  3133  2650 2597133.43   38 4414 2847411.92 2560366.06  10.1%   507 17568s
  3134  2650 2561130.27   36 4059 2847411.92 2560366.06  10.1%   506 17825s
  3135  2651 2581791.24   22 4797 2847411.92 2560366.06  10.1%   506 18009s
  3136  2652 2560366.06   19 4098 2847411.92 2560366.06  10.1%   506 18275s
  3137  2652 2560366.06   15 4064 2847411.92 2560366.06  10.1%   506 27150s
  3139  2655 2597098.98   37 5016 2847411.92 2560366.06  10.1%   593 27157s
  3141  2656 2597090.85   34 4110 2847411.92 2560416.15  10.1%   592 27277s
  3142  2657 2560416.15   18 4792 2847411.92 2560416.15  10.1%   592 27362s
  3143  2658 2597105.82   40 5384 2847411.92 2560416.15  10.1%   592 27372s
  3145  2659 2597090.85   23 5440 2847411.92 2560416.15  10.1%   591 27401s
  3146  2660 2560416.15   15 4809 2847411.92 2560416.15  10.1%   591 27551s
  3147  2660 2597090.85   27 5182 2847411.92 2560416.15  10.1%   591 27651s
  3148  2661 2587756.13   29 4956 2847411.92 2560416.15  10.1%   591 27817s
H 3148  2527                    2847411.9187 2560416.15  10.1%   591 27916s
  3149  2528 2587756.09   30 5338 2847411.92 2560416.15  10.1%   591 27954s
  3150  2528 2560416.15   18 4919 2847411.92 2560416.15  10.1%   590 28117s
  3151  2529 2623705.13   33 5455 2847411.92 2560416.15  10.1%   590 28232s
  3152  2530 2597090.89   27 4969 2847411.92 2560416.15  10.1%   590 28454s
  3153  2530 2560416.15   13 5314 2847411.92 2560416.15  10.1%   590 28586s
  3154  2531 2560416.15   17 4974 2847411.92 2560416.15  10.1%   590 28767s
  3155  2532 2560416.15   16 4974 2847411.92 2560416.15  10.1%   590 30475s
  3157  2534 2624267.83   19 5016 2847411.92 2560416.15  10.1%   804 30484s
  3159  2535 2565869.91   21 4477 2847411.92 2565869.91  9.89%   803 30880s
  3160  2536 2589739.85   27 3764 2847411.92 2565869.91  9.89%   803 31211s
  3161  2537 2597090.85   20 4226 2847411.92 2565869.91  9.89%   803 31331s
  3163  2538 2614591.82   16 4232 2847411.92 2565869.91  9.89%   802 31364s
  3164  2539 2587955.22   15 3795 2847411.92 2565869.91  9.89%   802 31485s
  3165  2539 2587756.21   29 3807 2847411.92 2565869.91  9.89%   802 31586s
  3166  2540 2600455.35   27 3677 2847411.92 2565927.35  9.89%   802 31774s
  3167  2541 2597091.64   28 3785 2847411.92 2565927.35  9.89%   801 31876s
  3168  2541 2565927.35   26 3808 2847411.92 2565927.35  9.89%   801 31992s
  3169  2542 2597105.82   50 3808 2847411.92 2565927.35  9.89%   801 32173s
  3171  2545 2565927.35   11 5016 2847411.92 2565927.35  9.89%   970 32179s
  3173  2546 2651268.74   22 3729 2847411.92 2566098.24  9.88%   969 32983s
  3174  2547 2597090.85   25 3844 2847411.92 2566098.24  9.88%   969 34135s
  3175  2548 2566098.24   16 3922 2847411.92 2566098.24  9.88%   968 34666s
  3176  2548 2615048.57   23 4086 2847411.92 2566098.24  9.88%   968 34727s
