
Gurobi 12.0.0 (win64) logging started Mon Sep  7 03:59:02 2026

Set parameter LogFile to value "C:\Users\TECNO-MASTER\Desktop\Elmo_infrastructure_sizing_NP-\output\DCH_septiembre\Bateria_482\Costo_variable\Carga_libre\Carga_on_board_variable_3estaciones_P320kW_Descomp/station_1_d152_stage1\gurobi.log"
Set parameter Threads to value 1
Set parameter Heuristics to value 0.5
Set parameter MIPFocus to value 3
Set parameter Presolve to value 2
Set parameter FlowCoverCuts to value 2
Set parameter TimeLimit to value 1200
Gurobi Optimizer version 12.0.0 build v12.0.0rc1 (win64 - Windows 11+.0 (26200.2))

CPU model: Intel(R) Core(TM) i9-14900K, instruction set [SSE2|AVX|AVX2]
Thread count: 24 physical cores, 32 logical processors, using up to 1 threads

Non-default parameters:
TimeLimit  1200
MIPGap  0.05
Heuristics  0.5
MIPFocus  3
FlowCoverCuts  2
Presolve  2
Threads  1

Optimize a model with 22770 rows, 37249 columns and 110686 nonzeros
Model fingerprint: 0xdffd48df
Variable types: 17323 continuous, 19926 integer (19925 binary)
Coefficient statistics:
  Matrix range     [1e-01, 3e+02]
  Objective range  [1e-02, 8e+04]
  Bounds range     [1e+00, 1e+00]
  RHS range        [1e+00, 1e+04]
Presolve removed 19951 rows and 26950 columns
Presolve time: 0.24s
Presolved: 2819 rows, 10299 columns, 31535 nonzeros
Variable types: 841 continuous, 9458 integer (9457 binary)
Root relaxation presolved: 2819 rows, 10299 columns, 31535 nonzeros


Root relaxation: objective 7.248485e+04, 5398 iterations, 0.59 seconds (0.69 work units)

    Nodes    |    Current Node    |     Objective Bounds      |     Work
 Expl Unexpl |  Obj  Depth IntInf | Incumbent    BestBd   Gap | It/Node Time

     0     0 72484.8498    0  382          - 72484.8498      -     -    1s
     0     0 115257.705    0   29          - 115257.705      -     -    3s
H    0     0                    193195.85850 115257.705  40.3%     -    3s
H    0     0                    115432.61205 115257.705  0.15%     -    3s

Cutting planes:
  Gomory: 10
  Cover: 1
  Implied bound: 1
  Flow cover: 1
  Zero half: 5
  RLT: 1

Explored 1 nodes (19106 simplex iterations) in 3.63 seconds (3.86 work units)
Thread count was 1 (of 32 available processors)

Solution count 2: 115433 193196 

Optimal solution found (tolerance 5.00e-02)
Best objective 1.154326120482e+05, best bound 1.152577045228e+05, gap 0.1515%
