
Gurobi 12.0.3 (win64) logging started Sun Aug 23 02:53:44 2026

Set parameter LogFile to value "C:\Users\TECNO-MASTER\Desktop\Elmo_infrastructure_sizing_NP-\output\DCH_agosto\Costo_variable\Carga_libre\Carga_on_board_variable_3estaciones_P640kW_Descomp/station_3_d91_stage1\gurobi.log"
Set parameter Threads to value 1
Set parameter Heuristics to value 0.5
Set parameter MIPFocus to value 3
Set parameter Presolve to value 2
Set parameter FlowCoverCuts to value 2
Set parameter TimeLimit to value 172800
Gurobi Optimizer version 12.0.3 build v12.0.3rc0 (win64 - Windows 11+.0 (26200.2))

CPU model: Intel(R) Core(TM) i9-14900K, instruction set [SSE2|AVX|AVX2]
Thread count: 24 physical cores, 32 logical processors, using up to 1 threads

Non-default parameters:
TimeLimit  172800
MIPGap  0.01
Heuristics  0.5
MIPFocus  3
FlowCoverCuts  2
Presolve  2
Threads  1

Optimize a model with 22770 rows, 37249 columns and 110688 nonzeros
Model fingerprint: 0x6bfe1b46
Variable types: 17323 continuous, 19926 integer (19925 binary)
Coefficient statistics:
  Matrix range     [1e-01, 6e+02]
  Objective range  [1e-02, 1e+05]
  Bounds range     [1e+00, 3e+00]
  RHS range        [1e+00, 1e+04]
Presolve removed 19880 rows and 26955 columns
Presolve time: 0.50s
Presolved: 2890 rows, 10294 columns, 32192 nonzeros
Variable types: 841 continuous, 9453 integer (9361 binary)
Root relaxation presolved: 2890 rows, 10294 columns, 32192 nonzeros


Root relaxation: objective 5.667683e+04, 4292 iterations, 0.53 seconds (0.58 work units)

    Nodes    |    Current Node    |     Objective Bounds      |     Work
 Expl Unexpl |  Obj  Depth IntInf | Incumbent    BestBd   Gap | It/Node Time

     0     0 56676.8252    0  411          - 56676.8252      -     -    2s
     0     0 165161.874    0  207          - 165161.874      -     -    8s
H    0     0                    168069.07877 165161.874  1.73%     -    8s
H    0     0                    167934.91653 165161.874  1.65%     -    9s
H    0     0                    166653.43592 165161.874  0.90%     -    9s

Cutting planes:
  Gomory: 10
  Implied bound: 2
  Flow cover: 1

Explored 1 nodes (43744 simplex iterations) in 9.46 seconds (6.87 work units)
Thread count was 1 (of 32 available processors)

Solution count 3: 166653 167935 168069 

Optimal solution found (tolerance 1.00e-02)
Best objective 1.666534359188e+05, best bound 1.651618738151e+05, gap 0.8950%
