
Gurobi 12.0.3 (win64) logging started Tue Jun 30 14:56:34 2026

Set parameter LogFile to value "output/DCH_taller_julio/Costo_variable/Carga_on_board_640kW_Descomp/station_1_d213\gurobi.log"
Set parameter Threads to value 5
Set parameter Heuristics to value 0.5
Set parameter MIPFocus to value 3
Set parameter Presolve to value 2
Set parameter FlowCoverCuts to value 2
Set parameter TimeLimit to value 172800
Gurobi Optimizer version 12.0.3 build v12.0.3rc0 (win64 - Windows 11+.0 (26200.2))

CPU model: Intel(R) Core(TM) i9-14900K, instruction set [SSE2|AVX|AVX2]
Thread count: 24 physical cores, 32 logical processors, using up to 5 threads

Non-default parameters:
TimeLimit  172800
MIPGap  0.01
Heuristics  0.5
MIPFocus  3
FlowCoverCuts  2
Presolve  2
Threads  5

Optimize a model with 22793 rows, 35809 columns and 109900 nonzeros
Model fingerprint: 0x8b2e760c
Variable types: 17323 continuous, 18486 integer (18485 binary)
Coefficient statistics:
  Matrix range     [1e-01, 6e+02]
  Objective range  [8e-03, 1e+02]
  Bounds range     [1e+00, 1e+00]
  RHS range        [1e+00, 1e+04]
Presolve removed 20397 rows and 25838 columns
Presolve time: 0.16s
Presolved: 2396 rows, 9971 columns, 30232 nonzeros
Variable types: 821 continuous, 9150 integer (9150 binary)
Root relaxation presolved: 2396 rows, 9971 columns, 30232 nonzeros


Root relaxation: objective 1.675983e+05, 3211 iterations, 0.14 seconds (0.18 work units)

    Nodes    |    Current Node    |     Objective Bounds      |     Work
 Expl Unexpl |  Obj  Depth IntInf | Incumbent    BestBd   Gap | It/Node Time

     0     0 167598.264    0  248          - 167598.264      -     -    0s
H    0     0                    193821.68083 167598.264  13.5%     -    0s
H    0     0                    190363.16068 167598.264  12.0%     -    0s
H    0     0                    190261.73679 167598.264  11.9%     -    0s
H    0     0                    190067.66677 167598.264  11.8%     -    0s
H    0     0                    189711.59468 167598.264  11.7%     -    0s
H    0     0                    183657.25980 167598.264  8.74%     -    0s
H    0     0                    181545.65735 167598.264  7.68%     -    0s
H    0     0                    181545.40957 167598.264  7.68%     -    0s
H    0     0                    181525.83694 167598.264  7.67%     -    1s
H    0     0                    181471.76749 167598.264  7.64%     -    1s
H    0     0                    181346.71274 167598.264  7.58%     -    1s
H    0     0                    175046.11275 167598.264  4.25%     -    1s
H    0     0                    175002.60214 167598.264  4.23%     -    1s
H    0     0                    174766.07492 167598.264  4.10%     -    1s
H    0     0                    174691.70351 167598.264  4.06%     -    1s
     0     0 167834.199    0  301 174691.704 167834.199  3.93%     -    1s
H    0     0                    174691.48341 167867.973  3.91%     -    2s
H    0     0                    174647.05372 167867.973  3.88%     -    2s
H    0     0                    172358.52987 167867.973  2.61%     -    2s
H    0     0                    172352.84777 167867.973  2.60%     -    2s
H    0     0                    172348.02014 167867.973  2.60%     -    2s
H    0     0                    172307.60137 167867.973  2.58%     -    2s
H    0     0                    172246.50016 167867.973  2.54%     -    2s
H    0     0                    171795.76547 167867.973  2.29%     -    2s
     0     0 167903.029    0  304 171795.765 167903.029  2.27%     -    2s
     0     0 167903.029    0  323 171795.765 167903.029  2.27%     -    2s
H    0     0                    170152.90707 167903.029  1.32%     -    2s
H    0     0                    170142.52535 167903.029  1.32%     -    2s
H    0     0                    170141.41241 167944.085  1.29%     -    3s
H    0     0                    170135.95486 167944.085  1.29%     -    3s
H    0     0                    170131.77768 167944.085  1.29%     -    3s
     0     0 168007.995    0  249 170131.778 168007.995  1.25%     -    4s
H    0     0                    170131.74913 168007.995  1.25%     -    4s
H    0     0                    169911.63191 168007.995  1.12%     -    4s
H    0     0                    169438.27756 168007.995  0.84%     -    4s
H    0     0                    169436.69930 168007.995  0.84%     -    4s
H    0     0                    169374.11560 168007.995  0.81%     -    4s
H    0     0                    169280.36500 168007.995  0.75%     -    4s
H    0     0                    169279.97752 168007.995  0.75%     -    4s
H    0     0                    169279.88278 168007.995  0.75%     -    4s
H    0     0                    169279.86325 168007.995  0.75%     -    4s
H    0     0                    169233.87754 168007.995  0.72%     -    4s
H    0     0                    169232.82328 168007.995  0.72%     -    4s
     0     0 168021.361    0  280 169232.823 168021.361  0.72%     -    4s

Cutting planes:
  Gomory: 30
  Lift-and-project: 3
  Cover: 19
  Implied bound: 8
  Clique: 3
  MIR: 9
  Flow cover: 31
  Zero half: 19
  RLT: 11
  Relax-and-lift: 13
  PSD: 4

Explored 1 nodes (15366 simplex iterations) in 4.33 seconds (3.95 work units)
Thread count was 5 (of 32 available processors)

Solution count 10: 169233 169234 169280 ... 169912

Optimal solution found (tolerance 1.00e-02)
Best objective 1.692328232834e+05, best bound 1.680213610281e+05, gap 0.7159%
