
Gurobi 12.0.0 (win64) logging started Mon Sep  7 03:49:03 2026

Set parameter LogFile to value "C:\Users\TECNO-MASTER\Desktop\Elmo_infrastructure_sizing_NP-\output\DCH_septiembre\Bateria_482\Costo_fijo\Carga_libre\Carga_on_board_fixed_3estaciones_P160kW_Descomp/station_3_d91_stage1\gurobi.log"
Set parameter Threads to value 1
Set parameter Heuristics to value 0.5
Set parameter MIPFocus to value 3
Set parameter Presolve to value 2
Set parameter FlowCoverCuts to value 2
Set parameter TimeLimit to value 1200
Gurobi Optimizer version 12.0.0 build v12.0.0rc1 (win64 - Windows 11+.0 (26200.2))

CPU model: Intel(R) Core(TM) i9-14900K, instruction set [SSE2|AVX|AVX2]
Thread count: 24 physical cores, 32 logical processors, using up to 1 threads

Non-default parameters:
TimeLimit  1200
MIPGap  0.05
Heuristics  0.5
MIPFocus  3
FlowCoverCuts  2
Presolve  2
Threads  1

Optimize a model with 22770 rows, 37249 columns and 110688 nonzeros
Model fingerprint: 0xe54688b6
Variable types: 17323 continuous, 19926 integer (19925 binary)
Coefficient statistics:
  Matrix range     [1e-01, 2e+02]
  Objective range  [4e-01, 6e+04]
  Bounds range     [1e+00, 1e+00]
  RHS range        [1e+00, 1e+04]
Presolve removed 19951 rows and 26952 columns
Presolve time: 0.23s
Presolved: 2819 rows, 10297 columns, 31529 nonzeros
Variable types: 841 continuous, 9456 integer (9455 binary)
Root relaxation presolved: 2819 rows, 10297 columns, 31529 nonzeros


Root relaxation: objective 1.406449e+05, 7456 iterations, 1.21 seconds (1.22 work units)

    Nodes    |    Current Node    |     Objective Bounds      |     Work
 Expl Unexpl |  Obj  Depth IntInf | Incumbent    BestBd   Gap | It/Node Time

     0     0 150472.535    0  236          - 150472.535      -     -    3s
     0     0 155322.792    0  162          - 155322.792      -     -    4s
     0     0 156503.424    0  145          - 156503.424      -     -    6s
     0     0 156503.424    0  130          - 156503.424      -     -    7s
     0     0 156503.424    0  123          - 156503.424      -     -    7s
     0     0 156503.424    0  126          - 156503.424      -     -    8s
     0     0 156503.424    0  148          - 156503.424      -     -    8s
     0     0 156503.424    0  122          - 156503.424      -     -    8s
     0     0 156503.424    0  122          - 156503.424      -     -    9s
H    0     0                    195303.99534 156503.424  19.9%     -    9s
H    0     0                    190067.38304 156503.424  17.7%     -    9s
H    0     0                    188477.51986 156503.424  17.0%     -    9s
H    0     0                    178237.80665 156503.424  12.2%     -    9s
H    0     0                    177837.71703 156503.424  12.0%     -    9s
H    0     0                    174854.96736 156503.424  10.5%     -    9s
H    0     0                    173246.30937 156503.424  9.66%     -    9s
H    0     0                    172832.80441 156503.424  9.45%     -   10s
     0     2 156789.843    0  110 172832.804 156789.843  9.28%     -   10s

Cutting planes:
  Gomory: 4
  Lift-and-project: 8
  Cover: 11
  Clique: 1
  Flow cover: 3
  Zero half: 11

Explored 3 nodes (32617 simplex iterations) in 10.38 seconds (9.11 work units)
Thread count was 1 (of 32 available processors)

Solution count 8: 172833 173246 174855 ... 195304

Optimal solution found (tolerance 5.00e-02)
Best objective 1.728328044082e+05, best bound 1.655413897963e+05, gap 4.2188%
