
Gurobi 12.0.3 (win64) logging started Tue Jun 30 14:54:23 2026

Set parameter LogFile to value "output/DCH_taller_julio/Costo_variable/Carga_on_board_640kW_Descomp/station_2_d121_stage1\gurobi.log"
Set parameter Threads to value 5
Set parameter Heuristics to value 0.5
Set parameter MIPFocus to value 3
Set parameter Presolve to value 2
Set parameter FlowCoverCuts to value 2
Set parameter TimeLimit to value 172800
Gurobi Optimizer version 12.0.3 build v12.0.3rc0 (win64 - Windows 11+.0 (26200.2))

CPU model: Intel(R) Core(TM) i9-14900K, instruction set [SSE2|AVX|AVX2]
Thread count: 24 physical cores, 32 logical processors, using up to 5 threads

Non-default parameters:
TimeLimit  172800
MIPGap  0.01
Heuristics  0.5
MIPFocus  3
FlowCoverCuts  2
Presolve  2
Threads  5

Optimize a model with 23795 rows, 37807 columns and 116832 nonzeros
Model fingerprint: 0x6bba89ad
Variable types: 18325 continuous, 19482 integer (19481 binary)
Coefficient statistics:
  Matrix range     [1e-01, 6e+02]
  Objective range  [8e-03, 1e+05]
  Bounds range     [1e+00, 1e+00]
  RHS range        [1e+00, 1e+04]
Presolve removed 20956 rows and 27336 columns
Presolve time: 0.18s
Presolved: 2839 rows, 10471 columns, 32446 nonzeros
Variable types: 821 continuous, 9650 integer (9649 binary)
Root relaxation presolved: 2839 rows, 10471 columns, 32446 nonzeros


Root relaxation: objective 7.366506e+04, 6748 iterations, 0.57 seconds (0.94 work units)

    Nodes    |    Current Node    |     Objective Bounds      |     Work
 Expl Unexpl |  Obj  Depth IntInf | Incumbent    BestBd   Gap | It/Node Time

     0     0 73665.0599    0  490          - 73665.0599      -     -    1s
H    0     0                    482322.26701 103600.934  78.5%     -    2s
H    0     0                    359061.26923 131644.985  63.3%     -    3s
H    0     0                    324041.42636 131644.985  59.4%     -    3s
H    0     0                    180808.50662 131644.985  27.2%     -    3s
H    0     0                    180774.80121 131644.985  27.2%     -    3s
H    0     0                    180644.79376 131644.985  27.1%     -    3s
H    0     0                    180642.69167 131644.985  27.1%     -    3s
H    0     0                    180608.98626 131644.985  27.1%     -    3s
H    0     0                    180464.18480 131644.985  27.1%     -    3s
H    0     0                    180331.21056 131644.985  27.0%     -    3s
H    0     0                    180276.43187 131644.985  27.0%     -    3s
     0     0 167141.090    0  274 180276.432 167141.090  7.29%     -    4s
H    0     0                    179469.34017 167141.090  6.87%     -    4s
H    0     0                    177104.57890 167141.090  5.63%     -    4s
H    0     0                    177095.02364 167141.090  5.62%     -    4s
H    0     0                    177081.43427 167141.090  5.61%     -    4s
H    0     0                    176977.40499 167141.090  5.56%     -    4s
H    0     0                    175287.17852 167141.090  4.65%     -    4s
H    0     0                    175071.04481 167141.090  4.53%     -    4s
H    0     0                    175070.30953 167141.090  4.53%     -    4s
H    0     0                    174729.00520 167141.090  4.34%     -    4s
H    0     0                    174166.62846 167141.090  4.03%     -    4s
H    0     0                    174127.18342 167141.090  4.01%     -    4s
H    0     0                    174046.19219 167141.090  3.97%     -    4s
H    0     0                    174045.92091 167141.090  3.97%     -    4s
H    0     0                    174044.86605 167141.090  3.97%     -    4s
H    0     0                    174044.59476 167141.090  3.97%     -    4s
H    0     0                    174039.53208 167141.090  3.96%     -    5s
H    0     0                    174004.06622 167141.090  3.94%     -    5s
H    0     0                    174003.40392 167141.090  3.94%     -    5s
     0     0 167220.461    0  290 174003.404 167220.461  3.90%     -    5s
H    0     0                    171276.09925 167256.806  2.35%     -    6s
H    0     0                    170116.38518 167256.806  1.68%     -    6s
H    0     0                    170107.66040 167256.806  1.68%     -    6s
H    0     0                    168612.81709 167256.806  0.80%     -    6s
H    0     0                    168219.18191 167256.806  0.57%     -    6s
     0     0 167332.013    0  255 168219.182 167332.013  0.53%     -    6s

Cutting planes:
  Gomory: 32
  Lift-and-project: 39
  Cover: 6
  Implied bound: 34
  Projected implied bound: 1
  Clique: 4
  MIR: 21
  Mixing: 10
  Flow cover: 88
  Zero half: 3
  RLT: 1
  Relax-and-lift: 10

Explored 1 nodes (33272 simplex iterations) in 6.75 seconds (7.77 work units)
Thread count was 5 (of 32 available processors)

Solution count 10: 168219 168613 170108 ... 174045

Optimal solution found (tolerance 1.00e-02)
Best objective 1.682191819098e+05, best bound 1.673320127035e+05, gap 0.5274%
