
Gurobi 12.0.3 (win64) logging started Tue Jul  7 18:06:28 2026

Set parameter LogFile to value "output/DCH_taller_julio/Costo_variable/Ventana_restringida/Carga_on_board_1000kW_Descomp_ventana_carga/station_2_d274\gurobi.log"
Set parameter Threads to value 5
Set parameter Heuristics to value 0.5
Set parameter MIPFocus to value 3
Set parameter Presolve to value 2
Set parameter FlowCoverCuts to value 2
Set parameter TimeLimit to value 172800
Gurobi Optimizer version 12.0.3 build v12.0.3rc0 (win64 - Windows 11+.0 (26200.2))

CPU model: Intel(R) Core(TM) i9-14900K, instruction set [SSE2|AVX|AVX2]
Thread count: 24 physical cores, 32 logical processors, using up to 5 threads

Non-default parameters:
TimeLimit  172800
MIPGap  0.01
Heuristics  0.5
MIPFocus  3
FlowCoverCuts  2
Presolve  2
Threads  5

Optimize a model with 24301 rows, 37807 columns and 116406 nonzeros
Model fingerprint: 0x4b379f90
Variable types: 18325 continuous, 19482 integer (19481 binary)
Coefficient statistics:
  Matrix range     [1e-01, 1e+03]
  Objective range  [4e-03, 1e+02]
  Bounds range     [1e+00, 1e+00]
  RHS range        [1e+00, 1e+04]
Presolve removed 23207 rows and 28787 columns
Presolve time: 0.14s
Presolved: 1094 rows, 9020 columns, 27146 nonzeros
Variable types: 244 continuous, 8776 integer (8776 binary)
Root relaxation presolved: 1094 rows, 9020 columns, 27146 nonzeros


Use crossover to convert LP symmetric solution to basic solution...

Root relaxation: objective 2.212705e+05, 3160 iterations, 0.05 seconds (0.04 work units)

    Nodes    |    Current Node    |     Objective Bounds      |     Work
 Expl Unexpl |  Obj  Depth IntInf | Incumbent    BestBd   Gap | It/Node Time

     0     0 221270.502    0   89          - 221270.502      -     -    0s
H    0     0                    221594.12414 221270.502  0.15%     -    0s

Explored 1 nodes (8135 simplex iterations) in 0.64 seconds (0.61 work units)
Thread count was 5 (of 32 available processors)

Solution count 1: 221594 

Optimal solution found (tolerance 1.00e-02)
Best objective 2.215941241355e+05, best bound 2.212705020281e+05, gap 0.1460%
