
Gurobi 12.0.0 (win64) logging started Mon Sep  7 03:38:51 2026

Set parameter LogFile to value "C:\Users\TECNO-MASTER\Desktop\Elmo_infrastructure_sizing_NP-\output\DCH_septiembre\Bateria_353\Costo_fijo\Carga_libre\Carga_on_board_fixed_3estaciones_P640kW_Descomp/station_3_d152_stage1\gurobi.log"
Set parameter Threads to value 1
Set parameter Heuristics to value 0.5
Set parameter MIPFocus to value 3
Set parameter Presolve to value 2
Set parameter FlowCoverCuts to value 2
Set parameter TimeLimit to value 1200
Gurobi Optimizer version 12.0.0 build v12.0.0rc1 (win64 - Windows 11+.0 (26200.2))

CPU model: Intel(R) Core(TM) i9-14900K, instruction set [SSE2|AVX|AVX2]
Thread count: 24 physical cores, 32 logical processors, using up to 1 threads

Non-default parameters:
TimeLimit  1200
MIPGap  0.05
Heuristics  0.5
MIPFocus  3
FlowCoverCuts  2
Presolve  2
Threads  1

Optimize a model with 22770 rows, 37249 columns and 110688 nonzeros
Model fingerprint: 0x5e115aae
Variable types: 17323 continuous, 19926 integer (19925 binary)
Coefficient statistics:
  Matrix range     [1e-01, 6e+02]
  Objective range  [4e-01, 1e+05]
  Bounds range     [1e+00, 1e+00]
  RHS range        [1e+00, 1e+04]
Presolve removed 19880 rows and 26952 columns
Presolve time: 0.27s
Presolved: 2890 rows, 10297 columns, 31944 nonzeros
Variable types: 841 continuous, 9456 integer (9455 binary)
Root relaxation presolved: 2890 rows, 10297 columns, 31944 nonzeros


Root relaxation: objective 4.992484e+04, 4670 iterations, 0.64 seconds (0.71 work units)

    Nodes    |    Current Node    |     Objective Bounds      |     Work
 Expl Unexpl |  Obj  Depth IntInf | Incumbent    BestBd   Gap | It/Node Time

     0     0 49924.8434    0  396          - 49924.8434      -     -    2s
     0     0 81483.7727    0  194          - 81483.7727      -     -    3s
     0     0 85242.6033    0  220          - 85242.6033      -     -    4s
     0     0 85242.6033    0  246          - 85242.6033      -     -    4s
     0     0 85242.6033    0  221          - 85242.6033      -     -    6s
     0     0 85242.6033    0  233          - 85242.6033      -     -    6s
     0     0 85242.6033    0  192          - 85242.6033      -     -    7s
     0     0 85242.6033    0  198          - 85242.6033      -     -    7s
     0     0 85242.6033    0  227          - 85242.6033      -     -    7s
     0     0 85242.6033    0  211          - 85242.6033      -     -    8s
H    0     0                    304173.63685 85242.6033  72.0%     -    8s
H    0     0                    299653.70596 85242.6033  71.6%     -    9s
H    0     0                    158405.95842 85242.6033  46.2%     -    9s
H    0     0                    155413.52510 85242.6033  45.2%     -    9s
H    0     0                    155356.03351 85242.6033  45.1%     -    9s
     0     2 85242.6033    0  196 155356.034 85242.6033  45.1%     -    9s

Cutting planes:
  Gomory: 15
  Cover: 4
  Projected implied bound: 1
  MIR: 3
  Flow cover: 1
  Relax-and-lift: 6

Explored 3 nodes (45379 simplex iterations) in 9.55 seconds (14.40 work units)
Thread count was 1 (of 32 available processors)

Solution count 5: 155356 155414 158406 ... 304174

Optimal solution found (tolerance 5.00e-02)
Best objective 1.553560335096e+05, best bound 1.553498279979e+05, gap 0.0040%
