
Gurobi 12.0.3 (win64) logging started Mon Sep  7 19:23:57 2026

Set parameter LogFile to value "C:\Users\TECNO-MASTER\Desktop\Elmo_infrastructure_sizing_NP-\output\DCH_septiembre\Bateria_353\Costo_variable\Carga_libre\Carga_on_board_variable_3estaciones_P160kW_Descomp/station_3_d91_stage1\gurobi.log"
Set parameter Threads to value 1
Set parameter Heuristics to value 0.5
Set parameter MIPFocus to value 3
Set parameter Presolve to value 2
Set parameter FlowCoverCuts to value 2
Set parameter TimeLimit to value 1200
Gurobi Optimizer version 12.0.3 build v12.0.3rc0 (win64 - Windows 11+.0 (26200.2))

CPU model: Intel(R) Core(TM) i9-14900K, instruction set [SSE2|AVX|AVX2]
Thread count: 24 physical cores, 32 logical processors, using up to 1 threads

Non-default parameters:
TimeLimit  1200
MIPGap  0.05
Heuristics  0.5
MIPFocus  3
FlowCoverCuts  2
Presolve  2
Threads  1

Optimize a model with 22770 rows, 37249 columns and 110688 nonzeros
Model fingerprint: 0x1c601468
Variable types: 17323 continuous, 19926 integer (19925 binary)
Coefficient statistics:
  Matrix range     [1e-01, 2e+02]
  Objective range  [1e-02, 6e+04]
  Bounds range     [1e+00, 1e+00]
  RHS range        [1e+00, 1e+04]
Presolve removed 19951 rows and 26952 columns
Presolve time: 0.29s
Presolved: 2819 rows, 10297 columns, 31529 nonzeros
Variable types: 841 continuous, 9456 integer (9455 binary)
Root relaxation presolved: 2819 rows, 10297 columns, 31529 nonzeros


Root relaxation: objective 1.391566e+05, 7402 iterations, 1.17 seconds (1.19 work units)

    Nodes    |    Current Node    |     Objective Bounds      |     Work
 Expl Unexpl |  Obj  Depth IntInf | Incumbent    BestBd   Gap | It/Node Time

     0     0 148984.198    0  272          - 148984.198      -     -    3s
     0     0 153401.318    0  260          - 153401.318      -     -    5s
     0     0 154103.778    0  292          - 154103.778      -     -    7s
     0     0 154103.778    0  272          - 154103.778      -     -    8s
     0     0 154103.778    0  268          - 154103.778      -     -    9s
H    0     0                    192243.02475 154103.778  19.8%     -    9s
H    0     0                    192156.03800 154103.778  19.8%     -    9s
H    0     0                    191814.21203 154103.778  19.7%     -    9s
H    0     0                    190310.55461 154103.778  19.0%     -    9s
H    0     0                    190118.09059 154103.778  18.9%     -    9s
H    0     0                    175545.28899 154103.778  12.2%     -    9s
H    0     0                    175113.49078 154103.778  12.0%     -    9s
     0     2 154103.778    0  268 175113.491 154103.778  12.0%     -   10s
H    8     6                    166919.92068 164027.006  1.73%   537   11s

Cutting planes:
  Gomory: 3
  Cover: 28
  Implied bound: 6
  Clique: 14
  MIR: 4
  Mixing: 8
  Flow cover: 11
  Zero half: 226
  Relax-and-lift: 32

Explored 9 nodes (37877 simplex iterations) in 11.47 seconds (10.82 work units)
Thread count was 1 (of 32 available processors)

Solution count 8: 166920 175113 175545 ... 192243

Optimal solution found (tolerance 5.00e-02)
Best objective 1.669199206765e+05, best bound 1.640270063093e+05, gap 1.7331%
