
Gurobi 10.0.0 (win64) logging started Fri Jul 31 02:46:01 2026

Set parameter LogFile to value "output/Taller_DET_Agosto/pruebita\station_1\gurobi.log"
Set parameter Threads to value 32
Set parameter Heuristics to value 0.5
Set parameter MIPFocus to value 3
Set parameter Presolve to value 2
Set parameter FlowCoverCuts to value 2
Set parameter TimeLimit to value 3600
Gurobi Optimizer version 10.0.0 build v10.0.0rc2 (win64)

CPU model: 11th Gen Intel(R) Core(TM) i7-1165G7 @ 2.80GHz, instruction set [SSE2|AVX|AVX2|AVX512]
Thread count: 4 physical cores, 8 logical processors, using up to 32 threads

Warning: Thread count (32) is larger than processor count (8)
         Reduce the value of the Threads parameter to improve performance


Optimize a model with 51939 rows, 87521 columns and 259966 nonzeros
Model fingerprint: 0xe26d6d0a
Variable types: 41079 continuous, 46442 integer (46441 binary)
Coefficient statistics:
  Matrix range     [1e-01, 3e+02]
  Objective range  [4e+00, 9e+04]
  Bounds range     [1e+00, 4e+01]
  RHS range        [1e+00, 3e+04]
Presolve removed 49753 rows and 61803 columns
Presolve time: 0.63s
Presolved: 2186 rows, 25718 columns, 102393 nonzeros
Variable types: 360 continuous, 25358 integer (25357 binary)
Root relaxation presolved: 2186 rows, 25718 columns, 102393 nonzeros

Deterministic concurrent LP optimizer: primal and dual simplex
Showing first log only...

Concurrent spin time: 0.00s

Solved with primal simplex

Use crossover to convert LP symmetric solution to basic solution...

Root relaxation: objective 5.916364e+05, 2277 iterations, 0.18 seconds (0.09 work units)

    Nodes    |    Current Node    |     Objective Bounds      |     Work
 Expl Unexpl |  Obj  Depth IntInf | Incumbent    BestBd   Gap | It/Node Time

     0     0 594416.699    0   29          - 594416.699      -     -    3s
     0     0 594416.699    0   10          - 594416.699      -     -   10s
     0     0 594416.699    0   16          - 594416.699      -     -   10s
     0     0 594416.699    0    9          - 594416.699      -     -   15s
     0     0 594416.699    0   21          - 594416.699      -     -   18s
     0     0 594416.699    0   33          - 594416.699      -     -   22s
     0     0 594416.699    0   33          - 594416.699      -     -   23s
