
Gurobi 12.0.3 (win64) logging started Tue Jul  7 18:00:35 2026

Set parameter LogFile to value "output/DCH_taller_julio/Costo_variable/Ventana_restringida/Carga_on_board_1000kW_Descomp_ventana_carga/station_2_d182_stage1\gurobi.log"
Set parameter Threads to value 5
Set parameter Heuristics to value 0.5
Set parameter MIPFocus to value 3
Set parameter Presolve to value 2
Set parameter FlowCoverCuts to value 2
Set parameter TimeLimit to value 172800
Gurobi Optimizer version 12.0.3 build v12.0.3rc0 (win64 - Windows 11+.0 (26200.2))

CPU model: Intel(R) Core(TM) i9-14900K, instruction set [SSE2|AVX|AVX2]
Thread count: 24 physical cores, 32 logical processors, using up to 5 threads

Non-default parameters:
TimeLimit  172800
MIPGap  0.01
Heuristics  0.5
MIPFocus  3
FlowCoverCuts  2
Presolve  2
Threads  5

Optimize a model with 24331 rows, 37807 columns and 117368 nonzeros
Model fingerprint: 0xc45417bb
Variable types: 18325 continuous, 19482 integer (19481 binary)
Coefficient statistics:
  Matrix range     [1e-01, 1e+03]
  Objective range  [1e-02, 2e+05]
  Bounds range     [1e+00, 1e+00]
  RHS range        [1e+00, 1e+04]
Presolve removed 23088 rows and 28784 columns
Presolve time: 0.21s
Presolved: 1243 rows, 9023 columns, 27354 nonzeros
Variable types: 245 continuous, 8778 integer (8777 binary)
Root relaxation presolved: 1243 rows, 9023 columns, 27354 nonzeros


Use crossover to convert LP symmetric solution to basic solution...

Root relaxation: objective 1.902843e+05, 3547 iterations, 0.10 seconds (0.06 work units)

    Nodes    |    Current Node    |     Objective Bounds      |     Work
 Expl Unexpl |  Obj  Depth IntInf | Incumbent    BestBd   Gap | It/Node Time

     0     0 190284.292    0  194          - 190284.292      -     -    0s
     0     0 211595.017    0  182          - 211595.017      -     -    0s
H    0     0                    575592.05828 211595.017  63.2%     -    1s
H    0     0                    437625.89163 231235.567  47.2%     -    1s
H    0     0                    421795.27481 231235.567  45.2%     -    1s
H    0     0                    259037.70107 231235.567  10.7%     -    1s
H    0     0                    250726.96154 231235.567  7.77%     -    1s
H    0     0                    242884.02224 231235.567  4.80%     -    1s
H    0     0                    237596.29006 231235.567  2.68%     -    1s
H    0     0                    237277.56786 231235.567  2.55%     -    1s
     0     0 231570.189    0  108 237277.568 231570.189  2.41%     -    2s
H    0     0                    237211.64252 231570.189  2.38%     -    2s
H    0     0                    236935.54796 231570.189  2.26%     -    2s
H    0     0                    236665.50733 231570.189  2.15%     -    2s
H    0     0                    236632.57069 231570.189  2.14%     -    2s
H    0     0                    236422.29073 231570.189  2.05%     -    2s
     0     0 231570.189    0  120 236422.291 231570.189  2.05%     -    2s
     0     0 231570.189    0  116 236422.291 231570.189  2.05%     -    3s
H    0     0                    236080.61464 231570.189  1.91%     -    3s
     0     0 231570.209    0  131 236080.615 231570.209  1.91%     -    3s
     0     0 231570.209    0  107 236080.615 231570.209  1.91%     -    4s
H    0     0                    235971.58776 231570.209  1.87%     -    5s
H    0     0                    235620.51350 231570.209  1.72%     -    5s
     0     0 231570.209    0  129 235620.514 231570.209  1.72%     -    5s
H    0     0                    235422.27556 231570.209  1.64%     -    7s
H    0     0                    235093.81709 231570.209  1.50%     -    7s
H    0     0                    235081.09324 231570.209  1.49%     -    7s
H    0     0                    234927.68022 231570.209  1.43%     -    7s
     0     0 231570.209    0  108 234927.680 231570.209  1.43%     -    7s
     0     0 231570.209    0  108 234927.680 231570.209  1.43%     -    8s
H    0     0                    234628.06359 231570.209  1.30%     -    8s
H    0     0                    234599.76157 231570.209  1.29%     -    9s
H    0     0                    234597.51107 231570.209  1.29%     -    9s
     0     2 231570.209    0   99 234597.511 231570.209  1.29%     -   10s
H   46    42                    234590.54139 231916.494  1.14%   655   12s
H   63    60                    234141.13260 232151.364  0.85%   499   14s
H   71    60                    234138.59612 232151.364  0.85%   446   14s

Cutting planes:
  Gomory: 43
  Lift-and-project: 1
  Cover: 36
  Implied bound: 61
  Projected implied bound: 9
  Clique: 15
  MIR: 246
  Mixing: 32
  Flow cover: 347
  Zero half: 29
  RLT: 2
  Relax-and-lift: 69

Explored 72 nodes (56873 simplex iterations) in 14.10 seconds (8.93 work units)
Thread count was 5 (of 32 available processors)

Solution count 10: 234139 234141 234591 ... 235422

Optimal solution found (tolerance 1.00e-02)
Best objective 2.341385961173e+05, best bound 2.321513635835e+05, gap 0.8487%
