
Gurobi 12.0.0 (win64) logging started Mon Sep  7 03:35:05 2026

Set parameter LogFile to value "C:\Users\TECNO-MASTER\Desktop\Elmo_infrastructure_sizing_NP-\output\DCH_septiembre\Bateria_353\Costo_fijo\Ventana_restringida\Carga_on_board_fixed_3estaciones_P320kW_Descomp/station_2_d91_stage1\gurobi.log"
Set parameter Threads to value 1
Set parameter Heuristics to value 0.5
Set parameter MIPFocus to value 3
Set parameter Presolve to value 2
Set parameter FlowCoverCuts to value 2
Set parameter TimeLimit to value 1200
Gurobi Optimizer version 12.0.0 build v12.0.0rc1 (win64 - Windows 11+.0 (26200.2))

CPU model: Intel(R) Core(TM) i9-14900K, instruction set [SSE2|AVX|AVX2]
Thread count: 24 physical cores, 32 logical processors, using up to 1 threads

Non-default parameters:
TimeLimit  1200
MIPGap  0.05
Heuristics  0.5
MIPFocus  3
FlowCoverCuts  2
Presolve  2
Threads  1

Optimize a model with 24316 rows, 39247 columns and 117254 nonzeros
Model fingerprint: 0x2f468188
Variable types: 18325 continuous, 20922 integer (20921 binary)
Coefficient statistics:
  Matrix range     [1e-01, 3e+02]
  Objective range  [4e-01, 8e+04]
  Bounds range     [1e+00, 1e+00]
  RHS range        [1e+00, 1e+04]
Presolve removed 23116 rows and 29960 columns
Presolve time: 0.19s
Presolved: 1200 rows, 9287 columns, 28012 nonzeros
Variable types: 233 continuous, 9054 integer (9053 binary)
Root relaxation presolved: 1200 rows, 9287 columns, 28012 nonzeros


Use crossover to convert LP symmetric solution to basic solution...

Root relaxation: objective 1.901868e+05, 3318 iterations, 0.08 seconds (0.05 work units)

    Nodes    |    Current Node    |     Objective Bounds      |     Work
 Expl Unexpl |  Obj  Depth IntInf | Incumbent    BestBd   Gap | It/Node Time

     0     0 200352.655    0   73          - 200352.655      -     -    0s
H    0     0                    267537.93032 200352.655  25.1%     -    0s
H    0     0                    258932.46629 200352.655  22.6%     -    1s
H    0     0                    227941.33794 200352.655  12.1%     -    1s
H    0     0                    216510.41997 200352.655  7.46%     -    1s
H    0     0                    214650.41997 200352.655  6.66%     -    1s
     0     0          -    0      214650.420 204054.633  4.94%     -    1s

Cutting planes:
  Gomory: 35

Explored 1 nodes (6740 simplex iterations) in 1.27 seconds (1.03 work units)
Thread count was 1 (of 32 available processors)

Solution count 5: 214650 216510 227941 ... 267538

Optimal solution found (tolerance 5.00e-02)
Best objective 2.146504199721e+05, best bound 2.040546327037e+05, gap 4.9363%
