
Gurobi 12.0.3 (win64) logging started Wed Jan 21 12:54:58 2026

Set parameter LogFile to value "ELMO_log.txt"
Set parameter Threads to value 24
Set parameter Heuristics to value 0.5
Set parameter MIPFocus to value 3
Set parameter Presolve to value 2
Set parameter FlowCoverCuts to value 2
Set parameter TimeLimit to value 172800
Gurobi Optimizer version 12.0.3 build v12.0.3rc0 (win64 - Windows 11+.0 (26200.2))

CPU model: Intel(R) Core(TM) i9-14900K, instruction set [SSE2|AVX|AVX2]
Thread count: 24 physical cores, 32 logical processors, using up to 24 threads

Non-default parameters:
TimeLimit  172800
MIPGap  0.01
Heuristics  0.5
MIPFocus  3
FlowCoverCuts  2
Presolve  2
Threads  24

Optimize a model with 41547 rows, 657558 columns and 1456098 nonzeros
Model fingerprint: 0xb8193e9e
Variable types: 13836 continuous, 643722 integer (643719 binary)
Coefficient statistics:
  Matrix range     [1e-01, 4e+02]
  Objective range  [5e+00, 4e+10]
  Bounds range     [1e+00, 1e+00]
  RHS range        [1e+00, 1e+18]
Warning: Model contains large objective coefficients
Warning: Model contains large rhs
         Consider reformulating model or setting NumericFocus parameter
         to avoid numerical issues.
Presolve removed 15783 rows and 579786 columns
Presolve time: 0.07s
Presolved: 25764 rows, 77772 columns, 234852 nonzeros
Variable types: 10368 continuous, 67404 integer (67404 binary)
Performing another presolve...
Presolve removed 6972 rows and 18600 columns
Presolve time: 0.78s
Found heuristic solution: objective 2.186759e+12
Root relaxation presolve removed 7020 rows and 6480 columns
Root relaxation presolved: 11772 rows, 52692 columns, 173604 nonzeros

Deterministic concurrent LP optimizer: primal and dual simplex
Showing primal log only...

Concurrent spin time: 0.00s

Solved with dual simplex
Deterministic concurrent LP optimizer: primal and dual simplex
Showing primal log only...

Concurrent spin time: 0.01s

Solved with primal simplex

Root relaxation: cutoff, 15042 iterations, 0.34 seconds (0.64 work units)

    Nodes    |    Current Node    |     Objective Bounds      |     Work
 Expl Unexpl |  Obj  Depth IntInf | Incumbent    BestBd   Gap | It/Node Time

     0     0     cutoff    0      2.1868e+12 2.1868e+12  0.00%     -    1s

Explored 1 nodes (15042 simplex iterations) in 1.44 seconds (3.43 work units)
Thread count was 24 (of 32 available processors)

Solution count 1: 2.18676e+12 

Optimal solution found (tolerance 1.00e-02)
Best objective 2.186759146976e+12, best bound 2.186759146976e+12, gap 0.0000%
