
Gurobi 12.0.3 (win64) logging started Tue Jul  7 17:45:38 2026

Set parameter LogFile to value "output/DCH_taller_julio/Costo_variable/Ventana_restringida/Carga_on_board_640kW_Descomp_ventana_carga/station_1_d182_stage1\gurobi.log"
Set parameter Threads to value 5
Set parameter Heuristics to value 0.5
Set parameter MIPFocus to value 3
Set parameter Presolve to value 2
Set parameter FlowCoverCuts to value 2
Set parameter TimeLimit to value 172800
Gurobi Optimizer version 12.0.3 build v12.0.3rc0 (win64 - Windows 11+.0 (26200.2))

CPU model: Intel(R) Core(TM) i9-14900K, instruction set [SSE2|AVX|AVX2]
Thread count: 24 physical cores, 32 logical processors, using up to 5 threads

Non-default parameters:
TimeLimit  172800
MIPGap  0.01
Heuristics  0.5
MIPFocus  3
FlowCoverCuts  2
Presolve  2
Threads  5

Optimize a model with 23329 rows, 35809 columns and 111338 nonzeros
Model fingerprint: 0xfd027b5a
Variable types: 17323 continuous, 18486 integer (18485 binary)
Coefficient statistics:
  Matrix range     [1e-01, 6e+02]
  Objective range  [1e-02, 1e+05]
  Bounds range     [1e+00, 1e+00]
  RHS range        [1e+00, 1e+04]
Presolve removed 22092 rows and 27284 columns
Presolve time: 0.22s
Presolved: 1237 rows, 8525 columns, 25866 nonzeros
Variable types: 245 continuous, 8280 integer (8279 binary)
Root relaxation presolved: 1237 rows, 8525 columns, 25866 nonzeros


Use crossover to convert LP symmetric solution to basic solution...

Root relaxation: objective 1.940804e+05, 3523 iterations, 0.11 seconds (0.07 work units)

    Nodes    |    Current Node    |     Objective Bounds      |     Work
 Expl Unexpl |  Obj  Depth IntInf | Incumbent    BestBd   Gap | It/Node Time

     0     0 194080.445    0  190          - 194080.445      -     -    0s
     0     0 212914.232    0  172          - 212914.232      -     -    0s
H    0     0                    481298.01630 212914.232  55.8%     -    1s
H    0     0                    334246.16207 216309.038  35.3%     -    1s
H    0     0                    241975.83807 216309.038  10.6%     -    1s
H    0     0                    229914.74520 216309.038  5.92%     -    1s
H    0     0                    229756.99173 216309.038  5.85%     -    1s
H    0     0                    227063.22779 216309.038  4.74%     -    1s
H    0     0                    227060.50819 216309.038  4.74%     -    1s
H    0     0                    226951.41170 216309.038  4.69%     -    1s
H    0     0                    226910.92142 216309.038  4.67%     -    1s
     0     0 218442.745    0   66 226910.921 218442.745  3.73%     -    1s
H    0     0                    226909.50663 218442.745  3.73%     -    2s
H    0     0                    226909.23563 218442.745  3.73%     -    2s
H    0     0                    226907.18180 218442.745  3.73%     -    2s
H    0     0                    226906.70271 218442.745  3.73%     -    2s
H    0     0                    226904.55185 218442.745  3.73%     -    2s
H    0     0                    226904.20384 218442.745  3.73%     -    2s
H    0     0                    226903.44253 218442.745  3.73%     -    2s
     0     0 218550.589    0   64 226903.443 218550.589  3.68%     -    2s
     0     0 218550.589    0   51 226903.443 218550.589  3.68%     -    2s
H    0     0                    222009.18914 218550.589  1.56%     -    2s
     0     0 218550.589    0   58 222009.189 218550.589  1.56%     -    2s
H    0     0                    219549.00502 218550.589  0.45%     -    3s

Cutting planes:
  Gomory: 18
  Cover: 5
  Implied bound: 14
  Projected implied bound: 5
  Clique: 4
  MIR: 18
  Flow cover: 28
  Zero half: 10
  RLT: 1
  Relax-and-lift: 14

Explored 1 nodes (11075 simplex iterations) in 3.40 seconds (2.03 work units)
Thread count was 5 (of 32 available processors)

Solution count 10: 219549 222009 226903 ... 226911

Optimal solution found (tolerance 1.00e-02)
Best objective 2.195490050164e+05, best bound 2.185505888954e+05, gap 0.4548%
