
Gurobi 10.0.0 (win64) logging started Thu Oct  1 08:29:12 2026

Set parameter LogFile to value "output/Resultados_finales_tesis/Mina_modelo/P_red_gen_bat_swap_libre_v4_estab/op_bound_gurobi.log"
Set parameter LogToConsole to value 0
Set parameter TimeLimit to value 5400
Set parameter MIPGap to value 0.01
Gurobi Optimizer version 10.0.0 build v10.0.0rc2 (win64)

CPU model: Intel(R) Core(TM) i9-14900K, instruction set [SSE2|AVX|AVX2]
Thread count: 24 physical cores, 32 logical processors, using up to 32 threads

Optimize a model with 605852 rows, 654214 columns and 3069772 nonzeros
Model fingerprint: 0x75992395
Variable types: 654123 continuous, 91 integer (10 binary)
Coefficient statistics:
  Matrix range     [1e-02, 1e+03]
  Objective range  [5e-01, 6e+05]
  Bounds range     [1e+00, 5e+02]
  RHS range        [1e+00, 6e+04]
Presolve removed 248894 rows and 294482 columns
Presolve time: 2.06s
Presolved: 356958 rows, 359732 columns, 1748204 nonzeros
Variable types: 359683 continuous, 49 integer (9 binary)
Deterministic concurrent LP optimizer: primal simplex, dual simplex, and barrier
Showing barrier log only...

Root barrier log...

Ordering time: 0.10s

Barrier statistics:
 Dense cols : 33
 AA' NZ     : 2.916e+06
 Factor NZ  : 1.119e+07 (roughly 400 MB of memory)
 Factor Ops : 1.488e+09 (less than 1 second per iteration)
 Threads    : 21

                  Objective                Residual
Iter       Primal          Dual         Primal    Dual     Compl     Time
   0   6.96930870e+09 -1.17172743e+13  3.87e+05 7.38e+03  5.07e+08     4s
   1   6.53689055e+09 -1.13206448e+13  3.50e+05 4.94e+05  4.45e+08     4s
   2   5.06635343e+09 -9.93019429e+12  2.41e+05 3.06e+04  2.93e+08     4s
   3   2.33723510e+09 -8.48927915e+12  1.01e+05 4.38e-05  1.25e+08     5s
   4   3.40480855e+08 -5.77358588e+12  1.35e+04 8.24e-05  2.00e+07     5s
   5   9.80028246e+07 -3.02059520e+12  2.76e+03 1.20e-05  5.31e+06     5s
   6   7.01638751e+07 -2.42948594e+12  1.41e+03 1.38e-05  3.47e+06     5s
   7   6.01728938e+07 -1.93249101e+12  9.57e+02 9.12e-06  2.57e+06     5s
   8   5.12709798e+07 -9.06673035e+11  5.70e+02 3.67e-05  1.21e+06     5s
   9   4.76728009e+07 -7.81844859e+11  4.44e+02 3.69e-05  1.01e+06     6s
  10   4.66315670e+07 -6.02754244e+11  4.11e+02 7.11e-05  7.99e+05     6s
  11   4.19819614e+07 -3.84847344e+11  2.88e+02 2.15e-04  5.08e+05     6s
  12   3.74956971e+07 -1.65539160e+11  1.94e+02 1.66e-04  2.35e+05     6s
  13   2.51787641e+07 -8.21703488e+10  2.70e+01 3.15e-04  8.79e+04     6s
  14   2.39020917e+07 -4.35620600e+10  1.44e+01 1.51e-04  4.50e+04     6s
  15   2.29291939e+07 -2.90928410e+10  5.93e+00 1.01e-04  2.91e+04     7s
  16   2.22747925e+07 -9.14689800e+09  2.87e+00 2.97e-05  9.05e+03     7s
  17   2.12247713e+07 -3.12277946e+09  9.06e-01 9.51e-06  3.08e+03     7s
  18   1.67283938e+07 -4.74573097e+08  2.35e-01 9.29e-07  4.79e+02     7s
  19   1.57979414e+07 -2.78736722e+08  1.62e-01 5.41e-07  2.87e+02     7s
  20   1.48886930e+07 -2.25407543e+08  1.25e-01 4.39e-07  2.34e+02     7s
  21   1.41802030e+07 -1.37087508e+08  1.03e-01 2.77e-07  1.48e+02     7s
  22   1.36029736e+07 -1.13985373e+08  9.30e-02 2.33e-07  1.24e+02     8s
  23   1.31581243e+07 -8.84598415e+07  8.71e-02 1.90e-07  9.91e+01     8s
  24   1.16897793e+07 -7.05929690e+07  6.31e-02 1.54e-07  8.03e+01     8s
  25   8.75799811e+06 -5.49933018e+07  2.99e-02 1.19e-07  6.22e+01     8s
  26   7.42395665e+06 -3.16954461e+07  2.04e-02 1.27e-07  3.81e+01     8s
  27   7.23115837e+06 -2.96837524e+07  1.93e-02 1.33e-07  3.60e+01     9s
  28   7.11025835e+06 -2.81495035e+07  1.87e-02 1.34e-07  3.44e+01     9s
  29   6.34867200e+06 -1.90309546e+07  1.56e-02 1.92e-07  2.47e+01     9s
  30   4.45451702e+06 -6.05228349e+06  1.04e-02 9.34e-07  1.02e+01     9s
  31   3.21677502e+06 -3.12827622e+06  6.20e-03 1.48e-07  6.19e+00     9s
  32   2.96082301e+06 -1.73259064e+06  5.56e-03 2.16e-07  4.58e+00    10s
  33   2.59037222e+06 -8.53171521e+05  4.46e-03 2.40e-07  3.36e+00    10s
  34   2.50231856e+06 -5.79072048e+05  3.89e-03 2.17e-07  3.01e+00    10s
  35   2.27368342e+06  2.91238319e+05  3.11e-03 1.63e-06  1.93e+00    10s
  36   1.96158502e+06  7.21893559e+05  1.83e-03 1.07e-06  1.21e+00    10s
  37   1.90068377e+06  1.05922715e+06  1.61e-03 4.37e-07  8.21e-01    11s
  38   1.75608985e+06  1.29569866e+06  9.56e-04 3.29e-07  4.49e-01    11s
  39   1.74879558e+06  1.36330367e+06  9.13e-04 6.64e-07  3.76e-01    11s
  40   1.68848008e+06  1.44336831e+06  6.34e-04 4.42e-07  2.39e-01    11s
  41   1.67735902e+06  1.49668640e+06  5.14e-04 3.01e-07  1.76e-01    11s
  42   1.66311768e+06  1.53723935e+06  4.04e-04 4.41e-07  1.23e-01    12s
  43   1.64824730e+06  1.57031673e+06  2.88e-04 7.73e-07  7.62e-02    12s
  44   1.63443200e+06  1.58912000e+06  1.66e-04 5.25e-07  4.43e-02    12s
  45   1.63060948e+06  1.60465104e+06  1.28e-04 1.15e-07  2.54e-02    12s
  46   1.62563286e+06  1.61047926e+06  8.23e-05 1.90e-07  1.48e-02    12s
  47   1.62324451e+06  1.61455037e+06  5.88e-05 2.74e-07  8.52e-03    13s
  48   1.62165110e+06  1.61597928e+06  4.04e-05 3.13e-07  5.56e-03    13s
  49   1.62014633e+06  1.61699295e+06  2.48e-05 1.71e-07  3.09e-03    13s
  50   1.61960002e+06  1.61746616e+06  1.92e-05 7.96e-08  2.09e-03    13s
  51   1.61955366e+06  1.61773073e+06  1.84e-05 6.46e-08  1.79e-03    13s
  52   1.61836930e+06  1.61780212e+06  5.13e-06 1.23e-07  5.57e-04    13s
  53   1.61814697e+06  1.61789787e+06  2.60e-06 3.17e-08  2.45e-04    14s
  54   1.61799079e+06  1.61791006e+06  1.29e-05 3.66e-08  7.93e-05    14s
  55   1.61792467e+06  1.61791512e+06  8.00e-07 3.54e-08  9.39e-06    14s
  56   1.61791795e+06  1.61791711e+06  2.92e-07 2.96e-08  8.17e-07    15s
  57   1.61791777e+06  1.61791714e+06  2.06e-06 4.40e-08  6.10e-07    15s
  58   1.61791775e+06  1.61791714e+06  6.67e-06 6.14e-08  5.87e-07    15s
  59   1.61791775e+06  1.61791714e+06  6.62e-06 7.65e-08  5.83e-07    15s
  60   1.61791774e+06  1.61791714e+06  6.39e-06 8.69e-08  5.82e-07    15s
  61   1.61791768e+06  1.61791710e+06  4.13e-06 7.86e-08  5.58e-07    16s
  62   1.61791742e+06  1.61791719e+06  1.90e-06 3.03e-08  2.19e-07    16s
  63   1.61791737e+06  1.61791719e+06  8.69e-06 4.44e-08  1.75e-07    16s
  64   1.61791737e+06  1.61791719e+06  8.69e-06 5.95e-08  1.75e-07    16s
  65   1.61791737e+06  1.61791719e+06  2.04e-05 7.81e-08  1.74e-07    17s
  66   1.61791737e+06  1.61791719e+06  2.03e-05 9.83e-08  1.74e-07    17s
  67   1.61791736e+06  1.61791719e+06  1.99e-05 1.09e-07  1.70e-07    17s
  68   1.61791734e+06  1.61791719e+06  3.10e-05 9.31e-08  1.51e-07    17s
  69   1.61791734e+06  1.61791719e+06  3.09e-05 1.04e-07  1.50e-07    18s
  70   1.61791734e+06  1.61791718e+06  3.06e-05 1.08e-07  1.50e-07    18s
  71   1.61791734e+06  1.61791718e+06  3.06e-05 1.13e-07  1.50e-07    18s
  72   1.61791734e+06  1.61791718e+06  3.01e-05 1.16e-07  1.49e-07    18s
  73   1.61791728e+06  1.61791719e+06  1.83e-05 5.88e-08  8.90e-08    19s
  74   1.61791726e+06  1.61791719e+06  1.38e-05 6.30e-08  6.72e-08    19s
  75   1.61791725e+06  1.61791719e+06  1.31e-05 7.55e-08  6.37e-08    19s
  76   1.61791723e+06  1.61791719e+06  1.65e-05 5.49e-08  4.30e-08    19s
  77   1.61791722e+06  1.61791719e+06  2.58e-05 5.46e-08  3.47e-08    19s
  78   1.61791722e+06  1.61791719e+06  4.23e-05 6.21e-08  3.45e-08    20s
  79   1.61791722e+06  1.61791719e+06  4.36e-05 7.20e-08  3.09e-08    20s
  80   1.61791722e+06  1.61791719e+06  4.06e-05 7.45e-08  2.89e-08    20s
  81   1.61791722e+06  1.61791719e+06  3.88e-05 6.72e-08  2.75e-08    20s
  82   1.61791721e+06  1.61791719e+06  2.63e-05 6.13e-08  1.87e-08    21s
  83   1.61791721e+06  1.61791719e+06  2.76e-05 7.11e-08  1.86e-08    21s
  84   1.61791721e+06  1.61791719e+06  2.75e-05 8.35e-08  1.87e-08    21s
  85   1.61791721e+06  1.61791719e+06  2.70e-05 7.87e-08  1.84e-08    21s
  86   1.61791721e+06  1.61791719e+06  2.57e-05 6.19e-08  1.74e-08    21s
  87   1.61791720e+06  1.61791719e+06  1.35e-05 6.55e-08  9.28e-09    22s
  88   1.61791720e+06  1.61791719e+06  1.30e-05 7.33e-08  8.96e-09    22s
  89   1.61791719e+06  1.61791719e+06  8.44e-06 6.78e-08  5.86e-09    22s
  90   1.61791719e+06  1.61791719e+06  7.44e-06 7.54e-08  5.14e-09    22s
  91   1.61791719e+06  1.61791719e+06  7.79e-06 8.58e-08  4.34e-09    22s
  92   1.61791719e+06  1.61791719e+06  7.31e-06 7.69e-08  4.08e-09    23s

Barrier solved model in 92 iterations and 22.63 seconds (34.83 work units)
Optimal objective 1.61791719e+06


Root crossover log...

   35844 DPushes remaining with DInf 0.0000000e+00                23s
       0 DPushes remaining with DInf 0.0000000e+00                23s

  279033 PPushes remaining with PInf 1.3559272e-04                23s
  172425 PPushes remaining with PInf 0.0000000e+00                25s
   97221 PPushes remaining with PInf 0.0000000e+00                30s
   49176 PPushes remaining with PInf 0.0000000e+00                35s
    1228 PPushes remaining with PInf 0.0000000e+00                40s
       0 PPushes remaining with PInf 0.0000000e+00                41s

Restart crossover...


   35844 DPushes remaining with DInf 0.0000000e+00                41s
       0 DPushes remaining with DInf 0.0000000e+00                41s

  279033 PPushes remaining with PInf 1.3559272e-04                41s
  128402 PPushes remaining with PInf 0.0000000e+00                45s
   70569 PPushes remaining with PInf 0.0000000e+00                50s
   11238 PPushes remaining with PInf 0.0000000e+00                55s
       0 PPushes remaining with PInf 0.0000000e+00                58s

  Push phase complete: Pinf 0.0000000e+00, Dinf 1.5879879e-09     58s


Root simplex log...

Iteration    Objective       Primal Inf.    Dual Inf.      Time
  301774    1.6179172e+06   0.000000e+00   0.000000e+00     58s
Concurrent spin time: 26.37s (can be avoided by choosing Method=3)

Solved with barrier
  301774    1.6179172e+06   0.000000e+00   0.000000e+00     85s

Root relaxation: objective 1.617917e+06, 301774 iterations, 81.86 seconds (174.87 work units)
Total elapsed time = 89.98s
Total elapsed time = 90.65s

    Nodes    |    Current Node    |     Objective Bounds      |     Work
 Expl Unexpl |  Obj  Depth IntInf | Incumbent    BestBd   Gap | It/Node Time

     0     0 1617917.19    0   36          - 1617917.19      -     -   90s
     0     0 1898076.19    0   14          - 1898076.19      -     -  209s
H    0     0                    2.817199e+07 1898076.19  93.3%     -  212s
     0     0 1898206.30    0   13 2.8172e+07 1898206.30  93.3%     -  229s
     0     0 1898206.30    0   16 2.8172e+07 1898206.30  93.3%     -  254s
     0     0 1914839.42    0   16 2.8172e+07 1914839.42  93.2%     -  294s
     0     0 1914839.42    0   14 2.8172e+07 1914839.42  93.2%     -  316s
     0     0 1914839.42    0   13 2.8172e+07 1914839.42  93.2%     -  325s
H    0     0                    1.466552e+07 1914839.42  86.9%     -  370s
     0     0 1915364.75    0   14 1.4666e+07 1915364.75  86.9%     -  380s
     0     0 1915364.75    0   13 1.4666e+07 1915364.75  86.9%     -  396s
     0     0 1915364.75    0   13 1.4666e+07 1915364.75  86.9%     -  400s
H    0     0                    2006070.5824 1915364.75  4.52%     -  515s
     0     2 1997936.02    0    2 2006070.58 1997936.02  0.41%     -  594s

Cutting planes:
  Gomory: 3
  Implied bound: 6
  MIR: 3
  RLT: 1

Explored 1 nodes (680507 simplex iterations) in 594.62 seconds (2002.27 work units)
Thread count was 32 (of 32 available processors)

Solution count 4: 2.00607e+06 2.00607e+06 1.46655e+07 2.8172e+07 

Optimal solution found (tolerance 1.00e-02)
Best objective 2.006070582382e+06, best bound 1.997971630448e+06, gap 0.4037%
