
Gurobi 12.0.3 (win64) logging started Tue Jun 30 15:28:03 2026

Set parameter LogFile to value "output/DCH_taller_julio/Costo_variable/Carga_on_board_1000kW_Descomp/station_2_d60_stage1\gurobi.log"
Set parameter Threads to value 5
Set parameter Heuristics to value 0.5
Set parameter MIPFocus to value 3
Set parameter Presolve to value 2
Set parameter FlowCoverCuts to value 2
Set parameter TimeLimit to value 172800
Gurobi Optimizer version 12.0.3 build v12.0.3rc0 (win64 - Windows 11+.0 (26200.2))

CPU model: Intel(R) Core(TM) i9-14900K, instruction set [SSE2|AVX|AVX2]
Thread count: 24 physical cores, 32 logical processors, using up to 5 threads

Non-default parameters:
TimeLimit  172800
MIPGap  0.01
Heuristics  0.5
MIPFocus  3
FlowCoverCuts  2
Presolve  2
Threads  5

Optimize a model with 23765 rows, 37807 columns and 116772 nonzeros
Model fingerprint: 0xdcee5265
Variable types: 18325 continuous, 19482 integer (19481 binary)
Coefficient statistics:
  Matrix range     [1e-01, 1e+03]
  Objective range  [9e-03, 2e+05]
  Bounds range     [1e+00, 1e+00]
  RHS range        [1e+00, 1e+04]
Presolve removed 20926 rows and 27337 columns
Presolve time: 0.14s
Presolved: 2839 rows, 10470 columns, 32446 nonzeros
Variable types: 820 continuous, 9650 integer (9649 binary)
Root relaxation presolved: 2839 rows, 10470 columns, 32446 nonzeros


Root relaxation: objective 5.364658e+04, 3843 iterations, 0.24 seconds (0.60 work units)
Total elapsed time = 5.42s (DegenMoves)

    Nodes    |    Current Node    |     Objective Bounds      |     Work
 Expl Unexpl |  Obj  Depth IntInf | Incumbent    BestBd   Gap | It/Node Time

     0     0 213467.041    0  280          - 213467.041      -     -    5s
H    0     0                    396837.90141 213467.041  46.2%     -    5s
     0     0 213637.429    0  262 396837.901 213637.429  46.2%     -    6s
H    0     0                    394232.53800 213637.429  45.8%     -    6s
H    0     0                    216578.35192 213637.429  1.36%     -    6s
H    0     0                    216574.43480 213637.429  1.36%     -    6s
H    0     0                    215575.92651 213637.429  0.90%     -    6s

Cutting planes:
  Gomory: 14
  Lift-and-project: 4
  Cover: 2
  Implied bound: 12
  MIR: 2
  Flow cover: 7

Explored 1 nodes (71646 simplex iterations) in 6.70 seconds (10.05 work units)
Thread count was 5 (of 32 available processors)

Solution count 5: 215576 216574 216578 ... 396838

Optimal solution found (tolerance 1.00e-02)
Best objective 2.155759265109e+05, best bound 2.136374285607e+05, gap 0.8992%
