
Gurobi 12.0.3 (win64) logging started Mon Sep  7 19:20:33 2026

Set parameter LogFile to value "C:\Users\TECNO-MASTER\Desktop\Elmo_infrastructure_sizing_NP-\output\DCH_septiembre\Bateria_353\Costo_fijo\Ventana_restringida\Carga_on_board_fixed_3estaciones_P640kW_Descomp/station_1_d182\gurobi.log"
Set parameter Threads to value 1
Set parameter Heuristics to value 0.5
Set parameter MIPFocus to value 3
Set parameter Presolve to value 2
Set parameter FlowCoverCuts to value 2
Set parameter TimeLimit to value 1200
Gurobi Optimizer version 12.0.3 build v12.0.3rc0 (win64 - Windows 11+.0 (26200.2))

CPU model: Intel(R) Core(TM) i9-14900K, instruction set [SSE2|AVX|AVX2]
Thread count: 24 physical cores, 32 logical processors, using up to 1 threads

Non-default parameters:
TimeLimit  1200
MIPGap  0.05
Heuristics  0.5
MIPFocus  3
FlowCoverCuts  2
Presolve  2
Threads  1

Optimize a model with 23314 rows, 37249 columns and 110328 nonzeros
Model fingerprint: 0xe26e24c9
Variable types: 17323 continuous, 19926 integer (19925 binary)
Coefficient statistics:
  Matrix range     [1e-01, 6e+02]
  Objective range  [4e-01, 1e+02]
  Bounds range     [1e+00, 1e+00]
  RHS range        [1e+00, 1e+04]
Presolve removed 22249 rows and 28480 columns
Presolve time: 0.17s
Presolved: 1065 rows, 8769 columns, 26337 nonzeros
Variable types: 233 continuous, 8536 integer (8536 binary)
Root relaxation presolved: 1065 rows, 8769 columns, 26337 nonzeros


Use crossover to convert LP symmetric solution to basic solution...

Root relaxation: objective 1.706269e+05, 2883 iterations, 0.04 seconds (0.03 work units)

    Nodes    |    Current Node    |     Objective Bounds      |     Work
 Expl Unexpl |  Obj  Depth IntInf | Incumbent    BestBd   Gap | It/Node Time

     0     0 170626.933    0   59          - 170626.933      -     -    0s
     0     0 170698.114    0   39          - 170698.114      -     -    0s
H    0     0                    228038.82019 170698.114  25.1%     -    0s
H    0     0                    197582.14971 170698.114  13.6%     -    0s
H    0     0                    196478.53393 170698.114  13.1%     -    0s
H    0     0                    187125.85920 170698.114  8.78%     -    0s
     0     0 170698.114    0   40 187125.859 170698.114  8.78%     -    1s
H    0     0                    185695.74407 170698.114  8.08%     -    1s
H    0     0                    185094.57766 170698.114  7.78%     -    1s
H    0     0                    183049.47729 170698.114  6.75%     -    1s
     0     0 170698.114    0   41 183049.477 170698.114  6.75%     -    1s
     0     0 170698.114    0   62 183049.477 170698.114  6.75%     -    2s
H    0     0                    180852.08489 170698.114  5.61%     -    2s
     0     0 170698.114    0   71 180852.085 170698.114  5.61%     -    2s
     0     0 170698.114    0   25 180852.085 170698.114  5.61%     -    3s
H    0     0                    177329.89720 170698.114  3.74%     -    3s

Cutting planes:
  Gomory: 8
  Cover: 6
  Implied bound: 17
  Clique: 7
  Flow cover: 5
  Zero half: 10
  RLT: 3
  Relax-and-lift: 6
  BQP: 1
  PSD: 4

Explored 1 nodes (9614 simplex iterations) in 3.26 seconds (2.49 work units)
Thread count was 1 (of 32 available processors)

Solution count 9: 177330 180852 183049 ... 228039

Optimal solution found (tolerance 5.00e-02)
Best objective 1.773298971992e+05, best bound 1.706981137272e+05, gap 3.7398%
