
Gurobi 12.0.3 (win64) logging started Sun Aug 23 17:23:30 2026

Set parameter LogFile to value "C:\Users\TECNO-MASTER\Desktop\Elmo_infrastructure_sizing_NP-\output\DCH_agosto\Costo_variable\Carga_libre\Carga_on_board_variable_3estaciones_P1000kW_Descomp/station_1_d91_stage1\gurobi.log"
Set parameter Threads to value 1
Set parameter Heuristics to value 0.5
Set parameter MIPFocus to value 3
Set parameter Presolve to value 2
Set parameter FlowCoverCuts to value 2
Set parameter TimeLimit to value 172800
Gurobi Optimizer version 12.0.3 build v12.0.3rc0 (win64 - Windows 11+.0 (26200.2))

CPU model: Intel(R) Core(TM) i9-14900K, instruction set [SSE2|AVX|AVX2]
Thread count: 24 physical cores, 32 logical processors, using up to 1 threads

Non-default parameters:
TimeLimit  172800
MIPGap  0.01
Heuristics  0.5
MIPFocus  3
FlowCoverCuts  2
Presolve  2
Threads  1

Optimize a model with 22770 rows, 37249 columns and 110686 nonzeros
Model fingerprint: 0xd40578cb
Variable types: 17323 continuous, 19926 integer (19925 binary)
Coefficient statistics:
  Matrix range     [1e-01, 1e+03]
  Objective range  [1e-02, 2e+05]
  Bounds range     [1e+00, 3e+00]
  RHS range        [1e+00, 1e+04]
Presolve removed 19880 rows and 26958 columns
Presolve time: 0.27s
Presolved: 2890 rows, 10291 columns, 32614 nonzeros
Variable types: 841 continuous, 9450 integer (9363 binary)
Root relaxation presolved: 2890 rows, 10291 columns, 32614 nonzeros


Root relaxation: objective 4.762147e+04, 6676 iterations, 0.78 seconds (0.83 work units)

    Nodes    |    Current Node    |     Objective Bounds      |     Work
 Expl Unexpl |  Obj  Depth IntInf | Incumbent    BestBd   Gap | It/Node Time

     0     0 47621.4683    0  380          - 47621.4683      -     -    2s
     0     0 80410.9656    0  284          - 80410.9656      -     -    4s
     0     0 80753.4420    0  311          - 80753.4420      -     -    4s
     0     0 107257.285    0  463          - 107257.285      -     -    6s
     0     0 107257.285    0  587          - 107257.285      -     -    6s
     0     0 109346.386    0  482          - 109346.386      -     -    9s
     0     0 109346.386    0  545          - 109346.386      -     -    9s
     0     0 109346.386    0  524          - 109346.386      -     -   11s
     0     0 109346.386    0  584          - 109346.386      -     -   11s
     0     0 109346.386    0  574          - 109346.386      -     -   13s
     0     0 109346.386    0  507          - 109346.386      -     -   14s
H    0     0                    470165.58677 109346.386  76.7%     -   14s
H    0     0                    457689.58889 109346.386  76.1%     -   14s
H    0     0                    273718.34799 109346.386  60.1%     -   14s
H    0     0                    269568.21582 109346.386  59.4%     -   14s
H    0     0                    254107.57450 109346.386  57.0%     -   14s
H    0     0                    254103.86385 109346.386  57.0%     -   14s
H    0     0                    254097.81302 109346.386  57.0%     -   14s
H    0     0                    253947.92455 109346.386  56.9%     -   14s
H    0     0                    253816.19505 109346.386  56.9%     -   14s
H    0     0                    219314.75860 109346.386  50.1%     -   14s
H    0     0                    219233.86054 109346.386  50.1%     -   14s
H    0     0                    215778.99280 109346.386  49.3%     -   14s
H    0     0                    215486.82593 109346.386  49.3%     -   14s
H    0     0                    215277.77539 109346.386  49.2%     -   14s
H    0     0                    215127.76832 109346.386  49.2%     -   14s
H    0     0                    215114.22699 109346.386  49.2%     -   15s
H    0     0                    215009.33407 109346.386  49.1%     -   15s
H    0     0                    215008.72142 109346.386  49.1%     -   15s
H    0     0                    214983.04897 109346.386  49.1%     -   15s
     0     2 109368.646    0  468 214983.049 109368.646  49.1%     -   15s
H    9     7                    214649.07160 211431.904  1.50%  1691   17s
H    9     7                    214638.16023 211431.904  1.49%  1691   17s
H   26    24                    214637.18666 211512.136  1.46%  1400   19s
H   26    24                    214630.03587 211512.136  1.45%  1400   19s
H   27    25                    212691.97186 211512.136  0.55%  1425   20s

Cutting planes:
  Gomory: 2
  Lift-and-project: 1
  Cover: 85
  Implied bound: 372
  Projected implied bound: 9
  Clique: 27
  MIR: 781
  Mixing: 168
  Flow cover: 1593
  Zero half: 161
  RLT: 12
  Relax-and-lift: 569

Explored 28 nodes (95852 simplex iterations) in 20.03 seconds (26.20 work units)
Thread count was 1 (of 32 available processors)

Solution count 10: 212692 214630 214637 ... 215128

Optimal solution found (tolerance 1.00e-02)
Best objective 2.126919718605e+05, best bound 2.115133832263e+05, gap 0.5541%
