
Gurobi 12.0.3 (win64) logging started Tue Jun 30 15:29:15 2026

Set parameter LogFile to value "output/DCH_taller_julio/Costo_variable/Carga_on_board_1000kW_Descomp/station_1_d121\gurobi.log"
Set parameter Threads to value 5
Set parameter Heuristics to value 0.5
Set parameter MIPFocus to value 3
Set parameter Presolve to value 2
Set parameter FlowCoverCuts to value 2
Set parameter TimeLimit to value 172800
Gurobi Optimizer version 12.0.3 build v12.0.3rc0 (win64 - Windows 11+.0 (26200.2))

CPU model: Intel(R) Core(TM) i9-14900K, instruction set [SSE2|AVX|AVX2]
Thread count: 24 physical cores, 32 logical processors, using up to 5 threads

Non-default parameters:
TimeLimit  172800
MIPGap  0.01
Heuristics  0.5
MIPFocus  3
FlowCoverCuts  2
Presolve  2
Threads  5

Optimize a model with 22793 rows, 35809 columns and 109900 nonzeros
Model fingerprint: 0xadee82ed
Variable types: 17323 continuous, 18486 integer (18485 binary)
Coefficient statistics:
  Matrix range     [1e-01, 1e+03]
  Objective range  [8e-03, 1e+02]
  Bounds range     [1e+00, 1e+00]
  RHS range        [1e+00, 1e+04]
Presolve removed 20397 rows and 25838 columns
Presolve time: 0.10s
Presolved: 2396 rows, 9971 columns, 30232 nonzeros
Variable types: 821 continuous, 9150 integer (9150 binary)
Root relaxation presolved: 2396 rows, 9971 columns, 30232 nonzeros


Root relaxation: objective 2.127953e+05, 3357 iterations, 0.09 seconds (0.16 work units)

    Nodes    |    Current Node    |     Objective Bounds      |     Work
 Expl Unexpl |  Obj  Depth IntInf | Incumbent    BestBd   Gap | It/Node Time

     0     0 212795.257    0  188          - 212795.257      -     -    0s
H    0     0                    226460.05280 212916.075  5.98%     -    1s
     0     0 213073.449    0  222 226460.053 213073.449  5.91%     -    1s
H    0     0                    215229.43596 213073.449  1.00%     -    1s
H    0     0                    214287.28031 213073.449  0.57%     -    1s

Cutting planes:
  Gomory: 10
  Lift-and-project: 7
  Implied bound: 9
  MIR: 2
  Flow cover: 6
  RLT: 3

Explored 1 nodes (9245 simplex iterations) in 1.62 seconds (1.67 work units)
Thread count was 5 (of 32 available processors)

Solution count 3: 214287 215229 226460 

Optimal solution found (tolerance 1.00e-02)
Best objective 2.142872803137e+05, best bound 2.130734485346e+05, gap 0.5665%
