
Gurobi 12.0.0 (win64) logging started Mon Sep  7 04:01:33 2026

Set parameter LogFile to value "C:\Users\TECNO-MASTER\Desktop\Elmo_infrastructure_sizing_NP-\output\DCH_septiembre\Bateria_482\Costo_variable\Carga_libre\Carga_on_board_variable_3estaciones_P640kW_Descomp/station_2_d182_stage1\gurobi.log"
Set parameter Threads to value 1
Set parameter Heuristics to value 0.5
Set parameter MIPFocus to value 3
Set parameter Presolve to value 2
Set parameter FlowCoverCuts to value 2
Set parameter TimeLimit to value 1200
Gurobi Optimizer version 12.0.0 build v12.0.0rc1 (win64 - Windows 11+.0 (26200.2))

CPU model: Intel(R) Core(TM) i9-14900K, instruction set [SSE2|AVX|AVX2]
Thread count: 24 physical cores, 32 logical processors, using up to 1 threads

Non-default parameters:
TimeLimit  1200
MIPGap  0.05
Heuristics  0.5
MIPFocus  3
FlowCoverCuts  2
Presolve  2
Threads  1

Optimize a model with 23772 rows, 39247 columns and 116710 nonzeros
Model fingerprint: 0xd453e912
Variable types: 18325 continuous, 20922 integer (20921 binary)
Coefficient statistics:
  Matrix range     [1e-01, 6e+02]
  Objective range  [1e-02, 1e+05]
  Bounds range     [1e+00, 1e+00]
  RHS range        [1e+00, 1e+04]
Presolve removed 20876 rows and 28432 columns
Presolve time: 0.26s
Presolved: 2896 rows, 10815 columns, 33492 nonzeros
Variable types: 841 continuous, 9974 integer (9973 binary)
Root relaxation presolved: 2896 rows, 10815 columns, 33492 nonzeros


Root relaxation: objective 5.649535e+04, 4497 iterations, 0.55 seconds (0.72 work units)

    Nodes    |    Current Node    |     Objective Bounds      |     Work
 Expl Unexpl |  Obj  Depth IntInf | Incumbent    BestBd   Gap | It/Node Time

     0     0 56495.3530    0  408          - 56495.3530      -     -    1s
     0     0 147946.074    0   81          - 147946.074      -     -    4s
H    0     0                    194031.96764 147946.074  23.8%     -    4s
H    0     0                    193971.35073 147946.074  23.7%     -    4s
H    0     0                    193968.28628 147946.074  23.7%     -    5s
H    0     0                    193847.69221 147946.074  23.7%     -    5s
H    0     0                    166749.74568 147946.074  11.3%     -    5s
H    0     0                    166092.44294 147946.074  10.9%     -    5s
H    0     0                    166004.53438 147946.074  10.9%     -    5s
H    0     0                    165996.81637 147946.074  10.9%     -    5s
H    0     0                    165454.30145 147946.074  10.6%     -    5s
H    0     0                    165437.07329 147946.074  10.6%     -    5s
     0     0 147946.074    0   87 165437.073 147946.074  10.6%     -    6s
H    0     0                    150073.35049 147946.074  1.42%     -    6s

Cutting planes:
  Gomory: 21
  Cover: 2
  Implied bound: 3
  Clique: 1
  MIR: 2
  Mixing: 1
  Flow cover: 3
  Relax-and-lift: 3

Explored 1 nodes (35878 simplex iterations) in 6.47 seconds (6.84 work units)
Thread count was 1 (of 32 available processors)

Solution count 10: 150073 165437 165454 ... 193971

Optimal solution found (tolerance 5.00e-02)
Best objective 1.500733504949e+05, best bound 1.479460737310e+05, gap 1.4175%
