
Gurobi 12.0.3 (win64) logging started Tue Jul  7 00:57:04 2026

Set parameter LogFile to value "output/DCH_taller_julio/Costo_fijo/Ventana_restringida/Carga_on_board_1000kW_Descomp_ventana_carga/station_3_d213_stage1\gurobi.log"
Set parameter Threads to value 5
Set parameter Heuristics to value 0.5
Set parameter MIPFocus to value 3
Set parameter Presolve to value 2
Set parameter FlowCoverCuts to value 2
Set parameter TimeLimit to value 172800
Gurobi Optimizer version 12.0.3 build v12.0.3rc0 (win64 - Windows 11+.0 (26200.2))

CPU model: Intel(R) Core(TM) i9-14900K, instruction set [SSE2|AVX|AVX2]
Thread count: 24 physical cores, 32 logical processors, using up to 5 threads

Non-default parameters:
TimeLimit  172800
MIPGap  0.01
Heuristics  0.5
MIPFocus  3
FlowCoverCuts  2
Presolve  2
Threads  5

Optimize a model with 23329 rows, 35809 columns and 111338 nonzeros
Model fingerprint: 0x5221b003
Variable types: 17323 continuous, 18486 integer (18485 binary)
Coefficient statistics:
  Matrix range     [1e-01, 1e+03]
  Objective range  [4e-01, 2e+05]
  Bounds range     [1e+00, 1e+00]
  RHS range        [1e+00, 1e+04]
Presolve removed 22092 rows and 27284 columns
Presolve time: 0.08s
Presolved: 1237 rows, 8525 columns, 25866 nonzeros
Variable types: 245 continuous, 8280 integer (8279 binary)
Root relaxation presolved: 1237 rows, 8525 columns, 25866 nonzeros


Use crossover to convert LP symmetric solution to basic solution...

Root relaxation: objective 2.250586e+05, 3279 iterations, 0.04 seconds (0.06 work units)

    Nodes    |    Current Node    |     Objective Bounds      |     Work
 Expl Unexpl |  Obj  Depth IntInf | Incumbent    BestBd   Gap | It/Node Time

     0     0 225058.595    0  125          - 225058.595      -     -    0s
     0     0 355916.619    0  126          - 355916.619      -     -    0s
H    0     0                    522518.65003 355916.619  31.9%     -    0s
H    0     0                    513803.40334 355916.619  30.7%     -    0s
H    0     0                    510077.57410 355916.619  30.2%     -    0s
H    0     0                    510075.31720 355916.619  30.2%     -    0s
H    0     0                    510068.80912 355916.619  30.2%     -    0s
H    0     0                    509298.55518 355916.619  30.1%     -    0s
H    0     0                    506803.37640 357466.592  29.5%     -    0s
H    0     0                    506464.30310 357466.592  29.4%     -    0s
H    0     0                    495671.34167 357466.592  27.9%     -    0s
H    0     0                    493445.18550 357466.592  27.6%     -    0s
H    0     0                    493370.51760 357466.592  27.5%     -    0s
H    0     0                    492971.58284 357466.592  27.5%     -    0s
H    0     0                    492088.70458 357466.592  27.4%     -    0s
H    0     0                    492031.06838 357466.592  27.3%     -    0s
     0     0 357466.592    0  103 492031.068 357466.592  27.3%     -    0s
H    0     0                    491993.77681 357466.592  27.3%     -    1s
H    0     0                    491861.49662 357466.592  27.3%     -    1s
H    0     0                    491635.76652 357466.592  27.3%     -    1s
H    0     0                    491277.92808 357466.592  27.2%     -    1s
H    0     0                    490661.52407 357466.592  27.1%     -    1s
H    0     0                    490587.57429 357466.592  27.1%     -    1s
H    0     0                    395824.07417 357466.592  9.69%     -    1s
H    0     0                    392848.20169 357466.592  9.01%     -    1s
H    0     0                    378245.70980 357466.592  5.49%     -    1s
H    0     0                    375066.99278 357466.592  4.69%     -    1s
     0     0 357466.592    0  116 375066.993 357466.592  4.69%     -    1s
H    0     0                    365589.88618 357466.592  2.22%     -    1s
H    0     0                    364708.70333 357466.592  1.99%     -    1s
     0     0 357466.592    0  121 364708.703 357466.592  1.99%     -    1s
H    0     0                    363889.24697 357466.592  1.77%     -    1s
H    0     0                    363889.24675 357466.592  1.77%     -    1s
H    0     0                    361862.88307 357466.592  1.21%     -    2s
     0     0 357466.592    0  122 361862.883 357466.592  1.21%     -    2s
     0     0 357466.592    0   89 361862.883 357466.592  1.21%     -    2s
H    0     0                    361318.84143 357466.592  1.07%     -    2s
H    0     0                    360751.30752 357466.592  0.91%     -    2s

Cutting planes:
  Gomory: 4
  Cover: 6
  Implied bound: 1
  Projected implied bound: 3
  Clique: 4
  MIR: 3
  Flow cover: 7
  Zero half: 3
  RLT: 1
  Relax-and-lift: 12

Explored 1 nodes (19039 simplex iterations) in 2.69 seconds (3.61 work units)
Thread count was 5 (of 32 available processors)

Solution count 10: 360751 361319 361863 ... 392848

Optimal solution found (tolerance 1.00e-02)
Best objective 3.607513075155e+05, best bound 3.574665915808e+05, gap 0.9105%
