
Gurobi 12.0.3 (win64) logging started Tue Jul  7 01:03:12 2026

Set parameter LogFile to value "output/DCH_taller_julio/Costo_variable/Ventana_restringida/Carga_on_board_640kW_Descomp_ventana_carga/station_2_d91_stage1\gurobi.log"
Set parameter Threads to value 5
Set parameter Heuristics to value 0.5
Set parameter MIPFocus to value 3
Set parameter Presolve to value 2
Set parameter FlowCoverCuts to value 2
Set parameter TimeLimit to value 172800
Gurobi Optimizer version 12.0.3 build v12.0.3rc0 (win64 - Windows 11+.0 (26200.2))

CPU model: Intel(R) Core(TM) i9-14900K, instruction set [SSE2|AVX|AVX2]
Thread count: 24 physical cores, 32 logical processors, using up to 5 threads

Non-default parameters:
TimeLimit  172800
MIPGap  0.01
Heuristics  0.5
MIPFocus  3
FlowCoverCuts  2
Presolve  2
Threads  5

Optimize a model with 24331 rows, 37807 columns and 117368 nonzeros
Model fingerprint: 0x69fe4b0a
Variable types: 18325 continuous, 19482 integer (19481 binary)
Coefficient statistics:
  Matrix range     [1e-01, 6e+02]
  Objective range  [1e-02, 2e+05]
  Bounds range     [1e+00, 1e+00]
  RHS range        [1e+00, 1e+04]
Presolve removed 23088 rows and 28784 columns
Presolve time: 0.13s
Presolved: 1243 rows, 9023 columns, 27354 nonzeros
Variable types: 245 continuous, 8778 integer (8777 binary)
Root relaxation presolved: 1243 rows, 9023 columns, 27354 nonzeros


Use crossover to convert LP symmetric solution to basic solution...

Root relaxation: objective 2.504960e+05, 3533 iterations, 0.06 seconds (0.07 work units)

    Nodes    |    Current Node    |     Objective Bounds      |     Work
 Expl Unexpl |  Obj  Depth IntInf | Incumbent    BestBd   Gap | It/Node Time

     0     0 366588.273    0   65          - 366588.273      -     -    0s
H    0     0                    574497.16562 366588.273  36.2%     -    0s
H    0     0                    448480.37009 366818.604  18.2%     -    1s
H    0     0                    380544.41811 366818.604  3.61%     -    1s
H    0     0                    380401.57266 366818.604  3.57%     -    1s
H    0     0                    379674.09945 366818.604  3.39%     -    1s
H    0     0                    375967.96420 366818.604  2.43%     -    1s
H    0     0                    372464.91151 366818.604  1.52%     -    1s
H    0     0                    372250.21381 366818.604  1.46%     -    1s
H    0     0                    372234.66114 366818.604  1.46%     -    1s
     0     0          -    0      372234.661 368539.178  0.99%     -    1s

Cutting planes:
  Gomory: 21
  Lift-and-project: 2
  Projected implied bound: 4
  MIR: 15
  Mixing: 1
  StrongCG: 1
  Flow cover: 34
  RLT: 1
  Relax-and-lift: 2

Explored 1 nodes (12664 simplex iterations) in 1.10 seconds (1.23 work units)
Thread count was 5 (of 32 available processors)

Solution count 9: 372235 372250 372465 ... 574497

Optimal solution found (tolerance 1.00e-02)
Best objective 3.722346611358e+05, best bound 3.685391776810e+05, gap 0.9928%
