
Gurobi 12.0.3 (win64) logging started Sun Aug 23 17:20:38 2026

Set parameter LogFile to value "C:\Users\TECNO-MASTER\Desktop\Elmo_infrastructure_sizing_NP-\output\DCH_agosto\Costo_fijo\Carga_libre\Carga_on_board_fixed_3estaciones_P1000kW_Descomp/station_1_d274_stage1\gurobi.log"
Set parameter Threads to value 1
Set parameter Heuristics to value 0.5
Set parameter MIPFocus to value 3
Set parameter Presolve to value 2
Set parameter FlowCoverCuts to value 2
Set parameter TimeLimit to value 172800
Gurobi Optimizer version 12.0.3 build v12.0.3rc0 (win64 - Windows 11+.0 (26200.2))

CPU model: Intel(R) Core(TM) i9-14900K, instruction set [SSE2|AVX|AVX2]
Thread count: 24 physical cores, 32 logical processors, using up to 1 threads

Non-default parameters:
TimeLimit  172800
MIPGap  0.01
Heuristics  0.5
MIPFocus  3
FlowCoverCuts  2
Presolve  2
Threads  1

Optimize a model with 22740 rows, 37249 columns and 110626 nonzeros
Model fingerprint: 0xd29d5beb
Variable types: 17323 continuous, 19926 integer (19925 binary)
Coefficient statistics:
  Matrix range     [1e-01, 1e+03]
  Objective range  [4e-01, 2e+05]
  Bounds range     [1e+00, 3e+00]
  RHS range        [1e+00, 1e+04]
Presolve removed 19850 rows and 26959 columns
Presolve time: 0.25s
Presolved: 2890 rows, 10290 columns, 32614 nonzeros
Variable types: 840 continuous, 9450 integer (9363 binary)
Root relaxation presolved: 2890 rows, 10290 columns, 32614 nonzeros


Root relaxation: objective 3.680537e+04, 6720 iterations, 0.82 seconds (0.90 work units)

    Nodes    |    Current Node    |     Objective Bounds      |     Work
 Expl Unexpl |  Obj  Depth IntInf | Incumbent    BestBd   Gap | It/Node Time

     0     0 36805.3718    0  447          - 36805.3718      -     -    2s
     0     0 68996.4963    0  400          - 68996.4963      -     -    2s
H    0     0                    393725.16763 68996.4963  82.5%     -    2s
H    0     0                    218362.98142 68996.4963  68.4%     -    2s
     0     0          -    0      218362.981 218351.680  0.01%     -    3s

Cutting planes:
  Cover: 13
  Implied bound: 10
  Clique: 6
  MIR: 61
  Mixing: 13
  Flow cover: 100
  Zero half: 6
  Relax-and-lift: 22

Explored 1 nodes (17991 simplex iterations) in 3.12 seconds (3.49 work units)
Thread count was 1 (of 32 available processors)

Solution count 2: 218363 393725 

Optimal solution found (tolerance 1.00e-02)
Best objective 2.183629814234e+05, best bound 2.183516804477e+05, gap 0.0052%
