
Gurobi 12.0.3 (win64) logging started Sun Aug 23 02:54:56 2026

Set parameter LogFile to value "C:\Users\TECNO-MASTER\Desktop\Elmo_infrastructure_sizing_NP-\output\DCH_agosto\Costo_variable\Carga_libre\Carga_on_board_variable_3estaciones_P640kW_Descomp/station_1_d213\gurobi.log"
Set parameter Threads to value 1
Set parameter Heuristics to value 0.5
Set parameter MIPFocus to value 3
Set parameter Presolve to value 2
Set parameter FlowCoverCuts to value 2
Set parameter TimeLimit to value 172800
Gurobi Optimizer version 12.0.3 build v12.0.3rc0 (win64 - Windows 11+.0 (26200.2))

CPU model: Intel(R) Core(TM) i9-14900K, instruction set [SSE2|AVX|AVX2]
Thread count: 24 physical cores, 32 logical processors, using up to 1 threads

Non-default parameters:
TimeLimit  172800
MIPGap  0.01
Heuristics  0.5
MIPFocus  3
FlowCoverCuts  2
Presolve  2
Threads  1

Optimize a model with 22770 rows, 37249 columns and 109784 nonzeros
Model fingerprint: 0xbb9c6656
Variable types: 17323 continuous, 19926 integer (19925 binary)
Coefficient statistics:
  Matrix range     [1e-01, 6e+02]
  Objective range  [8e-03, 1e+02]
  Bounds range     [1e+00, 3e+00]
  RHS range        [1e+00, 1e+04]
Presolve removed 20325 rows and 26960 columns
Presolve time: 0.63s
Presolved: 2445 rows, 10289 columns, 31876 nonzeros
Variable types: 841 continuous, 9448 integer (9362 binary)
Root relaxation presolved: 2445 rows, 10289 columns, 31876 nonzeros


Root relaxation: objective 1.645452e+05, 4449 iterations, 0.56 seconds (0.19 work units)

    Nodes    |    Current Node    |     Objective Bounds      |     Work
 Expl Unexpl |  Obj  Depth IntInf | Incumbent    BestBd   Gap | It/Node Time

     0     0 164545.244    0  181          - 164545.244      -     -    1s
H    0     0                    220859.69374 164545.244  25.5%     -    1s
H    0     0                    220424.92204 164545.244  25.4%     -    1s
H    0     0                    208241.24035 164545.244  21.0%     -    1s
H    0     0                    208138.43474 164545.244  20.9%     -    1s
H    0     0                    205574.26952 164545.244  20.0%     -    1s
H    0     0                    205574.18760 164545.244  20.0%     -    1s
H    0     0                    205570.15298 164545.244  20.0%     -    2s
H    0     0                    183875.04830 164545.244  10.5%     -    2s
H    0     0                    182627.72277 164545.244  9.90%     -    2s
H    0     0                    174552.33831 164545.244  5.73%     -    2s
H    0     0                    174390.53639 164545.244  5.65%     -    2s
H    0     0                    174374.19577 164545.244  5.64%     -    2s
H    0     0                    174345.36875 164545.244  5.62%     -    2s
     0     0 164726.951    0  241 174345.369 164726.951  5.52%     -    3s
H    0     0                    174153.99680 164740.286  5.41%     -    3s
H    0     0                    174108.42499 164740.286  5.38%     -    3s
H    0     0                    167244.26307 164740.286  1.50%     -    3s
H    0     0                    166925.36610 164740.286  1.31%     -    3s
     0     0 164740.286    0  263 166925.366 164740.286  1.31%     -    4s
     0     0 164740.286    0  267 166925.366 164740.286  1.31%     -    4s
     0     0 164837.194    0  231 166925.366 164837.194  1.25%     -    5s
H    0     0                    166640.01107 164837.194  1.08%     -    5s
H    0     0                    166589.59569 164837.194  1.05%     -    5s
H    0     0                    166499.04909 164837.194  1.00%     -    5s

Cutting planes:
  Gomory: 26
  Lift-and-project: 4
  Cover: 9
  Implied bound: 4
  Clique: 3
  Flow cover: 7
  Zero half: 2
  RLT: 2
  Relax-and-lift: 8
  PSD: 3

Explored 1 nodes (11722 simplex iterations) in 5.79 seconds (2.85 work units)
Thread count was 1 (of 32 available processors)

Solution count 10: 166499 166590 166640 ... 174391

Optimal solution found (tolerance 1.00e-02)
Best objective 1.664990490909e+05, best bound 1.648371938602e+05, gap 0.9981%
