
Gurobi 12.0.3 (win64) logging started Sun Aug 23 02:50:42 2026

Set parameter LogFile to value "C:\Users\TECNO-MASTER\Desktop\Elmo_infrastructure_sizing_NP-\output\DCH_agosto\Costo_variable\Carga_libre\Carga_on_board_variable_3estaciones_P320kW_Descomp/station_1_d121\gurobi.log"
Set parameter Threads to value 1
Set parameter Heuristics to value 0.5
Set parameter MIPFocus to value 3
Set parameter Presolve to value 2
Set parameter FlowCoverCuts to value 2
Set parameter TimeLimit to value 172800
Gurobi Optimizer version 12.0.3 build v12.0.3rc0 (win64 - Windows 11+.0 (26200.2))

CPU model: Intel(R) Core(TM) i9-14900K, instruction set [SSE2|AVX|AVX2]
Thread count: 24 physical cores, 32 logical processors, using up to 1 threads

Non-default parameters:
TimeLimit  172800
MIPGap  0.01
Heuristics  0.5
MIPFocus  3
FlowCoverCuts  2
Presolve  2
Threads  1

Optimize a model with 22770 rows, 37249 columns and 109784 nonzeros
Model fingerprint: 0x0690b820
Variable types: 17323 continuous, 19926 integer (19925 binary)
Coefficient statistics:
  Matrix range     [1e-01, 3e+02]
  Objective range  [8e-03, 1e+02]
  Bounds range     [1e+00, 3e+00]
  RHS range        [1e+00, 1e+04]
Presolve removed 20416 rows and 26960 columns
Presolve time: 0.55s
Presolved: 2354 rows, 10289 columns, 31148 nonzeros
Variable types: 841 continuous, 9448 integer (9362 binary)
Root relaxation presolved: 2354 rows, 10289 columns, 31148 nonzeros


Root relaxation: objective 1.238399e+05, 4113 iterations, 0.36 seconds (0.19 work units)

    Nodes    |    Current Node    |     Objective Bounds      |     Work
 Expl Unexpl |  Obj  Depth IntInf | Incumbent    BestBd   Gap | It/Node Time

     0     0 123839.869    0   83          - 123839.869      -     -    1s
H    0     0                    149048.09995 123839.869  16.9%     -    1s
H    0     0                    143001.52195 123839.869  13.4%     -    1s
H    0     0                    140730.75488 123839.869  12.0%     -    1s
H    0     0                    140475.12159 123839.869  11.8%     -    1s
H    0     0                    140305.32096 123839.869  11.7%     -    1s
H    0     0                    136652.79072 123839.869  9.38%     -    1s
H    0     0                    136650.16118 123839.869  9.37%     -    1s
H    0     0                    132752.03302 123839.869  6.71%     -    1s
H    0     0                    127082.02870 123839.869  2.55%     -    2s
H    0     0                    126905.32629 123839.869  2.42%     -    2s
H    0     0                    126860.29643 123839.869  2.38%     -    2s
     0     0 123839.869    0   86 126860.296 123839.869  2.38%     -    2s
H    0     0                    125933.27962 123839.869  1.66%     -    2s
H    0     0                    124140.23848 123839.869  0.24%     -    2s

Cutting planes:
  Gomory: 3
  Cover: 2
  Implied bound: 2
  Clique: 4
  MIR: 6
  Mixing: 1
  Flow cover: 5
  Zero half: 3
  RLT: 1
  Relax-and-lift: 4

Explored 1 nodes (9644 simplex iterations) in 2.72 seconds (1.77 work units)
Thread count was 1 (of 32 available processors)

Solution count 10: 124140 125933 126860 ... 140475

Optimal solution found (tolerance 1.00e-02)
Best objective 1.241402384813e+05, best bound 1.238398691526e+05, gap 0.2420%
