
Gurobi 12.0.0 (win64) logging started Mon Aug 31 23:57:58 2026

Set parameter LogFile to value "output/Taller_DET_Agosto/Resultados_finales/Carga_ob_8lhds_autonomo_potenciabase_ssee/station_1_d213_stage1\gurobi.log"
Set parameter Threads to value 1
Set parameter Heuristics to value 0.5
Set parameter MIPFocus to value 3
Set parameter Presolve to value 2
Set parameter FlowCoverCuts to value 2
Set parameter TimeLimit to value 172800
Gurobi Optimizer version 12.0.0 build v12.0.0rc1 (win64 - Windows 11+.0 (26200.2))

CPU model: 11th Gen Intel(R) Core(TM) i7-1165G7 @ 2.80GHz, instruction set [SSE2|AVX|AVX2|AVX512]
Thread count: 4 physical cores, 8 logical processors, using up to 1 threads

Non-default parameters:
TimeLimit  172800
MIPGap  0.01
Heuristics  0.5
MIPFocus  3
FlowCoverCuts  2
Presolve  2
Threads  1

Optimize a model with 51794 rows, 87521 columns and 259844 nonzeros
Model fingerprint: 0x2c2435f4
Variable types: 41079 continuous, 46442 integer (46441 binary)
Coefficient statistics:
  Matrix range     [1e-01, 1e+03]
  Objective range  [4e-01, 2e+05]
  Bounds range     [1e+00, 1e+00]
  RHS range        [1e+00, 4e+04]
Presolve removed 48682 rows and 60728 columns
Presolve time: 1.35s
Presolved: 3112 rows, 26793 columns, 81038 nonzeros
Variable types: 697 continuous, 26096 integer (26095 binary)
Root relaxation presolved: 3112 rows, 26793 columns, 81038 nonzeros


Use crossover to convert LP symmetric solution to basic solution...

Root relaxation: objective 7.035256e+05, 8179 iterations, 1.08 seconds (0.44 work units)
Total elapsed time = 5.18s (DegenMoves)

    Nodes    |    Current Node    |     Objective Bounds      |     Work
 Expl Unexpl |  Obj  Depth IntInf | Incumbent    BestBd   Gap | It/Node Time

     0     0 703525.566    0  133          - 703525.566      -     -    5s
     0     0 706725.566    0  195          - 706725.566      -     -    9s
     0     0 708708.066    0  190          - 708708.066      -     -    9s
     0     0 709925.566    0  173          - 709925.566      -     -   15s
     0     0 709925.566    0  229          - 709925.566      -     -   15s
     0     0 719525.566    0  202          - 719525.566      -     -   20s
     0     0 719525.566    0  254          - 719525.566      -     -   21s
     0     0 722725.566    0  218          - 722725.566      -     -   27s
     0     0 722725.566    0  342          - 722725.566      -     -   27s
     0     0 732325.566    0  190          - 732325.566      -     -   33s
     0     0 732325.566    0  279          - 732325.566      -     -   33s
     0     0 735525.566    0  168          - 735525.566      -     -   38s
     0     0 735525.566    0  266          - 735525.566      -     -   39s
     0     0 738725.566    0  130          - 738725.566      -     -   45s
     0     0 738725.566    0  245          - 738725.566      -     -   45s
     0     0 741925.566    0  196          - 741925.566      -     -   51s
     0     0 741925.566    0  255          - 741925.566      -     -   52s
     0     0 745125.566    0  167          - 745125.566      -     -   57s
     0     0 745125.566    0  249          - 745125.566      -     -   57s
     0     0 748325.566    0  212          - 748325.566      -     -   62s
     0     0 748325.566    0  231          - 748325.566      -     -   62s
     0     0 751525.566    0  171          - 751525.566      -     -   67s
     0     0 751525.566    0  266          - 751525.566      -     -   67s
     0     0 754725.566    0  178          - 754725.566      -     -   73s
     0     0 754725.566    0  337          - 754725.566      -     -   74s
     0     0 754725.566    0  156          - 754725.566      -     -   79s
     0     0 764325.566    0  302          - 764325.566      -     -   80s
     0     0 764325.566    0  275          - 764325.566      -     -   80s
     0     0 766914.498    0  166          - 766914.498      -     -   86s
     0     0 766914.498    0  225          - 766914.498      -     -   86s
     0     0 766914.498    0  199          - 766914.498      -     -   94s
     0     0 766914.498    0  223          - 766914.498      -     -   94s
     0     0 766914.498    0  144          - 766914.498      -     -   99s
     0     0 766914.498    0  211          - 766914.498      -     -  100s
     0     0 766914.498    0  137          - 766914.498      -     -  106s
     0     0 766914.498    0  137          - 766914.498      -     -  107s
H    0     0                    1001578.0656 766914.498  23.4%     -  135s
     0     2 768743.062    0  137 1001578.07 768743.062  23.2%     -  140s
     6     6 794343.066    3  220 1001578.07 794343.066  20.7%  1775  145s
     9     9 794410.255    4  158 1001578.07 794343.066  20.7%  1633  156s
    12    12 794354.450    4  184 1001578.07 794343.066  20.7%  1462  160s
    17    17 794343.066    7  175 1001578.07 794343.066  20.7%  1286  165s
    23    23 794365.835    5  188 1001578.07 794343.066  20.7%  1259  170s
H   27    25                    988778.06558 794343.066  19.7%  1110  181s
    27    27 794343.066   10  177 988778.066 794343.066  19.7%  1154  186s
    29    29 794343.066   11  161 988778.066 794343.066  19.7%  1240  190s
    33    33 794343.066   12  194 988778.066 794343.066  19.7%  1289  195s
    37    37 794343.066   14  165 988778.066 794343.066  19.7%  1305  200s
    42    42 794343.066   12  207 988778.066 794343.066  19.7%  1335  206s
    46    46 794343.066   11  208 988778.066 794343.066  19.7%  1388  210s
    52    52 794343.066   12  147 988778.066 794343.066  19.7%  1381  215s
H   54    52                    979518.07942 794343.066  18.9%  1338  224s
H   54    52                    977345.49083 794343.066  18.7%  1338  227s
H   54    52                    975978.06558 794343.066  18.6%  1338  228s
    56    56 794343.066   13  150 975978.066 794343.066  18.6%  1355  231s
    61    61 794343.066   16  125 975978.066 794343.066  18.6%  1337  235s
    75    75 794343.066   21   97 975978.066 794343.066  18.6%  1093  240s
    81    81 794343.066   23   99 975978.066 794343.066  18.6%  1044  255s
    91    91 794343.066   25   97 975978.066 794343.066  18.6%   963  260s
   101   101 794343.066   22   93 975978.066 794343.066  18.6%   894  266s
   106   106 794343.066   23   95 975978.066 794343.066  18.6%   854  283s
   108   108 794343.066   23  101 975978.066 794343.066  18.6%   839  292s
   130   130 794343.066   27   89 975978.066 794343.066  18.6%   715  295s
   135   135 794343.066   29  105 975978.066 794343.066  18.6%   703  303s
   143   143 794343.066   30  104 975978.066 794343.066  18.6%   679  305s
   162   162 794343.066   25  101 975978.066 794343.066  18.6%   619  317s
   170   170 794343.066   29  117 975978.066 794343.066  18.6%   615  320s
   189   189 794343.066   30  109 975978.066 794343.066  18.6%   577  332s
   199   199 794343.066   33  130 975978.066 794343.066  18.6%   570  335s
   203   203 794343.066   33  142 975978.066 794343.066  18.6%   569  353s
   210   210 794343.066   25   97 975978.066 794343.066  18.6%   558  355s
   216   216 794343.066   27   99 975978.066 794343.066  18.6%   544  360s
   245   245 794343.066   33  117 975978.066 794343.066  18.6%   494  375s
   260   260 794343.066   31   93 975978.066 794343.066  18.6%   484  403s
   269   269 794343.066   33   99 975978.066 794343.066  18.6%   477  405s
   272   272 794343.066   31   97 975978.066 794343.066  18.6%   472  413s
   286   286 794343.066   36   99 975978.066 794343.066  18.6%   451  415s
   300   300 794343.066   32   86 975978.066 794343.066  18.6%   435  436s
   308   308 794343.066   33   96 975978.066 794343.066  18.6%   432  440s
   323   323 794343.066   34   97 975978.066 794343.066  18.6%   418  445s
   338   338 794343.066   35   99 975978.066 794343.066  18.6%   412  479s
   339   339 794343.066   35   95 975978.066 794343.066  18.6%   411  481s
   366   366 794343.066   39   99 975978.066 794343.066  18.6%   388  489s
   369   369 794343.066   40  109 975978.066 794343.066  18.6%   388  490s
   393   393 794343.066   42   95 975978.066 794343.066  18.6%   376  502s
   397   397 794343.066   43   92 975978.066 794343.066  18.6%   372  525s
   416   416 794343.066   45  104 975978.066 794343.066  18.6%   373  530s
   434   434 794343.066   47  117 975978.066 794343.066  18.6%   369  535s
   456   456 794343.066   50   92 975978.066 794343.066  18.6%   364  540s
   469   469 794343.066   53  152 975978.066 794343.066  18.6%   381  545s
   480   480 794343.066   52  161 975978.066 794343.066  18.6%   393  550s
   494   494 794343.066   48   99 975978.066 794343.066  18.6%   404  577s
   507   507 794343.066   50  156 975978.066 794343.066  18.6%   403  580s
   513   512 794343.066    7  137 975978.066 794343.066  18.6%   401  590s
   515   513 794343.066   30  124 975978.066 794343.066  18.6%   399  596s
   516   514 794343.066   30   55 975978.066 794343.066  18.6%   398  603s
   518   515 794343.066   31   72 975978.066 794343.066  18.6%   397  610s
   519   516 794343.066   20  180 975978.066 794343.066  18.6%   396  616s
   520   517 794343.066   30   95 975978.066 794343.066  18.6%   395  623s
   521   517 794343.066   36   93 975978.066 794343.066  18.6%   395  630s
   522   518 794343.066   35   93 975978.066 794343.066  18.6%   394  638s
   523   521 794343.066   10  126 975978.066 794343.066  18.6%   531  643s
   525   522 794343.066   11  178 975978.066 794343.066  18.6%   535  645s
   532   527 794343.066   14  224 975978.066 794343.066  18.6%   541  650s
   539   531 794343.066   18  210 975978.066 794343.066  18.6%   549  655s
   544   535 794343.066   21  153 975978.066 794343.066  18.6%   566  660s
   549   538 794343.066   23  180 975978.066 794343.066  18.6%   573  674s
   550   539 794343.066   24  161 975978.066 794343.066  18.6%   575  675s
   556   543 794343.066   27   97 975978.066 794343.066  18.6%   579  680s
   561   546 794343.066   29  146 975978.066 794343.066  18.6%   589  685s
   566   549 794343.066   32  160 975978.066 794343.066  18.6%   592  690s
   570   552 794343.066   34  193 975978.066 794343.066  18.6%   607  695s
   575   555 794343.066   14  164 975978.066 794343.066  18.6%   613  700s
   576   556 794343.066   37  146 975978.066 794343.066  18.6%   613  714s
   578   557 794343.066   38  138 975978.066 794343.066  18.6%   613  715s
   582   560 794343.066   40  129 975978.066 794343.066  18.6%   624  720s
   586   563 794343.066   14  196 975978.066 794343.066  18.6%   637  726s
   590   565 794343.066   17  220 975978.066 794343.066  18.6%   649  731s
   591   566 794343.066   22  204 975978.066 794343.066  18.6%   648  761s
   594   568 794343.066   19   96 975978.066 794343.066  18.6%   675  768s
   596   569 794343.066   20  172 975978.066 794343.066  18.6%   677  770s
   601   573 794343.066   27  181 975978.066 794343.066  18.6%   682  775s
   606   576 794343.066   25  152 975978.066 794343.066  18.6%   698  781s
   614   581 794343.066   41  147 975978.066 794343.066  18.6%   702  785s
   623   587 794343.066   38  156 975978.066 794343.066  18.6%   704  798s
   626   589 794343.066   19   79 975978.066 794343.066  18.6%   724  804s
   627   590 794343.066   20  131 975978.066 794343.066  18.6%   726  805s
H  630   563                    799895.46489 794343.066  0.69%   724  819s

Cutting planes:
  Gomory: 315
  Lift-and-project: 5
  Implied bound: 61
  Projected implied bound: 7
  MIR: 1156
  Mixing: 103
  Flow cover: 1717
  Zero half: 459
  RLT: 115
  Relax-and-lift: 204

Explored 631 nodes (746924 simplex iterations) in 819.53 seconds (438.68 work units)
Thread count was 1 (of 8 available processors)

Solution count 6: 799895 975978 977345 ... 1.00158e+06

Optimal solution found (tolerance 1.00e-02)
Best objective 7.998954648875e+05, best bound 7.943430655833e+05, gap 0.6941%
