
Gurobi 12.0.3 (win64) logging started Sat Nov  1 01:10:08 2025

Set parameter LogFile to value "ELMO_log.txt"
Set parameter Threads to value 32
Set parameter Heuristics to value 0.8
Gurobi Optimizer version 12.0.3 build v12.0.3rc0 (win64 - Windows 11+.0 (26200.2))

CPU model: Intel(R) Core(TM) i9-14900K, instruction set [SSE2|AVX|AVX2]
Thread count: 24 physical cores, 32 logical processors, using up to 32 threads

Non-default parameters:
MIPGap  0.06
Heuristics  0.8
Threads  32

Optimize a model with 11013 rows, 41494 columns and 78140 nonzeros
Model fingerprint: 0x48185e0c
Variable types: 3088 continuous, 38406 integer (38403 binary)
Coefficient statistics:
  Matrix range     [5e-01, 3e+02]
  Objective range  [8e-01, 2e+05]
  Bounds range     [1e+00, 1e+00]
  RHS range        [1e+00, 2e+03]
Presolve removed 3985 rows and 29440 columns
Presolve time: 0.07s
Presolved: 7028 rows, 12054 columns, 41193 nonzeros
Variable types: 3024 continuous, 9030 integer (9028 binary)

Root relaxation: objective 4.568082e+05, 13827 iterations, 0.20 seconds (0.46 work units)

    Nodes    |    Current Node    |     Objective Bounds      |     Work
 Expl Unexpl |  Obj  Depth IntInf | Incumbent    BestBd   Gap | It/Node Time

     0     0 456808.204    0  615          - 456808.204      -     -    0s
     0     0 499620.706    0  492          - 499620.706      -     -    2s
     0     0 499620.706    0  387          - 499620.706      -     -    2s
H    0     0                    544727.44116 499620.706  8.28%     -    2s
     0     0 502333.402    0  428 544727.441 502333.402  7.78%     -    2s
     0     0 502360.274    0  423 544727.441 502360.274  7.78%     -    2s
     0     0 504812.390    0  426 544727.441 504812.390  7.33%     -    2s
     0     0 504844.714    0  430 544727.441 504844.714  7.32%     -    2s
     0     0 504844.714    0  433 544727.441 504844.714  7.32%     -    2s
     0     0 504995.724    0  393 544727.441 504995.724  7.29%     -    2s
     0     0 505007.127    0  407 544727.441 505007.127  7.29%     -    2s
     0     0 505007.127    0  407 544727.441 505007.127  7.29%     -    2s
     0     0 505020.970    0  409 544727.441 505020.970  7.29%     -    2s
     0     0 505020.970    0  233 544727.441 505020.970  7.29%     -    2s
H    0     0                    528022.83400 505020.970  4.36%     -    3s

Cutting planes:
  Gomory: 78
  Implied bound: 11
  MIR: 31
  Flow cover: 21
  Relax-and-lift: 5

Explored 1 nodes (32052 simplex iterations) in 3.10 seconds (3.55 work units)
Thread count was 32 (of 32 available processors)

Solution count 3: 528023 528023 544727 

Optimal solution found (tolerance 6.00e-02)
Best objective 5.280228340004e+05, best bound 5.050209701690e+05, gap 4.3562%
