
Gurobi 12.0.3 (win64) logging started Tue Jul  7 18:07:08 2026

Set parameter LogFile to value "output/DCH_taller_julio/Costo_variable/Ventana_restringida/Carga_on_board_1000kW_Descomp_ventana_carga/station_3_d152\gurobi.log"
Set parameter Threads to value 5
Set parameter Heuristics to value 0.5
Set parameter MIPFocus to value 3
Set parameter Presolve to value 2
Set parameter FlowCoverCuts to value 2
Set parameter TimeLimit to value 172800
Gurobi Optimizer version 12.0.3 build v12.0.3rc0 (win64 - Windows 11+.0 (26200.2))

CPU model: Intel(R) Core(TM) i9-14900K, instruction set [SSE2|AVX|AVX2]
Thread count: 24 physical cores, 32 logical processors, using up to 5 threads

Non-default parameters:
TimeLimit  172800
MIPGap  0.01
Heuristics  0.5
MIPFocus  3
FlowCoverCuts  2
Presolve  2
Threads  5

Optimize a model with 23329 rows, 35809 columns and 110436 nonzeros
Model fingerprint: 0x40ef96a3
Variable types: 17323 continuous, 18486 integer (18485 binary)
Coefficient statistics:
  Matrix range     [1e-01, 1e+03]
  Objective range  [1e-02, 1e+02]
  Bounds range     [1e+00, 1e+00]
  RHS range        [1e+00, 1e+04]
Presolve removed 22241 rows and 27286 columns
Presolve time: 0.33s
Presolved: 1088 rows, 8523 columns, 25613 nonzeros
Variable types: 245 continuous, 8278 integer (8278 binary)
Root relaxation presolved: 1088 rows, 8523 columns, 25613 nonzeros


Use crossover to convert LP symmetric solution to basic solution...

Root relaxation: objective 2.202206e+05, 3020 iterations, 0.11 seconds (0.04 work units)

    Nodes    |    Current Node    |     Objective Bounds      |     Work
 Expl Unexpl |  Obj  Depth IntInf | Incumbent    BestBd   Gap | It/Node Time

     0     0 220220.624    0  137          - 220220.624      -     -    1s
H    0     0                    398761.63709 220220.624  44.8%     -    1s
H    0     0                    230079.49405 220422.186  4.20%     -    2s
H    0     0                    227129.34496 220422.186  2.95%     -    2s
H    0     0                    226168.13542 220422.186  2.54%     -    2s
H    0     0                    226150.50575 220422.186  2.53%     -    2s
H    0     0                    226129.30890 220422.186  2.52%     -    2s
H    0     0                    226074.87848 220422.186  2.50%     -    2s
H    0     0                    226070.53189 220422.186  2.50%     -    2s
H    0     0                    225542.87161 220422.186  2.27%     -    2s
     0     0 220422.186    0  107 225542.872 220422.186  2.27%     -    2s
H    0     0                    224956.56968 220422.186  2.02%     -    3s
H    0     0                    224938.28468 220422.186  2.01%     -    3s
H    0     0                    224915.74649 220422.186  2.00%     -    3s
H    0     0                    224904.87264 220422.186  1.99%     -    3s
H    0     0                    224857.01097 220422.186  1.97%     -    3s
     0     0 220422.186    0  127 224857.011 220422.186  1.97%     -    5s
     0     0 220422.186    0  151 224857.011 220422.186  1.97%     -    5s
     0     0 220422.186    0  125 224857.011 220422.186  1.97%     -    7s
H    0     0                    224594.96617 220422.186  1.86%     -    7s
H    0     0                    224375.16181 220422.186  1.76%     -    7s
H    0     0                    224359.85583 220422.186  1.76%     -    7s
H    0     0                    224321.58938 220422.186  1.74%     -    7s
H    0     0                    224261.75089 220422.186  1.71%     -    7s
H    0     0                    224193.25586 220422.186  1.68%     -    7s
H    0     0                    224147.52447 220422.186  1.66%     -    7s
H    0     0                    224140.34119 220422.186  1.66%     -    7s
H    0     0                    224034.36918 220422.186  1.61%     -    7s
     0     0 220422.186    0  174 224034.369 220422.186  1.61%     -    7s
H    0     0                    223919.43600 220422.186  1.56%     -    8s
H    0     0                    223393.74577 220422.186  1.33%     -    8s
     0     0 220422.186    0  171 223393.746 220422.186  1.33%     -    9s
     0     0 220422.186    0  145 223393.746 220422.186  1.33%     -   10s
H    0     0                    223322.84354 220422.186  1.30%     -   10s
H    0     0                    223316.71378 220422.186  1.30%     -   11s
     0     2 220422.186    0  136 223316.714 220422.186  1.30%     -   11s
H   36    33                    223113.34883 220422.186  1.21%   630   14s
H   38    40                    223108.25533 220422.186  1.20%   653   15s
H   45    40                    222881.10022 220422.186  1.10%   646   15s
H   46    40                    222873.66181 220422.186  1.10%   651   15s
H  101    83                    222865.38695 220422.186  1.10%   501   18s
   111    95 220524.408    7  132 222865.387 220422.186  1.10%   590   21s
H  114    95                    221858.08966 220422.186  0.65%   597   21s

Cutting planes:
  Gomory: 104
  Lift-and-project: 7
  Cover: 45
  Implied bound: 107
  Projected implied bound: 5
  Clique: 5
  MIR: 216
  Mixing: 20
  Flow cover: 364
  Zero half: 64
  RLT: 68
  Relax-and-lift: 109
  BQP: 19
  PSD: 26

Explored 121 nodes (99779 simplex iterations) in 21.96 seconds (14.11 work units)
Thread count was 5 (of 32 available processors)

Solution count 10: 221858 222865 222874 ... 223919

Optimal solution found (tolerance 1.00e-02)
Best objective 2.218580896613e+05, best bound 2.204221858699e+05, gap 0.6472%
