
Gurobi 12.0.3 (win64) logging started Tue Jun 30 14:55:20 2026

Set parameter LogFile to value "output/DCH_taller_julio/Costo_variable/Carga_on_board_640kW_Descomp/station_3_d152_stage1\gurobi.log"
Set parameter Threads to value 5
Set parameter Heuristics to value 0.5
Set parameter MIPFocus to value 3
Set parameter Presolve to value 2
Set parameter FlowCoverCuts to value 2
Set parameter TimeLimit to value 172800
Gurobi Optimizer version 12.0.3 build v12.0.3rc0 (win64 - Windows 11+.0 (26200.2))

CPU model: Intel(R) Core(TM) i9-14900K, instruction set [SSE2|AVX|AVX2]
Thread count: 24 physical cores, 32 logical processors, using up to 5 threads

Non-default parameters:
TimeLimit  172800
MIPGap  0.01
Heuristics  0.5
MIPFocus  3
FlowCoverCuts  2
Presolve  2
Threads  5

Optimize a model with 22793 rows, 35809 columns and 110802 nonzeros
Model fingerprint: 0x85c1b9db
Variable types: 17323 continuous, 18486 integer (18485 binary)
Coefficient statistics:
  Matrix range     [1e-01, 6e+02]
  Objective range  [1e-02, 1e+05]
  Bounds range     [1e+00, 1e+00]
  RHS range        [1e+00, 1e+04]
Presolve removed 19960 rows and 25836 columns
Presolve time: 0.18s
Presolved: 2833 rows, 9973 columns, 30958 nonzeros
Variable types: 821 continuous, 9152 integer (9151 binary)
Root relaxation presolved: 2833 rows, 9973 columns, 30958 nonzeros


Root relaxation: objective 7.324645e+04, 7656 iterations, 0.69 seconds (1.08 work units)

    Nodes    |    Current Node    |     Objective Bounds      |     Work
 Expl Unexpl |  Obj  Depth IntInf | Incumbent    BestBd   Gap | It/Node Time

     0     0 73246.4547    0  415          - 73246.4547      -     -    1s
H    0     0                    484202.11597 142273.532  70.6%     -    2s
H    0     0                    237922.88787 142273.532  40.2%     -    4s
H    0     0                    204088.92802 142273.532  30.3%     -    4s
H    0     0                    203842.36802 142273.532  30.2%     -    4s
H    0     0                    203842.13237 142273.532  30.2%     -    4s
H    0     0                    192962.66152 142273.532  26.3%     -    4s
H    0     0                    192912.34494 142273.532  26.2%     -    4s
H    0     0                    189200.83377 167415.472  11.5%     -    4s
H    0     0                    182125.60860 167415.472  8.08%     -    4s
H    0     0                    180405.52034 167415.472  7.20%     -    4s
H    0     0                    178266.26054 167415.472  6.09%     -    4s
H    0     0                    178232.71945 167415.472  6.07%     -    4s
H    0     0                    178173.61067 167415.472  6.04%     -    4s
     0     0 167415.472    0  346 178173.611 167415.472  6.04%     -    5s
H    0     0                    174803.78578 167415.472  4.23%     -    5s
H    0     0                    174803.30028 167415.472  4.23%     -    5s
H    0     0                    174800.32264 167415.472  4.22%     -    5s
H    0     0                    174781.82989 167415.472  4.21%     -    5s
H    0     0                    169397.93860 167415.472  1.17%     -    5s
H    0     0                    169387.01550 167415.472  1.16%     -    5s
H    0     0                    168955.17510 167415.472  0.91%     -    5s
H    0     0                    168914.42532 167415.472  0.89%     -    5s
H    0     0                    168914.42471 167415.472  0.89%     -    5s
H    0     0                    168889.63852 167415.472  0.87%     -    5s
     0     0 167415.472    0  354 168889.639 167415.472  0.87%     -    5s

Cutting planes:
  Gomory: 6
  Cover: 1
  Implied bound: 1
  RLT: 1

Explored 1 nodes (31806 simplex iterations) in 5.88 seconds (6.63 work units)
Thread count was 5 (of 32 available processors)

Solution count 10: 168890 168914 168914 ... 174804

Optimal solution found (tolerance 1.00e-02)
Best objective 1.688896385228e+05, best bound 1.674154720055e+05, gap 0.8729%
