
Gurobi 12.0.0 (win64) logging started Sun Aug 23 02:32:57 2026

Set parameter LogFile to value "C:\Users\TECNO-MASTER\Desktop\Elmo_infrastructure_sizing_NP-\output\DCH_agosto\Costo_variable\Ventana_restringida\Carga_on_board_variable_3estaciones_P320kW_Descomp/station_3_d213_stage1\gurobi.log"
Set parameter Threads to value 1
Set parameter Heuristics to value 0.5
Set parameter MIPFocus to value 3
Set parameter Presolve to value 2
Set parameter FlowCoverCuts to value 2
Set parameter TimeLimit to value 172800
Gurobi Optimizer version 12.0.0 build v12.0.0rc1 (win64 - Windows 11+.0 (26200.2))

CPU model: Intel(R) Core(TM) i9-14900K, instruction set [SSE2|AVX|AVX2]
Thread count: 24 physical cores, 32 logical processors, using up to 1 threads

Non-default parameters:
TimeLimit  172800
MIPGap  0.01
Heuristics  0.5
MIPFocus  3
FlowCoverCuts  2
Presolve  2
Threads  1

Optimize a model with 23314 rows, 37249 columns and 111232 nonzeros
Model fingerprint: 0xf987758c
Variable types: 17323 continuous, 19926 integer (19925 binary)
Coefficient statistics:
  Matrix range     [1e-01, 3e+02]
  Objective range  [8e-03, 9e+04]
  Bounds range     [1e+00, 3e+00]
  RHS range        [1e+00, 1e+04]
Presolve removed 22120 rows and 28483 columns
Presolve time: 0.17s
Presolved: 1194 rows, 8766 columns, 26712 nonzeros
Variable types: 233 continuous, 8533 integer (8441 binary)
Root relaxation presolved: 1194 rows, 8766 columns, 26712 nonzeros


Use crossover to convert LP symmetric solution to basic solution...

Root relaxation: objective 2.051843e+05, 3432 iterations, 0.06 seconds (0.05 work units)

    Nodes    |    Current Node    |     Objective Bounds      |     Work
 Expl Unexpl |  Obj  Depth IntInf | Incumbent    BestBd   Gap | It/Node Time

     0     0 216152.008    0  102          - 216152.008      -     -    0s
     0     0 219126.454    0   88          - 219126.454      -     -    1s
H    0     0                    249489.93116 219126.454  12.2%     -    1s
H    0     0                    238342.59538 221261.666  7.17%     -    1s
H    0     0                    238163.99869 221261.666  7.10%     -    1s
H    0     0                    237555.36956 221261.666  6.86%     -    1s
H    0     0                    236493.79508 221261.666  6.44%     -    1s
     0     0 221261.666    0   91 236493.795 221261.666  6.44%     -    1s
     0     0 221261.666    0  104 236493.795 221261.666  6.44%     -    1s
H    0     0                    233660.38293 221261.666  5.31%     -    2s
H    0     0                    233354.73309 221261.666  5.18%     -    2s
H    0     0                    231120.80863 221261.666  4.27%     -    2s
     0     0 221261.666    0  104 231120.809 221261.666  4.27%     -    2s
     0     0 221261.666    0   81 231120.809 221261.666  4.27%     -    2s
H    0     0                    230891.72597 221261.666  4.17%     -    3s
H    0     0                    230747.57802 221261.666  4.11%     -    3s
H    0     0                    230683.31264 221261.666  4.08%     -    3s
H    0     0                    230444.42197 221261.666  3.98%     -    3s
     0     0 221261.666    0   90 230444.422 221261.666  3.98%     -    3s
     0     0 221261.666    0   80 230444.422 221261.666  3.98%     -    3s
     0     0 221261.666    0   78 230444.422 221261.666  3.98%     -    3s
     0     0 221261.666    0   74 230444.422 221261.666  3.98%     -    3s
     0     0 221261.666    0   80 230444.422 221261.666  3.98%     -    4s
     0     0 221261.666    0   81 230444.422 221261.666  3.98%     -    4s
     0     0 221261.666    0   81 230444.422 221261.666  3.98%     -    4s
H    0     0                    230285.27891 221261.666  3.92%     -    4s
H    0     0                    230246.91726 221261.666  3.90%     -    4s
H    0     0                    229228.73930 221261.666  3.48%     -    4s
H    0     0                    229000.01581 221261.666  3.38%     -    4s
H    0     0                    227807.12099 221261.666  2.87%     -    4s
H    0     0                    227700.75107 221261.666  2.83%     -    5s
H    0     0                    227536.62562 221261.666  2.76%     -    5s
     0     2 221271.890    0   81 227536.626 221271.890  2.75%     -    5s

Cutting planes:
  Gomory: 5
  Cover: 9
  Projected implied bound: 1
  MIR: 3
  StrongCG: 1
  Flow cover: 7
  Zero half: 2
  Relax-and-lift: 8

Explored 3 nodes (16407 simplex iterations) in 5.28 seconds (4.95 work units)
Thread count was 1 (of 32 available processors)

Solution count 10: 227537 227701 227807 ... 230748

Optimal solution found (tolerance 1.00e-02)
Best objective 2.275366256193e+05, best bound 2.267813564535e+05, gap 0.3319%
