
Gurobi 12.0.3 (win64) logging started Tue Jul  7 17:34:00 2026

Set parameter LogFile to value "output/DCH_taller_julio/Costo_variable/Ventana_restringida/Carga_on_board_320kW_Descomp_ventana_carga/station_1_d152_stage1\gurobi.log"
Set parameter Threads to value 5
Set parameter Heuristics to value 0.5
Set parameter MIPFocus to value 3
Set parameter Presolve to value 2
Set parameter FlowCoverCuts to value 2
Set parameter TimeLimit to value 172800
Gurobi Optimizer version 12.0.3 build v12.0.3rc0 (win64 - Windows 11+.0 (26200.2))

CPU model: Intel(R) Core(TM) i9-14900K, instruction set [SSE2|AVX|AVX2]
Thread count: 24 physical cores, 32 logical processors, using up to 5 threads

Non-default parameters:
TimeLimit  172800
MIPGap  0.01
Heuristics  0.5
MIPFocus  3
FlowCoverCuts  2
Presolve  2
Threads  5

Optimize a model with 23329 rows, 35809 columns and 111338 nonzeros
Model fingerprint: 0x3eec1bad
Variable types: 17323 continuous, 18486 integer (18485 binary)
Coefficient statistics:
  Matrix range     [1e-01, 3e+02]
  Objective range  [1e-02, 9e+04]
  Bounds range     [1e+00, 1e+00]
  RHS range        [1e+00, 1e+04]
Presolve removed 22106 rows and 27284 columns
Presolve time: 0.31s
Presolved: 1223 rows, 8525 columns, 25748 nonzeros
Variable types: 245 continuous, 8280 integer (8279 binary)
Root relaxation presolved: 1223 rows, 8525 columns, 25748 nonzeros


Use crossover to convert LP symmetric solution to basic solution...

Root relaxation: objective 2.452184e+05, 3327 iterations, 0.12 seconds (0.05 work units)

    Nodes    |    Current Node    |     Objective Bounds      |     Work
 Expl Unexpl |  Obj  Depth IntInf | Incumbent    BestBd   Gap | It/Node Time

     0     0 251225.702    0  125          - 251225.702      -     -    1s
H    0     0                    264129.71147 251225.702  4.89%     -    1s
H    0     0                    263680.63446 251225.702  4.72%     -    1s
H    0     0                    260269.80930 251225.702  3.47%     -    1s
H    0     0                    259634.95803 251225.702  3.24%     -    2s
     0     0          -    0      259634.958 258936.546  0.27%     -    2s

Cutting planes:
  Gomory: 14
  Lift-and-project: 11
  Cover: 10
  Projected implied bound: 4
  MIR: 9
  Flow cover: 20
  GUB cover: 2
  Relax-and-lift: 7

Explored 1 nodes (7621 simplex iterations) in 2.29 seconds (1.05 work units)
Thread count was 5 (of 32 available processors)

Solution count 4: 259635 260270 263681 264130 

Optimal solution found (tolerance 1.00e-02)
Best objective 2.596349580270e+05, best bound 2.589365462213e+05, gap 0.2690%
