
Gurobi 12.0.3 (win64) logging started Sun Aug 23 17:23:50 2026

Set parameter LogFile to value "C:\Users\TECNO-MASTER\Desktop\Elmo_infrastructure_sizing_NP-\output\DCH_agosto\Costo_variable\Carga_libre\Carga_on_board_variable_3estaciones_P1000kW_Descomp/station_3_d274_stage1\gurobi.log"
Set parameter Threads to value 1
Set parameter Heuristics to value 0.5
Set parameter MIPFocus to value 3
Set parameter Presolve to value 2
Set parameter FlowCoverCuts to value 2
Set parameter TimeLimit to value 172800
Gurobi Optimizer version 12.0.3 build v12.0.3rc0 (win64 - Windows 11+.0 (26200.2))

CPU model: Intel(R) Core(TM) i9-14900K, instruction set [SSE2|AVX|AVX2]
Thread count: 24 physical cores, 32 logical processors, using up to 1 threads

Non-default parameters:
TimeLimit  172800
MIPGap  0.01
Heuristics  0.5
MIPFocus  3
FlowCoverCuts  2
Presolve  2
Threads  1

Optimize a model with 22740 rows, 37249 columns and 110628 nonzeros
Model fingerprint: 0x5787aaae
Variable types: 17323 continuous, 19926 integer (19925 binary)
Coefficient statistics:
  Matrix range     [1e-01, 1e+03]
  Objective range  [4e-03, 2e+05]
  Bounds range     [1e+00, 3e+00]
  RHS range        [1e+00, 1e+04]
Presolve removed 19850 rows and 26956 columns
Presolve time: 0.13s
Presolved: 2890 rows, 10293 columns, 32192 nonzeros
Variable types: 840 continuous, 9453 integer (9361 binary)
Root relaxation presolved: 2890 rows, 10293 columns, 32192 nonzeros


Root relaxation: objective 3.973981e+04, 6553 iterations, 0.50 seconds (0.99 work units)

    Nodes    |    Current Node    |     Objective Bounds      |     Work
 Expl Unexpl |  Obj  Depth IntInf | Incumbent    BestBd   Gap | It/Node Time

     0     0 39739.8126    0  473          - 39739.8126      -     -    1s
     0     0 71708.4408    0  350          - 71708.4408      -     -    1s
H    0     0                    395279.73601 71708.4408  81.9%     -    1s
H    0     0                    394894.66951 71708.4408  81.8%     -    1s
H    0     0                    219921.21596 71708.4408  67.4%     -    1s
H    0     0                    219867.77625 71708.4408  67.4%     -    1s
     0     0 212527.541    0  165 219867.776 212527.541  3.34%     -    2s
H    0     0                    214210.70670 212527.541  0.79%     -    2s

Cutting planes:
  Cover: 8
  Zero half: 4
  Relax-and-lift: 14

Explored 1 nodes (26748 simplex iterations) in 2.31 seconds (4.46 work units)
Thread count was 1 (of 32 available processors)

Solution count 5: 214211 219868 219921 ... 395280

Optimal solution found (tolerance 1.00e-02)
Best objective 2.142107067026e+05, best bound 2.125275408470e+05, gap 0.7858%
