
Gurobi 12.0.3 (win64) logging started Tue Jul  7 18:07:52 2026

Set parameter LogFile to value "output/DCH_taller_julio/Costo_variable/Ventana_restringida/Carga_on_board_1000kW_Descomp_ventana_carga/station_3_d213\gurobi.log"
Set parameter Threads to value 5
Set parameter Heuristics to value 0.5
Set parameter MIPFocus to value 3
Set parameter Presolve to value 2
Set parameter FlowCoverCuts to value 2
Set parameter TimeLimit to value 172800
Gurobi Optimizer version 12.0.3 build v12.0.3rc0 (win64 - Windows 11+.0 (26200.2))

CPU model: Intel(R) Core(TM) i9-14900K, instruction set [SSE2|AVX|AVX2]
Thread count: 24 physical cores, 32 logical processors, using up to 5 threads

Non-default parameters:
TimeLimit  172800
MIPGap  0.01
Heuristics  0.5
MIPFocus  3
FlowCoverCuts  2
Presolve  2
Threads  5

Optimize a model with 23329 rows, 35809 columns and 110436 nonzeros
Model fingerprint: 0x6312aae1
Variable types: 17323 continuous, 18486 integer (18485 binary)
Coefficient statistics:
  Matrix range     [1e-01, 1e+03]
  Objective range  [8e-03, 1e+02]
  Bounds range     [1e+00, 1e+00]
  RHS range        [1e+00, 1e+04]
Presolve removed 22241 rows and 27286 columns
Presolve time: 0.31s
Presolved: 1088 rows, 8523 columns, 25613 nonzeros
Variable types: 245 continuous, 8278 integer (8278 binary)
Root relaxation presolved: 1088 rows, 8523 columns, 25613 nonzeros


Use crossover to convert LP symmetric solution to basic solution...

Root relaxation: objective 2.221360e+05, 3041 iterations, 0.10 seconds (0.04 work units)

    Nodes    |    Current Node    |     Objective Bounds      |     Work
 Expl Unexpl |  Obj  Depth IntInf | Incumbent    BestBd   Gap | It/Node Time

     0     0 222135.990    0  150          - 222135.990      -     -    1s
H    0     0                    401363.00794 222135.990  44.7%     -    1s
H    0     0                    240785.44100 222339.405  7.66%     -    2s
H    0     0                    240693.92509 222339.405  7.63%     -    2s
H    0     0                    237667.80421 222339.405  6.45%     -    2s
H    0     0                    235124.84837 222339.405  5.44%     -    2s
H    0     0                    232280.07754 222339.405  4.28%     -    2s
H    0     0                    232275.62779 222339.405  4.28%     -    2s
H    0     0                    225781.01617 222339.405  1.52%     -    2s
     0     0 222339.405    0  133 225781.016 222339.405  1.52%     -    2s
H    0     0                    225758.15607 222339.405  1.51%     -    3s
H    0     0                    224641.21258 222339.405  1.02%     -    3s
H    0     0                    224604.49314 222339.405  1.01%     -    3s
H    0     0                    224548.75946 222339.405  0.98%     -    3s

Cutting planes:
  Gomory: 13
  Cover: 5
  Implied bound: 2
  Clique: 4
  MIR: 2
  Flow cover: 8
  Zero half: 3
  RLT: 9
  Relax-and-lift: 7
  PSD: 4

Explored 1 nodes (11383 simplex iterations) in 3.42 seconds (1.47 work units)
Thread count was 5 (of 32 available processors)

Solution count 10: 224549 224604 224641 ... 240694

Optimal solution found (tolerance 1.00e-02)
Best objective 2.245487594553e+05, best bound 2.223394048507e+05, gap 0.9839%
