
Gurobi 12.0.3 (win64) logging started Sun Aug 23 17:22:46 2026

Set parameter LogFile to value "C:\Users\TECNO-MASTER\Desktop\Elmo_infrastructure_sizing_NP-\output\DCH_agosto\Costo_variable\Ventana_restringida\Carga_on_board_variable_3estaciones_P1000kW_Descomp/station_2_d91\gurobi.log"
Set parameter Threads to value 1
Set parameter Heuristics to value 0.5
Set parameter MIPFocus to value 3
Set parameter Presolve to value 2
Set parameter FlowCoverCuts to value 2
Set parameter TimeLimit to value 172800
Gurobi Optimizer version 12.0.3 build v12.0.3rc0 (win64 - Windows 11+.0 (26200.2))

CPU model: Intel(R) Core(TM) i9-14900K, instruction set [SSE2|AVX|AVX2]
Thread count: 24 physical cores, 32 logical processors, using up to 1 threads

Non-default parameters:
TimeLimit  172800
MIPGap  0.01
Heuristics  0.5
MIPFocus  3
FlowCoverCuts  2
Presolve  2
Threads  1

Optimize a model with 24316 rows, 39247 columns and 116352 nonzeros
Model fingerprint: 0xe1455871
Variable types: 18325 continuous, 20922 integer (20921 binary)
Coefficient statistics:
  Matrix range     [1e-01, 1e+03]
  Objective range  [1e-02, 1e+02]
  Bounds range     [1e+00, 3e+00]
  RHS range        [1e+00, 1e+04]
Presolve removed 23245 rows and 29971 columns
Presolve time: 0.22s
Presolved: 1071 rows, 9276 columns, 28625 nonzeros
Variable types: 233 continuous, 9043 integer (8952 binary)
Root relaxation presolved: 1071 rows, 9276 columns, 28625 nonzeros


Use crossover to convert LP symmetric solution to basic solution...

Root relaxation: objective 2.188135e+05, 2914 iterations, 0.05 seconds (0.04 work units)

    Nodes    |    Current Node    |     Objective Bounds      |     Work
 Expl Unexpl |  Obj  Depth IntInf | Incumbent    BestBd   Gap | It/Node Time

     0     0 218813.491    0   47          - 218813.491      -     -    0s
H    0     0                    277509.48070 218813.491  21.2%     -    0s
H    0     0                    249300.28503 218813.491  12.2%     -    0s
H    0     0                    248730.66009 218813.491  12.0%     -    0s
     0     0 218813.491    0   47 248730.660 218813.491  12.0%     -    1s
H    0     0                    248728.85142 218813.491  12.0%     -    1s
H    0     0                    248722.06651 218813.491  12.0%     -    1s
H    0     0                    246686.85886 218813.491  11.3%     -    1s
H    0     0                    244718.01356 218813.491  10.6%     -    1s
H    0     0                    244284.46206 218813.491  10.4%     -    1s
     0     0 218813.946    0   47 244284.462 218813.946  10.4%     -    1s
     0     0 218813.946    0   31 244284.462 218813.946  10.4%     -    1s
     0     0 218813.946    0   31 244284.462 218813.946  10.4%     -    2s
     0     0 218813.946    0   28 244284.462 218813.946  10.4%     -    2s
H    0     0                    244162.64531 218813.946  10.4%     -    2s
H    0     0                    243649.05480 218813.946  10.2%     -    2s
H    0     0                    240215.92105 218813.946  8.91%     -    2s
H    0     0                    240137.65970 218813.946  8.88%     -    2s
     0     0 218813.946    0   17 240137.660 218813.946  8.88%     -    3s
H    0     0                    240129.41327 218813.946  8.88%     -    3s
H    0     0                    240129.41108 218813.946  8.88%     -    3s
     0     0 218813.946    0   25 240129.411 218813.946  8.88%     -    3s
     0     0 218813.946    0   23 240129.411 218813.946  8.88%     -    3s
     0     0 218813.946    0   23 240129.411 218813.946  8.88%     -    3s
H    0     0                    225165.06358 218813.946  2.82%     -    3s
H    0     0                    221380.68324 218813.946  1.16%     -    4s
H    0     0                    220329.71590 218813.946  0.69%     -    4s

Cutting planes:
  Gomory: 8
  Lift-and-project: 1
  Cover: 6
  Implied bound: 4
  Clique: 6
  MIR: 1
  StrongCG: 1
  Flow cover: 1
  Zero half: 9
  RLT: 1
  Relax-and-lift: 13
  BQP: 2
  PSD: 4

Explored 1 nodes (12324 simplex iterations) in 4.20 seconds (3.55 work units)
Thread count was 1 (of 32 available processors)

Solution count 10: 220330 221381 225165 ... 244284

Optimal solution found (tolerance 1.00e-02)
Best objective 2.203297158957e+05, best bound 2.188139461620e+05, gap 0.6880%
