
Gurobi 12.0.3 (win64) logging started Wed Oct 15 18:18:58 2025

Set parameter LogFile to value "ELMO_log.txt"
Set parameter Threads to value 32
Set parameter Heuristics to value 0.8
Gurobi Optimizer version 12.0.3 build v12.0.3rc0 (win64 - Windows 11+.0 (26200.2))

CPU model: Intel(R) Core(TM) i9-14900K, instruction set [SSE2|AVX|AVX2]
Thread count: 24 physical cores, 32 logical processors, using up to 32 threads

Non-default parameters:
MIPGap  0.05
Heuristics  0.8
Threads  32

Optimize a model with 11015 rows, 41494 columns and 78146 nonzeros
Model fingerprint: 0xd9615875
Variable types: 3088 continuous, 38406 integer (38403 binary)
Coefficient statistics:
  Matrix range     [5e-01, 4e+02]
  Objective range  [8e-01, 2e+05]
  Bounds range     [1e+00, 1e+00]
  RHS range        [1e+00, 2e+03]
Presolve removed 3986 rows and 29440 columns
Presolve time: 0.07s
Presolved: 7029 rows, 12054 columns, 41199 nonzeros
Variable types: 3024 continuous, 9030 integer (9028 binary)

Root relaxation: objective 2.407330e+05, 13751 iterations, 0.34 seconds (0.81 work units)

    Nodes    |    Current Node    |     Objective Bounds      |     Work
 Expl Unexpl |  Obj  Depth IntInf | Incumbent    BestBd   Gap | It/Node Time

     0     0 240733.048    0  719          - 240733.048      -     -    0s
     0     0 244084.779    0  848          - 244084.779      -     -    2s
     0     0 246702.880    0  767          - 246702.880      -     -    2s
     0     0 246702.880    0  767          - 246702.880      -     -    2s
     0     0 246703.033    0  772          - 246703.033      -     -    2s
     0     0 249757.908    0  769          - 249757.908      -     -    2s
     0     0 249845.435    0  768          - 249845.435      -     -    2s
     0     0 249848.495    0  756          - 249848.495      -     -    2s
     0     0 249860.248    0  762          - 249860.248      -     -    2s
     0     0 249860.248    0  766          - 249860.248      -     -    2s
     0     0 250120.740    0  848          - 250120.740      -     -    3s
     0     0 250183.646    0  830          - 250183.646      -     -    3s
     0     0 250184.685    0  841          - 250184.685      -     -    3s
     0     0 250689.269    0  914          - 250689.269      -     -    4s
     0     0 250742.990    0  931          - 250742.990      -     -    4s
     0     0 250744.003    0  968          - 250744.003      -     -    4s
     0     0 251474.008    0  925          - 251474.008      -     -    4s
     0     0 251503.563    0  934          - 251503.563      -     -    4s
     0     0 251504.471    0  961          - 251504.471      -     -    4s
     0     0 252080.734    0  909          - 252080.734      -     -    4s
     0     0 252107.051    0  935          - 252107.051      -     -    4s
     0     0 252110.733    0  949          - 252110.733      -     -    4s
     0     0 252323.954    0  926          - 252323.954      -     -    4s
     0     0 252384.114    0  924          - 252384.114      -     -    4s
     0     0 252386.294    0  948          - 252386.294      -     -    4s
     0     0 252475.890    0  949          - 252475.890      -     -    4s
     0     0 252504.269    0  969          - 252504.269      -     -    5s
     0     0 252504.776    0  972          - 252504.776      -     -    5s
     0     0 252732.558    0  996          - 252732.558      -     -    5s
     0     0 252739.651    0 1027          - 252739.651      -     -    5s
     0     0 252740.461    0 1041          - 252740.461      -     -    5s
     0     0 252795.961    0 1037          - 252795.961      -     -    5s
     0     0 252802.280    0 1034          - 252802.280      -     -    5s
     0     0 252802.366    0 1047          - 252802.366      -     -    5s
     0     0 252955.814    0 1044          - 252955.814      -     -    5s
     0     0 252976.186    0 1079          - 252976.186      -     -    5s
     0     0 252976.186    0 1085          - 252976.186      -     -    5s
     0     0 253042.227    0 1011          - 253042.227      -     -    5s
     0     0 253095.795    0 1050          - 253095.795      -     -    5s
     0     0 253470.999    0 1039          - 253470.999      -     -    5s
     0     0 253475.973    0 1088          - 253475.973      -     -    5s
     0     0 253522.283    0 1063          - 253522.283      -     -    6s
     0     0 253523.528    0  920          - 253523.528      -     -    6s
H    0     0                    426888.44892 253523.528  40.6%     -   12s
H    0     0                    425165.98058 253523.528  40.4%     -   13s
H    0     0                    424498.31528 253523.528  40.3%     -   14s
H    0     0                    424204.69665 253523.528  40.2%     -   14s
H    0     0                    422538.98525 253523.528  40.0%     -   15s
H    0     0                    421869.88359 253523.528  39.9%     -   15s
H    0     0                    421347.27690 253523.528  39.8%     -   15s
H    0     0                    420366.37146 253523.528  39.7%     -   15s
H    0     0                    419856.38013 253523.528  39.6%     -   15s
H    0     0                    419430.26461 253523.528  39.6%     -   15s
H    0     0                    410670.75915 253523.528  38.3%     -   15s
H    0     0                    409784.83482 253523.528  38.1%     -   15s
H    0     0                    407544.18796 253523.528  37.8%     -   16s
H    0     0                    407022.76326 253523.528  37.7%     -   16s
H    0     0                    406953.99792 253523.528  37.7%     -   16s
H    0     0                    406944.75436 253523.528  37.7%     -   16s
H    0     0                    406923.22934 253523.528  37.7%     -   16s
H    0     0                    406911.50929 253523.528  37.7%     -   16s
H    0     0                    406905.48739 253523.528  37.7%     -   16s
H    0     2                    405510.63864 253523.528  37.5%     -   16s
     0     2 253523.528    0  892 405510.639 253523.528  37.5%     -   16s
H   33    64                    405510.20133 254189.058  37.3%   347   17s
H   35    64                    405506.36071 254189.058  37.3%   331   17s
H   36    64                    405338.36417 254189.058  37.3%   323   17s
H   39    64                    405205.57974 254189.058  37.3%   301   17s
H   42    64                    405061.85984 254189.058  37.2%   286   17s
H   59    64                    405003.70591 254313.067  37.2%   244   17s
   127   160 254472.656    8 1021 405003.706 254313.067  37.2%   138   21s
H  132   160                    403394.00491 254313.067  37.0%   135   21s
H  138   160                    403246.33247 254313.067  36.9%   131   21s
H  155   160                    402920.45791 254313.067  36.9%   123   21s
H  159   280                    400157.47507 254313.067  36.4%   120   22s
H  161   280                    400082.24499 254313.067  36.4%   120   22s
H  169   280                    399940.94101 254313.067  36.4%   118   22s
H  189   280                    399895.29910 254313.067  36.4%   108   22s
H  271   280                    399872.55529 254313.067  36.4%  86.5   22s
H  400   433                    398831.52338 254313.067  36.2%  65.6   24s
H  401   433                    398056.97299 254313.067  36.1%  65.7   24s
H  404   433                    397889.56790 254313.067  36.1%  65.4   24s
H  405   433                    395237.75389 254313.067  35.7%  65.2   24s
H  412   433                    395082.67608 254313.067  35.6%  64.4   24s
H  431   433                    394385.11633 254313.067  35.5%  62.5   24s
   432   583 254468.945   11 1016 394385.116 254313.067  35.5%  62.4   25s
H  582   615                    394140.15747 254313.067  35.5%  50.0   25s
H  766   779                    393161.97231 254313.067  35.3%  43.6   27s
H  888   915                    393106.91645 254313.067  35.3%  42.9   29s
   952   979 254929.718   19  974 393106.916 254313.067  35.3%  43.8   31s
  1208  1235 255304.000   24  904 393106.916 254313.067  35.3%  48.2   35s
H 1223  1235                    393016.74272 254313.067  35.3%  48.4   35s
H 1422  1449                    393016.55101 254313.067  35.3%  48.8   37s
H 1424  1449                    393016.20808 254313.067  35.3%  48.9   37s
H 1430  1449                    393015.36906 254313.067  35.3%  48.9   37s
H 1438  1449                    393012.74933 254313.067  35.3%  48.9   37s
H 1441  1449                    393012.65100 254313.067  35.3%  48.8   37s
  1610  1634 255799.460   34  841 393012.651 254313.067  35.3%  47.5   40s
H 1709  1695                    390253.65004 254313.067  34.8%  48.8   43s
  1843  1831 256026.226   40  803 390253.650 254313.067  34.8%  58.2   46s
H 1845  1831                    390247.59733 254313.067  34.8%  58.2   46s
H 1848  1831                    390216.67325 254313.067  34.8%  58.1   46s
H 1849  1831                    390055.99394 254313.067  34.8%  58.1   46s
H 1909  1894                    390049.81037 254355.432  34.8%  60.0   48s
H 1910  1894                    389958.07420 254355.432  34.8%  60.0   48s
  2202  2187 256490.488   46  781 389958.074 254355.432  34.8%  57.2   50s
H 2241  2219                    389946.69630 254355.432  34.8%  57.2   51s
H 2245  2219                    389910.96206 254355.432  34.8%  57.2   51s
H 2247  2219                    389783.95186 254355.432  34.7%  57.2   51s
  2615  2599 257173.895   49  734 389783.952 254355.432  34.7%  54.0   55s
H 2661  2631                    389769.66267 254355.432  34.7%  53.8   57s
H 2669  2631                    389575.27554 254355.432  34.7%  53.9   57s
H 2917  2881                    389517.76650 254355.432  34.7%  53.3   59s
  2934  3244 257531.935   58  692 389517.766 254355.432  34.7%  53.2   61s
  3386  3339 257693.664   69  708 389517.766 254355.432  34.7%  52.0   66s
H 3431  3371                    385267.66673 254355.432  34.0%  51.9   69s
  3450  3825 257693.664   70  706 385267.667 254355.432  34.0%  51.7   71s
H 3943  3889                    385250.10454 254355.432  34.0%  48.9   73s
H 3961  3889                    385200.94559 254355.432  34.0%  48.9   73s
H 3962  3889                    385192.74880 254355.432  34.0%  48.9   73s
  4285  4309 255772.687  101  826 385192.749 254355.432  34.0%  46.9   75s
H 4434  4368                    385189.38128 254355.432  34.0%  46.6   77s
H 4436  4368                    385148.28891 254355.432  34.0%  46.6   77s
H 4461  4368                    385135.81004 254355.432  34.0%  46.7   77s
H 4558  4880                    384816.47883 254355.432  33.9%  46.0   79s
  4990  4905 257709.806  105  708 384816.479 254355.432  33.9%  45.0   81s
  5095  4998 257711.299  107  704 384816.479 254355.432  33.9%  47.8   85s
H 5207  5202                    384647.74553 254355.432  33.9%  48.2   89s
H 5211  5202                    384641.67379 254355.432  33.9%  48.2   89s
H 5290  5202                    384639.35956 254355.432  33.9%  48.3   89s
  5340  5232 259799.485  121  667 384639.360 254355.432  33.9%  48.3   92s
H 5345  5232                    383754.22845 254355.432  33.7%  48.3   92s
H 5404  5264                    383744.54135 254355.432  33.7%  48.4   93s
  5406  5295 259802.762  123  662 383744.541 254355.432  33.7%  48.4   95s
H 5414  5295                    382653.46082 254355.432  33.5%  48.6   95s
H 5438  5295                    382487.77315 254355.432  33.5%  48.5   95s
  6064  5907 261791.514  138  618 382487.773 254355.432  33.5%  48.7  100s
H 6069  5907                    382470.25659 254355.432  33.5%  48.8  100s
H 6075  5907                    382363.96753 254355.432  33.5%  48.8  100s
H 6700  6502                    382363.11726 254355.432  33.5%  48.7  104s
  6730  7042 262116.805  155  616 382363.117 254355.432  33.5%  48.7  106s
H 7302  7072                    382360.55994 254355.432  33.5%  47.5  108s
  7320  7785 254716.368    9 1013 382360.560 254355.432  33.5%  47.6  111s
H 8076  7815                    382360.43927 254355.432  33.5%  47.2  112s
  8105  8506 256517.812   33  893 382360.439 254355.432  33.5%  47.3  115s
H 8879  8537                    382313.46183 254355.432  33.5%  47.5  118s
H 8890  8537                    382241.42970 254355.432  33.5%  47.5  118s
H 8904  8537                    382134.39926 254355.432  33.4%  47.5  118s
  8944  8594 258079.731   52  790 382134.399 254355.432  33.4%  47.6  120s
H 8972  8594                    382134.21319 254355.432  33.4%  47.6  120s
  9611  9239 261487.288   63  753 382134.213 254355.432  33.4%  46.5  128s
H 9612  9239                    382005.39179 254355.432  33.4%  46.5  128s
H 9616  9239                    381861.81678 254355.432  33.4%  46.5  128s
H 9623  9239                    381845.02839 254355.432  33.4%  46.4  128s
H 9630  9239                    381773.99421 254355.432  33.4%  46.4  128s
  9643  9270 261645.047   64  735 381773.994 254355.432  33.4%  46.4  130s
H 9645  9270                    381772.18899 254355.432  33.4%  46.4  130s
H 9658  9270                    381764.09431 254355.432  33.4%  46.4  130s
H 9665  9270                    381754.55695 254355.432  33.4%  46.4  130s
H 9670  9270                    381702.99289 254355.432  33.4%  46.3  130s
 10624 10211 263975.429   90  634 381702.993 254355.432  33.4%  45.2  137s
H10637 10211                    381693.09299 254355.432  33.4%  45.1  137s
H10685 10243                    381693.09273 254355.432  33.4%  45.1  138s
 10689 10923 263975.429   92  633 381693.093 254355.432  33.4%  45.1  143s
H11408 10881                    381690.88472 254462.457  33.3%  44.4  147s
H11416 10881                    381690.35335 254462.457  33.3%  44.5  147s
H11439 10881                    381689.38410 254462.457  33.3%  44.7  147s
 11515 10882 258816.508   59  920 381689.384 254462.457  33.3%  45.6  151s
H11516 10338                    381398.39407 254462.457  33.3%  45.6  158s
H11516  9821                    381376.79880 254462.457  33.3%  45.6  158s
H11516  9330                    381115.41335 254462.457  33.2%  45.6  158s
H11516  8864                    381097.81339 256234.995  32.8%  45.6  159s
H11517  8421                    380961.91228 256478.904  32.7%  45.6  162s
H11517  7999                    380730.62921 256478.904  32.6%  45.6  162s
H11517  7599                    380676.76195 256478.904  32.6%  45.6  162s
H11517  7219                    380588.41000 256478.904  32.6%  45.6  162s
H11517  6858                    380534.40028 256661.361  32.6%  45.6  165s
H11517  6515                    380533.13692 256661.361  32.6%  45.6  165s
H11517  6189                    380526.18859 256661.361  32.6%  45.6  165s
H11517  5880                    380522.41970 256661.361  32.6%  45.6  165s
H11517  5586                    380522.35495 256661.361  32.6%  45.6  165s
H11517  5306                    380516.36409 256661.361  32.5%  45.6  165s
H11517  5041                    380282.37663 256661.361  32.5%  45.6  165s
H11517  4789                    380281.75197 256661.361  32.5%  45.6  165s
H11517  4549                    380278.72900 256661.361  32.5%  45.6  165s
H11518  4323                    379893.41570 256911.871  32.4%  45.6  166s
H11518  4107                    379886.16992 256911.871  32.4%  45.6  166s
H11518  3901                    379886.16988 256911.871  32.4%  45.6  166s
H11519  3707                    379853.56933 257256.649  32.3%  45.6  167s
H11519  3522                    379838.44409 257256.649  32.3%  45.6  167s
H11519  3345                    379828.76279 257256.649  32.3%  45.6  167s
H11519  3178                    379804.83986 257256.649  32.3%  45.6  167s
H11519  3019                    379798.85362 257256.649  32.3%  45.6  167s
H11519  2868                    379793.76476 257256.649  32.3%  45.6  167s
H11523  2726                    379787.71412 257474.535  32.2%  45.6  173s
H11523  2590                    379777.47997 257474.535  32.2%  45.6  173s
H11523  2460                    379652.77936 257474.535  32.2%  45.6  173s
H11523  2337                    379634.86660 257474.535  32.2%  45.6  173s
H11523  2220                    379627.59400 257474.535  32.2%  45.6  173s
H11523  2109                    379614.30482 257474.535  32.2%  45.6  173s
H11523  2003                    379611.21710 257474.535  32.2%  45.6  173s
H11523  1903                    379607.15941 257474.535  32.2%  45.6  173s
H11523  1808                    379607.15936 257474.535  32.2%  45.6  173s
H11523  1717                    379598.41851 257474.535  32.2%  45.6  173s
H11524  1632                    379380.96535 258134.686  32.0%  45.6  179s
H11524  1550                    379318.81048 258134.686  31.9%  45.6  179s
H11524  1472                    379289.52300 258134.686  31.9%  45.6  179s
H11524  1399                    379255.53319 258134.686  31.9%  45.6  179s
H11524  1329                    379211.40671 258134.686  31.9%  45.6  179s
H11524  1262                    379142.05835 258134.686  31.9%  45.6  179s
H11524  1199                    379142.05795 258134.686  31.9%  45.6  179s
H11524  1139                    379100.59943 258134.686  31.9%  45.6  179s
H11524  1081                    379081.27120 258197.563  31.9%  45.6  179s
H11525  1028                    379081.23386 258269.247  31.9%  45.6  179s
H11525   977                    379081.23380 258269.247  31.9%  45.6  179s
 11527   978 259609.366  129  853 379081.234 258540.697  31.8%  45.6  180s
H11529   929                    379039.73541 258586.570  31.8%  45.6  185s
H11529   883                    379027.31948 258586.570  31.8%  45.6  185s
H11529   838                    379025.25906 258586.570  31.8%  45.6  185s
H11529   796                    378738.20592 258586.570  31.7%  45.6  185s
H11529   756                    378720.04269 258586.570  31.7%  45.6  185s
H11529   718                    378718.53274 258586.570  31.7%  45.6  185s
H11529   682                    378517.27767 258586.570  31.7%  45.6  185s
H11529   647                    378415.27011 258586.570  31.7%  45.6  185s
H11529   615                    378413.53698 258586.570  31.7%  45.6  185s
H11529   584                    378413.53682 258586.570  31.7%  45.6  185s
H11530   555                    378413.53677 258811.646  31.6%  45.6  191s
H11530   527                    378361.94340 258811.646  31.6%  45.6  191s
H11530   501                    378358.22062 258811.646  31.6%  45.6  191s
H11530   475                    378281.17551 258811.646  31.6%  45.6  191s
H11530   451                    378266.30626 258811.646  31.6%  45.6  191s
H11530   428                    378259.31271 258811.646  31.6%  45.6  191s
H11530   407                    378258.47137 258811.646  31.6%  45.6  191s
H11530   386                    378258.24095 258811.646  31.6%  45.6  191s
H11530   366                    378257.33376 258811.646  31.6%  45.6  191s
H11530   348                    378257.11056 258811.646  31.6%  45.6  191s
H11533   332                    378242.58172 258929.406  31.5%  45.5  197s
H11533   315                    378173.53727 258929.406  31.5%  45.5  197s
H11534   300                    378172.92637 258945.286  31.5%  45.5  202s
H11534   285                    378172.92618 258945.286  31.5%  45.5  202s
H11534   270                    378121.94884 258945.286  31.5%  45.5  202s
H11534   256                    378121.94871 258945.286  31.5%  45.5  202s
H11536   244                    378119.51430 258955.783  31.5%  45.5  207s
 11538   245 259060.074   44  844 378119.514 259060.074  31.5%  45.5  210s
 11540   247 261808.343   67  795 378119.514 259060.074  31.5%  45.5  217s
H11548   241                    378113.22563 259060.074  31.5%  52.2  225s
H11548   229                    378111.86671 259060.074  31.5%  52.2  225s
H11548   217                    378111.59730 259060.074  31.5%  52.2  225s
H11548   206                    378111.36687 259060.074  31.5%  52.2  225s
H11550   197                    378111.36675 259060.074  31.5%  52.2  226s
 11564   206 259369.184  130  881 378111.367 259369.184  31.4%  52.1  230s
H11572   201                    378111.29936 259573.239  31.4%  52.1  233s
H11575   192                    378111.29906 259585.394  31.3%  52.1  236s
H11576   182                    378110.25478 259585.658  31.3%  52.1  236s
H11577   173                    378109.31380 259587.411  31.3%  52.1  237s
 11582   176 259590.382   22  792 378109.314 259590.382  31.3%  52.1  242s
 11613   230 259744.372   30  876 378109.314 259620.221  31.3%  60.3  245s
H11615   220                    378109.31363 259620.221  31.3%  60.3  245s
H11616   211                    378108.37292 259620.221  31.3%  60.3  245s
H11691   242                    378108.37287 259621.316  31.3%  62.0  248s
 11709   268 260059.011   33  891 378108.373 259621.316  31.3%  62.1  250s
H11791   296                    378108.37280 259621.316  31.3%  62.6  254s
 11805   383 260092.184   34  841 378108.373 259621.316  31.3%  62.6  256s
 11929   406 260063.180   35  864 378108.373 259621.316  31.3%  62.7  262s
 11961   427 260073.052   36  862 378108.373 259621.316  31.3%  62.7  265s
 12025   476 260082.646   37  841 378108.373 259621.316  31.3%  62.8  270s
 12196   647 260093.318   39  852 378108.373 259621.316  31.3%  63.1  276s
 12271   722 260098.858   40  838 378108.373 259621.316  31.3%  63.4  280s
H12341   789                    378108.37271 259621.316  31.3%  63.6  284s
 12370   933 260104.255   41  833 378108.373 259621.316  31.3%  63.5  285s
 12578  1029 260123.079   44  815 378108.373 259621.316  31.3%  64.0  291s
 12725  1172 260123.137   45  814 378108.373 259621.316  31.3%  64.4  296s
 12789  1276 260164.443   46  803 378108.373 259621.316  31.3%  64.6  302s
 12861  1308 260156.941   47  798 378108.373 259621.316  31.3%  64.9  305s
 12958  1402 260181.238   49  762 378108.373 259621.316  31.3%  65.4  310s
 13062  1506 260286.036   50  769 378108.373 259621.316  31.3%  65.8  316s
 13137  1579 260268.274   51  781 378108.373 259621.316  31.3%  66.1  322s
 13170  1686 260271.749   52  788 378108.373 259621.316  31.3%  66.2  325s
 13314  1750 260289.895   53  760 378108.373 259621.316  31.3%  66.5  338s
 13346  1785 260298.055   53  778 378108.373 259621.316  31.3%  66.6  349s
 13381  1892 260295.423   54  757 378108.373 259621.316  31.3%  66.8  352s
H13462  1892                    378105.22318 259621.316  31.3%  67.2  352s
H13490  1924                    378101.16209 259621.316  31.3%  67.1  358s
H13494  1924                    378095.85085 259621.316  31.3%  67.1  358s
 13522  2315 260298.815   55  766 378095.851 259621.316  31.3%  67.2  360s
 13990  2411 260384.417   62  725 378095.851 259621.316  31.3%  68.4  366s
H14016  2411                    378091.92096 259621.316  31.3%  68.4  366s
H14340  2754                    378091.92079 259621.316  31.3%  69.0  372s
H14351  2754                    378091.92075 259621.316  31.3%  69.1  372s
H14358  2754                    378090.93673 259621.316  31.3%  69.1  372s
 14373  3169 260403.332   67  699 378090.937 259621.316  31.3%  69.1  376s
H14569  3169                    378090.74207 259621.316  31.3%  69.4  376s
H14802  3201                    378090.54742 259621.316  31.3%  69.2  378s
 14834  3232 260658.320   75  647 378090.547 259621.316  31.3%  69.2  382s
H14847  3232                    378089.56319 259621.316  31.3%  69.3  382s
 15538  3925 261020.513   86  622 378089.563 259621.316  31.3%  69.2  386s
H15573  3925                    378089.56300 259624.619  31.3%  69.2  386s
 15574  4662 260753.247   86  629 378089.563 259624.619  31.3%  69.2  390s
 16408  4791 260782.903   95  607 378089.563 259626.244  31.3%  69.0  395s
H16485  4817                    378089.36853 259626.244  31.3%  68.9  396s
H16506  4817                    378089.17388 259626.244  31.3%  68.9  396s
 16521  4847 260837.771   96  612 378089.174 259626.244  31.3%  68.9  401s
 16555  4901 260793.364   97  590 378089.174 259626.244  31.3%  69.0  407s
 16612  4932 260787.085   97  602 378089.174 259626.244  31.3%  68.9  413s
H16624  4932                    378089.17357 259626.244  31.3%  69.0  413s
 16645  4962 260791.709   98  595 378089.174 259626.244  31.3%  69.0  415s
 16679  4993 260787.085   98  601 378089.174 259626.244  31.3%  68.9  423s
 16712  5022 260788.174   99  601 378089.174 259626.244  31.3%  68.9  429s
H16726  5022                    378089.17331 259626.244  31.3%  68.9  429s
 16747  5828 260787.241   99  594 378089.173 259626.244  31.3%  68.9  434s
 17661  6066 260822.115  109  561 378089.173 259632.015  31.3%  69.5  436s
 17970  6127 261029.094  118  515 378089.173 259632.015  31.3%  70.1  441s
 18004  6157 260883.031  119  484 378089.173 259632.015  31.3%  70.1  446s
 18037  6338 261169.318  119  489 378089.173 259632.015  31.3%  70.1  451s
 18223  6370 260884.321  121  482 378089.173 259632.015  31.3%  70.2  456s
 18255  6619 261543.922  121  491 378089.173 259632.015  31.3%  70.2  461s
H18387  6619                    378089.17324 259632.015  31.3%  70.8  461s
 18624  7610 261693.821  128  477 378089.173 259632.015  31.3%  70.8  468s
 19639  7663 261859.461  148  429 378089.173 259634.152  31.3%  71.6  470s
 19756  7713 261854.709  150  419 378089.173 259634.152  31.3%  71.8  482s
 19796  7745 261851.150  150  434 378089.173 259634.152  31.3%  71.9  492s
H19798  7745                    378087.94452 259634.152  31.3%  71.9  492s
 19828  7783 261877.312  151  415 378087.945 259634.152  31.3%  72.0  495s
H19837  7783                    378087.57578 259634.152  31.3%  72.0  495s
 19899  7846 261882.930  152  413 378087.576 259634.152  31.3%  72.0  500s
H19955  7878                    378087.57566 259634.152  31.3%  72.1  504s
 19963  8089 261987.641  153  408 378087.576 259634.152  31.3%  72.1  507s
H20176  8089                    378087.57556 259634.152  31.3%  71.9  507s
 20189  9637 261896.294  158  406 378087.576 259634.152  31.3%  71.9  513s
 21816  9665 262161.694  185  337 378087.576 259634.152  31.3%  71.6  516s
H21825  9665                    378087.57548 259634.152  31.3%  71.6  516s
H21831  9665                    378087.57482 259634.152  31.3%  71.6  516s
 21852 10976 262149.178  186  340 378087.575 259634.152  31.3%  71.6  521s
 23301 11008 262281.980  212  301 378087.575 259634.152  31.3%  71.4  525s
 23365 11071 262281.980  213  301 378087.575 259634.152  31.3%  71.4  532s
 23398 11102 262281.980  213  301 378087.575 259634.152  31.3%  71.4  538s
 23431 11236 262281.980  214  305 378087.575 259634.152  31.3%  71.4  546s
 23565 11280 262281.980  214  298 378087.575 259634.152  31.3%  71.3  552s
 23615 11719 262281.980  215  307 378087.575 259634.152  31.3%  71.3  559s
 24086 11750 262315.773  215  300 378087.575 259634.152  31.3%  71.1  562s
H24115 11750                    378087.57470 259634.152  31.3%  71.1  562s
 24119 13630 262282.032  216  307 378087.575 259634.152  31.3%  71.1  569s
 26235 13806 260049.987   63  759 378087.575 259638.505  31.3%  69.5  573s
 26487 15075 260143.269   64  734 378087.575 259638.505  31.3%  69.2  578s
 27896 15078 infeasible   84      378087.575 259641.860  31.3%  68.3  581s
 27991 15180 259937.245   36  888 378087.575 259641.860  31.3%  68.9  588s
 28087 15222 259938.248   37  875 378087.575 259641.860  31.3%  69.0  592s
 28131 15350 259940.585   37  862 378087.575 259641.860  31.3%  69.1  595s
 28275 15372 259941.595   38  853 378087.575 259641.860  31.3%  69.1  602s
 28317 15586 259948.465   38  834 378087.575 259641.860  31.3%  69.1  610s
 28553 15638 259943.895   38  855 378087.575 259641.860  31.3%  69.2  618s
 28615 16121 259947.070   38  825 378087.575 259642.377  31.3%  69.3  630s
 29167 17877 259947.152   39  822 378087.575 259642.377  31.3%  69.7  648s
 31151 17905 259960.208   40  825 378087.575 259642.377  31.3%  69.9  654s
 31185 17933 260027.656   40  837 378087.575 259642.377  31.3%  70.0  658s
 31217 17964 259950.004   39  811 378087.575 259642.377  31.3%  70.0  663s
 31249 17996 260029.855   40  827 378087.575 259642.377  31.3%  70.0  669s
 31281 18164 259966.573   41  814 378087.575 259642.377  31.3%  70.0  678s
 31455 18444 260129.602   42  808 378087.575 259642.377  31.3%  69.9  686s
 31783 19093 260040.568   41  811 378087.575 259642.377  31.3%  70.0  695s
 32478 20363 260049.650   41  808 378087.575 259642.377  31.3%  69.7  709s
 33968 21368 infeasible   53      378087.575 259642.377  31.3%  70.0  721s
 35141 21405 262275.513   86  617 378087.575 259642.377  31.3%  70.1  727s
 35191 21643 infeasible   87      378087.575 259642.377  31.3%  70.2  734s
 35475 22028 259835.768   41  814 378087.575 259642.377  31.3%  70.4  742s
 35896 23714 260164.536   57  648 378087.575 259646.431  31.3%  70.3  755s
 37810 24956 265246.249   97  476 378087.575 259646.431  31.3%  70.4  768s
 39243 25010     cutoff   64      378087.575 259659.068  31.3%  70.8  782s
 39331 25364 infeasible   64      378087.575 259659.298  31.3%  70.9  789s
 39740 25517 259847.329   41  861 378087.575 259659.298  31.3%  71.1  803s
 39899 25785 259847.329   42  863 378087.575 259659.298  31.3%  70.9  821s
 40201 26667 259860.220   44  852 378087.575 259659.298  31.3%  70.9  892s
 41191 26697 261291.517   89  630 378087.575 259659.298  31.3%  71.0  899s
 41225 26720 infeasible   90      378087.575 259659.298  31.3%  71.0  907s
 41266 26751 261331.816   91  619 378087.575 259659.298  31.3%  71.2  923s
 41298 26773 261331.816   92  622 378087.575 259659.298  31.3%  71.1  944s
 41339 26797 262694.822   93  653 378087.575 259659.298  31.3%  71.2  977s
 41378 27084 262694.855   94  653 378087.575 259659.298  31.3%  71.2 1000s
 41769 27803 262694.855   95  653 378087.575 259659.298  31.3%  71.3 1031s
 42631 27838 infeasible  116      378087.575 259659.298  31.3%  71.4 1047s
 42670 28115 263295.507  117  621 378087.575 259659.298  31.3%  71.4 1058s
 42993 28771 264017.896  130  549 378087.575 259659.298  31.3%  71.5 1074s
H43656 28771                    378085.09539 259659.298  31.3%  71.4 1074s
 43707 30532 265929.528  154  531 378085.095 259659.298  31.3%  71.5 1094s
H44455 30532                    378082.22160 259659.298  31.3%  71.5 1094s
H44994 30532                    378082.04317 259659.298  31.3%  71.5 1094s
 45758 34512 260923.437   56  811 378082.043 259659.298  31.3%  71.2 1110s
 50471 34535 259882.905   48  820 378082.043 259659.298  31.3%  71.6 1122s
 50510 34624 259892.484   49  812 378082.043 259659.298  31.3%  71.6 1133s
H50616 34624                    378082.04293 259659.298  31.3%  71.5 1133s
 50619 34656 259894.252   50  819 378082.043 259659.298  31.3%  71.5 1152s
 50651 35265 259895.261   51  818 378082.043 259659.298  31.3%  71.5 1179s
H51014 35265                    378082.04286 259659.298  31.3%  71.6 1179s
 51363 38408 260992.914   77  640 378082.043 259659.298  31.3%  71.7 1193s
 55040 38510 261012.866   66  720 378082.043 259665.229  31.3%  71.0 1214s
 55156 39321 261111.691   67  710 378082.043 259665.229  31.3%  71.0 1227s
 56204 40942 261225.773   68  714 378082.043 259665.229  31.3%  71.6 1240s
H57032 40942                    378082.04165 259665.229  31.3%  71.7 1240s
 58020 40943 264279.493  174  920 378082.042 259665.229  31.3%  71.4 1301s
 58022 40944 265102.386  152  638 378082.042 259665.229  31.3%  71.4 1308s
 58023 40945 260038.256   52  608 378082.042 259665.229  31.3%  71.4 1313s
 58026 40947 269654.247  198  790 378082.042 259761.104  31.3%  71.4 1315s
 58029 40949 265501.024  198  813 378082.042 259841.582  31.3%  71.4 1324s
 58031 40950 260155.525   72  902 378082.042 259841.582  31.3%  71.4 1329s
 58032 40951 267131.837  127  808 378082.042 259841.582  31.3%  71.4 1335s
 58035 40953 263363.272  109  896 378082.042 259848.378  31.3%  71.4 1345s
 58037 40954 259862.209   46  895 378082.042 259862.209  31.3%  71.4 1354s
 58038 40955 263857.738  121  922 378082.042 259863.230  31.3%  71.4 1360s
 58039 40956 262659.125  132  890 378082.042 259864.064  31.3%  71.4 1366s
H58040 38907                    378082.04161 259866.070  31.3%  71.4 1373s
 58042 38909 265535.005  253  962 378082.042 259869.445  31.3%  71.4 1380s
 58043 38909 260786.391   65  951 378082.042 259869.445  31.3%  71.4 1386s
 58044 38910 264414.516  190  973 378082.042 259869.445  31.3%  71.4 1391s
 58045 38911 261072.772   45  966 378082.042 259869.501  31.3%  71.4 1396s
 58046 38911 266438.047  124  964 378082.042 259870.054  31.3%  71.4 1400s
 58047 38912 261901.726  151  955 378082.042 259871.964  31.3%  71.4 1405s
 58049 38913 261451.479   90  975 378082.042 259872.496  31.3%  71.4 1413s
 58050 38914 268676.045  158  995 378082.042 259872.652  31.3%  71.4 1417s
 58051 38915 261627.942   96 1000 378082.042 259872.718  31.3%  71.4 1422s
 58052 38915 261137.011   67 1006 378082.042 259872.750  31.3%  71.4 1426s
 58053 38916 266766.911  174 1008 378082.042 259873.067  31.3%  71.4 1430s
 58054 38917 271343.239  431 1017 378082.042 259873.155  31.3%  71.4 1436s
 58055 38917 264241.151  114 1006 378082.042 259873.565  31.3%  71.4 1441s
 58056 38918 265628.305  356 1006 378082.042 259873.581  31.3%  71.4 1446s
 58058 38919 260047.820   57  978 378082.042 259875.260  31.3%  71.4 1454s
 58059 38920 261519.114   75  808 378082.042 259883.957  31.3%  71.4 1458s
 58060 38921 262169.699  170  870 378082.042 259883.957  31.3%  71.3 1463s
 58061 38921 259883.957   62  805 378082.042 259883.957  31.3%  71.3 1468s
 58062 38922 265982.878  306  853 378082.042 259883.957  31.3%  71.3 1473s
 58063 38923 262905.410   84  824 378082.042 259883.957  31.3%  71.3 1477s
 58064 38923 261533.203   77  875 378082.042 259883.957  31.3%  71.3 1482s
 58065 38924 262856.161   87  813 378082.042 259883.957  31.3%  71.3 1485s
 58067 38925 261482.990  172  892 378082.042 259884.008  31.3%  71.3 1495s
 58068 38926 260459.463   64  902 378082.042 259884.115  31.3%  71.3 1500s
 58070 38927 262054.593   97  866 378082.042 259884.205  31.3%  71.3 1509s
 58071 38928 260240.501   65  791 378082.042 259884.295  31.3%  71.3 1514s
 58072 38929 261699.259  133  838 378082.042 259884.401  31.3%  71.3 1518s
 58073 38929 260331.816   56  803 378082.042 259885.024  31.3%  71.3 1522s
 58074 38930 261039.277   87  869 378082.042 259885.041  31.3%  71.3 1528s
 58075 38931 261290.223   73  821 378082.042 259886.146  31.3%  71.3 1534s
 58076 38931 267495.522  149  863 378082.042 259886.146  31.3%  71.3 1539s
 58077 38932 266121.073  227  814 378082.042 259886.146  31.3%  71.3 1544s
 58078 38933 271964.701  233  876 378082.042 259886.146  31.3%  71.3 1548s
 58079 38933 261043.742  103  814 378082.042 259886.146  31.3%  71.3 1555s
 58081 38935 260298.979   36  816 378082.042 259886.401  31.3%  71.3 1564s
 58082 38935 274230.455  636  888 378082.042 259886.450  31.3%  71.3 1569s
 58083 38936 264877.182  116  921 378082.042 259886.976  31.3%  71.3 1578s
 58084 38937 259887.022   48  946 378082.042 259887.022  31.3%  71.3 1582s
 58085 38937 262481.885   96  962 378082.042 259887.108  31.3%  71.3 1586s
 58086 38938 280512.604  508  978 378082.042 259887.166  31.3%  71.3 1591s
 58087 38939 263566.599  100  962 378082.042 259887.312  31.3%  71.3 1598s
 58088 38939 259887.550   48  922 378082.042 259887.550  31.3%  71.3 1602s
 58089 38940 260209.506   59  973 378082.042 259887.902  31.3%  71.3 1608s
 58090 38941 260837.771   97  979 378082.042 259887.966  31.3%  71.3 1614s
 58091 38941 261551.931   78  935 378082.042 259888.305  31.3%  71.3 1622s
 58092 38942 262449.397  116  940 378082.042 259888.576  31.3%  71.3 1626s
 58093 38943 262182.518  107  829 378082.042 259888.593  31.3%  71.3 1630s
 58095 38944 260829.074  120  825 378082.042 259888.709  31.3%  71.3 1652s
 58096 38945 274195.243  580  878 378082.042 259888.725  31.3%  71.3 1657s
 58097 38945 261509.939   75  807 378082.042 259888.746  31.3%  71.3 1663s
 58098 38946 268200.103  198  873 378082.042 259888.747  31.3%  71.3 1668s
 58099 38947 259888.748   37  819 378082.042 259888.748  31.3%  71.3 1675s
H58099 36999                    270602.51724 259888.770  3.96%  71.3 1682s
H58099 35147                    270256.74251 259888.770  3.84%  71.3 1682s
H58099 33389                    270101.54612 259888.770  3.78%  71.3 1682s
H58099 31718                    270048.18211 259888.770  3.76%  71.3 1682s
H58099 30131                    269955.09405 259888.770  3.73%  71.3 1682s

Cutting planes:
  Gomory: 75
  Cover: 19
  Implied bound: 3
  MIR: 303
  Mixing: 13
  Flow cover: 367
  GUB cover: 2
  Inf proof: 1
  Relax-and-lift: 2

Explored 58099 nodes (4350608 simplex iterations) in 1682.40 seconds (911.20 work units)
Thread count was 32 (of 32 available processors)

Solution count 10: 269955 269955 270048 ... 378082

Optimal solution found (tolerance 5.00e-02)
Best objective 2.699550940484e+05, best bound 2.598887703965e+05, gap 3.7289%
