
Gurobi 12.0.3 (win64) logging started Thu Jul  9 17:10:53 2026

Set parameter LogFile to value "output/GX_pruebas/P320kW/gurobi.log"
Set parameter Threads to value 32
Set parameter Heuristics to value 0.5
Set parameter MIPFocus to value 3
Set parameter Presolve to value 2
Set parameter FlowCoverCuts to value 2
Set parameter TimeLimit to value 172800
Gurobi Optimizer version 12.0.3 build v12.0.3rc0 (win64 - Windows 11+.0 (26200.2))

CPU model: Intel(R) Core(TM) i9-14900K, instruction set [SSE2|AVX|AVX2]
Thread count: 24 physical cores, 32 logical processors, using up to 32 threads

Non-default parameters:
TimeLimit  172800
MIPGap  0.01
Heuristics  0.5
MIPFocus  3
FlowCoverCuts  2
Presolve  2
Threads  32

Optimize a model with 160738 rows, 284215 columns and 2231133 nonzeros
Model fingerprint: 0x6f685d63
Variable types: 19589 continuous, 264626 integer (99019 binary)
Coefficient statistics:
  Matrix range     [2e-02, 1e+05]
  Objective range  [3e+00, 3e+05]
  Bounds range     [1e+00, 1e+05]
  RHS range        [1e+00, 1e+05]
Presolve removed 136021 rows and 232188 columns
Presolve time: 2.43s
Presolved: 24717 rows, 52027 columns, 370489 nonzeros
Variable types: 6669 continuous, 45358 integer (42869 binary)
Root relaxation presolve removed 10 rows and 0 columns
Root relaxation presolved: 24707 rows, 52027 columns, 370459 nonzeros

Deterministic concurrent LP optimizer: primal and dual simplex
Showing primal log only...


Root simplex log...

Iteration    Objective       Primal Inf.    Dual Inf.      Time
   27003    1.7654976e+05   4.422132e+01   1.036496e+08      5s
   36271    9.9607795e+06   0.000000e+00   1.804594e+07      7s
   43015    1.5117009e+06   0.000000e+00   9.124595e+06     10s
   56545    1.0907366e+06   0.000000e+00   1.384261e+06     15s
   61959    1.0645177e+06   0.000000e+00   0.000000e+00     17s
Concurrent spin time: 2.06s (can be avoided by choosing Method=3)

Solved with primal simplex
   61959    1.0645177e+06   0.000000e+00   0.000000e+00     19s

Root relaxation: objective 1.064518e+06, 61959 iterations, 16.01 seconds (20.93 work units)
Total elapsed time = 20.16s (DegenMoves)
Total elapsed time = 25.07s (DegenMoves)

    Nodes    |    Current Node    |     Objective Bounds      |     Work
 Expl Unexpl |  Obj  Depth IntInf | Incumbent    BestBd   Gap | It/Node Time

     0     0 1064517.72    0  542          - 1064517.72      -     -   25s
     0     0 1285464.89    0  789          - 1285464.89      -     -   44s
     0     0 1346833.62    0  972          - 1346833.62      -     -   45s
     0     0 1346833.62    0  967          - 1346833.62      -     -   45s
     0     0 1346833.62    0  965          - 1346833.62      -     -   45s
     0     0 1348125.54    0  731          - 1348125.54      -     -   60s
     0     0 1348297.85    0 1101          - 1348297.85      -     -   62s
     0     0 1348384.72    0 1249          - 1348384.72      -     -   63s
     0     0 1348384.72    0 1205          - 1348384.72      -     -   63s
     0     0 1348384.72    0 1270          - 1348384.72      -     -   64s
     0     0 1348384.72    0 1224          - 1348384.72      -     -   64s
     0     0 1348808.39    0  840          - 1348808.39      -     -   78s
     0     0 1348854.32    0 1180          - 1348854.32      -     -   80s
     0     0 1348857.16    0 1178          - 1348857.16      -     -   80s
     0     0 1348873.54    0 1209          - 1348873.54      -     -   81s
     0     0 1348874.54    0  867          - 1348874.54      -     -   97s
     0     0 1348875.23    0 1090          - 1348875.23      -     -   99s
     0     0 1348875.23    0 1237          - 1348875.23      -     -  100s
     0     0 1348875.23    0 1199          - 1348875.23      -     -  100s
     0     0 1348877.40    0  764          - 1348877.40      -     -  116s
     0     0 1348891.67    0 1062          - 1348891.67      -     -  118s
     0     0 1348891.67    0 1098          - 1348891.67      -     -  118s
     0     0 1348891.67    0  716          - 1348891.67      -     -  133s
     0     0 1348894.44    0 1100          - 1348894.44      -     -  134s
     0     0 1348921.90    0  812          - 1348921.90      -     -  145s
     0     0 1348921.90    0 1007          - 1348921.90      -     -  146s
     0     0 1348921.90    0 1020          - 1348921.90      -     -  146s
     0     0 1348931.13    0  737          - 1348931.13      -     -  160s
     0     0 1348931.13    0 1060          - 1348931.13      -     -  162s
     0     0 1348931.13    0 1133          - 1348931.13      -     -  162s
     0     0 1348932.11    0  786          - 1348932.11      -     -  176s
     0     0 1348932.11    0  720          - 1348932.11      -     -  184s
H    0     0                    8209552.5290 1348932.11  83.6%     -  219s
H    0     0                    8129157.5231 1348932.11  83.4%     -  219s
H    0     0                    7859544.4784 1348932.11  82.8%     -  223s
H    0     0                    7858456.6998 1348932.11  82.8%     -  223s
H    0     0                    7858215.3775 1348932.11  82.8%     -  224s
H    0     0                    7854074.5059 1348932.11  82.8%     -  224s
H    0     0                    7844409.9129 1348932.11  82.8%     -  224s
H    0     0                    7841865.9735 1348932.11  82.8%     -  225s
H    0     0                    7661714.8824 1348932.11  82.4%     -  225s
H    0     0                    6622039.2879 1348932.11  79.6%     -  226s
H    0     0                    6616933.1272 1348932.11  79.6%     -  226s
H    0     0                    6442584.1327 1348932.11  79.1%     -  231s
H    0     0                    6370206.9683 1348932.11  78.8%     -  231s
H    0     0                    6307298.8524 1348932.11  78.6%     -  231s
H    0     0                    6291950.7532 1348932.11  78.6%     -  234s
H    0     0                    6286945.7866 1348932.11  78.5%     -  234s
H    0     0                    6285657.6705 1348932.11  78.5%     -  234s
H    0     0                    6137377.3782 1348932.11  78.0%     -  237s
H    0     0                    6070169.7000 1348932.11  77.8%     -  237s
H    0     0                    6063704.8788 1348932.11  77.8%     -  240s
H    0     0                    4101025.5627 1348932.11  67.1%     -  240s
H    0     0                    4097572.6441 1348932.11  67.1%     -  240s
     0     2 1348932.11    0  720 4097572.64 1348932.11  67.1%     -  244s
     1     4 1348932.11    1 1158 4097572.64 1348932.11  67.1% 17904  249s
     3     8 1348932.11    2 1229 4097572.64 1348932.11  67.1% 12723  251s
    15    32 1354559.00    4 1085 4097572.64 1354443.01  66.9%  5236  257s
    31    64 1354963.43    5 1115 4097572.64 1354560.05  66.9%  4906  266s
H   39    64                    4092175.1348 1354957.61  66.9%  4614  266s
    63    96 1355258.84    6 1221 4092175.13 1354963.43  66.9%  3864  278s
    95   128 1355341.28    7 1143 4092175.13 1355236.10  66.9%  4239  289s
   127   160 1355519.34    8 1083 4092175.13 1355341.28  66.9%  4873  312s
H  129   160                    4073697.4968 1355341.28  66.7%  4840  312s
   159   192 1355423.88    9 1098 4073697.50 1355405.08  66.7%  4726  329s
H  167   192                    4072381.1933 1355423.88  66.7%  4588  329s
   191   290 1355447.06   10 1137 4072381.19 1355423.88  66.7%  4284  344s
   289   322 1355832.21   11 1059 4072381.19 1355432.98  66.7%  3056  364s
H  295   322                    4071383.9936 1355449.24  66.7%  3008  364s
   321   354 1355604.31   12 1109 4071383.99 1355604.28  66.7%  2874  376s
H  323   354                    4069008.1755 1355604.28  66.7%  2860  376s
H  341   354                    4067578.0150 1355604.31  66.7%  2846  377s
H  346   354                    4060845.8870 1355604.31  66.6%  2822  377s
H  348   354                    4059466.2280 1355604.31  66.6%  2809  377s
   353   386 1355615.95   15 1100 4059466.23 1355604.31  66.6%  2776  396s
H  366   386                    4059071.3370 1355604.31  66.6%  2691  396s
H  385   502                    4051107.7006 1355604.31  66.5%  2578  410s
H  390   502                    4050308.1127 1355604.31  66.5%  2545  411s
H  480   502                    4049724.9171 1355604.31  66.5%  2118  411s
   501   534 1356127.83   15 1233 4049724.92 1355604.31  66.5%  2065  428s
   533   566 1356127.83   16 1106 4049724.92 1355604.31  66.5%  2006  446s
H  536   566                    4045557.4635 1355604.31  66.5%  1995  446s
H  543   566                    4044618.0250 1355604.31  66.5%  1972  446s
   565   598 1355615.95   17 1139 4044618.03 1355604.31  66.5%  1911  481s
H  597   630                    4043954.3887 1355615.95  66.5%  1822  520s
H  600   630                    4042905.8432 1355788.57  66.5%  1814  520s
H  607   630                    4042640.3887 1355788.57  66.5%  1794  520s
H  629   938                    2407987.3549 1355788.57  43.7%  1739  537s
   937  1221 1355991.08   21 1032 2407987.35 1355808.84  43.7%  1235  553s
  1220  1264 1356332.43   23 1125 2407987.35 1355808.84  43.7%   995  563s
  1263  1448 1355825.81   23 1058 2407987.35 1355825.81  43.7%   980  570s
  1447  1710 1355825.81   24 1057 2407987.35 1355825.81  43.7%   878  580s
H 1486  1710                    2407916.5671 1355885.99  43.7%   868  580s
H 1534  1710                    2405369.0078 1355891.45  43.6%   845  580s
  1709  2513 1356229.31   16 1116 2405369.01 1355909.30  43.6%   774  642s
H 1725  2513                    2397372.0816 1355909.30  43.4%   767  642s
H 1799  2513                    2396490.5405 1355920.25  43.4%   747  642s
H 1930  2513                    2391264.6161 1355937.16  43.3%   706  642s
H 1960  2513                    2391071.5582 1355937.16  43.3%   702  642s
  2526  2985 1355969.84   17 1070 2391071.56 1355937.23  43.3%   617  701s
H 2540  2985                    2390419.9880 1355937.23  43.3%   614  701s
H 2570  2985                    2387944.2132 1355937.23  43.2%   608  701s
H 2661  2985                    2384730.5273 1355937.23  43.1%   599  701s
  3008  2986 1357656.06   58  720 2384730.53 1355937.23  43.1%   561  827s
  3010  2987 1356164.81   25  684 2384730.53 1355937.23  43.1%   560  862s
  3011  2988 1355992.51   24  750 2384730.53 1355937.23  43.1%   560  890s
  3013  2989 1355937.23   25 1220 2384730.53 1355937.23  43.1%   560  906s
  3014  2990 1356342.37   29  767 2384730.53 1355937.23  43.1%   559  951s
  3017  2992 1356166.66   26 1284 2384730.53 1355937.23  43.1%   559  956s
  3019  2993 1358140.40   26 1280 2384730.53 1358140.40  43.0%   559  980s
  3020  2994 1358508.10   30  805 2384730.53 1358508.10  43.0%   558 1027s
H 3020  2844                    2376441.0786 1358508.10  42.8%   558 1028s
H 3020  2701                    2376197.7453 1358508.10  42.8%   558 1028s
H 3020  2566                    2373011.1606 1358508.10  42.8%   558 1028s
  3022  2567 1359048.28   18 1171 2373011.16 1359048.28  42.7%   558 1050s
  3023  2568 1359072.67   56  715 2373011.16 1359072.67  42.7%   558 1101s
H 3023  2439                    2371708.0201 1359072.67  42.7%   558 1102s
H 3023  2317                    2369849.8383 1359072.67  42.7%   558 1102s
H 3023  2201                    2369251.5185 1359072.67  42.6%   558 1102s
  3024  2202 1359250.67   27 1094 2369251.52 1359250.67  42.6%   558 1125s
  3025  2202 1429355.13    6  760 2369251.52 1359302.22  42.6%   557 1175s
  3026  2203 1359405.30   17 1202 2369251.52 1359405.30  42.6%   557 1198s
  3027  2204 1359506.04   25  764 2369251.52 1359506.04  42.6%   557 1250s
  3028  2204 1359506.04   19  742 2369251.52 1359506.04  42.6%   557 1307s
  3029  2205 1359506.04   23  742 2369251.52 1359506.04  42.6%   557 1322s
  3030  2209 1359506.04   15 1279 2369251.52 1359506.04  42.6%   694 1335s
  3032  2212 1462922.97   16 1215 2369251.52 1359506.04  42.6%   708 1342s
  3036  2219 1363804.47   17 1086 2369251.52 1363726.02  42.4%   712 1347s
  3044  2232 1363918.11   18 1136 2369251.52 1363827.21  42.4%   717 1357s
  3060  2259 1364071.48   19 1127 2369251.52 1363924.12  42.4%   724 1381s
  3092  2280 1363972.75   20 1123 2369251.52 1363967.69  42.4%   771 1396s
  3124  2301 1364160.87   21 1222 2369251.52 1363971.55  42.4%   787 1446s
  3156  2323 1364049.46   22 1210 2369251.52 1364000.90  42.4%   855 1515s
  3188  2344 1364048.60   23 1213 2369251.52 1364030.93  42.4%   875 1554s
H 3220  2255                    2368934.9529 1364052.49  42.4%   901 1604s
  3253  2403 1364251.97   25 1253 2368934.95 1364111.92  42.4%   930 1632s
  3412  2382 1364332.45   26 1205 2368934.95 1364168.73  42.4%   965 1667s
  3444  2534 1364286.14   27 1315 2368934.95 1364283.19  42.4%   985 1759s
H 3445  2428                    2361914.6674 1364283.19  42.2%   985 1759s
  3606  2437 1364323.43   28 1272 2361914.67 1364323.43  42.2%  1014 1861s
H 3627  2330                    2361721.6096 1364323.43  42.2%  1033 1861s
  3668  2954 1364865.24   29 1344 2361721.61 1364331.34  42.2%  1068 1919s
  4128  2801 1364655.77   29 1293 2361721.61 1364381.18  42.2%  1048 1920s
  4308  2773 1364420.76   24 1227 2361721.61 1364390.54  42.2%  1047 1990s
  4340  2813 1364438.98   28 1235 2361721.61 1364402.91  42.2%  1094 2048s
H 4343  2717                    2361162.5734 1364403.85  42.2%  1096 2048s
  4391  3617 1364553.05   27 1237 2361162.57 1364411.10  42.2%  1123 2105s
  5313  3748 1364419.19   33 1208 2361162.57 1364419.19  42.2%  1064 2147s
  5751  3634 1364549.80   34 1240 2361162.57 1364424.83  42.2%  1056 2213s
  5783  3655 1364972.38   30 1184 2361162.57 1364435.25  42.2%  1069 2297s
  5815  3769 1364573.33   30 1100 2361162.57 1364438.26  42.2%  1088 2379s
  5940  4137 1364981.48   31 1205 2361162.57 1364446.96  42.2%  1099 2468s
  6349  4068 1364526.19   32 1059 2361162.57 1364458.08  42.2%  1098 2573s
  6417  4204 1364608.42   28 1290 2361162.57 1364463.18  42.2%  1112 2667s
H 6548  4070                    2355841.4164 1364464.83  42.1%  1116 2667s
  6575  4378 1364468.24   32 1174 2355841.42 1364465.57  42.1%  1122 2778s
H 6621  4278                    2355692.6010 1364470.53  42.1%  1127 2778s
H 6857  4117                    2355427.1464 1364470.53  42.1%  1115 2778s
  6895  5825 1364544.38   33 1153 2355427.15 1364477.07  42.1%  1126 2849s
  7548  5608 1364570.97   33 1161 2355427.15 1364485.00  42.1%  1082 2850s
  8628  5609 1364607.34   30 1194 2355427.15 1364494.58  42.1%  1017 2996s
  8660  5847 1364533.24   32 1113 2355427.15 1364509.20  42.1%  1032 3098s
  8899  5972 1364570.15   28 1267 2355427.15 1364520.21  42.1%  1045 3197s
  9024  7000 1364609.38   29 1183 2355427.15 1364530.74  42.1%  1056 3277s
 10062  7184 1364660.45   27 1190 2355427.15 1364541.49  42.1%  1012 3411s
 10246  7988 1364792.02   33 1148 2355427.15 1364549.45  42.1%  1016 3494s
 11057  8052 1376659.16   32 1200 2355427.15 1364554.54  42.1%  1006 3633s
 11121  8617 1365244.96   26 1328 2355427.15 1364560.62  42.1%  1027 3739s
 11693  8734 1364796.51   30 1197 2355427.15 1364564.91  42.1%  1037 3855s
H11784  8734                    2355427.1461 1364567.60  42.1%  1047 3855s
H11802  8734                    2350995.5912 1364569.13  42.0%  1052 3855s
 11810  9673 1365183.25   31 1187 2350995.59 1364570.75  42.0%  1056 3936s
H12771  9792                    2350966.3400 1364577.56  42.0%  1084 4107s
H12789  9792                    2350794.4893 1364580.54  42.0%  1089 4107s
H12863  9792                    2350695.4341 1364582.11  41.9%  1090 4107s
 12890 10915 1369993.07   24 1335 2350695.43 1364584.01  41.9%  1099 4192s
 14019 10969 1364768.45   24 1359 2350695.43 1364588.58  41.9%  1101 4340s
 14073 11430 1365243.87   31 1303 2350695.43 1364592.82  41.9%  1120 4438s
H14228 11430                    2350672.1661 1364593.36  41.9%  1116 4438s
H14511 11430                    2350454.4442 1364597.27  41.9%  1135 4439s
 14540 11546 1365261.31   31 1257 2350454.44 1364598.53  41.9%  1139 4569s
 14659 12218 1364885.17   28 1073 2350454.44 1364603.92  41.9%  1154 4692s
H15085 12218                    2350213.1219 1364607.19  41.9%  1151 4693s
 15341 12289 1364797.27   32 1185 2350213.12 1364609.99  41.9%  1149 4856s
 15413 12650 1364771.51   29 1267 2350213.12 1364619.11  41.9%  1164 4984s
 15718 12650 1364712.88   26 1156 2350213.12 1364624.08  41.9%  1173 4985s
 15777 13561 1364907.99   33 1181 2350213.12 1364625.14  41.9%  1174 5135s
 16697 13595 1365237.09   31 1311 2350213.12 1364630.54  41.9%  1158 5312s
 16731 13872 1364883.74   27 1246 2350213.12 1364638.22  41.9%  1172 5458s
 17011 15023 1364918.96   30 1074 2350213.12 1364642.68  41.9%  1183 5626s
 18188 15104 1364678.59   32 1170 2350213.12 1364650.44  41.9%  1156 5889s
 18218 15104 1364852.71   28 1226 2350213.12 1364655.63  41.9%  1166 5890s
 18269 15812 1370069.54   28 1332 2350213.12 1364656.59  41.9%  1167 6058s
H18545 15812                    2350213.1215 1364658.69  41.9%  1167 6058s
 18984 18887 1364842.35   32 1167 2350213.12 1364661.72  41.9%  1161 6205s
 22107 20655 1364908.06   32 1158 2350213.12 1364668.28  41.9%  1087 6340s
 23908 21797 1364868.06   38 1194 2350213.12 1364673.58  41.9%  1072 6453s
 25080 22016 1364844.64   28 1151 2350213.12 1364676.69  41.9%  1075 6755s
 25306 23013 1364861.51   30 1206 2350213.12 1364679.14  41.9%  1082 6859s
 26321 23139 1364815.07   31 1169 2350213.12 1364684.26  41.9%  1076 7111s
 26449 24178 1365040.83   27 1230 2350213.12 1364690.49  41.9%  1092 7215s
 27503 24297 1364962.11   36 1225 2350213.12 1364695.19  41.9%  1093 7445s
 27624 24985 1364945.78   34 1213 2350213.12 1364700.90  41.9%  1099 7640s
 28318 25264 1365481.76   30 1275 2350213.12 1364704.91  41.9%  1107 7931s
 28597 25818 1364956.14   33 1195 2350213.12 1364708.55  41.9%  1112 8245s
 29164 27150 1364741.81   33 1214 2350213.12 1364712.49  41.9%  1123 8745s
H29175 26626                    1571434.5938 1364712.87  13.2%  1124 8745s
 30559 29375 1365028.71   34 1317 1571434.59 1364717.66  13.2%  1136 9228s
H32024 29369                    1570724.4668 1364720.25  13.1%  1135 9228s
 33558 29539 1366383.61   33 1099 1570724.47 1364721.32  13.1%  1128 10413s
H33594 25438                    1402925.7457 1364722.19  2.72%  1129 10414s
H33644 25421                    1400359.3549 1364725.23  2.54%  1139 10414s
 33733 27694 1367402.41   31 1218 1400359.35 1364726.95  2.54%  1143 10683s
 36303 29760 1369053.49   31 1075 1400359.35 1364731.05  2.54%  1138 11211s
 38631 30072 1368915.67   29 1193 1400359.35 1364739.07  2.54%  1136 12474s
H38653 30072                    1400359.3547 1364739.07  2.54%  1136 12474s
H38793 30072                    1400359.3521 1364741.55  2.54%  1138 12474s
H38794 29953                    1392637.0411 1364741.69  2.00%  1139 12474s
 38952 31464 1368962.11   37 1187 1392637.04 1364744.09  2.00%  1156 12866s
 40604 33726 1369244.97   38 1106 1392637.04 1364747.44  2.00%  1169 13119s
H42016 33726                    1392637.0384 1364750.69  2.00%  1172 13119s
 43024 34893 1369482.93   27 1112 1392637.04 1364754.26  2.00%  1173 13891s
H43814 34893                    1392637.0343 1364759.20  2.00%  1183 13892s
 44300 36683 1368989.44   29 1206 1392637.03 1364760.26  2.00%  1185 14067s
H45485 36683                    1392637.0341 1364763.74  2.00%  1192 14067s
 46307 37586 1369527.46   22 1130 1392637.03 1364767.40  2.00%  1201 15231s
H46806 37576                    1392437.5999 1364769.54  1.99%  1205 15231s
 47297 38745 1368966.57   39 1032 1392437.60 1364771.29  1.99%  1211 15816s
H47726 38745                    1392437.5942 1364772.99  1.99%  1213 15816s
H47751 38740                    1392238.5102 1364773.02  1.97%  1214 15816s
H48155 38740                    1392225.2375 1364774.89  1.97%  1214 15816s
 48575 40157 1368913.59   29 1161 1392225.24 1364776.86  1.97%  1220 16905s
 50096 42912 1368954.52   29 1221 1392225.24 1364784.50  1.97%  1230 17181s
H52010 42912                    1392225.2370 1364788.97  1.97%  1237 17181s
 53126 43788 1368986.26   33 1102 1392225.24 1364796.58  1.97%  1237 18650s
H53127 43788                    1392225.2364 1364796.58  1.97%  1237 18650s
H53271 43788                    1392225.2304 1364798.46  1.97%  1239 18650s
H53865 43788                    1392225.2299 1364801.84  1.97%  1245 18651s
 54055 45464 1368972.01   33 1120 1392225.23 1364802.58  1.97%  1250 19373s
H54344 45463                    1392061.5405 1364803.19  1.96%  1250 19373s
 55851 45729 1368950.46   35 1254 1392061.54 1364809.02  1.96%  1258 20996s
H55873 45729                    1392061.5324 1364812.47  1.96%  1260 20996s
 56129 49017 1369033.23   32 1237 1392061.53 1364815.16  1.96%  1273 21372s
 59628 49067 1369841.95   34 1019 1392061.53 1364821.87  1.96%  1279 22964s
 59692 59570 1369130.62   35  951 1392061.53 1364830.48  1.96%  1295 23866s
H68922 59570                    1392061.5277 1364832.42  1.96%  1289 23868s
 71052 60291 1369007.72   48 1020 1392061.53 1364858.55  1.95%  1288 26137s
H71324 60290                    1391981.9042 1364862.16  1.95%  1289 26137s
 71818 63137 1369342.76   30 1182 1391981.90 1364865.45  1.95%  1295 26492s
H73314 63137                    1391981.8970 1364868.42  1.95%  1300 26492s
 74910 63395 1368972.61   36 1165 1391981.90 1364874.62  1.95%  1303 27832s
H75035 63395                    1391981.8965 1364878.56  1.95%  1307 27832s

Cutting planes:
  Gomory: 19
  Lift-and-project: 106
  Cover: 206
  Implied bound: 1226
  Clique: 1
  MIR: 3616
  Mixing: 69
  Flow cover: 2762
  GUB cover: 1290
  Inf proof: 1
  Zero half: 4259
  RLT: 35
  Relax-and-lift: 79
  BQP: 4

Explored 75187 nodes (99349790 simplex iterations) in 27834.64 seconds (9382.69 work units)
Thread count was 32 (of 32 available processors)

Solution count 10: 1.39198e+06 1.39198e+06 1.39198e+06 ... 1.39223e+06

Solve interrupted
Best objective 1.391981896541e+06, best bound 1.364880132367e+06, gap 1.9470%
