
Gurobi 12.0.0 (win64) logging started Mon Sep  7 03:45:15 2026

Set parameter LogFile to value "C:\Users\TECNO-MASTER\Desktop\Elmo_infrastructure_sizing_NP-\output\DCH_septiembre\Bateria_353\Costo_variable\Ventana_restringida\Carga_on_board_variable_3estaciones_P640kW_Descomp/station_2_d244_stage1\gurobi.log"
Set parameter Threads to value 1
Set parameter Heuristics to value 0.5
Set parameter MIPFocus to value 3
Set parameter Presolve to value 2
Set parameter FlowCoverCuts to value 2
Set parameter TimeLimit to value 1200
Gurobi Optimizer version 12.0.0 build v12.0.0rc1 (win64 - Windows 11+.0 (26200.2))

CPU model: Intel(R) Core(TM) i9-14900K, instruction set [SSE2|AVX|AVX2]
Thread count: 24 physical cores, 32 logical processors, using up to 1 threads

Non-default parameters:
TimeLimit  1200
MIPGap  0.05
Heuristics  0.5
MIPFocus  3
FlowCoverCuts  2
Presolve  2
Threads  1

Optimize a model with 24316 rows, 39247 columns and 117254 nonzeros
Model fingerprint: 0x75107a94
Variable types: 18325 continuous, 20922 integer (20921 binary)
Coefficient statistics:
  Matrix range     [1e-01, 6e+02]
  Objective range  [8e-03, 1e+05]
  Bounds range     [1e+00, 1e+00]
  RHS range        [1e+00, 1e+04]
Presolve removed 23088 rows and 29960 columns
Presolve time: 0.22s
Presolved: 1228 rows, 9287 columns, 28152 nonzeros
Variable types: 233 continuous, 9054 integer (9053 binary)
Root relaxation presolved: 1228 rows, 9287 columns, 28152 nonzeros


Use crossover to convert LP symmetric solution to basic solution...

Root relaxation: objective 1.469606e+05, 3129 iterations, 0.07 seconds (0.05 work units)

    Nodes    |    Current Node    |     Objective Bounds      |     Work
 Expl Unexpl |  Obj  Depth IntInf | Incumbent    BestBd   Gap | It/Node Time

     0     0 146960.637    0  120          - 146960.637      -     -    0s
H    0     0                    278968.37218 146960.637  47.3%     -    0s
H    0     0                    268975.05878 146960.637  45.4%     -    0s
H    0     0                    268134.31091 146960.637  45.2%     -    1s
     0     0 158613.170    0  137 268134.311 158613.170  40.8%     -    1s
H    0     0                    225829.10818 159053.276  29.6%     -    1s
H    0     0                    225432.93585 159053.276  29.4%     -    1s
H    0     0                    207627.07278 159053.276  23.4%     -    1s
H    0     0                    202549.97102 159053.276  21.5%     -    1s
H    0     0                    200129.87425 159053.276  20.5%     -    1s
H    0     0                    198259.71346 159053.276  19.8%     -    1s
H    0     0                    179514.69909 159053.276  11.4%     -    2s
H    0     0                    178958.46326 159053.276  11.1%     -    2s
     0     0 159053.276    0  146 178958.463 159053.276  11.1%     -    2s
     0     0 163869.170    0   92 178958.463 163869.170  8.43%     -    2s
     0     0 163869.170    0  111 178958.463 163869.170  8.43%     -    3s
H    0     0                    176365.50654 163869.170  7.09%     -    3s
H    0     0                    176364.87577 163869.170  7.09%     -    3s
     0     0 163869.170    0  116 176364.876 163869.170  7.09%     -    3s
     0     0 163869.170    0   98 176364.876 163869.170  7.09%     -    4s
     0     0 163869.170    0   88 176364.876 163869.170  7.09%     -    4s
     0     0 163869.170    0   93 176364.876 163869.170  7.09%     -    4s
H    0     0                    172973.43736 163869.170  5.26%     -    4s
H    0     0                    170469.81535 163869.170  3.87%     -    4s

Cutting planes:
  Gomory: 1
  Implied bound: 1
  Clique: 39
  BQP: 41
  PSD: 1

Explored 1 nodes (13194 simplex iterations) in 4.77 seconds (4.50 work units)
Thread count was 1 (of 32 available processors)

Solution count 10: 170470 172973 176365 ... 207627

Optimal solution found (tolerance 5.00e-02)
Best objective 1.704698153544e+05, best bound 1.638691704094e+05, gap 3.8720%
