
Gurobi 12.0.3 (win64) logging started Mon Sep  7 19:23:58 2026

Set parameter LogFile to value "C:\Users\TECNO-MASTER\Desktop\Elmo_infrastructure_sizing_NP-\output\DCH_septiembre\Bateria_353\Costo_variable\Carga_libre\Carga_on_board_variable_3estaciones_P160kW_Descomp/station_2_d152_stage1\gurobi.log"
Set parameter Threads to value 1
Set parameter Heuristics to value 0.5
Set parameter MIPFocus to value 3
Set parameter Presolve to value 2
Set parameter FlowCoverCuts to value 2
Set parameter TimeLimit to value 1200
Gurobi Optimizer version 12.0.3 build v12.0.3rc0 (win64 - Windows 11+.0 (26200.2))

CPU model: Intel(R) Core(TM) i9-14900K, instruction set [SSE2|AVX|AVX2]
Thread count: 24 physical cores, 32 logical processors, using up to 1 threads

Non-default parameters:
TimeLimit  1200
MIPGap  0.05
Heuristics  0.5
MIPFocus  3
FlowCoverCuts  2
Presolve  2
Threads  1

Optimize a model with 23772 rows, 39247 columns and 116710 nonzeros
Model fingerprint: 0xadfa1e30
Variable types: 18325 continuous, 20922 integer (20921 binary)
Coefficient statistics:
  Matrix range     [1e-01, 2e+02]
  Objective range  [1e-02, 6e+04]
  Bounds range     [1e+00, 1e+00]
  RHS range        [1e+00, 1e+04]
Presolve removed 20947 rows and 28432 columns
Presolve time: 0.29s
Presolved: 2825 rows, 10815 columns, 33077 nonzeros
Variable types: 841 continuous, 9974 integer (9973 binary)
Root relaxation presolved: 2825 rows, 10815 columns, 33077 nonzeros


Root relaxation: objective 1.422445e+05, 6133 iterations, 0.87 seconds (0.91 work units)

    Nodes    |    Current Node    |     Objective Bounds      |     Work
 Expl Unexpl |  Obj  Depth IntInf | Incumbent    BestBd   Gap | It/Node Time

     0     0 142244.518    0  471          - 142244.518      -     -    2s
     0     0 151238.801    0  397          - 151238.801      -     -    2s
     0     0 154706.566    0  263          - 154706.566      -     -    4s
     0     0 156305.106    0  232          - 156305.106      -     -    5s
     0     0 156305.106    0  218          - 156305.106      -     -    6s
     0     0 156305.106    0  218          - 156305.106      -     -    7s
H    0     0                    167759.60724 156305.106  6.83%     -    7s
H    0     0                    167601.44884 156305.106  6.74%     -    7s
H    0     0                    167473.98971 156305.106  6.67%     -    8s
H    0     0                    167319.37922 156305.106  6.58%     -    8s
H    0     0                    167163.53587 156305.106  6.50%     -    8s
     0     2 156398.026    0  214 167163.536 156398.026  6.44%     -    9s

Cutting planes:
  Gomory: 12
  Cover: 31
  Implied bound: 1
  Clique: 6
  Mixing: 1
  Flow cover: 6
  Zero half: 96
  RLT: 1
  Relax-and-lift: 24

Explored 2 nodes (31398 simplex iterations) in 9.40 seconds (8.58 work units)
Thread count was 1 (of 32 available processors)

Solution count 5: 167164 167319 167474 ... 167760

Optimal solution found (tolerance 5.00e-02)
Best objective 1.671635358730e+05, best bound 1.596614278193e+05, gap 4.4879%
