
Gurobi 12.0.0 (win64) logging started Mon Sep  7 03:57:14 2026

Set parameter LogFile to value "C:\Users\TECNO-MASTER\Desktop\Elmo_infrastructure_sizing_NP-\output\DCH_septiembre\Bateria_482\Costo_variable\Carga_libre\Carga_on_board_variable_3estaciones_P160kW_Descomp/station_1_d244\gurobi.log"
Set parameter Threads to value 1
Set parameter Heuristics to value 0.5
Set parameter MIPFocus to value 3
Set parameter Presolve to value 2
Set parameter FlowCoverCuts to value 2
Set parameter TimeLimit to value 1200
Gurobi Optimizer version 12.0.0 build v12.0.0rc1 (win64 - Windows 11+.0 (26200.2))

CPU model: Intel(R) Core(TM) i9-14900K, instruction set [SSE2|AVX|AVX2]
Thread count: 24 physical cores, 32 logical processors, using up to 1 threads

Non-default parameters:
TimeLimit  1200
MIPGap  0.05
Heuristics  0.5
MIPFocus  3
FlowCoverCuts  2
Presolve  2
Threads  1

Optimize a model with 22770 rows, 37249 columns and 109784 nonzeros
Model fingerprint: 0x20990a6c
Variable types: 17323 continuous, 19926 integer (19925 binary)
Coefficient statistics:
  Matrix range     [1e-01, 2e+02]
  Objective range  [8e-03, 1e+02]
  Bounds range     [1e+00, 2e+00]
  RHS range        [1e+00, 1e+04]
Presolve removed 20416 rows and 26952 columns
Presolve time: 0.18s
Presolved: 2354 rows, 10297 columns, 30484 nonzeros
Variable types: 841 continuous, 9456 integer (9456 binary)
Root relaxation presolved: 2354 rows, 10297 columns, 30484 nonzeros


Root relaxation: objective 1.556001e+05, 4177 iterations, 0.21 seconds (0.20 work units)

    Nodes    |    Current Node    |     Objective Bounds      |     Work
 Expl Unexpl |  Obj  Depth IntInf | Incumbent    BestBd   Gap | It/Node Time

     0     0 155600.150    0  159          - 155600.150      -     -    1s
     0     0 155604.832    0  194          - 155604.832      -     -    2s
     0     0 155604.832    0  194          - 155604.832      -     -    2s
     0     0 155604.832    0  130          - 155604.832      -     -    4s
     0     0 155604.832    0  120          - 155604.832      -     -    4s
     0     0 155604.832    0  162          - 155604.832      -     -    5s
     0     0 155604.832    0  172          - 155604.832      -     -    5s
     0     0 155604.832    0  160          - 155604.832      -     -    6s
     0     0 155604.832    0  175          - 155604.832      -     -    6s
     0     0 155604.832    0  143          - 155604.832      -     -    6s
     0     0 155604.832    0  143          - 155604.832      -     -    7s
H    0     0                    191775.70041 155604.832  18.9%     -    7s
H    0     0                    155639.92722 155604.832  0.02%     -    7s

Cutting planes:
  Gomory: 6
  Cover: 13
  Clique: 2
  MIR: 2
  Flow cover: 3
  Zero half: 12
  RLT: 3
  Relax-and-lift: 15
  PSD: 7

Explored 1 nodes (33239 simplex iterations) in 7.32 seconds (8.00 work units)
Thread count was 1 (of 32 available processors)

Solution count 2: 155640 191776 

Optimal solution found (tolerance 5.00e-02)
Best objective 1.556399272236e+05, best bound 1.556048316622e+05, gap 0.0225%
