
Gurobi 12.0.0 (win64) logging started Mon Sep  7 03:44:00 2026

Set parameter LogFile to value "C:\Users\TECNO-MASTER\Desktop\Elmo_infrastructure_sizing_NP-\output\DCH_septiembre\Bateria_353\Costo_variable\Carga_libre\Carga_on_board_variable_3estaciones_P320kW_Descomp/station_2_d182_stage1\gurobi.log"
Set parameter Threads to value 1
Set parameter Heuristics to value 0.5
Set parameter MIPFocus to value 3
Set parameter Presolve to value 2
Set parameter FlowCoverCuts to value 2
Set parameter TimeLimit to value 1200
Gurobi Optimizer version 12.0.0 build v12.0.0rc1 (win64 - Windows 11+.0 (26200.2))

CPU model: Intel(R) Core(TM) i9-14900K, instruction set [SSE2|AVX|AVX2]
Thread count: 24 physical cores, 32 logical processors, using up to 1 threads

Non-default parameters:
TimeLimit  1200
MIPGap  0.05
Heuristics  0.5
MIPFocus  3
FlowCoverCuts  2
Presolve  2
Threads  1

Optimize a model with 23772 rows, 39247 columns and 116710 nonzeros
Model fingerprint: 0xa9c7b837
Variable types: 18325 continuous, 20922 integer (20921 binary)
Coefficient statistics:
  Matrix range     [1e-01, 3e+02]
  Objective range  [1e-02, 8e+04]
  Bounds range     [1e+00, 1e+00]
  RHS range        [1e+00, 1e+04]
Presolve removed 20947 rows and 28432 columns
Presolve time: 0.27s
Presolved: 2825 rows, 10815 columns, 33077 nonzeros
Variable types: 841 continuous, 9974 integer (9973 binary)
Root relaxation presolved: 2825 rows, 10815 columns, 33077 nonzeros


Root relaxation: objective 6.942247e+04, 4406 iterations, 0.59 seconds (0.64 work units)

    Nodes    |    Current Node    |     Objective Bounds      |     Work
 Expl Unexpl |  Obj  Depth IntInf | Incumbent    BestBd   Gap | It/Node Time

     0     0 69422.4748    0  403          - 69422.4748      -     -    1s
     0     0 114953.812    0   92          - 114953.812      -     -    5s
H    0     0                    133875.54833 114953.812  14.1%     -    5s
H    0     0                    133823.70322 114953.812  14.1%     -    5s
H    0     0                    132167.31634 114953.812  13.0%     -    5s
H    0     0                    132166.78424 114953.812  13.0%     -    5s
H    0     0                    123074.43921 114953.812  6.60%     -    5s
H    0     0                    123060.94608 114953.812  6.59%     -    5s
     0     0 114953.812    0   98 123060.946 114953.812  6.59%     -    5s
     0     0 114953.812    0   96 123060.946 114953.812  6.59%     -    6s
H    0     0                    118349.79447 114953.812  2.87%     -    6s

Cutting planes:
  Gomory: 12
  Cover: 2
  Implied bound: 5
  Clique: 3
  MIR: 1
  Mixing: 2
  Flow cover: 6
  Relax-and-lift: 8

Explored 1 nodes (37154 simplex iterations) in 6.78 seconds (7.36 work units)
Thread count was 1 (of 32 available processors)

Solution count 7: 118350 123061 123074 ... 133876

Optimal solution found (tolerance 5.00e-02)
Best objective 1.183497944695e+05, best bound 1.149538120820e+05, gap 2.8694%
