
Gurobi 12.0.3 (win64) logging started Wed Jul 29 21:33:59 2026

Set parameter LogFile to value "output/Taller_DET_Agosto/carga_ob_160_7lhd\station_1_d91\gurobi.log"
Set parameter Threads to value 2
Set parameter Heuristics to value 0.5
Set parameter MIPFocus to value 3
Set parameter Presolve to value 2
Set parameter FlowCoverCuts to value 2
Set parameter TimeLimit to value 172800
Gurobi Optimizer version 12.0.3 build v12.0.3rc0 (win64 - Windows 11+.0 (26200.2))

CPU model: Intel(R) Core(TM) i9-14900K, instruction set [SSE2|AVX|AVX2]
Thread count: 24 physical cores, 32 logical processors, using up to 2 threads

Non-default parameters:
TimeLimit  172800
MIPGap  0.01
Heuristics  0.5
MIPFocus  3
FlowCoverCuts  2
Presolve  2
Threads  2

Optimize a model with 50318 rows, 86080 columns and 256121 nonzeros
Model fingerprint: 0x7b0976da
Variable types: 40718 continuous, 45362 integer (45361 binary)
Coefficient statistics:
  Matrix range     [1e-01, 2e+02]
  Objective range  [4e-01, 7e+04]
  Bounds range     [1e+00, 3e+00]
  RHS range        [1e+00, 3e+04]
Presolve removed 47888 rows and 64108 columns
Presolve time: 0.19s
Presolved: 2430 rows, 21972 columns, 69953 nonzeros
Variable types: 463 continuous, 21509 integer (21337 binary)
Root relaxation presolved: 2430 rows, 21972 columns, 69953 nonzeros


Root relaxation: infeasible, 2825 iterations, 0.05 seconds (0.12 work units)

    Nodes    |    Current Node    |     Objective Bounds      |     Work
 Expl Unexpl |  Obj  Depth IntInf | Incumbent    BestBd   Gap | It/Node Time

     0     0 infeasible    0               - infeasible      -     -    0s

Explored 1 nodes (2825 simplex iterations) in 0.29 seconds (0.64 work units)
Thread count was 2 (of 32 available processors)

Solution count 0

Model is infeasible
Best objective -, best bound -, gap -
