
Gurobi 12.0.3 (win64) logging started Tue Jul  7 01:04:36 2026

Set parameter LogFile to value "output/DCH_taller_julio/Costo_variable/Ventana_restringida/Carga_on_board_640kW_Descomp_ventana_carga/station_1_d182\gurobi.log"
Set parameter Threads to value 5
Set parameter Heuristics to value 0.5
Set parameter MIPFocus to value 3
Set parameter Presolve to value 2
Set parameter FlowCoverCuts to value 2
Set parameter TimeLimit to value 172800
Gurobi Optimizer version 12.0.3 build v12.0.3rc0 (win64 - Windows 11+.0 (26200.2))

CPU model: Intel(R) Core(TM) i9-14900K, instruction set [SSE2|AVX|AVX2]
Thread count: 24 physical cores, 32 logical processors, using up to 5 threads

Non-default parameters:
TimeLimit  172800
MIPGap  0.01
Heuristics  0.5
MIPFocus  3
FlowCoverCuts  2
Presolve  2
Threads  5

Optimize a model with 23329 rows, 35809 columns and 110436 nonzeros
Model fingerprint: 0x134dc321
Variable types: 17323 continuous, 18486 integer (18485 binary)
Coefficient statistics:
  Matrix range     [1e-01, 6e+02]
  Objective range  [1e-02, 1e+02]
  Bounds range     [1e+00, 1e+00]
  RHS range        [1e+00, 1e+04]
Presolve removed 22241 rows and 27286 columns
Presolve time: 0.09s
Presolved: 1088 rows, 8523 columns, 25613 nonzeros
Variable types: 245 continuous, 8278 integer (8278 binary)
Root relaxation presolved: 1088 rows, 8523 columns, 25613 nonzeros


Use crossover to convert LP symmetric solution to basic solution...

Root relaxation: objective 3.515924e+05, 3180 iterations, 0.04 seconds (0.04 work units)

    Nodes    |    Current Node    |     Objective Bounds      |     Work
 Expl Unexpl |  Obj  Depth IntInf | Incumbent    BestBd   Gap | It/Node Time

     0     0 351592.365    0   76          - 351592.365      -     -    0s
     0     0 354630.589    0   58          - 354630.589      -     -    0s
     0     0 354630.589    0   52          - 354630.589      -     -    0s
H    0     0                    371001.63929 354630.589  4.41%     -    1s
H    0     0                    369542.86876 354630.589  4.04%     -    1s
H    0     0                    369514.37281 354630.589  4.03%     -    1s
H    0     0                    364025.68208 354630.589  2.58%     -    1s
     0     0 354630.589    0   42 364025.682 354630.589  2.58%     -    1s
H    0     0                    363940.32597 354630.589  2.56%     -    1s
H    0     0                    363912.11712 354630.589  2.55%     -    1s
H    0     0                    361164.29739 354630.589  1.81%     -    1s
H    0     0                    359733.35341 354630.589  1.42%     -    1s
H    0     0                    359626.01989 354630.589  1.39%     -    1s
H    0     0                    359276.10470 354630.589  1.29%     -    1s
     0     0 354630.589    0   44 359276.105 354630.589  1.29%     -    1s
     0     0 354630.589    0   59 359276.105 354630.589  1.29%     -    1s
H    0     0                    358163.21474 354630.589  0.99%     -    2s

Cutting planes:
  Lift-and-project: 2
  Cover: 5
  Implied bound: 4
  Projected implied bound: 1
  Clique: 2
  MIR: 5
  Mixing: 1
  Flow cover: 8
  Zero half: 5
  RLT: 7
  Relax-and-lift: 9
  BQP: 1
  PSD: 2

Explored 1 nodes (10817 simplex iterations) in 2.18 seconds (1.97 work units)
Thread count was 5 (of 32 available processors)

Solution count 10: 358163 359276 359626 ... 369543

Optimal solution found (tolerance 1.00e-02)
Best objective 3.581632147354e+05, best bound 3.546305888954e+05, gap 0.9863%
