
Gurobi 10.0.0 (win64) logging started Tue Mar 24 16:32:36 2026

Set parameter LogFile to value "output/Escenarios_DCH/COB_VARIABLE_prueba_sin_costo\gurobi.log"
Set parameter Threads to value 24
Set parameter Heuristics to value 0.5
Set parameter MIPFocus to value 3
Set parameter Presolve to value 2
Set parameter FlowCoverCuts to value 2
Set parameter TimeLimit to value 172800
Gurobi Optimizer version 10.0.0 build v10.0.0rc2 (win64)

CPU model: Intel(R) Core(TM) i9-14900K, instruction set [SSE2|AVX|AVX2]
Thread count: 24 physical cores, 32 logical processors, using up to 24 threads

Optimize a model with 275043 rows, 895254 columns and 2912262 nonzeros
Model fingerprint: 0xfaa95a46
Variable types: 114192 continuous, 781062 integer (781059 binary)
Coefficient statistics:
  Matrix range     [1e-01, 1e+02]
  Objective range  [3e-03, 3e+05]
  Bounds range     [1e+00, 1e+00]
  RHS range        [1e+00, 1e+18]
Warning: Model contains large rhs
         Consider reformulating model or setting NumericFocus parameter
         to avoid numerical issues.
Found heuristic solution: objective 9.739107e+10
Presolve removed 226587 rows and 561459 columns (presolve time = 246s) ...
Presolve removed 226587 rows and 561459 columns
Presolve time: 246.21s
Presolved: 48456 rows, 333795 columns, 935496 nonzeros
Variable types: 46656 continuous, 287139 integer (287136 binary)
Root relaxation presolve removed 17568 rows and 17568 columns
Root relaxation presolved: 30888 rows, 316227 columns, 900360 nonzeros

Deterministic concurrent LP optimizer: primal simplex, dual simplex, and barrier
Showing barrier log only...

Root barrier log...

Ordering time: 0.01s

Barrier statistics:
 Dense cols : 3
 AA' NZ     : 5.954e+05
 Factor NZ  : 2.303e+06 (roughly 160 MB of memory)
 Factor Ops : 2.137e+08 (less than 1 second per iteration)
 Threads    : 22

                  Objective                Residual
Iter       Primal          Dual         Primal    Dual     Compl     Time
   0   1.20538157e+11 -1.30689432e+12  6.21e+01 7.46e+04  7.98e+06   247s
   1   6.55300473e+10 -5.54713334e+11  3.01e+01 6.31e+05  3.36e+06   247s
   2   5.93560111e+10 -2.82997017e+11  2.64e+01 1.45e+05  2.48e+06   247s
   3   1.77761736e+10 -1.24332570e+11  6.28e+00 3.05e-05  5.99e+05   247s
   4   5.28574288e+09 -5.88715339e+10  1.46e+00 1.24e-04  1.48e+05   247s
   5   8.55772884e+08 -2.31497743e+10  1.11e-01 5.58e-05  3.84e+04   247s
   6   5.37212812e+08 -4.00096470e+09  4.69e-02 1.44e-05  7.09e+03   247s
   7   3.61760946e+08 -9.41764325e+08  2.24e-03 5.04e-06  2.00e+03   247s
   8   3.31023501e+08 -3.29885198e+08  1.41e-03 2.20e-06  1.02e+03   247s
   9   2.99083383e+08  1.58319179e+08  8.14e-04 3.35e-07  2.16e+02   247s
  10   2.73010259e+08  2.20614252e+08  4.21e-04 1.56e-07  8.05e+01   247s
  11   2.64440344e+08  2.29354373e+08  3.09e-04 1.05e-09  5.39e+01   247s
  12   2.55821384e+08  2.32927141e+08  2.00e-04 5.22e-08  3.52e+01   248s
  13   2.53614751e+08  2.36484657e+08  1.71e-04 1.27e-07  2.63e+01   248s
  14   2.51771219e+08  2.38196239e+08  1.43e-04 2.24e-08  2.08e+01   248s
  15   2.50655163e+08  2.38010614e+08  1.28e-04 5.22e-08  1.94e+01   248s
  16   2.48478963e+08  2.39000188e+08  9.89e-05 8.94e-08  1.46e+01   248s
  17   2.47075685e+08  2.40062158e+08  8.15e-05 1.27e-07  1.08e+01   248s
  18   2.45244233e+08  2.40477769e+08  5.90e-05 2.38e-07  7.32e+00   248s
  19   2.44501240e+08  2.40703195e+08  4.90e-05 8.94e-08  5.83e+00   248s
  20   2.43744332e+08  2.40713597e+08  3.87e-05 1.04e-07  4.65e+00   248s
  21   2.43040818e+08  2.40790443e+08  2.91e-05 8.03e-10  3.46e+00   248s
  22   2.42519186e+08  2.40810140e+08  2.21e-05 8.20e-08  2.62e+00   248s
  23   2.41495969e+08  2.40832694e+08  8.20e-06 1.52e-09  1.02e+00   248s
  24   2.41176004e+08  2.40869498e+08  3.89e-06 1.21e-09  4.71e-01   248s
  25   2.41093576e+08  2.40876157e+08  2.79e-06 1.27e-09  3.34e-01   248s
  26   2.41060467e+08  2.40876979e+08  2.34e-06 3.73e-08  2.82e-01   248s
  27   2.41050777e+08  2.40879084e+08  2.21e-06 9.69e-08  2.64e-01   248s
  28   2.41014394e+08  2.40879569e+08  1.72e-06 1.00e-09  2.07e-01   248s
  29   2.40914453e+08  2.40883596e+08  3.71e-07 1.86e-07  4.74e-02   248s
  30   2.40887096e+08  2.40886198e+08  5.90e-09 1.86e-07  1.38e-03   248s
  31   2.40886583e+08  2.40886483e+08  1.19e-10 6.98e-10  1.54e-04   249s
  32   2.40886579e+08  2.40886547e+08  7.82e-11 1.19e-07  4.89e-05   249s
  33   2.40886572e+08  2.40886569e+08  1.75e-11 1.42e-07  4.21e-06   249s
  34   2.40886570e+08  2.40886570e+08  3.70e-10 2.05e-07  2.90e-07   249s
  35   2.40886570e+08  2.40886570e+08  1.67e-10 2.53e-07  3.75e-09   249s

Barrier solved model in 35 iterations and 248.72 seconds (105.72 work units)
Optimal objective 2.40886570e+08

  Building initial crossover basis                               250s

Root crossover log...

    7931 DPushes remaining with DInf 0.0000000e+00               251s
       0 DPushes remaining with DInf 0.0000000e+00               251s

     509 PPushes remaining with PInf 8.4038191e-04               251s
       0 PPushes remaining with PInf 0.0000000e+00               251s

  Push phase complete: Pinf 0.0000000e+00, Dinf 1.0374439e-02    251s


Root simplex log...

Iteration    Objective       Primal Inf.    Dual Inf.      Time
    8443    2.4088657e+08   0.000000e+00   1.037442e-02    251s
    8444    2.4088657e+08   0.000000e+00   0.000000e+00    251s
Concurrent spin time: 0.83s (can be avoided by choosing Method=3)

Solved with barrier
    8444    2.4088657e+08   0.000000e+00   0.000000e+00    252s

Root relaxation: objective 2.408866e+08, 8444 iterations, 5.26 seconds (6.98 work units)
Total elapsed time = 255.98s
Total elapsed time = 260.83s

    Nodes    |    Current Node    |     Objective Bounds      |     Work
 Expl Unexpl |  Obj  Depth IntInf | Incumbent    BestBd   Gap | It/Node Time

     0     0 2.4089e+08    0 7526 9.7391e+10 2.4089e+08   100%     -  265s
H    0     0                    4.966526e+10 2.4089e+08   100%     -  265s
     0     0 2.4089e+08    0 6947 4.9665e+10 2.4089e+08   100%     -  277s
H    0     0                    3.252819e+08 2.4089e+08  25.9%     -  278s
     0     0 2.4286e+08    0 6897 3.2528e+08 2.4286e+08  25.3%     -  280s
     0     0 2.4492e+08    0 6541 3.2528e+08 2.4492e+08  24.7%     -  280s
     0     0 2.4662e+08    0 6338 3.2528e+08 2.4662e+08  24.2%     -  281s
     0     0 2.4718e+08    0 6343 3.2528e+08 2.4718e+08  24.0%     -  281s
     0     0 2.4860e+08    0 5649 3.2528e+08 2.4860e+08  23.6%     -  282s
     0     0 2.4932e+08    0 5675 3.2528e+08 2.4932e+08  23.4%     -  282s
     0     0 2.4942e+08    0 5828 3.2528e+08 2.4942e+08  23.3%     -  283s
     0     0 2.4945e+08    0 6027 3.2528e+08 2.4945e+08  23.3%     -  283s
     0     0 2.4948e+08    0 5584 3.2528e+08 2.4948e+08  23.3%     -  283s
     0     0 2.4952e+08    0 4871 3.2528e+08 2.4952e+08  23.3%     -  283s
     0     0 2.4956e+08    0 3710 3.2528e+08 2.4956e+08  23.3%     -  284s
     0     0 2.4974e+08    0 3412 3.2528e+08 2.4974e+08  23.2%     -  284s
     0     0 2.4974e+08    0 3379 3.2528e+08 2.4974e+08  23.2%     -  284s
     0     0 2.4999e+08    0 1903 3.2528e+08 2.4999e+08  23.1%     -  310s
H    0     0                    3.240479e+08 2.4999e+08  22.9%     -  311s
     0     0 2.5161e+08    0 2832 3.2405e+08 2.5161e+08  22.4%     -  312s
     0     0 2.5253e+08    0 3245 3.2405e+08 2.5253e+08  22.1%     -  313s
     0     0 2.5264e+08    0 3180 3.2405e+08 2.5264e+08  22.0%     -  313s
     0     0 2.5265e+08    0 3185 3.2405e+08 2.5265e+08  22.0%     -  313s
     0     0 2.5333e+08    0 1810 3.2405e+08 2.5333e+08  21.8%     -  340s
     0     0 2.5469e+08    0 2961 3.2405e+08 2.5469e+08  21.4%     -  342s
     0     0 2.5479e+08    0 2947 3.2405e+08 2.5479e+08  21.4%     -  342s
     0     0 2.5479e+08    0 2930 3.2405e+08 2.5479e+08  21.4%     -  342s
     0     0 2.5535e+08    0 1186 3.2405e+08 2.5535e+08  21.2%     -  376s
H    0     0                    3.140451e+08 2.5535e+08  18.7%     -  379s
     0     0 2.5549e+08    0 1797 3.1405e+08 2.5549e+08  18.6%     -  380s
     0     0 2.5549e+08    0 1885 3.1405e+08 2.5549e+08  18.6%     -  380s
     0     0 2.5564e+08    0 1069 3.1405e+08 2.5564e+08  18.6%     -  399s
     0     0 2.5567e+08    0 1502 3.1405e+08 2.5567e+08  18.6%     -  400s
     0     0 2.5567e+08    0 1485 3.1405e+08 2.5567e+08  18.6%     -  401s
     0     0 2.5579e+08    0  832 3.1405e+08 2.5579e+08  18.5%     -  420s
H    0     0                    3.048784e+08 2.5579e+08  16.1%     -  427s
     0     0 2.5581e+08    0 1037 3.0488e+08 2.5581e+08  16.1%     -  427s
     0     0 2.5581e+08    0 1119 3.0488e+08 2.5581e+08  16.1%     -  428s
     0     0 2.5596e+08    0  710 3.0488e+08 2.5596e+08  16.0%     -  445s
     0     0 2.5596e+08    0  983 3.0488e+08 2.5596e+08  16.0%     -  446s
     0     0 2.5610e+08    0  705 3.0488e+08 2.5610e+08  16.0%     -  464s
H    0     0                    2.911450e+08 2.5610e+08  12.0%     -  471s
     0     0 2.5610e+08    0 1009 2.9114e+08 2.5610e+08  12.0%     -  471s
     0     0 2.5620e+08    0  819 2.9114e+08 2.5620e+08  12.0%     -  486s
     0     0 2.5620e+08    0  716 2.9114e+08 2.5620e+08  12.0%     -  493s
H    0     0                    2.816986e+08 2.5620e+08  9.05%     -  511s
H    0     0                    2.774156e+08 2.5620e+08  7.65%     -  672s
H    0     0                    2.759347e+08 2.5620e+08  7.15%     -  681s
H    0     0                    2.759347e+08 2.5620e+08  7.15%     -  684s
H    0     0                    2.748218e+08 2.5620e+08  6.78%     -  692s
H    0     0                    2.747299e+08 2.5620e+08  6.75%     -  694s
H    0     0                    2.747299e+08 2.5620e+08  6.75%     -  697s
H    0     0                    2.744879e+08 2.5620e+08  6.66%     -  706s
H    0     0                    2.741251e+08 2.5620e+08  6.54%     -  714s
H    0     0                    2.741251e+08 2.5620e+08  6.54%     -  715s
H    0     0                    2.728911e+08 2.5620e+08  6.12%     -  719s
H    0     0                    2.728911e+08 2.5620e+08  6.12%     -  725s
H    0     0                    2.717781e+08 2.5620e+08  5.73%     -  734s
H    0     0                    2.716572e+08 2.5620e+08  5.69%     -  739s
H    0     0                    2.715653e+08 2.5620e+08  5.66%     -  741s
H    0     0                    2.705733e+08 2.5620e+08  5.31%     -  747s
H    0     0                    2.705732e+08 2.5620e+08  5.31%     -  751s
H    0     0                    2.704231e+08 2.5620e+08  5.26%     -  756s
H    0     0                    2.690631e+08 2.5620e+08  4.78%     -  759s
H    0     0                    2.689712e+08 2.5620e+08  4.75%     -  766s
H    0     0                    2.688503e+08 2.5620e+08  4.71%     -  774s
H    0     0                    2.684873e+08 2.5620e+08  4.58%     -  777s
H    0     0                    2.682454e+08 2.5620e+08  4.49%     -  783s
H    0     0                    2.671324e+08 2.5620e+08  4.09%     -  790s
H    0     0                    2.661406e+08 2.5620e+08  3.74%     -  799s
H    0     0                    2.656566e+08 2.5620e+08  3.56%     -  805s
H    0     0                    2.654146e+08 2.5620e+08  3.47%     -  809s
H    0     0                    2.654146e+08 2.5620e+08  3.47%     -  812s
H    0     0                    2.652935e+08 2.5620e+08  3.43%     -  819s
H    0     0                    2.650806e+08 2.5620e+08  3.35%     -  831s
H    0     0                    2.638757e+08 2.5620e+08  2.91%     -  843s
H    0     0                    2.637547e+08 2.5620e+08  2.87%     -  850s
H    0     0                    2.636337e+08 2.5620e+08  2.82%     -  853s
H    0     0                    2.633918e+08 2.5620e+08  2.73%     -  860s
H    0     0                    2.630580e+08 2.5620e+08  2.61%     -  865s
H    0     0                    2.629370e+08 2.5620e+08  2.56%     -  874s
H    0     0                    2.618238e+08 2.5620e+08  2.15%     -  880s
    37     4 2.5620e+08    2   83 2.6182e+08 2.5620e+08  2.15% 36690  893s
   115   128 2.5620e+08    8   34 2.6182e+08 2.5620e+08  2.15% 11815  896s
   721   689 2.5620e+08    2   18 2.6182e+08 2.5620e+08  2.15%  1925  907s
   799   830 2.5620e+08    8   19 2.6182e+08 2.5620e+08  2.15%  1739  911s
H 1392  1358                    2.618237e+08 2.5620e+08  2.15%  51.1  912s
  1393  1362 2.5620e+08    2   37 2.6182e+08 2.5620e+08  2.15%  1026  920s
  1471  1486 2.5620e+08    8   21 2.6182e+08 2.5620e+08  2.15%   973  925s
  1570  2161 2.5620e+08   10   49 2.6182e+08 2.5620e+08  2.15%   914  933s
H 2194  2161                    2.618237e+08 2.5620e+08  2.15%  52.7  933s
  2195  2165 2.5620e+08    2   28 2.6182e+08 2.5620e+08  2.15%   671  940s
  2321  2313 2.5620e+08    7   33 2.6182e+08 2.5620e+08  2.15%   635  947s
H 2873  2841                    2.618237e+08 2.5620e+08  2.15%  52.0  948s
  2874  2845 2.5620e+08    2    8 2.6182e+08 2.5620e+08  2.15%   524  955s
  3000  2993 2.5620e+08   10    9 2.6182e+08 2.5620e+08  2.15%   503  963s
H 3552  3521                    2.618236e+08 2.5620e+08  2.15%  51.7  964s
  3553  3525 2.5620e+08    2   26 2.6182e+08 2.5620e+08  2.15%   434  971s
  3679  3673 2.5620e+08   10   11 2.6182e+08 2.5620e+08  2.15%   420  976s
H 4231  4201                    2.618236e+08 2.5620e+08  2.15%  52.7  977s
  4232  4205 2.5620e+08    2   24 2.6182e+08 2.5620e+08  2.15%   373  984s
  4262  4257 2.5620e+08    6   50 2.6182e+08 2.5620e+08  2.15%   371  985s
  4373  4752 2.5620e+08    6   54 2.6182e+08 2.5620e+08  2.15%   362  990s
H 4781  4752                    2.618236e+08 2.5620e+08  2.15%  53.6  990s
  4782  4756 2.5620e+08    2   30 2.6182e+08 2.5620e+08  2.15%   338  996s
  4860  4895 2.5620e+08    8   17 2.6182e+08 2.5620e+08  2.15%   332 1000s
  5123  6548 2.5620e+08   20   15 2.6182e+08 2.5620e+08  2.15%   316 1011s
H 6576  6548                    2.618236e+08 2.5620e+08  2.15%  46.4 1011s
  6577  6552 2.5620e+08    2   17 2.6182e+08 2.5620e+08  2.15%   253 1019s
  6631  6628 2.5620e+08    6   52 2.6182e+08 2.5620e+08  2.15%   251 1020s
  6655  6676 2.5620e+08    7   64 2.6182e+08 2.5620e+08  2.15%   250 1026s
  6775  6922 2.5620e+08   12   17 2.6182e+08 2.5620e+08  2.15%   248 1034s
  6949  8578 2.5620e+08   18   64 2.6182e+08 2.5620e+08  2.15%   245 1040s
H 8605  8578                    2.617026e+08 2.5620e+08  2.10%  60.5 1040s
  8606  8582 2.5620e+08    2   39 2.6170e+08 2.5620e+08  2.10%   218 1048s
  8684  8706 2.5620e+08    7   33 2.6170e+08 2.5620e+08  2.10%   216 1055s
  8795  9105 2.5620e+08   10   39 2.6170e+08 2.5620e+08  2.10%   214 1065s
H 9131  9105                    2.617026e+08 2.5620e+08  2.10%  61.4 1065s
  9132  9109 2.5620e+08    2   39 2.6170e+08 2.5620e+08  2.10%   210 1074s
  9162  9161 2.5620e+08    6   13 2.6170e+08 2.5620e+08  2.10%   209 1075s
  9282  9785 2.5620e+08   11   16 2.6170e+08 2.5620e+08  2.10%   207 1080s
H 9810  9785                    2.617026e+08 2.5620e+08  2.10%  60.3 1080s
  9811  9789 2.5620e+08    2   43 2.6170e+08 2.5620e+08  2.10%   199 1088s
  9889  9916 2.5620e+08    8   19 2.6170e+08 2.5620e+08  2.10%   197 1092s
 10073 10961 2.5620e+08   11   40 2.6170e+08 2.5620e+08  2.10%   194 1100s
H10985 10961                    2.617026e+08 2.5620e+08  2.10%  56.5 1100s
 10986 10965 2.5620e+08    2   18 2.6170e+08 2.5620e+08  2.10%   180 1108s
 11016 11017 2.5620e+08    6   24 2.6170e+08 2.5620e+08  2.10%   180 1110s
 11112 11116 2.5620e+08    9   50 2.6170e+08 2.5620e+08  2.10%   178 1116s
H11667 11644                    2.617026e+08 2.5620e+08  2.10%  56.2 1118s
 11668 11648 2.5620e+08    2   17 2.6170e+08 2.5620e+08  2.10%   173 1126s
 11746 11772 2.5620e+08    8   23 2.6170e+08 2.5620e+08  2.10%   171 1130s
H12346 12324                    2.615817e+08 2.5620e+08  2.06%  55.8 1134s
 12347 12328 2.5620e+08    2   17 2.6158e+08 2.5620e+08  2.06%   166 1144s
 12401 12404 2.5620e+08    7   23 2.6158e+08 2.5620e+08  2.06%   165 1145s
 12425 12452 2.5620e+08    8   19 2.6158e+08 2.5620e+08  2.06%   165 1151s
 12473 12476 2.5620e+08   10   29 2.6158e+08 2.5620e+08  2.06%   164 1159s
 12497 13004 2.5620e+08   11   15 2.6158e+08 2.5620e+08  2.06%   164 1161s
H13025 13004                    2.614607e+08 2.5620e+08  2.01%  55.9 1161s
 13026 13008 2.5620e+08    2   22 2.6146e+08 2.5620e+08  2.01%   160 1171s
 13104 13132 2.5620e+08    8   12 2.6146e+08 2.5620e+08  2.01%   159 1177s
 13152 13156 2.5620e+08   10   12 2.6146e+08 2.5620e+08  2.01%   159 1180s
H13704 13684                    2.614606e+08 2.5620e+08  2.01%  55.1 1182s
 13705 13688 2.5620e+08    2   22 2.6146e+08 2.5620e+08  2.01%   154 1191s
 13783 13812 2.5620e+08    8   18 2.6146e+08 2.5620e+08  2.01%   153 1198s
 13831 14071 2.5620e+08   10   14 2.6146e+08 2.5620e+08  2.01%   153 1201s
 14090 14503 2.5620e+08   18   14 2.6146e+08 2.5620e+08  2.01%   150 1210s
H14522 14503                    2.614606e+08 2.5620e+08  2.01%  54.3 1210s
 14523 14507 2.5620e+08    2   49 2.6146e+08 2.5620e+08  2.01%   148 1220s
 14601 14647 2.5620e+08    7   60 2.6146e+08 2.5620e+08  2.01%   147 1228s
H15073 15055                    2.614606e+08 2.5620e+08  2.01%  54.4 1230s
 15074 15059 2.5620e+08    2   79 2.6146e+08 2.5620e+08  2.01%   144 1237s
 15152 15183 2.5620e+08    8   33 2.6146e+08 2.5620e+08  2.01%   144 1242s
 15200 15207 2.5620e+08   10   21 2.6146e+08 2.5620e+08  2.01%   143 1251s
H15752 15735                    2.614606e+08 2.5620e+08  2.01%  53.5 1253s
 15753 15739 2.5620e+08    2   24 2.6146e+08 2.5620e+08  2.01%   140 1264s
 15783 15791 2.5620e+08    6   14 2.6146e+08 2.5620e+08  2.01%   139 1266s
 15900 15908 2.5620e+08   11   12 2.6146e+08 2.5620e+08  2.01%   138 1271s
H16572 16556                    2.614316e+08 2.5620e+08  2.00%  53.1 1274s
 16573 16560 2.5620e+08    2   49 2.6143e+08 2.5620e+08  2.00%   135 1283s
 16603 16612 2.5620e+08    6   31 2.6143e+08 2.5620e+08  2.00%   135 1285s
 16651 16705 2.5620e+08    8   27 2.6143e+08 2.5620e+08  2.00%   134 1292s
 16720 16792 2.5620e+08   11   28 2.6143e+08 2.5620e+08  2.00%   134 1296s
 16807 17680 2.5620e+08   12   23 2.6143e+08 2.5620e+08  2.00%   133 1305s
H17695 17680                    2.613397e+08 2.5620e+08  1.97%  52.1 1305s
 17696 17684 2.5620e+08    2   18 2.6134e+08 2.5620e+08  1.97%   129 1318s
 17750 17760 2.5620e+08    7   35 2.6134e+08 2.5620e+08  1.97%   129 1320s
 17774 17808 2.5620e+08    7   18 2.6134e+08 2.5620e+08  1.97%   128 1327s
 17822 17832 2.5620e+08    6   23 2.6134e+08 2.5620e+08  1.97%   128 1337s
H18374 18360                    2.612188e+08 2.5620e+08  1.92%  52.3 1339s
 18375 18364 2.5620e+08    2   12 2.6122e+08 2.5620e+08  1.92%   126 1351s
 18453 18488 2.5620e+08    8   10 2.6122e+08 2.5620e+08  1.92%   126 1360s
 18623 19228 2.5620e+08   13   16 2.6122e+08 2.5620e+08  1.92%   125 1373s
H19241 19228                    2.612188e+08 2.5620e+08  1.92%  51.7 1373s
 19242 19232 2.5620e+08    2   32 2.6122e+08 2.5620e+08  1.92%   122 1385s
 19320 19356 2.5620e+08    7   24 2.6122e+08 2.5620e+08  1.92%   122 1395s
 19453 19947 2.5620e+08   12   10 2.6122e+08 2.5620e+08  1.92%   121 1405s
H19959 19947                    2.610978e+08 2.5620e+08  1.88%  51.6 1406s
 19960 19951 2.5620e+08    2   56 2.6110e+08 2.5620e+08  1.88%   120 1419s
 19974 19979 2.5620e+08    5   33 2.6110e+08 2.5620e+08  1.88%   120 1420s
 20038 20075 2.5620e+08    8   11 2.6110e+08 2.5620e+08  1.88%   119 1426s
 20086 20099 2.5620e+08    9   13 2.6110e+08 2.5620e+08  1.88%   119 1430s
 20639 20631 2.5620e+08    2   21 2.6110e+08 2.5620e+08  1.87%   118 1447s
 20717 20755 2.5620e+08    8   27 2.6110e+08 2.5620e+08  1.87%   117 1453s
 20765 20779 2.5620e+08    9   12 2.6110e+08 2.5620e+08  1.87%   117 1464s
 20771 20779 2.5620e+08   10   26 2.6110e+08 2.5620e+08  1.87%   117 1465s
H21317 21307                    2.610978e+08 2.5620e+08  1.87%  52.1 1467s
 21318 21311 2.5621e+08    2   19 2.6110e+08 2.5621e+08  1.87%   116 1494s
 21332 21339 2.5621e+08    5   26 2.6110e+08 2.5621e+08  1.87%   116 1495s
 21396 21458 2.5621e+08    8   27 2.6110e+08 2.5621e+08  1.87%   116 1500s
 21491 21609 2.5621e+08   12   23 2.6110e+08 2.5621e+08  1.87%   115 1507s
 21618 21636 2.5621e+08   26   19 2.6110e+08 2.5621e+08  1.87%   115 1514s
 21645 23028 2.5621e+08   17   19 2.6110e+08 2.5621e+08  1.87%   114 1520s
H23037 23028                    2.609767e+08 2.5621e+08  1.83%  51.8 1520s
 23038 23032 2.5621e+08    2   38 2.6098e+08 2.5621e+08  1.83%   111 1533s
 23068 23084 2.5621e+08    6   72 2.6098e+08 2.5621e+08  1.83%   111 1535s
 23116 23176 2.5621e+08    7   21 2.6098e+08 2.5621e+08  1.83%   111 1544s
 23184 23704 2.5621e+08   10   17 2.6098e+08 2.5621e+08  1.83%   110 1546s
H23712 23704                    2.609767e+08 2.5621e+08  1.83%  52.2 1546s
 23713 23708 2.5622e+08    2   32 2.6098e+08 2.5622e+08  1.82%   109 1561s
 23791 23855 2.5622e+08    8   27 2.6098e+08 2.5622e+08  1.82%   109 1575s
 24391 24387 2.5622e+08    2   39 2.6098e+08 2.5622e+08  1.82%   108 1593s
 24421 24439 2.5622e+08    6    9 2.6098e+08 2.5622e+08  1.82%   108 1596s
 24469 24533 2.5622e+08    8   64 2.6098e+08 2.5622e+08  1.82%   108 1606s
H25067 25061                    2.609767e+08 2.5622e+08  1.82%  53.1 1609s
 25068 25065 2.5622e+08    2   31 2.6098e+08 2.5622e+08  1.82%   107 1622s
 25146 25189 2.5622e+08    8   25 2.6098e+08 2.5622e+08  1.82%   107 1632s
 25194 25213 2.5622e+08   10   25 2.6098e+08 2.5622e+08  1.82%   107 1642s
 25218 25741 2.5622e+08   11   27 2.6098e+08 2.5622e+08  1.82%   107 1645s
H25746 25741                    2.609767e+08 2.5622e+08  1.82%  53.3 1645s
 25747 25745 2.5623e+08    2   26 2.6098e+08 2.5623e+08  1.82%   106 1663s
 25777 25797 2.5623e+08    6   26 2.6098e+08 2.5623e+08  1.82%   106 1665s
 25825 25869 2.5623e+08    8   33 2.6098e+08 2.5623e+08  1.82%   106 1670s
 25873 25893 2.5623e+08   10   10 2.6098e+08 2.5623e+08  1.82%   106 1680s
 26426 26425 2.5623e+08    2   38 2.6098e+08 2.5623e+08  1.82%   105 1700s
 26504 26549 2.5623e+08    8   12 2.6098e+08 2.5623e+08  1.82%   105 1718s
 26552 26696 2.5623e+08    9   14 2.6098e+08 2.5623e+08  1.82%   104 1723s
 26699 27344 2.5623e+08   12   26 2.6098e+08 2.5623e+08  1.82%   104 1740s
H27347 27344                    2.609767e+08 2.5623e+08  1.82%  53.4 1740s
 27348 27348 2.5623e+08    2   61 2.6098e+08 2.5623e+08  1.82%   103 1760s
 27402 27424 2.5624e+08    7   17 2.6098e+08 2.5624e+08  1.82%   103 1765s
 27498 28024 2.5624e+08   10   13 2.6098e+08 2.5624e+08  1.82%   103 1771s
H28026 28024                    2.609767e+08 2.5624e+08  1.82%  53.8 1771s
 28027 28028 2.5624e+08    2   19 2.6098e+08 2.5624e+08  1.82%   102 1787s
 28057 28080 2.5624e+08    6   19 2.6098e+08 2.5624e+08  1.82%   102 1790s
 28105 28175 2.5624e+08    8   27 2.6098e+08 2.5624e+08  1.82%   102 1796s
 28176 28199 2.5624e+08   11   19 2.6098e+08 2.5624e+08  1.82%   102 1802s
 28200 28847 2.5624e+08   10   17 2.6098e+08 2.5624e+08  1.82%   102 1805s
 28849 28851 2.5624e+08    2   27 2.6098e+08 2.5624e+08  1.81%   101 1824s
 28879 28903 2.5624e+08    6   18 2.6098e+08 2.5624e+08  1.81%   101 1827s
 28927 29038 2.5624e+08    8   18 2.6098e+08 2.5624e+08  1.81%   100 1830s
H29366 29366                    2.609767e+08 2.5624e+08  1.81%  53.9 1834s
 29366 29486 2.5624e+08   20   39 2.6098e+08 2.5624e+08  1.81%  99.4 1853s
 29486 33374 2.5624e+08   34   39 2.6098e+08 2.5624e+08  1.81%  99.1 1869s
 33374 33950 2.5624e+08   13   19 2.6098e+08 2.5624e+08  1.81%  88.9 1882s
 33950 39974 2.5624e+08   35   44 2.6098e+08 2.5624e+08  1.81%  87.6 1904s
 38719 39974 2.5624e+08   15   19 2.6098e+08 2.5624e+08  1.81%  78.5 1905s
H39974 39974                    2.609767e+08 2.5624e+08  1.81%  43.3 1905s
 39974 43847 2.5624e+08   11   27 2.6098e+08 2.5624e+08  1.81%  76.5 1932s
 43847 46427 2.5624e+08   24   28 2.6098e+08 2.5624e+08  1.81%  71.4 1962s
 46427 49384 2.5624e+08   27    9 2.6098e+08 2.5624e+08  1.81%  68.1 1992s
 49384 50152 2.5624e+08   12   10 2.6098e+08 2.5624e+08  1.81%  64.7 2009s
 50152 50720 2.5624e+08   10   49 2.6098e+08 2.5624e+08  1.81%  64.0 2022s
 50720 55916 2.5624e+08   46   26 2.6098e+08 2.5624e+08  1.81%  63.4 2048s
H55916 55916                    2.609767e+08 2.5624e+08  1.81%  35.2 2049s
 55916 60738 2.5624e+08   51   11 2.6098e+08 2.5624e+08  1.81%  59.1 2081s
 60738 65047 2.5624e+08   66   13 2.6098e+08 2.5624e+08  1.81%  55.5 2106s
 65047 67447 2.5624e+08   11   39 2.6098e+08 2.5624e+08  1.81%  54.9 2117s
 67447 67687 2.5625e+08    9   40 2.6098e+08 2.5624e+08  1.81%  53.6 2134s
 67687 72191 2.5624e+08    9   56 2.6098e+08 2.5624e+08  1.81%  53.5 2161s
H72199 72191                    2.608557e+08 2.5624e+08  1.77%  32.4 2162s
 72199 77853 2.5624e+08   16   19 2.6086e+08 2.5624e+08  1.77%  51.0 2187s
 77861 78021 2.5624e+08   16   33 2.6086e+08 2.5624e+08  1.77%  48.3 2206s
 78029 82173 2.5624e+08   15   19 2.6086e+08 2.5624e+08  1.77%  48.3 2250s
H82181 82173                    2.608557e+08 2.5624e+08  1.77%  30.4 2251s
 82181 82413 2.5624e+08   30   36 2.6086e+08 2.5624e+08  1.77%  46.6 2267s
 82421 86925 2.5624e+08   31   34 2.6086e+08 2.5624e+08  1.77%  46.5 2301s
H86933 86925                    2.608557e+08 2.5624e+08  1.77%  29.4 2302s
 86933 90189 2.5624e+08   12   17 2.6086e+08 2.5624e+08  1.77%  44.7 2328s
 90197 91090 2.5624e+08   30   14 2.6086e+08 2.5624e+08  1.77%  43.6 2347s
 91098 95098 2.5624e+08   15   10 2.6086e+08 2.5624e+08  1.77%  43.3 2384s
 95106 95743 2.5624e+08   18   14 2.6086e+08 2.5624e+08  1.77%  42.1 2400s
 95751 101623 2.5624e+08   53   50 2.6086e+08 2.5624e+08  1.77%  41.9 2430s
H101631 101623                    2.608557e+08 2.5624e+08  1.77%  27.1 2431s
 101631 104568 2.5624e+08   12   15 2.6086e+08 2.5624e+08  1.77%  40.3 2458s
 104576 106088 2.5624e+08   32   24 2.6086e+08 2.5624e+08  1.77%  39.5 2473s
 106096 111608 2.5624e+08   44   33 2.6086e+08 2.5624e+08  1.77%  39.2 2498s
 111616 114434 2.5624e+08   27   16 2.6086e+08 2.5624e+08  1.77%  38.0 2529s
 114442 117563 2.5624e+08   23   14 2.6086e+08 2.5624e+08  1.77%  37.6 2565s
 117571 120947 2.5624e+08   27   12 2.6086e+08 2.5624e+08  1.77%  37.0 2592s
 120955 121223 2.5624e+08   17   46 2.6086e+08 2.5624e+08  1.77%  36.3 2612s
 121231 125854 2.5624e+08   14   40 2.6086e+08 2.5624e+08  1.77%  36.2 2637s
 125863 128668 2.5624e+08   28   18 2.6086e+08 2.5624e+08  1.77%  35.7 2676s
 128677 134788 2.5624e+08   21   33 2.6086e+08 2.5624e+08  1.77%  35.3 2705s
 134797 136181 2.5624e+08   15   21 2.6086e+08 2.5624e+08  1.77%  34.8 2722s
H136190 136181                    2.608557e+08 2.5624e+08  1.77%  24.9 2723s
 136190 137042 2.5624e+08   19   13 2.6086e+08 2.5624e+08  1.77%  34.6 2744s
H137051 137042                    2.608557e+08 2.5624e+08  1.77%  24.8 2745s
 137051 138061 2.5624e+08   11   11 2.6086e+08 2.5624e+08  1.77%  34.4 2767s
 138070 140615 2.5624e+08   24   19 2.6086e+08 2.5624e+08  1.77%  34.4 2803s
 140624 143151 2.5624e+08   19   12 2.6086e+08 2.5624e+08  1.77%  34.1 2835s
 143160 147594 2.5624e+08   15   26 2.6086e+08 2.5624e+08  1.77%  33.9 2875s
 147603 147646 2.5624e+08   17   15 2.6086e+08 2.5624e+08  1.77%  33.6 2889s
 147655 151174 2.5624e+08   16   15 2.6086e+08 2.5624e+08  1.77%  33.6 2929s
 151183 152563 2.5624e+08   17   13 2.6086e+08 2.5624e+08  1.77%  33.4 2950s
 152572 153716 2.5624e+08   23   10 2.6086e+08 2.5624e+08  1.77%  33.2 2962s
 153749 153064 2.5624e+08   17   44 2.6086e+08 2.5624e+08  1.77%  33.4 2994s
 153755 153074 2.5624e+08   19   38 2.6086e+08 2.5624e+08  1.77%  33.4 2995s
 153827 152982 2.5624e+08   22   57 2.6086e+08 2.5624e+08  1.77%  33.4 3010s
 154425 153823 2.5624e+08   35   22 2.6086e+08 2.5624e+08  1.77%  33.4 3024s
H155650 153415                    2.607348e+08 2.5624e+08  1.72%  24.7 3024s
 155675 153435 2.5624e+08   17   44 2.6073e+08 2.5624e+08  1.72%  33.4 3061s
 155753 153533 2.5624e+08   22   63 2.6073e+08 2.5624e+08  1.72%  33.4 3074s
 155801 153176 2.5624e+08   22   40 2.6073e+08 2.5624e+08  1.72%  33.4 3089s
 155825 153696 2.5624e+08   23   38 2.6073e+08 2.5624e+08  1.72%  33.4 3092s
 156353 154727 2.5624e+08   32   36 2.6073e+08 2.5624e+08  1.72%  33.4 3103s
H157560 154325                    2.607348e+08 2.5624e+08  1.72%  24.9 3104s
 157589 154348 2.5624e+08   17   28 2.6073e+08 2.5624e+08  1.72%  33.5 3136s
 157643 154406 2.5624e+08   22   30 2.6073e+08 2.5624e+08  1.72%  33.5 3140s
 157667 154446 2.5624e+08   22   28 2.6073e+08 2.5624e+08  1.72%  33.5 3152s
 157715 154454 2.5624e+08   24   10 2.6073e+08 2.5624e+08  1.72%  33.5 3170s
 158267 156648 2.5624e+08   26   11 2.6073e+08 2.5624e+08  1.72%  33.4 3182s
 160142 156051 2.5624e+08   17   13 2.6073e+08 2.5624e+08  1.72%  33.5 3213s
 160172 156093 2.5624e+08   21   13 2.6073e+08 2.5624e+08  1.72%  33.5 3216s
 160220 156149 2.5624e+08   23   40 2.6073e+08 2.5624e+08  1.72%  33.5 3226s
 160268 156003 2.5624e+08   25   18 2.6073e+08 2.5624e+08  1.72%  33.5 3230s
 160831 156211 2.5624e+08   43   30 2.6073e+08 2.5624e+08  1.72%  33.4 3245s
 160855 158038 2.5624e+08   30   11 2.6073e+08 2.5624e+08  1.72%  33.4 3258s
H162690 157427                    2.607348e+08 2.5624e+08  1.72%  25.0 3259s
 162713 157090 2.5624e+08   17    9 2.6073e+08 2.5624e+08  1.72%  33.4 3291s
 162743 157132 2.5624e+08   21    8 2.6073e+08 2.5624e+08  1.72%  33.4 3295s
 162791 157188 2.5624e+08   22    9 2.6073e+08 2.5624e+08  1.72%  33.4 3302s
 162839 157034 2.5624e+08   22    9 2.6073e+08 2.5624e+08  1.72%  33.4 3308s
 162866 157396 2.5624e+08   22   19 2.6073e+08 2.5624e+08  1.72%  33.4 3311s
 163394 157244 2.5624e+08   43    9 2.6073e+08 2.5624e+08  1.72%  33.3 3320s
 163418 158972 2.5624e+08   24    9 2.6073e+08 2.5624e+08  1.72%  33.3 3329s
H165303 158343                    2.607348e+08 2.5624e+08  1.72%  25.0 3329s
 165303 163991 2.5624e+08   24   11 2.6073e+08 2.5624e+08  1.72%  33.1 3361s
H170951 163991                    2.607348e+08 2.5624e+08  1.72%  24.6 3362s
 170976 163694 2.5624e+08   17   12 2.6073e+08 2.5624e+08  1.72%  32.6 3391s
 171030 163752 2.5624e+08   22   33 2.6073e+08 2.5624e+08  1.72%  32.6 3395s
 171054 163791 2.5624e+08   22   28 2.6073e+08 2.5624e+08  1.72%  32.6 3403s
 171101 163498 2.5624e+08   23   30 2.6073e+08 2.5624e+08  1.72%  32.6 3419s
 171125 164018 2.5624e+08   23   33 2.6073e+08 2.5624e+08  1.72%  32.6 3422s
 171653 165195 2.5624e+08   40   36 2.6073e+08 2.5624e+08  1.72%  32.7 3430s
H173006 164744                    2.607348e+08 2.5624e+08  1.72%  25.2 3430s
 173027 164761 2.5624e+08   17   12 2.6073e+08 2.5624e+08  1.72%  33.1 3457s
 173057 164803 2.5624e+08   21   11 2.6073e+08 2.5624e+08  1.72%  33.1 3460s
 173105 164878 2.5624e+08   23   11 2.6073e+08 2.5624e+08  1.72%  33.1 3469s
 173172 165383 2.5624e+08   26   11 2.6073e+08 2.5624e+08  1.72%  33.1 3472s
 173699 165231 2.5624e+08   28   10 2.6073e+08 2.5624e+08  1.72%  33.0 3481s
 173723 167749 2.5624e+08   29   11 2.6073e+08 2.5624e+08  1.72%  33.0 3491s
 176275 166928 2.5624e+08   17   44 2.6073e+08 2.5624e+08  1.72%  32.9 3522s
 176305 166970 2.5624e+08   21   44 2.6073e+08 2.5624e+08  1.72%  32.9 3525s
 176353 167026 2.5624e+08   22   47 2.6073e+08 2.5624e+08  1.72%  32.9 3536s
 176401 167053 2.5624e+08   21   75 2.6073e+08 2.5624e+08  1.72%  32.9 3540s
 176444 167672 2.5624e+08   23   66 2.6073e+08 2.5624e+08  1.72%  32.9 3549s
 177078 169683 2.5624e+08   45   52 2.6073e+08 2.5624e+08  1.72%  32.8 3563s
 179331 168966 2.5624e+08   17   39 2.6073e+08 2.5624e+08  1.72%  32.9 3604s
 179337 168976 2.5624e+08   19   33 2.6073e+08 2.5624e+08  1.72%  32.9 3605s
 179409 168940 2.5624e+08   22   35 2.6073e+08 2.5624e+08  1.72%  32.9 3617s
 179481 169429 2.5624e+08   23   56 2.6073e+08 2.5624e+08  1.72%  32.9 3621s
 179994 169870 2.5624e+08   29   30 2.6073e+08 2.5624e+08  1.72%  32.9 3632s
H180606 169666                    2.607348e+08 2.5624e+08  1.72%  25.5 3633s
 180625 168675 2.5624e+08   17   14 2.6073e+08 2.5624e+08  1.72%  33.1 3660s
 180703 168773 2.5624e+08   23   11 2.6073e+08 2.5624e+08  1.72%  33.1 3674s
 180751 168575 2.5624e+08   24   11 2.6073e+08 2.5624e+08  1.72%  33.1 3679s
 180791 169090 2.5624e+08   26   33 2.6073e+08 2.5624e+08  1.72%  33.1 3682s
 181319 168938 2.5624e+08   26   44 2.6073e+08 2.5624e+08  1.72%  33.0 3699s
 181343 171486 2.5624e+08   27   40 2.6073e+08 2.5624e+08  1.72%  33.0 3710s
H183899 170634                    2.607348e+08 2.5624e+08  1.72%  25.5 3711s
 183920 170651 2.5624e+08   17   13 2.6073e+08 2.5624e+08  1.72%  32.9 3741s
 183974 170709 2.5624e+08   21   13 2.6073e+08 2.5624e+08  1.72%  32.9 3745s
 183998 170749 2.5624e+08   22   13 2.6073e+08 2.5624e+08  1.72%  32.9 3754s
 184046 170414 2.5624e+08   21   13 2.6073e+08 2.5624e+08  1.72%  32.9 3761s
 184070 170934 2.5624e+08   23   13 2.6073e+08 2.5624e+08  1.72%  32.9 3769s
 184598 172114 2.5624e+08   41   25 2.6073e+08 2.5624e+08  1.72%  32.9 3780s
H185954 171662                    2.607348e+08 2.5624e+08  1.72%  25.5 3780s
 185980 171194 2.5624e+08   17   26 2.6073e+08 2.5624e+08  1.72%  33.0 3820s
 186034 171025 2.5624e+08   22   19 2.6073e+08 2.5624e+08  1.72%  33.0 3825s
 186058 171088 2.5624e+08   23   16 2.6073e+08 2.5624e+08  1.72%  33.0 3837s
 186129 171592 2.5624e+08   24   40 2.6073e+08 2.5624e+08  1.72%  33.0 3841s
 186657 172667 2.5624e+08   35   14 2.6073e+08 2.5624e+08  1.72%  32.9 3851s
H187908 172250                    2.607348e+08 2.5624e+08  1.72%  25.7 3852s
 187933 171998 2.5624e+08   17   50 2.6073e+08 2.5624e+08  1.72%  33.0 3883s
 187963 172040 2.5624e+08   21   49 2.6073e+08 2.5624e+08  1.72%  33.0 3887s
 188011 172096 2.5624e+08   22   32 2.6073e+08 2.5624e+08  1.72%  33.0 3898s
 188059 171845 2.5624e+08   21   14 2.6073e+08 2.5624e+08  1.72%  33.0 3908s
 188083 172365 2.5624e+08   23   30 2.6073e+08 2.5624e+08  1.72%  33.0 3912s
 188611 172793 2.5624e+08   31   39 2.6073e+08 2.5624e+08  1.72%  32.9 3919s
H189215 172592                    2.607347e+08 2.5624e+08  1.72%  25.8 3919s
 189243 172614 2.5624e+08   17   51 2.6073e+08 2.5624e+08  1.72%  33.0 3954s
 189257 172637 2.5624e+08   20   39 2.6073e+08 2.5624e+08  1.72%  33.0 3955s
 189321 172712 2.5624e+08   23   21 2.6073e+08 2.5624e+08  1.72%  33.0 3970s
 189369 172332 2.5624e+08   24   15 2.6073e+08 2.5624e+08  1.72%  33.0 3987s
 189393 172852 2.5624e+08   25   16 2.6073e+08 2.5624e+08  1.72%  33.0 3991s
 189921 174408 2.5624e+08   36   19 2.6073e+08 2.5624e+08  1.72%  33.0 3999s
H191653 173831                    2.607347e+08 2.5624e+08  1.72%  25.8 4000s
 191653 179904 2.5624e+08   57   30 2.6073e+08 2.5624e+08  1.72%  32.8 4034s
 197746 179679 2.5624e+08   17   15 2.6073e+08 2.5624e+08  1.72%  32.5 4063s
 197776 179721 2.5624e+08   21   13 2.6073e+08 2.5624e+08  1.72%  32.5 4067s
 197824 179096 2.5624e+08   23   15 2.6073e+08 2.5624e+08  1.72%  32.5 4074s
 197848 179112 2.5624e+08   24   21 2.6073e+08 2.5624e+08  1.72%  32.5 4085s
 198280 179203 2.5624e+08   27   25 2.6073e+08 2.5624e+08  1.72%  32.4 4099s
 198304 180947 2.5624e+08   26   23 2.6073e+08 2.5624e+08  1.72%  32.4 4108s
H200056 180363                    2.606138e+08 2.5624e+08  1.68%  25.6 4108s
 200083 180029 2.5624e+08   17   16 2.6061e+08 2.5624e+08  1.68%  32.4 4143s
 200113 180071 2.5624e+08   21   16 2.6061e+08 2.5624e+08  1.68%  32.4 4146s
 200161 180127 2.5624e+08   23   10 2.6061e+08 2.5624e+08  1.68%  32.4 4161s
 200209 180144 2.5624e+08   24   14 2.6061e+08 2.5624e+08  1.68%  32.4 4167s
 200242 180661 2.5624e+08   25   12 2.6061e+08 2.5624e+08  1.68%  32.4 4171s
 200770 180509 2.5624e+08   35   12 2.6061e+08 2.5624e+08  1.68%  32.3 4184s
 200794 181555 2.5624e+08   49   14 2.6061e+08 2.5624e+08  1.68%  32.3 4197s
H202186 181091                    2.606138e+08 2.5624e+08  1.68%  25.6 4197s
 202209 180755 2.5624e+08   17   27 2.6061e+08 2.5624e+08  1.68%  32.4 4236s
 202239 180797 2.5624e+08   21   14 2.6061e+08 2.5624e+08  1.68%  32.4 4240s
 202287 180853 2.5624e+08   23   12 2.6061e+08 2.5624e+08  1.68%  32.4 4245s
 202335 180863 2.5624e+08   24   12 2.6061e+08 2.5624e+08  1.68%  32.4 4250s
 202889 181230 2.5624e+08   27   14 2.6061e+08 2.5624e+08  1.68%  32.4 4263s
 202913 184001 2.5624e+08   34   10 2.6061e+08 2.5624e+08  1.68%  32.4 4277s
H205692 183075                    2.606138e+08 2.5624e+08  1.68%  25.7 4278s
 205692 183825 2.5624e+08   43   24 2.6061e+08 2.5624e+08  1.68%  32.2 4292s
 206463 183540 2.5624e+08   17   15 2.6061e+08 2.5624e+08  1.68%  32.3 4327s
 206493 183582 2.5624e+08   21   17 2.6061e+08 2.5624e+08  1.68%  32.3 4330s
H206541 183590                    2.606137e+08 2.5624e+08  1.68%  25.9 4331s
 206563 182658 2.5624e+08   17   20 2.6061e+08 2.5624e+08  1.68%  32.5 4363s
 206593 182700 2.5624e+08   21   16 2.6061e+08 2.5624e+08  1.68%  32.5 4367s
 206641 182756 2.5624e+08   23   14 2.6061e+08 2.5624e+08  1.68%  32.5 4380s
 206689 181949 2.5624e+08   24   18 2.6061e+08 2.5624e+08  1.68%  32.5 4391s
 206713 182224 2.5624e+08   23   10 2.6061e+08 2.5624e+08  1.68%  32.5 4395s
 207241 182667 2.5624e+08   44   25 2.6061e+08 2.5624e+08  1.68%  32.4 4402s
H207860 182461                    2.606137e+08 2.5624e+08  1.68%  26.0 4403s
 207883 182304 2.5624e+08   17   33 2.6061e+08 2.5624e+08  1.68%  32.5 4436s
 207913 182346 2.5624e+08   21   25 2.6061e+08 2.5624e+08  1.68%  32.5 4440s
 207961 182402 2.5624e+08   23   29 2.6061e+08 2.5624e+08  1.68%  32.5 4453s
 208009 182417 2.5624e+08   24   29 2.6061e+08 2.5624e+08  1.68%  32.5 4460s
 208568 182782 2.5624e+08   43   17 2.6061e+08 2.5624e+08  1.68%  32.5 4478s
 208592 184253 2.5624e+08   36   17 2.6061e+08 2.5624e+08  1.68%  32.5 4486s
H210071 183760                    2.606137e+08 2.5624e+08  1.68%  26.0 4486s
 210095 183579 2.5624e+08   17   20 2.6061e+08 2.5624e+08  1.68%  32.5 4515s
 210173 183677 2.5624e+08   21   16 2.6061e+08 2.5624e+08  1.68%  32.5 4526s
 210221 183686 2.5624e+08   22   26 2.6061e+08 2.5624e+08  1.68%  32.5 4530s
 210774 184054 2.5624e+08   35   20 2.6061e+08 2.5624e+08  1.68%  32.4 4550s
 210798 186012 2.5624e+08   29   22 2.6061e+08 2.5624e+08  1.68%  32.4 4560s
H212764 185357                    2.606137e+08 2.5624e+08  1.68%  26.0 4561s
 212787 185376 2.5624e+08   17   12 2.6061e+08 2.5624e+08  1.68%  32.4 4592s
 212817 185418 2.5624e+08   21   25 2.6061e+08 2.5624e+08  1.68%  32.4 4595s
 212865 185474 2.5624e+08   22   18 2.6061e+08 2.5624e+08  1.68%  32.4 4607s
 212913 185482 2.5624e+08   22   32 2.6061e+08 2.5624e+08  1.68%  32.4 4613s
 212937 186002 2.5624e+08   23   12 2.6061e+08 2.5624e+08  1.68%  32.4 4616s
 213465 185850 2.5624e+08   40   18 2.6061e+08 2.5624e+08  1.68%  32.3 4629s
 213489 187777 2.5624e+08   28   16 2.6061e+08 2.5624e+08  1.68%  32.3 4642s
H215631 187063                    2.606137e+08 2.5624e+08  1.68%  25.9 4642s
 215655 187082 2.5624e+08   17   15 2.6061e+08 2.5624e+08  1.68%  32.2 4661s
 215685 187124 2.5624e+08   21   15 2.6061e+08 2.5624e+08  1.68%  32.2 4666s
 215733 187180 2.5624e+08   23   38 2.6061e+08 2.5624e+08  1.68%  32.2 4671s
 215781 187188 2.5624e+08   25   15 2.6061e+08 2.5624e+08  1.68%  32.2 4677s
 215805 187708 2.5624e+08   26   36 2.6061e+08 2.5624e+08  1.68%  32.2 4681s
 216333 187556 2.5624e+08   37   42 2.6061e+08 2.5624e+08  1.68%  32.2 4697s
 216357 189315 2.5624e+08   40   13 2.6061e+08 2.5624e+08  1.68%  32.2 4707s
 218154 188749 2.5624e+08   17   22 2.6061e+08 2.5624e+08  1.68%  32.3 4740s
 218232 188847 2.5624e+08   22   30 2.6061e+08 2.5624e+08  1.68%  32.3 4753s
 218280 188855 2.5624e+08   23   22 2.6061e+08 2.5624e+08  1.68%  32.3 4771s
 218304 189375 2.5624e+08   25   22 2.6061e+08 2.5624e+08  1.68%  32.3 4775s
 218832 190763 2.5624e+08   41   32 2.6061e+08 2.5624e+08  1.68%  32.2 4783s
 220438 189879 2.5624e+08   17   44 2.6061e+08 2.5624e+08  1.68%  32.2 4827s
 220468 189921 2.5624e+08   21   30 2.6061e+08 2.5624e+08  1.68%  32.2 4831s
 220516 189977 2.5624e+08   22   48 2.6061e+08 2.5624e+08  1.68%  32.2 4843s
 220564 189993 2.5624e+08   22   14 2.6061e+08 2.5624e+08  1.68%  32.2 4848s
 220596 190511 2.5624e+08   23   16 2.6061e+08 2.5624e+08  1.68%  32.2 4852s
 221124 190359 2.5624e+08   38   24 2.6061e+08 2.5624e+08  1.68%  32.2 4863s
 221148 192306 2.5624e+08   41   20 2.6061e+08 2.5624e+08  1.68%  32.2 4874s
H223103 191654                    2.606137e+08 2.5624e+08  1.68%  26.2 4874s
 223103 197221 2.5624e+08   54   11 2.6061e+08 2.5624e+08  1.68%  32.1 4904s
 228670 203255 2.5624e+08   40   27 2.6061e+08 2.5624e+08  1.68%  31.9 4939s
 234704 209316 2.5624e+08   12   11 2.6061e+08 2.5624e+08  1.68%  31.7 4972s
 240789 209335 2.5624e+08   17   26 2.6061e+08 2.5624e+08  1.68%  31.5 4996s
 240843 209393 2.5624e+08   21   36 2.6061e+08 2.5624e+08  1.68%  31.5 5000s
 240867 209433 2.5624e+08   22   20 2.6061e+08 2.5624e+08  1.68%  31.5 5013s
 240915 209441 2.5624e+08   24   14 2.6061e+08 2.5624e+08  1.68%  31.5 5018s
 240939 209961 2.5624e+08   23   18 2.6061e+08 2.5624e+08  1.68%  31.5 5022s
 241467 209809 2.5624e+08   39   12 2.6061e+08 2.5624e+08  1.68%  31.5 5038s
 241491 211293 2.5624e+08   39   26 2.6061e+08 2.5624e+08  1.68%  31.5 5053s
 243012 210819 2.5624e+08   17   30 2.6061e+08 2.5624e+08  1.68%  31.6 5082s
 243042 210861 2.5624e+08   21   25 2.6061e+08 2.5624e+08  1.68%  31.6 5086s
 243090 210917 2.5624e+08   23   21 2.6061e+08 2.5624e+08  1.68%  31.6 5096s
 243138 210925 2.5624e+08   25   11 2.6061e+08 2.5624e+08  1.68%  31.5 5102s
 243162 211445 2.5624e+08   26   23 2.6061e+08 2.5624e+08  1.68%  31.5 5105s
 243690 211293 2.5624e+08   48   31 2.6061e+08 2.5624e+08  1.68%  31.5 5115s
 243714 213156 2.5624e+08   34   27 2.6061e+08 2.5624e+08  1.68%  31.5 5131s
 245618 212557 2.5624e+08   17   21 2.6061e+08 2.5624e+08  1.68%  31.6 5170s
 245648 212599 2.5624e+08   21   30 2.6061e+08 2.5624e+08  1.68%  31.6 5175s
 245696 212678 2.5624e+08   23   23 2.6061e+08 2.5624e+08  1.68%  31.6 5182s
 245767 213136 2.5624e+08   23   25 2.6061e+08 2.5624e+08  1.68%  31.5 5185s
 246248 213049 2.5624e+08   42   15 2.6061e+08 2.5624e+08  1.68%  31.5 5197s
 246322 215200 2.5624e+08   24   39 2.6061e+08 2.5624e+08  1.68%  31.5 5210s
 248530 214500 2.5624e+08   17   38 2.6061e+08 2.5624e+08  1.68%  31.6 5248s
 248560 214542 2.5624e+08   21   29 2.6061e+08 2.5624e+08  1.68%  31.6 5251s
 248608 214383 2.5624e+08   22   48 2.6061e+08 2.5624e+08  1.68%  31.6 5263s
 248656 214391 2.5624e+08   25   28 2.6061e+08 2.5624e+08  1.68%  31.6 5281s
 248680 214911 2.5624e+08   24   24 2.6061e+08 2.5624e+08  1.68%  31.6 5285s
 249208 215938 2.5624e+08   37   58 2.6061e+08 2.5624e+08  1.68%  31.5 5297s
H250411 215537                    2.606137e+08 2.5624e+08  1.68%  26.2 5297s
 250411 217656 2.5624e+08   45   25 2.6061e+08 2.5624e+08  1.68%  31.5 5319s
H252530 217656                    2.606137e+08 2.5624e+08  1.68%  26.2 5320s
 252530 222022 2.5624e+08   33   26 2.6061e+08 2.5624e+08  1.68%  31.4 5343s
 256896 224330 2.5624e+08   47   42 2.6061e+08 2.5624e+08  1.68%  31.3 5370s
H259204 223254                    2.606137e+08 2.5624e+08  1.68%  26.0 5371s
 259204 229380 2.5624e+08   34   29 2.6061e+08 2.5624e+08  1.68%  31.2 5406s
 265348 232785 2.5624e+08   28    9 2.6061e+08 2.5624e+08  1.68%  30.8 5438s
H271037 230889                    2.606137e+08 2.5624e+08  1.68%  25.7 5439s
 271037 235894 2.5624e+08   38   13 2.6061e+08 2.5624e+08  1.68%  30.6 5476s
 276042 240057 2.5624e+08   69    9 2.6061e+08 2.5624e+08  1.68%  30.2 5506s
H281874 238096                    2.606137e+08 2.5624e+08  1.68%  25.2 5507s
 281901 238117 2.5624e+08   17   32 2.6061e+08 2.5624e+08  1.68%  30.0 5540s
 281955 238175 2.5624e+08   22   48 2.6061e+08 2.5624e+08  1.68%  30.0 5545s
 281979 238215 2.5624e+08   22   25 2.6061e+08 2.5624e+08  1.68%  30.0 5556s
 282027 237547 2.5624e+08   23   38 2.6061e+08 2.5624e+08  1.68%  30.0 5562s
 282070 237847 2.5624e+08   23   52 2.6061e+08 2.5624e+08  1.68%  30.0 5572s
 282705 240186 2.5624e+08   45   27 2.6061e+08 2.5624e+08  1.68%  30.0 5597s
H285562 239234                    2.606137e+08 2.5624e+08  1.68%  25.2 5597s
 285562 245159 2.5624e+08   57   42 2.6061e+08 2.5624e+08  1.68%  29.8 5633s
H291495 242896                    2.606137e+08 2.5624e+08  1.68%  25.4 5634s
 291495 247859 2.5624e+08   56   13 2.6061e+08 2.5624e+08  1.68%  30.0 5662s
 296458 251941 2.5624e+08   84    9 2.6061e+08 2.5624e+08  1.68%  29.6 5693s
 302195 252811 2.5624e+08   37   25 2.6061e+08 2.5624e+08  1.68%  29.4 5723s
H304977 251743                    2.606137e+08 2.5624e+08  1.68%  25.1 5723s
 304977 257643 2.5624e+08   23   35 2.6061e+08 2.5624e+08  1.68%  29.4 5756s
H310877 255265                    2.606137e+08 2.5624e+08  1.68%  24.8 5757s
 310877 257934 2.5624e+08   70   29 2.6061e+08 2.5624e+08  1.68%  29.1 5781s
H313546 256719                    2.606137e+08 2.5624e+08  1.68%  24.7 5782s
 313546 261886 2.5624e+08   52   24 2.6061e+08 2.5624e+08  1.68%  29.0 5820s
 318713 265967 2.5624e+08   38   42 2.6061e+08 2.5624e+08  1.68%  28.7 5863s
 324516 269794 2.5624e+08  109   45 2.6061e+08 2.5624e+08  1.68%  28.4 5896s
 330304 267894 2.5624e+08   17   14 2.6061e+08 2.5624e+08  1.68%  28.3 5928s
 330334 267936 2.5624e+08   21   14 2.6061e+08 2.5624e+08  1.68%  28.3 5931s
 330382 267992 2.5624e+08   23   16 2.6061e+08 2.5624e+08  1.68%  28.3 5940s
 330430 268000 2.5624e+08   24   41 2.6061e+08 2.5624e+08  1.68%  28.3 5952s
 330454 268520 2.5624e+08   26   20 2.6061e+08 2.5624e+08  1.68%  28.3 5955s
 330982 269563 2.5624e+08   35   25 2.6061e+08 2.5624e+08  1.68%  28.3 5962s
 332201 275371 2.5624e+08   83   38 2.6061e+08 2.5624e+08  1.68%  28.2 5995s
 338416 279491 2.5624e+08   43   44 2.6061e+08 2.5624e+08  1.68%  28.0 6029s
 344608 280771 2.5624e+08  118   17 2.6061e+08 2.5624e+08  1.68%  27.7 6048s
 347952 279704 2.5624e+08   23   40 2.6061e+08 2.5624e+08  1.68%  27.6 6059s
 348000 279699 2.5624e+08   25   23 2.6061e+08 2.5624e+08  1.68%  27.6 6073s
 348152 280801 2.5624e+08   26   21 2.6061e+08 2.5624e+08  1.68%  27.6 6080s
H349304 280417                    2.605219e+08 2.5624e+08  1.64%  23.7 6080s
 349304 284887 2.5624e+08   37   16 2.6052e+08 2.5624e+08  1.64%  27.5 6123s
H353774 282533                    2.605219e+08 2.5624e+08  1.64%  23.6 6123s
 353774 287828 2.5624e+08   74   11 2.6052e+08 2.5624e+08  1.64%  27.4 6162s
 359069 291181 2.5624e+08   92   26 2.6052e+08 2.5624e+08  1.64%  27.2 6198s
 364187 295507 2.5624e+08   81   12 2.6052e+08 2.5624e+08  1.64%  27.0 6236s
 370219 298273 2.5624e+08   57   13 2.6052e+08 2.5624e+08  1.64%  26.8 6272s
 374996 300017 2.5624e+08   35   17 2.6052e+08 2.5624e+08  1.64%  26.7 6304s
 377201 299282 2.5624e+08   45   20 2.6052e+08 2.5624e+08  1.64%  26.7 6305s
 378332 304144 2.5624e+08   82   15 2.6052e+08 2.5624e+08  1.64%  26.6 6339s
 383599 302420 2.5624e+08   17   16 2.6052e+08 2.5624e+08  1.64%  26.7 6386s
 383629 302462 2.5624e+08   21   18 2.6052e+08 2.5624e+08  1.64%  26.7 6391s
 383774 302559 2.5624e+08   26   18 2.6052e+08 2.5624e+08  1.64%  26.7 6397s
 383798 302581 2.5624e+08   27   24 2.6052e+08 2.5624e+08  1.64%  26.7 6405s
 383828 302602 2.5624e+08   24   18 2.6052e+08 2.5624e+08  1.64%  26.7 6413s
 383859 303613 2.5624e+08   26   14 2.6052e+08 2.5624e+08  1.64%  26.7 6421s
 384915 303299 2.5625e+08   17   18 2.6052e+08 2.5625e+08  1.64%  26.8 6464s
 384917 303302 2.5625e+08   18   19 2.6052e+08 2.5625e+08  1.64%  26.8 6465s
 384969 303357 2.5625e+08   22   18 2.6052e+08 2.5625e+08  1.64%  26.8 6470s
 384993 303416 2.5625e+08   23   15 2.6052e+08 2.5625e+08  1.64%  26.8 6476s
 385060 303886 2.5625e+08   25   19 2.6052e+08 2.5625e+08  1.64%  26.8 6480s
 385552 303773 2.5625e+08   27   20 2.6052e+08 2.5625e+08  1.64%  26.8 6492s
 385603 306033 2.5625e+08   36   18 2.6052e+08 2.5625e+08  1.64%  26.8 6510s
H388261 305147                    2.605219e+08 2.5625e+08  1.64%  23.3 6511s
 388290 305170 2.5625e+08   17   34 2.6052e+08 2.5625e+08  1.64%  26.8 6546s
 388344 305228 2.5625e+08   22   23 2.6052e+08 2.5625e+08  1.64%  26.8 6550s
 388368 305268 2.5625e+08   23   40 2.6052e+08 2.5625e+08  1.64%  26.8 6562s
 388416 305276 2.5625e+08   25   23 2.6052e+08 2.5625e+08  1.64%  26.8 6577s
 388440 305796 2.5625e+08   26   25 2.6052e+08 2.5625e+08  1.64%  26.8 6581s
 388968 307089 2.5625e+08   30   21 2.6052e+08 2.5625e+08  1.64%  26.8 6589s
 390437 312057 2.5625e+08   43   12 2.6052e+08 2.5625e+08  1.64%  26.8 6627s
 395895 314491 2.5625e+08   52   13 2.6052e+08 2.5625e+08  1.64%  26.8 6662s
 400148 315429 2.5625e+08   39   12 2.6052e+08 2.5625e+08  1.64%  26.7 6684s
 402504 320264 2.5625e+08   45   36 2.6052e+08 2.5625e+08  1.64%  26.6 6719s
 408155 318414 2.5625e+08   17   18 2.6052e+08 2.5625e+08  1.64%  26.7 6757s
 408185 318456 2.5625e+08   21   14 2.6052e+08 2.5625e+08  1.64%  26.7 6760s
 408233 318511 2.5625e+08   23   16 2.6052e+08 2.5625e+08  1.64%  26.7 6771s
 408280 318520 2.5625e+08   25   20 2.6052e+08 2.5625e+08  1.64%  26.7 6782s
 408304 319040 2.5625e+08   24   12 2.6052e+08 2.5625e+08  1.64%  26.7 6786s
 408832 320459 2.5625e+08   30   12 2.6052e+08 2.5625e+08  1.64%  26.7 6795s
 410455 319949 2.5625e+08   17   18 2.6052e+08 2.5625e+08  1.64%  26.7 6829s
 410469 319972 2.5625e+08   20   20 2.6052e+08 2.5625e+08  1.64%  26.7 6830s
 410533 320046 2.5625e+08   22   22 2.6052e+08 2.5625e+08  1.64%  26.7 6848s
 410580 319750 2.5625e+08   23   22 2.6052e+08 2.5625e+08  1.64%  26.7 6858s
 410604 320270 2.5625e+08   25   18 2.6052e+08 2.5625e+08  1.64%  26.7 6862s
 411132 320833 2.5625e+08   42   26 2.6052e+08 2.5625e+08  1.64%  26.7 6869s
H411871 320587                    2.605219e+08 2.5625e+08  1.64%  23.4 6870s
 411871 324953 2.5625e+08   71   33 2.6052e+08 2.5625e+08  1.64%  26.7 6900s
H416237 323540                    2.605219e+08 2.5625e+08  1.64%  23.4 6901s
 416237 328316 2.5625e+08   87   34 2.6052e+08 2.5625e+08  1.64%  26.6 6922s
 421013 330909 2.5625e+08   43    9 2.6052e+08 2.5625e+08  1.64%  26.4 6949s
 425198 336628 2.5625e+08   61   28 2.6052e+08 2.5625e+08  1.64%  26.3 6984s
 432312 339487 2.5625e+08   72    9 2.6052e+08 2.5625e+08  1.64%  26.0 7000s
 435608 340874 2.5625e+08   65    9 2.6052e+08 2.5625e+08  1.64%  25.9 7028s
 436995 347204 2.5625e+08   67   54 2.6052e+08 2.5625e+08  1.64%  25.9 7062s
H443787 344650                    2.605218e+08 2.5625e+08  1.64%  22.7 7063s
 443787 348625 2.5625e+08  127   25 2.6052e+08 2.5625e+08  1.64%  25.7 7085s
 447762 347343 2.5625e+08   64   21 2.6052e+08 2.5625e+08  1.64%  25.7 7095s
 447805 354745 2.5625e+08   29   23 2.6052e+08 2.5625e+08  1.64%  25.7 7149s
 455221 352297 2.5625e+08   92   51 2.6052e+08 2.5625e+08  1.64%  25.5 7169s
 455245 359825 2.5625e+08   93    8 2.6052e+08 2.5625e+08  1.64%  25.5 7219s
 462781 359626 2.5625e+08   47   20 2.6052e+08 2.5625e+08  1.64%  25.3 7249s
 465094 361999 2.5625e+08   23   39 2.6052e+08 2.5625e+08  1.64%  25.3 7265s

Cutting planes:
  Gomory: 16
  Lift-and-project: 19
  Implied bound: 8
  MIR: 374
  Flow cover: 4433
  RLT: 89
  Relax-and-lift: 1

Explored 468238 nodes (11830791 simplex iterations) in 7273.01 seconds (3166.92 work units)
Thread count was 24 (of 32 available processors)

Solution count 10: 2.60522e+08 2.60522e+08 2.60522e+08 ... 2.60614e+08

Solve interrupted
Warning: max constraint violation (5.9708e-06) exceeds tolerance
Best objective 2.605218047420e+08, best bound 2.562453886139e+08, gap 1.6415%
