
Gurobi 12.0.3 (win64) logging started Thu Jul 30 22:24:23 2026

Set parameter LogFile to value "output/Taller_DET_Agosto/Carga_ob_8lhs_max_production\station_1_d121_stage1\gurobi.log"
Set parameter Threads to value 2
Set parameter Heuristics to value 0.5
Set parameter MIPFocus to value 3
Set parameter Presolve to value 2
Set parameter FlowCoverCuts to value 2
Set parameter TimeLimit to value 3600
Gurobi Optimizer version 12.0.3 build v12.0.3rc0 (win64 - Windows 11+.0 (26200.2))

CPU model: Intel(R) Core(TM) i9-14900K, instruction set [SSE2|AVX|AVX2]
Thread count: 24 physical cores, 32 logical processors, using up to 2 threads

Non-default parameters:
TimeLimit  3600
MIPGap  0.01
Heuristics  0.5
MIPFocus  3
FlowCoverCuts  2
Presolve  2
Threads  2

Optimize a model with 51969 rows, 87521 columns and 260194 nonzeros
Model fingerprint: 0xb1a15d6f
Variable types: 41079 continuous, 46442 integer (46441 binary)
Coefficient statistics:
  Matrix range     [1e-01, 3e+02]
  Objective range  [4e-01, 9e+04]
  Bounds range     [1e+00, 3e+00]
  RHS range        [1e+00, 3e+04]
Presolve removed 49186 rows and 65306 columns
Presolve time: 0.26s
Presolved: 2783 rows, 22215 columns, 67318 nonzeros
Variable types: 529 continuous, 21686 integer (21475 binary)
Root relaxation presolved: 2783 rows, 22215 columns, 67318 nonzeros


Use crossover to convert LP symmetric solution to basic solution...

Root relaxation: objective 4.534427e+05, 6385 iterations, 0.13 seconds (0.14 work units)

    Nodes    |    Current Node    |     Objective Bounds      |     Work
 Expl Unexpl |  Obj  Depth IntInf | Incumbent    BestBd   Gap | It/Node Time

     0     0 453442.718    0   25          - 453442.718      -     -    1s
H    0     0                    486153.84548 453442.718  6.73%     -    1s
H    0     0                    470344.77543 453442.718  3.59%     -    1s
H    0     0                    461220.74068 453442.718  1.69%     -    1s
H    0     0                    460774.61022 453442.718  1.59%     -    1s
H    0     0                    456607.08366 453442.718  0.69%     -    1s

Explored 1 nodes (10570 simplex iterations) in 1.24 seconds (1.52 work units)
Thread count was 2 (of 32 available processors)

Solution count 5: 456607 460775 461221 ... 486154

Optimal solution found (tolerance 1.00e-02)
Best objective 4.566070836575e+05, best bound 4.534427176288e+05, gap 0.6930%
