
Gurobi 12.0.3 (win64) logging started Tue Jun 30 14:31:12 2026

Set parameter LogFile to value "output/DCH_taller_julio/Costo_variable/Carga_on_board_320kW_Descomp/station_2_d244_stage1\gurobi.log"
Set parameter Threads to value 5
Set parameter Heuristics to value 0.5
Set parameter MIPFocus to value 3
Set parameter Presolve to value 2
Set parameter FlowCoverCuts to value 2
Set parameter TimeLimit to value 172800
Gurobi Optimizer version 12.0.3 build v12.0.3rc0 (win64 - Windows 11+.0 (26200.2))

CPU model: Intel(R) Core(TM) i9-14900K, instruction set [SSE2|AVX|AVX2]
Thread count: 24 physical cores, 32 logical processors, using up to 5 threads

Non-default parameters:
TimeLimit  172800
MIPGap  0.01
Heuristics  0.5
MIPFocus  3
FlowCoverCuts  2
Presolve  2
Threads  5

Optimize a model with 23795 rows, 37807 columns and 116832 nonzeros
Model fingerprint: 0x3f0c55e7
Variable types: 18325 continuous, 19482 integer (19481 binary)
Coefficient statistics:
  Matrix range     [1e-01, 3e+02]
  Objective range  [8e-03, 9e+04]
  Bounds range     [1e+00, 1e+00]
  RHS range        [1e+00, 1e+04]
Presolve removed 21025 rows and 27336 columns
Presolve time: 0.11s
Presolved: 2770 rows, 10471 columns, 32041 nonzeros
Variable types: 821 continuous, 9650 integer (9649 binary)
Root relaxation presolved: 2770 rows, 10471 columns, 32041 nonzeros


Root relaxation: objective 1.037793e+05, 5008 iterations, 0.34 seconds (0.61 work units)

    Nodes    |    Current Node    |     Objective Bounds      |     Work
 Expl Unexpl |  Obj  Depth IntInf | Incumbent    BestBd   Gap | It/Node Time

     0     0 103779.311    0  530          - 103779.311      -     -    1s
H    0     0                    370344.52872 104364.517  71.8%     -    1s
     0     0 111762.791    0  528 370344.529 111762.791  69.8%     -    2s
     0     0 116358.795    0  564 370344.529 116358.795  68.6%     -    2s
     0     0 116358.795    0  568 370344.529 116358.795  68.6%     -    2s
H    0     0                    166283.26827 116358.795  30.0%     -    3s
     0     0 130468.995    0  506 166283.268 130468.995  21.5%     -    4s
H    0     0                    157213.94187 130468.995  17.0%     -    4s
H    0     0                    157179.94616 130468.995  17.0%     -    4s
     0     0 130468.995    0  495 157179.946 130468.995  17.0%     -    4s
     0     0 130468.995    0  312 157179.946 130468.995  17.0%     -    6s
H    0     0                    153452.12758 130468.995  15.0%     -    6s
H    0     0                    153260.37028 130468.995  14.9%     -    6s
H    0     0                    153258.44487 130468.995  14.9%     -    6s
H    0     0                    153256.89844 130468.995  14.9%     -    6s
     0     0 130468.995    0  318 153256.898 130468.995  14.9%     -    6s
     0     0 130468.995    0  259 153256.898 130468.995  14.9%     -    7s
H    0     0                    153161.34930 130468.995  14.8%     -    7s
     0     0 130468.995    0  260 153161.349 130468.995  14.8%     -    7s
H    0     0                    153114.97882 130468.995  14.8%     -    8s
H    0     0                    148309.77729 130468.995  12.0%     -    8s
H    0     0                    147957.72722 130468.995  11.8%     -    8s
H    0     0                    147941.11331 130468.995  11.8%     -    8s
     0     0 130468.995    0  264 147941.113 130468.995  11.8%     -    8s
     0     0 130468.995    0  264 147941.113 130468.995  11.8%     -    8s
H    0     0                    145806.62619 130468.995  10.5%     -    8s
H    0     0                    145802.77809 130468.995  10.5%     -    9s
H    0     0                    145642.83676 130468.995  10.4%     -    9s
H    0     0                    143817.89005 130468.995  9.28%     -    9s
H    0     0                    143662.67728 130468.995  9.18%     -    9s
H    0     0                    141794.42274 130468.995  7.99%     -    9s
H    0     0                    141733.79625 130468.995  7.95%     -    9s
H    0     0                    141691.57321 130468.995  7.92%     -    9s
H    0     0                    141685.34771 130468.995  7.92%     -    9s
H    0     2                    141607.16964 130468.995  7.87%     -   10s
     0     2 130468.995    0  260 141607.170 130468.995  7.87%     -   10s
H   29    48                    138339.25604 130468.995  5.69%  1328   13s
H   33    48                    137421.51511 130468.995  5.06%  1354   13s
    49   142 130468.995   12  313 137421.515 130468.995  5.06%  1360   16s
H  127   142                    136375.03005 130468.995  4.33%   889   16s
H  143   427                    132888.47922 130468.995  1.82%   905   21s
H  143   427                    132217.25686 130468.995  1.32%   905   21s
H  367   427                    131978.54855 130468.995  1.14%   526   21s
H  428   743                    130799.79717 130468.995  0.25%   495   26s
H  495   742                    130796.20783 130468.995  0.25%   443   26s

Cutting planes:
  Gomory: 7
  Cover: 98
  Implied bound: 106
  Clique: 106
  MIR: 286
  Mixing: 71
  Flow cover: 363
  Inf proof: 1
  Zero half: 265
  RLT: 1
  Relax-and-lift: 194
  BQP: 181
  PSD: 2

Explored 752 nodes (309115 simplex iterations) in 26.98 seconds (63.88 work units)
Thread count was 5 (of 32 available processors)

Solution count 10: 130796 130800 131979 ... 141685

Optimal solution found (tolerance 1.00e-02)
Best objective 1.307962078272e+05, best bound 1.304689950046e+05, gap 0.2502%
