
Gurobi 12.0.3 (win64) logging started Mon Sep  7 19:28:04 2026

Set parameter LogFile to value "C:\Users\TECNO-MASTER\Desktop\Elmo_infrastructure_sizing_NP-\output\DCH_septiembre\Bateria_353\Costo_variable\Ventana_restringida\Carga_on_board_variable_3estaciones_P640kW_Descomp/station_2_d152_stage1\gurobi.log"
Set parameter Threads to value 1
Set parameter Heuristics to value 0.5
Set parameter MIPFocus to value 3
Set parameter Presolve to value 2
Set parameter FlowCoverCuts to value 2
Set parameter TimeLimit to value 1200
Gurobi Optimizer version 12.0.3 build v12.0.3rc0 (win64 - Windows 11+.0 (26200.2))

CPU model: Intel(R) Core(TM) i9-14900K, instruction set [SSE2|AVX|AVX2]
Thread count: 24 physical cores, 32 logical processors, using up to 1 threads

Non-default parameters:
TimeLimit  1200
MIPGap  0.05
Heuristics  0.5
MIPFocus  3
FlowCoverCuts  2
Presolve  2
Threads  1

Optimize a model with 24316 rows, 39247 columns and 117254 nonzeros
Model fingerprint: 0x423e6ce8
Variable types: 18325 continuous, 20922 integer (20921 binary)
Coefficient statistics:
  Matrix range     [1e-01, 6e+02]
  Objective range  [1e-02, 1e+05]
  Bounds range     [1e+00, 1e+00]
  RHS range        [1e+00, 1e+04]
Presolve removed 23088 rows and 29960 columns
Presolve time: 0.21s
Presolved: 1228 rows, 9287 columns, 28152 nonzeros
Variable types: 233 continuous, 9054 integer (9053 binary)
Root relaxation presolved: 1228 rows, 9287 columns, 28152 nonzeros


Use crossover to convert LP symmetric solution to basic solution...

Root relaxation: objective 1.635651e+05, 3144 iterations, 0.06 seconds (0.05 work units)

    Nodes    |    Current Node    |     Objective Bounds      |     Work
 Expl Unexpl |  Obj  Depth IntInf | Incumbent    BestBd   Gap | It/Node Time

     0     0 163565.122    0  111          - 163565.122      -     -    0s
H    0     0                    269516.97384 163565.122  39.3%     -    0s
H    0     0                    267685.77270 163565.122  38.9%     -    0s
H    0     0                    267639.52407 163565.122  38.9%     -    0s
H    0     0                    267504.93971 163565.122  38.9%     -    1s
H    0     0                    267500.68415 163565.122  38.9%     -    1s
H    0     0                    267500.16821 163565.122  38.9%     -    1s
H    0     0                    267414.59568 163565.122  38.8%     -    1s
     0     0 181109.559    0   49 267414.596 181109.559  32.3%     -    1s
H    0     0                    189123.45123 181109.559  4.24%     -    1s

Cutting planes:
  Gomory: 1
  Cover: 3
  Projected implied bound: 1
  Clique: 1
  Zero half: 13
  RLT: 1
  Relax-and-lift: 5

Explored 1 nodes (9419 simplex iterations) in 1.74 seconds (1.42 work units)
Thread count was 1 (of 32 available processors)

Solution count 8: 189123 267415 267500 ... 269517

Optimal solution found (tolerance 5.00e-02)
Best objective 1.891234512274e+05, best bound 1.811095585191e+05, gap 4.2374%
