
Gurobi 12.0.3 (win64) logging started Sun Aug 23 02:54:53 2026

Set parameter LogFile to value "C:\Users\TECNO-MASTER\Desktop\Elmo_infrastructure_sizing_NP-\output\DCH_agosto\Costo_variable\Carga_libre\Carga_on_board_variable_3estaciones_P640kW_Descomp/station_3_d182\gurobi.log"
Set parameter Threads to value 1
Set parameter Heuristics to value 0.5
Set parameter MIPFocus to value 3
Set parameter Presolve to value 2
Set parameter FlowCoverCuts to value 2
Set parameter TimeLimit to value 172800
Gurobi Optimizer version 12.0.3 build v12.0.3rc0 (win64 - Windows 11+.0 (26200.2))

CPU model: Intel(R) Core(TM) i9-14900K, instruction set [SSE2|AVX|AVX2]
Thread count: 24 physical cores, 32 logical processors, using up to 1 threads

Non-default parameters:
TimeLimit  172800
MIPGap  0.01
Heuristics  0.5
MIPFocus  3
FlowCoverCuts  2
Presolve  2
Threads  1

Optimize a model with 22770 rows, 37249 columns and 109786 nonzeros
Model fingerprint: 0x3aae70fe
Variable types: 17323 continuous, 19926 integer (19925 binary)
Coefficient statistics:
  Matrix range     [1e-01, 6e+02]
  Objective range  [1e-02, 1e+02]
  Bounds range     [1e+00, 3e+00]
  RHS range        [1e+00, 1e+04]
Presolve removed 20325 rows and 26957 columns
Presolve time: 0.41s
Presolved: 2445 rows, 10292 columns, 31454 nonzeros
Variable types: 841 continuous, 9451 integer (9360 binary)
Root relaxation presolved: 2445 rows, 10292 columns, 31454 nonzeros

Warning: Markowitz tolerance tightened to 0.03125

Root relaxation: objective 1.640975e+05, 4505 iterations, 0.75 seconds (0.31 work units)

    Nodes    |    Current Node    |     Objective Bounds      |     Work
 Expl Unexpl |  Obj  Depth IntInf | Incumbent    BestBd   Gap | It/Node Time

     0     0 164097.496    0  175          - 164097.496      -     -    2s
H    0     0                    198410.37691 164097.496  17.3%     -    2s
H    0     0                    195796.47304 164097.496  16.2%     -    2s
H    0     0                    174810.60683 164097.496  6.13%     -    2s
H    0     0                    174805.19300 164097.496  6.13%     -    2s
H    0     0                    166772.05568 164097.496  1.60%     -    2s
H    0     0                    166162.64508 164097.496  1.24%     -    2s
H    0     0                    166128.74731 164097.496  1.22%     -    2s
H    0     0                    166085.80169 164097.496  1.20%     -    2s
H    0     0                    165687.51029 164097.496  0.96%     -    2s

Explored 1 nodes (6642 simplex iterations) in 2.84 seconds (1.12 work units)
Thread count was 1 (of 32 available processors)

Solution count 9: 165688 166086 166129 ... 198410

Optimal solution found (tolerance 1.00e-02)
Best objective 1.656875102909e+05, best bound 1.640974962894e+05, gap 0.9596%
