
Gurobi 12.0.3 (win64) logging started Sun Aug 23 02:50:39 2026

Set parameter LogFile to value "C:\Users\TECNO-MASTER\Desktop\Elmo_infrastructure_sizing_NP-\output\DCH_agosto\Costo_variable\Carga_libre\Carga_on_board_variable_3estaciones_P320kW_Descomp/station_3_d182\gurobi.log"
Set parameter Threads to value 1
Set parameter Heuristics to value 0.5
Set parameter MIPFocus to value 3
Set parameter Presolve to value 2
Set parameter FlowCoverCuts to value 2
Set parameter TimeLimit to value 172800
Gurobi Optimizer version 12.0.3 build v12.0.3rc0 (win64 - Windows 11+.0 (26200.2))

CPU model: Intel(R) Core(TM) i9-14900K, instruction set [SSE2|AVX|AVX2]
Thread count: 24 physical cores, 32 logical processors, using up to 1 threads

Non-default parameters:
TimeLimit  172800
MIPGap  0.01
Heuristics  0.5
MIPFocus  3
FlowCoverCuts  2
Presolve  2
Threads  1

Optimize a model with 22770 rows, 37249 columns and 109786 nonzeros
Model fingerprint: 0x4c7f40c3
Variable types: 17323 continuous, 19926 integer (19925 binary)
Coefficient statistics:
  Matrix range     [1e-01, 3e+02]
  Objective range  [1e-02, 1e+02]
  Bounds range     [1e+00, 3e+00]
  RHS range        [1e+00, 1e+04]
Presolve removed 20416 rows and 26957 columns
Presolve time: 0.61s
Presolved: 2354 rows, 10292 columns, 30726 nonzeros
Variable types: 841 continuous, 9451 integer (9360 binary)
Root relaxation presolved: 2354 rows, 10292 columns, 30726 nonzeros


Root relaxation: objective 1.261938e+05, 3356 iterations, 0.16 seconds (0.17 work units)

    Nodes    |    Current Node    |     Objective Bounds      |     Work
 Expl Unexpl |  Obj  Depth IntInf | Incumbent    BestBd   Gap | It/Node Time

     0     0 126193.781    0  178          - 126193.781      -     -    1s
H    0     0                    157331.22575 126193.781  19.8%     -    1s
H    0     0                    131383.04578 126193.781  3.95%     -    1s
H    0     0                    128492.53833 126193.781  1.79%     -    1s
H    0     0                    126297.09227 126193.781  0.08%     -    2s

Explored 1 nodes (8814 simplex iterations) in 2.04 seconds (1.15 work units)
Thread count was 1 (of 32 available processors)

Solution count 4: 126297 128493 131383 157331 

Optimal solution found (tolerance 1.00e-02)
Best objective 1.262970922657e+05, best bound 1.261937810030e+05, gap 0.0818%
