
Gurobi 12.0.3 (win64) logging started Tue Jul  7 17:59:40 2026

Set parameter LogFile to value "output/DCH_taller_julio/Costo_variable/Ventana_restringida/Carga_on_board_1000kW_Descomp_ventana_carga/station_2_d1_stage1\gurobi.log"
Set parameter Threads to value 5
Set parameter Heuristics to value 0.5
Set parameter MIPFocus to value 3
Set parameter Presolve to value 2
Set parameter FlowCoverCuts to value 2
Set parameter TimeLimit to value 172800
Gurobi Optimizer version 12.0.3 build v12.0.3rc0 (win64 - Windows 11+.0 (26200.2))

CPU model: Intel(R) Core(TM) i9-14900K, instruction set [SSE2|AVX|AVX2]
Thread count: 24 physical cores, 32 logical processors, using up to 5 threads

Non-default parameters:
TimeLimit  172800
MIPGap  0.01
Heuristics  0.5
MIPFocus  3
FlowCoverCuts  2
Presolve  2
Threads  5

Optimize a model with 24301 rows, 37807 columns and 117308 nonzeros
Model fingerprint: 0x8d472b44
Variable types: 18325 continuous, 19482 integer (19481 binary)
Coefficient statistics:
  Matrix range     [1e-01, 1e+03]
  Objective range  [1e-02, 2e+05]
  Bounds range     [1e+00, 1e+00]
  RHS range        [1e+00, 1e+04]
Presolve removed 23058 rows and 28785 columns
Presolve time: 0.35s
Presolved: 1243 rows, 9022 columns, 27354 nonzeros
Variable types: 244 continuous, 8778 integer (8777 binary)
Root relaxation presolved: 1243 rows, 9022 columns, 27354 nonzeros


Use crossover to convert LP symmetric solution to basic solution...

Root relaxation: objective 1.272768e+05, 3472 iterations, 0.13 seconds (0.07 work units)

    Nodes    |    Current Node    |     Objective Bounds      |     Work
 Expl Unexpl |  Obj  Depth IntInf | Incumbent    BestBd   Gap | It/Node Time

     0     0 221475.442    0  101          - 221475.442      -     -    1s
H    0     0                    399330.52290 221475.442  44.5%     -    2s
H    0     0                    397591.30031 221475.506  44.3%     -    2s
H    0     0                    397518.63214 221475.506  44.3%     -    2s
     0     0 221504.201    0  101 397518.632 221504.201  44.3%     -    2s
H    0     0                    396882.83402 221504.201  44.2%     -    2s
H    0     0                    396882.67820 221504.201  44.2%     -    3s
H    0     0                    396697.40102 221504.201  44.2%     -    3s
H    0     0                    396615.46095 221504.201  44.2%     -    3s
H    0     0                    396609.77479 221504.201  44.2%     -    3s
H    0     0                    396508.39547 221504.201  44.1%     -    3s
H    0     0                    396486.89232 221504.201  44.1%     -    3s
H    0     0                    396476.14713 221504.201  44.1%     -    3s
     0     0 221504.495    0  122 396476.147 221504.495  44.1%     -    3s
     0     0 221504.495    0  132 396476.147 221504.495  44.1%     -    3s
H    0     0                    221696.79512 221504.495  0.09%     -    4s
H    0     0                    221695.84421 221504.495  0.09%     -    4s
     0     0 221504.495    0   87 221695.844 221504.495  0.09%     -    4s

Cutting planes:
  Gomory: 48
  Lift-and-project: 6
  Cover: 7
  Implied bound: 1
  Projected implied bound: 2
  Clique: 1
  MIR: 20
  Mixing: 1
  Flow cover: 40
  GUB cover: 2
  Zero half: 24
  RLT: 1
  Relax-and-lift: 9

Explored 1 nodes (15972 simplex iterations) in 4.75 seconds (2.19 work units)
Thread count was 5 (of 32 available processors)

Solution count 10: 221696 221697 396476 ... 396883

Optimal solution found (tolerance 1.00e-02)
Best objective 2.216958442114e+05, best bound 2.215044947551e+05, gap 0.0863%
