
Gurobi 12.0.0 (win64) logging started Mon Sep  7 03:53:20 2026

Set parameter LogFile to value "C:\Users\TECNO-MASTER\Desktop\Elmo_infrastructure_sizing_NP-\output\DCH_septiembre\Bateria_482\Costo_fijo\Ventana_restringida\Carga_on_board_fixed_3estaciones_P640kW_Descomp/station_2_d91\gurobi.log"
Set parameter Threads to value 1
Set parameter Heuristics to value 0.5
Set parameter MIPFocus to value 3
Set parameter Presolve to value 2
Set parameter FlowCoverCuts to value 2
Set parameter TimeLimit to value 1200
Gurobi Optimizer version 12.0.0 build v12.0.0rc1 (win64 - Windows 11+.0 (26200.2))

CPU model: Intel(R) Core(TM) i9-14900K, instruction set [SSE2|AVX|AVX2]
Thread count: 24 physical cores, 32 logical processors, using up to 1 threads

Non-default parameters:
TimeLimit  1200
MIPGap  0.05
Heuristics  0.5
MIPFocus  3
FlowCoverCuts  2
Presolve  2
Threads  1

Optimize a model with 24316 rows, 39247 columns and 116352 nonzeros
Model fingerprint: 0xda7e46bd
Variable types: 18325 continuous, 20922 integer (20921 binary)
Coefficient statistics:
  Matrix range     [1e-01, 6e+02]
  Objective range  [4e-01, 1e+02]
  Bounds range     [1e+00, 1e+00]
  RHS range        [1e+00, 1e+04]
Presolve removed 23245 rows and 29962 columns
Presolve time: 0.20s
Presolved: 1071 rows, 9285 columns, 27879 nonzeros
Variable types: 233 continuous, 9052 integer (9052 binary)
Root relaxation presolved: 1071 rows, 9285 columns, 27879 nonzeros


Use crossover to convert LP symmetric solution to basic solution...

Root relaxation: objective 1.810275e+05, 3132 iterations, 0.05 seconds (0.04 work units)

    Nodes    |    Current Node    |     Objective Bounds      |     Work
 Expl Unexpl |  Obj  Depth IntInf | Incumbent    BestBd   Gap | It/Node Time

     0     0 181027.549    0   49          - 181027.549      -     -    0s
     0     0 181027.549    0   39          - 181027.549      -     -    1s
     0     0 181027.549    0   28          - 181027.549      -     -    1s
     0     0 181027.549    0   19          - 181027.549      -     -    1s
H    0     0                    216323.89471 181027.549  16.3%     -    1s
H    0     0                    183428.26199 181027.549  1.31%     -    1s

Cutting planes:
  Gomory: 5
  Lift-and-project: 1
  Cover: 4
  Implied bound: 4
  Clique: 7
  MIR: 2
  Mixing: 1
  Flow cover: 10
  Zero half: 1
  RLT: 5
  Relax-and-lift: 8
  BQP: 1
  PSD: 5

Explored 1 nodes (7102 simplex iterations) in 1.45 seconds (1.14 work units)
Thread count was 1 (of 32 available processors)

Solution count 2: 183428 216324 

Optimal solution found (tolerance 5.00e-02)
Best objective 1.834282619863e+05, best bound 1.810275487022e+05, gap 1.3088%
