
Gurobi 12.0.3 (win64) logging started Tue Jun 30 15:29:28 2026

Set parameter LogFile to value "output/DCH_taller_julio/Costo_variable/Carga_on_board_1000kW_Descomp/station_1_d213\gurobi.log"
Set parameter Threads to value 5
Set parameter Heuristics to value 0.5
Set parameter MIPFocus to value 3
Set parameter Presolve to value 2
Set parameter FlowCoverCuts to value 2
Set parameter TimeLimit to value 172800
Gurobi Optimizer version 12.0.3 build v12.0.3rc0 (win64 - Windows 11+.0 (26200.2))

CPU model: Intel(R) Core(TM) i9-14900K, instruction set [SSE2|AVX|AVX2]
Thread count: 24 physical cores, 32 logical processors, using up to 5 threads

Non-default parameters:
TimeLimit  172800
MIPGap  0.01
Heuristics  0.5
MIPFocus  3
FlowCoverCuts  2
Presolve  2
Threads  5

Optimize a model with 22793 rows, 35809 columns and 109900 nonzeros
Model fingerprint: 0xfe5934ba
Variable types: 17323 continuous, 18486 integer (18485 binary)
Coefficient statistics:
  Matrix range     [1e-01, 1e+03]
  Objective range  [8e-03, 1e+02]
  Bounds range     [1e+00, 1e+00]
  RHS range        [1e+00, 1e+04]
Presolve removed 20397 rows and 25838 columns
Presolve time: 0.10s
Presolved: 2396 rows, 9971 columns, 30232 nonzeros
Variable types: 821 continuous, 9150 integer (9150 binary)
Root relaxation presolved: 2396 rows, 9971 columns, 30232 nonzeros


Root relaxation: objective 2.143140e+05, 3246 iterations, 0.08 seconds (0.14 work units)

    Nodes    |    Current Node    |     Objective Bounds      |     Work
 Expl Unexpl |  Obj  Depth IntInf | Incumbent    BestBd   Gap | It/Node Time

     0     0 214314.040    0  216          - 214314.040      -     -    0s
H    0     0                    263724.27792 214314.040  18.7%     -    0s
H    0     0                    263688.11799 214314.040  18.7%     -    0s
H    0     0                    262744.46712 214314.040  18.4%     -    0s
H    0     0                    238552.14054 214314.040  10.2%     -    0s
H    0     0                    237691.42721 214314.040  9.84%     -    0s
H    0     0                    237637.36516 214314.040  9.81%     -    0s
H    0     0                    234576.20534 214314.040  8.64%     -    0s
H    0     0                    233873.05444 214314.040  8.36%     -    0s
H    0     0                    233837.55138 214314.040  8.35%     -    0s
H    0     0                    233643.05782 214314.040  8.27%     -    0s
H    0     0                    233642.68311 214314.040  8.27%     -    0s
H    0     0                    224685.98666 214314.040  4.62%     -    0s
H    0     0                    221849.43136 214314.040  3.40%     -    0s
H    0     0                    216633.64934 214541.172  0.97%     -    1s
H    0     0                    216632.12522 214541.172  0.97%     -    1s
H    0     0                    216079.50484 214541.172  0.71%     -    1s
     0     0 214541.172    0  200 216079.505 214541.172  0.71%     -    1s

Cutting planes:
  Gomory: 53
  Lift-and-project: 14
  Cover: 5
  Implied bound: 34
  Projected implied bound: 2
  Clique: 7
  MIR: 22
  Mixing: 5
  Flow cover: 98
  Zero half: 9
  RLT: 19
  Relax-and-lift: 19
  BQP: 4
  PSD: 2

Explored 1 nodes (8059 simplex iterations) in 1.23 seconds (1.30 work units)
Thread count was 5 (of 32 available processors)

Solution count 10: 216080 216632 216634 ... 234576

Optimal solution found (tolerance 1.00e-02)
Best objective 2.160795048400e+05, best bound 2.145411721239e+05, gap 0.7119%
