
Gurobi 12.0.3 (win64) logging started Tue Jun 30 14:22:49 2026

Set parameter LogFile to value "output/DCH_taller_julio/Costo_fijo/Carga_on_board_320kW_Descomp/station_2_d60_stage1\gurobi.log"
Set parameter Threads to value 5
Set parameter Heuristics to value 0.5
Set parameter MIPFocus to value 3
Set parameter Presolve to value 2
Set parameter FlowCoverCuts to value 2
Set parameter TimeLimit to value 172800
Gurobi Optimizer version 12.0.3 build v12.0.3rc0 (win64 - Windows 11+.0 (26200.2))

CPU model: Intel(R) Core(TM) i9-14900K, instruction set [SSE2|AVX|AVX2]
Thread count: 24 physical cores, 32 logical processors, using up to 5 threads

Non-default parameters:
TimeLimit  172800
MIPGap  0.01
Heuristics  0.5
MIPFocus  3
FlowCoverCuts  2
Presolve  2
Threads  5

Optimize a model with 23765 rows, 37807 columns and 116772 nonzeros
Model fingerprint: 0xf34a2c44
Variable types: 18325 continuous, 19482 integer (19481 binary)
Coefficient statistics:
  Matrix range     [1e-01, 3e+02]
  Objective range  [4e-01, 9e+04]
  Bounds range     [1e+00, 1e+00]
  RHS range        [1e+00, 1e+04]
Presolve removed 21025 rows and 27337 columns
Presolve time: 0.10s
Presolved: 2740 rows, 10470 columns, 31891 nonzeros
Variable types: 820 continuous, 9650 integer (9649 binary)
Root relaxation presolved: 2740 rows, 10470 columns, 31891 nonzeros


Root relaxation: objective 8.034754e+04, 4455 iterations, 0.28 seconds (0.62 work units)

    Nodes    |    Current Node    |     Objective Bounds      |     Work
 Expl Unexpl |  Obj  Depth IntInf | Incumbent    BestBd   Gap | It/Node Time

     0     0 132145.527    0   84          - 132145.527      -     -    2s
H    0     0                    218200.61342 132145.527  39.4%     -    2s
     0     0 132145.564    0   60 218200.613 132145.564  39.4%     -    2s
     0     0 132162.087    0   73 218200.613 132162.087  39.4%     -    2s
H    0     0                    132162.25623 132162.087  0.00%     -    2s
     0     0 132162.256    0    5 132162.256 132162.256  0.00%     -    2s

Cutting planes:
  Gomory: 8
  Cover: 5
  Implied bound: 1
  Clique: 2
  MIR: 2
  Flow cover: 4
  Zero half: 11
  RLT: 1
  Relax-and-lift: 7

Explored 1 nodes (23023 simplex iterations) in 2.91 seconds (4.39 work units)
Thread count was 5 (of 32 available processors)

Solution count 2: 132162 218201 

Optimal solution found (tolerance 1.00e-02)
Best objective 1.321622562319e+05, best bound 1.321622562319e+05, gap 0.0000%
