
Gurobi 12.0.3 (win64) logging started Sun Aug 23 17:25:04 2026

Set parameter LogFile to value "C:\Users\TECNO-MASTER\Desktop\Elmo_infrastructure_sizing_NP-\output\DCH_agosto\Costo_variable\Ventana_restringida\Carga_on_board_variable_3estaciones_P640kW_Descomp/station_1_d91_stage1\gurobi.log"
Set parameter Threads to value 1
Set parameter Heuristics to value 0.5
Set parameter MIPFocus to value 3
Set parameter Presolve to value 2
Set parameter FlowCoverCuts to value 2
Set parameter TimeLimit to value 172800
Gurobi Optimizer version 12.0.3 build v12.0.3rc0 (win64 - Windows 11+.0 (26200.2))

CPU model: Intel(R) Core(TM) i9-14900K, instruction set [SSE2|AVX|AVX2]
Thread count: 24 physical cores, 32 logical processors, using up to 1 threads

Non-default parameters:
TimeLimit  172800
MIPGap  0.01
Heuristics  0.5
MIPFocus  3
FlowCoverCuts  2
Presolve  2
Threads  1

Optimize a model with 23314 rows, 37249 columns and 111230 nonzeros
Model fingerprint: 0x9ff9ccea
Variable types: 17323 continuous, 19926 integer (19925 binary)
Coefficient statistics:
  Matrix range     [1e-01, 6e+02]
  Objective range  [1e-02, 1e+05]
  Bounds range     [1e+00, 3e+00]
  RHS range        [1e+00, 1e+04]
Presolve removed 22108 rows and 28486 columns
Presolve time: 0.18s
Presolved: 1206 rows, 8763 columns, 27242 nonzeros
Variable types: 233 continuous, 8530 integer (8443 binary)
Root relaxation presolved: 1206 rows, 8763 columns, 27242 nonzeros


Use crossover to convert LP symmetric solution to basic solution...

Root relaxation: objective 1.529618e+05, 3402 iterations, 0.07 seconds (0.06 work units)

    Nodes    |    Current Node    |     Objective Bounds      |     Work
 Expl Unexpl |  Obj  Depth IntInf | Incumbent    BestBd   Gap | It/Node Time

     0     0 152961.824    0  142          - 152961.824      -     -    0s
     0     0 169484.986    0  136          - 169484.986      -     -    1s
H    0     0                    320278.27061 169484.986  47.1%     -    1s
H    0     0                    311706.12874 169662.446  45.6%     -    1s
H    0     0                    235693.04097 169662.446  28.0%     -    1s
H    0     0                    235169.52708 169662.446  27.9%     -    1s
H    0     0                    223295.22081 169662.446  24.0%     -    1s
H    0     0                    222505.11895 169662.446  23.7%     -    1s
H    0     0                    221885.68582 169662.446  23.5%     -    1s
H    0     0                    218755.84154 169662.446  22.4%     -    1s
H    0     0                    218392.03146 169662.446  22.3%     -    1s
H    0     0                    201777.94704 169662.446  15.9%     -    2s
H    0     0                    201683.93694 169662.446  15.9%     -    2s
H    0     0                    197759.03065 169662.446  14.2%     -    2s
H    0     0                    193365.51867 169662.446  12.3%     -    2s
     0     0 169662.446    0  135 193365.519 169662.446  12.3%     -    2s
     0     0 171503.271    0  169 193365.519 171503.271  11.3%     -    2s
H    0     0                    193361.32412 171503.271  11.3%     -    2s
H    0     0                    192332.18710 171503.271  10.8%     -    2s
H    0     0                    191534.84495 171503.271  10.5%     -    2s
H    0     0                    191424.32237 171503.271  10.4%     -    2s
H    0     0                    190628.75939 171503.271  10.0%     -    3s
H    0     0                    190626.69827 171503.271  10.0%     -    3s
H    0     0                    190621.77233 171503.271  10.0%     -    3s
     0     0 172156.663    0  147 190621.772 172156.663  9.69%     -    3s
     0     0 172156.663    0  145 190621.772 172156.663  9.69%     -    3s
     0     0 172156.663    0  119 190621.772 172156.663  9.69%     -    4s
H    0     0                    190614.37186 172156.663  9.68%     -    4s
H    0     0                    190298.57133 172156.663  9.53%     -    4s
H    0     0                    189849.67965 172156.663  9.32%     -    4s
H    0     0                    188516.59186 172156.663  8.68%     -    4s
H    0     0                    188504.49065 172156.663  8.67%     -    4s
     0     0 172156.663    0  115 188504.491 172156.663  8.67%     -    4s
     0     0 172156.663    0  107 188504.491 172156.663  8.67%     -    4s
H    0     0                    186269.62341 172156.663  7.58%     -    5s
     0     0 172156.663    0  114 186269.623 172156.663  7.58%     -    5s
     0     0 172156.663    0  119 186269.623 172156.663  7.58%     -    5s
H    0     0                    186267.61748 172156.663  7.58%     -    5s
     0     0 172156.663    0  121 186267.617 172156.663  7.58%     -    6s
     0     0 172156.663    0  110 186267.617 172156.663  7.58%     -    6s
     0     0 172156.663    0  118 186267.617 172156.663  7.58%     -    6s
H    0     0                    180806.59050 172156.663  4.78%     -    6s
H    0     0                    180789.73588 172156.663  4.78%     -    6s
H    0     0                    180062.71312 172156.663  4.39%     -    6s
H    0     0                    179680.52651 172156.663  4.19%     -    6s
H    0     0                    179635.88906 172156.663  4.16%     -    7s
H    0     0                    179373.20708 172156.663  4.02%     -    7s
H    0     0                    179148.56438 172156.663  3.90%     -    7s
H    0     0                    179146.70947 172156.663  3.90%     -    7s
H    0     0                    178845.46963 172156.663  3.74%     -    7s
     0     2 174097.457    0  111 178845.470 174097.457  2.65%     -    7s

Cutting planes:
  Gomory: 1
  Cover: 7
  Projected implied bound: 4
  MIR: 6
  Flow cover: 6
  Zero half: 1
  Relax-and-lift: 2

Explored 3 nodes (17818 simplex iterations) in 7.94 seconds (6.76 work units)
Thread count was 1 (of 32 available processors)

Solution count 10: 178845 179147 179149 ... 186268

Optimal solution found (tolerance 1.00e-02)
Best objective 1.788454696261e+05, best bound 1.782321573770e+05, gap 0.3429%
