
Gurobi 12.0.3 (win64) logging started Tue Jul  7 17:50:31 2026

Set parameter LogFile to value "output/DCH_taller_julio/Costo_variable/Ventana_restringida/Carga_on_board_640kW_Descomp_ventana_carga/station_3_d335_stage1\gurobi.log"
Set parameter Threads to value 5
Set parameter Heuristics to value 0.5
Set parameter MIPFocus to value 3
Set parameter Presolve to value 2
Set parameter FlowCoverCuts to value 2
Set parameter TimeLimit to value 172800
Gurobi Optimizer version 12.0.3 build v12.0.3rc0 (win64 - Windows 11+.0 (26200.2))

CPU model: Intel(R) Core(TM) i9-14900K, instruction set [SSE2|AVX|AVX2]
Thread count: 24 physical cores, 32 logical processors, using up to 5 threads

Non-default parameters:
TimeLimit  172800
MIPGap  0.01
Heuristics  0.5
MIPFocus  3
FlowCoverCuts  2
Presolve  2
Threads  5

Optimize a model with 23299 rows, 35809 columns and 111278 nonzeros
Model fingerprint: 0x4890c649
Variable types: 17323 continuous, 18486 integer (18485 binary)
Coefficient statistics:
  Matrix range     [1e-01, 6e+02]
  Objective range  [4e-03, 1e+05]
  Bounds range     [1e+00, 1e+00]
  RHS range        [1e+00, 1e+04]
Presolve removed 22062 rows and 27285 columns
Presolve time: 0.33s
Presolved: 1237 rows, 8524 columns, 25866 nonzeros
Variable types: 244 continuous, 8280 integer (8279 binary)
Root relaxation presolved: 1237 rows, 8524 columns, 25866 nonzeros


Use crossover to convert LP symmetric solution to basic solution...

Root relaxation: objective 1.354307e+05, 3107 iterations, 0.12 seconds (0.06 work units)

    Nodes    |    Current Node    |     Objective Bounds      |     Work
 Expl Unexpl |  Obj  Depth IntInf | Incumbent    BestBd   Gap | It/Node Time

     0     0 173282.837    0  147          - 173282.837      -     -    1s
H    0     0                    303477.47638 173282.837  42.9%     -    1s
H    0     0                    300245.33306 173524.518  42.2%     -    2s
     0     0 173524.518    0   60 300245.333 173524.518  42.2%     -    2s
H    0     0                    299701.53364 173524.518  42.1%     -    2s
H    0     0                    299514.63661 173524.518  42.1%     -    2s
H    0     0                    299210.80099 173524.518  42.0%     -    2s
H    0     0                    298345.20520 173524.518  41.8%     -    2s
H    0     0                    298333.69969 173524.518  41.8%     -    2s
H    0     0                    298332.28002 173524.518  41.8%     -    2s
H    0     0                    298331.92853 173524.518  41.8%     -    2s
H    0     0                    298302.08338 173524.518  41.8%     -    2s
H    0     0                    298294.47903 173524.518  41.8%     -    2s
H    0     0                    297782.61334 173524.518  41.7%     -    2s
H    0     0                    297745.41899 173524.518  41.7%     -    2s
H    0     0                    297714.31740 173524.518  41.7%     -    2s
H    0     0                    297676.81131 173524.518  41.7%     -    2s
H    0     0                    297635.94963 173524.518  41.7%     -    2s
     0     0 173548.130    0   63 297635.950 173548.130  41.7%     -    2s
     0     0 173548.130    0   63 297635.950 173548.130  41.7%     -    2s
H    0     0                    174104.93961 173548.130  0.32%     -    3s
H    0     0                    173716.26256 173548.130  0.10%     -    3s
     0     0 173548.130    0   62 173716.263 173548.130  0.10%     -    3s

Cutting planes:
  Gomory: 12
  Lift-and-project: 42
  Cover: 5
  Projected implied bound: 1
  MIR: 17
  Flow cover: 16
  Relax-and-lift: 6

Explored 1 nodes (9062 simplex iterations) in 3.56 seconds (1.59 work units)
Thread count was 5 (of 32 available processors)

Solution count 10: 173716 174105 297636 ... 298332

Optimal solution found (tolerance 1.00e-02)
Best objective 1.737162625595e+05, best bound 1.735481304536e+05, gap 0.0968%
