
Gurobi 12.0.3 (win64) logging started Sun Aug 23 17:22:45 2026

Set parameter LogFile to value "C:\Users\TECNO-MASTER\Desktop\Elmo_infrastructure_sizing_NP-\output\DCH_agosto\Costo_variable\Ventana_restringida\Carga_on_board_variable_3estaciones_P1000kW_Descomp/station_1_d91\gurobi.log"
Set parameter Threads to value 1
Set parameter Heuristics to value 0.5
Set parameter MIPFocus to value 3
Set parameter Presolve to value 2
Set parameter FlowCoverCuts to value 2
Set parameter TimeLimit to value 172800
Gurobi Optimizer version 12.0.3 build v12.0.3rc0 (win64 - Windows 11+.0 (26200.2))

CPU model: Intel(R) Core(TM) i9-14900K, instruction set [SSE2|AVX|AVX2]
Thread count: 24 physical cores, 32 logical processors, using up to 1 threads

Non-default parameters:
TimeLimit  172800
MIPGap  0.01
Heuristics  0.5
MIPFocus  3
FlowCoverCuts  2
Presolve  2
Threads  1

Optimize a model with 23314 rows, 37249 columns and 110328 nonzeros
Model fingerprint: 0xafbde9cf
Variable types: 17323 continuous, 19926 integer (19925 binary)
Coefficient statistics:
  Matrix range     [1e-01, 1e+03]
  Objective range  [1e-02, 1e+02]
  Bounds range     [1e+00, 3e+00]
  RHS range        [1e+00, 1e+04]
Presolve removed 22249 rows and 28488 columns
Presolve time: 0.21s
Presolved: 1065 rows, 8761 columns, 27001 nonzeros
Variable types: 233 continuous, 8528 integer (8442 binary)
Root relaxation presolved: 1065 rows, 8761 columns, 27001 nonzeros


Use crossover to convert LP symmetric solution to basic solution...

Root relaxation: objective 2.180572e+05, 2794 iterations, 0.05 seconds (0.03 work units)

    Nodes    |    Current Node    |     Objective Bounds      |     Work
 Expl Unexpl |  Obj  Depth IntInf | Incumbent    BestBd   Gap | It/Node Time

     0     0 218057.173    0   34          - 218057.173      -     -    0s
H    0     0                    279991.95026 218057.173  22.1%     -    0s
H    0     0                    261348.18885 218057.173  16.6%     -    0s
H    0     0                    254075.17439 218057.173  14.2%     -    0s
H    0     0                    251680.22762 218057.173  13.4%     -    0s
H    0     0                    249985.83553 218057.173  12.8%     -    0s
H    0     0                    249949.20950 218057.173  12.8%     -    0s
H    0     0                    249919.51099 218057.173  12.7%     -    0s
     0     0 218057.548    0   41 249919.511 218057.548  12.7%     -    1s
H    0     0                    249911.54656 218057.548  12.7%     -    1s
H    0     0                    243248.24496 218057.548  10.4%     -    1s
H    0     0                    239673.59305 218057.548  9.02%     -    1s
H    0     0                    239662.67882 218057.548  9.01%     -    1s
H    0     0                    238449.46169 218057.548  8.55%     -    1s
H    0     0                    238439.91318 218057.548  8.55%     -    1s
     0     0 218057.548    0   43 238439.913 218057.548  8.55%     -    1s
     0     0 218057.548    0   24 238439.913 218057.548  8.55%     -    1s
     0     0 218057.548    0   46 238439.913 218057.548  8.55%     -    2s
H    0     0                    238439.21614 218057.548  8.55%     -    2s
H    0     0                    235520.37725 218057.548  7.41%     -    2s
H    0     0                    235108.70932 218057.548  7.25%     -    2s
H    0     0                    234921.64005 218057.548  7.18%     -    2s
     0     0 218057.548    0   27 234921.640 218057.548  7.18%     -    2s
H    0     0                    234879.15748 218057.548  7.16%     -    3s
H    0     0                    234811.98679 218057.548  7.14%     -    3s
     0     0 218057.548    0   66 234811.987 218057.548  7.14%     -    3s
     0     0 218057.548    0   26 234811.987 218057.548  7.14%     -    3s
     0     0 218057.548    0   26 234811.987 218057.548  7.14%     -    3s
H    0     0                    219435.02766 218057.548  0.63%     -    3s

Cutting planes:
  Gomory: 21
  Lift-and-project: 8
  Cover: 7
  Implied bound: 5
  Clique: 12
  MIR: 5
  Flow cover: 14
  Zero half: 5
  RLT: 1
  Relax-and-lift: 26
  PSD: 6

Explored 1 nodes (10937 simplex iterations) in 3.81 seconds (2.98 work units)
Thread count was 1 (of 32 available processors)

Solution count 10: 219435 234812 234879 ... 239663

Optimal solution found (tolerance 1.00e-02)
Best objective 2.194350276605e+05, best bound 2.180575481282e+05, gap 0.6277%
