
Gurobi 12.0.3 (win64) logging started Tue Jun 30 14:54:21 2026

Set parameter LogFile to value "output/DCH_taller_julio/Costo_variable/Carga_on_board_640kW_Descomp/station_2_d32_stage1\gurobi.log"
Set parameter Threads to value 5
Set parameter Heuristics to value 0.5
Set parameter MIPFocus to value 3
Set parameter Presolve to value 2
Set parameter FlowCoverCuts to value 2
Set parameter TimeLimit to value 172800
Gurobi Optimizer version 12.0.3 build v12.0.3rc0 (win64 - Windows 11+.0 (26200.2))

CPU model: Intel(R) Core(TM) i9-14900K, instruction set [SSE2|AVX|AVX2]
Thread count: 24 physical cores, 32 logical processors, using up to 5 threads

Non-default parameters:
TimeLimit  172800
MIPGap  0.01
Heuristics  0.5
MIPFocus  3
FlowCoverCuts  2
Presolve  2
Threads  5

Optimize a model with 23765 rows, 37807 columns and 116772 nonzeros
Model fingerprint: 0xc3ec366c
Variable types: 18325 continuous, 19482 integer (19481 binary)
Coefficient statistics:
  Matrix range     [1e-01, 6e+02]
  Objective range  [3e-03, 1e+05]
  Bounds range     [1e+00, 1e+00]
  RHS range        [1e+00, 1e+04]
Presolve removed 20926 rows and 27337 columns
Presolve time: 0.16s
Presolved: 2839 rows, 10470 columns, 32446 nonzeros
Variable types: 820 continuous, 9650 integer (9649 binary)
Root relaxation presolved: 2839 rows, 10470 columns, 32446 nonzeros


Root relaxation: objective 6.058826e+04, 3763 iterations, 0.34 seconds (0.65 work units)

    Nodes    |    Current Node    |     Objective Bounds      |     Work
 Expl Unexpl |  Obj  Depth IntInf | Incumbent    BestBd   Gap | It/Node Time

     0     0 168043.525    0  377          - 168043.525      -     -    4s
H    0     0                    303769.53899 168043.525  44.7%     -    5s
     0     0 168223.865    0  368 303769.539 168223.865  44.6%     -    5s
H    0     0                    172877.21942 168223.998  2.69%     -    6s
H    0     0                    172748.95200 168223.998  2.62%     -    6s
H    0     0                    172748.21963 168223.998  2.62%     -    6s
H    0     0                    172747.94946 168223.998  2.62%     -    6s
H    0     0                    172747.84095 168223.998  2.62%     -    6s
H    0     0                    172746.72519 168223.998  2.62%     -    6s
H    0     0                    172724.83278 168223.998  2.61%     -    6s
     0     0 168313.618    0  409 172724.833 168313.618  2.55%     -    6s
     0     0 168314.286    0  410 172724.833 168314.286  2.55%     -    6s
     0     0 168314.286    0  409 172724.833 168314.286  2.55%     -    6s
     0     0 168342.112    0  359 172724.833 168342.112  2.54%     -    7s
     0     0 168342.502    0  420 172724.833 168342.502  2.54%     -    7s
     0     0 168342.502    0  420 172724.833 168342.502  2.54%     -    7s
     0     0 168343.676    0  414 172724.833 168343.676  2.54%     -    9s
H    0     0                    171168.74562 168344.433  1.65%     -    9s
H    0     0                    171013.16289 168344.433  1.56%     -    9s
H    0     0                    170988.28207 168344.433  1.55%     -    9s
H    0     0                    170967.09289 168344.433  1.53%     -    9s
H    0     0                    170964.91019 168344.433  1.53%     -    9s
H    0     0                    170956.74116 168344.433  1.53%     -    9s
H    0     0                    170955.24814 168344.433  1.53%     -    9s
H    0     0                    170954.85559 168344.433  1.53%     -    9s
H    0     0                    170954.82398 168344.433  1.53%     -    9s
     0     0 168344.433    0  460 170954.824 168344.433  1.53%     -    9s
     0     0 168344.433    0  446 170954.824 168344.433  1.53%     -   10s
     0     0 168344.433    0  445 170954.824 168344.433  1.53%     -   10s
H    0     0                    170410.86689 168344.433  1.21%     -   11s
H    0     0                    170406.10387 168344.433  1.21%     -   11s
H    0     0                    170406.08847 168344.433  1.21%     -   12s
H    0     0                    170232.19731 168344.433  1.11%     -   12s
H    0     0                    170104.78303 168344.433  1.03%     -   12s
H    0     0                    169620.82878 168344.433  0.75%     -   12s

Cutting planes:
  Gomory: 39
  Lift-and-project: 13
  Cover: 50
  Implied bound: 19
  Clique: 11
  MIR: 15
  Flow cover: 44
  Zero half: 20
  RLT: 1
  Relax-and-lift: 41

Explored 1 nodes (60884 simplex iterations) in 12.39 seconds (14.28 work units)
Thread count was 5 (of 32 available processors)

Solution count 10: 169621 170105 170232 ... 170957

Optimal solution found (tolerance 1.00e-02)
Best objective 1.696208287771e+05, best bound 1.683444330812e+05, gap 0.7525%
