
Gurobi 12.0.3 (win64) logging started Sun Aug 23 17:25:50 2026

Set parameter LogFile to value "C:\Users\TECNO-MASTER\Desktop\Elmo_infrastructure_sizing_NP-\output\DCH_agosto\Costo_variable\Ventana_restringida\Carga_on_board_variable_3estaciones_P640kW_Descomp/station_2_d213\gurobi.log"
Set parameter Threads to value 1
Set parameter Heuristics to value 0.5
Set parameter MIPFocus to value 3
Set parameter Presolve to value 2
Set parameter FlowCoverCuts to value 2
Set parameter TimeLimit to value 172800
Gurobi Optimizer version 12.0.3 build v12.0.3rc0 (win64 - Windows 11+.0 (26200.2))

CPU model: Intel(R) Core(TM) i9-14900K, instruction set [SSE2|AVX|AVX2]
Thread count: 24 physical cores, 32 logical processors, using up to 1 threads

Non-default parameters:
TimeLimit  172800
MIPGap  0.01
Heuristics  0.5
MIPFocus  3
FlowCoverCuts  2
Presolve  2
Threads  1

Optimize a model with 24316 rows, 39247 columns and 116352 nonzeros
Model fingerprint: 0x92455096
Variable types: 18325 continuous, 20922 integer (20921 binary)
Coefficient statistics:
  Matrix range     [1e-01, 6e+02]
  Objective range  [8e-03, 1e+02]
  Bounds range     [1e+00, 3e+00]
  RHS range        [1e+00, 1e+04]
Presolve removed 23245 rows and 29971 columns
Presolve time: 0.22s
Presolved: 1071 rows, 9276 columns, 28625 nonzeros
Variable types: 233 continuous, 9043 integer (8952 binary)
Root relaxation presolved: 1071 rows, 9276 columns, 28625 nonzeros


Use crossover to convert LP symmetric solution to basic solution...

Root relaxation: objective 1.819691e+05, 3087 iterations, 0.06 seconds (0.04 work units)

    Nodes    |    Current Node    |     Objective Bounds      |     Work
 Expl Unexpl |  Obj  Depth IntInf | Incumbent    BestBd   Gap | It/Node Time

     0     0 181969.051    0   91          - 181969.051      -     -    0s
     0     0 186612.312    0   55          - 186612.312      -     -    1s
H    0     0                    206410.79455 186612.312  9.59%     -    1s
H    0     0                    203339.85605 186612.312  8.23%     -    1s
H    0     0                    203312.33907 186612.312  8.21%     -    1s
H    0     0                    200742.40632 186612.312  7.04%     -    1s
H    0     0                    200714.88935 186612.312  7.03%     -    1s
     0     0 186617.409    0   66 200714.889 186617.409  7.02%     -    1s
     0     0 186617.409    0   54 200714.889 186617.409  7.02%     -    2s
H    0     0                    191242.53758 186617.409  2.42%     -    2s
H    0     0                    190661.64615 186617.409  2.12%     -    2s
     0     0 186617.409    0   63 190661.646 186617.409  2.12%     -    2s
     0     0 186617.409    0   67 190661.646 186617.409  2.12%     -    2s
     0     0 186617.409    0   43 190661.646 186617.409  2.12%     -    3s
H    0     0                    189424.21322 186617.409  1.48%     -    3s
H    0     0                    188153.11811 186617.409  0.82%     -    3s

Cutting planes:
  Gomory: 10
  Lift-and-project: 1
  Cover: 6
  Implied bound: 11
  Projected implied bound: 1
  MIR: 8
  StrongCG: 1
  Flow cover: 24
  Zero half: 5
  RLT: 5
  Relax-and-lift: 8
  BQP: 6
  PSD: 3

Explored 1 nodes (9781 simplex iterations) in 3.13 seconds (2.72 work units)
Thread count was 1 (of 32 available processors)

Solution count 9: 188153 189424 190662 ... 206411

Optimal solution found (tolerance 1.00e-02)
Best objective 1.881531181131e+05, best bound 1.866174090552e+05, gap 0.8162%
