
Gurobi 12.0.3 (win64) logging started Tue Jul  7 17:59:45 2026

Set parameter LogFile to value "output/DCH_taller_julio/Costo_variable/Ventana_restringida/Carga_on_board_1000kW_Descomp_ventana_carga/station_2_d152_stage1\gurobi.log"
Set parameter Threads to value 5
Set parameter Heuristics to value 0.5
Set parameter MIPFocus to value 3
Set parameter Presolve to value 2
Set parameter FlowCoverCuts to value 2
Set parameter TimeLimit to value 172800
Gurobi Optimizer version 12.0.3 build v12.0.3rc0 (win64 - Windows 11+.0 (26200.2))

CPU model: Intel(R) Core(TM) i9-14900K, instruction set [SSE2|AVX|AVX2]
Thread count: 24 physical cores, 32 logical processors, using up to 5 threads

Non-default parameters:
TimeLimit  172800
MIPGap  0.01
Heuristics  0.5
MIPFocus  3
FlowCoverCuts  2
Presolve  2
Threads  5

Optimize a model with 24331 rows, 37807 columns and 117368 nonzeros
Model fingerprint: 0x3be6b5d7
Variable types: 18325 continuous, 19482 integer (19481 binary)
Coefficient statistics:
  Matrix range     [1e-01, 1e+03]
  Objective range  [1e-02, 2e+05]
  Bounds range     [1e+00, 1e+00]
  RHS range        [1e+00, 1e+04]
Presolve removed 23088 rows and 28784 columns
Presolve time: 0.36s
Presolved: 1243 rows, 9023 columns, 27354 nonzeros
Variable types: 245 continuous, 8778 integer (8777 binary)
Root relaxation presolved: 1243 rows, 9023 columns, 27354 nonzeros


Use crossover to convert LP symmetric solution to basic solution...

Root relaxation: objective 1.898118e+05, 3481 iterations, 0.13 seconds (0.06 work units)

    Nodes    |    Current Node    |     Objective Bounds      |     Work
 Expl Unexpl |  Obj  Depth IntInf | Incumbent    BestBd   Gap | It/Node Time

     0     0 189811.808    0  172          - 189811.808      -     -    1s
     0     0 211122.533    0  174          - 211122.533      -     -    1s
H    0     0                    575159.71269 211122.533  63.3%     -    1s
     0     0 229924.504    0  160 575159.713 229924.504  60.0%     -    2s
H    0     0                    427028.65909 229924.504  46.2%     -    2s
H    0     0                    427027.34608 229924.504  46.2%     -    2s
H    0     0                    426980.09559 229924.504  46.2%     -    2s
H    0     0                    413334.01432 229924.504  44.4%     -    3s
H    0     0                    412515.72413 229924.504  44.3%     -    3s
H    0     0                    243201.04432 229924.504  5.46%     -    3s
H    0     0                    243200.90478 229924.504  5.46%     -    3s
H    0     0                    243200.37269 229924.504  5.46%     -    3s
H    0     0                    243200.03275 229924.504  5.46%     -    3s
     0     0 229924.504    0  171 243200.033 229924.504  5.46%     -    3s
     0     0 229924.504    0  169 243200.033 229924.504  5.46%     -    3s
H    0     0                    241034.39036 229924.504  4.61%     -    5s
H    0     0                    237606.44985 229924.504  3.23%     -    5s
     0     0 229924.504    0  118 237606.450 229924.504  3.23%     -    5s
H    0     0                    235892.89699 229924.504  2.53%     -    5s
H    0     0                    235890.96015 229924.504  2.53%     -    6s
H    0     0                    235890.53663 229924.504  2.53%     -    6s
     0     0 229924.504    0  106 235890.537 229924.504  2.53%     -    6s
     0     0 229924.504    0  105 235890.537 229924.504  2.53%     -    6s
H    0     0                    233623.28368 229924.504  1.58%     -    6s
H    0     0                    233357.26588 229924.504  1.47%     -    6s
H    0     0                    233354.87352 229924.504  1.47%     -    6s
H    0     0                    233316.04631 229924.504  1.45%     -    7s
     0     0 229924.504    0   90 233316.046 229924.504  1.45%     -    8s
H    0     0                    233236.84170 229924.504  1.42%     -    9s
H    0     0                    233233.60532 229924.504  1.42%     -    9s
H    0     0                    233131.34453 229924.504  1.38%     -    9s
     0     0 229924.504    0  129 233131.345 229924.504  1.38%     -    9s
     0     0 229924.504    0  114 233131.345 229924.504  1.38%     -   10s
     0     0 229924.504    0  137 233131.345 229924.504  1.38%     -   11s
     0     0 229924.504    0  108 233131.345 229924.504  1.38%     -   13s
     0     0 229924.504    0  103 233131.345 229924.504  1.38%     -   14s
H    0     0                    232727.83296 229924.504  1.20%     -   14s
H    0     0                    232725.56161 229924.504  1.20%     -   14s
H    0     0                    232712.68167 229924.504  1.20%     -   14s
H    0     0                    232709.15150 229924.504  1.20%     -   14s
H    0     0                    232708.57189 229924.504  1.20%     -   14s
H    0     0                    232704.81457 229924.504  1.19%     -   14s
H    0     0                    232694.89755 229924.504  1.19%     -   14s
H    0     0                    232694.87287 229924.504  1.19%     -   14s
H    0     0                    232575.39083 229924.504  1.14%     -   14s
H    0     0                    232563.53854 229924.504  1.13%     -   14s
H    0     0                    232563.05916 229924.504  1.13%     -   15s
     0     2 229924.504    0  103 232563.059 229924.504  1.13%     -   16s
H   44    54                    232559.55686 229924.504  1.13%   407   19s
H   44    54                    232426.45946 229924.504  1.08%   407   19s
H   49    54                    231685.51751 229924.504  0.76%   440   19s

Cutting planes:
  Gomory: 136
  Lift-and-project: 3
  Cover: 59
  Implied bound: 60
  Projected implied bound: 2
  Clique: 9
  MIR: 177
  Mixing: 41
  StrongCG: 1
  Flow cover: 273
  Zero half: 45
  RLT: 7
  Relax-and-lift: 130

Explored 53 nodes (55793 simplex iterations) in 19.85 seconds (11.65 work units)
Thread count was 5 (of 32 available processors)

Solution count 10: 231686 232426 232560 ... 232709

Optimal solution found (tolerance 1.00e-02)
Best objective 2.316855175129e+05, best bound 2.299245037363e+05, gap 0.7601%
