
Gurobi 12.0.3 (win64) logging started Tue Jun 30 15:28:02 2026

Set parameter LogFile to value "output/DCH_taller_julio/Costo_variable/Carga_on_board_1000kW_Descomp/station_2_d1_stage1\gurobi.log"
Set parameter Threads to value 5
Set parameter Heuristics to value 0.5
Set parameter MIPFocus to value 3
Set parameter Presolve to value 2
Set parameter FlowCoverCuts to value 2
Set parameter TimeLimit to value 172800
Gurobi Optimizer version 12.0.3 build v12.0.3rc0 (win64 - Windows 11+.0 (26200.2))

CPU model: Intel(R) Core(TM) i9-14900K, instruction set [SSE2|AVX|AVX2]
Thread count: 24 physical cores, 32 logical processors, using up to 5 threads

Non-default parameters:
TimeLimit  172800
MIPGap  0.01
Heuristics  0.5
MIPFocus  3
FlowCoverCuts  2
Presolve  2
Threads  5

Optimize a model with 23765 rows, 37807 columns and 116772 nonzeros
Model fingerprint: 0x627d084f
Variable types: 18325 continuous, 19482 integer (19481 binary)
Coefficient statistics:
  Matrix range     [1e-01, 1e+03]
  Objective range  [1e-02, 2e+05]
  Bounds range     [1e+00, 1e+00]
  RHS range        [1e+00, 1e+04]
Presolve removed 20926 rows and 27337 columns
Presolve time: 0.13s
Presolved: 2839 rows, 10470 columns, 32446 nonzeros
Variable types: 820 continuous, 9650 integer (9649 binary)
Root relaxation presolved: 2839 rows, 10470 columns, 32446 nonzeros


Root relaxation: objective 5.427405e+04, 4394 iterations, 0.27 seconds (0.65 work units)

    Nodes    |    Current Node    |     Objective Bounds      |     Work
 Expl Unexpl |  Obj  Depth IntInf | Incumbent    BestBd   Gap | It/Node Time

     0     0 213972.214    0  350          - 213972.214      -     -    2s
H    0     0                    397291.47542 213972.214  46.1%     -    2s
H    0     0                    395136.67410 213972.214  45.8%     -    2s
H    0     0                    220495.42938 213972.214  2.96%     -    2s
H    0     0                    219840.08586 213972.214  2.67%     -    2s
     0     0 214241.597    0  329 219840.086 214241.597  2.55%     -    3s
H    0     0                    217917.37501 214241.597  1.69%     -    3s
H    0     0                    217885.96163 214241.597  1.67%     -    3s
H    0     0                    217662.06827 214241.597  1.57%     -    3s
H    0     0                    217453.37871 214241.597  1.48%     -    3s
H    0     0                    217421.51343 214241.597  1.46%     -    3s
H    0     0                    217410.94248 214241.597  1.46%     -    3s
H    0     0                    217407.87017 214241.597  1.46%     -    3s
     0     0 214275.116    0  407 217407.870 214275.116  1.44%     -    3s
     0     0 214275.146    0  411 217407.870 214275.146  1.44%     -    3s
     0     0 214421.455    0  398 217407.870 214421.455  1.37%     -    4s
H    0     0                    217329.20767 214424.407  1.34%     -    4s
     0     0 214430.035    0  405 217329.208 214430.035  1.33%     -    4s
     0     0 214430.231    0  417 217329.208 214430.231  1.33%     -    4s
     0     0 214430.232    0  418 217329.208 214430.232  1.33%     -    4s
     0     0 214465.645    0  425 217329.208 214465.645  1.32%     -    5s
H    0     0                    217267.65709 214466.137  1.29%     -    6s
     0     0 214467.481    0  469 217267.657 214467.481  1.29%     -    6s
     0     0 214467.610    0  507 217267.657 214467.610  1.29%     -    6s
     0     0 214473.959    0  440 217267.657 214473.959  1.29%     -    7s
H    0     0                    217242.18043 214473.961  1.27%     -    7s
     0     0 214474.846    0  500 217242.180 214474.846  1.27%     -    7s
     0     0 214474.908    0  506 217242.180 214474.908  1.27%     -    7s
H    0     0                    216949.57127 214481.829  1.14%     -    8s
H    0     0                    216673.85882 214481.829  1.01%     -    8s
H    0     0                    216620.07432 214481.829  0.99%     -    8s
     0     0 214481.829    0  452 216620.074 214481.829  0.99%     -    8s

Cutting planes:
  Gomory: 48
  Lift-and-project: 16
  Cover: 63
  Implied bound: 36
  Projected implied bound: 1
  Clique: 7
  MIR: 106
  Mixing: 12
  Flow cover: 193
  Zero half: 41
  RLT: 7
  Relax-and-lift: 64
  BQP: 1

Explored 1 nodes (52219 simplex iterations) in 8.70 seconds (12.48 work units)
Thread count was 5 (of 32 available processors)

Solution count 10: 216620 216674 216950 ... 217453

Optimal solution found (tolerance 1.00e-02)
Best objective 2.166200743206e+05, best bound 2.144818290112e+05, gap 0.9871%
