
Gurobi 12.0.0 (win64) logging started Sun Aug 23 02:33:35 2026

Set parameter LogFile to value "C:\Users\TECNO-MASTER\Desktop\Elmo_infrastructure_sizing_NP-\output\DCH_agosto\Costo_variable\Ventana_restringida\Carga_on_board_variable_3estaciones_P320kW_Descomp/station_2_d213\gurobi.log"
Set parameter Threads to value 1
Set parameter Heuristics to value 0.5
Set parameter MIPFocus to value 3
Set parameter Presolve to value 2
Set parameter FlowCoverCuts to value 2
Set parameter TimeLimit to value 172800
Gurobi Optimizer version 12.0.0 build v12.0.0rc1 (win64 - Windows 11+.0 (26200.2))

CPU model: Intel(R) Core(TM) i9-14900K, instruction set [SSE2|AVX|AVX2]
Thread count: 24 physical cores, 32 logical processors, using up to 1 threads

Non-default parameters:
TimeLimit  172800
MIPGap  0.01
Heuristics  0.5
MIPFocus  3
FlowCoverCuts  2
Presolve  2
Threads  1

Optimize a model with 24316 rows, 39247 columns and 116352 nonzeros
Model fingerprint: 0x3b157ad3
Variable types: 18325 continuous, 20922 integer (20921 binary)
Coefficient statistics:
  Matrix range     [1e-01, 3e+02]
  Objective range  [8e-03, 1e+02]
  Bounds range     [1e+00, 3e+00]
  RHS range        [1e+00, 1e+04]
Presolve removed 23273 rows and 29971 columns
Presolve time: 0.19s
Presolved: 1043 rows, 9276 columns, 28401 nonzeros
Variable types: 233 continuous, 9043 integer (8952 binary)
Root relaxation presolved: 1043 rows, 9276 columns, 28401 nonzeros


Use crossover to convert LP symmetric solution to basic solution...

Root relaxation: objective 2.259221e+05, 3038 iterations, 0.05 seconds (0.03 work units)

    Nodes    |    Current Node    |     Objective Bounds      |     Work
 Expl Unexpl |  Obj  Depth IntInf | Incumbent    BestBd   Gap | It/Node Time

     0     0 225922.051    0   64          - 225922.051      -     -    0s
H    0     0                    237553.24265 225922.051  4.90%     -    0s
H    0     0                    237316.19269 225922.051  4.80%     -    0s
H    0     0                    229221.20879 225922.051  1.44%     -    0s
H    0     0                    229219.07150 225922.051  1.44%     -    0s
H    0     0                    229059.76260 225922.051  1.37%     -    0s
H    0     0                    228208.45585 225922.051  1.00%     -    0s
H    0     0                    226909.59436 225922.051  0.44%     -    0s

Explored 1 nodes (4491 simplex iterations) in 0.57 seconds (0.44 work units)
Thread count was 1 (of 32 available processors)

Solution count 7: 226910 228208 229060 ... 237553

Optimal solution found (tolerance 1.00e-02)
Best objective 2.269095943630e+05, best bound 2.259220507818e+05, gap 0.4352%
