
Gurobi 12.0.3 (win64) logging started Tue Jul  7 00:57:33 2026

Set parameter LogFile to value "output/DCH_taller_julio/Costo_fijo/Ventana_restringida/Carga_on_board_1000kW_Descomp_ventana_carga/station_1_d213\gurobi.log"
Set parameter Threads to value 5
Set parameter Heuristics to value 0.5
Set parameter MIPFocus to value 3
Set parameter Presolve to value 2
Set parameter FlowCoverCuts to value 2
Set parameter TimeLimit to value 172800
Gurobi Optimizer version 12.0.3 build v12.0.3rc0 (win64 - Windows 11+.0 (26200.2))

CPU model: Intel(R) Core(TM) i9-14900K, instruction set [SSE2|AVX|AVX2]
Thread count: 24 physical cores, 32 logical processors, using up to 5 threads

Non-default parameters:
TimeLimit  172800
MIPGap  0.01
Heuristics  0.5
MIPFocus  3
FlowCoverCuts  2
Presolve  2
Threads  5

Optimize a model with 23329 rows, 35809 columns and 110436 nonzeros
Model fingerprint: 0xd9bb95e4
Variable types: 17323 continuous, 18486 integer (18485 binary)
Coefficient statistics:
  Matrix range     [1e-01, 1e+03]
  Objective range  [4e-01, 1e+02]
  Bounds range     [1e+00, 1e+00]
  RHS range        [1e+00, 1e+04]
Presolve removed 22241 rows and 27286 columns
Presolve time: 0.09s
Presolved: 1088 rows, 8523 columns, 25613 nonzeros
Variable types: 245 continuous, 8278 integer (8278 binary)
Root relaxation presolved: 1088 rows, 8523 columns, 25613 nonzeros


Use crossover to convert LP symmetric solution to basic solution...

Root relaxation: objective 3.568718e+05, 2684 iterations, 0.02 seconds (0.03 work units)

    Nodes    |    Current Node    |     Objective Bounds      |     Work
 Expl Unexpl |  Obj  Depth IntInf | Incumbent    BestBd   Gap | It/Node Time

     0     0 356871.812    0   64          - 356871.812      -     -    0s
H    0     0                    536962.49981 356871.812  33.5%     -    0s
H    0     0                    363767.17627 356871.812  1.90%     -    0s
H    0     0                    361472.09346 356871.812  1.27%     -    0s
H    0     0                    360785.52080 356871.812  1.08%     -    0s
     0     0 356877.191    0   65 360785.521 356877.191  1.08%     -    0s
H    0     0                    359024.83049 356877.191  0.60%     -    0s

Cutting planes:
  Gomory: 2
  Cover: 1
  Implied bound: 1
  MIR: 1
  Flow cover: 5
  RLT: 1
  Relax-and-lift: 1
  BQP: 1

Explored 1 nodes (9013 simplex iterations) in 0.88 seconds (1.01 work units)
Thread count was 5 (of 32 available processors)

Solution count 5: 359025 360786 361472 ... 536962

Optimal solution found (tolerance 1.00e-02)
Best objective 3.590248304915e+05, best bound 3.568771909837e+05, gap 0.5982%
