
Gurobi 12.0.3 (win64) logging started Sun Aug 23 17:24:23 2026

Set parameter LogFile to value "C:\Users\TECNO-MASTER\Desktop\Elmo_infrastructure_sizing_NP-\output\DCH_agosto\Costo_variable\Carga_libre\Carga_on_board_variable_3estaciones_P1000kW_Descomp/station_1_d91\gurobi.log"
Set parameter Threads to value 1
Set parameter Heuristics to value 0.5
Set parameter MIPFocus to value 3
Set parameter Presolve to value 2
Set parameter FlowCoverCuts to value 2
Set parameter TimeLimit to value 172800
Gurobi Optimizer version 12.0.3 build v12.0.3rc0 (win64 - Windows 11+.0 (26200.2))

CPU model: Intel(R) Core(TM) i9-14900K, instruction set [SSE2|AVX|AVX2]
Thread count: 24 physical cores, 32 logical processors, using up to 1 threads

Non-default parameters:
TimeLimit  172800
MIPGap  0.01
Heuristics  0.5
MIPFocus  3
FlowCoverCuts  2
Presolve  2
Threads  1

Optimize a model with 22770 rows, 37249 columns and 109784 nonzeros
Model fingerprint: 0x121ccd84
Variable types: 17323 continuous, 19926 integer (19925 binary)
Coefficient statistics:
  Matrix range     [1e-01, 1e+03]
  Objective range  [1e-02, 1e+02]
  Bounds range     [1e+00, 3e+00]
  RHS range        [1e+00, 1e+04]
Presolve removed 20325 rows and 26960 columns
Presolve time: 0.24s
Presolved: 2445 rows, 10289 columns, 31876 nonzeros
Variable types: 841 continuous, 9448 integer (9362 binary)
Root relaxation presolved: 2445 rows, 10289 columns, 31876 nonzeros


Root relaxation: objective 2.113886e+05, 4111 iterations, 0.23 seconds (0.21 work units)

    Nodes    |    Current Node    |     Objective Bounds      |     Work
 Expl Unexpl |  Obj  Depth IntInf | Incumbent    BestBd   Gap | It/Node Time

     0     0 211388.576    0  208          - 211388.576      -     -    0s
H    0     0                    298347.64446 211388.576  29.1%     -    1s
H    0     0                    288596.45584 211388.576  26.8%     -    1s
H    0     0                    283645.09857 211388.576  25.5%     -    1s
H    0     0                    283409.75070 211388.576  25.4%     -    1s
H    0     0                    283356.19796 211388.576  25.4%     -    1s
H    0     0                    283329.68707 211388.576  25.4%     -    1s
H    0     0                    277999.39006 211388.576  24.0%     -    1s
H    0     0                    277973.10300 211388.576  24.0%     -    1s
H    0     0                    241265.26900 211388.576  12.4%     -    1s
H    0     0                    240902.66900 211388.576  12.3%     -    1s
H    0     0                    240516.94954 211388.576  12.1%     -    1s
H    0     0                    239258.41538 211388.576  11.6%     -    1s
H    0     0                    239245.04151 211388.576  11.6%     -    1s
H    0     0                    239230.51001 211388.576  11.6%     -    1s
H    0     0                    238888.79909 211388.576  11.5%     -    1s
H    0     0                    238872.58321 211388.576  11.5%     -    1s
H    0     0                    238706.19205 211388.576  11.4%     -    1s
H    0     0                    238702.41771 211388.576  11.4%     -    1s
H    0     0                    238696.81943 211388.576  11.4%     -    1s
     0     0 211561.466    0  198 238696.819 211561.466  11.4%     -    2s
H    0     0                    238501.47331 211561.466  11.3%     -    2s
H    0     0                    238501.44323 211561.466  11.3%     -    2s
H    0     0                    238465.61767 211561.466  11.3%     -    2s
H    0     0                    238445.69839 211561.466  11.3%     -    2s
H    0     0                    237290.62293 211561.466  10.8%     -    2s
H    0     0                    236891.51739 211561.466  10.7%     -    2s
H    0     0                    236833.65833 211561.466  10.7%     -    2s
H    0     0                    222581.54764 211561.466  4.95%     -    2s
H    0     0                    220463.06326 211561.466  4.04%     -    2s
H    0     0                    212846.11574 211561.466  0.60%     -    2s

Cutting planes:
  Gomory: 23
  Lift-and-project: 8
  Cover: 3
  Implied bound: 12
  Clique: 1
  MIR: 1
  Flow cover: 14
  Zero half: 2
  RLT: 2
  Relax-and-lift: 2
  PSD: 2

Explored 1 nodes (8235 simplex iterations) in 2.88 seconds (1.98 work units)
Thread count was 1 (of 32 available processors)

Solution count 10: 212846 220463 222582 ... 238501

Optimal solution found (tolerance 1.00e-02)
Best objective 2.128461157405e+05, best bound 2.115614661081e+05, gap 0.6036%
