
Gurobi 12.0.3 (win64) logging started Fri May  8 19:17:06 2026

Set parameter LogFile to value "output\Escenarios_DET\costo_fijo\max_mineral_carga_liberada\gurobi.log"
Set parameter Threads to value 24
Set parameter Heuristics to value 0.5
Set parameter MIPFocus to value 3
Set parameter Presolve to value 2
Set parameter FlowCoverCuts to value 2
Set parameter TimeLimit to value 172800
Gurobi Optimizer version 12.0.3 build v12.0.3rc0 (win64 - Windows 11+.0 (26200.2))

CPU model: Intel(R) Core(TM) i9-14900K, instruction set [SSE2|AVX|AVX2]
Thread count: 24 physical cores, 32 logical processors, using up to 24 threads

Non-default parameters:
TimeLimit  172800
MIPGap  0.01
Heuristics  0.5
MIPFocus  3
FlowCoverCuts  2
Presolve  2
Threads  24

Optimize a model with 49270 rows, 84430 columns and 215833 nonzeros
Model fingerprint: 0x056cf6bb
Variable types: 41588 continuous, 42842 integer (42841 binary)
Coefficient statistics:
  Matrix range     [1e-01, 3e+02]
  Objective range  [4e+00, 4e+05]
  Bounds range     [1e+00, 4e+02]
  RHS range        [1e+00, 3e+03]
Presolve removed 44971 rows and 60627 columns
Presolve time: 0.19s
Presolved: 4299 rows, 23803 columns, 70100 nonzeros
Variable types: 2801 continuous, 21002 integer (21001 binary)
Found heuristic solution: objective 1.377874e+08
Root relaxation presolve removed 1260 rows and 1260 columns
Root relaxation presolved: 3039 rows, 22543 columns, 67580 nonzeros


Root relaxation: objective 1.197228e+06, 11121 iterations, 0.29 seconds (0.64 work units)

    Nodes    |    Current Node    |     Objective Bounds      |     Work
 Expl Unexpl |  Obj  Depth IntInf | Incumbent    BestBd   Gap | It/Node Time

     0     0 1197227.66    0  738 1.3779e+08 1197227.66  99.1%     -    1s
H    0     0                    1.341212e+08 1197227.66  99.1%     -    1s
H    0     0                    1.316824e+08 1197227.66  99.1%     -    1s
H    0     0                    1.310662e+08 1197227.66  99.1%     -    1s
H    0     0                    1.310661e+08 1197227.66  99.1%     -    1s
H    0     0                    6771249.1889 1197227.66  82.3%     -    1s
H    0     0                    6506411.4944 1197227.66  81.6%     -    1s
H    0     0                    6166559.0423 1197227.66  80.6%     -    1s
H    0     0                    6166500.4620 1197227.66  80.6%     -    1s
H    0     0                    6158522.2590 1197227.66  80.6%     -    1s
H    0     0                    4688716.3964 1197227.66  74.5%     -    1s
H    0     0                    4673577.3130 1417598.11  69.7%     -    2s
H    0     0                    4664466.9911 1417598.11  69.6%     -    2s
H    0     0                    4663436.1103 1417598.11  69.6%     -    2s
H    0     0                    4663412.0011 1417598.11  69.6%     -    2s
H    0     0                    4662676.3379 1417598.11  69.6%     -    2s
     0     0 3867256.69    0  444 4662676.34 3867256.69  17.1%     -    2s
H    0     0                    4662579.0007 3867256.69  17.1%     -    3s
H    0     0                    4662026.6305 3867256.69  17.0%     -    3s
H    0     0                    4662002.9032 3867256.69  17.0%     -    3s
H    0     0                    4661943.8104 3867256.69  17.0%     -    3s
     0     0 4577897.54    0  426 4661943.81 4577897.54  1.80%     -    3s
     0     0 4577897.54    0  437 4661943.81 4577897.54  1.80%     -    3s
     0     0 4577897.54    0  435 4661943.81 4577897.54  1.80%     -    3s
H    0     0                    4661934.6407 4577897.54  1.80%     -    3s
H    0     0                    4661473.8783 4577897.54  1.79%     -    3s
H    0     0                    4661464.2507 4577897.54  1.79%     -    3s
H    0     0                    4661448.9400 4577897.54  1.79%     -    3s
     0     0 4632437.50    0  364 4661448.94 4632437.50  0.62%     -    4s

Cutting planes:
  Gomory: 14
  Flow cover: 248
  RLT: 20
  Relax-and-lift: 1

Explored 1 nodes (32829 simplex iterations) in 4.47 seconds (7.06 work units)
Thread count was 24 (of 32 available processors)

Solution count 10: 4.66145e+06 4.66146e+06 4.66147e+06 ... 4.66341e+06

Optimal solution found (tolerance 1.00e-02)
Best objective 4.661448940006e+06, best bound 4.632437496821e+06, gap 0.6224%
