
Gurobi 12.0.0 (win64) logging started Sun Aug 23 02:32:58 2026

Set parameter LogFile to value "C:\Users\TECNO-MASTER\Desktop\Elmo_infrastructure_sizing_NP-\output\DCH_agosto\Costo_variable\Ventana_restringida\Carga_on_board_variable_3estaciones_P320kW_Descomp/station_2_d213_stage1\gurobi.log"
Set parameter Threads to value 1
Set parameter Heuristics to value 0.5
Set parameter MIPFocus to value 3
Set parameter Presolve to value 2
Set parameter FlowCoverCuts to value 2
Set parameter TimeLimit to value 172800
Gurobi Optimizer version 12.0.0 build v12.0.0rc1 (win64 - Windows 11+.0 (26200.2))

CPU model: Intel(R) Core(TM) i9-14900K, instruction set [SSE2|AVX|AVX2]
Thread count: 24 physical cores, 32 logical processors, using up to 1 threads

Non-default parameters:
TimeLimit  172800
MIPGap  0.01
Heuristics  0.5
MIPFocus  3
FlowCoverCuts  2
Presolve  2
Threads  1

Optimize a model with 24316 rows, 39247 columns and 117254 nonzeros
Model fingerprint: 0x8b4901eb
Variable types: 18325 continuous, 20922 integer (20921 binary)
Coefficient statistics:
  Matrix range     [1e-01, 3e+02]
  Objective range  [8e-03, 9e+04]
  Bounds range     [1e+00, 3e+00]
  RHS range        [1e+00, 1e+04]
Presolve removed 23116 rows and 29969 columns
Presolve time: 0.22s
Presolved: 1200 rows, 9278 columns, 28758 nonzeros
Variable types: 233 continuous, 9045 integer (8953 binary)
Root relaxation presolved: 1200 rows, 9278 columns, 28758 nonzeros


Use crossover to convert LP symmetric solution to basic solution...

Root relaxation: objective 2.040750e+05, 3395 iterations, 0.07 seconds (0.05 work units)

    Nodes    |    Current Node    |     Objective Bounds      |     Work
 Expl Unexpl |  Obj  Depth IntInf | Incumbent    BestBd   Gap | It/Node Time

     0     0 215176.551    0   83          - 215176.551      -     -    1s
H    0     0                    261002.51403 215176.551  17.6%     -    1s
H    0     0                    260420.93472 215176.551  17.4%     -    1s
H    0     0                    256324.94048 215176.551  16.1%     -    1s
H    0     0                    250934.13047 215176.551  14.2%     -    1s
H    0     0                    244963.22282 215176.551  12.2%     -    1s
H    0     0                    244684.70850 215176.551  12.1%     -    1s
H    0     0                    244641.09739 215176.551  12.0%     -    1s
H    0     0                    244272.47257 215176.551  11.9%     -    1s
H    0     0                    244200.69627 215176.551  11.9%     -    1s
H    0     0                    244166.67807 215176.551  11.9%     -    1s
     0     0 220183.615    0   88 244166.678 220183.615  9.82%     -    1s
H    0     0                    234602.67817 220849.440  5.86%     -    1s
H    0     0                    233049.97395 220849.440  5.24%     -    1s
     0     0 220849.440    0   74 233049.974 220849.440  5.24%     -    2s
     0     0 220849.440    0   61 233049.974 220849.440  5.24%     -    2s
     0     0 220849.440    0   63 233049.974 220849.440  5.24%     -    2s
     0     0 220849.440    0   84 233049.974 220849.440  5.24%     -    3s
     0     0 220849.440    0   85 233049.974 220849.440  5.24%     -    3s
     0     0 220849.440    0   80 233049.974 220849.440  5.24%     -    3s
H    0     0                    232595.55145 220849.440  5.05%     -    3s
H    0     0                    232084.27985 220849.440  4.84%     -    3s
H    0     0                    231964.36163 220849.440  4.79%     -    3s
H    0     0                    231958.93715 220849.440  4.79%     -    4s
H    0     0                    231784.71709 220849.440  4.72%     -    4s
H    0     0                    231646.51130 220849.440  4.66%     -    4s
     0     2 220849.440    0   76 231646.511 220849.440  4.66%     -    4s
H    6     4                    228258.48640 225927.147  1.02%   347    4s
     7     7 225927.147    5   69 228258.486 225927.147  1.02%   339    5s
H    8     6                    226985.54168 225927.147  0.47%   296    5s

Cutting planes:
  Gomory: 7
  Cover: 25
  Implied bound: 17
  Projected implied bound: 1
  Clique: 3
  MIR: 113
  Mixing: 4
  Flow cover: 88
  Zero half: 22
  Relax-and-lift: 36

Explored 9 nodes (14451 simplex iterations) in 5.08 seconds (5.80 work units)
Thread count was 1 (of 32 available processors)

Solution count 10: 226986 228258 231647 ... 234603

Optimal solution found (tolerance 1.00e-02)
Best objective 2.269855416761e+05, best bound 2.259271474042e+05, gap 0.4663%
