
Gurobi 12.0.0 (win64) logging started Mon Sep  7 03:57:53 2026

Set parameter LogFile to value "C:\Users\TECNO-MASTER\Desktop\Elmo_infrastructure_sizing_NP-\output\DCH_septiembre\Bateria_482\Costo_variable\Ventana_restringida\Carga_on_board_variable_3estaciones_P320kW_Descomp/station_1_d121_stage1\gurobi.log"
Set parameter Threads to value 1
Set parameter Heuristics to value 0.5
Set parameter MIPFocus to value 3
Set parameter Presolve to value 2
Set parameter FlowCoverCuts to value 2
Set parameter TimeLimit to value 1200
Gurobi Optimizer version 12.0.0 build v12.0.0rc1 (win64 - Windows 11+.0 (26200.2))

CPU model: Intel(R) Core(TM) i9-14900K, instruction set [SSE2|AVX|AVX2]
Thread count: 24 physical cores, 32 logical processors, using up to 1 threads

Non-default parameters:
TimeLimit  1200
MIPGap  0.05
Heuristics  0.5
MIPFocus  3
FlowCoverCuts  2
Presolve  2
Threads  1

Optimize a model with 23314 rows, 37249 columns and 111230 nonzeros
Model fingerprint: 0x3e83b5c6
Variable types: 17323 continuous, 19926 integer (19925 binary)
Coefficient statistics:
  Matrix range     [1e-01, 3e+02]
  Objective range  [8e-03, 8e+04]
  Bounds range     [1e+00, 1e+00]
  RHS range        [1e+00, 1e+04]
Presolve removed 22120 rows and 28478 columns
Presolve time: 0.19s
Presolved: 1194 rows, 8771 columns, 26470 nonzeros
Variable types: 233 continuous, 8538 integer (8537 binary)
Root relaxation presolved: 1194 rows, 8771 columns, 26470 nonzeros


Use crossover to convert LP symmetric solution to basic solution...

Root relaxation: objective 1.954534e+05, 3349 iterations, 0.07 seconds (0.06 work units)

    Nodes    |    Current Node    |     Objective Bounds      |     Work
 Expl Unexpl |  Obj  Depth IntInf | Incumbent    BestBd   Gap | It/Node Time

     0     0 204654.319    0   90          - 204654.319      -     -    0s
     0     0 208732.780    0   14          - 208732.780      -     -    1s
H    0     0                    215277.87983 208732.780  3.04%     -    1s

Cutting planes:
  Gomory: 5
  Cover: 2
  Clique: 1
  Flow cover: 1
  Relax-and-lift: 3

Explored 1 nodes (7983 simplex iterations) in 1.21 seconds (1.08 work units)
Thread count was 1 (of 32 available processors)

Solution count 1: 215278 

Optimal solution found (tolerance 5.00e-02)
Best objective 2.152778798312e+05, best bound 2.087327801297e+05, gap 3.0403%
