
Gurobi 12.0.3 (win64) logging started Tue Jul  7 01:06:30 2026

Set parameter LogFile to value "output/DCH_taller_julio/Costo_variable/Ventana_restringida/Carga_on_board_1000kW_Descomp_ventana_carga/station_1_d60_stage1\gurobi.log"
Set parameter Threads to value 5
Set parameter Heuristics to value 0.5
Set parameter MIPFocus to value 3
Set parameter Presolve to value 2
Set parameter FlowCoverCuts to value 2
Set parameter TimeLimit to value 172800
Gurobi Optimizer version 12.0.3 build v12.0.3rc0 (win64 - Windows 11+.0 (26200.2))

CPU model: Intel(R) Core(TM) i9-14900K, instruction set [SSE2|AVX|AVX2]
Thread count: 24 physical cores, 32 logical processors, using up to 5 threads

Non-default parameters:
TimeLimit  172800
MIPGap  0.01
Heuristics  0.5
MIPFocus  3
FlowCoverCuts  2
Presolve  2
Threads  5

Optimize a model with 23299 rows, 35809 columns and 111278 nonzeros
Model fingerprint: 0x8adf0154
Variable types: 17323 continuous, 18486 integer (18485 binary)
Coefficient statistics:
  Matrix range     [1e-01, 1e+03]
  Objective range  [9e-03, 2e+05]
  Bounds range     [1e+00, 1e+00]
  RHS range        [1e+00, 1e+04]
Presolve removed 22062 rows and 27285 columns
Presolve time: 0.14s
Presolved: 1237 rows, 8524 columns, 25866 nonzeros
Variable types: 244 continuous, 8280 integer (8279 binary)
Root relaxation presolved: 1237 rows, 8524 columns, 25866 nonzeros


Use crossover to convert LP symmetric solution to basic solution...

Root relaxation: objective 1.583654e+05, 3275 iterations, 0.06 seconds (0.06 work units)

    Nodes    |    Current Node    |     Objective Bounds      |     Work
 Expl Unexpl |  Obj  Depth IntInf | Incumbent    BestBd   Gap | It/Node Time

     0     0 158365.400    0  163          - 158365.400      -     -    0s
     0     0 297546.253    0  162          - 297546.253      -     -    0s
H    0     0                    488281.54514 297546.253  39.1%     -    0s
H    0     0                    488056.21154 297546.253  39.0%     -    0s
H    0     0                    487220.05823 297546.253  38.9%     -    0s
H    0     0                    487217.85011 297546.253  38.9%     -    0s
H    0     0                    487157.25800 297546.253  38.9%     -    0s
H    0     0                    357408.47080 355794.902  0.45%     -    1s
H    0     0                    357362.16624 355794.902  0.44%     -    1s
H    0     0                    357342.67180 355794.902  0.43%     -    1s
H    0     0                    356295.01071 355794.902  0.14%     -    1s
H    0     0                    355881.58089 355794.902  0.02%     -    1s
H    0     0                    355857.50785 355794.902  0.02%     -    1s
     0     0 355794.902    0   99 355857.508 355794.902  0.02%     -    1s

Cutting planes:
  Gomory: 22
  Lift-and-project: 1
  Cover: 6
  Implied bound: 1
  Clique: 1
  MIR: 17
  Mixing: 1
  Flow cover: 41
  Zero half: 11
  Relax-and-lift: 9

Explored 1 nodes (13112 simplex iterations) in 1.61 seconds (1.42 work units)
Thread count was 5 (of 32 available processors)

Solution count 10: 355858 355882 356295 ... 488056

Optimal solution found (tolerance 1.00e-02)
Best objective 3.558575078482e+05, best bound 3.557949022811e+05, gap 0.0176%
