
Gurobi 12.0.3 (win64) logging started Mon Sep  7 19:29:16 2026

Set parameter LogFile to value "C:\Users\TECNO-MASTER\Desktop\Elmo_infrastructure_sizing_NP-\output\DCH_septiembre\Bateria_353\Costo_variable\Carga_libre\Carga_on_board_variable_3estaciones_P640kW_Descomp/station_1_d60_stage1\gurobi.log"
Set parameter Threads to value 1
Set parameter Heuristics to value 0.5
Set parameter MIPFocus to value 3
Set parameter Presolve to value 2
Set parameter FlowCoverCuts to value 2
Set parameter TimeLimit to value 1200
Gurobi Optimizer version 12.0.3 build v12.0.3rc0 (win64 - Windows 11+.0 (26200.2))

CPU model: Intel(R) Core(TM) i9-14900K, instruction set [SSE2|AVX|AVX2]
Thread count: 24 physical cores, 32 logical processors, using up to 1 threads

Non-default parameters:
TimeLimit  1200
MIPGap  0.05
Heuristics  0.5
MIPFocus  3
FlowCoverCuts  2
Presolve  2
Threads  1

Optimize a model with 22740 rows, 37249 columns and 110626 nonzeros
Model fingerprint: 0x53fced7f
Variable types: 17323 continuous, 19926 integer (19925 binary)
Coefficient statistics:
  Matrix range     [1e-01, 6e+02]
  Objective range  [9e-03, 1e+05]
  Bounds range     [1e+00, 1e+00]
  RHS range        [1e+00, 1e+04]
Presolve removed 19850 rows and 26951 columns
Presolve time: 0.24s
Presolved: 2890 rows, 10298 columns, 31950 nonzeros
Variable types: 840 continuous, 9458 integer (9457 binary)
Root relaxation presolved: 2890 rows, 10298 columns, 31950 nonzeros


Root relaxation: objective 4.179424e+04, 6873 iterations, 0.94 seconds (1.02 work units)
Total elapsed time = 5.01s (DegenMoves)

    Nodes    |    Current Node    |     Objective Bounds      |     Work
 Expl Unexpl |  Obj  Depth IntInf | Incumbent    BestBd   Gap | It/Node Time

     0     0 147901.056    0  122          - 147901.056      -     -    5s
H    0     0                    149427.68383 147901.056  1.02%     -    5s

Explored 1 nodes (40474 simplex iterations) in 5.34 seconds (5.00 work units)
Thread count was 1 (of 32 available processors)

Solution count 1: 149428 

Optimal solution found (tolerance 5.00e-02)
Best objective 1.494276838274e+05, best bound 1.479010561727e+05, gap 1.0216%
