
Gurobi 12.0.3 (win64) logging started Tue Jul  7 17:01:42 2026

Set parameter LogFile to value "output/DCH_taller_julio/Costo_fijo/Ventana_restringida/Carga_on_board_320kW_Descomp_ventana_carga/station_1_d121_stage1\gurobi.log"
Set parameter Threads to value 5
Set parameter Heuristics to value 0.5
Set parameter MIPFocus to value 3
Set parameter Presolve to value 2
Set parameter FlowCoverCuts to value 2
Set parameter TimeLimit to value 172800
Gurobi Optimizer version 12.0.3 build v12.0.3rc0 (win64 - Windows 11+.0 (26200.2))

CPU model: Intel(R) Core(TM) i9-14900K, instruction set [SSE2|AVX|AVX2]
Thread count: 24 physical cores, 32 logical processors, using up to 5 threads

Non-default parameters:
TimeLimit  172800
MIPGap  0.01
Heuristics  0.5
MIPFocus  3
FlowCoverCuts  2
Presolve  2
Threads  5

Optimize a model with 23329 rows, 35809 columns and 111338 nonzeros
Model fingerprint: 0x9174a7f3
Variable types: 17323 continuous, 18486 integer (18485 binary)
Coefficient statistics:
  Matrix range     [1e-01, 3e+02]
  Objective range  [4e-01, 9e+04]
  Bounds range     [1e+00, 1e+00]
  RHS range        [1e+00, 1e+04]
Presolve removed 22106 rows and 27284 columns
Presolve time: 0.13s
Presolved: 1223 rows, 8525 columns, 25748 nonzeros
Variable types: 245 continuous, 8280 integer (8279 binary)
Root relaxation presolved: 1223 rows, 8525 columns, 25748 nonzeros


Use crossover to convert LP symmetric solution to basic solution...

Root relaxation: objective 2.464322e+05, 3358 iterations, 0.05 seconds (0.05 work units)

    Nodes    |    Current Node    |     Objective Bounds      |     Work
 Expl Unexpl |  Obj  Depth IntInf | Incumbent    BestBd   Gap | It/Node Time

     0     0 252439.500    0  115          - 252439.500      -     -    0s
H    0     0                    265775.73765 252439.500  5.02%     -    0s
H    0     0                    263293.55672 252439.500  4.12%     -    0s
H    0     0                    260495.20752 252439.500  3.09%     -    0s
H    0     0                    260137.01753 252439.500  2.96%     -    0s
H    0     0                    259575.01743 256251.020  1.28%     -    1s
     0     0 259557.671    0   96 259575.017 259557.671  0.01%     -    1s

Cutting planes:
  Gomory: 21
  Lift-and-project: 10
  Cover: 6
  Projected implied bound: 1
  Clique: 1
  MIR: 5
  Flow cover: 18
  Relax-and-lift: 6

Explored 1 nodes (8420 simplex iterations) in 1.18 seconds (1.26 work units)
Thread count was 5 (of 32 available processors)

Solution count 5: 259575 260137 260495 ... 265776

Optimal solution found (tolerance 1.00e-02)
Best objective 2.595750174298e+05, best bound 2.595576706626e+05, gap 0.0067%
