
Gurobi 12.0.3 (win64) logging started Tue Jun 30 14:29:59 2026

Set parameter LogFile to value "output/DCH_taller_julio/Costo_variable/Carga_on_board_320kW_Descomp/station_1_d60_stage1\gurobi.log"
Set parameter Threads to value 5
Set parameter Heuristics to value 0.5
Set parameter MIPFocus to value 3
Set parameter Presolve to value 2
Set parameter FlowCoverCuts to value 2
Set parameter TimeLimit to value 172800
Gurobi Optimizer version 12.0.3 build v12.0.3rc0 (win64 - Windows 11+.0 (26200.2))

CPU model: Intel(R) Core(TM) i9-14900K, instruction set [SSE2|AVX|AVX2]
Thread count: 24 physical cores, 32 logical processors, using up to 5 threads

Non-default parameters:
TimeLimit  172800
MIPGap  0.01
Heuristics  0.5
MIPFocus  3
FlowCoverCuts  2
Presolve  2
Threads  5

Optimize a model with 22763 rows, 35809 columns and 110742 nonzeros
Model fingerprint: 0x9d7871aa
Variable types: 17323 continuous, 18486 integer (18485 binary)
Coefficient statistics:
  Matrix range     [1e-01, 3e+02]
  Objective range  [9e-03, 9e+04]
  Bounds range     [1e+00, 1e+00]
  RHS range        [1e+00, 1e+04]
Presolve removed 20029 rows and 25837 columns
Presolve time: 0.10s
Presolved: 2734 rows, 9972 columns, 30403 nonzeros
Variable types: 820 continuous, 9152 integer (9151 binary)
Root relaxation presolved: 2734 rows, 9972 columns, 30403 nonzeros


Root relaxation: objective 7.538476e+04, 5285 iterations, 0.31 seconds (0.62 work units)

    Nodes    |    Current Node    |     Objective Bounds      |     Work
 Expl Unexpl |  Obj  Depth IntInf | Incumbent    BestBd   Gap | It/Node Time

     0     0 128102.059    0  252          - 128102.059      -     -    3s
H    0     0                    217375.04339 128102.059  41.1%     -    4s
     0     0 128102.059    0  208 217375.043 128102.059  41.1%     -    4s
H    0     0                    128241.52237 128102.059  0.11%     -    4s

Cutting planes:
  Gomory: 1
  Cover: 3
  Implied bound: 7
  Clique: 2
  MIR: 3
  Mixing: 1
  Flow cover: 6
  Relax-and-lift: 7

Explored 1 nodes (34981 simplex iterations) in 4.90 seconds (6.92 work units)
Thread count was 5 (of 32 available processors)

Solution count 2: 128242 217375 

Optimal solution found (tolerance 1.00e-02)
Best objective 1.282415223733e+05, best bound 1.281020591859e+05, gap 0.1088%
