
Gurobi 12.0.0 (win64) logging started Mon Sep  7 04:01:32 2026

Set parameter LogFile to value "C:\Users\TECNO-MASTER\Desktop\Elmo_infrastructure_sizing_NP-\output\DCH_septiembre\Bateria_482\Costo_variable\Carga_libre\Carga_on_board_variable_3estaciones_P640kW_Descomp/station_3_d60_stage1\gurobi.log"
Set parameter Threads to value 1
Set parameter Heuristics to value 0.5
Set parameter MIPFocus to value 3
Set parameter Presolve to value 2
Set parameter FlowCoverCuts to value 2
Set parameter TimeLimit to value 1200
Gurobi Optimizer version 12.0.0 build v12.0.0rc1 (win64 - Windows 11+.0 (26200.2))

CPU model: Intel(R) Core(TM) i9-14900K, instruction set [SSE2|AVX|AVX2]
Thread count: 24 physical cores, 32 logical processors, using up to 1 threads

Non-default parameters:
TimeLimit  1200
MIPGap  0.05
Heuristics  0.5
MIPFocus  3
FlowCoverCuts  2
Presolve  2
Threads  1

Optimize a model with 22740 rows, 37249 columns and 110628 nonzeros
Model fingerprint: 0x5a71d7b6
Variable types: 17323 continuous, 19926 integer (19925 binary)
Coefficient statistics:
  Matrix range     [1e-01, 6e+02]
  Objective range  [9e-03, 1e+05]
  Bounds range     [1e+00, 1e+00]
  RHS range        [1e+00, 1e+04]
Presolve removed 19850 rows and 26953 columns
Presolve time: 0.25s
Presolved: 2890 rows, 10296 columns, 31944 nonzeros
Variable types: 840 continuous, 9456 integer (9455 binary)
Root relaxation presolved: 2890 rows, 10296 columns, 31944 nonzeros


Root relaxation: objective 4.392163e+04, 5083 iterations, 0.66 seconds (0.78 work units)

    Nodes    |    Current Node    |     Objective Bounds      |     Work
 Expl Unexpl |  Obj  Depth IntInf | Incumbent    BestBd   Gap | It/Node Time

     0     0 147909.661    0  184          - 147909.661      -     -    4s
H    0     0                    149703.24678 147909.661  1.20%     -    4s

Explored 1 nodes (37416 simplex iterations) in 4.27 seconds (4.31 work units)
Thread count was 1 (of 32 available processors)

Solution count 1: 149703 

Optimal solution found (tolerance 5.00e-02)
Best objective 1.497032467801e+05, best bound 1.479096614231e+05, gap 1.1981%
