
Gurobi 12.0.3 (win64) logging started Tue Jul  7 01:09:00 2026

Set parameter LogFile to value "output/DCH_taller_julio/Costo_variable/Ventana_restringida/Carga_on_board_1000kW_Descomp_ventana_carga/station_1_d244\gurobi.log"
Set parameter Threads to value 5
Set parameter Heuristics to value 0.5
Set parameter MIPFocus to value 3
Set parameter Presolve to value 2
Set parameter FlowCoverCuts to value 2
Set parameter TimeLimit to value 172800
Gurobi Optimizer version 12.0.3 build v12.0.3rc0 (win64 - Windows 11+.0 (26200.2))

CPU model: Intel(R) Core(TM) i9-14900K, instruction set [SSE2|AVX|AVX2]
Thread count: 24 physical cores, 32 logical processors, using up to 5 threads

Non-default parameters:
TimeLimit  172800
MIPGap  0.01
Heuristics  0.5
MIPFocus  3
FlowCoverCuts  2
Presolve  2
Threads  5

Optimize a model with 23329 rows, 35809 columns and 110436 nonzeros
Model fingerprint: 0xac9b8036
Variable types: 17323 continuous, 18486 integer (18485 binary)
Coefficient statistics:
  Matrix range     [1e-01, 1e+03]
  Objective range  [8e-03, 1e+02]
  Bounds range     [1e+00, 1e+00]
  RHS range        [1e+00, 1e+04]
Presolve removed 22241 rows and 27286 columns
Presolve time: 0.13s
Presolved: 1088 rows, 8523 columns, 25613 nonzeros
Variable types: 245 continuous, 8278 integer (8278 binary)
Root relaxation presolved: 1088 rows, 8523 columns, 25613 nonzeros


Use crossover to convert LP symmetric solution to basic solution...

Root relaxation: objective 3.561813e+05, 2958 iterations, 0.04 seconds (0.04 work units)

    Nodes    |    Current Node    |     Objective Bounds      |     Work
 Expl Unexpl |  Obj  Depth IntInf | Incumbent    BestBd   Gap | It/Node Time

     0     0 356181.345    0   88          - 356181.345      -     -    0s
H    0     0                    535576.02653 356181.345  33.5%     -    0s
H    0     0                    398024.64616 356181.345  10.5%     -    0s
H    0     0                    397964.67945 356181.345  10.5%     -    0s
H    0     0                    397955.47474 356181.345  10.5%     -    0s
H    0     0                    363456.21133 356181.345  2.00%     -    0s
H    0     0                    361180.74465 356181.345  1.38%     -    0s
H    0     0                    360763.76641 356181.345  1.27%     -    0s
H    0     0                    360763.47964 356181.345  1.27%     -    0s
H    0     0                    360705.61205 356181.345  1.25%     -    0s
     0     0 356189.645    0  101 360705.612 356189.645  1.25%     -    1s
H    0     0                    360665.57328 356189.645  1.24%     -    1s
H    0     0                    360664.79406 356189.645  1.24%     -    1s
H    0     0                    360551.68227 356189.645  1.21%     -    1s
H    0     0                    360538.73478 356189.645  1.21%     -    1s
H    0     0                    360537.69999 356189.645  1.21%     -    1s
H    0     0                    358365.34781 356189.645  0.61%     -    1s
H    0     0                    357265.95686 356189.645  0.30%     -    1s
H    0     0                    356233.47372 356189.645  0.01%     -    1s
     0     0 356189.645    0  115 356233.474 356189.645  0.01%     -    1s

Cutting planes:
  Gomory: 6
  Cover: 2
  Projected implied bound: 1
  Flow cover: 4
  Zero half: 2
  RLT: 1
  Relax-and-lift: 2
  PSD: 1

Explored 1 nodes (14615 simplex iterations) in 1.58 seconds (1.45 work units)
Thread count was 5 (of 32 available processors)

Solution count 10: 356233 357266 358365 ... 360763

Optimal solution found (tolerance 1.00e-02)
Best objective 3.562334737245e+05, best bound 3.561896448055e+05, gap 0.0123%
