
Gurobi 12.0.0 (win64) logging started Mon Sep  7 03:56:42 2026

Set parameter LogFile to value "C:\Users\TECNO-MASTER\Desktop\Elmo_infrastructure_sizing_NP-\output\DCH_septiembre\Bateria_482\Costo_variable\Carga_libre\Carga_on_board_variable_3estaciones_P160kW_Descomp/station_3_d244_stage1\gurobi.log"
Set parameter Threads to value 1
Set parameter Heuristics to value 0.5
Set parameter MIPFocus to value 3
Set parameter Presolve to value 2
Set parameter FlowCoverCuts to value 2
Set parameter TimeLimit to value 1200
Gurobi Optimizer version 12.0.0 build v12.0.0rc1 (win64 - Windows 11+.0 (26200.2))

CPU model: Intel(R) Core(TM) i9-14900K, instruction set [SSE2|AVX|AVX2]
Thread count: 24 physical cores, 32 logical processors, using up to 1 threads

Non-default parameters:
TimeLimit  1200
MIPGap  0.05
Heuristics  0.5
MIPFocus  3
FlowCoverCuts  2
Presolve  2
Threads  1

Optimize a model with 22770 rows, 37249 columns and 110688 nonzeros
Model fingerprint: 0x791a5f5c
Variable types: 17323 continuous, 19926 integer (19925 binary)
Coefficient statistics:
  Matrix range     [1e-01, 2e+02]
  Objective range  [8e-03, 6e+04]
  Bounds range     [1e+00, 1e+00]
  RHS range        [1e+00, 1e+04]
Presolve removed 19951 rows and 26952 columns
Presolve time: 0.10s
Presolved: 2819 rows, 10297 columns, 31529 nonzeros
Variable types: 841 continuous, 9456 integer (9455 binary)
Root relaxation presolved: 2819 rows, 10297 columns, 31529 nonzeros


Root relaxation: objective 1.379326e+05, 8232 iterations, 0.51 seconds (1.31 work units)

    Nodes    |    Current Node    |     Objective Bounds      |     Work
 Expl Unexpl |  Obj  Depth IntInf | Incumbent    BestBd   Gap | It/Node Time

     0     0 147760.260    0  275          - 147760.260      -     -    1s
     0     0 152647.497    0  272          - 152647.497      -     -    2s
     0     0 154053.008    0  285          - 154053.008      -     -    2s
     0     0 154053.008    0  292          - 154053.008      -     -    2s
     0     0 154053.008    0  316          - 154053.008      -     -    3s
     0     0 154053.008    0  262          - 154053.008      -     -    4s
     0     0 154053.008    0  270          - 154053.008      -     -    4s
     0     0 154053.008    0  291          - 154053.008      -     -    5s
     0     0 154053.008    0  250          - 154053.008      -     -    5s
     0     0 154053.008    0  262          - 154053.008      -     -    5s
     0     0 154251.170    0  290          - 154251.170      -     -    6s
     0     0 154251.170    0  301          - 154251.170      -     -    6s
     0     0 154251.170    0  243          - 154251.170      -     -    6s
     0     0 154251.170    0  265          - 154251.170      -     -    6s
     0     0 154559.682    0  299          - 154559.682      -     -    7s
     0     0 154559.682    0  312          - 154559.682      -     -    7s
     0     0 154559.682    0  280          - 154559.682      -     -    8s
     0     0 154559.682    0  293          - 154559.682      -     -    8s
     0     0 154559.682    0  261          - 154559.682      -     -    8s
     0     0 154559.682    0  288          - 154559.682      -     -    8s
     0     0 154559.682    0  275          - 154559.682      -     -    9s
     0     0 154559.682    0  252          - 154559.682      -     -    9s
H    0     0                    169315.91032 154559.682  8.72%     -    9s
H    0     0                    169039.28550 154559.682  8.57%     -    9s
H    0     0                    168946.22833 154559.682  8.52%     -    9s
H    0     0                    168905.33651 154559.682  8.49%     -    9s
H    0     0                    167954.63755 154559.682  7.98%     -    9s
H    0     0                    167088.11437 154559.682  7.50%     -    9s
H    0     0                    167076.21096 154559.682  7.49%     -    9s
H    0     0                    167005.41473 154559.682  7.45%     -    9s
H    0     0                    166754.88282 154559.682  7.31%     -    9s
H    0     0                    166557.12037 154559.682  7.20%     -    9s
H    0     0                    166532.63874 154559.682  7.19%     -   10s
     0     2 154977.179    0  252 166532.639 154977.179  6.94%     -   10s

Cutting planes:
  Gomory: 11
  Cover: 20
  Clique: 3
  Flow cover: 2
  Zero half: 4
  Relax-and-lift: 16

Explored 3 nodes (80937 simplex iterations) in 10.15 seconds (23.20 work units)
Thread count was 1 (of 32 available processors)

Solution count 10: 166533 166557 166755 ... 169039

Optimal solution found (tolerance 5.00e-02)
Best objective 1.665326387365e+05, best bound 1.625128150995e+05, gap 2.4138%
