
Gurobi 12.0.0 (win64) logging started Mon Feb 23 12:09:03 2026

Set parameter LogFile to value "ELMO_log.txt"
Set parameter Threads to value 24
Set parameter Heuristics to value 0.5
Set parameter MIPFocus to value 3
Set parameter Presolve to value 2
Set parameter FlowCoverCuts to value 2
Set parameter TimeLimit to value 172800
Gurobi Optimizer version 12.0.0 build v12.0.0rc1 (win64 - Windows 11+.0 (26200.2))

CPU model: Intel(R) Core(TM) i9-14900K, instruction set [SSE2|AVX|AVX2]
Thread count: 24 physical cores, 32 logical processors, using up to 24 threads

Non-default parameters:
TimeLimit  172800
MIPGap  0.01
Heuristics  0.5
MIPFocus  3
FlowCoverCuts  2
Presolve  2
Threads  24

Optimize a model with 275043 rows, 895254 columns and 2912262 nonzeros
Model fingerprint: 0x3dc3653e
Variable types: 114192 continuous, 781062 integer (781059 binary)
Coefficient statistics:
  Matrix range     [1e-01, 1e+03]
  Objective range  [3e-03, 3e+05]
  Bounds range     [1e+00, 1e+00]
  RHS range        [1e+00, 1e+18]
Warning: Model contains large rhs
         Consider reformulating model or setting NumericFocus parameter
         to avoid numerical issues.
Found heuristic solution: objective 9.739107e+10
Presolve removed 203160 rows and 561456 columns (presolve time = 5s)...
Presolve removed 203160 rows and 561456 columns
Presolve time: 5.97s
Presolved: 71883 rows, 333798 columns, 1010166 nonzeros
Variable types: 46656 continuous, 287142 integer (287139 binary)
Root relaxation presolve removed 17568 rows and 17568 columns
Root relaxation presolved: 54315 rows, 316230 columns, 975030 nonzeros

Deterministic concurrent LP optimizer: primal simplex, dual simplex, and barrier
Showing barrier log only...

Root barrier log...

Ordering time: 0.35s

Barrier statistics:
 Dense cols : 6
 AA' NZ     : 7.696e+05
 Factor NZ  : 3.260e+06 (roughly 180 MB of memory)
 Factor Ops : 3.861e+08 (less than 1 second per iteration)
 Threads    : 22

                  Objective                Residual
Iter       Primal          Dual         Primal    Dual     Compl     Time
   0   2.13743215e+12 -2.78966934e+12  5.86e+03 3.10e+04  2.26e+08     7s
   1   1.13268842e+12 -2.28278692e+12  2.95e+03 1.53e+05  1.07e+08     7s
   2   9.41082046e+11 -1.61843748e+12  2.48e+03 5.84e-05  8.52e+07     7s
   3   6.46069867e+10 -1.16500109e+12  8.76e+01 9.78e-06  4.64e+06     7s
   4   2.31220799e+10 -3.65304328e+11  2.26e+01 6.85e-06  1.16e+06     7s
   5   2.24780173e+09 -1.03108271e+11  3.52e-01 1.51e-05  1.66e+05     7s
   6   2.77472297e+08 -7.22790656e+09  4.89e-03 3.22e-07  1.12e+04     7s
   7   5.01641127e+07 -1.47482822e+09  8.90e-04 5.02e-08  2.26e+03     8s
   8   1.72386155e+07 -2.48094723e+08  1.03e-04 1.20e-08  3.93e+02     8s
   9   2.10188137e+06 -1.06038856e+08  2.87e-07 4.78e-09  1.60e+02     8s
  10   1.51841883e+06 -9.92039769e+07  7.17e-08 4.04e-09  1.49e+02     8s
  11   1.31891869e+06 -1.24623528e+07  2.26e-08 1.28e-09  2.04e+01     8s
  12   1.05726954e+06 -4.79819326e+06  1.37e-08 1.25e-09  8.68e+00     8s
  13   8.21627063e+05 -2.87628883e+06  7.56e-09 9.91e-10  5.48e+00     8s
  14   7.66774180e+05 -2.05987019e+06  6.50e-09 9.14e-10  4.19e+00     8s
  15   6.98426489e+05 -1.09268973e+06  5.08e-09 9.33e-10  2.65e+00     8s
  16   6.49996132e+05 -6.14485063e+05  3.89e-09 9.85e-10  1.87e+00     8s
  17   5.71553888e+05 -3.22379615e+05  1.61e-09 9.32e-10  1.32e+00     8s
  18   5.47424728e+05  2.09399386e+03  8.70e-10 9.20e-10  8.08e-01     8s
  19   5.34721935e+05  1.93906847e+05  5.42e-10 8.45e-10  5.05e-01     8s
  20   5.27300879e+05  3.08310482e+05  3.59e-10 8.12e-10  3.24e-01     8s
  21   5.21338360e+05  3.93551037e+05  2.17e-10 7.45e-10  1.89e-01     8s
  22   5.18441459e+05  4.47995179e+05  1.51e-10 3.78e-09  1.04e-01     8s
  23   5.15643750e+05  4.76933950e+05  8.95e-11 5.38e-09  5.74e-02     8s
  24   5.13480556e+05  4.93559722e+05  4.47e-11 9.33e-10  2.95e-02     8s
  25   5.12284235e+05  4.97778121e+05  2.33e-11 9.20e-10  2.15e-02     8s
  26   5.11737714e+05  5.05861054e+05  1.34e-11 3.07e-08  8.71e-03     8s
  27   5.11338869e+05  5.07353339e+05  1.28e-11 1.41e-08  5.90e-03     8s
  28   5.11053039e+05  5.08732566e+05  2.80e-11 2.14e-08  3.44e-03     8s
  29   5.10960345e+05  5.08869266e+05  2.60e-11 1.27e-08  3.10e-03     9s
  30   5.10909456e+05  5.09829265e+05  2.69e-11 6.04e-08  1.60e-03     9s
  31   5.10876391e+05  5.10014331e+05  1.43e-11 4.89e-08  1.28e-03     9s
  32   5.10853355e+05  5.10303047e+05  1.12e-11 2.95e-08  8.15e-04     9s
  33   5.10807926e+05  5.10655370e+05  5.36e-12 1.77e-08  2.26e-04     9s
  34   5.10774379e+05  5.10739798e+05  1.88e-11 4.28e-09  5.12e-05     9s
  35   5.10767888e+05  5.10754657e+05  2.56e-11 1.02e-09  1.96e-05     9s
  36   5.10765058e+05  5.10756744e+05  1.24e-11 1.08e-09  1.23e-05     9s
  37   5.10764472e+05  5.10760287e+05  9.65e-12 1.04e-09  6.20e-06     9s
  38   5.10762797e+05  5.10761639e+05  2.10e-12 1.04e-09  1.71e-06     9s
  39   5.10762509e+05  5.10762164e+05  8.05e-13 1.05e-09  5.10e-07     9s
  40   5.10762363e+05  5.10762262e+05  8.40e-11 9.62e-10  1.50e-07    10s
  41   5.10762338e+05  5.10762333e+05  6.45e-11 1.05e-09  7.24e-09    10s

Barrier solved model in 41 iterations and 9.66 seconds (39.13 work units)
Optimal objective 5.10762338e+05


Root crossover log...

    5828 DPushes remaining with DInf 0.0000000e+00                10s
     252 DPushes remaining with DInf 0.0000000e+00                10s
       0 DPushes remaining with DInf 0.0000000e+00                10s

  255280 PPushes remaining with PInf 2.9389844e-03                10s
       0 PPushes remaining with PInf 0.0000000e+00                14s

  Push phase complete: Pinf 0.0000000e+00, Dinf 4.9490858e+01     14s


Root simplex log...

Iteration    Objective       Primal Inf.    Dual Inf.      Time
  260740    5.1076234e+05   0.000000e+00   4.949086e+01     14s
  260743    5.1076234e+05   0.000000e+00   0.000000e+00     14s
Concurrent spin time: 0.00s

Solved with barrier
  264473    5.1076234e+05   0.000000e+00   0.000000e+00     14s
Extra simplex iterations after uncrush: 3730

Root relaxation: objective 5.107623e+05, 264473 iterations, 8.28 seconds (10.91 work units)
Total elapsed time = 23.04s (DegenMoves)
Total elapsed time = 28.72s (DegenMoves)
Total elapsed time = 31.07s (DegenMoves)
Total elapsed time = 43.23s (DegenMoves)

    Nodes    |    Current Node    |     Objective Bounds      |     Work
 Expl Unexpl |  Obj  Depth IntInf | Incumbent    BestBd   Gap | It/Node Time

     0     0 510762.337    0 12872 9.7391e+10 510762.337   100%     -   44s
H    0     0                    4.773026e+10 510762.337   100%     -   45s
     0     0 518049.571    0 12480 4.7730e+10 518049.571   100%     -  103s
     0     0 523420.663    0 13880 4.7730e+10 523420.663   100%     -  120s
     0     0 538428.404    0 14290 4.7730e+10 538428.404   100%     -  129s
     0     0 559519.162    0 14424 4.7730e+10 559519.162   100%     -  137s
     0     0 587779.903    0 14332 4.7730e+10 587779.903   100%     -  148s
     0     0 618206.182    0 14391 4.7730e+10 618206.182   100%     -  157s
     0     0 652005.093    0 14407 4.7730e+10 652005.093   100%     -  163s
     0     0 688527.679    0 14285 4.7730e+10 688527.679   100%     -  167s
     0     0 726143.658    0 14258 4.7730e+10 726143.658   100%     -  169s
     0     0 753008.479    0 13974 4.7730e+10 753008.479   100%     -  171s
     0     0 778105.251    0 13763 4.7730e+10 778105.251   100%     -  175s
     0     0 813710.373    0 13961 4.7730e+10 813710.373   100%     -  181s
     0     0 856120.172    0 13653 4.7730e+10 856120.172   100%     -  191s
     0     0 856254.874    0 13638 4.7730e+10 856254.874   100%     -  192s
     0     0 856254.874    0 13614 4.7730e+10 856254.874   100%     -  193s
     0     0 875666.911    0 11574 4.7730e+10 875666.911   100%     -  256s
     0     0 879431.698    0 12731 4.7730e+10 879431.698   100%     -  276s
     0     0 887174.525    0 12839 4.7730e+10 887174.525   100%     -  289s
     0     0 889920.322    0 12910 4.7730e+10 889920.322   100%     -  292s
     0     0 889927.098    0 12913 4.7730e+10 889927.098   100%     -  293s
     0     0 896162.781    0 10949 4.7730e+10 896162.781   100%     -  355s
     0     0 901848.775    0 11888 4.7730e+10 901848.775   100%     -  364s
     0     0 913828.411    0 12048 4.7730e+10 913828.411   100%     -  366s
     0     0 918068.239    0 11693 4.7730e+10 918068.239   100%     -  368s
     0     0 919302.692    0 11521 4.7730e+10 919302.692   100%     -  369s
     0     0 919316.606    0 11464 4.7730e+10 919316.606   100%     -  369s
     0     0 919512.087    0 10124 4.7730e+10 919512.087   100%     -  428s
     0     0 930651.223    0 11107 4.7730e+10 930651.223   100%     -  434s
     0     0 933278.291    0 11538 4.7730e+10 933278.291   100%     -  436s
     0     0 934080.095    0 11518 4.7730e+10 934080.095   100%     -  438s
     0     0 934086.190    0 11533 4.7730e+10 934086.190   100%     -  439s
     0     0 934172.094    0 10242 4.7730e+10 934172.094   100%     -  503s
     0     0 940618.659    0 11543 4.7730e+10 940618.659   100%     -  512s
     0     0 941996.179    0 11758 4.7730e+10 941996.179   100%     -  514s
     0     0 942354.991    0 11968 4.7730e+10 942354.991   100%     -  516s
     0     0 942629.019    0 11888 4.7730e+10 942629.019   100%     -  518s
     0     0 942656.087    0 11763 4.7730e+10 942656.087   100%     -  519s
     0     0 942665.114    0 10243 4.7730e+10 942665.114   100%     -  582s
     0     0 949612.938    0 11575 4.7730e+10 949612.938   100%     -  594s
     0     0 949679.812    0 12400 4.7730e+10 949679.812   100%     -  597s
     0     0 949711.905    0 10574 4.7730e+10 949711.905   100%     -  668s
H    0     0                    1.590111e+10 949711.905   100%     -  676s
H    0     0                    1.568942e+10 949711.905   100%     -  676s
H    0     0                    1.562964e+10 949711.905   100%     -  677s
H    0     0                    1.562964e+10 949711.905   100%     -  677s
H    0     0                    1.559562e+10 949711.905   100%     -  677s
H    0     0                    1.559547e+10 949711.905   100%     -  677s
H    0     0                    1.559537e+10 949711.905   100%     -  678s
H    0     0                    1.559455e+10 949711.905   100%     -  679s
H    0     0                    1.559421e+10 949711.905   100%     -  679s
H    0     0                    1.559396e+10 949711.905   100%     -  679s
H    0     0                    1.559368e+10 949711.905   100%     -  679s
H    0     0                    1.559260e+10 949711.905   100%     -  679s
     0     0 957869.626    0 11499 1.5593e+10 957869.626   100%     -  684s
     0     0 958581.891    0 12166 1.5593e+10 958581.891   100%     -  688s
     0     0 959441.662    0 12042 1.5593e+10 959441.662   100%     -  690s
     0     0 960082.468    0 12352 1.5593e+10 960082.468   100%     -  693s
     0     0 960401.559    0 12606 1.5593e+10 960401.559   100%     -  694s
     0     0 960444.197    0 12635 1.5593e+10 960444.197   100%     -  696s
     0     0 960965.865    0 10293 1.5593e+10 960965.865   100%     -  763s
H    0     0                    1.558853e+10 960965.865   100%     -  768s
H    0     0                    1.558612e+10 960965.865   100%     -  768s
     0     0 960965.867    0 10199 1.5586e+10 960965.867   100%     -  769s
     0     0 964539.391    0 11116 1.5586e+10 964539.391   100%     -  821s
H    0     0                    1.558443e+10 964539.391   100%     -  826s
H    0     0                    1.558433e+10 964539.391   100%     -  828s
H    0     0                    1.558346e+10 964539.391   100%     -  828s
     0     0 971440.112    0 12142 1.5583e+10 971440.112   100%     -  830s
     0     0 972879.668    0 12761 1.5583e+10 972879.668   100%     -  836s
     0     0 972882.247    0 12676 1.5583e+10 972882.247   100%     -  838s
     0     0 979103.121    0 12957 1.5583e+10 979103.121   100%     -  888s
     0     0 979251.819    0 12882 1.5583e+10 979251.819   100%     -  891s
     0     0 979497.534    0 12970 1.5583e+10 979497.534   100%     -  921s
     0     0 979497.534    0 12970 1.5583e+10 979497.534   100%     -  938s
H    0     0                    3.186763e+07 979497.534  96.9%     - 1098s
H    0     0                    2.110597e+07 979497.534  95.4%     - 1106s
H    0     0                    1.732544e+07 979497.534  94.3%     - 1106s
H    0     0                    1.651952e+07 979497.534  94.1%     - 1106s
H    0     0                    1.638695e+07 979497.534  94.0%     - 1107s
H    0     0                    1.470387e+07 979497.534  93.3%     - 1107s
H    0     0                    1.461187e+07 979497.534  93.3%     - 1107s
H    0     0                    1.346739e+07 979497.534  92.7%     - 1108s
H    0     0                    1.198160e+07 979497.534  91.8%     - 1109s
H    0     0                    1.087332e+07 979497.534  91.0%     - 1109s
H    0     0                    6025333.7019 979497.534  83.7%     - 1109s
H    0     0                    5633513.4797 979497.534  82.6%     - 1110s
H    0     0                    5570467.0914 979497.534  82.4%     - 1112s
H    0     0                    5178537.2556 979497.534  81.1%     - 1112s
H    0     0                    4907922.3844 979497.534  80.0%     - 1112s
H    0     0                    4878554.4109 979497.534  79.9%     - 1112s
H    0     0                    4757033.3127 979497.534  79.4%     - 1112s
H    0     0                    4723860.8265 979497.534  79.3%     - 1112s
H    0     0                    4578442.5479 979497.534  78.6%     - 1112s
H    0     0                    4578251.1756 979497.534  78.6%     - 1121s
H    0     0                    4457219.6658 979497.534  78.0%     - 1123s
H    0     0                    3221445.0028 979497.534  69.6%     - 1124s
H    0     0                    3221363.8545 979497.534  69.6%     - 1130s
H    0     0                    3221109.7447 979497.534  69.6%     - 1131s
H    0     0                    2978476.1704 979497.534  67.1%     - 1135s
H    0     0                    2949973.9209 979497.534  66.8%     - 1135s
H    0     0                    2887123.6119 979497.534  66.1%     - 1135s
H    0     0                    2887033.5751 979497.534  66.1%     - 1137s
H    0     0                    2886991.9374 979497.534  66.1%     - 1137s
H    0     0                    2886919.0250 979497.534  66.1%     - 1137s
H    0     0                    2886812.1560 979497.534  66.1%     - 1137s
     0     2 979497.534    0 12970 2886812.16 979497.534  66.1%     - 1148s
     1     2 infeasible    1      2886812.16 980224.977  66.0% 70426 1178s
     3     2 infeasible    2      2886812.16 1129537.72  60.9% 75415 1204s
     5     2 infeasible    3      2886812.16 1281221.48  55.6% 73599 1217s
     7     1 infeasible    4      2886812.16 1315271.67  54.4% 64159 1231s
     8     2 1374504.95    4 7711 2886812.16 1374504.95  52.4% 56369 1236s
     9     2 1435507.37    5 6200 2886812.16 1376204.21  52.3% 61640 1250s
    11     2 1482902.77    6 5469 2886812.16 1436658.52  50.2% 58451 1255s
    15     8 1483028.31    8 5673 2886812.16 1482986.98  48.6% 47100 1261s
    19    16 1483242.22    9 5834 2886812.16 1483031.63  48.6% 41171 1270s
    27    32 1483456.49   10 6406 2886812.16 1483234.72  48.6% 42452 1298s
H   32    32                    2288509.5837 1483260.64  35.2% 37838 1298s
    43    56 1483663.61   11 6835 2288509.58 1483456.59  35.2% 32677 1325s
    67    80 1483879.96   11 7340 2288509.58 1483522.85  35.2% 27950 1353s
    91   104 1484056.09   12 7594 2288509.58 1483663.61  35.2% 27105 1394s
   115   128 1484357.02   12 7548 2288509.58 1483693.60  35.2% 28440 1495s
   139   152 1484271.56   13 7594 2288509.58 1483841.97  35.2% 28041 1641s
   163   176 1484328.30   12 7563 2288509.58 1483898.10  35.2% 28132 1697s
   187   204 1484290.67   13 7413 2288509.58 1484058.49  35.2% 26714 1756s
   215   316 1484307.14   13 7621 2288509.58 1484071.14  35.2% 25231 1784s
   327  1876 1484268.36   15 7679 2288509.58 1484268.36  35.1% 16998 2216s
H  522  1876                    1628672.1462 1484268.36  8.87% 10651 2216s
  1887  2718 1484268.36   17 7661 1628672.15 1484268.36  8.87%  2954 2951s
  2730  2719 1484269.47   61 12970 1628672.15 1484268.36  8.87%  2045 3401s
H 2731  2584                    1628616.9308 1484268.36  8.86%  2045 3439s
H 2731  2454                    1569873.8589 1484268.36  5.45%  2045 4177s
H 2731  2332                    1569528.9360 1484268.36  5.43%  2045 4177s
H 2731  2215                    1569306.2899 1484268.36  5.42%  2045 4177s
H 2731  2104                    1540950.4200 1484268.36  3.68%  2045 4177s
H 2731  1999                    1540905.3068 1484268.36  3.68%  2045 4177s
H 2731  1899                    1540305.4859 1484268.36  3.64%  2045 4177s
H 2731  1804                    1539750.6590 1484268.36  3.60%  2045 4177s
H 2731  1714                    1539750.6485 1484268.36  3.60%  2045 4177s
H 2731  1628                    1510354.9236 1484268.36  1.73%  2045 4177s
H 2731  1547                    1510101.7738 1484268.36  1.71%  2045 4177s
H 2731  1469                    1509514.5756 1484268.36  1.67%  2045 4177s
H 2731  1396                    1509505.2130 1484268.36  1.67%  2045 4177s
H 2731  1326                    1509503.3108 1484268.36  1.67%  2045 4177s
H 2731  1260                    1509503.2215 1484268.36  1.67%  2045 4177s
H 2731  1197                    1509499.8134 1484268.36  1.67%  2045 4177s
H 2731  1137                    1509499.6629 1484268.36  1.67%  2045 4177s
H 2731  1080                    1509155.6417 1484268.36  1.65%  2045 4177s
  2733  1081 1484363.74   17 11581 1509155.64 1484268.36  1.65%  2043 4255s
  2734  1082 1484297.57   49 12308 1509155.64 1484268.36  1.65%  2042 4260s
  2735  1082 1484296.03   32 12960 1509155.64 1484268.36  1.65%  2042 4272s
  2736  1083 1484273.22   21 13539 1509155.64 1484268.36  1.65%  2041 4283s
  2737  1084 1484298.00   55 13762 1509155.64 1484268.36  1.65%  2040 4293s
  2738  1084 1484298.03   67 13756 1509155.64 1484268.36  1.65%  2039 4301s
  2739  1085 1484290.26   44 13648 1509155.64 1484268.36  1.65%  2039 4307s
  2740  1086 1484296.03   44 13528 1509155.64 1484268.36  1.65%  2038 4312s
  2741  1086 1484273.51   19 13425 1509155.64 1484268.36  1.65%  2037 4317s
  2742  1087 1484337.22   13 13188 1509155.64 1484268.36  1.65%  2036 4321s
  2743  1088 1484271.17   15 12825 1509155.64 1484268.36  1.65%  2036 4326s
  2744  1088 1484299.43   62 12527 1509155.64 1484268.36  1.65%  2035 4331s
  2745  1089 1484268.36   20 12125 1509155.64 1484268.36  1.65%  2034 4340s
  2746  1090 1484298.00   55 12128 1509155.64 1484268.36  1.65%  2033 4363s
H 2746  1035                    1508919.0555 1484268.36  1.63%  2033 4439s
  2748  1036 1484297.94   62 11538 1508919.06 1484268.36  1.63%  2032 4452s
  2749  1037 1484273.22   25 11618 1508919.06 1484268.36  1.63%  2031 4470s
  2750  1037 1484285.29   23 11523 1508919.06 1484268.36  1.63%  2030 4480s
  2751  1038 1484290.15   21 11584 1508919.06 1484268.36  1.63%  2030 4541s
  2752  1039 1484290.16   68 9845 1508919.06 1484268.36  1.63%  2029 4621s
  2753  1039 1484307.01   78 10523 1508919.06 1484268.36  1.63%  2028 4692s
  2754  1040 1484307.39   15 10072 1508919.06 1484268.36  1.63%  2027 4764s
  2755  1041 1484298.98   33 10645 1508919.06 1484268.36  1.63%  2027 4825s
  2756  1041 1484297.93   63 9919 1508919.06 1484268.36  1.63%  2026 4896s
  2757  1042 1484307.43   67 9919 1508919.06 1484268.36  1.63%  2025 4955s
  2758  1043 1484285.29   25 9919 1508919.06 1484268.36  1.63%  2025 5162s
H 2758   993                    1508753.4228 1484268.36  1.62%  2671 5172s
  2759   992 infeasible   11      1508753.42 1484268.36  1.62%  2691 5194s
  2761   991 infeasible   12      1508753.42 1484268.36  1.62%  2746 5209s
  2762   991 1484268.36   12 8466 1508753.42 1484268.36  1.62%  2746 5210s
  2763   991 1484268.36   13 6946 1508753.42 1484268.36  1.62%  2773 5217s
  2765   990 infeasible   14      1508753.42 1484268.36  1.62%  2786 5225s
  2767   989 infeasible   15      1508753.42 1484268.36  1.62%  2817 5234s
  2768   989 1484268.36   15 5081 1508753.42 1484268.36  1.62%  2832 5235s
  2769   991 1484268.36   16 5069 1508753.42 1484268.36  1.62%  2831 5240s
  2775  1001 1487727.86   18 5613 1508753.42 1487727.86  1.39%  2876 5248s
  2783  1014 1487855.41   19 6307 1508753.42 1487730.95  1.39%  2871 5259s
  2799  1033 1487915.06   20 6804 1508753.42 1487860.67  1.38%  2896 5296s
  2823  1265 1487947.22   21 6997 1508753.42 1487914.58  1.38%  2921 5360s
H 2833  1212                    1507989.3062 1487914.58  1.33%  2911 5360s
H 2923  1134                    1507272.2377 1487918.89  1.28%  2838 5361s
  3063  1111 1487966.72   22 7202 1507272.24 1487936.83  1.28%  2742 5500s
  3087  1127 1487991.21   24 7117 1507272.24 1487946.74  1.28%  2764 5746s
  3111  1143 1487973.59   23 7335 1507272.24 1487953.21  1.28%  2805 6326s
  3135  1266 1488038.38   25 7283 1507272.24 1487960.70  1.28%  2857 6525s
  3266  3094 1488023.32   22 7268 1507272.24 1487967.27  1.28%  2812 6784s
  4904  2548 1488075.13   22 7274 1507272.24 1487970.73  1.28%  1943 6786s
  5138  2495 1488077.14   22 7295 1507272.24 1487971.24  1.28%  1866 7172s
  5163  2511 1488095.69   26 7206 1507272.24 1487976.44  1.28%  1911 7912s
  5187  3757 1488124.91   30 7524 1507272.24 1487980.53  1.28%  1960 8206s
  6441  4406 1488134.37   25 7436 1507272.24 1487983.83  1.28%  1643 8657s
  7173  6278 1488131.18   21 7313 1507272.24 1487987.30  1.28%  1525 8770s
  9045  6302 1488140.48   31 7583 1507272.24 1487995.78  1.28%  1270 9558s
  9064  6302 1488152.39   25 7540 1507272.24 1488001.93  1.28%  1293 9560s
  9069  6776 1488227.74   29 7761 1507272.24 1488004.35  1.28%  1299 9828s
  9543  6800 1488129.61   26 7505 1507272.24 1488013.01  1.28%  1271 10430s
  9567  7411 1488111.09   27 7619 1507272.24 1488013.62  1.28%  1293 10707s
 10178  7435 1488104.05   24 7573 1507272.24 1488020.97  1.28%  1248 11208s

Cutting planes:
  Gomory: 21
  Lift-and-project: 4
  Implied bound: 242
  Projected implied bound: 240
  MIR: 18522
  Mixing: 2955
  Flow cover: 26422
  Relax-and-lift: 2536

Explored 10202 nodes (15551948 simplex iterations) in 11210.88 seconds (7581.50 work units)
Thread count was 24 (of 32 available processors)

Solution count 10: 1.50727e+06 1.50799e+06 1.50875e+06 ... 1.50951e+06

Solve interrupted
Best objective 1.507272237664e+06, best bound 1.488024337784e+06, gap 1.2770%
