
Gurobi 12.0.3 (win64) logging started Sun Aug 23 17:22:16 2026

Set parameter LogFile to value "C:\Users\TECNO-MASTER\Desktop\Elmo_infrastructure_sizing_NP-\output\DCH_agosto\Costo_variable\Ventana_restringida\Carga_on_board_variable_3estaciones_P1000kW_Descomp/station_3_d244_stage1\gurobi.log"
Set parameter Threads to value 1
Set parameter Heuristics to value 0.5
Set parameter MIPFocus to value 3
Set parameter Presolve to value 2
Set parameter FlowCoverCuts to value 2
Set parameter TimeLimit to value 172800
Gurobi Optimizer version 12.0.3 build v12.0.3rc0 (win64 - Windows 11+.0 (26200.2))

CPU model: Intel(R) Core(TM) i9-14900K, instruction set [SSE2|AVX|AVX2]
Thread count: 24 physical cores, 32 logical processors, using up to 1 threads

Non-default parameters:
TimeLimit  172800
MIPGap  0.01
Heuristics  0.5
MIPFocus  3
FlowCoverCuts  2
Presolve  2
Threads  1

Optimize a model with 23314 rows, 37249 columns and 111232 nonzeros
Model fingerprint: 0x17398833
Variable types: 17323 continuous, 19926 integer (19925 binary)
Coefficient statistics:
  Matrix range     [1e-01, 1e+03]
  Objective range  [8e-03, 2e+05]
  Bounds range     [1e+00, 3e+00]
  RHS range        [1e+00, 1e+04]
Presolve removed 22108 rows and 28483 columns
Presolve time: 0.08s
Presolved: 1206 rows, 8766 columns, 26820 nonzeros
Variable types: 233 continuous, 8533 integer (8441 binary)
Root relaxation presolved: 1206 rows, 8766 columns, 26820 nonzeros


Use crossover to convert LP symmetric solution to basic solution...

Root relaxation: objective 1.445878e+05, 3041 iterations, 0.03 seconds (0.05 work units)

    Nodes    |    Current Node    |     Objective Bounds      |     Work
 Expl Unexpl |  Obj  Depth IntInf | Incumbent    BestBd   Gap | It/Node Time

     0     0 144587.783    0  164          - 144587.783      -     -    0s
     0     0 166084.941    0  145          - 166084.941      -     -    0s
H    0     0                    406721.60837 166084.941  59.2%     -    0s
H    0     0                    290718.50368 170192.747  41.5%     -    0s
H    0     0                    290597.58334 170192.747  41.4%     -    0s
H    0     0                    283197.68278 170192.747  39.9%     -    0s
H    0     0                    279325.36895 170192.747  39.1%     -    0s
H    0     0                    275922.85820 170192.747  38.3%     -    0s
H    0     0                    263304.47319 170192.747  35.4%     -    0s
H    0     0                    245677.79481 170192.747  30.7%     -    0s
H    0     0                    244062.75738 170192.747  30.3%     -    0s
H    0     0                    243086.02526 170192.747  30.0%     -    0s
H    0     0                    243063.11567 170192.747  30.0%     -    0s
H    0     0                    243003.17735 170192.747  30.0%     -    0s
H    0     0                    242980.59417 170192.747  30.0%     -    0s
     0     0 170192.747    0  135 242980.594 170192.747  30.0%     -    0s
     0     0 189863.407    0  149 242980.594 189863.407  21.9%     -    1s
H    0     0                    233461.35555 189863.407  18.7%     -    1s
H    0     0                    232621.33364 189863.407  18.4%     -    1s
H    0     0                    232576.16866 189863.407  18.4%     -    1s
H    0     0                    232566.12319 189863.407  18.4%     -    1s
H    0     0                    232565.49500 189863.407  18.4%     -    1s
     0     0 189973.927    0  174 232565.495 189973.927  18.3%     -    1s
     0     0 190897.443    0  170 232565.495 190897.443  17.9%     -    1s
     0     0 190897.443    0  169 232565.495 190897.443  17.9%     -    1s
     0     0 195285.345    0  156 232565.495 195285.345  16.0%     -    1s
H    0     0                    232028.09672 195285.345  15.8%     -    1s
H    0     0                    227876.67572 195285.345  14.3%     -    1s
H    0     0                    227866.83617 195285.345  14.3%     -    1s
H    0     0                    227852.57797 195285.345  14.3%     -    1s
     0     0 195285.345    0  176 227852.578 195285.345  14.3%     -    1s
     0     0 197589.097    0  156 227852.578 197589.097  13.3%     -    2s
H    0     0                    227760.32211 197589.097  13.2%     -    2s
H    0     0                    226421.44767 197589.097  12.7%     -    2s
H    0     0                    226017.54696 197589.097  12.6%     -    2s
     0     0 198637.972    0  151 226017.547 198637.972  12.1%     -    2s
     0     0 198637.972    0  169 226017.547 198637.972  12.1%     -    2s
     0     0 198637.972    0  118 226017.547 198637.972  12.1%     -    2s
H    0     0                    225997.01441 198637.972  12.1%     -    2s
H    0     0                    225996.74525 198637.972  12.1%     -    2s
H    0     0                    225775.59660 198637.972  12.0%     -    2s
     0     0 198637.972    0  133 225775.597 198637.972  12.0%     -    2s
     0     0 198637.972    0  136 225775.597 198637.972  12.0%     -    3s
H    0     0                    225772.76857 198637.972  12.0%     -    3s
     0     0 198637.972    0  155 225772.769 198637.972  12.0%     -    3s
     0     0 198637.972    0  121 225772.769 198637.972  12.0%     -    3s
     0     0 198637.972    0  133 225772.769 198637.972  12.0%     -    3s
H    0     0                    225772.16067 198637.972  12.0%     -    3s
H    0     0                    224783.45599 198637.972  11.6%     -    4s
H    0     0                    224766.18368 198637.972  11.6%     -    4s
H    0     0                    224757.90252 198637.972  11.6%     -    4s
H    0     0                    224692.06427 198637.972  11.6%     -    4s
H    0     0                    224496.14084 198637.972  11.5%     -    4s
H    0     0                    224496.02731 198637.972  11.5%     -    4s
H    0     0                    224495.05049 198637.972  11.5%     -    4s
     0     2 198640.551    0  133 224495.050 198640.551  11.5%     -    4s
H    9     7                    224494.74273 217655.751  3.05%  1047    4s
H    9     7                    224345.51996 217655.751  2.98%  1047    4s
H    9     7                    224345.45183 217655.751  2.98%  1047    4s
H    9     7                    224340.93339 217655.751  2.98%  1047    4s
H    9     7                    224337.57722 217655.751  2.98%  1047    4s
    10    10 217675.906    5   86 224337.577 217655.751  2.98%  1225    5s
H   11     9                    218461.34974 217655.751  0.37%  1114    5s

Cutting planes:
  Gomory: 4
  Lift-and-project: 2
  Cover: 28
  Implied bound: 29
  Projected implied bound: 8
  Clique: 21
  MIR: 165
  Mixing: 8
  StrongCG: 4
  Flow cover: 242
  Zero half: 54
  RLT: 1
  Relax-and-lift: 31
  BQP: 3
  PSD: 23

Explored 12 nodes (36347 simplex iterations) in 5.09 seconds (10.70 work units)
Thread count was 1 (of 32 available processors)

Solution count 10: 218461 224338 224341 ... 224692

Optimal solution found (tolerance 1.00e-02)
Best objective 2.184613497431e+05, best bound 2.176557514344e+05, gap 0.3688%
