
Gurobi 12.0.0 (win64) logging started Mon Sep  7 03:41:23 2026

Set parameter LogFile to value "C:\Users\TECNO-MASTER\Desktop\Elmo_infrastructure_sizing_NP-\output\DCH_septiembre\Bateria_353\Costo_variable\Carga_libre\Carga_on_board_variable_3estaciones_P160kW_Descomp/station_1_d1_stage1\gurobi.log"
Set parameter Threads to value 1
Set parameter Heuristics to value 0.5
Set parameter MIPFocus to value 3
Set parameter Presolve to value 2
Set parameter FlowCoverCuts to value 2
Set parameter TimeLimit to value 1200
Gurobi Optimizer version 12.0.0 build v12.0.0rc1 (win64 - Windows 11+.0 (26200.2))

CPU model: Intel(R) Core(TM) i9-14900K, instruction set [SSE2|AVX|AVX2]
Thread count: 24 physical cores, 32 logical processors, using up to 1 threads

Non-default parameters:
TimeLimit  1200
MIPGap  0.05
Heuristics  0.5
MIPFocus  3
FlowCoverCuts  2
Presolve  2
Threads  1

Optimize a model with 22740 rows, 37249 columns and 110626 nonzeros
Model fingerprint: 0x104dff65
Variable types: 17323 continuous, 19926 integer (19925 binary)
Coefficient statistics:
  Matrix range     [1e-01, 2e+02]
  Objective range  [1e-02, 6e+04]
  Bounds range     [1e+00, 1e+00]
  RHS range        [1e+00, 1e+04]
Presolve removed 19951 rows and 26951 columns
Presolve time: 0.22s
Presolved: 2789 rows, 10298 columns, 31385 nonzeros
Variable types: 840 continuous, 9458 integer (9457 binary)
Root relaxation presolved: 2789 rows, 10298 columns, 31385 nonzeros


Root relaxation: objective 7.731527e+04, 5322 iterations, 0.57 seconds (0.74 work units)

    Nodes    |    Current Node    |     Objective Bounds      |     Work
 Expl Unexpl |  Obj  Depth IntInf | Incumbent    BestBd   Gap | It/Node Time

     0     0 99114.4539    0  179          - 99114.4539      -     -    3s
     0     0 99119.9869    0   96          - 99119.9869      -     -    4s
     0     0 99119.9869    0   70          - 99119.9869      -     -    5s
     0     0 99119.9869    0   70          - 99119.9869      -     -    5s
     0     0 99119.9869    0   93          - 99119.9869      -     -    5s
     0     0 99119.9869    0   50          - 99119.9869      -     -    6s
H    0     0                    157894.76737 99119.9869  37.2%     -    6s
     0     0 99119.9869    0   50 157894.767 99119.9869  37.2%     -    7s
     0     0 99119.9869    0   42 157894.767 99119.9869  37.2%     -    7s
     0     0 99119.9869    0   70 157894.767 99119.9869  37.2%     -    7s
     0     0 99119.9869    0   34 157894.767 99119.9869  37.2%     -    8s
     0     0 99119.9869    0   28 157894.767 99119.9869  37.2%     -    8s
     0     0 99119.9869    0   34 157894.767 99119.9869  37.2%     -    8s
     0     0 99119.9869    0   32 157894.767 99119.9869  37.2%     -    8s
H    0     0                    99125.913261 99119.9869  0.01%     -    8s

Cutting planes:
  Gomory: 3
  Lift-and-project: 1
  Cover: 4
  Implied bound: 3
  Clique: 7
  Flow cover: 1
  Zero half: 9
  RLT: 3
  Relax-and-lift: 14

Explored 1 nodes (31524 simplex iterations) in 8.83 seconds (8.06 work units)
Thread count was 1 (of 32 available processors)

Solution count 2: 99125.9 157895 

Optimal solution found (tolerance 5.00e-02)
Best objective 9.912591326132e+04, best bound 9.911998694036e+04, gap 0.0060%
