
Gurobi 12.0.0 (win64) logging started Mon Sep  7 03:56:26 2026

Set parameter LogFile to value "C:\Users\TECNO-MASTER\Desktop\Elmo_infrastructure_sizing_NP-\output\DCH_septiembre\Bateria_482\Costo_variable\Carga_libre\Carga_on_board_variable_3estaciones_P160kW_Descomp/station_1_d274_stage1\gurobi.log"
Set parameter Threads to value 1
Set parameter Heuristics to value 0.5
Set parameter MIPFocus to value 3
Set parameter Presolve to value 2
Set parameter FlowCoverCuts to value 2
Set parameter TimeLimit to value 1200
Gurobi Optimizer version 12.0.0 build v12.0.0rc1 (win64 - Windows 11+.0 (26200.2))

CPU model: Intel(R) Core(TM) i9-14900K, instruction set [SSE2|AVX|AVX2]
Thread count: 24 physical cores, 32 logical processors, using up to 1 threads

Non-default parameters:
TimeLimit  1200
MIPGap  0.05
Heuristics  0.5
MIPFocus  3
FlowCoverCuts  2
Presolve  2
Threads  1

Optimize a model with 22740 rows, 37249 columns and 110626 nonzeros
Model fingerprint: 0xc3fc3eb9
Variable types: 17323 continuous, 19926 integer (19925 binary)
Coefficient statistics:
  Matrix range     [1e-01, 2e+02]
  Objective range  [4e-03, 6e+04]
  Bounds range     [1e+00, 1e+00]
  RHS range        [1e+00, 1e+04]
Presolve removed 19951 rows and 26951 columns
Presolve time: 0.25s
Presolved: 2789 rows, 10298 columns, 31385 nonzeros
Variable types: 840 continuous, 9458 integer (9457 binary)
Root relaxation presolved: 2789 rows, 10298 columns, 31385 nonzeros


Root relaxation: objective 8.558840e+04, 5673 iterations, 0.79 seconds (0.83 work units)

    Nodes    |    Current Node    |     Objective Bounds      |     Work
 Expl Unexpl |  Obj  Depth IntInf | Incumbent    BestBd   Gap | It/Node Time

     0     0 155288.401    0   83          - 155288.401      -     -    4s
     0     0 155300.652    0   48          - 155300.652      -     -    5s
H    0     0                    155647.97118 155300.652  0.22%     -    5s

Cutting planes:
  Gomory: 10
  Lift-and-project: 4
  Cover: 2
  Implied bound: 2
  Clique: 1
  Mixing: 1
  Flow cover: 3
  Zero half: 8
  RLT: 5
  Relax-and-lift: 4

Explored 1 nodes (30885 simplex iterations) in 5.28 seconds (4.91 work units)
Thread count was 1 (of 32 available processors)

Solution count 1: 155648 

Optimal solution found (tolerance 5.00e-02)
Best objective 1.556479711801e+05, best bound 1.553006520875e+05, gap 0.2231%
