
Gurobi 12.0.3 (win64) logging started Tue Jun 30 15:29:31 2026

Set parameter LogFile to value "output/DCH_taller_julio/Costo_variable/Carga_on_board_1000kW_Descomp/station_1_d335\gurobi.log"
Set parameter Threads to value 5
Set parameter Heuristics to value 0.5
Set parameter MIPFocus to value 3
Set parameter Presolve to value 2
Set parameter FlowCoverCuts to value 2
Set parameter TimeLimit to value 172800
Gurobi Optimizer version 12.0.3 build v12.0.3rc0 (win64 - Windows 11+.0 (26200.2))

CPU model: Intel(R) Core(TM) i9-14900K, instruction set [SSE2|AVX|AVX2]
Thread count: 24 physical cores, 32 logical processors, using up to 5 threads

Non-default parameters:
TimeLimit  172800
MIPGap  0.01
Heuristics  0.5
MIPFocus  3
FlowCoverCuts  2
Presolve  2
Threads  5

Optimize a model with 22763 rows, 35809 columns and 109840 nonzeros
Model fingerprint: 0x07e0cb45
Variable types: 17323 continuous, 18486 integer (18485 binary)
Coefficient statistics:
  Matrix range     [1e-01, 1e+03]
  Objective range  [4e-03, 1e+02]
  Bounds range     [1e+00, 1e+00]
  RHS range        [1e+00, 1e+04]
Presolve removed 20367 rows and 25839 columns
Presolve time: 0.09s
Presolved: 2396 rows, 9970 columns, 30322 nonzeros
Variable types: 820 continuous, 9150 integer (9150 binary)
Root relaxation presolved: 2396 rows, 9970 columns, 30322 nonzeros


Root relaxation: objective 2.131149e+05, 3940 iterations, 0.09 seconds (0.15 work units)

    Nodes    |    Current Node    |     Objective Bounds      |     Work
 Expl Unexpl |  Obj  Depth IntInf | Incumbent    BestBd   Gap | It/Node Time

     0     0 213114.871    0  279          - 213114.871      -     -    0s
H    0     0                    218896.55734 213114.871  2.64%     -    0s
H    0     0                    216835.92520 213114.871  1.72%     -    0s
H    0     0                    216830.62585 213114.871  1.71%     -    0s
H    0     0                    216815.58933 213114.871  1.71%     -    0s
H    0     0                    216813.99587 213114.871  1.71%     -    0s
H    0     0                    215939.38361 213114.871  1.31%     -    0s
H    0     0                    215827.48343 213114.871  1.26%     -    0s
H    0     0                    215827.37130 213114.871  1.26%     -    0s
H    0     0                    215797.55469 213114.871  1.24%     -    0s
H    0     0                    215388.54334 213114.871  1.06%     -    0s
     0     0          -    0      215388.543 213245.362  1.00%     -    0s

Cutting planes:
  Gomory: 62
  Lift-and-project: 26
  Cover: 7
  Implied bound: 29
  Projected implied bound: 1
  Clique: 11
  MIR: 49
  Mixing: 7
  Flow cover: 131
  Zero half: 51
  RLT: 20
  Relax-and-lift: 13
  BQP: 15
  PSD: 5

Explored 1 nodes (5651 simplex iterations) in 0.60 seconds (0.76 work units)
Thread count was 5 (of 32 available processors)

Solution count 10: 215389 215798 215827 ... 218897

Optimal solution found (tolerance 1.00e-02)
Best objective 2.153885433413e+05, best bound 2.132453621115e+05, gap 0.9950%
