
Gurobi 12.0.3 (win64) logging started Sun Aug 23 02:53:42 2026

Set parameter LogFile to value "C:\Users\TECNO-MASTER\Desktop\Elmo_infrastructure_sizing_NP-\output\DCH_agosto\Costo_variable\Carga_libre\Carga_on_board_variable_3estaciones_P640kW_Descomp/station_1_d32_stage1\gurobi.log"
Set parameter Threads to value 1
Set parameter Heuristics to value 0.5
Set parameter MIPFocus to value 3
Set parameter Presolve to value 2
Set parameter FlowCoverCuts to value 2
Set parameter TimeLimit to value 172800
Gurobi Optimizer version 12.0.3 build v12.0.3rc0 (win64 - Windows 11+.0 (26200.2))

CPU model: Intel(R) Core(TM) i9-14900K, instruction set [SSE2|AVX|AVX2]
Thread count: 24 physical cores, 32 logical processors, using up to 1 threads

Non-default parameters:
TimeLimit  172800
MIPGap  0.01
Heuristics  0.5
MIPFocus  3
FlowCoverCuts  2
Presolve  2
Threads  1

Optimize a model with 22740 rows, 37249 columns and 110626 nonzeros
Model fingerprint: 0x940652e5
Variable types: 17323 continuous, 19926 integer (19925 binary)
Coefficient statistics:
  Matrix range     [1e-01, 6e+02]
  Objective range  [3e-03, 1e+05]
  Bounds range     [1e+00, 3e+00]
  RHS range        [1e+00, 1e+04]
Presolve removed 19850 rows and 26959 columns
Presolve time: 0.59s
Presolved: 2890 rows, 10290 columns, 32614 nonzeros
Variable types: 840 continuous, 9450 integer (9363 binary)
Root relaxation presolved: 2890 rows, 10290 columns, 32614 nonzeros


Root relaxation: objective 4.178440e+04, 7856 iterations, 2.27 seconds (1.16 work units)
Total elapsed time = 9.55s (DegenMoves)

    Nodes    |    Current Node    |     Objective Bounds      |     Work
 Expl Unexpl |  Obj  Depth IntInf | Incumbent    BestBd   Gap | It/Node Time

     0     0 164616.503    0  233          - 164616.503      -     -    9s
H    0     0                    296366.67715 164616.503  44.5%     -    9s
H    0     0                    294637.57127 164616.503  44.1%     -   10s
H    0     0                    167731.77261 164616.503  1.86%     -   10s
H    0     0                    167667.54354 164616.503  1.82%     -   10s
H    0     0                    167573.05309 164616.503  1.76%     -   10s
H    0     0                    166848.43606 164616.503  1.34%     -   10s
H    0     0                    166791.27631 164616.503  1.30%     -   10s
H    0     0                    166517.60065 164616.503  1.14%     -   10s
H    0     0                    166302.93442 164616.503  1.01%     -   10s
H    0     0                    166300.23343 164616.503  1.01%     -   10s
     0     0          -    0      166300.233 164657.258  0.99%     -   11s

Cutting planes:
  Gomory: 15
  Lift-and-project: 14
  Cover: 8
  Implied bound: 16
  Clique: 5
  MIR: 12
  Mixing: 1
  Flow cover: 50
  Zero half: 42
  RLT: 6
  Relax-and-lift: 7

Explored 1 nodes (49954 simplex iterations) in 11.45 seconds (6.35 work units)
Thread count was 1 (of 32 available processors)

Solution count 10: 166300 166300 166303 ... 294638

Optimal solution found (tolerance 1.00e-02)
Best objective 1.663002334264e+05, best bound 1.646572579503e+05, gap 0.9880%
