
Gurobi 12.0.3 (win64) logging started Tue Jun 30 15:28:20 2026

Set parameter LogFile to value "output/DCH_taller_julio/Costo_variable/Carga_on_board_1000kW_Descomp/station_2_d182_stage1\gurobi.log"
Set parameter Threads to value 5
Set parameter Heuristics to value 0.5
Set parameter MIPFocus to value 3
Set parameter Presolve to value 2
Set parameter FlowCoverCuts to value 2
Set parameter TimeLimit to value 172800
Gurobi Optimizer version 12.0.3 build v12.0.3rc0 (win64 - Windows 11+.0 (26200.2))

CPU model: Intel(R) Core(TM) i9-14900K, instruction set [SSE2|AVX|AVX2]
Thread count: 24 physical cores, 32 logical processors, using up to 5 threads

Non-default parameters:
TimeLimit  172800
MIPGap  0.01
Heuristics  0.5
MIPFocus  3
FlowCoverCuts  2
Presolve  2
Threads  5

Optimize a model with 23795 rows, 37807 columns and 116832 nonzeros
Model fingerprint: 0x08e7f5d5
Variable types: 18325 continuous, 19482 integer (19481 binary)
Coefficient statistics:
  Matrix range     [1e-01, 1e+03]
  Objective range  [1e-02, 2e+05]
  Bounds range     [1e+00, 1e+00]
  RHS range        [1e+00, 1e+04]
Presolve removed 20956 rows and 27336 columns
Presolve time: 0.11s
Presolved: 2839 rows, 10471 columns, 32446 nonzeros
Variable types: 821 continuous, 9650 integer (9649 binary)
Root relaxation presolved: 2839 rows, 10471 columns, 32446 nonzeros


Root relaxation: objective 6.824054e+04, 8760 iterations, 0.56 seconds (1.29 work units)

    Nodes    |    Current Node    |     Objective Bounds      |     Work
 Expl Unexpl |  Obj  Depth IntInf | Incumbent    BestBd   Gap | It/Node Time

     0     0 68240.5384    0  435          - 68240.5384      -     -    1s
H    0     0                    574564.56722 70733.5795  87.7%     -    1s
H    0     0                    463345.53250 98025.7777  78.8%     -    2s
H    0     0                    463131.71941 98025.7777  78.8%     -    2s
H    0     0                    450348.61179 98025.7777  78.2%     -    2s
H    0     0                    450106.71444 98025.7777  78.2%     -    2s
H    0     0                    222980.00644 98025.7777  56.0%     -    2s
H    0     0                    222947.21863 98025.7777  56.0%     -    2s
H    0     0                    221991.01596 98025.7777  55.8%     -    2s
H    0     0                    221938.48090 98025.7777  55.8%     -    2s
H    0     0                    220328.07648 98025.7777  55.5%     -    2s
H    0     0                    220323.64178 98025.7777  55.5%     -    2s
     0     0 98093.0962    0  396 220323.642 98093.0962  55.5%     -    3s
H    0     0                    220314.44881 110288.934  49.9%     -    3s
H    0     0                    220100.11055 110288.934  49.9%     -    3s
H    0     0                    220082.92664 110288.934  49.9%     -    3s
H    0     0                    220078.17816 110288.934  49.9%     -    3s
H    0     0                    220069.78890 110288.934  49.9%     -    3s
H    0     0                    220069.19651 110288.934  49.9%     -    3s
     0     0 214480.295    0  433 220069.197 214480.295  2.54%     -    3s
H    0     0                    219806.45543 214480.295  2.42%     -    5s
H    0     0                    219525.30838 214480.295  2.30%     -    5s
H    0     0                    219192.36043 214480.295  2.15%     -    5s
H    0     0                    218916.90428 214480.295  2.03%     -    5s
H    0     0                    218854.38238 214480.295  2.00%     -    5s
H    0     0                    218829.36883 214480.295  1.99%     -    5s
H    0     0                    218802.56909 214480.295  1.98%     -    5s
H    0     0                    217297.29039 214480.295  1.30%     -    5s
H    0     0                    217289.34695 214480.295  1.29%     -    5s
H    0     0                    217157.61818 214480.295  1.23%     -    5s
H    0     0                    216678.54981 214480.295  1.01%     -    5s
H    0     0                    216670.80289 214480.295  1.01%     -    5s
H    0     0                    216669.88232 214480.295  1.01%     -    5s
H    0     0                    216665.91228 214480.295  1.01%     -    5s
H    0     0                    216639.47009 214480.295  1.00%     -    5s
     0     0 214615.519    0  402 216639.470 214615.519  0.93%     -    5s

Cutting planes:
  Gomory: 3
  Cover: 2
  Implied bound: 33
  MIR: 36
  Mixing: 13
  Flow cover: 85
  Zero half: 48
  RLT: 2
  Relax-and-lift: 1

Explored 1 nodes (41803 simplex iterations) in 5.44 seconds (8.78 work units)
Thread count was 5 (of 32 available processors)

Solution count 10: 216639 216666 216670 ... 218829

Optimal solution found (tolerance 1.00e-02)
Best objective 2.166394700867e+05, best bound 2.146155194121e+05, gap 0.9342%
