
Gurobi 12.0.3 (win64) logging started Sun Aug 23 17:23:30 2026

Set parameter LogFile to value "C:\Users\TECNO-MASTER\Desktop\Elmo_infrastructure_sizing_NP-\output\DCH_agosto\Costo_variable\Carga_libre\Carga_on_board_variable_3estaciones_P1000kW_Descomp/station_2_d182_stage1\gurobi.log"
Set parameter Threads to value 1
Set parameter Heuristics to value 0.5
Set parameter MIPFocus to value 3
Set parameter Presolve to value 2
Set parameter FlowCoverCuts to value 2
Set parameter TimeLimit to value 172800
Gurobi Optimizer version 12.0.3 build v12.0.3rc0 (win64 - Windows 11+.0 (26200.2))

CPU model: Intel(R) Core(TM) i9-14900K, instruction set [SSE2|AVX|AVX2]
Thread count: 24 physical cores, 32 logical processors, using up to 1 threads

Non-default parameters:
TimeLimit  172800
MIPGap  0.01
Heuristics  0.5
MIPFocus  3
FlowCoverCuts  2
Presolve  2
Threads  1

Optimize a model with 23772 rows, 39247 columns and 116710 nonzeros
Model fingerprint: 0x15194c5c
Variable types: 18325 continuous, 20922 integer (20921 binary)
Coefficient statistics:
  Matrix range     [1e-01, 1e+03]
  Objective range  [1e-02, 2e+05]
  Bounds range     [1e+00, 3e+00]
  RHS range        [1e+00, 1e+04]
Presolve removed 20876 rows and 28441 columns
Presolve time: 0.30s
Presolved: 2896 rows, 10806 columns, 34238 nonzeros
Variable types: 841 continuous, 9965 integer (9873 binary)
Root relaxation presolved: 2896 rows, 10806 columns, 34238 nonzeros


Root relaxation: objective 4.953326e+04, 5049 iterations, 0.63 seconds (0.63 work units)

    Nodes    |    Current Node    |     Objective Bounds      |     Work
 Expl Unexpl |  Obj  Depth IntInf | Incumbent    BestBd   Gap | It/Node Time

     0     0 49533.2607    0  357          - 49533.2607      -     -    2s
     0     0 80713.2056    0  270          - 80713.2056      -     -    4s
H    0     0                    447309.10478 81586.2587  81.8%     -    4s
H    0     0                    447190.51631 81586.2587  81.8%     -    4s
H    0     0                    412621.87580 81586.2587  80.2%     -    4s
H    0     0                    399508.96593 81586.2587  79.6%     -    4s
H    0     0                    224597.12021 81586.2587  63.7%     -    4s
H    0     0                    216284.32371 81586.2587  62.3%     -    4s
H    0     0                    215393.01521 81586.2587  62.1%     -    4s
H    0     0                    215382.72007 81586.2587  62.1%     -    4s
H    0     0                    215350.79010 81586.2587  62.1%     -    4s
     0     0 81586.2587    0  272 215350.790 81586.2587  62.1%     -    4s
     0     0 81586.2587    0  296 215350.790 81586.2587  62.1%     -    6s
H    0     0                    215141.16750 81586.2587  62.1%     -    6s
     0     0 81586.2587    0  296 215141.168 81586.2587  62.1%     -    6s
     0     0 81586.2587    0  288 215141.168 81586.2587  62.1%     -    7s
H    0     0                    214227.38995 81586.2587  61.9%     -    8s
H    0     0                    214223.69468 81586.2587  61.9%     -    8s
H    0     0                    214220.79639 81586.2587  61.9%     -    8s
H    0     0                    213957.40662 81586.2587  61.9%     -    8s
H    0     0                    213956.94224 81586.2587  61.9%     -    8s
     0     0 81586.2587    0  288 213956.942 81586.2587  61.9%     -    8s
     0     0 81586.2587    0  231 213956.942 81586.2587  61.9%     -    9s
H    0     0                    213874.69003 81586.2587  61.9%     -    9s
     0     0 81586.2587    0  251 213874.690 81586.2587  61.9%     -   10s
     0     0 81586.2587    0  251 213874.690 81586.2587  61.9%     -   11s
H    0     0                    213745.99339 81586.2587  61.8%     -   11s
H    0     0                    213667.43650 81586.2587  61.8%     -   12s
H    0     0                    213640.10764 81586.2587  61.8%     -   12s
H    0     0                    213635.89047 81586.2587  61.8%     -   12s
H    0     0                    213613.38248 81586.2587  61.8%     -   12s
H    0     0                    213555.64092 81586.2587  61.8%     -   12s
H    0     0                    213522.87367 81586.2587  61.8%     -   12s
H    0     0                    213379.65715 81586.2587  61.8%     -   12s
H    0     0                    213348.86975 81586.2587  61.8%     -   12s
H    0     0                    213314.67419 81586.2587  61.8%     -   13s
H    0     0                    213305.59988 81586.2587  61.8%     -   13s
H    0     0                    213304.21801 81586.2587  61.8%     -   13s
     0     2 81587.4459    0  251 213304.218 81587.4459  61.8%     -   13s

Cutting planes:
  Gomory: 3
  Implied bound: 1
  MIR: 1
  StrongCG: 1
  Flow cover: 2

Explored 3 nodes (46101 simplex iterations) in 13.90 seconds (15.15 work units)
Thread count was 1 (of 32 available processors)

Solution count 10: 213304 213306 213315 ... 213640

Optimal solution found (tolerance 1.00e-02)
Best objective 2.133042180066e+05, best bound 2.112692078816e+05, gap 0.9540%
