
Gurobi 12.0.3 (win64) logging started Sun Aug 23 17:23:29 2026

Set parameter LogFile to value "C:\Users\TECNO-MASTER\Desktop\Elmo_infrastructure_sizing_NP-\output\DCH_agosto\Costo_variable\Carga_libre\Carga_on_board_variable_3estaciones_P1000kW_Descomp/station_1_d244_stage1\gurobi.log"
Set parameter Threads to value 1
Set parameter Heuristics to value 0.5
Set parameter MIPFocus to value 3
Set parameter Presolve to value 2
Set parameter FlowCoverCuts to value 2
Set parameter TimeLimit to value 172800
Gurobi Optimizer version 12.0.3 build v12.0.3rc0 (win64 - Windows 11+.0 (26200.2))

CPU model: Intel(R) Core(TM) i9-14900K, instruction set [SSE2|AVX|AVX2]
Thread count: 24 physical cores, 32 logical processors, using up to 1 threads

Non-default parameters:
TimeLimit  172800
MIPGap  0.01
Heuristics  0.5
MIPFocus  3
FlowCoverCuts  2
Presolve  2
Threads  1

Optimize a model with 22770 rows, 37249 columns and 110686 nonzeros
Model fingerprint: 0x7d133bbe
Variable types: 17323 continuous, 19926 integer (19925 binary)
Coefficient statistics:
  Matrix range     [1e-01, 1e+03]
  Objective range  [8e-03, 2e+05]
  Bounds range     [1e+00, 3e+00]
  RHS range        [1e+00, 1e+04]
Presolve removed 19880 rows and 26958 columns
Presolve time: 0.26s
Presolved: 2890 rows, 10291 columns, 32614 nonzeros
Variable types: 841 continuous, 9450 integer (9363 binary)
Root relaxation presolved: 2890 rows, 10291 columns, 32614 nonzeros


Root relaxation: objective 4.639077e+04, 6797 iterations, 0.87 seconds (0.90 work units)

    Nodes    |    Current Node    |     Objective Bounds      |     Work
 Expl Unexpl |  Obj  Depth IntInf | Incumbent    BestBd   Gap | It/Node Time

     0     0 46390.7715    0  406          - 46390.7715      -     -    1s
     0     0 57604.8732    0  241          - 57604.8732      -     -    3s
     0     0 63474.5287    0  248          - 63474.5287      -     -    4s
     0     0 63474.5287    0  269          - 63474.5287      -     -    5s
     0     0 63474.5287    0  350          - 63474.5287      -     -    5s
     0     0 63474.5287    0  247          - 63474.5287      -     -    7s
     0     0 63474.5287    0  242          - 63474.5287      -     -    8s
H    0     0                    392889.76083 63474.5287  83.8%     -    9s
H    0     0                    276091.07263 63474.5287  77.0%     -    9s
H    0     0                    224190.73349 63474.5287  71.7%     -    9s
H    0     0                    216641.90432 63474.5287  70.7%     -    9s
H    0     0                    216630.89363 63474.5287  70.7%     -    9s
H    0     0                    216592.08588 63474.5287  70.7%     -    9s
H    0     0                    215987.37856 63474.5287  70.6%     -    9s
H    0     0                    215164.43697 63474.5287  70.5%     -    9s
H    0     0                    215110.65194 63474.5287  70.5%     -    9s
H    0     0                    215103.47109 63474.5287  70.5%     -    9s
H    0     0                    215065.54934 63474.5287  70.5%     -    9s
H    0     0                    215063.12666 63474.5287  70.5%     -    9s
H    0     0                    215061.42699 63474.5287  70.5%     -    9s
H    0     0                    215031.61401 63474.5287  70.5%     -   10s
H    0     0                    215030.42632 63474.5287  70.5%     -   10s
H    0     0                    214982.78107 63474.5287  70.5%     -   10s
     0     2 63475.7277    0  242 214982.781 63475.7277  70.5%     -   10s
H    9     7                    214727.66924 211338.700  1.58%  1430   12s
    24    24 211464.929    6  221 214727.669 211364.746  1.57%  1406   15s
H   26    24                    214651.56656 211364.746  1.53%  1345   15s
H   26    24                    214650.65217 211364.746  1.53%  1345   15s
H   26    24                    214636.90609 211364.746  1.52%  1345   15s
H   26    24                    214603.52362 211364.746  1.51%  1345   15s
H   27    25                    212713.98022 211372.209  0.63%  1347   16s

Cutting planes:
  Gomory: 4
  Cover: 88
  Implied bound: 455
  Clique: 41
  MIR: 922
  Mixing: 233
  Flow cover: 1802
  Zero half: 165
  RLT: 19
  Relax-and-lift: 601

Explored 28 nodes (70096 simplex iterations) in 16.45 seconds (17.94 work units)
Thread count was 1 (of 32 available processors)

Solution count 10: 212714 214604 214637 ... 215061

Optimal solution found (tolerance 1.00e-02)
Best objective 2.127139802154e+05, best bound 2.113722713059e+05, gap 0.6308%
