
Gurobi 12.0.3 (win64) logging started Mon Sep  7 19:19:57 2026

Set parameter LogFile to value "C:\Users\TECNO-MASTER\Desktop\Elmo_infrastructure_sizing_NP-\output\DCH_septiembre\Bateria_353\Costo_fijo\Ventana_restringida\Carga_on_board_fixed_3estaciones_P640kW_Descomp/station_1_d182_stage1\gurobi.log"
Set parameter Threads to value 1
Set parameter Heuristics to value 0.5
Set parameter MIPFocus to value 3
Set parameter Presolve to value 2
Set parameter FlowCoverCuts to value 2
Set parameter TimeLimit to value 1200
Gurobi Optimizer version 12.0.3 build v12.0.3rc0 (win64 - Windows 11+.0 (26200.2))

CPU model: Intel(R) Core(TM) i9-14900K, instruction set [SSE2|AVX|AVX2]
Thread count: 24 physical cores, 32 logical processors, using up to 1 threads

Non-default parameters:
TimeLimit  1200
MIPGap  0.05
Heuristics  0.5
MIPFocus  3
FlowCoverCuts  2
Presolve  2
Threads  1

Optimize a model with 23314 rows, 37249 columns and 111230 nonzeros
Model fingerprint: 0x38c18752
Variable types: 17323 continuous, 19926 integer (19925 binary)
Coefficient statistics:
  Matrix range     [1e-01, 6e+02]
  Objective range  [4e-01, 1e+05]
  Bounds range     [1e+00, 1e+00]
  RHS range        [1e+00, 1e+04]
Presolve removed 22108 rows and 28478 columns
Presolve time: 0.22s
Presolved: 1206 rows, 8771 columns, 26578 nonzeros
Variable types: 233 continuous, 8538 integer (8537 binary)
Root relaxation presolved: 1206 rows, 8771 columns, 26578 nonzeros


Use crossover to convert LP symmetric solution to basic solution...

Root relaxation: objective 1.530282e+05, 2849 iterations, 0.06 seconds (0.05 work units)

    Nodes    |    Current Node    |     Objective Bounds      |     Work
 Expl Unexpl |  Obj  Depth IntInf | Incumbent    BestBd   Gap | It/Node Time

     0     0 153028.163    0  119          - 153028.163      -     -    0s
H    0     0                    270815.06606 153028.163  43.5%     -    0s
H    0     0                    270814.69862 153028.163  43.5%     -    0s
H    0     0                    270777.98764 153028.163  43.5%     -    0s
     0     0 160252.495    0  134 270777.988 160252.495  40.8%     -    1s
H    0     0                    193172.17015 163779.829  15.2%     -    1s
     0     0 164279.468    0  167 193172.170 164279.468  15.0%     -    2s
     0     0 169469.703    0  112 193172.170 169469.703  12.3%     -    2s
     0     0 169469.703    0  112 193172.170 169469.703  12.3%     -    2s
     0     0 169469.703    0   87 193172.170 169469.703  12.3%     -    3s
H    0     0                    183542.80676 169469.703  7.67%     -    3s
H    0     0                    180094.73075 169469.703  5.90%     -    3s
H    0     0                    179348.91322 169469.703  5.51%     -    3s
     0     0 169469.703    0   84 179348.913 169469.703  5.51%     -    3s
     0     0 169469.703    0   80 179348.913 169469.703  5.51%     -    3s
     0     0 169469.703    0   83 179348.913 169469.703  5.51%     -    3s
     0     0 169469.703    0   95 179348.913 169469.703  5.51%     -    4s
     0     0 169469.703    0   99 179348.913 169469.703  5.51%     -    4s
     0     0 169469.703    0   97 179348.913 169469.703  5.51%     -    4s
     0     0 169469.703    0   88 179348.913 169469.703  5.51%     -    4s
H    0     0                    178344.87601 169469.703  4.98%     -    4s

Cutting planes:
  Cover: 4
  Implied bound: 1
  Projected implied bound: 1
  Clique: 22
  MIR: 1
  Zero half: 7
  RLT: 1
  Relax-and-lift: 7
  BQP: 14
  PSD: 1

Explored 1 nodes (16009 simplex iterations) in 4.92 seconds (4.67 work units)
Thread count was 1 (of 32 available processors)

Solution count 8: 178345 179349 180095 ... 270815

Optimal solution found (tolerance 5.00e-02)
Best objective 1.783448760068e+05, best bound 1.694697025864e+05, gap 4.9764%
