
Gurobi 12.0.3 (win64) logging started Tue Jun 30 14:34:13 2026

Set parameter LogFile to value "output/DCH_taller_julio/Costo_variable/Carga_on_board_320kW_Descomp/station_3_d121\gurobi.log"
Set parameter Threads to value 5
Set parameter Heuristics to value 0.5
Set parameter MIPFocus to value 3
Set parameter Presolve to value 2
Set parameter FlowCoverCuts to value 2
Set parameter TimeLimit to value 172800
Gurobi Optimizer version 12.0.3 build v12.0.3rc0 (win64 - Windows 11+.0 (26200.2))

CPU model: Intel(R) Core(TM) i9-14900K, instruction set [SSE2|AVX|AVX2]
Thread count: 24 physical cores, 32 logical processors, using up to 5 threads

Non-default parameters:
TimeLimit  172800
MIPGap  0.01
Heuristics  0.5
MIPFocus  3
FlowCoverCuts  2
Presolve  2
Threads  5

Optimize a model with 22793 rows, 35809 columns and 109900 nonzeros
Model fingerprint: 0x6bf4af15
Variable types: 17323 continuous, 18486 integer (18485 binary)
Coefficient statistics:
  Matrix range     [1e-01, 3e+02]
  Objective range  [8e-03, 1e+02]
  Bounds range     [1e+00, 1e+00]
  RHS range        [1e+00, 1e+04]
Presolve removed 20486 rows and 25838 columns
Presolve time: 0.13s
Presolved: 2307 rows, 9971 columns, 29520 nonzeros
Variable types: 821 continuous, 9150 integer (9150 binary)
Root relaxation presolved: 2307 rows, 9971 columns, 29520 nonzeros


Root relaxation: objective 1.280240e+05, 3251 iterations, 0.18 seconds (0.23 work units)

    Nodes    |    Current Node    |     Objective Bounds      |     Work
 Expl Unexpl |  Obj  Depth IntInf | Incumbent    BestBd   Gap | It/Node Time

     0     0 128024.023    0  169          - 128024.023      -     -    1s
H    0     0                    159443.46637 128024.023  19.7%     -    1s
H    0     0                    159098.96183 128024.023  19.5%     -    1s
H    0     0                    151775.52853 128024.023  15.6%     -    1s
H    0     0                    149113.68562 128024.023  14.1%     -    1s
H    0     0                    146804.50743 128024.023  12.8%     -    1s
H    0     0                    144730.04485 128024.023  11.5%     -    1s
H    0     0                    144529.31482 128024.023  11.4%     -    1s
H    0     0                    142202.02479 128024.023  10.0%     -    1s
H    0     0                    139136.31347 128024.023  7.99%     -    1s
H    0     0                    138357.23967 128024.023  7.47%     -    1s
H    0     0                    137878.31655 128024.023  7.15%     -    1s
H    0     0                    137811.00409 128039.131  7.09%     -    2s
H    0     0                    132013.01258 128039.131  3.01%     -    2s
     0     0 128039.131    0  147 132013.013 128039.131  3.01%     -    2s
H    0     0                    131949.59599 128039.131  2.96%     -    2s
H    0     0                    131708.24849 128039.131  2.79%     -    2s
H    0     0                    131704.44377 128039.131  2.78%     -    2s
H    0     0                    131702.93382 128039.131  2.78%     -    2s
     0     0 128039.131    0  148 131702.934 128039.131  2.78%     -    2s
H    0     0                    131684.60792 128039.131  2.77%     -    3s
H    0     0                    131436.34854 128039.131  2.58%     -    3s
H    0     0                    130288.52936 128039.131  1.73%     -    3s
H    0     0                    129554.52683 128039.131  1.17%     -    3s
H    0     0                    129387.19571 128039.131  1.04%     -    3s
H    0     0                    129386.03458 128039.131  1.04%     -    3s
H    0     0                    129385.74936 128039.131  1.04%     -    3s
H    0     0                    129384.49778 128039.131  1.04%     -    3s
H    0     0                    129383.83413 128039.131  1.04%     -    3s
H    0     0                    129383.36935 128039.131  1.04%     -    3s
H    0     0                    129380.83273 128039.131  1.04%     -    3s
H    0     0                    129380.17395 128039.131  1.04%     -    3s
     0     0 128039.131    0  127 129380.174 128039.131  1.04%     -    3s
H    0     0                    129379.42175 128039.131  1.04%     -    3s
H    0     0                    129372.43249 128039.131  1.03%     -    3s
H    0     0                    129318.46106 128039.131  0.99%     -    3s

Cutting planes:
  Gomory: 2
  Cover: 4
  Implied bound: 5
  Clique: 4
  Flow cover: 1
  Zero half: 4
  RLT: 4
  Relax-and-lift: 13
  PSD: 2

Explored 1 nodes (21885 simplex iterations) in 3.98 seconds (4.01 work units)
Thread count was 5 (of 32 available processors)

Solution count 10: 129318 129372 129379 ... 129386

Optimal solution found (tolerance 1.00e-02)
Best objective 1.293184610604e+05, best bound 1.280391306012e+05, gap 0.9893%
