
Gurobi 12.0.3 (win64) logging started Sun Aug 23 17:20:40 2026

Set parameter LogFile to value "C:\Users\TECNO-MASTER\Desktop\Elmo_infrastructure_sizing_NP-\output\DCH_agosto\Costo_fijo\Carga_libre\Carga_on_board_fixed_3estaciones_P1000kW_Descomp/station_2_d152_stage1\gurobi.log"
Set parameter Threads to value 1
Set parameter Heuristics to value 0.5
Set parameter MIPFocus to value 3
Set parameter Presolve to value 2
Set parameter FlowCoverCuts to value 2
Set parameter TimeLimit to value 172800
Gurobi Optimizer version 12.0.3 build v12.0.3rc0 (win64 - Windows 11+.0 (26200.2))

CPU model: Intel(R) Core(TM) i9-14900K, instruction set [SSE2|AVX|AVX2]
Thread count: 24 physical cores, 32 logical processors, using up to 1 threads

Non-default parameters:
TimeLimit  172800
MIPGap  0.01
Heuristics  0.5
MIPFocus  3
FlowCoverCuts  2
Presolve  2
Threads  1

Optimize a model with 23772 rows, 39247 columns and 116710 nonzeros
Model fingerprint: 0x2510c449
Variable types: 18325 continuous, 20922 integer (20921 binary)
Coefficient statistics:
  Matrix range     [1e-01, 1e+03]
  Objective range  [4e-01, 2e+05]
  Bounds range     [1e+00, 3e+00]
  RHS range        [1e+00, 1e+04]
Presolve removed 20876 rows and 28441 columns
Presolve time: 0.27s
Presolved: 2896 rows, 10806 columns, 34238 nonzeros
Variable types: 841 continuous, 9965 integer (9873 binary)
Root relaxation presolved: 2896 rows, 10806 columns, 34238 nonzeros


Root relaxation: objective 4.920569e+04, 3810 iterations, 0.41 seconds (0.55 work units)

    Nodes    |    Current Node    |     Objective Bounds      |     Work
 Expl Unexpl |  Obj  Depth IntInf | Incumbent    BestBd   Gap | It/Node Time

     0     0 49205.6912    0  376          - 49205.6912      -     -    1s
     0     0 80298.6727    0  278          - 80298.6727      -     -    3s
H    0     0                    483292.55602 83561.9677  82.7%     -    3s
H    0     0                    394130.53596 83561.9677  78.8%     -    3s
H    0     0                    218776.53596 83561.9677  61.8%     -    3s
     0     0 83561.9677    0  298 218776.536 83561.9677  61.8%     -    3s
     0     0 102279.106    0  482 218776.536 102279.106  53.2%     -    6s
     0     0 102279.106    0  628 218776.536 102279.106  53.2%     -    6s
     0     0 105031.987    0  350 218776.536 105031.987  52.0%     -    7s
     0     0 105031.987    0  361 218776.536 105031.987  52.0%     -    8s
     0     0 105031.987    0  418 218776.536 105031.987  52.0%     -    9s
     0     0 105088.094    0  411 218776.536 105088.094  52.0%     -    9s
     0     0 106254.134    0  371 218776.536 106254.134  51.4%     -   10s
     0     0 106350.974    0  420 218776.536 106350.974  51.4%     -   11s
     0     0 106350.974    0  416 218776.536 106350.974  51.4%     -   11s
     0     0 106350.974    0  350 218776.536 106350.974  51.4%     -   12s
     0     0 106350.974    0  375 218776.536 106350.974  51.4%     -   12s
     0     0 106350.974    0  353 218776.536 106350.974  51.4%     -   13s
     0     0 106350.974    0  406 218776.536 106350.974  51.4%     -   13s
     0     2 121551.944    0  361 218776.536 121551.944  44.4%     -   14s

Cutting planes:
  Gomory: 3
  Cover: 4
  Projected implied bound: 8
  MIR: 1
  StrongCG: 1
  Flow cover: 2
  Zero half: 1
  Relax-and-lift: 10

Explored 3 nodes (65291 simplex iterations) in 14.42 seconds (21.68 work units)
Thread count was 1 (of 32 available processors)

Solution count 3: 218777 394131 483293 

Optimal solution found (tolerance 1.00e-02)
Best objective 2.187765359648e+05, best bound 2.187685915901e+05, gap 0.0036%
