
Gurobi 12.0.3 (win64) logging started Sun Aug 23 02:54:57 2026

Set parameter LogFile to value "C:\Users\TECNO-MASTER\Desktop\Elmo_infrastructure_sizing_NP-\output\DCH_agosto\Costo_variable\Carga_libre\Carga_on_board_variable_3estaciones_P640kW_Descomp/station_2_d1\gurobi.log"
Set parameter Threads to value 1
Set parameter Heuristics to value 0.5
Set parameter MIPFocus to value 3
Set parameter Presolve to value 2
Set parameter FlowCoverCuts to value 2
Set parameter TimeLimit to value 172800
Gurobi Optimizer version 12.0.3 build v12.0.3rc0 (win64 - Windows 11+.0 (26200.2))

CPU model: Intel(R) Core(TM) i9-14900K, instruction set [SSE2|AVX|AVX2]
Thread count: 24 physical cores, 32 logical processors, using up to 1 threads

Non-default parameters:
TimeLimit  172800
MIPGap  0.01
Heuristics  0.5
MIPFocus  3
FlowCoverCuts  2
Presolve  2
Threads  1

Optimize a model with 23742 rows, 39247 columns and 115748 nonzeros
Model fingerprint: 0xbf15c5b2
Variable types: 18325 continuous, 20922 integer (20921 binary)
Coefficient statistics:
  Matrix range     [1e-01, 6e+02]
  Objective range  [1e-02, 1e+02]
  Bounds range     [1e+00, 3e+00]
  RHS range        [1e+00, 1e+04]
Presolve removed 21291 rows and 28444 columns
Presolve time: 0.67s
Presolved: 2451 rows, 10803 columns, 33590 nonzeros
Variable types: 840 continuous, 9963 integer (9872 binary)
Root relaxation presolved: 2451 rows, 10803 columns, 33590 nonzeros


Root relaxation: objective 1.646119e+05, 4084 iterations, 0.59 seconds (0.21 work units)

    Nodes    |    Current Node    |     Objective Bounds      |     Work
 Expl Unexpl |  Obj  Depth IntInf | Incumbent    BestBd   Gap | It/Node Time

     0     0 164611.890    0  249          - 164611.890      -     -    2s
     0     0 164681.138    0  287          - 164681.138      -     -    2s
H    0     0                    167227.99109 164681.138  1.52%     -    2s
H    0     0                    166910.28133 164681.138  1.34%     -    3s
H    0     0                    166899.16171 164681.138  1.33%     -    3s
H    0     0                    166896.56436 164681.138  1.33%     -    3s
H    0     0                    166230.80963 164681.138  0.93%     -    3s

Cutting planes:
  Gomory: 15
  Lift-and-project: 3
  Cover: 2
  Implied bound: 12
  Clique: 2
  MIR: 3
  Mixing: 1
  Flow cover: 25
  RLT: 7
  Relax-and-lift: 9
  PSD: 2

Explored 1 nodes (8450 simplex iterations) in 3.25 seconds (1.70 work units)
Thread count was 1 (of 32 available processors)

Solution count 6: 166231 166231 166897 ... 167228

Optimal solution found (tolerance 1.00e-02)
Best objective 1.662308096282e+05, best bound 1.646811375362e+05, gap 0.9322%
