
Gurobi 12.0.3 (win64) logging started Sun Aug 23 02:53:43 2026

Set parameter LogFile to value "C:\Users\TECNO-MASTER\Desktop\Elmo_infrastructure_sizing_NP-\output\DCH_agosto\Costo_variable\Carga_libre\Carga_on_board_variable_3estaciones_P640kW_Descomp/station_2_d60_stage1\gurobi.log"
Set parameter Threads to value 1
Set parameter Heuristics to value 0.5
Set parameter MIPFocus to value 3
Set parameter Presolve to value 2
Set parameter FlowCoverCuts to value 2
Set parameter TimeLimit to value 172800
Gurobi Optimizer version 12.0.3 build v12.0.3rc0 (win64 - Windows 11+.0 (26200.2))

CPU model: Intel(R) Core(TM) i9-14900K, instruction set [SSE2|AVX|AVX2]
Thread count: 24 physical cores, 32 logical processors, using up to 1 threads

Non-default parameters:
TimeLimit  172800
MIPGap  0.01
Heuristics  0.5
MIPFocus  3
FlowCoverCuts  2
Presolve  2
Threads  1

Optimize a model with 23742 rows, 39247 columns and 116650 nonzeros
Model fingerprint: 0xaacda674
Variable types: 18325 continuous, 20922 integer (20921 binary)
Coefficient statistics:
  Matrix range     [1e-01, 6e+02]
  Objective range  [9e-03, 1e+05]
  Bounds range     [1e+00, 3e+00]
  RHS range        [1e+00, 1e+04]
Presolve removed 20846 rows and 28442 columns
Presolve time: 0.60s
Presolved: 2896 rows, 10805 columns, 34238 nonzeros
Variable types: 840 continuous, 9965 integer (9873 binary)
Root relaxation presolved: 2896 rows, 10805 columns, 34238 nonzeros


Root relaxation: objective 4.365041e+04, 4834 iterations, 0.94 seconds (0.74 work units)
Total elapsed time = 8.73s (DegenMoves)

    Nodes    |    Current Node    |     Objective Bounds      |     Work
 Expl Unexpl |  Obj  Depth IntInf | Incumbent    BestBd   Gap | It/Node Time

     0     0 163981.171    0  189          - 163981.171      -     -    9s
H    0     0                    294193.81239 163981.171  44.3%     -    9s
H    0     0                    294140.46538 163981.171  44.3%     -    9s
H    0     0                    293521.51751 163981.171  44.1%     -   10s
H    0     0                    293514.97840 163981.171  44.1%     -   10s
H    0     0                    293435.77578 163981.171  44.1%     -   10s
H    0     0                    293294.05976 163981.171  44.1%     -   10s
H    0     0                    293214.22841 163981.171  44.1%     -   10s
H    0     0                    165937.88837 163981.171  1.18%     -   10s
H    0     0                    165324.39337 163981.171  0.81%     -   10s

Explored 1 nodes (38001 simplex iterations) in 10.69 seconds (5.29 work units)
Thread count was 1 (of 32 available processors)

Solution count 9: 165324 165938 293214 ... 294194

Optimal solution found (tolerance 1.00e-02)
Best objective 1.653243933708e+05, best bound 1.639811705422e+05, gap 0.8125%
