
Gurobi 12.0.3 (win64) logging started Sun Aug 23 17:24:23 2026

Set parameter LogFile to value "C:\Users\TECNO-MASTER\Desktop\Elmo_infrastructure_sizing_NP-\output\DCH_agosto\Costo_variable\Carga_libre\Carga_on_board_variable_3estaciones_P1000kW_Descomp/station_3_d182\gurobi.log"
Set parameter Threads to value 1
Set parameter Heuristics to value 0.5
Set parameter MIPFocus to value 3
Set parameter Presolve to value 2
Set parameter FlowCoverCuts to value 2
Set parameter TimeLimit to value 172800
Gurobi Optimizer version 12.0.3 build v12.0.3rc0 (win64 - Windows 11+.0 (26200.2))

CPU model: Intel(R) Core(TM) i9-14900K, instruction set [SSE2|AVX|AVX2]
Thread count: 24 physical cores, 32 logical processors, using up to 1 threads

Non-default parameters:
TimeLimit  172800
MIPGap  0.01
Heuristics  0.5
MIPFocus  3
FlowCoverCuts  2
Presolve  2
Threads  1

Optimize a model with 22770 rows, 37249 columns and 109786 nonzeros
Model fingerprint: 0x55f31c4a
Variable types: 17323 continuous, 19926 integer (19925 binary)
Coefficient statistics:
  Matrix range     [1e-01, 1e+03]
  Objective range  [1e-02, 1e+02]
  Bounds range     [1e+00, 3e+00]
  RHS range        [1e+00, 1e+04]
Presolve removed 20325 rows and 26957 columns
Presolve time: 0.24s
Presolved: 2445 rows, 10292 columns, 31454 nonzeros
Variable types: 841 continuous, 9451 integer (9360 binary)
Root relaxation presolved: 2445 rows, 10292 columns, 31454 nonzeros


Root relaxation: objective 2.112703e+05, 3243 iterations, 0.21 seconds (0.19 work units)

    Nodes    |    Current Node    |     Objective Bounds      |     Work
 Expl Unexpl |  Obj  Depth IntInf | Incumbent    BestBd   Gap | It/Node Time

     0     0 211270.252    0  197          - 211270.252      -     -    1s
H    0     0                    224410.67237 211270.252  5.86%     -    1s
H    0     0                    220683.71523 211270.252  4.27%     -    1s
H    0     0                    220651.83161 211270.252  4.25%     -    1s
H    0     0                    220430.64136 211270.252  4.16%     -    1s
H    0     0                    220338.60990 211270.252  4.12%     -    1s
H    0     0                    220337.34976 211270.252  4.12%     -    1s
H    0     0                    220321.66410 211270.252  4.11%     -    1s
     0     0 211270.252    0  169 220321.664 211270.252  4.11%     -    2s
H    0     0                    220154.60969 211270.252  4.04%     -    2s
H    0     0                    219646.07900 211270.252  3.81%     -    3s
H    0     0                    219080.67662 211270.252  3.57%     -    3s
H    0     0                    218040.59494 211270.252  3.11%     -    3s
H    0     0                    218037.86557 211270.252  3.10%     -    3s
H    0     0                    218016.50471 211270.252  3.09%     -    3s
H    0     0                    217871.84595 211270.252  3.03%     -    3s
H    0     0                    217711.90170 211270.252  2.96%     -    3s
     0     0 211270.268    0  196 217711.902 211270.268  2.96%     -    3s
     0     0 211270.276    0  180 217711.902 211270.276  2.96%     -    4s
H    0     0                    214374.53150 211270.276  1.45%     -    4s
     0     0 211270.277    0  200 214374.531 211270.277  1.45%     -    4s
     0     0 211270.279    0  185 214374.531 211270.279  1.45%     -    5s
     0     0 211270.279    0  185 214374.531 211270.279  1.45%     -    5s
H    0     0                    214372.90431 211270.279  1.45%     -    5s
H    0     0                    214351.66900 211270.279  1.44%     -    5s
H    0     0                    213773.04911 211270.279  1.17%     -    5s
H    0     0                    212818.81519 211270.279  0.73%     -    5s

Cutting planes:
  Gomory: 9
  Lift-and-project: 2
  Cover: 14
  Implied bound: 12
  Clique: 4
  MIR: 15
  Flow cover: 19
  Zero half: 7
  RLT: 5
  Relax-and-lift: 29
  PSD: 7

Explored 1 nodes (15471 simplex iterations) in 5.80 seconds (5.45 work units)
Thread count was 1 (of 32 available processors)

Solution count 10: 212819 213773 214352 ... 218041

Optimal solution found (tolerance 1.00e-02)
Best objective 2.128188151870e+05, best bound 2.112702790440e+05, gap 0.7276%
