
Gurobi 12.0.3 (win64) logging started Sun Aug 23 17:25:49 2026

Set parameter LogFile to value "C:\Users\TECNO-MASTER\Desktop\Elmo_infrastructure_sizing_NP-\output\DCH_agosto\Costo_variable\Ventana_restringida\Carga_on_board_variable_3estaciones_P640kW_Descomp/station_3_d121\gurobi.log"
Set parameter Threads to value 1
Set parameter Heuristics to value 0.5
Set parameter MIPFocus to value 3
Set parameter Presolve to value 2
Set parameter FlowCoverCuts to value 2
Set parameter TimeLimit to value 172800
Gurobi Optimizer version 12.0.3 build v12.0.3rc0 (win64 - Windows 11+.0 (26200.2))

CPU model: Intel(R) Core(TM) i9-14900K, instruction set [SSE2|AVX|AVX2]
Thread count: 24 physical cores, 32 logical processors, using up to 1 threads

Non-default parameters:
TimeLimit  172800
MIPGap  0.01
Heuristics  0.5
MIPFocus  3
FlowCoverCuts  2
Presolve  2
Threads  1

Optimize a model with 23314 rows, 37249 columns and 110330 nonzeros
Model fingerprint: 0x9a1d8562
Variable types: 17323 continuous, 19926 integer (19925 binary)
Coefficient statistics:
  Matrix range     [1e-01, 6e+02]
  Objective range  [8e-03, 1e+02]
  Bounds range     [1e+00, 3e+00]
  RHS range        [1e+00, 1e+04]
Presolve removed 22249 rows and 28485 columns
Presolve time: 0.18s
Presolved: 1065 rows, 8764 columns, 26579 nonzeros
Variable types: 233 continuous, 8531 integer (8440 binary)
Root relaxation presolved: 1065 rows, 8764 columns, 26579 nonzeros


Use crossover to convert LP symmetric solution to basic solution...

Root relaxation: objective 1.791054e+05, 3119 iterations, 0.05 seconds (0.04 work units)

    Nodes    |    Current Node    |     Objective Bounds      |     Work
 Expl Unexpl |  Obj  Depth IntInf | Incumbent    BestBd   Gap | It/Node Time

     0     0 179105.432    0   71          - 179105.432      -     -    0s
H    0     0                    205752.03651 179105.432  13.0%     -    0s
H    0     0                    205370.92683 179105.432  12.8%     -    0s
H    0     0                    205045.78376 179105.432  12.7%     -    0s
H    0     0                    195995.90533 179105.432  8.62%     -    0s
H    0     0                    191436.05001 179105.432  6.44%     -    0s
H    0     0                    187439.34932 179105.432  4.45%     -    0s
H    0     0                    187366.87320 179105.432  4.41%     -    0s
H    0     0                    187366.85480 179105.432  4.41%     -    0s
H    0     0                    187178.42473 179105.432  4.31%     -    0s
     0     0 183873.704    0   51 187178.425 183873.704  1.77%     -    1s
H    0     0                    187170.53927 183873.704  1.76%     -    1s
H    0     0                    186477.66213 183873.704  1.40%     -    1s
H    0     0                    186059.02877 183873.704  1.17%     -    1s
     0     0 183873.704    0   68 186059.029 183873.704  1.17%     -    1s
     0     0 183873.704    0   30 186059.029 183873.704  1.17%     -    2s
H    0     0                    186039.82341 183873.704  1.16%     -    2s
H    0     0                    185922.63522 183873.704  1.10%     -    2s
     0     0 183873.704    0   71 185922.635 183873.704  1.10%     -    2s
     0     0 183873.704    0   57 185922.635 183873.704  1.10%     -    3s
H    0     0                    185152.69065 183873.704  0.69%     -    3s

Cutting planes:
  Gomory: 7
  Cover: 11
  Implied bound: 11
  Projected implied bound: 3
  Clique: 13
  MIR: 1
  StrongCG: 1
  Flow cover: 14
  Zero half: 15
  RLT: 9
  Relax-and-lift: 13

Explored 1 nodes (11082 simplex iterations) in 3.26 seconds (2.43 work units)
Thread count was 1 (of 32 available processors)

Solution count 10: 185153 185923 186040 ... 187439

Optimal solution found (tolerance 1.00e-02)
Best objective 1.851526906494e+05, best bound 1.838737040538e+05, gap 0.6908%
