
Gurobi 12.0.0 (win64) logging started Wed Jul  1 13:55:08 2026

Set parameter LogFile to value "output/DCH_taller_julio/Costo_variable/Carga_on_board_320kW_st2_2ch/station_3_d213\gurobi.log"
Set parameter Threads to value 5
Set parameter Heuristics to value 0.5
Set parameter MIPFocus to value 3
Set parameter Presolve to value 2
Set parameter FlowCoverCuts to value 2
Set parameter TimeLimit to value 172800
Gurobi Optimizer version 12.0.0 build v12.0.0rc1 (win64 - Windows 11+.0 (26200.2))

CPU model: Intel(R) Core(TM) i9-14900K, instruction set [SSE2|AVX|AVX2]
Thread count: 24 physical cores, 32 logical processors, using up to 5 threads

Non-default parameters:
TimeLimit  172800
MIPGap  0.01
Heuristics  0.5
MIPFocus  3
FlowCoverCuts  2
Presolve  2
Threads  5

Optimize a model with 22793 rows, 35809 columns and 109900 nonzeros
Model fingerprint: 0x7c8019fa
Variable types: 17323 continuous, 18486 integer (18485 binary)
Coefficient statistics:
  Matrix range     [1e-01, 3e+02]
  Objective range  [8e-03, 1e+02]
  Bounds range     [1e+00, 1e+00]
  RHS range        [1e+00, 1e+04]
Presolve removed 20486 rows and 25838 columns
Presolve time: 0.12s
Presolved: 2307 rows, 9971 columns, 29520 nonzeros
Variable types: 821 continuous, 9150 integer (9150 binary)
Root relaxation presolved: 2307 rows, 9971 columns, 29520 nonzeros


Root relaxation: objective 1.310384e+05, 3380 iterations, 0.20 seconds (0.29 work units)

    Nodes    |    Current Node    |     Objective Bounds      |     Work
 Expl Unexpl |  Obj  Depth IntInf | Incumbent    BestBd   Gap | It/Node Time

     0     0 131038.427    0  153          - 131038.427      -     -    0s
H    0     0                    285155.54464 131038.427  54.0%     -    1s
H    0     0                    133927.89008 131056.003  2.14%     -    1s
     0     0 131056.003    0  144 133927.890 131056.003  2.14%     -    1s
H    0     0                    133926.14720 131056.003  2.14%     -    1s
H    0     0                    133919.32071 131056.003  2.14%     -    1s
H    0     0                    133807.93631 131056.003  2.06%     -    1s
H    0     0                    133800.49371 131056.003  2.05%     -    1s
H    0     0                    133797.86622 131056.003  2.05%     -    1s
H    0     0                    133116.68090 131056.003  1.55%     -    2s
     0     0 131056.003    0  115 133116.681 131056.003  1.55%     -    3s
H    0     0                    133040.22376 131056.003  1.49%     -    3s
H    0     0                    131079.60212 131056.003  0.02%     -    3s

Cutting planes:
  Gomory: 8
  Cover: 12
  Implied bound: 13
  Clique: 26
  MIR: 2
  Mixing: 6
  StrongCG: 1
  Flow cover: 6
  Zero half: 18
  RLT: 16
  Relax-and-lift: 28
  PSD: 10

Explored 1 nodes (15776 simplex iterations) in 3.10 seconds (3.59 work units)
Thread count was 5 (of 32 available processors)

Solution count 10: 131080 133040 133117 ... 285156

Optimal solution found (tolerance 1.00e-02)
Best objective 1.310796021233e+05, best bound 1.310560033470e+05, gap 0.0180%
