
Gurobi 12.0.3 (win64) logging started Tue Jun 30 14:32:14 2026

Set parameter LogFile to value "output/DCH_taller_julio/Costo_variable/Carga_on_board_320kW_Descomp/station_3_d335_stage1\gurobi.log"
Set parameter Threads to value 5
Set parameter Heuristics to value 0.5
Set parameter MIPFocus to value 3
Set parameter Presolve to value 2
Set parameter FlowCoverCuts to value 2
Set parameter TimeLimit to value 172800
Gurobi Optimizer version 12.0.3 build v12.0.3rc0 (win64 - Windows 11+.0 (26200.2))

CPU model: Intel(R) Core(TM) i9-14900K, instruction set [SSE2|AVX|AVX2]
Thread count: 24 physical cores, 32 logical processors, using up to 5 threads

Non-default parameters:
TimeLimit  172800
MIPGap  0.01
Heuristics  0.5
MIPFocus  3
FlowCoverCuts  2
Presolve  2
Threads  5

Optimize a model with 22763 rows, 35809 columns and 110742 nonzeros
Model fingerprint: 0x66728481
Variable types: 17323 continuous, 18486 integer (18485 binary)
Coefficient statistics:
  Matrix range     [1e-01, 3e+02]
  Objective range  [4e-03, 9e+04]
  Bounds range     [1e+00, 1e+00]
  RHS range        [1e+00, 1e+04]
Presolve removed 20029 rows and 25837 columns
Presolve time: 0.14s
Presolved: 2734 rows, 9972 columns, 30403 nonzeros
Variable types: 820 continuous, 9152 integer (9151 binary)
Root relaxation presolved: 2734 rows, 9972 columns, 30403 nonzeros


Root relaxation: objective 7.688224e+04, 4216 iterations, 0.26 seconds (0.48 work units)

    Nodes    |    Current Node    |     Objective Bounds      |     Work
 Expl Unexpl |  Obj  Depth IntInf | Incumbent    BestBd   Gap | It/Node Time

     0     0 126999.276    0  248          - 126999.276      -     -    3s
H    0     0                    129045.11047 126999.276  1.59%     -    3s
H    0     0                    128995.74898 126999.276  1.55%     -    3s
H    0     0                    128594.82257 126999.276  1.24%     -    3s
H    0     0                    128577.90898 126999.276  1.23%     -    3s
H    0     0                    128576.06344 126999.276  1.23%     -    3s
H    0     0                    128548.02491 126999.276  1.20%     -    3s
H    0     0                    128474.21457 126999.276  1.15%     -    3s
H    0     0                    128450.35642 126999.276  1.13%     -    3s
H    0     0                    128442.36515 126999.276  1.12%     -    3s
H    0     0                    128432.33206 126999.276  1.12%     -    3s
H    0     0                    128425.49165 126999.276  1.11%     -    3s
     0     0 127008.014    0  179 128425.492 127008.014  1.10%     -    5s
H    0     0                    127839.17654 127008.014  0.65%     -    5s

Cutting planes:
  Gomory: 2
  Lift-and-project: 6
  Cover: 2
  Implied bound: 1
  Clique: 1
  MIR: 1
  Flow cover: 2
  Zero half: 2

Explored 1 nodes (33058 simplex iterations) in 5.30 seconds (6.90 work units)
Thread count was 5 (of 32 available processors)

Solution count 10: 127839 128425 128432 ... 128595

Optimal solution found (tolerance 1.00e-02)
Best objective 1.278391765363e+05, best bound 1.270080141739e+05, gap 0.6502%
