
Gurobi 12.0.3 (win64) logging started Tue Jul  7 17:02:25 2026

Set parameter LogFile to value "output/DCH_taller_julio/Costo_fijo/Ventana_restringida/Carga_on_board_320kW_Descomp_ventana_carga/station_2_d152_stage1\gurobi.log"
Set parameter Threads to value 5
Set parameter Heuristics to value 0.5
Set parameter MIPFocus to value 3
Set parameter Presolve to value 2
Set parameter FlowCoverCuts to value 2
Set parameter TimeLimit to value 172800
Gurobi Optimizer version 12.0.3 build v12.0.3rc0 (win64 - Windows 11+.0 (26200.2))

CPU model: Intel(R) Core(TM) i9-14900K, instruction set [SSE2|AVX|AVX2]
Thread count: 24 physical cores, 32 logical processors, using up to 5 threads

Non-default parameters:
TimeLimit  172800
MIPGap  0.01
Heuristics  0.5
MIPFocus  3
FlowCoverCuts  2
Presolve  2
Threads  5

Optimize a model with 24331 rows, 37807 columns and 117368 nonzeros
Model fingerprint: 0x1cd6a506
Variable types: 18325 continuous, 19482 integer (19481 binary)
Coefficient statistics:
  Matrix range     [1e-01, 3e+02]
  Objective range  [4e-01, 9e+04]
  Bounds range     [1e+00, 1e+00]
  RHS range        [1e+00, 1e+04]
Presolve removed 23102 rows and 28784 columns
Presolve time: 0.14s
Presolved: 1229 rows, 9023 columns, 27236 nonzeros
Variable types: 245 continuous, 8778 integer (8777 binary)
Root relaxation presolved: 1229 rows, 9023 columns, 27236 nonzeros


Use crossover to convert LP symmetric solution to basic solution...

Root relaxation: objective 2.639595e+05, 3466 iterations, 0.06 seconds (0.05 work units)

    Nodes    |    Current Node    |     Objective Bounds      |     Work
 Expl Unexpl |  Obj  Depth IntInf | Incumbent    BestBd   Gap | It/Node Time

     0     0 273596.160    0   41          - 273596.160      -     -    0s
H    0     0                    371842.12115 273596.160  26.4%     -    0s
H    0     0                    275735.99797 273596.920  0.78%     -    0s
H    0     0                    275405.90172 273596.920  0.66%     -    0s
H    0     0                    274151.99797 273596.920  0.20%     -    0s
     0     0 273596.920    0   21 274151.998 273596.920  0.20%     -    0s

Cutting planes:
  Gomory: 9
  Lift-and-project: 18
  MIR: 14
  Mixing: 3
  Flow cover: 23
  RLT: 1
  Relax-and-lift: 6

Explored 1 nodes (8249 simplex iterations) in 0.87 seconds (0.95 work units)
Thread count was 5 (of 32 available processors)

Solution count 4: 274152 275406 275736 371842 

Optimal solution found (tolerance 1.00e-02)
Best objective 2.741519979723e+05, best bound 2.735969203194e+05, gap 0.2025%
