
Gurobi 12.0.3 (win64) logging started Sun Aug 23 02:36:12 2026

Set parameter LogFile to value "C:\Users\TECNO-MASTER\Desktop\Elmo_infrastructure_sizing_NP-\output\DCH_agosto\Costo_fijo\Ventana_restringida\Carga_on_board_fixed_3estaciones_P1000kW_Descomp/station_3_d182\gurobi.log"
Set parameter Threads to value 1
Set parameter Heuristics to value 0.5
Set parameter MIPFocus to value 3
Set parameter Presolve to value 2
Set parameter FlowCoverCuts to value 2
Set parameter TimeLimit to value 172800
Gurobi Optimizer version 12.0.3 build v12.0.3rc0 (win64 - Windows 11+.0 (26200.2))

CPU model: Intel(R) Core(TM) i9-14900K, instruction set [SSE2|AVX|AVX2]
Thread count: 24 physical cores, 32 logical processors, using up to 1 threads

Non-default parameters:
TimeLimit  172800
MIPGap  0.01
Heuristics  0.5
MIPFocus  3
FlowCoverCuts  2
Presolve  2
Threads  1

Optimize a model with 23314 rows, 37249 columns and 110330 nonzeros
Model fingerprint: 0x1c89e7ce
Variable types: 17323 continuous, 19926 integer (19925 binary)
Coefficient statistics:
  Matrix range     [1e-01, 1e+03]
  Objective range  [4e-01, 1e+02]
  Bounds range     [1e+00, 3e+00]
  RHS range        [1e+00, 1e+04]
Presolve removed 22249 rows and 28485 columns
Presolve time: 0.20s
Presolved: 1065 rows, 8764 columns, 26579 nonzeros
Variable types: 233 continuous, 8531 integer (8440 binary)
Root relaxation presolved: 1065 rows, 8764 columns, 26579 nonzeros


Use crossover to convert LP symmetric solution to basic solution...

Root relaxation: objective 2.188102e+05, 2741 iterations, 0.04 seconds (0.03 work units)

    Nodes    |    Current Node    |     Objective Bounds      |     Work
 Expl Unexpl |  Obj  Depth IntInf | Incumbent    BestBd   Gap | It/Node Time

     0     0 218810.154    0   30          - 218810.154      -     -    0s
H    0     0                    283911.41868 218810.154  22.9%     -    0s
H    0     0                    265466.07823 218810.154  17.6%     -    0s
H    0     0                    263608.54706 218810.154  17.0%     -    0s
H    0     0                    260437.25212 218810.154  16.0%     -    0s
     0     0 218810.625    0   21 260437.252 218810.625  16.0%     -    0s
H    0     0                    251223.57670 218810.625  12.9%     -    0s
H    0     0                    250801.50646 218810.625  12.8%     -    0s
H    0     0                    246215.51006 218810.625  11.1%     -    0s
H    0     0                    241115.72259 218810.625  9.25%     -    0s
H    0     0                    240563.01403 218810.625  9.04%     -    0s
     0     0 218810.625    0   50 240563.014 218810.625  9.04%     -    1s
H    0     0                    235161.01881 218810.625  6.95%     -    1s
H    0     0                    234853.33002 218810.625  6.83%     -    1s
H    0     0                    234570.67428 218810.625  6.72%     -    1s
H    0     0                    234564.68145 218810.625  6.72%     -    1s
     0     0 218810.625    0   37 234564.681 218810.625  6.72%     -    1s
     0     0 218810.625    0   39 234564.681 218810.625  6.72%     -    1s
H    0     0                    232125.62928 218810.625  5.74%     -    2s
H    0     0                    230774.40422 218810.625  5.18%     -    2s
H    0     0                    230770.91460 218810.625  5.18%     -    2s
H    0     0                    230580.35933 218810.625  5.10%     -    2s
H    0     0                    230470.41177 218810.625  5.06%     -    2s
H    0     0                    230369.37583 218810.625  5.02%     -    2s
H    0     0                    230367.01677 218810.625  5.02%     -    2s
     0     0 218810.625    0   39 230367.017 218810.625  5.02%     -    2s
     0     0 218810.625    0   32 230367.017 218810.625  5.02%     -    2s
     0     0 218810.625    0   27 230367.017 218810.625  5.02%     -    2s
H    0     0                    230364.46714 218810.625  5.02%     -    3s
H    0     0                    228218.76633 218810.625  4.12%     -    3s
H    0     0                    227902.98893 218810.625  3.99%     -    3s
H    0     0                    227759.96918 218810.625  3.93%     -    3s
H    0     0                    227568.09510 218810.625  3.85%     -    3s
H    0     0                    226326.63880 218810.625  3.32%     -    3s
H    0     0                    225149.96311 218810.625  2.82%     -    3s
H    0     0                    223298.34715 218810.625  2.01%     -    3s
     0     2 218810.625    0   27 223298.347 218810.625  2.01%     -    3s
H    9     9                    223171.51611 218810.625  1.95%   582    4s
     9    11 218810.625    5   31 223171.516 218810.625  1.95%   596    5s
H   19    19                    222849.82806 218810.625  1.81%   495    5s
H   19    19                    220329.22912 218810.625  0.69%   495    5s

Cutting planes:
  Gomory: 4
  Lift-and-project: 4
  Cover: 11
  Implied bound: 18
  Clique: 11
  MIR: 176
  Mixing: 14
  StrongCG: 1
  Flow cover: 301
  Zero half: 26
  RLT: 9
  Relax-and-lift: 54
  PSD: 12

Explored 20 nodes (20722 simplex iterations) in 5.83 seconds (5.54 work units)
Thread count was 1 (of 32 available processors)

Solution count 10: 220329 222850 223172 ... 228219

Optimal solution found (tolerance 1.00e-02)
Best objective 2.203292291178e+05, best bound 2.188106251435e+05, gap 0.6892%
