
Gurobi 12.0.0 (win64) logging started Tue Aug 25 02:03:25 2026

Set parameter LogFile to value "output/DET_960kW_2dias_bilineal/gurobi.log"
Set parameter Threads to value 32
Set parameter Heuristics to value 0.5
Set parameter MIPFocus to value 3
Set parameter Presolve to value 2
Set parameter FlowCoverCuts to value 2
Set parameter TimeLimit to value 172800
Set parameter NonConvex to value 2
Gurobi Optimizer version 12.0.0 build v12.0.0rc1 (win64 - Windows 11+.0 (26200.2))

CPU model: Intel(R) Core(TM) i9-14900K, instruction set [SSE2|AVX|AVX2]
Thread count: 24 physical cores, 32 logical processors, using up to 32 threads

Non-default parameters:
TimeLimit  172800
MIPGap  0.01
Heuristics  0.5
MIPFocus  3
FlowCoverCuts  2
NonConvex  2
Presolve  2
Threads  32

Optimize a model with 1249538 rows, 2029746 columns and 6105821 nonzeros
Model fingerprint: 0x15818183
Model has 13 quadratic constraints
Variable types: 954356 continuous, 1075390 integer (1075362 binary)
Coefficient statistics:
  Matrix range     [4e-02, 1e+03]
  QMatrix range    [1e+00, 1e+00]
  QLMatrix range   [1e-01, 5e-01]
  Objective range  [6e-01, 1e+06]
  Bounds range     [1e+00, 2e+05]
  RHS range        [1e+00, 2e+04]
Presolve removed 1077990 rows and 1505961 columns
Presolve time: 0.71s
Presolved: 171600 rows, 523786 columns, 2189065 nonzeros
Presolved model has 13 bilinear constraint(s)

Solving non-convex MIQCP

Variable types: 38353 continuous, 485433 integer (485417 binary)
Performing another presolve...
Presolve removed 42701 rows and 10833 columns (presolve time = 5s)...
Presolve removed 42701 rows and 10833 columns
Presolve time: 5.05s
Root relaxation presolve removed 11308 rows and 1 columns
Root relaxation presolved: 128343 rows, 512953 columns, 1706697 nonzeros

Deterministic concurrent LP optimizer: primal simplex, dual simplex, and barrier
Showing barrier log only...

Root barrier log...

Ordering time: 0.10s

Barrier statistics:
 Dense cols : 27
 AA' NZ     : 1.497e+06
 Factor NZ  : 3.116e+06 (roughly 300 MB of memory)
 Factor Ops : 1.240e+08 (less than 1 second per iteration)
 Threads    : 30

                  Objective                Residual
Iter       Primal          Dual         Primal    Dual     Compl     Time
   0   6.87154369e+09 -6.28231512e+12  5.77e+05 2.74e+03  1.60e+08     8s
   1   5.33102109e+09 -3.00342955e+12  3.83e+05 3.77e+04  1.03e+08     9s
   2   5.03235691e+08 -1.41341726e+12  3.57e+04 5.62e-06  1.07e+07     9s
   3   1.82084013e+08 -8.97039795e+11  1.20e+04 2.47e-06  3.87e+06     9s
   4   7.00363612e+07 -3.14478366e+11  3.90e+03 7.58e-07  1.22e+06     9s
   5   4.18693798e+07 -1.04853225e+11  1.92e+03 1.39e-07  5.34e+05     9s
   6   2.75232905e+07 -2.60360201e+10  9.53e+02 1.32e-07  2.30e+05     9s
   7   1.75609124e+07 -1.33812093e+10  3.63e+02 1.23e-07  8.42e+04     9s
   8   1.38716977e+07 -9.71338166e+09  1.52e+02 1.02e-07  3.68e+04     9s
   9   1.22467136e+07 -7.27926524e+09  6.98e+01 1.96e-08  1.78e+04     9s
  10   1.10644907e+07 -3.69377572e+09  1.68e+01 1.66e-07  5.11e+03    10s
  11   1.06848487e+07 -1.93597488e+09  6.11e+00 1.27e-07  2.11e+03    10s
  12   1.04582642e+07 -1.40410473e+09  2.67e+00 8.89e-08  1.38e+03    10s
  13   1.02932994e+07 -1.21043402e+09  2.08e+00 7.26e-08  1.17e+03    10s
  14   1.00836602e+07 -1.03577516e+09  1.72e+00 6.19e-08  9.91e+02    10s
  15   9.85888001e+06 -7.52656129e+08  1.28e+00 4.24e-08  7.12e+02    10s
  16   9.70889890e+06 -5.80227133e+08  1.09e+00 3.21e-08  5.48e+02    11s
  17   9.77922483e+06 -4.20174918e+08  9.82e-01 2.15e-08  3.98e+02    11s
  18   9.51521672e+06 -2.86624509e+08  7.21e-01 1.47e-08  2.72e+02    11s
  19   9.24780124e+06 -1.61375472e+08  2.60e-01 1.15e-08  1.54e+02    11s
  20   9.08868873e+06 -1.06377377e+08  2.11e-01 8.24e-09  1.04e+02    11s
  21   8.11411374e+06 -9.75132182e+07  1.19e-01 8.73e-09  9.47e+01    12s
  22   7.43314020e+06 -6.62510903e+07  7.19e-02 8.69e-09  6.59e+01    12s
  23   6.59043498e+06 -4.27574670e+07  4.39e-02 6.85e-09  4.41e+01    12s
  24   5.66225211e+06 -2.20121846e+07  2.38e-02 6.95e-09  2.47e+01    12s
  25   5.30677877e+06 -1.45307269e+07  1.77e-02 7.34e-09  1.77e+01    12s
  26   5.01043304e+06 -8.96378873e+06  1.35e-02 7.75e-09  1.25e+01    12s
  27   4.83501444e+06 -4.99349057e+06  1.13e-02 9.17e-09  8.78e+00    12s
  28   4.73914089e+06 -4.03741547e+06  1.08e-02 8.51e-09  7.84e+00    12s
  29   4.48668723e+06 -2.27104348e+06  8.70e-03 8.13e-09  6.04e+00    12s
  30   4.32541418e+06 -1.26488339e+06  7.69e-03 7.54e-09  5.00e+00    13s
  31   4.27727225e+06 -4.54102705e+05  7.09e-03 1.03e-08  4.23e+00    13s
  32   4.19029408e+06  8.09691073e+05  6.11e-03 8.18e-09  3.03e+00    13s
  33   4.10350691e+06  1.47389822e+06  5.13e-03 7.93e-09  2.35e+00    13s
  34   4.07767986e+06  1.94865073e+06  4.66e-03 9.01e-09  1.91e+00    13s
  35   4.01883123e+06  2.67690120e+06  3.72e-03 7.01e-09  1.20e+00    13s
  36   3.95583820e+06  3.00391739e+06  2.66e-03 7.38e-09  8.54e-01    14s
  37   3.92028051e+06  3.37240403e+06  1.97e-03 5.80e-09  4.92e-01    14s
  38   3.88512181e+06  3.51973855e+06  1.21e-03 6.76e-09  3.28e-01    14s
  39   3.87088051e+06  3.64156672e+06  8.93e-04 7.11e-09  2.06e-01    14s
  40   3.86054484e+06  3.69573165e+06  6.66e-04 6.54e-09  1.48e-01    14s
  41   3.85724669e+06  3.73651761e+06  5.88e-04 7.16e-09  1.09e-01    15s
  42   3.85014312e+06  3.76923111e+06  4.22e-04 7.31e-09  7.29e-02    15s
  43   3.84749489e+06  3.78469644e+06  3.61e-04 7.94e-09  5.66e-02    15s
  44   3.84408656e+06  3.79990657e+06  2.81e-04 7.73e-09  3.99e-02    15s
  45   3.84253378e+06  3.80591166e+06  2.45e-04 8.28e-09  3.31e-02    15s
  46   3.84060862e+06  3.81288407e+06  2.02e-04 7.83e-09  2.51e-02    15s
  47   3.83903189e+06  3.81963060e+06  1.68e-04 6.61e-09  1.76e-02    15s
  48   3.83741933e+06  3.82285861e+06  1.32e-04 7.30e-09  1.32e-02    16s
  49   3.83611001e+06  3.82682286e+06  1.02e-04 7.58e-09  8.46e-03    16s
  50   3.83500917e+06  3.82796142e+06  7.43e-05 7.43e-09  6.41e-03    16s
  51   3.83447634e+06  3.82951531e+06  6.12e-05 8.05e-09  4.53e-03    16s
  52   3.83348067e+06  3.83045768e+06  3.80e-05 6.79e-09  2.76e-03    16s
  53   3.83305854e+06  3.83119614e+06  2.74e-05 7.23e-09  1.71e-03    16s
  54   3.83277518e+06  3.83181608e+06  2.08e-05 6.28e-09  8.88e-04    17s
  55   3.83239028e+06  3.83194474e+06  1.07e-05 6.64e-09  4.14e-04    17s
  56   3.83199795e+06  3.83198942e+06  2.11e-07 8.81e-09  7.94e-06    17s
  57   3.83199010e+06  3.83199009e+06  3.75e-09 7.06e-09  7.99e-09    17s

Barrier solved model in 57 iterations and 16.86 seconds (37.69 work units)
Optimal objective 3.83199010e+06

  Building initial crossover basis                                20s

Root crossover log...

   16829 DPushes remaining with DInf 0.0000000e+00                23s
       0 DPushes remaining with DInf 0.0000000e+00                23s

  437675 PPushes remaining with PInf 0.0000000e+00                23s
  268730 PPushes remaining with PInf 0.0000000e+00                25s
       0 PPushes remaining with PInf 0.0000000e+00                28s

  Push phase complete: Pinf 0.0000000e+00, Dinf 1.0766279e+01     28s


Root simplex log...

Iteration    Objective       Primal Inf.    Dual Inf.      Time
  451954    3.8319901e+06   0.000000e+00   1.076628e+01     28s
  451956    3.8319901e+06   0.000000e+00   0.000000e+00     28s
Concurrent spin time: 0.77s

Solved with barrier
  451956    3.8319901e+06   0.000000e+00   0.000000e+00     29s

Root relaxation: objective 3.831990e+06, 451956 iterations, 21.72 seconds (25.84 work units)
Total elapsed time = 35.31s (DegenMoves)
Total elapsed time = 45.47s (DegenMoves)
Total elapsed time = 50.83s (DegenMoves)

    Nodes    |    Current Node    |     Objective Bounds      |     Work
 Expl Unexpl |  Obj  Depth IntInf | Incumbent    BestBd   Gap | It/Node Time

     0     0 3831990.09    0 5116          - 3831990.09      -     -   52s
     0     0 4147974.73    0 4623          - 4147974.73      -     -   74s
     0     0 4176576.55    0 4761          - 4176576.55      -     -   77s
     0     0 4176576.55    0 4401          - 4176576.55      -     -   93s
     0     0 4186237.78    0 4418          - 4186237.78      -     -   94s
     0     0 4186237.78    0 4455          - 4186237.78      -     -  108s
     0     0 4186237.78    0 4444          - 4186237.78      -     -  110s
     0     0 4186237.78    0 4438          - 4186237.78      -     -  124s
     0     0 4186237.78    0 4535          - 4186237.78      -     -  126s
     0     0 4186237.78    0 4527          - 4186237.78      -     -  140s
     0     0 4212389.20    0 4569          - 4212389.20      -     -  141s
     0     0 4212389.20    0 4431          - 4212389.20      -     -  156s
     0     0 4212389.20    0 4524          - 4212389.20      -     -  157s
     0     0 4212389.20    0 4432          - 4212389.20      -     -  171s
     0     0 4212389.20    0 4423          - 4212389.20      -     -  183s
H    0     0                    1.902442e+07 4212389.20  77.9%     -  244s
H    0     0                    1.837273e+07 4212389.20  77.1%     -  249s
H    0     0                    1.834088e+07 4212389.20  77.0%     -  250s
H    0     0                    1.756419e+07 4212389.20  76.0%     -  262s
H    0     0                    1.739907e+07 4212389.20  75.8%     -  262s
H    0     0                    1.626393e+07 4212389.20  74.1%     -  265s
H    0     0                    1.609880e+07 4212389.20  73.8%     -  265s
H    0     0                    1.609870e+07 4212389.20  73.8%     -  282s
H    0     0                    1.609869e+07 4212389.20  73.8%     -  282s
H    0     0                    1.593368e+07 4212389.20  73.6%     -  282s
H    0     0                    1.593364e+07 4212389.20  73.6%     -  294s
H    0     0                    1.593328e+07 4212389.20  73.6%     -  301s
H    0     0                    1.593306e+07 4212389.20  73.6%     -  312s
H    0     0                    1.593303e+07 4212389.20  73.6%     -  313s
H    0     0                    1.593299e+07 4212389.20  73.6%     -  313s
H    0     0                    1.593297e+07 4212389.20  73.6%     -  317s
H    0     0                    1.593296e+07 4212389.20  73.6%     -  317s
H    0     0                    1.593294e+07 4212389.20  73.6%     -  317s
     0     2 4212389.20    0 4361 1.5933e+07 4212389.20  73.6%     -  338s
     1     2 4436163.07    1 3071 1.5933e+07 4353976.62  72.7% 76618  348s
     3     2 4474103.02    2 3036 1.5933e+07 4474103.02  71.9% 25845  351s
     7     4 4576071.17    4 2858 1.5933e+07 4576071.17  71.3% 11522  358s
    11     8 4661970.74    5 2815 1.5933e+07 4646872.99  70.8%  7392  362s
    15    14 4683854.84    6 2918 1.5933e+07 4683854.84  70.6%  6037  366s
    23    26 4758358.25    7 2867 1.5933e+07 4689628.65  70.6%  4289  373s
    37    30 infeasible    8      1.5933e+07 4716234.50  70.4%  3421  388s
    63    49 4971972.43    9 2606 1.5933e+07 4871317.15  69.4%  2226  416s
H   65    49                    1.305512e+07 4880241.22  62.6%  2171  416s
H   89    49                    1.296336e+07 4889066.70  62.3%  1914  416s
H   92    49                    1.176247e+07 4889066.70  58.4%  1853  416s
    93    71 4889066.70   10 2552 1.1762e+07 4889066.70  58.4%  1835  454s
H  128    71                    1.147589e+07 4951120.31  56.9%  1413  454s
   143    99 6569676.54   11 2056 1.1476e+07 5135850.70  55.2%  1355  468s
   235   148 5834916.09   12 1858 1.1476e+07 5655661.73  50.7%  1168  482s
   310   177 infeasible   13      1.1476e+07 5909952.50  48.5%  1137  494s
   345   209 5939141.24   15 1739 1.1476e+07 5939141.24  48.2%  1057  539s
H  349   209                    1.147587e+07 5939141.24  48.2%  1045  540s
   377   241 5939141.24   16 1675 1.1476e+07 5939141.24  48.2%   971  618s
H  409   277                    1.131267e+07 5939141.24  47.5%   902  663s
H  441   277                    1.130073e+07 5939141.24  47.4%   879  663s
   445   309 5939141.24   18 1616 1.1301e+07 5939141.24  47.4%   875  698s
   477   341 5939141.24   19 1591 1.1301e+07 5939141.24  47.4%   861  747s
H  509   373                    1.130072e+07 5939141.24  47.4%   872  941s
H  510   373                    7637539.7009 5939141.24  22.2%   872  941s
   543   725 5939141.24   24 1619 7637539.70 5939141.24  22.2%   902  979s
   905  1668 5939141.24   32 1578 7637539.70 5939141.24  22.2%   858 1089s
H  967  1668                    7637538.4173 5939141.24  22.2%   851 1090s
H 1029  1668                    7637536.3314 5939141.24  22.2%   845 1090s
H 1139  1668                    7637534.2188 5939141.24  22.2%   815 1090s
H 1197  1668                    7637534.0995 5939141.24  22.2%   809 1090s
H 1505  1668                    7637531.2226 5939141.24  22.2%   768 1090s
  1963  2616 infeasible   33      7637531.22 5939141.24  22.2%   745 1645s
H 1964  2580                    7041998.5912 5939141.24  15.7%   744 1646s
H 2011  2580                    7011017.8439 5939141.24  15.3%   741 1646s
H 2059  2570                    7001093.2809 5939141.24  15.2%   735 1646s
H 3048  2435                    6988022.5013 5939141.24  15.0%   777 1646s
  3303  3262 5939141.24   48 1575 6988022.50 5939141.24  15.0%   780 1796s
H 3351  3228                    6808308.0009 5939141.24  12.8%   771 1796s
  4834  3229 5939141.24   33 65978 6808308.00 5939141.24  12.8%   726 1904s
H 4835  3068                    6684248.8519 5939141.24  11.1%   726 2116s
  4836  3068 5939141.24   48 3069 6684248.85 5939141.24  11.1%   726 2122s
  4837  3069 5939141.24   58 1227 6684248.85 5939141.24  11.1%   726 2220s
  4838  3070 5939141.24   31 1201 6684248.85 5939141.24  11.1%   726 2241s
  4839  3070 5939141.24   28  992 6684248.85 5939141.24  11.1%   726 2337s
  4840  3071 5939141.24   41 1009 6684248.85 5939141.24  11.1%   725 2387s
H 4840  2917                    6600603.8801 5939141.24  10.0%   725 2441s
H 4840  2771                    6580398.3269 5939141.24  9.74%   725 2441s
H 4840  2633                    6573701.0585 5939141.24  9.65%   725 2441s
  4841  2634 5939141.24   22  943 6573701.06 5939141.24  9.65%   725 2446s
H 4841  2502                    6571467.8074 5939141.24  9.62%   725 2483s
  4843  2503 5939141.24   28  965 6571467.81 5939141.24  9.62%   725 2528s
  4844  2504 5939141.24   35  964 6571467.81 5939141.24  9.62%   725 2595s
  4845  2504 5939141.24   43  922 6571467.81 5939141.24  9.62%   725 2666s
  4846  2505 5939141.24   40  934 6571467.81 5939141.24  9.62%   725 2720s
  4847  2506 5939141.24   36  881 6571467.81 5939141.24  9.62%   724 2776s
  4848  2506 5939141.24   35  881 6571467.81 5939141.24  9.62%   724 2837s
  4850  2509 5939141.24   29 63956 6571467.81 5939141.24  9.62%   915 2842s
  4852  2510 5939141.24   40  919 6571467.81 5939141.24  9.62%   915 2909s
  4853  2511 5974568.75   29  359 6571467.81 5974568.75  9.08%   915 2988s
  4854  2512 5974568.75   48  351 6571467.81 5974568.75  9.08%   915 3005s
H 4854  2386                    6421091.0729 5974568.75  6.95%   915 3101s
  4855  2386 6282979.34   22  407 6421091.07 6282979.34  2.15%   914 3105s
  4856  2387 6282979.34   55  407 6421091.07 6282979.34  2.15%   914 3141s
  4857  2388 6282979.34   38  367 6421091.07 6282979.34  2.15%   914 3259s
  4858  2388 6282979.34   26  367 6421091.07 6282979.34  2.15%   914 3361s
  4860  2391 6282979.34   55 63956 6421091.07 6282979.34  2.15%   964 3366s
  4862  2392 6282979.34   29  642 6421091.07 6282979.34  2.15%   964 3418s
  4863  2393 6282979.34   38  432 6421091.07 6282979.34  2.15%   963 3527s
  4864  2394 6282980.96   44  521 6421091.07 6282980.96  2.15%   963 3533s
  4865  2394 6282980.96   70  452 6421091.07 6282980.96  2.15%   963 3676s
  4866  2395 6282980.96   58  445 6421091.07 6282980.96  2.15%   963 3744s
  4867  2396 6282980.96   19  457 6421091.07 6282980.96  2.15%   963 3860s
  4868  2396 6282980.96   60  509 6421091.07 6282980.96  2.15%   963 3925s
  4869  2397 6282980.96   18  433 6421091.07 6282980.96  2.15%   962 3997s
  4870  2398 6282980.96   31  423 6421091.07 6282980.96  2.15%   962 4072s
  4872  2400 6282980.96   43 34553 6421091.07 6282980.96  2.15%  1025 4221s
  4874  2401 6282980.96   57  519 6421091.07 6282980.96  2.15%  1024 4250s
  4875  2402 6282980.96   62  403 6421091.07 6282980.96  2.15%  1024 4281s
  4876  2403 6282980.96   57  484 6421091.07 6282980.96  2.15%  1024 4288s
  4877  2403 6282980.96   29  453 6421091.07 6282980.96  2.15%  1023 4339s
  4878  2404 6282980.96   32  474 6421091.07 6282980.96  2.15%  1023 4380s
  4879  2405 6282980.96   43  416 6421091.07 6282980.96  2.15%  1023 4442s
  4880  2405 6282980.96   52  416 6421091.07 6282980.96  2.15%  1023 4478s
  4881  2406 6282980.96   58  416 6421091.07 6282980.96  2.15%  1023 4629s
  4882  2410 6282980.96   51  377 6421091.07 6282980.96  2.15%  1060 4639s
  4884  2413 6282980.96   52  395 6421091.07 6282980.96  2.15%  1060 4642s
  4888  2420 6282980.96   53  363 6421091.07 6282980.96  2.15%  1060 4645s
  4912  2460 6282986.71   55  291 6421091.07 6282986.71  2.15%  1061 4678s
  4944  2479 6282986.71   56  285 6421091.07 6282986.71  2.15%  1054 4703s
  4976  2500 6282986.71   57  303 6421091.07 6282986.71  2.15%  1051 4735s
  5008  2522 6282986.71   58  287 6421091.07 6282986.71  2.15%  1054 4773s
  5040  2847 6282986.71   59  284 6421091.07 6282986.71  2.15%  1057 4887s
  5382  3613 6282986.71   60  337 6421091.07 6282986.71  2.15%  1025 5112s
  6306  5424 6282986.71   65  303 6421091.07 6282986.71  2.15%   950 5354s
  8494  4695 6282986.71   87  288 6421091.07 6282986.71  2.15%   788 5355s
  8804  5497 6283826.26   70  269 6421091.07 6282986.71  2.15%   771 5919s
 10184  6037 infeasible   71      6421091.07 6282986.71  2.15%   748 6249s
 10773  5841 6282986.71   63  316 6421091.07 6282986.71  2.15%   735 6250s
 11925  6076 6282986.71   85  283 6421091.07 6282986.71  2.15%   708 6952s
 12969  6696 infeasible   87      6421091.07 6282986.71  2.15%   697 7310s
 14599  7497 6282986.71   83  340 6421091.07 6282986.71  2.15%   705 8084s
 16189  8740 6282986.71   95  284 6421091.07 6282986.71  2.15%   697 8254s
 17637  8740 6283814.80   72  342 6421091.07 6282986.71  2.15%   693 8255s
 18792  9128 6283261.89   99  392 6421091.07 6282986.71  2.15%   688 9327s
 19750 10325 6283727.10   99  340 6421091.07 6282986.71  2.15%   688 9641s
 22145 10359 6282986.71   77  316 6421091.07 6282986.71  2.15%   679 11059s
 22183 11215 6283814.80   71  303 6421091.07 6282986.71  2.15%   681 11631s
 23939 11666 6283814.80   77  299 6421091.07 6282986.71  2.15%   676 13028s
 24902 12700 infeasible   80      6421091.07 6282986.71  2.15%   678 13271s
 26976 13286 6282986.71   66  312 6421091.07 6282986.71  2.15%   687 14334s
 28228 14159 6283984.75   74  280 6421091.07 6282986.71  2.15%   687 14848s
 30025 14244 6283860.26   83  328 6421091.07 6282986.71  2.15%   684 18077s
 30148 15392 6283984.75   70  290 6421091.07 6282986.71  2.15%   685 18779s
 32584 15392 6283816.13   73  354 6421091.07 6282986.71  2.15%   683 18780s
 32836 15874 6282986.71   78  313 6421091.07 6282986.71  2.15%   682 20235s
 33952 16805 6283837.30   72  317 6421091.07 6282986.71  2.15%   681 20433s
 36495 17218 6284041.98   85  285 6421091.07 6282986.71  2.15%   682 22180s
 37376 18256 6283342.07   81  259 6421091.07 6282986.71  2.15%   681 22359s
 39485 18256 6283146.99   82  316 6421091.07 6282986.71  2.15%   677 22360s
 39856 18600 6283984.75   74  282 6421091.07 6282986.71  2.15%   677 24228s
 40702 19520 infeasible   82      6421091.07 6282986.71  2.15%   676 24686s
 42990 19765 6282986.71   86  266 6421091.07 6282986.71  2.15%   673 26147s
 43794 20282 6284041.98   79  271 6421091.07 6282986.71  2.15%   672 26868s
 45385 20785 6282986.71   85  314 6421091.07 6282986.71  2.15%   674 28597s
 46698 21569 infeasible   79      6421091.07 6282986.71  2.15%   672 29255s
 48784 22080 6282986.71   80  261 6421091.07 6282986.71  2.15%   670 31452s
 50017 22805 infeasible   84      6421091.07 6282986.71  2.15%   668 31739s
 51352 22805 infeasible   80      6421091.07 6282986.71  2.15%   668 31740s
 52534 23360 infeasible   87      6421091.07 6282986.71  2.15%   669 34305s
 53857 24280 6283476.84  105  302 6421091.07 6282986.71  2.15%   667 35273s
 56417 24974 infeasible   86      6421091.07 6282986.71  2.15%   663 37316s
 58333 25752 6282986.71   91  283 6421091.07 6282986.71  2.15%   661 38253s
 60823 25793 6282986.71   93  307 6421091.07 6282986.71  2.15%   663 43682s

Cutting planes:
  Gomory: 18
  Lift-and-project: 9
  MIR: 13
  Flow cover: 517
  GUB cover: 8
  RLT: 7
  Relax-and-lift: 14

Explored 60870 nodes (41460751 simplex iterations) in 43684.50 seconds (11843.99 work units)
Thread count was 32 (of 32 available processors)

Solution count 10: 6.42109e+06 6.42109e+06 6.57147e+06 ... 7.01102e+06

Solve interrupted
Best objective 6.421091072927e+06, best bound 6.282986714418e+06, gap 2.1508%
