
Gurobi 12.0.0 (win64) logging started Mon Sep  7 03:43:57 2026

Set parameter LogFile to value "C:\Users\TECNO-MASTER\Desktop\Elmo_infrastructure_sizing_NP-\output\DCH_septiembre\Bateria_353\Costo_variable\Carga_libre\Carga_on_board_variable_3estaciones_P320kW_Descomp/station_1_d305_stage1\gurobi.log"
Set parameter Threads to value 1
Set parameter Heuristics to value 0.5
Set parameter MIPFocus to value 3
Set parameter Presolve to value 2
Set parameter FlowCoverCuts to value 2
Set parameter TimeLimit to value 1200
Gurobi Optimizer version 12.0.0 build v12.0.0rc1 (win64 - Windows 11+.0 (26200.2))

CPU model: Intel(R) Core(TM) i9-14900K, instruction set [SSE2|AVX|AVX2]
Thread count: 24 physical cores, 32 logical processors, using up to 1 threads

Non-default parameters:
TimeLimit  1200
MIPGap  0.05
Heuristics  0.5
MIPFocus  3
FlowCoverCuts  2
Presolve  2
Threads  1

Optimize a model with 22740 rows, 37249 columns and 110626 nonzeros
Model fingerprint: 0xad36127d
Variable types: 17323 continuous, 19926 integer (19925 binary)
Coefficient statistics:
  Matrix range     [1e-01, 3e+02]
  Objective range  [1e-01, 8e+04]
  Bounds range     [1e+00, 1e+00]
  RHS range        [1e+00, 1e+04]
Presolve removed 19951 rows and 26951 columns
Presolve time: 0.22s
Presolved: 2789 rows, 10298 columns, 31385 nonzeros
Variable types: 840 continuous, 9458 integer (9457 binary)
Root relaxation presolved: 2789 rows, 10298 columns, 31385 nonzeros


Root relaxation: objective 5.046519e+04, 4721 iterations, 0.42 seconds (0.56 work units)

    Nodes    |    Current Node    |     Objective Bounds      |     Work
 Expl Unexpl |  Obj  Depth IntInf | Incumbent    BestBd   Gap | It/Node Time

     0     0 115529.846    0  100          - 115529.846      -     -    3s
H    0     0                    193194.10034 115529.846  40.2%     -    3s
     0     0 115533.083    0   54 193194.100 115533.083  40.2%     -    4s
H    0     0                    115723.77672 115533.083  0.16%     -    4s

Cutting planes:
  Gomory: 2
  Lift-and-project: 3
  Cover: 4
  Implied bound: 1
  Clique: 1
  Flow cover: 2
  Zero half: 20
  RLT: 1
  Relax-and-lift: 3

Explored 1 nodes (28268 simplex iterations) in 4.57 seconds (4.73 work units)
Thread count was 1 (of 32 available processors)

Solution count 2: 115724 193194 

Optimal solution found (tolerance 5.00e-02)
Best objective 1.157237767177e+05, best bound 1.155330826118e+05, gap 0.1648%
