
Gurobi 10.0.0 (win64) logging started Wed Sep 30 19:58:29 2026

Set parameter OutputFlag to value 1
Set parameter LogToConsole to value 0
Set parameter MIPGap to value 0.0001
Set parameter MIPFocus to value 1
Gurobi Optimizer version 10.0.0 build v10.0.0rc2 (win64)

CPU model: Intel(R) Core(TM) i9-14900K, instruction set [SSE2|AVX|AVX2]
Thread count: 24 physical cores, 32 logical processors, using up to 8 threads

Optimize a model with 15207 rows, 14899 columns and 85104 nonzeros
Model fingerprint: 0x1a7f6162
Variable types: 3453 continuous, 11446 integer (8641 binary)
Coefficient statistics:
  Matrix range     [1e-02, 1e+03]
  Objective range  [8e-01, 1e+06]
  Bounds range     [1e+00, 5e+02]
  RHS range        [3e-01, 3e+03]

User MIP start produced solution with objective 28485 (0.48s)
User MIP start produced solution with objective 28485 (0.49s)
Loaded user MIP start with objective 28485
MIP start from previous solve did not produce a new incumbent solution

Presolve removed 10945 rows and 6599 columns
Presolve time: 0.99s
Presolved: 4262 rows, 8300 columns, 39707 nonzeros
Variable types: 1840 continuous, 6460 integer (5976 binary)

Root relaxation: objective 2.506029e+04, 9041 iterations, 0.75 seconds (0.98 work units)

    Nodes    |    Current Node    |     Objective Bounds      |     Work
 Expl Unexpl |  Obj  Depth IntInf | Incumbent    BestBd   Gap | It/Node Time

     0     0 25060.2904    0  108 28484.9610 25060.2904  12.0%     -    3s
     0     0 25060.2904    0  360 28484.9610 25060.2904  12.0%     -    5s
     0     0 25060.2904    0  356 28484.9610 25060.2904  12.0%     -    5s
H    0     0                    28396.917867 25060.2904  11.7%     -    8s
     0     0 25060.2904    0   47 28396.9179 25060.2904  11.7%     -    8s
     0     0 25060.2904    0   58 28396.9179 25060.2904  11.7%     -   11s
     0     0 25060.2904    0   82 28396.9179 25060.2904  11.7%     -   11s
     0     0 25060.2904    0   38 28396.9179 25060.2904  11.7%     -   12s
     0     0 25060.2904    0  180 28396.9179 25060.2904  11.7%     -   13s
     0     0 25060.2904    0   36 28396.9179 25060.2904  11.7%     -   14s
H    0     0                    27908.332888 25060.2904  10.2%     -   16s
H    0     0                    26733.271899 25060.2904  6.26%     -   24s
H    0     2                    26388.900533 25060.2904  5.03%     -   24s
     0     2 25060.2904    0   36 26388.9005 25060.2904  5.03%     -   24s
H    1     4                    26312.555685 25060.2904  4.76%   715   24s
     3     8 25060.2904    2  127 26312.5557 25060.2904  4.76%   460   25s
H   31    40                    26112.284756 25060.2904  4.03%   227   27s
    82    91 25060.2904    9  235 26112.2848 25060.2904  4.03%   240   37s
    90    99 25060.2904    9  206 26112.2848 25060.2904  4.03%   278   45s
H   93    99                    26095.165260 25060.2904  3.97%   302   45s
    98   119 25060.2904   10   43 26095.1653 25060.2904  3.97%   336   55s
H  118   328                    26016.361231 25060.2904  3.67%   297   59s
H  331   504                    25922.677354 25060.2904  3.33%   265   70s
H  384   504                    25905.557858 25060.2904  3.26%   262   70s
   541   837     cutoff   52      25905.5579 25060.2904  3.26%   336   86s
H  987  1110                    25736.330808 25060.2904  2.63%   347  106s
H 1159  1110                    25567.103758 25060.2904  1.98%   340  106s
  1369  1624 25366.1929   46   43 25567.1038 25060.2904  1.98%   332  133s
H 1656  1618                    25525.396353 25060.2904  1.82%   324  134s
H 1904  1553                    25397.876708 25060.2904  1.33%   321  134s
  2057  1510 25060.2904   29   36 25397.8767 25060.2904  1.33%   321  139s
  2059  1511 25061.7361   32  128 25397.8767 25060.2904  1.33%   320  142s
  2062  1513 25060.2904    7   93 25397.8767 25060.2904  1.33%   320  146s
  2067  1517 25060.3459   23   51 25397.8767 25060.2904  1.33%   319  152s
  2068  1517 25060.6336   31   51 25397.8767 25060.2904  1.33%   319  166s
  2115  1559 25060.2904   16  235 25397.8767 25060.2904  1.33%   329  170s
  2134  1570 25060.2904   17  268 25397.8767 25060.2904  1.33%   329  179s
  2142  1596 25060.2904   18  247 25397.8767 25060.2904  1.33%   329  180s
  2170  1594 25060.2904   20   72 25397.8767 25060.2904  1.33%   331  190s
  2260  1728 25060.2904   30   73 25397.8767 25060.2904  1.33%   338  200s
H 2311  1634                    25356.169303 25060.2904  1.17%   339  200s
  2359  1931 25060.2904   36   68 25356.1693 25060.2904  1.17%   338  209s
H 2551  1795                    25339.049807 25060.2904  1.10%   344  209s
  2793  1791 25184.7946   57  115 25339.0498 25060.2904  1.10%   344  218s
  2948  2178 25184.7946   65  169 25339.0498 25060.2904  1.10%   336  230s
  3614  2497 25060.2904   28  238 25339.0498 25060.2904  1.10%   331  241s
  4279  2292 25179.2941   62  352 25339.0498 25060.2904  1.10%   339  256s
  4308  2771 infeasible   61      25339.0498 25060.2904  1.10%   340  268s
H 4914  2472                    25308.005928 25060.2904  0.98%   332  268s
  4936  3001 25060.2904   71   53 25308.0059 25060.2904  0.98%   333  282s
  5625  2780 25067.1496  127  324 25308.0059 25060.2904  0.98%   316  291s
  5633  3072 25067.1496  128  353 25308.0059 25060.2904  0.98%   316  305s
H 5658  2632                    25252.439884 25060.2904  0.76%   316  305s
  6064  3155 25122.3694  155  353 25252.4399 25060.2904  0.76%   305  319s
H 6278  3104                    25221.396005 25060.2904  0.64%   298  319s
  6991  3198 25067.1496   45  277 25221.3960 25060.2904  0.64%   287  334s
  7110  3832 25067.1496   46  260 25221.3960 25060.2904  0.64%   286  354s
H 8110  3631                    25193.612983 25060.2904  0.53%   274  354s
  8130  3955 25081.6175   58  316 25193.6130 25060.2904  0.53%   274  364s
  8702  4152 infeasible   90      25193.6130 25060.2904  0.53%   271  375s
  8981  4476 25060.2904   43  164 25193.6130 25060.2904  0.53%   271  391s
  9515  5527 25086.7909   69  192 25193.6130 25060.2904  0.53%   269  408s
 10872  5533 25077.2819   49  151 25193.6130 25060.2904  0.53%   259  424s
 10880  6365 25077.2819   50  151 25193.6130 25060.2904  0.53%   259  439s
 11808  6365 infeasible   91      25193.6130 25060.2904  0.53%   256  440s
 11929  6850 25060.2904   70   48 25193.6130 25060.2904  0.53%   257  455s
 12644  7484 25189.6947   86  150 25193.6130 25060.2904  0.53%   251  474s
 13611  7588 25067.1496   40   42 25193.6130 25060.2904  0.53%   250  489s
 13782  8441 25097.5392   58  296 25193.6130 25060.2904  0.53%   251  505s
 15122  8942 25134.9351  111  269 25193.6130 25060.2904  0.53%   253  527s
 15865 10463 25060.2988   71  242 25193.6130 25060.2904  0.53%   250  560s
 18214 10605 25066.6262  139  303 25193.6130 25060.2904  0.53%   243  577s
 18414 11176 25066.6262  140  303 25193.6130 25060.2904  0.53%   243  595s
 19205 11193 25148.6535  143   82 25193.6130 25060.2904  0.53%   242  600s

Cutting planes:
  Gomory: 48
  Implied bound: 46
  MIR: 162
  Flow cover: 40
  Inf proof: 1
  Zero half: 1
  RLT: 20
  Relax-and-lift: 11

Explored 19242 nodes (4680542 simplex iterations) in 600.08 seconds (535.92 work units)
Thread count was 8 (of 32 available processors)

Solution count 10: 25193.6 25221.4 25252.4 ... 25736.3

Time limit reached
Best objective 2.519361298294e+04, best bound 2.506029041589e+04, gap 0.5292%
Set parameter MIPFocus to value 0
