
Gurobi 12.0.3 (win64) logging started Sun Aug 23 17:25:05 2026

Set parameter LogFile to value "C:\Users\TECNO-MASTER\Desktop\Elmo_infrastructure_sizing_NP-\output\DCH_agosto\Costo_variable\Ventana_restringida\Carga_on_board_variable_3estaciones_P640kW_Descomp/station_2_d121_stage1\gurobi.log"
Set parameter Threads to value 1
Set parameter Heuristics to value 0.5
Set parameter MIPFocus to value 3
Set parameter Presolve to value 2
Set parameter FlowCoverCuts to value 2
Set parameter TimeLimit to value 172800
Gurobi Optimizer version 12.0.3 build v12.0.3rc0 (win64 - Windows 11+.0 (26200.2))

CPU model: Intel(R) Core(TM) i9-14900K, instruction set [SSE2|AVX|AVX2]
Thread count: 24 physical cores, 32 logical processors, using up to 1 threads

Non-default parameters:
TimeLimit  172800
MIPGap  0.01
Heuristics  0.5
MIPFocus  3
FlowCoverCuts  2
Presolve  2
Threads  1

Optimize a model with 24316 rows, 39247 columns and 117254 nonzeros
Model fingerprint: 0x512815d2
Variable types: 18325 continuous, 20922 integer (20921 binary)
Coefficient statistics:
  Matrix range     [1e-01, 6e+02]
  Objective range  [8e-03, 1e+05]
  Bounds range     [1e+00, 3e+00]
  RHS range        [1e+00, 1e+04]
Presolve removed 23088 rows and 29969 columns
Presolve time: 0.21s
Presolved: 1228 rows, 9278 columns, 28898 nonzeros
Variable types: 233 continuous, 9045 integer (8953 binary)
Root relaxation presolved: 1228 rows, 9278 columns, 28898 nonzeros


Use crossover to convert LP symmetric solution to basic solution...

Root relaxation: objective 1.584672e+05, 3656 iterations, 0.09 seconds (0.07 work units)

    Nodes    |    Current Node    |     Objective Bounds      |     Work
 Expl Unexpl |  Obj  Depth IntInf | Incumbent    BestBd   Gap | It/Node Time

     0     0 158467.173    0  145          - 158467.173      -     -    0s
H    0     0                    320528.08936 158467.173  50.6%     -    0s
H    0     0                    317862.92940 158467.173  50.1%     -    1s
H    0     0                    314337.50861 158467.173  49.6%     -    1s
H    0     0                    312603.25835 158467.173  49.3%     -    1s
H    0     0                    312527.04372 158467.173  49.3%     -    1s
H    0     0                    312505.91948 158467.173  49.3%     -    1s
H    0     0                    305837.18098 158467.173  48.2%     -    1s
H    0     0                    305262.03394 158467.173  48.1%     -    1s
H    0     0                    304564.81882 158467.173  48.0%     -    1s
H    0     0                    303968.94012 158467.173  47.9%     -    1s
H    0     0                    303758.24283 158467.173  47.8%     -    1s
     0     0 172314.366    0  126 303758.243 172314.366  43.3%     -    2s
H    0     0                    303653.27002 178484.749  41.2%     -    2s
H    0     0                    303270.29268 178484.749  41.1%     -    2s
H    0     0                    222847.92928 178484.749  19.9%     -    2s
H    0     0                    221918.70601 178484.749  19.6%     -    2s
H    0     0                    216363.56874 178484.749  17.5%     -    2s
H    0     0                    212480.80637 178484.749  16.0%     -    2s
H    0     0                    212480.09091 178484.749  16.0%     -    2s
     0     0 179340.825    0  136 212480.091 179340.825  15.6%     -    2s
     0     0 183027.316    0   51 212480.091 183027.316  13.9%     -    3s
H    0     0                    211980.76262 183027.316  13.7%     -    3s
H    0     0                    211980.76249 183027.316  13.7%     -    3s
H    0     0                    211822.28510 183027.316  13.6%     -    3s
     0     0 183027.316    0   63 211822.285 183027.316  13.6%     -    3s
     0     0 183027.316    0   37 211822.285 183027.316  13.6%     -    4s
H    0     0                    193921.29523 183027.316  5.62%     -    4s
H    0     0                    193326.99744 183027.316  5.33%     -    4s
     0     0 183027.316    0   34 193326.997 183027.316  5.33%     -    4s
     0     0 183027.316    0   49 193326.997 183027.316  5.33%     -    5s
     0     0 183027.316    0   46 193326.997 183027.316  5.33%     -    5s
H    0     0                    192957.73229 183027.316  5.15%     -    5s
H    0     0                    188276.97087 183027.316  2.79%     -    5s
H    0     0                    186458.92136 183027.316  1.84%     -    5s
H    0     0                    186454.49249 183027.316  1.84%     -    5s
H    0     0                    185166.93626 183027.316  1.16%     -    5s
H    0     0                    185100.18313 183027.316  1.12%     -    6s
H    0     0                    184623.10557 183027.316  0.86%     -    6s

Cutting planes:
  Gomory: 12
  Lift-and-project: 5
  Cover: 4
  Implied bound: 5
  Projected implied bound: 1
  MIR: 10
  StrongCG: 1
  Flow cover: 11
  Zero half: 5
  Relax-and-lift: 2

Explored 1 nodes (15126 simplex iterations) in 6.25 seconds (5.32 work units)
Thread count was 1 (of 32 available processors)

Solution count 10: 184623 185100 185167 ... 211822

Optimal solution found (tolerance 1.00e-02)
Best objective 1.846231055744e+05, best bound 1.830273157494e+05, gap 0.8644%
