
Gurobi 10.0.0 (win64) logging started Wed Oct  1 20:01:14 2025

Set parameter LogFile to value "ELMO_log.txt"
Set parameter Threads to value 4
Set parameter Heuristics to value 0.8
Gurobi Optimizer version 10.0.0 build v10.0.0rc2 (win64)

CPU model: Intel(R) Core(TM) i9-14900K, instruction set [SSE2|AVX|AVX2]
Thread count: 24 physical cores, 32 logical processors, using up to 4 threads

Optimize a model with 4096 rows, 33808 columns and 52864 nonzeros
Model fingerprint: 0x59fb7460
Variable types: 1552 continuous, 32256 integer (32256 binary)
Coefficient statistics:
  Matrix range     [5e-01, 4e+02]
  Objective range  [9e-03, 1e-01]
  Bounds range     [1e+00, 4e+02]
  RHS range        [1e+00, 7e+02]
Presolve removed 2544 rows and 25696 columns
Presolve time: 0.29s
Presolved: 1552 rows, 8112 columns, 22944 nonzeros
Variable types: 1392 continuous, 6720 integer (6720 binary)

Root relaxation: objective 1.284061e+03, 4602 iterations, 0.04 seconds (0.04 work units)

    Nodes    |    Current Node    |     Objective Bounds      |     Work
 Expl Unexpl |  Obj  Depth IntInf | Incumbent    BestBd   Gap | It/Node Time

     0     0 1284.06057    0  220          - 1284.06057      -     -    0s
     0     0 1329.14079    0  278          - 1329.14079      -     -    0s
     0     0 1333.39637    0  288          - 1333.39637      -     -    0s
     0     0 1333.42037    0  285          - 1333.42037      -     -    0s
     0     0 1345.54988    0  268          - 1345.54988      -     -    0s
     0     0 1347.20291    0  299          - 1347.20291      -     -    0s
     0     0 1347.37558    0  307          - 1347.37558      -     -    0s
     0     0 1347.37638    0  311          - 1347.37638      -     -    0s
     0     0 1348.53446    0  325          - 1348.53446      -     -    0s
     0     0 1348.58816    0  327          - 1348.58816      -     -    0s
     0     0 1350.97323    0  317          - 1350.97323      -     -    0s
     0     0 1351.09718    0  332          - 1351.09718      -     -    0s
     0     0 1351.11703    0  328          - 1351.11703      -     -    0s
     0     0 1352.06220    0  314          - 1352.06220      -     -    0s
     0     0 1352.32884    0  317          - 1352.32884      -     -    0s
     0     0 1353.73967    0  296          - 1353.73967      -     -    0s
     0     0 1353.74534    0  309          - 1353.74534      -     -    0s
     0     0 1354.32053    0  309          - 1354.32053      -     -    0s
H    0     0                    2163.0568450 1354.32053  37.4%     -    0s
     0     0 1354.32053    0  184 2163.05685 1354.32053  37.4%     -    1s
H    0     0                    1447.7165300 1354.32053  6.45%     -    1s
H    0     0                    1437.7637568 1354.32053  5.80%     -    2s
H    0     0                    1434.8287713 1354.32053  5.61%     -    2s
H    0     0                    1434.8059347 1354.32053  5.61%     -    2s
H    0     0                    1431.1911305 1354.32053  5.37%     -    2s
H    0     0                    1428.4941747 1354.32053  5.19%     -    2s
H    0     0                    1426.7872686 1354.32053  5.08%     -    2s
H    0     0                    1421.0073358 1354.32053  4.69%     -    3s
H    0     0                    1418.2645947 1354.32053  4.51%     -    3s
H    0     0                    1417.3944445 1354.32053  4.45%     -    3s
H    0     0                    1411.7305470 1354.32053  4.07%     -    3s
H    0     0                    1411.5989551 1354.32053  4.06%     -    3s
H    0     0                    1411.5242648 1354.32053  4.05%     -    3s
H    0     0                    1404.3806271 1354.32053  3.56%     -    3s
H    0     0                    1402.8332726 1354.32053  3.46%     -    3s
H  526   345                    1399.7174013 1354.32053  3.24%   6.4    4s
H 1832  1178                    1399.4469403 1355.84058  3.12%   5.1    4s
H 2423  1589                    1399.3766908 1356.87936  3.04%   5.7    4s
  3261  2293 1360.84884   27   13 1399.37669 1360.36058  2.79%   9.3    5s
H 4855  3644                    1399.3766907 1360.60639  2.77%   5.4    5s
H 5450  4162                    1399.3205767 1360.70631  2.76%   5.4    5s
H 5960  4650                    1399.3205739 1360.82568  2.75%   5.5    6s
H 7030  5671                    1399.2758437 1360.85484  2.75%   5.6    6s
H 8592  7057                    1399.2758426 1361.34910  2.71%   5.9    7s
H 9426  7804                    1399.2712847 1362.55198  2.62%   6.0    7s
H10101  8188                    1399.2712844 1362.89868  2.60%   6.1    8s
H14317 11083                    1399.2712817 1362.91914  2.60%   5.5    9s
 16174 12611 1363.58451   30   17 1399.27128 1363.58451  2.55%   6.5   10s
H18060 14144                    1399.2553668 1371.82840  1.96%   6.4   13s
H18253 14232                    1399.2553655 1372.70795  1.90%   6.8   14s
 18828 14737 1379.18989   32   15 1399.25537 1379.18982  1.43%   7.4   15s

Cutting planes:
  Gomory: 99
  Implied bound: 58
  MIR: 244
  RLT: 1
  Relax-and-lift: 4

Explored 21243 nodes (154057 simplex iterations) in 15.79 seconds (21.78 work units)
Thread count was 4 (of 32 available processors)

Solution count 10: 1399.26 1399.26 1399.27 ... 1399.38

Optimal solution found (tolerance 1.00e-02)
Best objective 1.399255365523e+03, best bound 1.386857895373e+03, gap 0.8860%
