
Gurobi 12.0.0 (win64) logging started Tue Aug 25 18:09:09 2026

Set parameter LogFile to value "output/DET_241kW_2dias/gurobi.log"
Set parameter Threads to value 32
Set parameter Heuristics to value 0.5
Set parameter MIPFocus to value 3
Set parameter Presolve to value 2
Set parameter FlowCoverCuts to value 2
Set parameter TimeLimit to value 172800
Gurobi Optimizer version 12.0.0 build v12.0.0rc1 (win64 - Windows 11+.0 (26200.2))

CPU model: Intel(R) Core(TM) i9-14900K, instruction set [SSE2|AVX|AVX2]
Thread count: 24 physical cores, 32 logical processors, using up to 32 threads

Non-default parameters:
TimeLimit  172800
MIPGap  0.01
Heuristics  0.5
MIPFocus  3
FlowCoverCuts  2
Presolve  2
Threads  32

Optimize a model with 1201678 rows, 2181162 columns and 10647979 nonzeros
Model fingerprint: 0xd4adef00
Model has 27 quadratic constraints
Variable types: 258968 continuous, 1922194 integer (994722 binary)
Coefficient statistics:
  Matrix range     [2e-02, 1e+03]
  QMatrix range    [1e+00, 1e+00]
  QLMatrix range   [1e+00, 2e+02]
  Objective range  [6e-01, 6e+05]
  Bounds range     [1e+00, 7e+05]
  RHS range        [1e+00, 2e+04]
Presolve removed 973773 rows and 1669178 columns
Presolve time: 2.53s
Presolved: 228013 rows, 511985 columns, 2006118 nonzeros
Presolved model has 27 bilinear constraint(s)

Solving non-convex MIQCP

Variable types: 36984 continuous, 475001 integer (465257 binary)
Performing another presolve...
Presolve removed 53512 rows and 773 columns (presolve time = 5s)...
Presolve removed 55794 rows and 1571 columns
Presolve time: 5.84s
Root relaxation presolve removed 0 rows and 1 columns
Root relaxation presolved: 172219 rows, 510414 columns, 1919692 nonzeros

Deterministic concurrent LP optimizer: primal simplex, dual simplex, and barrier
Showing barrier log only...

Root barrier log...

Ordering time: 0.14s

Barrier statistics:
 Dense cols : 41
 AA' NZ     : 2.080e+06
 Factor NZ  : 5.233e+06 (roughly 300 MB of memory)
 Factor Ops : 2.536e+08 (less than 1 second per iteration)
 Threads    : 30

                  Objective                Residual
Iter       Primal          Dual         Primal    Dual     Compl     Time
   0   6.69778311e+10 -2.63939411e+12  4.43e+06 5.17e+03  4.82e+08    11s
   1   5.14330955e+10 -3.14853937e+12  3.34e+06 1.03e+05  3.64e+08    11s
   2   2.49300927e+10 -3.09225118e+12  1.61e+06 3.13e-07  1.77e+08    11s
   3   6.58386449e+08 -2.75740798e+12  4.01e+04 2.03e-02  6.62e+06    11s
   4   2.26215425e+08 -1.03479622e+12  1.22e+04 7.39e-03  1.99e+06    12s
   5   2.05945499e+08 -9.96552375e+11  1.09e+04 7.06e-03  1.83e+06    12s
   6   1.83403636e+08 -8.05293542e+11  9.40e+03 5.68e-03  1.51e+06    12s
   7   1.18983176e+08 -5.40392800e+11  5.34e+03 3.79e-03  9.11e+05    12s
   8   1.04396108e+08 -2.70272658e+11  4.45e+03 1.98e-03  5.83e+05    12s
   9   6.11784170e+07 -1.35341311e+11  2.06e+03 9.04e-04  2.71e+05    12s
  10   4.68002453e+07 -8.55669413e+10  1.35e+03 5.10e-04  1.69e+05    12s
  11   3.48913950e+07 -6.66641708e+10  8.06e+02 3.44e-04  1.11e+05    13s
  12   2.34173128e+07 -4.38502913e+10  3.19e+02 2.08e-04  5.61e+04    13s
  13   1.87197535e+07 -1.90072879e+10  1.30e+02 5.79e-05  2.16e+04    13s
  14   1.60468677e+07 -4.62824060e+09  2.62e+01 1.50e-05  4.33e+03    13s
  15   1.49000902e+07 -1.30317662e+09  1.68e+00 3.83e-06  1.13e+03    13s
  16   1.43889903e+07 -6.78894586e+08  8.17e-01 1.96e-06  5.94e+02    13s
  17   1.34208555e+07 -6.16259536e+08  4.36e-01 1.77e-06  5.39e+02    13s
  18   1.29016131e+07 -4.33278181e+08  3.29e-01 1.26e-06  3.82e+02    14s
  19   1.22345566e+07 -2.38198868e+08  2.52e-01 6.96e-07  2.14e+02    14s
  20   1.19596783e+07 -2.08327842e+08  2.29e-01 6.10e-07  1.88e+02    14s
  21   1.15268631e+07 -1.65502581e+08  1.99e-01 4.85e-07  1.51e+02    14s
  22   1.13634437e+07 -1.62274568e+08  1.85e-01 4.76e-07  1.49e+02    14s
  23   1.05546787e+07 -1.32629409e+08  1.40e-01 3.97e-07  1.22e+02    14s
  24   9.93550472e+06 -1.10281570e+08  1.14e-01 3.35e-07  1.03e+02    15s
  25   8.05662887e+06 -7.87182872e+07  6.29e-02 2.40e-07  7.42e+01    15s
  26   7.15680628e+06 -5.85915597e+07  4.61e-02 1.81e-07  5.62e+01    15s
  27   5.94032510e+06 -4.97486158e+07  2.94e-02 1.55e-07  4.76e+01    15s
  28   4.75138264e+06 -2.79063686e+07  1.70e-02 8.90e-08  2.79e+01    16s
  29   4.10421217e+06 -8.85498852e+06  1.09e-02 3.23e-08  1.11e+01    16s
  30   3.46060991e+06 -4.62225138e+06  4.52e-03 1.98e-08  6.91e+00    16s
  31   3.12309788e+06 -2.36831985e+06  2.67e-03 1.91e-08  4.69e+00    16s
  32   3.08842498e+06 -1.80747589e+06  2.56e-03 2.49e-08  4.19e+00    16s
  33   3.03692167e+06 -1.33663727e+06  2.40e-03 1.60e-08  3.74e+00    16s
  34   3.03274775e+06 -1.19979029e+06  2.35e-03 1.50e-08  3.62e+00    17s
  35   2.99897671e+06 -5.39686689e+05  2.07e-03 1.15e-08  3.03e+00    17s
  36   2.94412844e+06  7.22205774e+05  1.65e-03 7.38e-09  1.90e+00    17s
  37   2.86701975e+06  1.54957789e+06  1.20e-03 4.35e-09  1.13e+00    17s
  38   2.83365715e+06  1.92490313e+06  1.00e-03 7.89e-09  7.77e-01    17s
  39   2.79652540e+06  2.21726019e+06  7.90e-04 5.42e-09  4.96e-01    18s
  40   2.76811783e+06  2.40173108e+06  6.00e-04 2.37e-09  3.14e-01    18s
  41   2.74661889e+06  2.49313818e+06  4.60e-04 1.07e-08  2.17e-01    18s
  42   2.73043521e+06  2.56162210e+06  3.49e-04 6.33e-09  1.45e-01    18s
  43   2.71206120e+06  2.60418777e+06  1.96e-04 2.71e-09  9.24e-02    18s
  44   2.70678792e+06  2.64019598e+06  1.53e-04 4.53e-09  5.71e-02    18s
  45   2.70282072e+06  2.65783092e+06  1.17e-04 7.84e-09  3.86e-02    19s
  46   2.70076591e+06  2.66753054e+06  9.79e-05 1.00e-08  2.85e-02    19s
  47   2.69852330e+06  2.67418168e+06  7.73e-05 7.05e-09  2.09e-02    19s
  48   2.69605256e+06  2.67845554e+06  5.46e-05 6.52e-09  1.51e-02    19s
  49   2.69515415e+06  2.68007421e+06  4.64e-05 5.34e-09  1.29e-02    19s
  50   2.69421078e+06  2.68367456e+06  3.77e-05 3.54e-09  9.05e-03    19s
  51   2.69305277e+06  2.68540849e+06  2.72e-05 1.72e-09  6.56e-03    19s
  52   2.69253669e+06  2.68785305e+06  2.29e-05 1.72e-09  4.03e-03    20s
  53   2.69134102e+06  2.68837675e+06  1.22e-05 1.52e-09  2.55e-03    20s
  54   2.69083859e+06  2.68924906e+06  7.45e-06 6.80e-10  1.37e-03    20s
  55   2.69028209e+06  2.68959399e+06  2.17e-06 1.40e-09  5.91e-04    21s
  56   2.69019102e+06  2.68980476e+06  1.31e-06 1.00e-09  3.32e-04    21s
  57   2.69008252e+06  2.69003481e+06  2.97e-07 6.03e-10  4.12e-05    21s
  58   2.69005083e+06  2.69005003e+06  6.47e-08 6.31e-10  6.90e-07    21s
  59   2.69005018e+06  2.69005018e+06  3.89e-09 4.70e-10  9.56e-11    21s

Barrier solved model in 59 iterations and 20.99 seconds (49.77 work units)
Optimal objective 2.69005018e+06


Root crossover log...

   13515 DPushes remaining with DInf 0.0000000e+00                21s
       0 DPushes remaining with DInf 0.0000000e+00                21s

  425576 PPushes remaining with PInf 0.0000000e+00                21s
  188241 PPushes remaining with PInf 0.0000000e+00                25s
       0 PPushes remaining with PInf 0.0000000e+00                29s

  Push phase complete: Pinf 0.0000000e+00, Dinf 4.6117867e-09     29s


Root simplex log...

Iteration    Objective       Primal Inf.    Dual Inf.      Time
  435608    2.6900502e+06   0.000000e+00   0.000000e+00     29s
Concurrent spin time: 1.18s

Solved with barrier
  435608    2.6900502e+06   0.000000e+00   0.000000e+00     30s

Root relaxation: objective 2.690050e+06, 435608 iterations, 20.47 seconds (24.68 work units)
Total elapsed time = 33.20s (DegenMoves)
Total elapsed time = 37.34s (DegenMoves)
Total elapsed time = 40.02s (DegenMoves)
Total elapsed time = 45.03s (DegenMoves)

    Nodes    |    Current Node    |     Objective Bounds      |     Work
 Expl Unexpl |  Obj  Depth IntInf | Incumbent    BestBd   Gap | It/Node Time

     0     0 3581178.80    0 1168          - 3581178.80      -     -   47s
     0     0 3581178.80    0 1535          - 3581178.80      -     -   64s
     0     0 3595028.66    0 3128          - 3595028.66      -     -   69s
     0     0 3597166.16    0 1810          - 3597166.16      -     -   90s
     0     0 3597562.56    0 2550          - 3597562.56      -     -   93s
     0     0 3597562.56    0 1773          - 3597562.56      -     -  110s
     0     0 3597562.56    0 2524          - 3597562.56      -     -  114s
     0     0 3597562.56    0 1836          - 3597562.56      -     -  130s
     0     0 3597562.56    0 2216          - 3597562.56      -     -  132s
     0     0 3597562.56    0 1759          - 3597562.56      -     -  148s
     0     0 3597562.56    0 2197          - 3597562.56      -     -  150s
     0     0 3597562.56    0 1760          - 3597562.56      -     -  167s
     0     0 3597562.56    0 1762          - 3597562.56      -     -  176s
     0     2 3597562.56    0 1762          - 3597562.56      -     -  253s
     3     6 3598848.26    2 1920          - 3598848.26      -  4342  256s
     6     9 3651834.79    3 4227          - 3600108.57      - 20916  280s
     9    15 3651834.79    4 3667          - 3600108.57      - 18166  289s
    15    29 3600108.57    3 2982          - 3600108.57      - 14686  304s
    29    56 3603484.25    4 3016          - 3600108.57      - 15603  319s
    58    86 3610911.43    5 3122          - 3600108.57      -  8326  332s
    90   188 3600108.57    6 3146          - 3600108.57      -  5808  354s
   192   218 3600108.57    9 3194          - 3600108.57      -  2921  373s
   240   358 3612362.68    8 3164          - 3600108.57      -  2485  389s
   384   438 3606477.26    9 3360          - 3606477.26      -  1672  397s
   464   617 3612362.68   10 3308          - 3612221.82      -  1433  417s
   643   848 3612362.68   14 2984          - 3612362.68      -  1088  439s
   874  1052 3617292.67   11 3200          - 3612366.69      -   873  460s
  1078  1151 3617423.74   20 3100          - 3612494.61      -   765  476s
  1177  1213 3617423.74   17 3237          - 3612494.61      -   761  489s
  1239  1277 3612494.61   15 3299          - 3612494.61      -   766  502s
  1303  1321 3612494.61   15 3265          - 3612494.61      -   793  514s
  1347  1374 3617423.74   18 3209          - 3612636.40      -   838  524s
  1400  1620 3613977.64   18 3231          - 3613977.64      -   875  550s
  1647  1765 3613977.64   16 3246          - 3613977.64      -   798  570s
  1794  1875 3613977.64   19 3292          - 3613977.64      -   783  586s
  1904  1952 3613977.64   20 3105          - 3613977.64      -   781  600s
  1981  2018 3613977.64   24 3082          - 3613977.64      -   798  613s
  2047  2079 3613977.64   17 3199          - 3613977.64      -   818  627s
  2110  2162 3617423.74   15 3227          - 3614598.69      -   846  641s
  2193  2262 3617423.74   12 3192          - 3614598.69      -   872  656s
  2293  2354 3615157.01   12 3272          - 3615157.01      -   890  671s
  2385  2459 3615157.01   13 3184          - 3615157.01      -   913  687s
  2490  2571 3620096.48   16 3125          - 3615157.56      -   928  704s
  2602  2716 3616650.38   22 3072          - 3616650.38      -   936  723s
  2747  3892 3617423.74   16 3267          - 3617259.63      -   930  840s
  3950  3893 3623693.86   48 80003          - 3617259.63      -   723  854s
  3952  3894 3617423.74   19 1209          - 3617259.63      -   723  940s
  3953  3895 3622581.20   24 1510          - 3617259.63      -   723 1053s
  3954  3896 3624167.96   30 4214          - 3617259.63      -   723 1103s
  3955  3896 3697576.90   23 1798          - 3617259.63      -   722 1195s
  3956  3897 3622581.20   19 2644          - 3617259.63      -   722 1233s
  3957  3898 3651834.79    6 1730          - 3617259.63      -   722 1306s
  3958  3898 3622847.97   15 2561          - 3617259.63      -   722 1432s
  3959  3899 3622581.20   23 1767          - 3617259.63      -   722 1525s
  3960  3900 3619135.11   21 2894          - 3617259.63      -   721 1714s
  3961  3900 3617423.74   11 1776          - 3617259.63      -   721 1816s
  3962  3901 3622265.27   20 3052          - 3617259.63      -   721 1916s
  3963  3902 3622581.20   25 1813          - 3617259.63      -   721 2024s
  3964  3902 3623693.86   48 2869          - 3617259.63      -   721 2191s
  3965  3903 3620010.20   15 1786          - 3617259.63      -   721 2300s
  3966  3904 3622265.27   17 1786          - 3617259.63      -   720 2418s
  3967  3904 3617291.80   13 1786          - 3617259.63      -   720 2610s
  3968  3908 3617259.63   12 1961          - 3617259.63      -   873 2638s
  3970  3911 3617259.63   13 2524          - 3617259.63      -   877 2702s
  3974  3918 3617259.63   14 3029          - 3617259.63      -   887 2754s
  3982  3931 3617259.63   15 3062          - 3617259.63      -   912 2765s
  3998  3958 3617259.63   16 2997          - 3617259.63      -   918 2799s
  4008  3955 3661081.45   16 3091          - 3617259.63      -   938 2800s
  4030  3979 3617259.63   17 2958          - 3617259.63      -   951 2836s
  4062  4101 3617259.63   18 3021          - 3617259.63      -   985 2881s
  4194  4087 3617259.63   19 3074          - 3617259.63      -  1003 2923s
  4224  4167 3621876.26   20 3031          - 3617259.63      -  1051 2951s
  4314  4205 3620164.90   20 3268          - 3620158.08      -  1053 2973s
  4382  4228 3620164.90   21 3212          - 3620158.09      -  1061 3097s
H 4385  4031                    2.375272e+07 3620158.09  84.8%  1061 3097s
H 4430  3862                    2.368669e+07 3620164.90  84.7%  1061 3160s
H 4432  3685                    2.264583e+07 3621416.16  84.0%  1061 3160s
H 4436  3516                    1.962183e+07 3621833.26  81.5%  1060 3160s
H 4448  3353                    1.929393e+07 3621833.26  81.2%  1058 3161s
H 4459  3198                    1.686515e+07 3621833.26  78.5%  1056 3161s
H 4462  3083                    1.528294e+07 3621833.26  76.3%  1055 3209s
  4473  3080 3625010.71   20 3100 1.5283e+07 3624999.61  76.3%  1060 3210s
H 4487  2938                    1.481474e+07 3624999.61  75.5%  1065 3210s
H 4494  3079                    1.414619e+07 3624999.61  74.4%  1068 3596s
H 4495  2955                    1.251418e+07 3624999.62  71.0%  1072 3596s
H 4770  3251                    1.218733e+07 3625006.43  70.3%  1149 3963s
H 4809  3126                    1.207761e+07 3625006.43  70.0%  1149 3963s
H 4883  2996                    1.202686e+07 3625006.43  69.9%  1158 3963s
H 5262  2769                    1.200872e+07 3625006.44  69.8%  1233 3964s
H 5303  2900                    1.200674e+07 3625006.44  69.8%  1232 4370s
H 5309  2807                    1.187733e+07 3625006.44  69.5%  1233 4370s
H 5322  2717                    1.185136e+07 3625006.44  69.4%  1236 4370s
H 5326  2634                    1.181454e+07 3625006.44  69.3%  1239 4371s
H 5331  2555                    1.178765e+07 3625006.44  69.2%  1242 4371s
H 5362  2470                    1.167205e+07 3625006.44  68.9%  1249 4371s
H 5548  2742                    1.166790e+07 3625006.98  68.9%  1292 4633s
H 5565  2671                    1.161321e+07 3625006.98  68.8%  1294 4633s
H 5580  2602                    1.161220e+07 3625006.98  68.8%  1294 4633s
H 5607  2533                    1.154990e+07 3625006.98  68.6%  1291 4633s
H 5720  2438                    1.153096e+07 3625006.98  68.6%  1330 4634s
H 5791  2360                    1.149212e+07 3625006.98  68.5%  1363 4634s
  5893  2326 3626188.44   21 3191 1.1492e+07 3625006.99  68.5%  1387 4635s
H 5960  2346                    1.148796e+07 3625006.99  68.4%  1395 4990s
H 5966  2295                    1.146110e+07 3625006.99  68.4%  1398 4990s
H 5969  2248                    1.145511e+07 3625006.99  68.4%  1405 4990s
H 5981  2200                    1.143733e+07 3625006.99  68.3%  1420 4990s
H 6066  2244                    1.143535e+07 3625017.34  68.3%  1500 5254s
H 6071  2202                    1.143515e+07 3625017.34  68.3%  1502 5254s
H 6075  2163                    1.140795e+07 3625017.34  68.2%  1504 5254s
  6077  2162 3626288.43   24 3087 1.1408e+07 3625017.34  68.2%  1508 5255s
H 6093  2152                    1.140140e+07 3625017.34  68.2%  1514 5255s
H 6122  2152                    1.139380e+07 3625017.34  68.2%  1527 5255s
H 6181  2218                    1.139182e+07 3625315.55  68.2%  1570 5596s
H 6189  2218                    1.135966e+07 3625315.55  68.1%  1570 5596s
H 6218  2218                    1.131678e+07 3625315.55  68.0%  1605 5596s
H 6247  2250                    1.131480e+07 3625322.36  68.0%  1645 5722s
H 6248  2250                    9455593.3151 3625322.36  61.7%  1651 5722s
H 6263  2250                    9168699.7338 3625322.36  60.5%  1738 5723s
  6279  2280 3626851.55   27 3315 9168699.73 3625322.36  60.5%  1835 5825s
H 6309  2307                    9166719.1377 3625322.36  60.5%  1932 5931s
H 6313  2307                    9160832.8064 3625322.37  60.4%  1941 5932s
H 6322  2307                    9142833.1701 3625322.37  60.3%  1964 5932s
H 6324  2307                    9140654.5145 3625322.37  60.3%  1969 5932s
  6336  2334 3626974.32   22 3354 9140654.51 3625322.37  60.3%  2007 6066s
H 6337  2334                    9138040.1277 3625322.37  60.3%  2007 6066s
H 6340  2334                    9130355.4152 3625322.37  60.3%  2007 6066s
  6363  2419 3627021.89   21 3329 9130355.42 3625322.37  60.3%  2066 6152s
H 6449  2451                    9125562.3728 3625410.67  60.3%  2127 6272s
  6481  2700 3626995.82   34 3121 9125562.37 3626139.79  60.3%  2239 6436s
H 6507  2700                    9120769.3304 3626139.79  60.2%  2239 6436s
H 6746  2732                    9115178.0045 3626139.80  60.2%  2454 6779s
H 6748  2732                    9112563.6201 3626139.80  60.2%  2469 6779s
H 6750  2732                    9101664.2635 3626139.80  60.2%  2488 6779s
H 6753  2732                    7985366.6827 3626139.80  54.6%  2514 6780s
  6778  3080 3627513.84   23 3289 7985366.68 3626163.35  54.6%  2717 7182s
H 6844  3080                    7891261.7581 3626163.35  54.0%  2742 7182s
H 6935  3080                    7799460.7004 3626163.35  53.5%  2800 7183s
H 7049  3080                    7784092.1695 3626163.35  53.4%  2843 7183s
H 7131  3136                    7780327.4002 3626188.43  53.4%  2880 7813s
H 7133  3136                    7586988.3882 3626188.43  52.2%  2890 7813s
  7175  3136 3628833.04   29 3300 7586988.39 3626233.28  52.2%  2955 7815s
  7187  3604 3632723.32   25 3510 7586988.39 3626233.28  52.2%  2969 8040s
H 7209  3604                    7582742.8047 3626233.28  52.2%  2962 8040s
H 7355  3604                    7540239.9474 3626233.28  51.9%  2961 8040s
H 7523  3604                    7539040.7669 3626233.29  51.9%  2979 8041s
  7663  3636 3629157.65   24 3213 7539040.77 3626250.26  51.9%  3002 8453s
H 7665  3636                    7534897.8838 3626250.26  51.9%  3004 8453s
H 7666  3636                    7533596.7907 3626250.26  51.9%  3007 8453s
H 7668  3636                    7523283.3046 3626250.26  51.8%  3014 8453s
H 7673  3636                    7500292.0731 3626288.43  51.7%  3034 8454s
H 7675  3636                    7427789.7334 3626288.43  51.2%  3042 8454s
  7695  4282 3643998.46   26 3190 7427789.73 3626288.63  51.2%  3125 8742s
H 7708  4282                    7423544.1500 3626288.63  51.2%  3125 8742s
H 8350  4386                    7421579.9225 3626479.27  51.1%  3075 9630s
H 8352  4386                    7419333.6540 3626479.27  51.1%  3080 9630s
H 8357  4386                    7396700.3996 3626479.27  51.0%  3083 9630s
H 8437  4386                    7378467.8426 3626479.28  50.9%  3169 9631s
  8454  4881 3629683.92   27 3277 7378467.84 3626479.28  50.9%  3187 9939s
  8896  4881 3644832.07   23 3701 7378467.84 3626479.28  50.9%  3263 9940s
  8968  5135 3629883.79   24 3518 7378467.84 3626479.28  50.9%  3282 10491s
H 8972  5135                    7374959.0959 3626479.28  50.8%  3281 10491s
H 8980  5135                    7353745.4562 3626479.28  50.7%  3283 10491s
  9223  5713 3630046.63   25 3284 7353745.46 3626504.36  50.7%  3371 10749s
H 9263  5713                    7337066.0205 3626504.36  50.6%  3364 10749s
  9518  5713 3630046.63   26 3438 7337066.02 3626504.36  50.6%  3349 10750s
  9803  6028 3630238.95   24 3311 7337066.02 3626504.37  50.6%  3371 11212s
H 9808  6028                    7332855.5245 3626504.37  50.5%  3369 11212s
 10121  6496 3630476.39   30 3426 7332855.52 3626522.14  50.5%  3400 11393s
 10589  6528 3630591.83   29 3203 7332855.52 3626604.36  50.5%  3424 11765s
H10590  6528                    7324066.4143 3626604.36  50.5%  3423 11765s
H10618  6528                    7314791.1904 3626640.99  50.4%  3505 11766s
 10621  6789 3630414.14   24 3364 7314791.19 3626641.03  50.4%  3519 12389s
 10638  6789 3630410.27   21 3426 7314791.19 3626641.03  50.4%  3520 12390s
H10795  6789                    7314791.1628 3626641.60  50.4%  3551 12391s
 10888  6822 3630471.21   25 3340 7314791.16 3626641.60  50.4%  3569 12935s
H10894  6822                    7313154.3342 3626641.60  50.4%  3585 12935s
H10912  6822                    7291544.8713 3626706.23  50.3%  3638 12936s
H10921  6972                    7276008.9749 3626710.53  50.2%  3659 13389s
H10945  6972                    7217641.2741 3626710.53  49.8%  3663 13389s
 11000  6972 3630543.92   25 3299 7217641.27 3626711.14  49.8%  3681 13390s
 11071  7004 3630593.31   22 3285 7217641.27 3626724.49  49.8%  3717 14069s
H11078  7004                    7210964.5605 3626724.65  49.7%  3736 14069s
 11078  7004 3676492.42   24 3327 7210964.56 3626724.65  49.7%  3740 14070s
H11093  7004                    7184890.5845 3626776.99  49.5%  3780 14070s
H11103  7176                    7182276.1978 3626776.99  49.5%  3803 14517s
H11118  7176                    7178299.6690 3626776.99  49.5%  3806 14517s
H11129  7176                    7158280.3672 3626776.99  49.3%  3812 14517s
H11145  7176                    7156054.7010 3626776.99  49.3%  3817 14517s
H11275  7350                    7132719.6973 3626837.16  49.2%  3858 15651s
H11311  7350                    7123448.7225 3626837.77  49.1%  3871 15652s
H11393  7350                    7116781.5758 3626851.56  49.0%  3904 15653s
H11449  7439                    7112150.0302 3626890.95  49.0%  3908 16168s
H11452  7439                    7112006.5389 3626890.95  49.0%  3914 16168s
H11482  7439                    7109130.7134 3626891.39  49.0%  3927 16168s
 11535  7439 3630758.60   23 3144 7109130.71 3626908.00  49.0%  3962 16170s
 11538  7606 3676559.92   26 3342 7109130.71 3626909.48  49.0%  3966 16370s
H11582  7606                    7107493.8572 3626968.76  49.0%  3986 16370s
 11705  7815 3630758.62   23 3272 7107493.86 3626974.32  49.0%  4020 16847s
H11756  7815                    7104040.4702 3626979.47  48.9%  4028 16847s
 11916  8256 3631242.67   28 3248 7104040.47 3626995.82  48.9%  4064 17539s
H11945  8256                    7100850.7005 3626995.82  48.9%  4057 17539s
H12051  8256                    7087372.6132 3626995.82  48.8%  4044 17539s
 12123  8256 3631242.67   34 3315 7087372.61 3627001.38  48.8%  4040 17540s
H12137  8256                    7071890.4008 3627001.38  48.7%  4036 17540s
 12357  8656 3630758.62   23 3443 7071890.40 3627012.88  48.7%  4020 18076s
H12380  8656                    7068700.6311 3627013.10  48.7%  4015 18077s
H12532  8656                    7055222.5438 3627018.00  48.6%  4021 18077s
H12759  9338                    7052032.7741 3627022.11  48.6%  4026 18904s
 12999  9338 3631355.88   32 3335 7052032.77 3627092.59  48.6%  4000 18905s
 13443  9685 3647713.52   25 3418 7052032.77 3627116.93  48.6%  3937 20142s
H13528  9685                    7038860.7729 3627123.52  48.5%  3931 20142s
H13785  9685                    7026886.2263 3627144.13  48.4%  3924 20144s
 13798 10124 3631242.68   29 3387 7026886.23 3627144.14  48.4%  3932 21774s
H13811 10124                    7003127.8532 3627144.14  48.2%  3932 21774s
 14081 10124 3631242.67   37 3314 7003127.85 3627249.74  48.2%  3908 21776s
 14241 10785 3631242.67   34 3272 7003127.85 3627257.41  48.2%  3899 23227s
H14487 10785                    6972114.8561 3627257.50  48.0%  3863 23228s
H14820 10785                    6765694.3694 3627266.24  46.4%  3820 23230s
 14912 11843 3631460.20   50 3279 6765694.37 3627266.24  46.4%  3812 24311s
 15978 12035 3675383.73   23 3372 6765694.37 3627287.71  46.4%  3641 26669s
 15983 12035 3652983.33   22 3442 6765694.37 3627314.71  46.4%  3649 26670s
H15984 12035                    6764206.3183 3627314.71  46.4%  3649 26670s
H16007 12035                    6736467.0336 3627319.49  46.2%  3658 26670s
 16173 13089 3631355.88   38 3284 6736467.03 3627360.81  46.2%  3669 28101s
H16455 13089                    6709896.7283 3627370.08  45.9%  3623 28102s
 17236 13861 3631240.09   28 3443 6709896.73 3627513.84  45.9%  3526 29171s
H17305 13861                    6708408.6772 3627513.84  45.9%  3518 29171s
H17359 13861                    6685741.9054 3627513.84  45.7%  3512 29172s
H18018 14165                    6663782.9754 3628052.19  45.6%  3449 32231s
H18057 14165                    6662294.9243 3628391.06  45.5%  3456 32232s
 18309 14165 3631243.96   26 3312 6662294.92 3628833.04  45.5%  3475 32235s
 18322 15069 3650706.35   29 3319 6662294.92 3628833.04  45.5%  3475 33201s
H18347 15069                    6660509.2630 3628833.04  45.5%  3471 33201s
H18492 15069                    6660330.6968 3628833.04  45.5%  3463 33202s
H18700 15069                    6658723.6016 3628853.65  45.5%  3440 33202s
H19149 15069                    6657663.3787 3628998.95  45.5%  3401 33205s
H19175 15069                    6657345.8550 3628998.95  45.5%  3398 33205s
 19238 15605 3631240.08   25 3269 6657345.85 3628998.95  45.5%  3393 35677s
H19440 15605                    6652684.3682 3628998.96  45.5%  3387 35678s
 19774 15713 3631240.09   29 3428 6652684.37 3628998.96  45.5%  3368 38478s
H19782 15713                    6649204.6195 3628998.96  45.4%  3371 38478s
 19884 16396 3644023.55   28 3262 6649204.62 3629038.21  45.4%  3388 40883s
 20569 16707 3631240.09   26 3415 6649204.62 3629157.65  45.4%  3350 43733s
 20683 16707 3631240.09   27 3472 6649204.62 3629157.65  45.4%  3356 43735s
 20884 17548 3658337.75   24 3290 6649204.62 3629157.65  45.4%  3365 46046s
 21727 18722 3648324.11   34 3726 6649204.62 3629239.51  45.4%  3301 48212s
 22906 19757 3631355.88   34 3372 6649204.62 3629311.92  45.4%  3193 51392s
H23424 19757                    6646827.9043 3629311.92  45.4%  3149 51394s
 23613 19757 3631242.68   33 3252 6646827.90 3629311.92  45.4%  3136 51395s
 23941 21039 3631242.68   36 3314 6646827.90 3629311.92  45.4%  3110 53564s
 24634 21039 3635002.63   25 3420 6646827.90 3629311.92  45.4%  3052 53566s
 25237 22438 3631242.68   35 3257 6646827.90 3629311.92  45.4%  3009 55231s
 26642 23628 3631458.73   36 3522 6646827.90 3629323.98  45.4%  2896 58283s
 27510 23628 3631839.63   41 3359 6646827.90 3629335.92  45.4%  2849 58286s
 27874 24777 3631269.59   42 3359 6646827.90 3629338.06  45.4%  2829 62923s
H28036 24777                    6642196.3586 3629338.91  45.4%  2818 62924s
 28154 24777 3631488.12   46 3471 6642196.36 3629339.20  45.4%  2810 62925s
 29023 26131 3631256.24   40 3277 6642196.36 3629341.96  45.4%  2750 67369s
 29448 26131 3631280.49   45 3357 6642196.36 3629348.05  45.4%  2723 67370s
 30392 26887 3631432.10   29 3438 6642196.36 3629388.14  45.4%  2676 70789s
 31154 27663 3631357.52   35 3380 6642196.36 3629426.76  45.4%  2646 74747s
 31946 29125 3631381.90   46 3335 6642196.36 3629451.27  45.4%  2616 78450s
 33416 30077 3631240.09   26 3449 6642196.36 3629456.35  45.4%  2537 83812s
 34376 31423 3631243.96   26 3530 6642196.36 3629460.20  45.4%  2502 86074s
 35734 31827 3631799.13   27 3634 6642196.36 3629539.73  45.4%  2445 91342s
 36144 32643 3631571.93   38 3267 6642196.36 3629653.23  45.4%  2447 99070s
 36970 34004 3631240.09   26 3442 6642196.36 3629683.92  45.4%  2428 103008s
 37692 34004 3631240.09   33 3323 6642196.36 3629683.92  45.4%  2401 103010s
H37884 34004                    6642196.3572 3629683.92  45.4%  2393 103011s
 38349 34036 3631240.09   35 3350 6642196.36 3629688.49  45.4%  2377 104084s

Cutting planes:
  Gomory: 132
  Lift-and-project: 74
  Cover: 32
  Implied bound: 345
  MIR: 1459
  StrongCG: 1
  Flow cover: 12835
  GUB cover: 77
  Inf proof: 7
  Zero half: 17
  RLT: 159
  Relax-and-lift: 128
  PSD: 1

Explored 38381 nodes (92755810 simplex iterations) in 104088.92 seconds (20079.65 work units)
Thread count was 32 (of 32 available processors)

Solution count 10: 6.6422e+06 6.6422e+06 6.64683e+06 ... 6.66051e+06

Solve interrupted
Warning: max bound violation (8.0676e-05) exceeds tolerance
Best objective 6.642196357237e+06, best bound 3.629793689560e+06, gap 45.3525%
