
Gurobi 12.0.0 (win64) logging started Mon Sep  7 03:42:08 2026

Set parameter LogFile to value "C:\Users\TECNO-MASTER\Desktop\Elmo_infrastructure_sizing_NP-\output\DCH_septiembre\Bateria_353\Costo_variable\Carga_libre\Carga_on_board_variable_3estaciones_P160kW_Descomp/station_2_d182\gurobi.log"
Set parameter Threads to value 1
Set parameter Heuristics to value 0.5
Set parameter MIPFocus to value 3
Set parameter Presolve to value 2
Set parameter FlowCoverCuts to value 2
Set parameter TimeLimit to value 1200
Gurobi Optimizer version 12.0.0 build v12.0.0rc1 (win64 - Windows 11+.0 (26200.2))

CPU model: Intel(R) Core(TM) i9-14900K, instruction set [SSE2|AVX|AVX2]
Thread count: 24 physical cores, 32 logical processors, using up to 1 threads

Non-default parameters:
TimeLimit  1200
MIPGap  0.05
Heuristics  0.5
MIPFocus  3
FlowCoverCuts  2
Presolve  2
Threads  1

Optimize a model with 23772 rows, 39247 columns and 115808 nonzeros
Model fingerprint: 0x24625206
Variable types: 18325 continuous, 20922 integer (20921 binary)
Coefficient statistics:
  Matrix range     [1e-01, 2e+02]
  Objective range  [1e-02, 1e+02]
  Bounds range     [1e+00, 2e+00]
  RHS range        [1e+00, 1e+04]
Presolve removed 21412 rows and 28434 columns
Presolve time: 0.20s
Presolved: 2360 rows, 10813 columns, 32026 nonzeros
Variable types: 841 continuous, 9972 integer (9972 binary)
Root relaxation presolved: 2360 rows, 10813 columns, 32026 nonzeros


Root relaxation: objective 1.552115e+05, 3908 iterations, 0.21 seconds (0.20 work units)

    Nodes    |    Current Node    |     Objective Bounds      |     Work
 Expl Unexpl |  Obj  Depth IntInf | Incumbent    BestBd   Gap | It/Node Time

     0     0 155211.459    0  122          - 155211.459      -     -    1s
     0     0 155211.459    0  123          - 155211.459      -     -    2s
     0     0 155211.459    0  111          - 155211.459      -     -    3s
     0     0 155211.459    0  146          - 155211.459      -     -    3s
     0     0 155211.459    0  136          - 155211.459      -     -    4s
     0     0 155211.459    0  134          - 155211.459      -     -    4s
     0     0 155211.459    0  132          - 155211.459      -     -    5s
     0     0 155211.459    0  131          - 155211.459      -     -    5s
H    0     0                    175433.14635 155211.459  11.5%     -    6s
H    0     0                    167541.22929 155211.459  7.36%     -    6s
H    0     0                    166059.77658 155211.459  6.53%     -    6s
H    0     0                    165962.16836 155211.459  6.48%     -    6s
H    0     0                    155226.44145 155211.459  0.01%     -    6s

Cutting planes:
  Gomory: 4
  Lift-and-project: 4
  Cover: 10
  Implied bound: 4
  Clique: 4
  MIR: 7
  Mixing: 1
  Flow cover: 4
  Zero half: 3
  RLT: 2
  Relax-and-lift: 16
  PSD: 8

Explored 1 nodes (24241 simplex iterations) in 6.91 seconds (7.29 work units)
Thread count was 1 (of 32 available processors)

Solution count 5: 155226 165962 166060 ... 175433

Optimal solution found (tolerance 5.00e-02)
Best objective 1.552264414473e+05, best bound 1.552114593290e+05, gap 0.0097%
