
Gurobi 12.0.3 (win64) logging started Fri Feb 20 09:07:24 2026

Set parameter LogFile to value "ELMO_log.txt"
Set parameter Threads to value 24
Set parameter Heuristics to value 0.5
Set parameter MIPFocus to value 3
Set parameter Presolve to value 2
Set parameter FlowCoverCuts to value 2
Gurobi Optimizer version 12.0.3 build v12.0.3rc0 (win64 - Windows 11+.0 (26200.2))

CPU model: Intel(R) Core(TM) i9-14900K, instruction set [SSE2|AVX|AVX2]
Thread count: 24 physical cores, 32 logical processors, using up to 24 threads

Non-default parameters:
TimeLimit  3600
MIPGap  0.05
Heuristics  0.5
MIPFocus  3
FlowCoverCuts  2
Presolve  2
Threads  24

Optimize a model with 224382 rows, 208833 columns and 1024701 nonzeros
Model fingerprint: 0xf23b6d20
Variable types: 57336 continuous, 151497 integer (52131 binary)
Coefficient statistics:
  Matrix range     [1e+00, 4e+02]
  Objective range  [3e+02, 4e+06]
  Bounds range     [1e+00, 1e+00]
  RHS range        [1e+00, 1e+18]
Warning: Model contains large rhs
         Consider reformulating model or setting NumericFocus parameter
         to avoid numerical issues.
Found heuristic solution: objective 9.383633e+10
Presolve removed 209904 rows and 177228 columns
Presolve time: 0.10s
Presolved: 14478 rows, 31605 columns, 112767 nonzeros
Variable types: 4824 continuous, 26781 integer (24627 binary)
Performing another presolve...
Presolve removed 2253 rows and 906 columns (presolve time = 11s)...
Presolve removed 2253 rows and 906 columns
Presolve time: 10.94s
Root relaxation presolve removed 468 rows and 156 columns
Root relaxation presolved: 11757 rows, 30543 columns, 99459 nonzeros

Deterministic concurrent LP optimizer: primal and dual simplex
Showing primal log only...


Root simplex log...

Iteration    Objective       Primal Inf.    Dual Inf.      Time
       0    1.5285119e+11   0.000000e+00   9.345170e+09     11s
   46264    5.0367547e+05   0.000000e+00   0.000000e+00     14s
Concurrent spin time: 0.00s

Solved with primal simplex
   46264    5.0367547e+05   0.000000e+00   0.000000e+00     14s

Root relaxation: objective 5.036755e+05, 46264 iterations, 2.41 seconds (3.84 work units)
Total elapsed time = 13.83s (DegenMoves)

    Nodes    |    Current Node    |     Objective Bounds      |     Work
 Expl Unexpl |  Obj  Depth IntInf | Incumbent    BestBd   Gap | It/Node Time

     0     0 503675.471    0  811 9.3836e+10 503675.471   100%     -   15s
H    0     0                    2.934836e+10 503675.471   100%     -   15s
H    0     0                    1.850327e+10 503675.471   100%     -   15s
H    0     0                    1.833604e+10 503675.471   100%     -   15s
H    0     0                    1.820632e+10 667012.294   100%     -   17s
H    0     0                    1.763831e+10 667012.294   100%     -   17s
H    0     0                    1.734547e+10 667012.294   100%     -   17s
H    0     0                    1.720941e+10 667012.294   100%     -   17s
     0     0 792755.125    0  641 1.7209e+10 792755.125   100%     -   18s
H    0     0                    1.685050e+10 792755.125   100%     -   18s
H    0     0                    3.311116e+09 792755.125   100%     -   19s
     0     0 834022.624    0  731 3.3111e+09 834022.624   100%     -   19s
H    0     0                    2.662985e+09 834022.624   100%     -   19s
H    0     0                    2.526933e+09 834022.624   100%     -   19s
     0     0 996947.267    0  532 2.5269e+09 996947.267   100%     -   19s
     0     0 996947.267    0  450 2.5269e+09 996947.267   100%     -   19s
H    0     0                    5.174051e+08 997199.485   100%     -   21s
H    0     0                    5.010823e+08 997199.485   100%     -   21s
H    0     0                    5.010809e+08 997199.485   100%     -   21s
     0     0 1106908.71    0  399 5.0108e+08 1106908.71   100%     -   22s
H    0     0                    3.571211e+08 1106908.71   100%     -   22s
H    0     0                    3.422536e+08 1106908.71   100%     -   22s
     0     0 1107858.10    0  475 3.4225e+08 1107858.10   100%     -   23s
     0     0 1263728.94    0  553 3.4225e+08 1263728.94   100%     -   25s
     0     0 1264432.13    0  580 3.4225e+08 1264432.13   100%     -   25s
H    0     0                    2.623889e+08 1264432.13   100%     -   26s
     0     0 1264432.13    0  582 2.6239e+08 1264432.13   100%     -   27s
     0     0 1265849.65    0  574 2.6239e+08 1265849.65   100%     -   28s
H    0     0                    2.497317e+08 1265849.65  99.5%     -   30s
H    0     0                    2.392792e+08 1265849.65  99.5%     -   32s
H    0     0                    2.381769e+08 1265849.65  99.5%     -   32s
H    0     0                    2.318080e+08 1265849.65  99.5%     -   33s
H    0     0                    2.028870e+08 1265849.65  99.4%     -   33s
H    0     0                    8.919341e+07 1265849.65  98.6%     -   35s
H    0     0                    6.678200e+07 1265849.65  98.1%     -   37s
H    0     0                    4.327823e+07 1265849.65  97.1%     -   37s
H    0     0                    4.114350e+07 1265849.65  96.9%     -   37s
     4     2 infeasible    2      4.1143e+07 1265849.65  96.9%   487   50s
   110   394 1265849.65   11  305 4.1143e+07 1265849.65  96.9%   838   55s
   424   557 1265849.65   12  201 4.1143e+07 1265849.65  96.9%   366   60s
H  563   556                    2.929197e+07 1265849.65  95.7%   416   61s
   564   558 1265849.65    2  306 2.9292e+07 1265849.65  95.7%   438   72s
   622   699 1265849.65    9  303 2.9292e+07 1265849.65  95.7%   468   75s
H 1229  1219                    5119212.4227 1265849.65  75.3%   364   78s
  1230  1221 infeasible    2      5119212.42 1323383.67  74.1%   365   88s
  1264  1275 1341979.57    8  348 5119212.42 1340496.49  73.8%   385   90s
  1355  1789 1341505.85   11  281 5119212.42 1341207.80  73.8%   391   95s
H 1802  1789                    1550043.3912 1341588.07  13.4%   352   95s
  2861  2872 1343499.73    9  354 1550043.39 1342566.01  13.4%   260  101s
  2885  3623 1343841.82   10  313 1550043.39 1342671.66  13.4%   271  106s
H 3636  3620                    1531058.5755 1342708.20  12.3%   262  106s
  4077  4085 1363500.18   10  274 1531058.58 1343482.10  12.3%   245  110s
  4269  5447 1344772.59   10  303 1531058.58 1344066.91  12.2%   252  117s
H 5463  5447                    1526893.8494 1344241.16  12.0%   240  117s
  5463  5471 1345879.17   14  236 1526893.85 1344241.16  12.0%   232  122s
  5487  8111 1345162.23   12  236 1526893.85 1344459.49  11.9%   234  132s
H 8127  8111                    1521170.6474 1344824.99  11.6%   207  133s
  8127  8135 1346153.11   13  339 1521170.65 1344824.99  11.6%   202  135s
H 9111  9093                    1517598.3350 1345554.26  11.3%   207  140s
  9431  9413 1345893.27   16  214 1517598.34 1345893.27  11.3%   205  157s
  9485  9514 1350445.20   21  238 1517598.34 1348989.59  11.1%   208  160s
  9600  9547 1349930.21   24  175 1517598.34 1349796.73  11.1%   212  167s
  9624  9593 1350549.83   25  179 1517598.34 1349980.00  11.0%   213  170s
H10218  9935                    1515345.3424 1351196.70  10.8%   222  175s
 10229  9946 1354862.48   13  150 1515345.34 1354862.48  10.6%   220  188s
 10283 10043 1355749.23   18  197 1515345.34 1355749.23  10.5%   221  190s
 10394 10079 1356637.86   21  193 1515345.34 1356474.50  10.5%   221  195s
 10918 10054 1356879.13   22  183 1515345.34 1356768.45  10.5%   222  200s
 11166  9816 1357637.98   24  193 1515345.34 1357162.76  10.4%   222  205s
H12190 10475                    1512810.8557 1357638.12  10.3%   225  209s
 12203 10485 1357638.12   15  202 1512810.86 1357638.12  10.3%   226  225s
 12403 10513 1371161.85   24  184 1512810.86 1366596.02  9.67%   229  230s
 12781 10644 1366899.59   31  152 1512810.86 1366899.59  9.65%   227  235s
 13188 11319 1375568.16   37  145 1512810.86 1367901.31  9.58%   228  241s
H13615 11176                    1511186.9975 1367901.31  9.48%   230  241s
 13615 11709 1368033.29   25  233 1511187.00 1367901.52  9.48%   228  245s
 14761 12126 1371483.90   25  194 1511187.00 1368193.04  9.46%   234  253s
 14949 14172 1368844.61   23  201 1511187.00 1368264.62  9.46%   235  261s
H17228 13251                    1499421.1856 1368602.52  8.72%   243  262s
 17269 14365 1368802.18   27  127 1499421.19 1368798.73  8.71%   241  272s
 18493 13896 1368963.62   35  126 1499421.19 1368963.62  8.70%   236  275s
H19027 14124                    1496153.2719 1369361.53  8.47%   237  278s
 19027 14710 1373018.01   24  182 1496153.27 1369361.99  8.47%   236  284s
 19613 15515 1374561.90   28  213 1496153.27 1369749.37  8.45%   240  288s
 20613 15206 1370066.70   27  199 1496153.27 1370018.81  8.43%   243  294s
 20637 18437 1370361.37   28  231 1496153.27 1370300.00  8.41%   243  308s
 23877 17997 1371110.07   30  221 1496153.27 1371074.32  8.36%   249  314s
 24517 18147 1377462.37   26  210 1496153.27 1371290.53  8.35%   248  319s
 24881 18118 1374449.93   26  140 1496153.27 1371290.53  8.35%   247  323s
 25164 19600 1372387.31   28  205 1496153.27 1371659.13  8.32%   246  328s
H26829 19420                    1494581.0817 1371808.96  8.21%   242  328s
 26829 20322 1375837.96   28  181 1494581.08 1371834.08  8.21%   241  336s
 27731 20064 1377691.72   35  179 1494581.08 1371947.92  8.21%   245  342s
 27774 21655 1372319.43   27  207 1494581.08 1372319.43  8.18%   245  351s
 29380 22166 1374171.92   26  166 1494581.08 1372368.74  8.18%   251  360s
 30427 22410 1372689.24   25  189 1494581.08 1372448.02  8.17%   253  371s
 31173 25326 1373116.65   23  220 1494581.08 1372636.29  8.16%   255  386s
H34092 25326                    1493734.1802 1372965.38  8.09%   257  387s
 34092 25946 1373529.02   28  205 1493734.18 1373013.12  8.08%   256  393s
 34712 27872 1375162.24   32  205 1493734.18 1373029.85  8.08%   254  400s
H36638 27872                    1492303.3802 1373188.57  7.98%   251  400s
 36638 30332 1377738.56   29  187 1492303.38 1373229.05  7.98%   250  410s
 39098 30554 1374209.91   30  204 1492303.38 1373347.78  7.97%   257  417s
 40010 32428 1373771.98   21  170 1492303.38 1373527.53  7.96%   258  427s
 41884 32958 1379080.47   22  239 1492303.38 1373793.52  7.94%   259  434s
 42414 33329 1375990.99   32  129 1492303.38 1374046.94  7.92%   260  441s
 42785 37564 1377300.98   26  195 1492303.38 1374210.23  7.91%   260  457s
H47020 37564                    1490890.9597 1374405.81  7.81%   259  458s
 47020 38961 1374656.78   29  189 1490890.96 1374526.51  7.81%   258  468s
 48418 39046 1379922.10   32  172 1490890.96 1375048.93  7.77%   260  476s
 48503 40010 1377483.57   32  145 1490890.96 1375324.97  7.75%   261  486s
 49467 42155 1381329.10   28  144 1490890.96 1375408.28  7.75%   262  499s
H51612 42155                    1488029.3597 1375662.70  7.55%   268  500s
 51612 43143 1379477.23   27  177 1488029.36 1375666.68  7.55%   267  510s
 52600 45985 1380985.04   28  173 1488029.36 1375803.39  7.54%   266  525s
 55444 46009 1379674.21   30  195 1488029.36 1375888.73  7.54%   265  533s
 55468 46710 1381315.93   31  162 1488029.36 1375996.84  7.53%   265  542s
H56169 46710                    1488029.3566 1376033.09  7.53%   266  543s
 56169 46813 1379575.49   25  223 1488029.36 1376066.46  7.52%   266  549s
 56272 52931 1379599.48   22  235 1488029.36 1376166.66  7.52%   266  586s
 62392 54697 1379942.05   30  144 1488029.36 1376429.74  7.50%   260  597s
 64158 55103 1381606.00   31  176 1488029.36 1376581.12  7.49%   262  604s
 64564 55657 1381112.98   28  196 1488029.36 1376716.15  7.48%   263  613s
 65118 56908 1379052.68   36  189 1488029.36 1376763.05  7.48%   265  621s
 66369 59292 1381802.42   37  170 1488029.36 1376824.35  7.47%   267  632s
H68758 59292                    1485783.2824 1377121.01  7.31%   272  633s
 68758 61373 1381924.44   30  158 1485783.28 1377121.01  7.31%   271  646s
 70840 63526 1383152.13   38  199 1485783.28 1377220.02  7.31%   271  656s
 72993 63550 1382112.27   44  189 1485783.28 1377338.87  7.30%   270  663s
 73017 63944 1379477.68   28  171 1485783.28 1377461.94  7.29%   271  668s
 73411 64787 1380646.98   44  178 1485783.28 1377506.28  7.29%   271  676s
H74254 64787                    1484717.2169 1377575.69  7.22%   271  677s
 74254 66843 1378432.36   23  151 1484717.22 1377578.23  7.22%   271  684s
 76310 66867 1378275.38   31  223 1484717.22 1377782.19  7.20%   269  688s
 76334 66893 1378158.96   30  195 1484717.22 1377865.76  7.20%   269  692s
 76360 66971 1380245.06   29  160 1484717.22 1377902.77  7.19%   269  698s
 76438 67018 1378920.82   27  216 1484717.22 1377937.55  7.19%   269  704s
 76485 68455 1378649.93   29  176 1484717.22 1377954.22  7.19%   269  711s
 77922 70475 1379160.47   33  211 1484717.22 1377987.84  7.19%   268  720s
H79944 70475                    1484717.2069 1378064.48  7.18%   266  721s
 79944 70769 1390855.41   35  215 1484717.21 1378103.68  7.18%   266  731s
 80238 74595 1389288.75   35  218 1484717.21 1378248.46  7.17%   266  767s
 84065 76217 1381763.08   28  154 1484717.21 1378383.90  7.16%   272  778s
H85694 76217                    1483297.6626 1378737.86  7.05%   276  779s
 85694 78703 1385720.60   40  194 1483297.66 1378745.65  7.05%   276  794s
 88180 80001 1379238.59   26  117 1483297.66 1378987.62  7.03%   275  799s
 89478 80025 1384531.77   27  192 1483297.66 1379129.23  7.02%   275  805s
 89502 80309 1380151.65   31  155 1483297.66 1379201.20  7.02%   275  810s
 89787 81067 1379527.08   29  194 1483297.66 1379215.98  7.02%   275  816s
 90545 83037 1380303.57   28  189 1483297.66 1379297.62  7.01%   275  824s
 91590 83037 1386287.70   38  104 1483297.66 1379346.22  7.01%   274  825s
 92515 83061 1381332.36   29  181 1483297.66 1379388.12  7.01%   273  831s
 92539 83724 1379450.49   30  201 1483297.66 1379450.49  7.00%   274  839s
H93202 83724                    1483226.9579 1379450.49  7.00%   274  839s
 93202 86035 1381913.59   27  186 1483226.96 1379450.49  7.00%   273  848s
 95513 86059 1382436.09   35  203 1483226.96 1379573.96  6.99%   271  852s
 95537 86083 1379658.19   34  195 1483226.96 1379658.19  6.98%   271  855s
 95795 86999 1385148.62   41  124 1483226.96 1379725.71  6.98%   271  863s
 96477 88156 1380964.97   32  168 1483226.96 1379737.39  6.98%   271  868s
 97634 88443 1380201.63   34  237 1483226.96 1379778.51  6.97%   269  872s
 97921 89255 1379890.00   28  211 1483226.96 1379833.73  6.97%   269  877s
 98733 90965 1383309.06   29  166 1483226.96 1379871.74  6.97%   269  884s
 100443 91790 1387028.83   25  204 1483226.96 1379897.91  6.97%   267  895s
 101269 94886 1380431.03   29  232 1483226.96 1380142.05  6.95%   268  912s
 104365 95486 1384384.17   47  195 1483226.96 1380327.58  6.94%   273  919s
 104965 97181 1385245.15   49  186 1483226.96 1380396.19  6.93%   274  927s
 106661 98007 1381138.23   29  180 1483226.96 1380513.49  6.93%   275  935s
 107487 99587 1386655.09   34  157 1483226.96 1380675.86  6.91%   275  947s
 109067 100685 1387797.24   25  184 1483226.96 1380721.51  6.91%   275  956s
 110165 103321 1386023.23   27  165 1483226.96 1380840.14  6.90%   275  971s
 112801 105297 1382032.49   33  180 1483226.96 1380925.67  6.90%   275  983s
 114777 107630 1381511.29   23  201 1483226.96 1381018.18  6.89%   275  995s
 117111 110159 1381128.91   34  214 1483226.96 1381128.91  6.88%   274 1005s
 119640 111426 1382043.07   29  105 1483226.96 1381211.92  6.88%   271 1011s
 120907 111450 1389314.44   34  205 1483226.96 1381217.83  6.88%   270 1016s
 120931 112096 1385184.34   41  162 1483226.96 1381272.64  6.87%   270 1020s
 121824 113598 1381297.54   36  146 1483226.96 1381288.15  6.87%   270 1030s
 123079 115984 1381302.25   32  142 1483226.96 1381296.37  6.87%   269 1039s
 125465 118040 1392376.46   40  140 1483226.96 1381297.35  6.87%   267 1046s
H127521 118040                    1483129.3852 1381302.09  6.87%   266 1047s
 127521 120326 1383409.74   28  198 1483129.39 1381327.69  6.86%   266 1061s
 129807 120994 1387508.67   55  203 1483129.39 1381494.77  6.85%   268 1069s
 130475 122398 1384866.49   45  193 1483129.39 1381575.49  6.85%   269 1078s
 131879 122910 1388713.33   29  169 1483129.39 1381694.52  6.84%   271 1090s
 132391 123008 1385162.26   44  183 1483129.39 1381732.25  6.84%   271 1102s
 132489 123466 1381824.85   45  201 1483129.39 1381788.51  6.83%   272 1111s
 132947 124432 1383571.27   31  184 1483129.39 1381813.46  6.83%   272 1123s
 133913 126664 1384126.65   33  172 1483129.39 1381841.05  6.83%   273 1138s
 136145 127184 1385221.85   46  186 1483129.39 1381957.54  6.82%   275 1150s
H136667 127184                    1482984.3110 1382043.78  6.81%   276 1150s
 136667 127259 1387396.77   37  157 1482984.31 1382053.98  6.81%   276 1160s
 136742 128812 1388712.11   21  197 1482984.31 1382095.78  6.80%   276 1335s
 138297 137737 1384421.88   24  197 1482984.31 1382156.73  6.80%   276 1405s
 147225 138500 1382515.73   36  237 1482984.31 1382379.26  6.78%   273 1427s
 147989 147657 1388962.94   27  141 1482984.31 1382474.19  6.78%   273 1521s
H157151 147656                    1481976.3959 1382532.87  6.71%   271 1523s
 157151 151521 1382539.05   37  127 1481976.40 1382535.12  6.71%   270 1540s
 161016 153135 1392050.79   37  172 1481976.40 1382541.89  6.71%   268 1547s
 162630 156799 1387098.00   43  173 1481976.40 1382585.39  6.71%   267 1564s
 166294 156823 1385194.82   37  189 1481976.40 1382610.62  6.70%   265 1569s
 166318 156847 1390461.83   41  112 1481976.40 1382623.43  6.70%   266 1575s
 166342 156877 1387584.54   42  131 1481976.40 1382623.43  6.70%   266 1580s
 166372 156933 1388339.71   43  132 1481976.40 1382623.43  6.70%   266 1587s
 166428 157398 1387965.50   39  135 1481976.40 1382639.86  6.70%   266 1595s
 166893 157579 1388417.03   70  110 1481976.40 1382639.86  6.70%   266 1602s
 167074 158141 1382749.93   37   78 1481976.40 1382639.86  6.70%   266 1610s
 167636 159220 1382865.21   39  141 1481976.40 1382639.86  6.70%   266 1616s
 168715 161201 1382639.86   47  174 1481976.40 1382639.86  6.70%   265 1628s
 170696 163209 1391990.50   34  189 1481976.40 1382642.75  6.70%   264 1649s
 172704 166023 1387277.62   32  203 1481976.40 1382680.84  6.70%   266 1671s
 175518 166785 1386270.40   46  187 1481976.40 1382880.62  6.69%   268 1688s
 176280 167396 1388049.00   67  215 1481976.40 1382970.90  6.68%   268 1702s
 176891 167450 1387397.63   36  181 1481976.40 1383044.02  6.68%   269 1721s
 176945 169623 1383934.29   49  177 1481976.40 1383066.58  6.67%   269 1740s
 179130 173613 1392957.62   44  165 1481976.40 1383102.62  6.67%   271 1776s
H183120 173613                    1481976.3854 1383201.53  6.67%   273 1777s
 183120 182092 1383206.63   26  234 1481976.39 1383206.63  6.66%   273 1843s
 191600 182156 1387351.36   26  185 1481976.39 1383664.06  6.63%   270 1854s
 191664 184369 1390382.43   37  134 1481976.39 1383726.88  6.63%   270 1866s
 193880 186066 1389121.43   46  145 1481976.39 1383726.88  6.63%   269 1878s
 195577 188321 1386611.48   37  158 1481976.39 1383803.85  6.62%   268 1890s
 197833 188389 1386107.67   48  115 1481976.39 1383803.85  6.62%   267 1898s
 197901 190068 1390382.43   45   84 1481976.39 1383818.75  6.62%   267 1911s
 199580 195090 1389760.70   47  112 1481976.39 1383818.75  6.62%   267 1938s
 204602 195123 1388440.42   48  164 1481976.39 1383818.75  6.62%   264 1945s
 204635 196502 1386886.84   63  139 1481976.39 1383818.75  6.62%   265 1952s
 206015 198636 1384399.66   64  139 1481976.39 1383818.75  6.62%   264 1964s
 208149 201677 1392958.76   53  161 1481976.39 1383818.75  6.62%   264 1982s
 211190 202446 1383861.56   33  146 1481976.39 1383861.56  6.62%   263 1992s
 211959 202766 1384357.77   34  147 1481976.39 1383905.49  6.62%   263 2007s
 212279 204865 1384614.58   27  207 1481976.39 1383939.84  6.62%   262 2029s
 214378 208116 1383974.28   36  190 1481976.39 1383974.28  6.61%   262 2049s
 216162 208116 1386675.48   31  171 1481976.39 1384017.70  6.61%   261 2050s
 217629 210176 1385806.36   37  225 1481976.39 1384087.74  6.61%   261 2099s
 219689 210559 1384117.26   25  239 1481976.39 1384117.26  6.60%   262 2125s
 220072 215013 1390180.44   46  118 1481976.39 1384282.97  6.59%   262 2174s
 223565 215013 1391978.48   32  214 1481976.39 1384317.15  6.59%   264 2175s
 224527 219449 1393004.00   32  176 1481976.39 1384377.11  6.59%   264 2210s
 228963 222334 1391087.35   30  210 1481976.39 1384607.98  6.57%   266 2237s
 231860 225806 1385578.36   37  223 1481976.39 1384727.49  6.56%   266 2265s
H235332 225806                    1481976.3814 1384865.44  6.55%   268 2266s
 235332 233319 1390078.49   46  103 1481976.38 1384865.44  6.55%   268 2320s
 242855 233343 1389430.50   37  194 1481976.38 1384865.44  6.55%   266 2330s
 242879 234684 1392039.19   33  148 1481976.38 1384953.01  6.55%   266 2347s
 244220 236403 1387871.00   28  213 1481976.38 1384987.44  6.54%   265 2363s
 245939 236427 1389008.97   29  165 1481976.38 1385000.87  6.54%   265 2375s
 245963 236773 1385057.24   45  209 1481976.38 1385019.87  6.54%   265 2387s
 246309 237792 1385203.43   50  192 1481976.38 1385028.30  6.54%   265 2404s
 247328 239400 1385035.71   44  195 1481976.38 1385035.71  6.54%   264 2425s
 248936 240476 1391428.49   29  205 1481976.38 1385040.57  6.54%   264 2442s
 250012 243632 1385728.76   40  198 1481976.38 1385075.59  6.54%   264 2469s
 253168 244091 1393514.21   34  180 1481976.38 1385113.40  6.54%   263 2485s
 253627 247942 1393921.93   31  163 1481976.38 1385183.93  6.53%   263 2515s
 257478 254029 1385669.78   31  120 1481976.38 1385246.10  6.53%   262 2562s
 263566 255986 1388714.87   65  125 1481976.38 1385329.05  6.52%   259 2577s
 265523 256921 1393084.22   41  190 1481976.38 1385402.47  6.52%   258 2587s
 266458 259836 1390953.08   36  216 1481976.38 1385436.53  6.51%   258 2606s
 269373 262062 1388826.44   30  137 1481976.38 1385493.09  6.51%   257 2625s
 271599 262088 1386065.84   30  173 1481976.38 1385554.65  6.51%   256 2633s
 271625 262113 1385574.09   35  192 1481976.38 1385574.09  6.50%   256 2640s
 271650 262137 1387492.82   37  186 1481976.38 1385603.78  6.50%   256 2648s
 271674 262364 1387555.43   28  156 1481976.38 1385611.38  6.50%   256 2658s
 271901 262910 1386566.49   30  189 1481976.38 1385625.58  6.50%   256 2668s
 272447 263907 1391728.62   33  206 1481976.38 1385629.39  6.50%   256 2681s
 273444 265278 1386381.95   48  162 1481976.38 1385654.30  6.50%   256 2694s
 274815 266679 1385655.60   38  158 1481976.38 1385655.60  6.50%   255 2710s
 276216 269408 1385887.46   39  168 1481976.38 1385706.67  6.50%   255 2731s
 278945 272562 1390063.27   42  160 1481976.38 1385753.76  6.49%   254 2767s
 282099 273254 1389471.22   37  202 1481976.38 1385854.03  6.49%   256 2779s
 282791 277049 1395474.39   33  190 1481976.38 1385940.52  6.48%   256 2818s
 286591 279202 1389067.10   32  153 1481976.38 1386065.93  6.47%   257 2850s
 288744 280015 1393361.84   27  149 1481976.38 1386115.07  6.47%   258 2891s
 289557 283645 1386721.79   35  188 1481976.38 1386153.73  6.47%   258 2927s
 293188 284880 1392687.87   36   91 1481976.38 1386198.64  6.46%   259 2947s
 294424 284907 1394175.48   34  182 1481976.38 1386297.54  6.46%   259 2965s
 294451 284949 1394579.75   35  156 1481976.38 1386324.71  6.45%   260 2981s
 294493 285704 1391948.21   33  155 1481976.38 1386362.92  6.45%   260 3002s
 295248 289467 1389947.38   33  186 1481976.38 1386380.24  6.45%   260 3035s
 299014 294811 1388010.61   31  180 1481976.38 1386447.40  6.45%   261 3090s
 304360 294835 1394860.26   44  188 1481976.38 1386494.84  6.44%   259 3114s
 304384 318821 1388600.49   44  177 1481976.38 1386545.50  6.44%   259 3421s
 313384 318821 1395124.57   36  104 1481976.38 1386582.55  6.44%   257 3426s
H328384 318821                    1481976.3779 1386812.15  6.42%   254 3434s
 328384 322657 1390621.00   38  198 1481976.38 1386817.26  6.42%   253 3467s
 332220 329581 1388443.82   28  172 1481976.38 1386876.51  6.42%   252 3525s
 339145 330704 1387456.81   35  160 1481976.38 1386989.39  6.41%   250 3540s
 340268 333069 1389232.15   33  158 1481976.38 1387043.61  6.41%   250 3560s
 342633 333188 1388970.30   32  214 1481976.38 1387091.29  6.40%   249 3570s
 342752 333667 1389134.53   44  160 1481976.38 1387108.18  6.40%   249 3580s
 343231 334963 1393317.28   60  159 1481976.38 1387114.06  6.40%   249 3591s
 344527 335879 1392910.39   32  197 1481976.38 1387129.33  6.40%   248 3600s

Cutting planes:
  Gomory: 41
  Implied bound: 15
  MIR: 6
  Flow cover: 353
  RLT: 21
  Relax-and-lift: 14

Explored 345443 nodes (85883180 simplex iterations) in 3604.48 seconds (1522.43 work units)
Thread count was 24 (of 32 available processors)

Solution count 10: 1.48198e+06 1.48198e+06 1.48198e+06 ... 1.48472e+06

Time limit reached
Best objective 1.481976377899e+06, best bound 1.387146042060e+06, gap 6.3989%
