
Gurobi 13.0.2 (linux64) logging started Wed Aug 19 11:29:11 2026

Set parameter LogFile to value "output/Monolitico_320kW_1dia_verano_mccormick/gurobi.log"
Set parameter Threads to value 32
Set parameter Heuristics to value 0.5
Set parameter MIPFocus to value 3
Set parameter Presolve to value 2
Set parameter FlowCoverCuts to value 2
Set parameter TimeLimit to value 172800
Gurobi Optimizer version 13.0.2 build v13.0.2rc1 (linux64 - "Ubuntu 24.04.4 LTS")

CPU model: Intel(R) Xeon(R) Gold 6130 CPU @ 2.10GHz, instruction set [SSE2|AVX|AVX2|AVX512]
Thread count: 32 physical cores, 64 logical processors, using up to 32 threads

Non-default parameters:
TimeLimit  172800
MIPGap  0.01
Heuristics  0.5
MIPFocus  3
FlowCoverCuts  2
Presolve  2
Threads  32

Optimize a model with 136944 rows, 204880 columns and 970947 nonzeros (Min)
Model fingerprint: 0x271791fd
Model has 934 linear objective coefficients
Variable types: 98655 continuous, 106225 integer (106215 binary)
Coefficient statistics:
  Matrix range     [2e-02, 1e+03]
  Objective range  [3e+00, 1e+06]
  Bounds range     [1e+00, 1e+03]
  RHS range        [1e+00, 4e+05]

Presolve removed 119648 rows and 155562 columns
Presolve time: 1.41s
Presolved: 17296 rows, 49318 columns, 287365 nonzeros
Variable types: 4979 continuous, 44339 integer (44334 binary)
Performing another presolve...
Presolve removed 80 rows and 0 columns
Presolve time: 1.41s
Root relaxation presolve removed 592 rows and 0 columns
Root relaxation presolved: 17364 rows, 49318 columns, 316009 nonzeros

Deterministic concurrent LP optimizer: primal and dual simplex
Showing primal log only...


Root simplex log...

Iteration    Objective       Primal Inf.    Dual Inf.      Time
   22867    4.3253848e+05   1.731731e+02   7.609366e+08      5s
   31098    5.0713910e+06   0.000000e+00   1.755322e+06      6s
Concurrent spin time: 0.34s (can be avoided by choosing Method=3)

Solved with dual simplex

Root simplex log...

Iteration    Objective       Primal Inf.    Dual Inf.      Time
   15950    1.2993482e+06   0.000000e+00   0.000000e+00      6s

Root relaxation: objective 1.299348e+06, 15950 iterations, 2.54 seconds (2.18 work units)
Total elapsed time = 7.43s (DegenMoves)

    Nodes    |    Current Node    |     Objective Bounds      |     Work
 Expl Unexpl |  Obj  Depth IntInf | Incumbent    BestBd   Gap | It/Node Time

     0     0 1318529.71    0  699          - 1318529.71      -     -    9s
H    0     0                    5079560.2450 1899431.41  62.6%     -   12s
     0     0 1899431.41    0  643 5079560.24 1899431.41  62.6%     -   12s
     0     0 1899431.41    0  264 5079560.24 1899431.41  62.6%     -   14s
     0     0 1899431.41    0  301 5079560.24 1899431.41  62.6%     -   15s
     0     0 1899431.41    0  289 5079560.24 1899431.41  62.6%     -   15s
     0     0 1899431.41    0  298 5079560.24 1899431.41  62.6%     -   16s
     0     0 1899431.41    0  252 5079560.24 1899431.41  62.6%     -   18s
H    0     0                    4538115.3500 1899431.41  58.1%     -   19s
H    0     0                    2716328.7746 1899431.41  30.1%     -   19s
     0     0 1899431.41    0  248 2716328.77 1899431.41  30.1%     -   19s
     0     0 1899431.41    0  323 2716328.77 1899431.41  30.1%     -   20s
     0     0 1899431.41    0  243 2716328.77 1899431.41  30.1%     -   22s
     0     0 1899431.41    0  254 2716328.77 1899431.41  30.1%     -   22s
     0     0 1899431.41    0  213 2716328.77 1899431.41  30.1%     -   23s
     0     0 1899431.41    0  213 2716328.77 1899431.41  30.1%     -   25s
     0     0 1899431.41    0  193 2716328.77 1899431.41  30.1%     -   25s
     0     0 1899431.41    0  235 2716328.77 1899431.41  30.1%     -   26s
     0     0 1899431.41    0  172 2716328.77 1899431.41  30.1%     -   27s
     0     0 1899431.41    0  143 2716328.77 1899431.41  30.1%     -   28s
     0     0 1899431.41    0  134 2716328.77 1899431.41  30.1%     -   29s
     0     0 1899431.41    0  134 2716328.77 1899431.41  30.1%     -   31s
     0     0 1899431.41    0  134 2716328.77 1899431.41  30.1%     -   31s
     0     0 1899431.41    0  166 2716328.77 1899431.41  30.1%     -   32s
     0     0 1899431.41    0  166 2716328.77 1899431.41  30.1%     -   33s
     0     0 1899431.41    0  166 2716328.77 1899431.41  30.1%     -   33s
     0     0 1899431.41    0  166 2716328.77 1899431.41  30.1%     -   34s
     0     2 1899431.41    0  132 2716328.77 1899431.41  30.1%     -   39s
     3     8 1899431.41    2  126 2716328.77 1899431.41  30.1%  56.7   40s
    95   169 1899431.41    7   81 2716328.77 1899431.41  30.1%  38.1   45s
H  107   169                    2716318.4236 1899431.41  30.1%  37.0   45s
H  125   169                    2716316.3584 1899431.41  30.1%  35.4   45s
   288   496 1899431.41   26   63 2716316.36 1899431.41  30.1%  27.7   58s
H  304   496                    2716315.5024 1899431.41  30.1%  27.6   58s
   495  2896 1899431.41   32   51 2716315.50 1899431.41  30.1%  22.7   63s
  2896  2897 1899431.41   62 8281 2716315.50 1899431.41  30.1%  15.7   68s
  2898  2898 1899432.27   73  614 2716315.50 1899432.27  30.1%  15.7   76s
  2899  2899 1899432.27   29  313 2716315.50 1899432.27  30.1%  15.7   81s
  2902  2901 1899432.27   94  254 2716315.50 1899432.27  30.1%  15.7   89s
  2903  2902 1899432.27   24  291 2716315.50 1899432.27  30.1%  15.7   92s
  2904  2902 1899432.27   45  198 2716315.50 1899432.27  30.1%  15.6   98s
  2905  2903 1899432.27   48  217 2716315.50 1899432.27  30.1%  15.6  102s
  2906  2904 1899432.27   10  137 2716315.50 1899432.27  30.1%  15.6  107s
  2907  2904 1899432.27   19  154 2716315.50 1899432.27  30.1%  15.6  111s
  2908  2905 1899432.27   28  137 2716315.50 1899432.27  30.1%  15.6  116s
  2909  2906 1899432.27   60  166 2716315.50 1899432.27  30.1%  15.6  121s
  2910  2906 1899432.27   44   85 2716315.50 1899432.27  30.1%  15.6  127s
  2911  2907 1899432.27   67  109 2716315.50 1899432.27  30.1%  15.6  130s
  2913  2908 1899432.27    6   88 2716315.50 1899432.27  30.1%  15.6  137s
  2914  2909 1899432.27   47  100 2716315.50 1899432.27  30.1%  15.6  142s
  2915  2910 1899432.27   54  125 2716315.50 1899432.27  30.1%  15.6  146s
  2916  2910 1899432.27   18   80 2716315.50 1899432.27  30.1%  15.6  151s
  2917  2911 1899432.27   67  110 2716315.50 1899432.27  30.1%  15.6  156s
  2918  2912 1899432.27   50   94 2716315.50 1899432.27  30.1%  15.6  161s
  2919  2912 1899432.27   25   94 2716315.50 1899432.27  30.1%  15.6  168s
  2920  2913 1899432.27    7   94 2716315.50 1899432.27  30.1%  15.6  173s
  2921  2917 1899432.27   16   94 2716315.50 1899432.27  30.1%  59.2  175s
  3015  3058 1899432.27   22   61 2716315.50 1899432.27  30.1%  58.4  181s
  3096  3067 1899432.27   23   62 2716315.50 1899432.27  30.1%  57.2  186s
  3132  3980 1899432.27   26   56 2716315.50 1899432.27  30.1%  56.7  193s
  4057  4267 1899432.27   51   49 2716315.50 1899432.27  30.1%  47.0  203s
  4652  7575 1899432.27   48  120 2716315.50 1899432.27  30.1%  43.2  220s
  8169  9665 1899432.27  163  124 2716315.50 1899432.27  30.1%  33.3  231s
 11456 12950 1899432.27  219  108 2716315.50 1899432.27  30.1%  32.7  239s
 15849 18556 1899432.27  181   85 2716315.50 1899432.27  30.1%  34.5  245s
 21610 18623 1899432.27  206   86 2716315.50 1899432.27  30.1%  31.4  254s
 21643 19401 1899432.27  151   86 2716315.50 1899432.27  30.1%  31.5  259s
 22421 23184 1899432.27  189  109 2716315.50 1899432.27  30.1%  31.6  263s
 26232 24323 1899432.27  235  103 2716315.50 1899432.27  30.1%  30.9  266s
 27376 28278 1899432.27  199   77 2716315.50 1899432.27  30.1%  30.6  270s
 31355 28403 1899432.27  234  163 2716315.50 1899432.27  30.1%  30.0  277s
 31482 36489 1899432.27  161  118 2716315.50 1899432.27  30.1%  30.1  290s
H31737 36489                    1899469.0476 1899432.27  0.00%  29.9  290s
H36328 36489                    1899463.7707 1899432.27  0.00%  29.5  290s

Cutting planes:
  Gomory: 11
  Lift-and-project: 24
  Cover: 10
  MIR: 8
  Flow cover: 21
  GUB cover: 8
  Zero half: 42

Explored 39642 nodes (1251008 simplex iterations) in 291.52 seconds (260.28 work units)
Thread count was 32 (of 64 available processors)

Solution count 9: 1.89946e+06 1.89946e+06 1.89947e+06 ... 5.07956e+06

Optimal solution found (tolerance 1.00e-02)
Best objective 1.899463770651e+06, best bound 1.899432265753e+06, gap 0.0017%
