
Gurobi 12.0.3 (win64) logging started Tue Jul  7 01:07:30 2026

Set parameter LogFile to value "output/DCH_taller_julio/Costo_variable/Ventana_restringida/Carga_on_board_1000kW_Descomp_ventana_carga/station_2_d244_stage1\gurobi.log"
Set parameter Threads to value 5
Set parameter Heuristics to value 0.5
Set parameter MIPFocus to value 3
Set parameter Presolve to value 2
Set parameter FlowCoverCuts to value 2
Set parameter TimeLimit to value 172800
Gurobi Optimizer version 12.0.3 build v12.0.3rc0 (win64 - Windows 11+.0 (26200.2))

CPU model: Intel(R) Core(TM) i9-14900K, instruction set [SSE2|AVX|AVX2]
Thread count: 24 physical cores, 32 logical processors, using up to 5 threads

Non-default parameters:
TimeLimit  172800
MIPGap  0.01
Heuristics  0.5
MIPFocus  3
FlowCoverCuts  2
Presolve  2
Threads  5

Optimize a model with 24331 rows, 37807 columns and 117368 nonzeros
Model fingerprint: 0xe8c2ba3e
Variable types: 18325 continuous, 19482 integer (19481 binary)
Coefficient statistics:
  Matrix range     [1e-01, 1e+03]
  Objective range  [8e-03, 2e+05]
  Bounds range     [1e+00, 1e+00]
  RHS range        [1e+00, 1e+04]
Presolve removed 23088 rows and 28784 columns
Presolve time: 0.15s
Presolved: 1243 rows, 9023 columns, 27354 nonzeros
Variable types: 245 continuous, 8778 integer (8777 binary)
Root relaxation presolved: 1243 rows, 9023 columns, 27354 nonzeros


Use crossover to convert LP symmetric solution to basic solution...

Root relaxation: objective 2.351232e+05, 3570 iterations, 0.07 seconds (0.07 work units)

    Nodes    |    Current Node    |     Objective Bounds      |     Work
 Expl Unexpl |  Obj  Depth IntInf | Incumbent    BestBd   Gap | It/Node Time

     0     0 235123.194    0  184          - 235123.194      -     -    0s
     0     0 365074.338    0  200          - 365074.338      -     -    0s
H    0     0                    522114.70198 365074.338  30.1%     -    0s
H    0     0                    516888.17534 365074.338  29.4%     -    0s
H    0     0                    516794.69819 365074.338  29.4%     -    0s
H    0     0                    516778.73997 365074.338  29.4%     -    1s
H    0     0                    516165.06593 365074.338  29.3%     -    1s
H    0     0                    515508.74997 365074.338  29.2%     -    1s
H    0     0                    515450.80539 365074.338  29.2%     -    1s
H    0     0                    515450.46398 365074.338  29.2%     -    1s
H    0     0                    515394.59351 365074.338  29.2%     -    1s
H    0     0                    508494.20581 366574.930  27.9%     -    1s
H    0     0                    507024.60055 366574.930  27.7%     -    1s
H    0     0                    502664.66538 366574.930  27.1%     -    1s
H    0     0                    495231.92808 366574.930  26.0%     -    1s
H    0     0                    494958.18382 366574.930  25.9%     -    1s
H    0     0                    494891.46194 366574.930  25.9%     -    1s
H    0     0                    494790.70223 366574.930  25.9%     -    1s
     0     0 366574.930    0  144 494790.702 366574.930  25.9%     -    1s
H    0     0                    376130.23091 366574.930  2.54%     -    1s
H    0     0                    375664.05108 366574.930  2.42%     -    1s
H    0     0                    375179.75010 366574.930  2.29%     -    2s
H    0     0                    374863.62563 366574.930  2.21%     -    2s
H    0     0                    374372.84267 366574.930  2.08%     -    2s
H    0     0                    374363.69662 366574.930  2.08%     -    2s
     0     0 366578.403    0  143 374363.697 366578.403  2.08%     -    2s
H    0     0                    374015.95366 366578.404  1.99%     -    2s
     0     0 366578.404    0  119 374015.954 366578.404  1.99%     -    3s
H    0     0                    373928.23493 366578.404  1.97%     -    3s
     0     0 366578.404    0  125 373928.235 366578.404  1.97%     -    3s
     0     0 366952.308    0  111 373928.235 366952.308  1.87%     -    3s
H    0     0                    373387.98332 366952.308  1.72%     -    3s
H    0     0                    371951.60274 366952.308  1.34%     -    4s
H    0     0                    371686.57587 366952.308  1.27%     -    4s
H    0     0                    371473.56555 366952.308  1.22%     -    4s
     0     0 366952.308    0  118 371473.566 366952.308  1.22%     -    4s
H    0     0                    371049.55358 366952.308  1.10%     -    5s
     0     0 366952.308    0  108 371049.554 366952.308  1.10%     -    5s
H    0     0                    370999.86171 366952.308  1.09%     -    5s
H    0     0                    370461.81916 366952.308  0.95%     -    5s
H    0     0                    370435.56401 366952.308  0.94%     -    5s
H    0     0                    370435.49019 366952.308  0.94%     -    5s
H    0     0                    370434.84511 366952.308  0.94%     -    5s
     0     0 366952.308    0  165 370434.845 366952.308  0.94%     -    5s

Cutting planes:
  Gomory: 20
  Lift-and-project: 6
  Cover: 9
  Implied bound: 23
  Clique: 5
  MIR: 6
  Flow cover: 22
  Zero half: 1
  Relax-and-lift: 13

Explored 1 nodes (32130 simplex iterations) in 5.57 seconds (5.59 work units)
Thread count was 5 (of 32 available processors)

Solution count 10: 370435 370435 370436 ... 373388

Optimal solution found (tolerance 1.00e-02)
Best objective 3.704348451133e+05, best bound 3.669523075049e+05, gap 0.9401%
