
Gurobi 12.0.3 (win64) logging started Tue Jun 30 15:28:21 2026

Set parameter LogFile to value "output/DCH_taller_julio/Costo_variable/Carga_on_board_1000kW_Descomp/station_2_d213_stage1\gurobi.log"
Set parameter Threads to value 5
Set parameter Heuristics to value 0.5
Set parameter MIPFocus to value 3
Set parameter Presolve to value 2
Set parameter FlowCoverCuts to value 2
Set parameter TimeLimit to value 172800
Gurobi Optimizer version 12.0.3 build v12.0.3rc0 (win64 - Windows 11+.0 (26200.2))

CPU model: Intel(R) Core(TM) i9-14900K, instruction set [SSE2|AVX|AVX2]
Thread count: 24 physical cores, 32 logical processors, using up to 5 threads

Non-default parameters:
TimeLimit  172800
MIPGap  0.01
Heuristics  0.5
MIPFocus  3
FlowCoverCuts  2
Presolve  2
Threads  5

Optimize a model with 23795 rows, 37807 columns and 116832 nonzeros
Model fingerprint: 0x8329b365
Variable types: 18325 continuous, 19482 integer (19481 binary)
Coefficient statistics:
  Matrix range     [1e-01, 1e+03]
  Objective range  [8e-03, 2e+05]
  Bounds range     [1e+00, 1e+00]
  RHS range        [1e+00, 1e+04]
Presolve removed 20956 rows and 27336 columns
Presolve time: 0.11s
Presolved: 2839 rows, 10471 columns, 32446 nonzeros
Variable types: 821 continuous, 9650 integer (9649 binary)
Root relaxation presolved: 2839 rows, 10471 columns, 32446 nonzeros


Root relaxation: objective 6.835584e+04, 3225 iterations, 0.19 seconds (0.48 work units)

    Nodes    |    Current Node    |     Objective Bounds      |     Work
 Expl Unexpl |  Obj  Depth IntInf | Incumbent    BestBd   Gap | It/Node Time

     0     0 68355.8385    0  452          - 68355.8385      -     -    1s
H    0     0                    575786.52103 80385.6951  86.0%     -    1s
H    0     0                    476420.74431 106460.543  77.7%     -    2s
H    0     0                    439614.76018 106460.543  75.8%     -    2s
H    0     0                    439612.45516 106460.543  75.8%     -    2s
H    0     0                    409571.23758 106460.543  74.0%     -    2s
H    0     0                    396917.68332 106460.543  73.2%     -    2s
H    0     0                    396783.25435 106460.543  73.2%     -    2s
H    0     0                    231934.25790 106460.543  54.1%     -    2s
H    0     0                    231889.69650 106460.543  54.1%     -    2s
     0     0 142791.339    0  334 231889.697 142791.339  38.4%     -    3s
H    0     0                    229841.71838 142791.339  37.9%     -    3s
H    0     0                    229808.94265 142791.339  37.9%     -    3s
H    0     0                    229808.90690 142791.339  37.9%     -    3s
H    0     0                    229804.49947 142791.339  37.9%     -    3s
H    0     0                    229802.44449 142791.339  37.9%     -    3s
     0     0 215422.585    0  338 229802.444 215422.585  6.26%     -    3s
H    0     0                    224796.29308 215460.952  4.15%     -    5s
H    0     0                    224714.89950 215460.952  4.12%     -    5s
H    0     0                    224710.97170 215460.952  4.12%     -    5s
H    0     0                    224634.39425 215460.952  4.08%     -    5s
H    0     0                    223729.65582 215460.952  3.70%     -    5s
H    0     0                    223644.48002 215460.952  3.66%     -    5s
H    0     0                    219189.87490 215460.952  1.70%     -    5s
H    0     0                    218982.64599 215460.952  1.61%     -    5s
H    0     0                    218539.34167 215460.952  1.41%     -    5s
H    0     0                    218498.38138 215460.952  1.39%     -    5s
H    0     0                    218129.32396 215460.952  1.22%     -    5s
H    0     0                    218074.87624 215460.952  1.20%     -    5s
H    0     0                    218066.94384 215460.952  1.20%     -    5s
H    0     0                    218053.94093 215460.952  1.19%     -    5s
     0     0 215596.559    0  364 218053.941 215596.559  1.13%     -    5s
H    0     0                    218038.62601 215596.559  1.12%     -    5s
H    0     0                    217497.28158 215621.757  0.86%     -    6s
H    0     0                    217490.59929 215621.757  0.86%     -    6s
H    0     0                    217490.13002 215621.757  0.86%     -    6s
H    0     0                    217379.51224 215621.757  0.81%     -    6s
H    0     0                    217379.14017 215621.757  0.81%     -    6s
H    0     0                    217371.49277 215621.757  0.80%     -    6s
H    0     0                    217366.74230 215621.757  0.80%     -    6s
H    0     0                    217366.39182 215621.757  0.80%     -    6s
H    0     0                    217339.99396 215621.757  0.79%     -    6s
H    0     0                    217326.97904 215621.757  0.78%     -    6s
     0     0 215646.194    0  384 217326.979 215646.194  0.77%     -    6s

Cutting planes:
  Gomory: 5
  Cover: 3
  Implied bound: 12
  MIR: 25
  Mixing: 11
  Flow cover: 46
  Zero half: 153
  RLT: 2
  Relax-and-lift: 2

Explored 1 nodes (41372 simplex iterations) in 6.87 seconds (10.32 work units)
Thread count was 5 (of 32 available processors)

Solution count 10: 217327 217340 217366 ... 217497

Optimal solution found (tolerance 1.00e-02)
Best objective 2.173269790422e+05, best bound 2.156461943929e+05, gap 0.7734%
