
Gurobi 10.0.0 (win64) logging started Wed Oct  1 20:12:41 2025

Set parameter LogFile to value "ELMO_log.txt"
Set parameter Threads to value 4
Set parameter Heuristics to value 0.8
Gurobi Optimizer version 10.0.0 build v10.0.0rc2 (win64)

CPU model: Intel(R) Core(TM) i9-14900K, instruction set [SSE2|AVX|AVX2]
Thread count: 24 physical cores, 32 logical processors, using up to 4 threads

Optimize a model with 4864 rows, 33040 columns and 52784 nonzeros
Model fingerprint: 0x7a08fa88
Variable types: 1552 continuous, 31488 integer (31488 binary)
Coefficient statistics:
  Matrix range     [5e-01, 7e+03]
  Objective range  [3e-01, 3e-01]
  Bounds range     [1e+00, 7e+03]
  RHS range        [1e+00, 7e+02]
Presolve removed 4803 rows and 32611 columns
Presolve time: 0.03s
Presolved: 61 rows, 429 columns, 1275 nonzeros
Variable types: 9 continuous, 420 integer (420 binary)
Found heuristic solution: objective 6227.8322023

Root relaxation: cutoff, 85 iterations, 0.00 seconds (0.00 work units)

    Nodes    |    Current Node    |     Objective Bounds      |     Work
 Expl Unexpl |  Obj  Depth IntInf | Incumbent    BestBd   Gap | It/Node Time

     0     0     cutoff    0      6227.83220 6227.83220  0.00%     -    0s

Explored 1 nodes (85 simplex iterations) in 0.03 seconds (0.07 work units)
Thread count was 4 (of 32 available processors)

Solution count 1: 6227.83 

Optimal solution found (tolerance 1.00e-02)
Best objective 6.227832202280e+03, best bound 6.227832202280e+03, gap 0.0000%
