
Gurobi 12.0.3 (win64) logging started Tue Jul  7 00:53:04 2026

Set parameter LogFile to value "output/DCH_taller_julio/Costo_fijo/Ventana_restringida/Carga_on_board_640kW_Descomp_ventana_carga/station_1_d152_stage1\gurobi.log"
Set parameter Threads to value 5
Set parameter Heuristics to value 0.5
Set parameter MIPFocus to value 3
Set parameter Presolve to value 2
Set parameter FlowCoverCuts to value 2
Set parameter TimeLimit to value 172800
Gurobi Optimizer version 12.0.3 build v12.0.3rc0 (win64 - Windows 11+.0 (26200.2))

CPU model: Intel(R) Core(TM) i9-14900K, instruction set [SSE2|AVX|AVX2]
Thread count: 24 physical cores, 32 logical processors, using up to 5 threads

Non-default parameters:
TimeLimit  172800
MIPGap  0.01
Heuristics  0.5
MIPFocus  3
FlowCoverCuts  2
Presolve  2
Threads  5

Optimize a model with 23329 rows, 35809 columns and 111338 nonzeros
Model fingerprint: 0xdd109680
Variable types: 17323 continuous, 18486 integer (18485 binary)
Coefficient statistics:
  Matrix range     [1e-01, 6e+02]
  Objective range  [4e-01, 2e+05]
  Bounds range     [1e+00, 1e+00]
  RHS range        [1e+00, 1e+04]
Presolve removed 22092 rows and 27284 columns
Presolve time: 0.08s
Presolved: 1237 rows, 8525 columns, 25866 nonzeros
Variable types: 245 continuous, 8280 integer (8279 binary)
Root relaxation presolved: 1237 rows, 8525 columns, 25866 nonzeros


Use crossover to convert LP symmetric solution to basic solution...

Root relaxation: objective 2.333300e+05, 3320 iterations, 0.04 seconds (0.07 work units)

    Nodes    |    Current Node    |     Objective Bounds      |     Work
 Expl Unexpl |  Obj  Depth IntInf | Incumbent    BestBd   Gap | It/Node Time

     0     0 351573.178    0  105          - 351573.178      -     -    0s
H    0     0                    573869.37524 351573.178  38.7%     -    0s
H    0     0                    411402.36215 351890.749  14.5%     -    0s
     0     0 351890.749    0   75 411402.362 351890.749  14.5%     -    0s
H    0     0                    404111.86919 353796.178  12.5%     -    0s
H    0     0                    398510.79394 353796.178  11.2%     -    1s
H    0     0                    397628.46791 353796.178  11.0%     -    1s
H    0     0                    396650.28393 353796.178  10.8%     -    1s
H    0     0                    396621.15846 353796.178  10.8%     -    1s
H    0     0                    396616.06958 353796.178  10.8%     -    1s
H    0     0                    396559.68141 353796.178  10.8%     -    1s
H    0     0                    396185.75654 353796.178  10.7%     -    1s
H    0     0                    396112.16684 353796.178  10.7%     -    1s
H    0     0                    396076.43881 353796.178  10.7%     -    1s
H    0     0                    395973.17270 353796.178  10.7%     -    1s
H    0     0                    395868.32763 353796.178  10.6%     -    1s
     0     0 354350.309    0   76 395868.328 354350.309  10.5%     -    1s
H    0     0                    362601.46255 354350.312  2.28%     -    1s
     0     0 354852.671    0   75 362601.463 354852.671  2.14%     -    2s
     0     0 354852.671    0   98 362601.463 354852.671  2.14%     -    2s
H    0     0                    359743.92010 354852.671  1.36%     -    2s
H    0     0                    356474.34840 354852.671  0.45%     -    2s
H    0     0                    356469.40147 354852.671  0.45%     -    2s
     0     0 354852.671    0   70 356469.401 354852.671  0.45%     -    2s

Cutting planes:
  Gomory: 39
  Cover: 10
  Implied bound: 17
  Projected implied bound: 5
  Clique: 4
  MIR: 48
  Mixing: 16
  Flow cover: 49
  Zero half: 8
  RLT: 1
  Relax-and-lift: 28

Explored 1 nodes (19387 simplex iterations) in 2.68 seconds (3.27 work units)
Thread count was 5 (of 32 available processors)

Solution count 10: 356469 356474 359744 ... 396560

Optimal solution found (tolerance 1.00e-02)
Best objective 3.564694014678e+05, best bound 3.548526706626e+05, gap 0.4535%
