
Gurobi 12.0.0 (win64) logging started Mon Sep  7 03:45:50 2026

Set parameter LogFile to value "C:\Users\TECNO-MASTER\Desktop\Elmo_infrastructure_sizing_NP-\output\DCH_septiembre\Bateria_353\Costo_variable\Ventana_restringida\Carga_on_board_variable_3estaciones_P640kW_Descomp/station_1_d121\gurobi.log"
Set parameter Threads to value 1
Set parameter Heuristics to value 0.5
Set parameter MIPFocus to value 3
Set parameter Presolve to value 2
Set parameter FlowCoverCuts to value 2
Set parameter TimeLimit to value 1200
Gurobi Optimizer version 12.0.0 build v12.0.0rc1 (win64 - Windows 11+.0 (26200.2))

CPU model: Intel(R) Core(TM) i9-14900K, instruction set [SSE2|AVX|AVX2]
Thread count: 24 physical cores, 32 logical processors, using up to 1 threads

Non-default parameters:
TimeLimit  1200
MIPGap  0.05
Heuristics  0.5
MIPFocus  3
FlowCoverCuts  2
Presolve  2
Threads  1

Optimize a model with 23314 rows, 37249 columns and 110328 nonzeros
Model fingerprint: 0xae881ee6
Variable types: 17323 continuous, 19926 integer (19925 binary)
Coefficient statistics:
  Matrix range     [1e-01, 6e+02]
  Objective range  [8e-03, 1e+02]
  Bounds range     [1e+00, 1e+00]
  RHS range        [1e+00, 1e+04]
Presolve removed 22249 rows and 28480 columns
Presolve time: 0.19s
Presolved: 1065 rows, 8769 columns, 26337 nonzeros
Variable types: 233 continuous, 8536 integer (8536 binary)
Root relaxation presolved: 1065 rows, 8769 columns, 26337 nonzeros


Use crossover to convert LP symmetric solution to basic solution...

Root relaxation: objective 1.532571e+05, 2963 iterations, 0.04 seconds (0.03 work units)

    Nodes    |    Current Node    |     Objective Bounds      |     Work
 Expl Unexpl |  Obj  Depth IntInf | Incumbent    BestBd   Gap | It/Node Time

     0     0 153257.067    0   30          - 153257.067      -     -    0s
H    0     0                    189379.24838 153257.067  19.1%     -    0s
H    0     0                    189194.38075 153257.067  19.0%     -    0s
H    0     0                    174246.46267 153257.067  12.0%     -    0s
H    0     0                    174227.36813 153257.067  12.0%     -    0s
H    0     0                    173186.29065 153257.067  11.5%     -    0s
H    0     0                    173167.84938 153257.067  11.5%     -    0s
H    0     0                    171370.22799 153257.067  10.6%     -    0s
     0     0 153261.722    0   38 171370.228 153261.722  10.6%     -    0s
     0     0 153261.722    0   39 171370.228 153261.722  10.6%     -    1s
     0     0 153261.722    0   41 171370.228 153261.722  10.6%     -    1s
H    0     0                    170465.76044 153261.722  10.1%     -    1s
     0     0 153261.722    0   41 170465.760 153261.722  10.1%     -    1s
     0     0 153261.722    0   40 170465.760 153261.722  10.1%     -    1s
H    0     0                    169592.19171 153261.722  9.63%     -    2s
H    0     0                    169252.56549 153261.722  9.45%     -    2s
H    0     0                    168737.99732 153261.722  9.17%     -    2s
H    0     0                    168541.85458 153261.722  9.07%     -    2s
H    0     0                    166196.96075 153261.722  7.78%     -    2s
     0     0 153261.722    0   44 166196.961 153261.722  7.78%     -    2s
     0     0 153261.722    0   29 166196.961 153261.722  7.78%     -    2s
H    0     0                    166188.07420 153261.722  7.78%     -    2s
H    0     0                    166179.39058 153261.722  7.77%     -    2s
H    0     0                    166146.22535 153261.722  7.75%     -    2s
     0     0 153261.722    0   47 166146.225 153261.722  7.75%     -    3s
     0     0 153261.722    0   38 166146.225 153261.722  7.75%     -    3s
H    0     0                    166136.72237 153261.722  7.75%     -    3s
H    0     0                    166096.78525 153261.722  7.73%     -    3s
H    0     0                    165051.94102 153261.722  7.14%     -    3s
H    0     0                    162091.19649 153261.722  5.45%     -    3s
H    0     0                    162013.36670 153261.722  5.40%     -    3s
     0     2 153261.722    0   38 162013.367 153261.722  5.40%     -    4s
H    8     8                    159213.25969 153261.722  3.74%   397    4s

Cutting planes:
  Gomory: 3
  Lift-and-project: 2
  Cover: 20
  Implied bound: 17
  Projected implied bound: 2
  Clique: 20
  MIR: 80
  Flow cover: 102
  Zero half: 19
  RLT: 5
  Relax-and-lift: 54
  PSD: 14

Explored 9 nodes (17290 simplex iterations) in 4.65 seconds (4.19 work units)
Thread count was 1 (of 32 available processors)

Solution count 10: 159213 162013 162091 ... 166197

Optimal solution found (tolerance 5.00e-02)
Best objective 1.592132596856e+05, best bound 1.532617222147e+05, gap 3.7381%
