
Gurobi 12.0.3 (win64) logging started Tue Jul  7 01:02:32 2026

Set parameter LogFile to value "output/DCH_taller_julio/Costo_variable/Ventana_restringida/Carga_on_board_640kW_Descomp_ventana_carga/station_1_d91_stage1\gurobi.log"
Set parameter Threads to value 5
Set parameter Heuristics to value 0.5
Set parameter MIPFocus to value 3
Set parameter Presolve to value 2
Set parameter FlowCoverCuts to value 2
Set parameter TimeLimit to value 172800
Gurobi Optimizer version 12.0.3 build v12.0.3rc0 (win64 - Windows 11+.0 (26200.2))

CPU model: Intel(R) Core(TM) i9-14900K, instruction set [SSE2|AVX|AVX2]
Thread count: 24 physical cores, 32 logical processors, using up to 5 threads

Non-default parameters:
TimeLimit  172800
MIPGap  0.01
Heuristics  0.5
MIPFocus  3
FlowCoverCuts  2
Presolve  2
Threads  5

Optimize a model with 23329 rows, 35809 columns and 111338 nonzeros
Model fingerprint: 0x27ab909e
Variable types: 17323 continuous, 18486 integer (18485 binary)
Coefficient statistics:
  Matrix range     [1e-01, 6e+02]
  Objective range  [1e-02, 2e+05]
  Bounds range     [1e+00, 1e+00]
  RHS range        [1e+00, 1e+04]
Presolve removed 22092 rows and 27284 columns
Presolve time: 0.10s
Presolved: 1237 rows, 8525 columns, 25866 nonzeros
Variable types: 245 continuous, 8280 integer (8279 binary)
Root relaxation presolved: 1237 rows, 8525 columns, 25866 nonzeros


Use crossover to convert LP symmetric solution to basic solution...

Root relaxation: objective 2.338936e+05, 3378 iterations, 0.05 seconds (0.07 work units)

    Nodes    |    Current Node    |     Objective Bounds      |     Work
 Expl Unexpl |  Obj  Depth IntInf | Incumbent    BestBd   Gap | It/Node Time

     0     0 352662.517    0   58          - 352662.517      -     -    0s
H    0     0                    462306.53598 352662.517  23.7%     -    0s
H    0     0                    359961.63406 352662.517  2.03%     -    0s
H    0     0                    359958.08435 352662.517  2.03%     -    0s
H    0     0                    359945.32141 352662.517  2.02%     -    0s
H    0     0                    359878.22839 352662.517  2.01%     -    0s
H    0     0                    359289.50016 352662.517  1.84%     -    0s
H    0     0                    357060.40858 352662.517  1.23%     -    1s
H    0     0                    356983.07011 352662.517  1.21%     -    1s
H    0     0                    356659.38833 352662.517  1.12%     -    1s
H    0     0                    356658.77359 352662.517  1.12%     -    1s

Cutting planes:
  Gomory: 26
  Cover: 6
  Projected implied bound: 2
  MIR: 17
  Flow cover: 21
  Zero half: 11
  RLT: 1
  Relax-and-lift: 6

Explored 1 nodes (10051 simplex iterations) in 1.23 seconds (1.28 work units)
Thread count was 5 (of 32 available processors)

Solution count 10: 356659 356659 356983 ... 462307

Optimal solution found (tolerance 1.00e-02)
Best objective 3.566587735942e+05, best bound 3.531229182222e+05, gap 0.9914%
