
Gurobi 12.0.3 (win64) logging started Sun Aug 23 17:23:31 2026

Set parameter LogFile to value "C:\Users\TECNO-MASTER\Desktop\Elmo_infrastructure_sizing_NP-\output\DCH_agosto\Costo_variable\Carga_libre\Carga_on_board_variable_3estaciones_P1000kW_Descomp/station_2_d244_stage1\gurobi.log"
Set parameter Threads to value 1
Set parameter Heuristics to value 0.5
Set parameter MIPFocus to value 3
Set parameter Presolve to value 2
Set parameter FlowCoverCuts to value 2
Set parameter TimeLimit to value 172800
Gurobi Optimizer version 12.0.3 build v12.0.3rc0 (win64 - Windows 11+.0 (26200.2))

CPU model: Intel(R) Core(TM) i9-14900K, instruction set [SSE2|AVX|AVX2]
Thread count: 24 physical cores, 32 logical processors, using up to 1 threads

Non-default parameters:
TimeLimit  172800
MIPGap  0.01
Heuristics  0.5
MIPFocus  3
FlowCoverCuts  2
Presolve  2
Threads  1

Optimize a model with 23772 rows, 39247 columns and 116710 nonzeros
Model fingerprint: 0x7c092241
Variable types: 18325 continuous, 20922 integer (20921 binary)
Coefficient statistics:
  Matrix range     [1e-01, 1e+03]
  Objective range  [8e-03, 2e+05]
  Bounds range     [1e+00, 3e+00]
  RHS range        [1e+00, 1e+04]
Presolve removed 20876 rows and 28441 columns
Presolve time: 0.31s
Presolved: 2896 rows, 10806 columns, 34238 nonzeros
Variable types: 841 continuous, 9965 integer (9873 binary)
Root relaxation presolved: 2896 rows, 10806 columns, 34238 nonzeros


Root relaxation: objective 4.904746e+04, 4232 iterations, 0.59 seconds (0.62 work units)

    Nodes    |    Current Node    |     Objective Bounds      |     Work
 Expl Unexpl |  Obj  Depth IntInf | Incumbent    BestBd   Gap | It/Node Time

     0     0 49047.4570    0  428          - 49047.4570      -     -    2s
     0     0 74018.0015    0  253          - 74018.0015      -     -    3s
H    0     0                    431055.16853 83212.2124  80.7%     -    4s
H    0     0                    408760.71504 83212.2124  79.6%     -    4s
H    0     0                    408721.40400 83212.2124  79.6%     -    4s
H    0     0                    215804.16203 83212.2124  61.4%     -    4s
H    0     0                    215610.74876 83212.2124  61.4%     -    4s
H    0     0                    215559.60017 83212.2124  61.4%     -    4s
H    0     0                    215495.99265 83212.2124  61.4%     -    4s
H    0     0                    215207.51163 83212.2124  61.3%     -    4s
H    0     0                    215140.04449 83212.2124  61.3%     -    4s
     0     0 83212.2124    0  256 215140.044 83212.2124  61.3%     -    4s
     0     0 83212.2124    0  267 215140.044 83212.2124  61.3%     -    5s
H    0     0                    215115.46759 83212.2124  61.3%     -    5s
     0     0 83212.2124    0  267 215115.468 83212.2124  61.3%     -    5s
     0     0 83212.2124    0  267 215115.468 83212.2124  61.3%     -    6s
     0     0 83212.2124    0  267 215115.468 83212.2124  61.3%     -    7s
H    0     0                    215077.59553 83212.2124  61.3%     -    8s
H    0     0                    214922.11690 83212.2124  61.3%     -    8s
H    0     0                    214913.41565 83212.2124  61.3%     -    8s
H    0     0                    214747.67802 83212.2124  61.3%     -    8s
H    0     0                    214689.25516 83212.2124  61.2%     -    8s
H    0     0                    214688.90813 83212.2124  61.2%     -    8s
H    0     0                    214608.58536 83212.2124  61.2%     -    8s
H    0     0                    214197.88049 83212.2124  61.2%     -    9s
H    0     0                    214124.76523 83212.2124  61.1%     -    9s
H    0     0                    214093.05911 83212.2124  61.1%     -    9s
     0     2 83213.6981    0  260 214093.059 83213.6981  61.1%     -    9s
     2     2 211737.995    1  299 214093.059 211737.995  1.10%  7776   10s
H    9     7                    213509.29631 211738.006  0.83%  2160   11s

Cutting planes:
  Gomory: 3
  Cover: 45
  Implied bound: 185
  Clique: 34
  MIR: 311
  Mixing: 61
  StrongCG: 1
  Flow cover: 625
  Zero half: 83
  Mod-K: 1
  RLT: 8
  Relax-and-lift: 177

Explored 10 nodes (41745 simplex iterations) in 11.55 seconds (12.84 work units)
Thread count was 1 (of 32 available processors)

Solution count 10: 213509 214093 214125 ... 214922

Optimal solution found (tolerance 1.00e-02)
Best objective 2.135092963092e+05, best bound 2.117380079989e+05, gap 0.8296%
