
Gurobi 10.0.0 (win64) logging started Mon Jul 27 23:52:24 2026

Set parameter LogFile to value "output/Taller_DET_Agosto_Carga_ob_Descomp/station_1_d182_stage1\gurobi.log"
Set parameter Threads to value 1
Set parameter Heuristics to value 0.5
Set parameter MIPFocus to value 3
Set parameter Presolve to value 2
Set parameter FlowCoverCuts to value 2
Set parameter TimeLimit to value 172800
Gurobi Optimizer version 10.0.0 build v10.0.0rc2 (win64)

CPU model: 11th Gen Intel(R) Core(TM) i7-1165G7 @ 2.80GHz, instruction set [SSE2|AVX|AVX2|AVX512]
Thread count: 4 physical cores, 8 logical processors, using up to 1 threads

Optimize a model with 52824 rows, 86080 columns and 410688 nonzeros
Model fingerprint: 0xc0e66836
Variable types: 40718 continuous, 45362 integer (45361 binary)
Coefficient statistics:
  Matrix range     [1e-01, 3e+02]
  Objective range  [4e-01, 9e+04]
  Bounds range     [1e+00, 3e+00]
  RHS range        [1e+00, 3e+04]
Presolve removed 49070 rows and 63995 columns
Presolve time: 2.12s
Presolved: 3754 rows, 22085 columns, 135238 nonzeros
Variable types: 506 continuous, 21579 integer (21411 binary)
Root relaxation presolve removed 18 rows and 18 columns
Root relaxation presolved: 3736 rows, 22067 columns, 135202 nonzeros


Root relaxation: objective 3.556878e+05, 6658 iterations, 0.99 seconds (0.60 work units)
Total elapsed time = 6.17s

    Nodes    |    Current Node    |     Objective Bounds      |     Work
 Expl Unexpl |  Obj  Depth IntInf | Incumbent    BestBd   Gap | It/Node Time

     0     0 355687.809    0  311          - 355687.809      -     -    7s
     0     0 369151.298    0  176          - 369151.298      -     -    7s
H    0     0                    434041.87641 369151.298  15.0%     -    7s
H    0     0                    434010.12879 369151.298  14.9%     -    7s
     0     0 369151.298    0  128 434010.129 369151.298  14.9%     -   11s
     0     0 369151.298    0  125 434010.129 369151.298  14.9%     -   12s
     0     0 369151.298    0  125 434010.129 369151.298  14.9%     -   14s
     0     0 369151.298    0  141 434010.129 369151.298  14.9%     -   15s
     0     0 369151.298    0  152 434010.129 369151.298  14.9%     -   19s
     0     0 369151.298    0  162 434010.129 369151.298  14.9%     -   20s
     0     0 369151.298    0  135 434010.129 369151.298  14.9%     -   23s
     0     0 369151.298    0  135 434010.129 369151.298  14.9%     -   25s
H    0     0                    419582.96267 369151.298  12.0%     -   26s
H    0     0                    408607.54266 369151.298  9.66%     -   28s
H    0     0                    402631.51796 369151.298  8.32%     -   29s
H    0     0                    399904.47698 369151.298  7.69%     -   29s
H    0     0                    398976.72302 369151.298  7.48%     -   31s
     0     2 395243.126    0   42 398976.723 395243.126  0.94%     -   31s

Cutting planes:
  Gomory: 4
  Lift-and-project: 7
  Cover: 8
  MIR: 2
  Flow cover: 3
  GUB cover: 1

Explored 1 nodes (36718 simplex iterations) in 31.43 seconds (14.30 work units)
Thread count was 1 (of 8 available processors)

Solution count 7: 398977 399904 402632 ... 434042

Optimal solution found (tolerance 1.00e-02)
Best objective 3.989767230220e+05, best bound 3.952431258404e+05, gap 0.9358%
