
Gurobi 12.0.3 (win64) logging started Tue Jul  7 18:04:03 2026

Set parameter LogFile to value "output/DCH_taller_julio/Costo_variable/Ventana_restringida/Carga_on_board_1000kW_Descomp_ventana_carga/station_3_d244_stage1\gurobi.log"
Set parameter Threads to value 5
Set parameter Heuristics to value 0.5
Set parameter MIPFocus to value 3
Set parameter Presolve to value 2
Set parameter FlowCoverCuts to value 2
Set parameter TimeLimit to value 172800
Gurobi Optimizer version 12.0.3 build v12.0.3rc0 (win64 - Windows 11+.0 (26200.2))

CPU model: Intel(R) Core(TM) i9-14900K, instruction set [SSE2|AVX|AVX2]
Thread count: 24 physical cores, 32 logical processors, using up to 5 threads

Non-default parameters:
TimeLimit  172800
MIPGap  0.01
Heuristics  0.5
MIPFocus  3
FlowCoverCuts  2
Presolve  2
Threads  5

Optimize a model with 23329 rows, 35809 columns and 111338 nonzeros
Model fingerprint: 0x69a86b8f
Variable types: 17323 continuous, 18486 integer (18485 binary)
Coefficient statistics:
  Matrix range     [1e-01, 1e+03]
  Objective range  [8e-03, 2e+05]
  Bounds range     [1e+00, 1e+00]
  RHS range        [1e+00, 1e+04]
Presolve removed 22092 rows and 27284 columns
Presolve time: 0.34s
Presolved: 1237 rows, 8525 columns, 25866 nonzeros
Variable types: 245 continuous, 8280 integer (8279 binary)
Root relaxation presolved: 1237 rows, 8525 columns, 25866 nonzeros


Use crossover to convert LP symmetric solution to basic solution...

Root relaxation: objective 1.807738e+05, 3233 iterations, 0.13 seconds (0.06 work units)

    Nodes    |    Current Node    |     Objective Bounds      |     Work
 Expl Unexpl |  Obj  Depth IntInf | Incumbent    BestBd   Gap | It/Node Time

     0     0 180773.758    0  182          - 180773.758      -     -    1s
     0     0 202084.482    0  145          - 202084.482      -     -    1s
H    0     0                    419640.89163 202084.482  51.8%     -    1s
H    0     0                    416680.35286 202084.482  51.5%     -    1s
H    0     0                    412889.72704 202084.482  51.1%     -    1s
H    0     0                    412881.30497 202084.482  51.1%     -    1s
H    0     0                    406055.57053 202084.482  50.2%     -    1s
H    0     0                    267308.02375 211076.000  21.0%     -    1s
H    0     0                    265824.98133 211076.000  20.6%     -    1s
H    0     0                    258060.38704 211076.000  18.2%     -    1s
H    0     0                    257953.33909 211076.000  18.2%     -    1s
H    0     0                    256778.09756 211076.000  17.8%     -    1s
H    0     0                    256767.35234 211076.000  17.8%     -    1s
H    0     0                    255162.85757 211076.000  17.3%     -    1s
H    0     0                    255054.53195 211076.000  17.2%     -    1s
     0     0 220806.085    0   88 255054.532 220806.085  13.4%     -    3s
H    0     0                    241198.36493 220806.085  8.45%     -    3s
H    0     0                    241015.34132 220806.085  8.39%     -    3s
H    0     0                    237712.88815 220806.085  7.11%     -    4s
H    0     0                    232259.73240 220806.085  4.93%     -    4s
H    0     0                    229591.29943 220806.085  3.83%     -    4s
H    0     0                    227594.47408 220806.085  2.98%     -    4s
     0     0 220806.085    0  102 227594.474 220806.085  2.98%     -    4s
H    0     0                    225505.34057 220806.085  2.08%     -    4s
     0     0 220806.085    0  107 225505.341 220806.085  2.08%     -    4s
     0     0 220806.085    0  121 225505.341 220806.085  2.08%     -    6s
H    0     0                    225479.15664 220806.085  2.07%     -    7s
H    0     0                    225453.40358 220806.085  2.06%     -    7s
H    0     0                    225225.76744 220806.085  1.96%     -    7s
H    0     0                    225215.25642 220806.085  1.96%     -    7s
H    0     0                    225213.75648 220806.085  1.96%     -    7s
H    0     0                    222904.07303 220806.085  0.94%     -    7s

Cutting planes:
  Gomory: 20
  Cover: 8
  Implied bound: 9
  Projected implied bound: 1
  Clique: 2
  MIR: 3
  Flow cover: 7
  Zero half: 8
  RLT: 1
  Relax-and-lift: 17

Explored 1 nodes (21158 simplex iterations) in 7.41 seconds (3.29 work units)
Thread count was 5 (of 32 available processors)

Solution count 10: 222904 225214 225215 ... 232260

Optimal solution found (tolerance 1.00e-02)
Best objective 2.229040730282e+05, best bound 2.208060852059e+05, gap 0.9412%
