
Gurobi 12.0.3 (win64) logging started Tue Jul  7 01:02:50 2026

Set parameter LogFile to value "output/DCH_taller_julio/Costo_variable/Ventana_restringida/Carga_on_board_640kW_Descomp_ventana_carga/station_1_d274_stage1\gurobi.log"
Set parameter Threads to value 5
Set parameter Heuristics to value 0.5
Set parameter MIPFocus to value 3
Set parameter Presolve to value 2
Set parameter FlowCoverCuts to value 2
Set parameter TimeLimit to value 172800
Gurobi Optimizer version 12.0.3 build v12.0.3rc0 (win64 - Windows 11+.0 (26200.2))

CPU model: Intel(R) Core(TM) i9-14900K, instruction set [SSE2|AVX|AVX2]
Thread count: 24 physical cores, 32 logical processors, using up to 5 threads

Non-default parameters:
TimeLimit  172800
MIPGap  0.01
Heuristics  0.5
MIPFocus  3
FlowCoverCuts  2
Presolve  2
Threads  5

Optimize a model with 23299 rows, 35809 columns and 111278 nonzeros
Model fingerprint: 0xc246e034
Variable types: 17323 continuous, 18486 integer (18485 binary)
Coefficient statistics:
  Matrix range     [1e-01, 6e+02]
  Objective range  [4e-03, 2e+05]
  Bounds range     [1e+00, 1e+00]
  RHS range        [1e+00, 1e+04]
Presolve removed 22062 rows and 27285 columns
Presolve time: 0.09s
Presolved: 1237 rows, 8524 columns, 25866 nonzeros
Variable types: 244 continuous, 8280 integer (8279 binary)
Root relaxation presolved: 1237 rows, 8524 columns, 25866 nonzeros


Use crossover to convert LP symmetric solution to basic solution...

Root relaxation: objective 1.721259e+05, 3124 iterations, 0.04 seconds (0.06 work units)

    Nodes    |    Current Node    |     Objective Bounds      |     Work
 Expl Unexpl |  Obj  Depth IntInf | Incumbent    BestBd   Gap | It/Node Time

     0     0 311277.426    0   74          - 311277.426      -     -    0s
H    0     0                    395313.89101 311277.426  21.3%     -    0s
H    0     0                    393895.20130 311277.426  21.0%     -    0s
H    0     0                    393733.87629 311277.426  20.9%     -    0s
H    0     0                    393727.52431 311277.426  20.9%     -    0s
H    0     0                    393726.36557 311277.426  20.9%     -    0s
H    0     0                    393717.41848 311277.426  20.9%     -    0s
H    0     0                    393551.68406 311343.397  20.9%     -    0s
     0     0 311343.397    0   63 393551.684 311343.397  20.9%     -    0s
H    0     0                    393508.87490 311343.397  20.9%     -    0s
H    0     0                    393355.92812 311343.397  20.8%     -    0s
H    0     0                    393281.91503 311343.397  20.8%     -    0s
H    0     0                    393168.35841 311343.397  20.8%     -    0s
H    0     0                    393136.82492 311343.397  20.8%     -    0s
H    0     0                    393129.36989 311343.397  20.8%     -    0s
H    0     0                    311481.99293 311343.397  0.04%     -    0s
     0     0 311343.397    0   81 311481.993 311343.397  0.04%     -    0s

Cutting planes:
  Gomory: 6
  Lift-and-project: 4
  Cover: 6
  MIR: 6
  Flow cover: 6
  Zero half: 7
  RLT: 1
  Relax-and-lift: 4

Explored 1 nodes (8410 simplex iterations) in 0.91 seconds (1.17 work units)
Thread count was 5 (of 32 available processors)

Solution count 10: 311482 393129 393137 ... 393726

Optimal solution found (tolerance 1.00e-02)
Best objective 3.114819929297e+05, best bound 3.113433968885e+05, gap 0.0445%
