
Gurobi 12.0.3 (win64) logging started Sun Aug 23 17:25:50 2026

Set parameter LogFile to value "C:\Users\TECNO-MASTER\Desktop\Elmo_infrastructure_sizing_NP-\output\DCH_agosto\Costo_variable\Ventana_restringida\Carga_on_board_variable_3estaciones_P640kW_Descomp/station_2_d335\gurobi.log"
Set parameter Threads to value 1
Set parameter Heuristics to value 0.5
Set parameter MIPFocus to value 3
Set parameter Presolve to value 2
Set parameter FlowCoverCuts to value 2
Set parameter TimeLimit to value 172800
Gurobi Optimizer version 12.0.3 build v12.0.3rc0 (win64 - Windows 11+.0 (26200.2))

CPU model: Intel(R) Core(TM) i9-14900K, instruction set [SSE2|AVX|AVX2]
Thread count: 24 physical cores, 32 logical processors, using up to 1 threads

Non-default parameters:
TimeLimit  172800
MIPGap  0.01
Heuristics  0.5
MIPFocus  3
FlowCoverCuts  2
Presolve  2
Threads  1

Optimize a model with 24286 rows, 39247 columns and 116292 nonzeros
Model fingerprint: 0x249f61dc
Variable types: 18325 continuous, 20922 integer (20921 binary)
Coefficient statistics:
  Matrix range     [1e-01, 6e+02]
  Objective range  [4e-03, 1e+02]
  Bounds range     [1e+00, 3e+00]
  RHS range        [1e+00, 1e+04]
Presolve removed 23215 rows and 29972 columns
Presolve time: 0.20s
Presolved: 1071 rows, 9275 columns, 28670 nonzeros
Variable types: 232 continuous, 9043 integer (8952 binary)
Root relaxation presolved: 1071 rows, 9275 columns, 28670 nonzeros


Use crossover to convert LP symmetric solution to basic solution...

Root relaxation: objective 1.693172e+05, 3002 iterations, 0.05 seconds (0.04 work units)

    Nodes    |    Current Node    |     Objective Bounds      |     Work
 Expl Unexpl |  Obj  Depth IntInf | Incumbent    BestBd   Gap | It/Node Time

     0     0 169317.152    0   50          - 169317.152      -     -    0s
H    0     0                    170358.83709 169317.152  0.61%     -    0s

Explored 1 nodes (4824 simplex iterations) in 0.58 seconds (0.45 work units)
Thread count was 1 (of 32 available processors)

Solution count 1: 170359 

Optimal solution found (tolerance 1.00e-02)
Best objective 1.703588370904e+05, best bound 1.693171515359e+05, gap 0.6115%
