
Gurobi 12.0.0 (win64) logging started Wed Jul  1 13:55:08 2026

Set parameter LogFile to value "output/DCH_taller_julio/Costo_variable/Carga_on_board_320kW_st2_2ch/station_3_d182\gurobi.log"
Set parameter Threads to value 5
Set parameter Heuristics to value 0.5
Set parameter MIPFocus to value 3
Set parameter Presolve to value 2
Set parameter FlowCoverCuts to value 2
Set parameter TimeLimit to value 172800
Gurobi Optimizer version 12.0.0 build v12.0.0rc1 (win64 - Windows 11+.0 (26200.2))

CPU model: Intel(R) Core(TM) i9-14900K, instruction set [SSE2|AVX|AVX2]
Thread count: 24 physical cores, 32 logical processors, using up to 5 threads

Non-default parameters:
TimeLimit  172800
MIPGap  0.01
Heuristics  0.5
MIPFocus  3
FlowCoverCuts  2
Presolve  2
Threads  5

Optimize a model with 22793 rows, 35809 columns and 109900 nonzeros
Model fingerprint: 0xc8a94138
Variable types: 17323 continuous, 18486 integer (18485 binary)
Coefficient statistics:
  Matrix range     [1e-01, 3e+02]
  Objective range  [1e-02, 1e+02]
  Bounds range     [1e+00, 1e+00]
  RHS range        [1e+00, 1e+04]
Presolve removed 20486 rows and 25838 columns
Presolve time: 0.12s
Presolved: 2307 rows, 9971 columns, 29520 nonzeros
Variable types: 821 continuous, 9150 integer (9150 binary)
Root relaxation presolved: 2307 rows, 9971 columns, 29520 nonzeros


Root relaxation: objective 1.305539e+05, 3368 iterations, 0.19 seconds (0.28 work units)

    Nodes    |    Current Node    |     Objective Bounds      |     Work
 Expl Unexpl |  Obj  Depth IntInf | Incumbent    BestBd   Gap | It/Node Time

     0     0 130553.864    0  179          - 130553.864      -     -    0s
H    0     0                    285278.86006 130553.864  54.2%     -    1s
     0     0 130572.748    0  181 285278.860 130572.748  54.2%     -    1s
H    0     0                    149871.21059 130572.748  12.9%     -    1s
H    0     0                    146410.08028 130572.748  10.8%     -    1s
H    0     0                    144807.56059 130572.748  9.83%     -    1s
H    0     0                    143030.39995 130572.748  8.71%     -    1s
H    0     0                    141205.18530 130572.748  7.53%     -    1s
H    0     0                    139589.12574 130572.748  6.46%     -    1s
     0     0 130572.748    0  222 139589.126 130572.748  6.46%     -    2s
H    0     0                    130605.83999 130572.748  0.03%     -    3s
     0     0 130572.748    0  193 130605.840 130572.748  0.03%     -    3s

Cutting planes:
  Gomory: 4
  Lift-and-project: 1
  Cover: 10
  Implied bound: 19
  Clique: 6
  MIR: 39
  Mixing: 18
  Flow cover: 40
  Zero half: 82
  RLT: 12
  Relax-and-lift: 14
  BQP: 3
  PSD: 7

Explored 1 nodes (16033 simplex iterations) in 3.32 seconds (3.80 work units)
Thread count was 5 (of 32 available processors)

Solution count 8: 130606 139589 141205 ... 285279

Optimal solution found (tolerance 1.00e-02)
Best objective 1.306058399942e+05, best bound 1.305727479430e+05, gap 0.0253%
