
Gurobi 12.0.3 (win64) logging started Sun Aug 23 02:54:56 2026

Set parameter LogFile to value "C:\Users\TECNO-MASTER\Desktop\Elmo_infrastructure_sizing_NP-\output\DCH_agosto\Costo_variable\Carga_libre\Carga_on_board_variable_3estaciones_P640kW_Descomp/station_3_d152\gurobi.log"
Set parameter Threads to value 1
Set parameter Heuristics to value 0.5
Set parameter MIPFocus to value 3
Set parameter Presolve to value 2
Set parameter FlowCoverCuts to value 2
Set parameter TimeLimit to value 172800
Gurobi Optimizer version 12.0.3 build v12.0.3rc0 (win64 - Windows 11+.0 (26200.2))

CPU model: Intel(R) Core(TM) i9-14900K, instruction set [SSE2|AVX|AVX2]
Thread count: 24 physical cores, 32 logical processors, using up to 1 threads

Non-default parameters:
TimeLimit  172800
MIPGap  0.01
Heuristics  0.5
MIPFocus  3
FlowCoverCuts  2
Presolve  2
Threads  1

Optimize a model with 22770 rows, 37249 columns and 109786 nonzeros
Model fingerprint: 0xe58e7284
Variable types: 17323 continuous, 19926 integer (19925 binary)
Coefficient statistics:
  Matrix range     [1e-01, 6e+02]
  Objective range  [1e-02, 1e+02]
  Bounds range     [1e+00, 3e+00]
  RHS range        [1e+00, 1e+04]
Presolve removed 20325 rows and 26957 columns
Presolve time: 0.62s
Presolved: 2445 rows, 10292 columns, 31454 nonzeros
Variable types: 841 continuous, 9451 integer (9360 binary)
Root relaxation presolved: 2445 rows, 10292 columns, 31454 nonzeros


Root relaxation: objective 1.641524e+05, 3966 iterations, 0.63 seconds (0.26 work units)

    Nodes    |    Current Node    |     Objective Bounds      |     Work
 Expl Unexpl |  Obj  Depth IntInf | Incumbent    BestBd   Gap | It/Node Time

     0     0 164152.443    0  199          - 164152.443      -     -    2s
H    0     0                    205699.73226 164152.443  20.2%     -    2s
H    0     0                    196246.35500 164152.443  16.4%     -    2s
H    0     0                    196233.12660 164152.443  16.3%     -    2s
H    0     0                    195888.61837 164152.443  16.2%     -    2s
H    0     0                    195782.59179 164152.443  16.2%     -    2s
H    0     0                    186801.62611 164152.443  12.1%     -    2s
H    0     0                    182750.21191 164152.443  10.2%     -    2s
H    0     0                    182748.87726 164152.443  10.2%     -    2s
H    0     0                    174346.21184 164152.443  5.85%     -    2s
H    0     0                    174084.32573 164152.443  5.71%     -    2s
H    0     0                    174074.99014 164152.443  5.70%     -    2s
     0     0 164225.235    0  207 174074.990 164225.235  5.66%     -    4s
H    0     0                    173380.33258 164225.235  5.28%     -    4s
H    0     0                    173374.90376 164225.235  5.28%     -    4s
H    0     0                    173302.63162 164225.235  5.24%     -    4s
H    0     0                    172694.57758 164225.235  4.90%     -    4s
H    0     0                    172688.50694 164225.235  4.90%     -    4s
     0     0 164252.475    0  221 172688.507 164252.475  4.89%     -    4s
     0     0 164252.475    0  223 172688.507 164252.475  4.89%     -    4s
     0     0 164278.759    0  247 172688.507 164278.759  4.87%     -    5s
H    0     0                    167956.86853 164279.461  2.19%     -    5s
H    0     0                    166355.80360 164279.461  1.25%     -    5s
H    0     0                    166344.85653 164279.461  1.24%     -    5s
H    0     0                    166335.99093 164279.461  1.24%     -    5s
H    0     0                    166331.32770 164279.461  1.23%     -    5s
     0     0 164279.461    0  236 166331.328 164279.461  1.23%     -    5s
     0     0 164288.199    0  237 166331.328 164288.199  1.23%     -    6s
H    0     0                    165295.48640 164288.200  0.61%     -    7s

Cutting planes:
  Gomory: 10
  Lift-and-project: 9
  Cover: 15
  Implied bound: 7
  Projected implied bound: 1
  Clique: 3
  MIR: 5
  Flow cover: 23
  Zero half: 7
  RLT: 3
  Relax-and-lift: 26
  BQP: 4
  PSD: 5

Explored 1 nodes (14489 simplex iterations) in 7.16 seconds (4.82 work units)
Thread count was 1 (of 32 available processors)

Solution count 10: 165295 166331 166336 ... 173375

Optimal solution found (tolerance 1.00e-02)
Best objective 1.652954864049e+05, best bound 1.642881997217e+05, gap 0.6094%
