
Gurobi 10.0.0 (win64) logging started Mon Sep 28 01:21:22 2026

Set parameter LogFile to value "output/Resultados_finales_tesis/Mina_modelo/diagnostico_cota_op_4anios/op_bound_gurobi.log"
Set parameter LogToConsole to value 0
Set parameter TimeLimit to value 5400
Set parameter MIPGap to value 0.01
Gurobi Optimizer version 10.0.0 build v10.0.0rc2 (win64)

CPU model: 11th Gen Intel(R) Core(TM) i7-1165G7 @ 2.80GHz, instruction set [SSE2|AVX|AVX2|AVX512]
Thread count: 4 physical cores, 8 logical processors, using up to 8 threads

Optimize a model with 242326 rows, 261688 columns and 1214672 nonzeros
Model fingerprint: 0x6015743a
Variable types: 261651 continuous, 37 integer (4 binary)
Coefficient statistics:
  Matrix range     [2e-02, 1e+05]
  Objective range  [8e-01, 5e+05]
  Bounds range     [1e+00, 2e+05]
  RHS range        [1e+00, 6e+07]
Presolve removed 109366 rows and 119534 columns
Presolve time: 1.41s
Presolved: 132960 rows, 142154 columns, 678144 nonzeros
Variable types: 142135 continuous, 19 integer (3 binary)
Deterministic concurrent LP optimizer: primal simplex, dual simplex, and barrier
Showing barrier log only...

Root barrier log...

Ordering time: 0.14s

Barrier statistics:
 Dense cols : 15
 AA' NZ     : 1.110e+06
 Factor NZ  : 4.396e+06 (roughly 150 MB of memory)
 Factor Ops : 5.889e+08 (less than 1 second per iteration)
 Threads    : 1

                  Objective                Residual
Iter       Primal          Dual         Primal    Dual     Compl     Time
   0   4.42911889e+10 -4.76874266e+12  1.30e+07 1.11e+03  6.04e+09     4s
   1   3.51563362e+10 -5.25497725e+12  8.24e+06 1.03e+05  3.72e+09     4s
   2   2.45608654e+10 -5.56762933e+12  5.70e+06 2.86e-06  2.78e+09     5s
   3   3.34205973e+08 -5.18202660e+12  7.17e+04 6.32e-06  4.76e+07     6s
   4   4.69308143e+07 -1.88628704e+12  5.35e+03 2.97e-03  6.73e+06     6s
   5   3.60807623e+07 -8.57859052e+11  2.68e+03 1.16e-03  2.92e+06     7s
   6   3.38179066e+07 -8.12356404e+11  2.15e+03 1.10e-03  2.64e+06     7s
   7   3.30225014e+07 -7.87396311e+11  1.97e+03 1.06e-03  2.52e+06     8s
   8   3.28171572e+07 -7.61802125e+11  1.92e+03 1.03e-03  2.44e+06     8s
   9   3.05689204e+07 -6.59276759e+11  1.43e+03 8.77e-04  2.02e+06     9s
  10   2.87152574e+07 -3.38839081e+11  1.07e+03 4.22e-04  1.07e+06     9s
  11   2.70313782e+07 -2.00104384e+11  8.05e+02 2.41e-04  6.47e+05     9s
  12   2.15411875e+07 -6.88160039e+10  2.72e+02 6.60e-05  2.10e+05    10s
  13   1.79349896e+07 -2.01063400e+10  3.29e+01 1.31e-05  5.31e+04    10s
  14   1.77014568e+07 -4.79414935e+09  1.79e+01 2.68e-06  1.25e+04    11s
  15   1.73490125e+07 -2.01278571e+09  5.28e+00 1.07e-06  5.16e+03    11s
  16   1.69561699e+07 -1.89569015e+09  1.74e+00 1.00e-06  4.83e+03    11s
  17   1.11090593e+07 -6.89104249e+08  1.17e+00 3.37e-07  1.77e+03    12s
  18   1.04726007e+07 -8.84559898e+07  5.65e-02 4.05e-08  2.49e+02    12s
  19   9.15297245e+06 -4.35774031e+07  2.43e-02 1.06e-07  1.33e+02    13s
  20   8.16010131e+06 -2.83527742e+07  1.73e-02 4.39e-07  9.19e+01    13s
  21   7.01813460e+06 -2.44992023e+07  1.32e-02 2.83e-07  7.93e+01    13s
  22   6.75111549e+06 -2.39363613e+07  1.25e-02 2.60e-07  7.73e+01    14s
  23   4.84080536e+06 -2.12765496e+07  7.99e-03 1.66e-07  6.57e+01    14s
  24   2.98415065e+06 -9.84743805e+06  3.59e-03 5.12e-07  3.23e+01    15s
  25   2.83537074e+06 -3.45714224e+06  3.29e-03 9.94e-07  1.58e+01    15s
  26   2.80234284e+06 -3.14945544e+06  3.19e-03 9.37e-07  1.50e+01    16s
  27   2.43764037e+06 -2.97865396e+06  2.65e-03 8.96e-07  1.36e+01    16s
  28   2.06159669e+06 -1.18262202e+06  1.83e-03 9.17e-07  8.17e+00    16s
  29   1.85599540e+06 -7.22510267e+05  1.36e-03 7.70e-07  6.49e+00    17s
  30   1.78225732e+06 -1.82967320e+05  1.14e-03 5.75e-07  4.95e+00    17s
  31   1.66248882e+06  4.34389193e+05  7.88e-04 3.41e-07  3.09e+00    18s
  32   1.55119067e+06  5.20836921e+05  5.28e-04 3.06e-07  2.59e+00    18s
  33   1.54518516e+06  7.83405483e+05  5.03e-04 2.07e-07  1.92e+00    19s
  34   1.51871936e+06  9.25802608e+05  4.34e-04 1.49e-07  1.49e+00    19s
  35   1.45845745e+06  1.05573774e+06  3.16e-04 9.43e-08  1.01e+00    20s
  36   1.42533744e+06  1.15371510e+06  2.46e-04 5.97e-08  6.84e-01    20s
  37   1.40852888e+06  1.23234124e+06  2.10e-04 4.54e-08  4.44e-01    21s
  38   1.38959204e+06  1.27527960e+06  1.55e-04 5.06e-08  2.88e-01    21s
  39   1.37929349e+06  1.30318425e+06  1.26e-04 4.62e-08  1.92e-01    22s
  40   1.37003575e+06  1.32127991e+06  9.90e-05 4.25e-08  1.23e-01    22s
  41   1.36486914e+06  1.32759972e+06  8.10e-05 4.68e-08  9.39e-02    23s
  42   1.36110658e+06  1.33318141e+06  6.83e-05 4.61e-08  7.04e-02    23s
  43   1.35413346e+06  1.33788771e+06  4.31e-05 4.40e-08  4.09e-02    23s
  44   1.35086615e+06  1.34039132e+06  3.13e-05 4.57e-08  2.64e-02    24s
  45   1.34720012e+06  1.34154472e+06  1.74e-05 4.10e-08  1.43e-02    24s
  46   1.34474894e+06  1.34192555e+06  8.12e-06 4.28e-08  7.12e-03    24s
  47   1.34388653e+06  1.34220221e+06  4.90e-06 4.67e-08  4.25e-03    24s
  48   1.34334771e+06  1.34241205e+06  2.89e-06 3.51e-08  2.36e-03    25s
  49   1.34286213e+06  1.34245800e+06  1.05e-06 4.29e-08  1.02e-03    25s
  50   1.34272813e+06  1.34249444e+06  5.69e-07 5.07e-08  5.89e-04    25s
  51   1.34262731e+06  1.34255931e+06  2.08e-07 2.98e-08  1.71e-04    26s
  52   1.34259811e+06  1.34256588e+06  1.04e-07 3.03e-08  8.13e-05    26s
  53   1.34258316e+06  1.34256776e+06  5.46e-08 2.93e-08  3.88e-05    27s
  54   1.34256897e+06  1.34256829e+06  1.81e-07 3.01e-08  1.68e-06    27s
  55   1.34256852e+06  1.34256852e+06  4.03e-07 2.85e-08  9.04e-09    28s

Barrier solved model in 55 iterations and 27.66 seconds (11.66 work units)
Optimal objective 1.34256852e+06


Root crossover log...

   17284 DPushes remaining with DInf 0.0000000e+00                28s
       0 DPushes remaining with DInf 0.0000000e+00                28s

   86863 PPushes remaining with PInf 6.6125978e-04                28s
   64499 PPushes remaining with PInf 6.0472088e-04                30s
       0 PPushes remaining with PInf 0.0000000e+00                34s

  Push phase complete: Pinf 0.0000000e+00, Dinf 1.5623498e+02     34s


Root simplex log...

Iteration    Objective       Primal Inf.    Dual Inf.      Time
  103022    1.3425685e+06   0.000000e+00   1.562350e+02     34s
  103036    1.3425685e+06   0.000000e+00   0.000000e+00     34s
Concurrent spin time: 0.00s

Solved with barrier
  103036    1.3425685e+06   0.000000e+00   0.000000e+00     34s

Root relaxation: objective 1.342569e+06, 103036 iterations, 32.11 seconds (14.83 work units)

    Nodes    |    Current Node    |     Objective Bounds      |     Work
 Expl Unexpl |  Obj  Depth IntInf | Incumbent    BestBd   Gap | It/Node Time

     0     0 1342568.52    0   12          - 1342568.52      -     -   35s
     0     0 1342568.52    0   12          - 1342568.52      -     -   59s
     0     0 1426546.54    0   14          - 1426546.54      -     -   72s
H    0     0                    2.167384e+07 1426546.54  93.4%     -   73s
     0     0 1426546.54    0   12 2.1674e+07 1426546.54  93.4%     -   74s
     0     0 1426546.54    0   13 2.1674e+07 1426546.54  93.4%     -   98s
     0     0 1426546.54    0   13 2.1674e+07 1426546.54  93.4%     -  105s
     0     0 1426546.54    0   12 2.1674e+07 1426546.54  93.4%     -  110s
     0     0 1426546.54    0   12 2.1674e+07 1426546.54  93.4%     -  125s
     0     0 1436248.43    0   12 2.1674e+07 1436248.43  93.4%     -  137s
     0     0 1436887.81    0   11 2.1674e+07 1436887.81  93.4%     -  144s
     0     0 1436887.81    0   11 2.1674e+07 1436887.81  93.4%     -  151s
H    0     0                    1.006311e+07 1436887.81  85.7%     -  192s
     0     2 1436887.81    0   11 1.0063e+07 1436887.81  85.7%     -  194s
     1     2 infeasible    1      1.0063e+07 1440205.02  85.7%   854  209s
     3     2 1733068.79    2   10 1.0063e+07 1605989.41  84.0%  9689  229s
     5     2 infeasible    3      1.0063e+07 1733558.74  82.8%  5883  237s
H    7     2                    1805997.1742 1790219.95  0.87%  5341  244s
*    8     2               4    1797006.5796 1797006.58  0.00%  6854  244s

Cutting planes:
  Gomory: 3
  Implied bound: 4
  MIR: 1

Explored 9 nodes (243515 simplex iterations) in 244.33 seconds (269.77 work units)
Thread count was 8 (of 8 available processors)

Solution count 4: 1.79701e+06 1.806e+06 1.00631e+07 2.16738e+07 

Optimal solution found (tolerance 1.00e-02)
Best objective 1.797006579616e+06, best bound 1.797006579616e+06, gap 0.0000%
