
Gurobi 12.0.3 (win64) logging started Mon Nov 24 15:46:06 2025

Set parameter LogFile to value "ELMO_log.txt"
Set parameter Threads to value 32
Set parameter Heuristics to value 0.8
Gurobi Optimizer version 12.0.3 build v12.0.3rc0 (win64 - Windows 11+.0 (26200.2))

CPU model: Intel(R) Core(TM) i9-14900K, instruction set [SSE2|AVX|AVX2]
Thread count: 24 physical cores, 32 logical processors, using up to 32 threads

Non-default parameters:
MIPGap  0.01
Heuristics  0.8
Threads  32

Optimize a model with 2757 rows, 10378 columns and 19544 nonzeros
Model fingerprint: 0xc642a7c6
Variable types: 772 continuous, 9606 integer (9603 binary)
Coefficient statistics:
  Matrix range     [5e-01, 4e+02]
  Objective range  [5e+00, 2e+05]
  Bounds range     [1e+00, 1e+00]
  RHS range        [1e+00, 2e+03]
Presolve removed 1018 rows and 7360 columns
Presolve time: 0.02s
Presolved: 1739 rows, 3018 columns, 10339 nonzeros
Variable types: 756 continuous, 2262 integer (2260 binary)

Root relaxation: objective 2.807248e+05, 3241 iterations, 0.05 seconds (0.10 work units)

    Nodes    |    Current Node    |     Objective Bounds      |     Work
 Expl Unexpl |  Obj  Depth IntInf | Incumbent    BestBd   Gap | It/Node Time

     0     0 280724.778    0  196          - 280724.778      -     -    0s
     0     0 283417.025    0  213          - 283417.025      -     -    0s
     0     0 283423.318    0  209          - 283423.318      -     -    0s
     0     0 287215.848    0  222          - 287215.848      -     -    0s
     0     0 287309.924    0  223          - 287309.924      -     -    0s
     0     0 287352.024    0  221          - 287352.024      -     -    0s
     0     0 287364.364    0  218          - 287364.364      -     -    0s
     0     0 287364.463    0  215          - 287364.463      -     -    0s
H    0     0                    592824.91149 287364.463  51.5%     -    0s
     0     0 288125.902    0  246 592824.911 288125.902  51.4%     -    0s
     0     0 288201.723    0  250 592824.911 288201.723  51.4%     -    0s
     0     0 288206.503    0  254 592824.911 288206.503  51.4%     -    0s
     0     0 288206.506    0  262 592824.911 288206.506  51.4%     -    0s
     0     0 288338.970    0  268 592824.911 288338.970  51.4%     -    0s
H    0     0                    569974.24795 288338.970  49.4%     -    0s
H    0     0                    563452.59223 288338.970  48.8%     -    0s
     0     0 288347.090    0  283 563452.592 288347.090  48.8%     -    0s
     0     0 288347.986    0  299 563452.592 288347.986  48.8%     -    0s
     0     0 288554.894    0  301 563452.592 288554.894  48.8%     -    0s
     0     0 288576.888    0  306 563452.592 288576.888  48.8%     -    0s
     0     0 288577.939    0  310 563452.592 288577.939  48.8%     -    0s
     0     0 288699.728    0  302 563452.592 288699.728  48.8%     -    0s
H    0     0                    562432.27073 288699.728  48.7%     -    0s
H    0     0                    562349.64050 288699.728  48.7%     -    0s
     0     0 288720.978    0  309 562349.641 288720.978  48.7%     -    0s
     0     0 288751.878    0  316 562349.641 288751.878  48.7%     -    0s
     0     0 288756.145    0  323 562349.641 288756.145  48.7%     -    0s
     0     0 290419.479    0  269 562349.641 290419.479  48.4%     -    0s
     0     0 290505.063    0  286 562349.641 290505.063  48.3%     -    0s
     0     0 290505.986    0  291 562349.641 290505.986  48.3%     -    0s
     0     0 291101.026    0  286 562349.641 291101.026  48.2%     -    0s
H    0     0                    553510.97456 291101.591  47.4%     -    0s
H    0     0                    551697.10974 291101.591  47.2%     -    0s
     0     0 291109.231    0  278 551697.110 291109.231  47.2%     -    0s
     0     0 291109.241    0  307 551697.110 291109.241  47.2%     -    0s
     0     0 291199.807    0  303 551697.110 291199.807  47.2%     -    0s
     0     0 291202.873    0  314 551697.110 291202.873  47.2%     -    0s
     0     0 291421.381    0  327 551697.110 291421.381  47.2%     -    0s
H    0     0                    506428.22657 291421.381  42.5%     -    0s
H    0     0                    505388.91219 291421.381  42.3%     -    0s
H    0     0                    504240.67863 291421.381  42.2%     -    0s
H    0     0                    504233.85735 291421.381  42.2%     -    0s
H    0     0                    504152.78002 291421.381  42.2%     -    0s
H    0     0                    504096.32075 291421.381  42.2%     -    0s
H    0     0                    503988.62028 291421.381  42.2%     -    0s
H    0     0                    503901.04709 291421.381  42.2%     -    0s
     0     0 291429.856    0  325 503901.047 291429.856  42.2%     -    0s
     0     0 291430.804    0  328 503901.047 291430.804  42.2%     -    0s
     0     0 291448.689    0  353 503901.047 291448.689  42.2%     -    0s
     0     0 291449.164    0  309 503901.047 291449.164  42.2%     -    0s
H    0     0                    503872.59150 291449.164  42.2%     -    1s
H    0     0                    461166.74489 291449.164  36.8%     -    1s
H    0     2                    461100.24393 291449.164  36.8%     -    1s
     0     2 291449.164    0  293 461100.244 291449.164  36.8%     -    1s
H   32    64                    461080.26134 292102.940  36.6%   173    1s
H   32    64                    460195.09012 292102.940  36.5%   173    1s
H   35    64                    458171.10342 292102.940  36.2%   160    1s
H   36    64                    457256.86331 292102.940  36.1%   157    1s
H   42    64                    456578.75491 292102.940  36.0%   139    1s
H   48    64                    455249.98528 292103.956  35.8%   125    1s
H   96   128                    455211.22995 292158.399  35.8%  81.9    2s
H   99   128                    455180.16035 292158.399  35.8%  79.7    2s
H  103   128                    454821.90256 292158.399  35.8%  76.9    2s
H  107   128                    454209.23966 292158.399  35.7%  74.6    2s
H  123   128                    453333.69275 292158.399  35.6%  66.0    2s
H  131   160                    452903.76480 292158.399  35.5%  62.6    2s
H  350   383                    452838.45265 292158.399  35.5%  31.7    2s
H  355   383                    452558.39225 292158.399  35.4%  31.3    2s
H  383   415                    450612.37644 292158.399  35.2%  30.0    2s
H  397   415                    450176.86829 292158.399  35.1%  29.7    2s
H  561   594                    450054.03286 292158.399  35.1%  24.6    2s
H  569   594                    449762.78487 292158.399  35.0%  24.8    2s
H  572   594                    449762.26647 292158.399  35.0%  24.7    2s
H  580   594                    449671.49184 292158.399  35.0%  24.7    2s
H  587   594                    449584.92480 292158.399  35.0%  24.4    2s
H  737   767                    449501.77156 292158.399  35.0%  22.1    3s
H  746   767                    449073.53991 292158.399  34.9%  21.8    3s
H  767   799                    448834.49591 292158.399  34.9%  21.6    3s
H  830   863                    448783.59255 292158.399  34.9%  21.4    3s
H  833   863                    448677.46831 292158.399  34.9%  21.7    3s
H  839   863                    447659.35926 292158.399  34.7%  21.5    3s
H  855   863                    447541.54220 292158.399  34.7%  21.3    3s
H  860   863                    447405.83449 292158.399  34.7%  21.2    3s
H  879   895                    446864.33828 292158.399  34.6%  21.0    3s
H  917   927                    446861.42542 292158.399  34.6%  20.5    3s
H  923   927                    446821.45364 292158.399  34.6%  20.4    3s
H  928   959                    446821.43789 292158.399  34.6%  20.3    3s
H  931   959                    446727.54138 292158.399  34.6%  20.4    3s
H 1012  1023                    446727.54057 292158.399  34.6%  19.7    3s
H 1090  1123                    446723.26506 292158.399  34.6%  19.0    4s
H 1105  1123                    445395.90912 292158.399  34.4%  18.8    4s
H 1375  1400                    445384.86058 292158.399  34.4%  16.3    4s
H 1376  1400                    445381.50661 292158.399  34.4%  16.2    4s
H 1384  1400                    445381.44450 292158.399  34.4%  16.2    4s
H 1400  1432                    443479.08465 292158.399  34.1%  16.0    4s
H 1715  1737                    443475.33160 292158.399  34.1%  14.1    4s
  1738  1769 292192.554   39  318 443475.332 292158.399  34.1%  14.0    5s
H 1778  1801                    443475.00995 292158.399  34.1%  14.0    5s
H 1786  1801                    443467.73828 292158.399  34.1%  13.9    5s
H 1821  1833                    443413.28634 292158.399  34.1%  14.0    5s
H 1976  1979                    443411.33574 292158.399  34.1%  14.1    5s
H 2007  2011                    443358.21196 292158.399  34.1%  14.2    5s
H 2339  2341                    443357.54734 292158.399  34.1%  14.6    6s
H 2361  2341                    443355.71145 292158.399  34.1%  14.6    6s
H 2723  2716                    443355.04683 292158.399  34.1%  14.6    6s
H 2756  2716                    443354.06212 292158.399  34.1%  14.7    6s
H 3055  3029                    443353.39750 292158.399  34.1%  15.6    6s
H 3091  2993                    443353.33307 292158.610  34.1%  16.0    7s
H 3127  2993                    443352.02589 292158.610  34.1%  17.5    7s
H 3230  3053                    443349.69639 292158.853  34.1%  20.2    7s
H 3247  3084                    442713.97781 292158.853  34.0%  20.3    7s
H 3524  3360                    442688.20819 292158.853  34.0%  24.8    8s
H 3546  3360                    442616.38399 292158.853  34.0%  25.9    8s
H 3570  3390                    442590.61436 292158.853  34.0%  27.3    8s
H 3617  3420                    442588.11574 292160.898  34.0%  29.4    8s
H 3660  3484                    442586.46980 292160.898  34.0%  30.3    9s
H 3670  3484                    442485.98510 292160.898  34.0%  30.6    9s
H 3682  3484                    442421.16429 292160.898  34.0%  31.0    9s
H 3729  3547                    442419.65613 292160.898  34.0%  32.0    9s
  3754  3637 303265.382   41  225 442419.656 292160.898  34.0%  33.0   10s
H 3865  3668                    442411.40739 292160.898  34.0%  37.7   10s
H 3917  3730                    442409.11798 292160.898  34.0%  39.3   10s
H 3937  3730                    442244.47811 292160.898  33.9%  39.4   10s
H 4237  4038                    442223.10133 292160.898  33.9%  45.1   11s
H 4339  4134                    442051.61375 292160.898  33.9%  45.5   11s
H 4830  4605                    442044.00856 292160.898  33.9%  44.4   12s
H 4889  4658                    442043.98294 292160.898  33.9%  44.7   13s
H 4965  4714                    442033.48367 292160.898  33.9%  44.7   13s
H 4985  4714                    441674.16371 292160.898  33.9%  44.6   13s
H 5048  4774                    441670.01127 292160.898  33.9%  44.4   14s
H 5061  4774                    441669.16252 292160.898  33.9%  44.4   14s
H 5199  5439                    441660.20700 292160.898  33.8%  43.6   14s
  5748  5471 398446.333   92  168 441660.207 292160.898  33.8%  41.1   15s
H 5847  5567                    440782.30013 292160.898  33.7%  40.9   16s
H 5881  5597                    440776.55654 292160.898  33.7%  40.7   17s
H 5901  5597                    440433.30123 292160.898  33.7%  40.7   17s
H 5923  5627                    440427.70467 292160.898  33.7%  40.7   17s
H 6797  6512                    440425.11403 292160.898  33.7%  36.8   18s
H 6801  6512                    440421.74871 292160.898  33.7%  36.7   18s
H 6833  6544                    440393.74419 292160.898  33.7%  36.6   19s
H 6941  7366                    440391.87349 292160.898  33.7%  36.2   19s
  7699  7398 401968.726  154  120 440391.873 292160.898  33.7%  33.8   20s
H 7713  7398                    440389.28285 292160.898  33.7%  33.8   20s
H 7732  7429                    440368.90540 292160.898  33.7%  33.7   20s
H 9050  8621                    440352.96864 292160.898  33.7%  31.1   22s
H 9069  8640                    440350.52386 292160.898  33.7%  31.1   22s
H 9071  8640                    440314.59991 292160.898  33.6%  31.1   22s
H 9080  8607                    439730.92742 292160.898  33.6%  31.1   22s
H 9181  8940                    439728.32543 292160.898  33.6%  31.0   22s
H 9285  8940                    439727.61279 292160.898  33.6%  31.1   22s
H 9542  8962                    439725.34771 292161.218  33.6%  31.1   23s
H 9547  8962                    439725.16800 292161.218  33.6%  31.1   23s
H 9555  8962                    439724.55179 292161.218  33.6%  31.1   23s
H 9583  8962                    439722.43567 292161.218  33.6%  31.1   24s
H 9583  8962                    439722.43555 292161.218  33.6%  31.1   24s
H 9583  8962                    439717.94396 292161.218  33.6%  31.1   24s
H 9583  8962                    439716.05499 292161.218  33.6%  31.1   24s
H 9583  8962                    439714.48105 292161.218  33.6%  31.1   24s
  9584  8963 299770.392  106  309 439714.481 292161.218  33.6%  31.1   25s
H 9591  8519                    439710.32663 295467.088  32.8%  31.1   26s
H 9597  8097                    439662.12433 296945.446  32.5%  31.1   26s
H 9611  7700                    439662.12356 299273.056  31.9%  31.0   27s
H 9612  7315                    439660.17373 299326.826  31.9%  31.0   27s
H 9618  6953                    439655.43344 299437.702  31.9%  31.0   28s
  9631  6961 299605.249   28  267 439655.433 299605.249  31.9%  31.0   30s
H 9632  6613                    439652.77826 299641.488  31.8%  31.0   30s
H 9632  6281                    439625.35931 299641.488  31.8%  31.0   30s
H 9640  5971                    439625.35860 299767.864  31.8%  30.9   32s
H 9658  5685                    439625.35819 299962.656  31.8%  34.4   34s
H 9660  5402                    311550.00250 299974.357  3.72%  34.4   34s
H 9660  5131                    309564.67824 299974.357  3.10%  34.4   34s
H 9660  4874                    306254.98289 299974.357  2.05%  34.4   34s
H 9660  4631                    304926.75988 299974.357  1.62%  34.4   34s
H 9661  4400                    304088.64127 299974.849  1.35%  34.4   35s
H 9661  4180                    304086.81376 299974.849  1.35%  34.4   35s
H 9661  3970                    304048.31569 299974.849  1.34%  34.4   35s
H 9661  3772                    303523.40511 299974.849  1.17%  34.4   35s
H 9674  3592                    303521.57760 300000.285  1.16%  35.8   35s
H 9680  3416                    303521.57750 300022.851  1.15%  35.7   36s
H 9680  3245                    303508.17450 300022.851  1.15%  35.7   36s
H 9680  3083                    303067.85939 300022.851  1.00%  35.7   36s
H 9681  2931                    303067.14675 300022.851  1.00%  36.7   37s

Cutting planes:
  Gomory: 19
  MIR: 57
  Flow cover: 81
  GUB cover: 2
  Inf proof: 2
  Relax-and-lift: 7

Explored 9688 nodes (367471 simplex iterations) in 37.22 seconds (29.12 work units)
Thread count was 32 (of 32 available processors)

Solution count 10: 303067 303068 303508 ... 304927

Optimal solution found (tolerance 1.00e-02)
Best objective 3.030671467489e+05, best bound 3.000484497542e+05, gap 0.9960%
