
Gurobi 12.0.0 (win64) logging started Mon Sep  7 03:46:30 2026

Set parameter LogFile to value "C:\Users\TECNO-MASTER\Desktop\Elmo_infrastructure_sizing_NP-\output\DCH_septiembre\Bateria_353\Costo_variable\Carga_libre\Carga_on_board_variable_3estaciones_P640kW_Descomp/station_2_d1_stage1\gurobi.log"
Set parameter Threads to value 1
Set parameter Heuristics to value 0.5
Set parameter MIPFocus to value 3
Set parameter Presolve to value 2
Set parameter FlowCoverCuts to value 2
Set parameter TimeLimit to value 1200
Gurobi Optimizer version 12.0.0 build v12.0.0rc1 (win64 - Windows 11+.0 (26200.2))

CPU model: Intel(R) Core(TM) i9-14900K, instruction set [SSE2|AVX|AVX2]
Thread count: 24 physical cores, 32 logical processors, using up to 1 threads

Non-default parameters:
TimeLimit  1200
MIPGap  0.05
Heuristics  0.5
MIPFocus  3
FlowCoverCuts  2
Presolve  2
Threads  1

Optimize a model with 23742 rows, 39247 columns and 116650 nonzeros
Model fingerprint: 0x9af791ca
Variable types: 18325 continuous, 20922 integer (20921 binary)
Coefficient statistics:
  Matrix range     [1e-01, 6e+02]
  Objective range  [1e-02, 1e+05]
  Bounds range     [1e+00, 1e+00]
  RHS range        [1e+00, 1e+04]
Presolve removed 20846 rows and 28433 columns
Presolve time: 0.28s
Presolved: 2896 rows, 10814 columns, 33492 nonzeros
Variable types: 840 continuous, 9974 integer (9973 binary)
Root relaxation presolved: 2896 rows, 10814 columns, 33492 nonzeros


Root relaxation: objective 4.055851e+04, 4702 iterations, 0.62 seconds (0.77 work units)

    Nodes    |    Current Node    |     Objective Bounds      |     Work
 Expl Unexpl |  Obj  Depth IntInf | Incumbent    BestBd   Gap | It/Node Time

     0     0 148206.217    0  228          - 148206.217      -     -    4s
H    0     0                    264775.71992 148206.217  44.0%     -    4s
H    0     0                    150660.99902 148206.217  1.63%     -    5s

Explored 1 nodes (36376 simplex iterations) in 5.05 seconds (4.95 work units)
Thread count was 1 (of 32 available processors)

Solution count 2: 150661 264776 

Optimal solution found (tolerance 5.00e-02)
Best objective 1.506609990168e+05, best bound 1.482062174420e+05, gap 1.6293%
