
Gurobi 12.0.3 (win64) logging started Mon Sep  7 19:27:23 2026

Set parameter LogFile to value "C:\Users\TECNO-MASTER\Desktop\Elmo_infrastructure_sizing_NP-\output\DCH_septiembre\Bateria_353\Costo_variable\Carga_libre\Carga_on_board_variable_3estaciones_P320kW_Descomp/station_3_d152\gurobi.log"
Set parameter Threads to value 1
Set parameter Heuristics to value 0.5
Set parameter MIPFocus to value 3
Set parameter Presolve to value 2
Set parameter FlowCoverCuts to value 2
Set parameter TimeLimit to value 1200
Gurobi Optimizer version 12.0.3 build v12.0.3rc0 (win64 - Windows 11+.0 (26200.2))

CPU model: Intel(R) Core(TM) i9-14900K, instruction set [SSE2|AVX|AVX2]
Thread count: 24 physical cores, 32 logical processors, using up to 1 threads

Non-default parameters:
TimeLimit  1200
MIPGap  0.05
Heuristics  0.5
MIPFocus  3
FlowCoverCuts  2
Presolve  2
Threads  1

Optimize a model with 22770 rows, 37249 columns and 109786 nonzeros
Model fingerprint: 0xc930f9eb
Variable types: 17323 continuous, 19926 integer (19925 binary)
Coefficient statistics:
  Matrix range     [1e-01, 3e+02]
  Objective range  [1e-02, 1e+02]
  Bounds range     [1e+00, 1e+00]
  RHS range        [1e+00, 1e+04]
Presolve removed 20416 rows and 26954 columns
Presolve time: 0.20s
Presolved: 2354 rows, 10295 columns, 30478 nonzeros
Variable types: 841 continuous, 9454 integer (9454 binary)
Root relaxation presolved: 2354 rows, 10295 columns, 30478 nonzeros


Root relaxation: objective 1.160743e+05, 3446 iterations, 0.20 seconds (0.17 work units)

    Nodes    |    Current Node    |     Objective Bounds      |     Work
 Expl Unexpl |  Obj  Depth IntInf | Incumbent    BestBd   Gap | It/Node Time

     0     0 116074.263    0  114          - 116074.263      -     -    1s
     0     0 116096.331    0   65          - 116096.331      -     -    1s
H    0     0                    141269.88756 116096.331  17.8%     -    1s
H    0     0                    138470.27029 116096.331  16.2%     -    2s
H    0     0                    137978.05122 116096.331  15.9%     -    2s
H    0     0                    137975.49749 116096.331  15.9%     -    2s
H    0     0                    133024.17454 116096.331  12.7%     -    2s
     0     0 116096.331    0   71 133024.175 116096.331  12.7%     -    2s
H    0     0                    121937.16974 116096.331  4.79%     -    2s

Cutting planes:
  Gomory: 2
  Cover: 9
  Implied bound: 8
  Clique: 16
  MIR: 3
  Flow cover: 1
  Zero half: 7
  RLT: 11
  Relax-and-lift: 9
  BQP: 2
  PSD: 5

Explored 1 nodes (11590 simplex iterations) in 2.61 seconds (1.96 work units)
Thread count was 1 (of 32 available processors)

Solution count 6: 121937 133024 137975 ... 141270

Optimal solution found (tolerance 5.00e-02)
Best objective 1.219371697359e+05, best bound 1.160963310419e+05, gap 4.7900%
