
Gurobi 12.0.3 (win64) logging started Tue Jul  7 01:05:28 2026

Set parameter LogFile to value "output/DCH_taller_julio/Costo_variable/Ventana_restringida/Carga_on_board_640kW_Descomp_ventana_carga/station_3_d152\gurobi.log"
Set parameter Threads to value 5
Set parameter Heuristics to value 0.5
Set parameter MIPFocus to value 3
Set parameter Presolve to value 2
Set parameter FlowCoverCuts to value 2
Set parameter TimeLimit to value 172800
Gurobi Optimizer version 12.0.3 build v12.0.3rc0 (win64 - Windows 11+.0 (26200.2))

CPU model: Intel(R) Core(TM) i9-14900K, instruction set [SSE2|AVX|AVX2]
Thread count: 24 physical cores, 32 logical processors, using up to 5 threads

Non-default parameters:
TimeLimit  172800
MIPGap  0.01
Heuristics  0.5
MIPFocus  3
FlowCoverCuts  2
Presolve  2
Threads  5

Optimize a model with 23329 rows, 35809 columns and 110436 nonzeros
Model fingerprint: 0x039216f4
Variable types: 17323 continuous, 18486 integer (18485 binary)
Coefficient statistics:
  Matrix range     [1e-01, 6e+02]
  Objective range  [1e-02, 1e+02]
  Bounds range     [1e+00, 1e+00]
  RHS range        [1e+00, 1e+04]
Presolve removed 22241 rows and 27286 columns
Presolve time: 0.09s
Presolved: 1088 rows, 8523 columns, 25613 nonzeros
Variable types: 245 continuous, 8278 integer (8278 binary)
Root relaxation presolved: 1088 rows, 8523 columns, 25613 nonzeros


Use crossover to convert LP symmetric solution to basic solution...

Root relaxation: objective 3.553360e+05, 2953 iterations, 0.03 seconds (0.04 work units)

    Nodes    |    Current Node    |     Objective Bounds      |     Work
 Expl Unexpl |  Obj  Depth IntInf | Incumbent    BestBd   Gap | It/Node Time

     0     0 355336.023    0   61          - 355336.023      -     -    0s
H    0     0                    371778.41103 357443.847  3.86%     -    0s
H    0     0                    371778.08207 357443.847  3.86%     -    0s
     0     0 358449.298    0   33 371778.082 358449.298  3.59%     -    0s
H    0     0                    366202.59872 358449.298  2.12%     -    0s
H    0     0                    364661.58421 358449.298  1.70%     -    0s
H    0     0                    364645.79614 358449.298  1.70%     -    0s
H    0     0                    364644.06558 358449.298  1.70%     -    0s
H    0     0                    364638.88223 358449.298  1.70%     -    0s
H    0     0                    364634.85051 358449.298  1.70%     -    0s
H    0     0                    364628.91165 358449.298  1.69%     -    0s
     0     0 358449.298    0   25 364628.912 358449.298  1.69%     -    0s
H    0     0                    364566.08999 358449.298  1.68%     -    1s
H    0     0                    364536.55535 358449.298  1.67%     -    1s
     0     0 358449.298    0   55 364536.555 358449.298  1.67%     -    1s
H    0     0                    364101.01400 358449.298  1.55%     -    1s
H    0     0                    364098.59251 358449.298  1.55%     -    1s
H    0     0                    364055.98771 358449.298  1.54%     -    1s
H    0     0                    364054.77477 358449.298  1.54%     -    1s
H    0     0                    364054.76054 358449.298  1.54%     -    1s
H    0     0                    359071.12197 358449.298  0.17%     -    1s
     0     0 358449.298    0   46 359071.122 358449.298  0.17%     -    1s

Cutting planes:
  Gomory: 3
  Cover: 4
  Projected implied bound: 2
  Clique: 1
  MIR: 5
  Flow cover: 13
  Zero half: 4
  RLT: 2
  Relax-and-lift: 7
  PSD: 2

Explored 1 nodes (9451 simplex iterations) in 1.51 seconds (1.47 work units)
Thread count was 5 (of 32 available processors)

Solution count 10: 359071 364055 364055 ... 364635

Optimal solution found (tolerance 1.00e-02)
Best objective 3.590711219660e+05, best bound 3.584492976573e+05, gap 0.1732%
