
Gurobi 12.0.3 (win64) logging started Mon Sep  7 19:26:37 2026

Set parameter LogFile to value "C:\Users\TECNO-MASTER\Desktop\Elmo_infrastructure_sizing_NP-\output\DCH_septiembre\Bateria_353\Costo_variable\Carga_libre\Carga_on_board_variable_3estaciones_P320kW_Descomp/station_2_d213_stage1\gurobi.log"
Set parameter Threads to value 1
Set parameter Heuristics to value 0.5
Set parameter MIPFocus to value 3
Set parameter Presolve to value 2
Set parameter FlowCoverCuts to value 2
Set parameter TimeLimit to value 1200
Gurobi Optimizer version 12.0.3 build v12.0.3rc0 (win64 - Windows 11+.0 (26200.2))

CPU model: Intel(R) Core(TM) i9-14900K, instruction set [SSE2|AVX|AVX2]
Thread count: 24 physical cores, 32 logical processors, using up to 1 threads

Non-default parameters:
TimeLimit  1200
MIPGap  0.05
Heuristics  0.5
MIPFocus  3
FlowCoverCuts  2
Presolve  2
Threads  1

Optimize a model with 23772 rows, 39247 columns and 116710 nonzeros
Model fingerprint: 0x10cd3af8
Variable types: 18325 continuous, 20922 integer (20921 binary)
Coefficient statistics:
  Matrix range     [1e-01, 3e+02]
  Objective range  [8e-03, 8e+04]
  Bounds range     [1e+00, 1e+00]
  RHS range        [1e+00, 1e+04]
Presolve removed 20947 rows and 28432 columns
Presolve time: 0.24s
Presolved: 2825 rows, 10815 columns, 33077 nonzeros
Variable types: 841 continuous, 9974 integer (9973 binary)
Root relaxation presolved: 2825 rows, 10815 columns, 33077 nonzeros


Root relaxation: objective 7.698381e+04, 5314 iterations, 0.64 seconds (0.72 work units)

    Nodes    |    Current Node    |     Objective Bounds      |     Work
 Expl Unexpl |  Obj  Depth IntInf | Incumbent    BestBd   Gap | It/Node Time

     0     0 76983.8131    0  412          - 76983.8131      -     -    2s
     0     0 117281.342    0   43          - 117281.342      -     -    5s
     0     0 117281.342    0   37          - 117281.342      -     -    5s
     0     0 117281.342    0   39          - 117281.342      -     -    6s
     0     0 117281.342    0   51          - 117281.342      -     -    7s
     0     0 117281.342    0   40          - 117281.342      -     -    7s
H    0     0                    225382.11275 117281.342  48.0%     -    7s
H    0     0                    145054.36569 117281.342  19.1%     -    7s
H    0     0                    117343.84536 117281.342  0.05%     -    7s

Cutting planes:
  Gomory: 12
  Lift-and-project: 4
  Cover: 1
  MIR: 1
  Flow cover: 1
  Relax-and-lift: 2

Explored 1 nodes (33436 simplex iterations) in 7.56 seconds (7.69 work units)
Thread count was 1 (of 32 available processors)

Solution count 3: 117344 145054 225382 

Optimal solution found (tolerance 5.00e-02)
Best objective 1.173438453563e+05, best bound 1.172813417711e+05, gap 0.0533%
