
Gurobi 12.0.3 (win64) logging started Mon Apr 13 15:14:35 2026

Set parameter LogFile to value "output\Escenarios_DCH\Costo_variable\3_estaciones_base\Costo_variable\valor_minimo_nuevo_0.001\Carga_on_board_variable_3estaciones_P320kW\gurobi.log"
Set parameter Threads to value 24
Set parameter Heuristics to value 0.5
Set parameter MIPFocus to value 3
Set parameter Presolve to value 2
Set parameter FlowCoverCuts to value 2
Set parameter TimeLimit to value 172800
Gurobi Optimizer version 12.0.3 build v12.0.3rc0 (win64 - Windows 11+.0 (26200.2))

CPU model: Intel(R) Core(TM) i9-14900K, instruction set [SSE2|AVX|AVX2]
Thread count: 24 physical cores, 32 logical processors, using up to 24 threads

Non-default parameters:
TimeLimit  172800
MIPGap  0.01
Heuristics  0.5
MIPFocus  3
FlowCoverCuts  2
Presolve  2
Threads  24

Optimize a model with 275046 rows, 895254 columns and 2912265 nonzeros
Model fingerprint: 0xcb2bd8d5
Variable types: 114192 continuous, 781062 integer (781059 binary)
Coefficient statistics:
  Matrix range     [1e-01, 3e+02]
  Objective range  [3e-03, 3e+05]
  Bounds range     [1e+00, 1e+00]
  RHS range        [1e+00, 1e+18]
Warning: Model contains large rhs
         Consider reformulating model or setting NumericFocus parameter
         to avoid numerical issues.
Found heuristic solution: objective 9.880240e+10
Presolve removed 226590 rows and 561462 columns (presolve time = 21s)...
Presolve removed 226590 rows and 561462 columns
Presolve time: 20.66s
Presolved: 48456 rows, 333792 columns, 931104 nonzeros
Variable types: 46656 continuous, 287136 integer (287136 binary)
Root relaxation presolve removed 17568 rows and 17568 columns
Root relaxation presolved: 30888 rows, 316224 columns, 895968 nonzeros

Deterministic concurrent LP optimizer: primal simplex, dual simplex, and barrier
Showing barrier log only...

Root barrier log...

Ordering time: 0.13s

Barrier statistics:
 AA' NZ     : 5.910e+05
 Factor NZ  : 2.028e+06 (roughly 160 MB of memory)
 Factor Ops : 1.692e+08 (less than 1 second per iteration)
 Threads    : 22

                  Objective                Residual
Iter       Primal          Dual         Primal    Dual     Compl     Time
   0   1.51084084e+11 -1.35665503e+12  7.66e+02 3.16e+04  1.25e+07    22s
   1   4.06918936e+10 -4.06236773e+11  7.64e+01 2.33e-09  1.49e+06    22s
   2   2.23281004e+09 -1.04193217e+11  3.31e-01 1.86e-09  1.65e+05    22s
   3   2.49152469e+08 -3.58723730e+09  6.37e-03 1.27e-09  5.89e+03    22s
   4   4.35462956e+07 -6.01905191e+08  1.42e-03 1.25e-09  9.91e+02    22s
   5   2.40936230e+07 -7.24521122e+07  4.73e-04 1.27e-09  1.48e+02    23s
   6   1.90564547e+07 -3.81713199e+07  3.78e-04 1.17e-09  8.78e+01    23s
   7   1.65310699e+07 -8.28682445e+06  3.27e-04 1.27e-09  3.81e+01    23s
   8   8.75316073e+06 -2.21451834e+06  1.62e-04 1.07e-09  1.68e+01    23s
   9   7.17861814e+06 -7.21548605e+05  1.29e-04 1.13e-09  1.21e+01    23s
  10   3.89445708e+06 -4.81624156e+03  5.82e-05 1.12e-09  5.98e+00    23s
  11   3.22261810e+06  3.27044626e+05  4.40e-05 9.72e-10  4.44e+00    23s
  12   2.73079970e+06  5.21920741e+05  3.40e-05 1.01e-09  3.39e+00    23s
  13   2.47611809e+06  5.76925008e+05  2.86e-05 9.94e-10  2.91e+00    23s
  14   2.25081224e+06  7.38669453e+05  2.40e-05 9.32e-10  2.32e+00    23s
  15   1.94595709e+06  8.97943047e+05  1.78e-05 1.07e-09  1.61e+00    23s
  16   1.76074305e+06  9.57148762e+05  1.40e-05 1.01e-09  1.23e+00    23s
  17   1.63531850e+06  9.80885186e+05  1.14e-05 1.03e-09  1.00e+00    23s
  18   1.50556228e+06  1.01725081e+06  8.71e-06 1.06e-09  7.49e-01    24s
  19   1.41223636e+06  1.04561746e+06  6.76e-06 9.11e-10  5.63e-01    24s
  20   1.35383621e+06  1.05908278e+06  5.55e-06 1.06e-09  4.52e-01    24s
  21   1.25920333e+06  1.07131226e+06  3.57e-06 9.13e-10  2.88e-01    24s
  22   1.20719372e+06  1.07881888e+06  2.48e-06 8.14e-10  1.97e-01    24s
  23   1.17742235e+06  1.08206251e+06  1.85e-06 9.00e-10  1.46e-01    24s
  24   1.15676514e+06  1.08519184e+06  1.41e-06 9.58e-10  1.10e-01    24s
  25   1.12669789e+06  1.08682817e+06  7.79e-07 9.46e-10  6.12e-02    24s
  26   1.11990443e+06  1.08731846e+06  6.36e-07 8.24e-10  5.00e-02    24s
  27   1.10559158e+06  1.08812752e+06  3.38e-07 1.12e-09  2.68e-02    24s
  28   1.10078199e+06  1.08867884e+06  2.37e-07 9.96e-10  1.86e-02    24s
  29   1.09425309e+06  1.08890281e+06  1.02e-07 9.35e-10  8.21e-03    24s
  30   1.09175349e+06  1.08900709e+06  5.14e-08 9.78e-10  4.22e-03    24s
  31   1.09051595e+06  1.08905570e+06  2.70e-08 1.05e-09  2.24e-03    24s
  32   1.08984495e+06  1.08908262e+06  1.39e-08 8.97e-10  1.17e-03    25s
  33   1.08922827e+06  1.08910184e+06  1.85e-09 9.70e-10  1.94e-04    25s
  34   1.08916650e+06  1.08911428e+06  7.78e-10 1.12e-09  8.01e-05    25s
  35   1.08913592e+06  1.08911744e+06  2.55e-10 9.40e-10  2.84e-05    25s
  36   1.08912956e+06  1.08911948e+06  1.50e-10 1.07e-09  1.55e-05    25s
  37   1.08912600e+06  1.08911986e+06  1.32e-10 1.07e-09  9.43e-06    25s
  38   1.08912260e+06  1.08912017e+06  1.11e-10 9.65e-10  3.73e-06    25s
  39   1.08912140e+06  1.08912027e+06  4.63e-10 7.81e-10  1.75e-06    25s
  40   1.08912032e+06  1.08912027e+06  3.07e-09 1.14e-09  6.70e-08    25s
  41   1.08912030e+06  1.08912029e+06  2.63e-10 8.82e-10  9.14e-09    25s
  42   1.08912030e+06  1.08912030e+06  1.72e-10 1.07e-09  8.45e-10    25s

Barrier solved model in 42 iterations and 25.12 seconds (16.95 work units)
Optimal objective 1.08912030e+06


Root crossover log...

    7342 DPushes remaining with DInf 0.0000000e+00                25s
       0 DPushes remaining with DInf 0.0000000e+00                25s

  115784 PPushes remaining with PInf 3.6965986e-05                25s
       0 PPushes remaining with PInf 0.0000000e+00                27s

  Push phase complete: Pinf 0.0000000e+00, Dinf 7.7850504e-12     27s


Root simplex log...

Iteration    Objective       Primal Inf.    Dual Inf.      Time
  123129    1.0891203e+06   0.000000e+00   0.000000e+00     27s
Concurrent spin time: 0.02s

Solved with barrier
  128280    1.0891203e+06   0.000000e+00   0.000000e+00     27s
Extra simplex iterations after uncrush: 5151

Root relaxation: objective 1.089120e+06, 128280 iterations, 5.89 seconds (4.76 work units)
Total elapsed time = 32.26s (DegenMoves)
Total elapsed time = 35.46s (DegenMoves)

    Nodes    |    Current Node    |     Objective Bounds      |     Work
 Expl Unexpl |  Obj  Depth IntInf | Incumbent    BestBd   Gap | It/Node Time

     0     0 1089120.30    0 6136 9.8802e+10 1089120.30   100%     -   41s
H    0     0                    4.169331e+10 1089120.30   100%     -   42s
     0     0 1092815.63    0 5616 4.1693e+10 1092815.63   100%     -   59s
H    0     0                    4.232088e+07 1092815.63  97.4%     -   60s
     0     0 1100277.94    0 6425 4.2321e+07 1100277.94  97.4%     -   63s
     0     0 1135372.36    0 6208 4.2321e+07 1135372.36  97.3%     -   66s
     0     0 1170569.06    0 6026 4.2321e+07 1170569.06  97.2%     -   70s
     0     0 1205973.21    0 5816 4.2321e+07 1205973.21  97.2%     -   73s
     0     0 1240341.45    0 5677 4.2321e+07 1240341.45  97.1%     -   75s
     0     0 1275293.69    0 5392 4.2321e+07 1275293.69  97.0%     -   76s
     0     0 1311979.43    0 5142 4.2321e+07 1311979.43  96.9%     -   77s
     0     0 1347503.86    0 4690 4.2321e+07 1347503.86  96.8%     -   78s
     0     0 1386301.31    0 4094 4.2321e+07 1386301.31  96.7%     -   80s
     0     0 1424642.26    0 3151 4.2321e+07 1424642.26  96.6%     -   82s
     0     0 1449970.18    0 2585 4.2321e+07 1449970.18  96.6%     -   83s
     0     0 1455880.27    0 2310 4.2321e+07 1455880.27  96.6%     -   83s
     0     0 1455981.19    0 2294 4.2321e+07 1455981.19  96.6%     -   83s
     0     0 1455981.19    0 2297 4.2321e+07 1455981.19  96.6%     -   84s
     0     0 1456136.61    0 1290 4.2321e+07 1456136.61  96.6%     -   97s
H    0     0                    3.937184e+07 1456136.61  96.3%     -   99s
H    0     0                    3.685053e+07 1456136.61  96.0%     -   99s
H    0     0                    3.506582e+07 1456136.61  95.8%     -   99s
H    0     0                    3.494487e+07 1456136.61  95.8%     -   99s
H    0     0                    3.476107e+07 1456136.61  95.8%     -   99s
H    0     0                    3.460627e+07 1456136.61  95.8%     -   99s
H    0     0                    3.451439e+07 1456136.61  95.8%     -   99s
H    0     0                    3.423884e+07 1456136.61  95.7%     -  100s
H    0     0                    3.423875e+07 1456136.61  95.7%     -  100s
H    0     0                    3.423875e+07 1456136.61  95.7%     -  101s
H    0     0                    3.423874e+07 1456136.61  95.7%     -  101s
H    0     0                    3.423874e+07 1456136.61  95.7%     -  101s
H    0     0                    3.420966e+07 1456136.61  95.7%     -  101s
     0     0 1456139.09    0 1431 3.4210e+07 1456139.09  95.7%     -  102s
     0     0 1456365.29    0 1160 3.4210e+07 1456365.29  95.7%     -  112s
H    0     0                    1.668016e+07 1456365.29  91.3%     -  113s
H    0     0                    1.507827e+07 1456365.29  90.3%     -  113s
     0     0 1456372.45    0 1490 1.5078e+07 1456372.45  90.3%     -  113s
     0     0 1456496.80    0 1250 1.5078e+07 1456496.80  90.3%     -  124s
     0     0 1456496.80    0 1175 1.5078e+07 1456496.80  90.3%     -  129s
H    0     0                    4353427.3021 1456496.80  66.5%     -  130s
H    0     0                    4353425.2555 1456496.80  66.5%     -  130s
H    0     0                    4324319.4588 1456496.80  66.3%     -  130s
H    0     0                    4324315.2214 1456496.80  66.3%     -  130s
H    0     0                    3849937.1072 1456496.80  62.2%     -  142s
H    0     0                    3524799.5578 1456496.80  58.7%     -  153s
H    0     0                    3495659.4537 1456496.80  58.3%     -  154s
H    0     0                    3466416.0000 1456496.80  58.0%     -  155s
H    0     0                    3466312.7708 1456496.80  58.0%     -  155s
H    0     0                    3437187.8165 1456496.80  57.6%     -  155s
H    0     0                    3437101.3112 1456496.80  57.6%     -  156s
H    0     0                    3436816.6454 1456496.80  57.6%     -  159s
H    0     0                    3407765.5724 1456496.80  57.3%     -  164s
H    0     0                    3349804.9575 1456496.80  56.5%     -  166s
H    0     0                    3262605.0230 1456496.80  55.4%     -  169s
H    0     0                    3233679.3851 1456496.80  55.0%     -  172s
H    0     0                    3175314.3718 1456496.80  54.1%     -  175s
H    0     0                    3175308.5439 1456496.80  54.1%     -  177s
H    0     0                    3087878.3841 1456496.80  52.8%     -  179s
H    0     0                    3058912.8225 1456496.80  52.4%     -  181s
H    0     0                    3000596.7626 1456496.80  51.5%     -  183s
H    0     0                    2942324.4739 1456496.80  50.5%     -  185s
H    0     0                    2825929.5127 1456496.80  48.5%     -  188s
H    0     0                    2825798.3651 1456496.80  48.5%     -  190s
H    0     0                    2767714.3639 1456496.80  47.4%     -  192s
H    0     0                    2709623.8281 1456496.80  46.2%     -  194s
H    0     0                    2622300.8786 1456496.80  44.5%     -  196s
H    0     0                    2593175.1606 1456496.80  43.8%     -  197s
H    0     0                    2593069.4924 1456496.80  43.8%     -  199s
H    0     0                    2564042.1373 1456496.80  43.2%     -  202s
H    0     0                    2563907.6511 1456496.80  43.2%     -  204s
H    0     0                    2563896.7587 1456496.80  43.2%     -  206s
H    0     0                    2563846.2820 1456496.80  43.2%     -  208s
H    0     0                    2563832.3714 1456496.80  43.2%     -  210s
H    0     0                    2505874.8007 1456496.80  41.9%     -  212s
H    0     0                    2447872.4904 1456496.80  40.5%     -  216s
H    0     0                    2389687.7780 1456496.80  39.1%     -  218s
H    0     0                    2302640.6720 1456496.80  36.7%     -  220s
H    0     0                    2244658.1272 1456496.80  35.1%     -  223s
H    0     0                    2215771.5195 1456496.80  34.3%     -  225s
H    0     0                    2128939.3909 1456496.80  31.6%     -  228s
H    0     0                    2042062.2510 1456496.80  28.7%     -  234s
H    0     0                    1984291.2085 1456496.80  26.6%     -  237s
H    0     0                    1926395.0297 1456496.80  24.4%     -  239s
H    0     0                    1868676.0290 1456496.80  22.1%     -  242s
    37     4 1456526.52    2   20 1868676.03 1456526.52  22.1% 21303  250s
   373  1916 1456527.44   10   51 1868676.03 1456527.43  22.1%  2123  259s
H 1953  1916                    1868647.2986 1456527.43  22.1%  15.2  259s
  1954  1920 1456551.95    2   85 1868647.30 1456551.88  22.1%   418  263s
  2244  2232 1456552.00    8  125 1868647.30 1456552.00  22.1%   367  265s
H 2550  2514                    1810653.4119 1456552.01  19.6%  22.7  267s
  2551  2518 1456552.77    2   41 1810653.41 1456552.77  19.6%   332  271s
  2845  2878 1456557.95   12   52 1810653.41 1456557.91  19.6%   298  275s
H 3511  3476                    1781706.2239 1456557.91  18.2%  23.3  277s
  3512  3480 1456557.91    2   31 1781706.22 1456557.91  18.2%   248  281s
  3787  3914 1456557.91   12   46 1781706.22 1456557.91  18.2%   234  285s
H 4766  4666                    1752733.2184 1456557.91  16.9%  30.6  289s
  4767  4670 1456566.04    2   23 1752733.22 1456566.04  16.9%   196  291s
  5058  5455 1456566.04    8   35 1752733.22 1456566.04  16.9%   185  296s
H 5554  5455                    1752719.9311 1456566.04  16.9%  29.6  296s
  5585  5511 1456572.29    6   48 1752719.93 1456572.29  16.9%   171  300s
H 6829  6731                    1752540.5692 1456572.29  16.9%  27.5  304s
  6830  6735 1456591.00    2   33 1752540.57 1456590.91  16.9%   143  309s
  6844  6763 1456591.00    5   34 1752540.57 1456590.91  16.9%   143  310s
H 7353  7256                    1752512.7429 1456590.91  16.9%  28.7  313s
  7354  7261 1456644.05    2   40 1752512.74 1456644.05  16.9%   136  316s
  7699  8408 1456645.84   13   42 1752512.74 1456645.84  16.9%   130  322s
H 8506  8408                    1752500.9621 1456645.84  16.9%  28.1  322s
  8507  8412 1456702.96    2   28 1752500.96 1456702.96  16.9%   121  326s
  8989 10460 1456702.96    9   22 1752500.96 1456702.96  16.9%   115  333s
H10557 10460                    1752458.2715 1456702.96  16.9%  26.6  333s
 10558 10464 1456702.96    2   77 1752458.27 1456702.96  16.9%   101  336s
H11259 11163                    1752418.1466 1456707.31  16.9%  27.4  339s
 11260 11167 1456707.31    2  130 1752418.15 1456707.31  16.9%  97.4  342s
 11497 12482 1456710.15   12  105 1752418.15 1456710.15  16.9%  96.2  345s
H12577 12482                    1752349.0732 1456710.15  16.9%  27.1  345s
 12632 12713 1456714.46    7  126 1752349.07 1456714.32  16.9%  90.2  350s
H13420 13326                    1752289.7179 1456714.94  16.9%  31.8  352s
 13421 13330 1456788.48    2   25 1752289.72 1456788.48  16.9%  90.5  355s
H14674 14581                    1752116.3338 1456788.48  16.9%  30.6  359s
 14675 14585 1456822.97    2   83 1752116.33 1456822.97  16.9%  84.3  363s
 14729 14855 1456831.39    7   97 1752116.33 1456831.34  16.9%  84.1  366s
H15877 15785                    1752114.3973 1456831.39  16.9%  30.1  370s
 15878 15790 1456874.57    2   23 1752114.40 1456874.57  16.9%  79.7  375s
H16645 16552                    1752114.3966 1456874.94  16.9%  30.1  379s
 16646 16556 1456926.75    2   23 1752114.40 1456926.75  16.8%  77.4  383s
 16700 16848 1456926.75    7   27 1752114.40 1456926.75  16.8%  77.2  385s
H17686 17594                    1752086.1150 1456926.75  16.8%  29.7  389s
 17687 17598 1456964.16    2   33 1752086.11 1456964.16  16.8%  74.2  392s
 17741 17890 1456964.16    7   38 1752086.11 1456964.16  16.8%  74.0  396s
H18394 18303                    1752063.6644 1456964.16  16.8%  29.7  398s
 18395 18307 1456983.59    2   30 1752063.66 1456983.59  16.8%  72.6  402s
 18449 18599 1456983.63    7   59 1752063.66 1456983.63  16.8%  72.4  405s
H19217 19127                    1752054.1232 1456983.63  16.8%  29.7  408s
 19218 19131 1456983.63    2   54 1752054.12 1456983.63  16.8%  70.7  412s
 19272 19418 1456983.63    7   81 1752054.12 1456983.63  16.8%  70.7  415s
 19542 20248 1456983.63   10   80 1752054.12 1456983.63  16.8%  69.9  420s
H20337 20248                    1752041.9498 1456983.63  16.8%  29.4  420s
 20338 20252 1457011.94    2   56 1752041.95 1457011.94  16.8%  68.2  425s
 20662 20746 1457026.42   10   77 1752041.95 1457026.42  16.8%  67.8  431s
 20834 23051 1457036.44   11   59 1752041.95 1457030.70  16.8%  68.1  437s
H23140 23051                    1751809.8287 1457033.97  16.8%  29.1  438s
 23141 23055 1457075.83    2   23 1751809.83 1457075.83  16.8%  63.2  440s
 23432 23742 1457107.83   12   29 1751809.83 1457107.83  16.8%  62.5  445s
H23830 23742                    1751804.6265 1457107.83  16.8%  29.1  445s
 23831 23746 1457107.83    2   90 1751804.63 1457107.83  16.8%  62.2  450s
H25008 24921                    1751766.0430 1457111.82  16.8%  29.2  453s
 25009 24925 1457116.14    2   57 1751766.04 1457116.14  16.8%  60.7  457s
 25063 25200 1457116.46    7   91 1751766.04 1457116.46  16.8%  60.7  460s
H25633 25547                    1751604.9741 1457116.74  16.8%  29.5  462s
 25634 25551 1457118.57    2   49 1751604.97 1457118.57  16.8%  60.3  466s
 25895 25842 1457124.18    8  122 1751604.97 1457122.49  16.8%  60.3  470s
H26221 26136                    1751586.3746 1457124.31  16.8%  30.7  471s
 26222 26140 1457171.82    2   17 1751586.37 1457171.82  16.8%  60.7  475s
H26897 26813                    1751586.3596 1457171.82  16.8%  30.6  480s
 26952 27089 1457207.65    7   79 1751586.36 1457205.93  16.8%  59.8  485s
H27466 27383                    1722681.4209 1457205.93  15.4%  30.9  486s
 27467 27387 1457257.68    2   21 1722681.42 1457257.68  15.4%  59.5  490s
 27657 27653 1457257.68    9   16 1722681.42 1457257.68  15.4%  59.2  495s
H29001 28912                    1548452.5894 1457257.68  5.89%  30.5  499s
 29002 28917 1457308.89    2   47 1548452.59 1457308.89  5.89%  57.6  503s
 29056 29177 1457308.89    7    5 1548452.59 1457308.89  5.89%  57.5  505s
 29473 29861 1457308.89   14    5 1548452.59 1457308.89  5.89%  57.2  512s
 30026 29865 1457326.61    2   16 1548452.59 1457326.61  5.88%  56.9  515s
H30801 30616                    1519276.1535 1457338.87  4.08%  30.8  518s
 30802 30621 1457402.55    2   18 1519276.15 1457402.55  4.07%  56.4  522s
 30988 30811 1457420.30    9   49 1519276.15 1457420.30  4.07%  56.3  527s
 31012 30836 1457420.30   10   45 1519276.15 1457420.30  4.07%  56.3  530s
 31718 31521 1457488.43    2   30 1519276.15 1457488.43  4.07%  55.6  536s
 31854 31679 1457488.73   11   51 1519276.15 1457488.73  4.07%  55.6  541s
 32190 33982 1457488.73   16   49 1519276.15 1457488.73  4.07%  55.2  549s
 32445 33982 1457488.73   13   48 1519276.15 1457488.73  4.07%  54.8  550s
H34230 33982                    1519229.1639 1457488.73  4.06%  29.8  550s
 34281 34069 1457536.25    7   27 1519229.16 1457536.25  4.06%  52.7  555s
H34784 34525                    1519177.9726 1457536.25  4.06%  29.8  558s
 34785 34529 1457575.14    2   19 1519177.97 1457575.14  4.06%  52.5  561s
 35079 34964 1457575.14   15   25 1519177.97 1457575.14  4.06%  52.1  565s
 35222 36408 1457575.14   16   20 1519177.97 1457575.14  4.06%  51.9  570s
H36690 36408                    1519143.1783 1457575.14  4.05%  29.0  571s
 36691 36412 1457608.07    2   23 1519143.18 1457608.07  4.05%  50.5  575s
 36876 36598 1457608.07    9   35 1519143.18 1457608.07  4.05%  50.8  580s
H37739 37359                    1519070.4838 1457608.07  4.05%  30.0  583s
 37740 37364 1457630.33    2   12 1519070.48 1457630.33  4.04%  50.9  587s
 37928 38001 1457630.33   10    5 1519070.48 1457630.33  4.04%  50.8  590s
 38491 38296 1457659.62    7   26 1519070.48 1457659.62  4.04%  51.1  595s
 38858 40011 1457659.62   15   22 1519070.48 1457659.62  4.04%  50.6  601s
H40445 40011                    1461264.9934 1457659.62  0.25%  29.9  601s

Cutting planes:
  Gomory: 143
  Lift-and-project: 104
  Implied bound: 56
  MIR: 82
  Mixing: 28
  Flow cover: 3751
  RLT: 21
  Relax-and-lift: 85

Explored 40445 nodes (1996692 simplex iterations) in 608.04 seconds (419.36 work units)
Thread count was 24 (of 32 available processors)

Solution count 10: 1.46126e+06 1.46126e+06 1.51907e+06 ... 1.72268e+06

Optimal solution found (tolerance 1.00e-02)
Best objective 1.461263939147e+06, best bound 1.457659622543e+06, gap 0.2467%
