
Gurobi 12.0.3 (win64) logging started Tue Jul  7 18:01:55 2026

Set parameter LogFile to value "output/DCH_taller_julio/Costo_variable/Ventana_restringida/Carga_on_board_1000kW_Descomp_ventana_carga/station_3_d152_stage1\gurobi.log"
Set parameter Threads to value 5
Set parameter Heuristics to value 0.5
Set parameter MIPFocus to value 3
Set parameter Presolve to value 2
Set parameter FlowCoverCuts to value 2
Set parameter TimeLimit to value 172800
Gurobi Optimizer version 12.0.3 build v12.0.3rc0 (win64 - Windows 11+.0 (26200.2))

CPU model: Intel(R) Core(TM) i9-14900K, instruction set [SSE2|AVX|AVX2]
Thread count: 24 physical cores, 32 logical processors, using up to 5 threads

Non-default parameters:
TimeLimit  172800
MIPGap  0.01
Heuristics  0.5
MIPFocus  3
FlowCoverCuts  2
Presolve  2
Threads  5

Optimize a model with 23329 rows, 35809 columns and 111338 nonzeros
Model fingerprint: 0x4f2c6be3
Variable types: 17323 continuous, 18486 integer (18485 binary)
Coefficient statistics:
  Matrix range     [1e-01, 1e+03]
  Objective range  [1e-02, 2e+05]
  Bounds range     [1e+00, 1e+00]
  RHS range        [1e+00, 1e+04]
Presolve removed 22092 rows and 27284 columns
Presolve time: 0.32s
Presolved: 1237 rows, 8525 columns, 25866 nonzeros
Variable types: 245 continuous, 8280 integer (8279 binary)
Root relaxation presolved: 1237 rows, 8525 columns, 25866 nonzeros


Use crossover to convert LP symmetric solution to basic solution...

Root relaxation: objective 1.804448e+05, 3344 iterations, 0.13 seconds (0.06 work units)

    Nodes    |    Current Node    |     Objective Bounds      |     Work
 Expl Unexpl |  Obj  Depth IntInf | Incumbent    BestBd   Gap | It/Node Time

     0     0 180444.799    0  141          - 180444.799      -     -    1s
     0     0 201755.524    0  156          - 201755.524      -     -    1s
H    0     0                    421609.69421 201755.524  52.1%     -    1s
H    0     0                    416201.76515 201755.524  51.5%     -    1s
H    0     0                    274099.15496 201755.524  26.4%     -    1s
H    0     0                    273892.39075 201755.524  26.3%     -    1s
H    0     0                    273885.78759 201755.524  26.3%     -    1s
H    0     0                    263074.13078 201755.524  23.3%     -    1s
H    0     0                    262650.54017 201755.524  23.2%     -    1s
H    0     0                    262649.38014 201755.524  23.2%     -    1s
H    0     0                    260646.17725 201755.524  22.6%     -    1s
H    0     0                    260579.34103 201755.524  22.6%     -    1s
H    0     0                    260384.57294 201755.524  22.5%     -    2s
H    0     0                    260382.58878 201755.524  22.5%     -    2s
H    0     0                    249573.97549 201755.524  19.2%     -    2s
H    0     0                    247694.95724 201755.524  18.5%     -    2s
H    0     0                    241441.20298 220422.186  8.71%     -    3s
     0     0 220422.186    0  113 241441.203 220422.186  8.71%     -    3s
H    0     0                    241295.22545 220422.186  8.65%     -    3s
H    0     0                    232389.87314 220422.186  5.15%     -    3s
H    0     0                    231895.26159 220422.186  4.95%     -    4s
H    0     0                    231110.31182 220422.186  4.62%     -    4s
H    0     0                    228481.49041 220422.186  3.53%     -    4s
H    0     0                    227967.94587 220422.186  3.31%     -    4s
H    0     0                    227959.55836 220422.186  3.31%     -    4s
H    0     0                    227412.55625 220422.186  3.07%     -    4s
H    0     0                    227269.49504 220422.186  3.01%     -    4s
     0     0 220422.186    0  110 227269.495 220422.186  3.01%     -    4s
     0     0 220422.186    0  123 227269.495 220422.186  3.01%     -    5s
H    0     0                    226872.85585 220422.186  2.84%     -    5s
H    0     0                    226779.69904 220422.186  2.80%     -    5s
     0     0 220422.186    0  149 226779.699 220422.186  2.80%     -    5s
H    0     0                    225808.27309 220422.186  2.39%     -    7s
     0     0 220422.186    0  122 225808.273 220422.186  2.39%     -    7s
H    0     0                    225736.27858 220422.186  2.35%     -    7s
H    0     0                    225723.31144 220422.186  2.35%     -    7s
H    0     0                    224897.07588 220422.186  1.99%     -    7s
H    0     0                    224405.34675 220422.186  1.77%     -    7s
H    0     0                    224404.38748 220422.186  1.77%     -    8s
     0     0 220422.186    0  139 224404.387 220422.186  1.77%     -    8s
     0     0 220422.186    0   79 224404.387 220422.186  1.77%     -    8s
     0     0 220422.186    0   86 224404.387 220422.186  1.77%     -    9s
H    0     0                    223894.86359 220422.186  1.55%     -    9s
H    0     0                    222566.00778 220422.186  0.96%     -    9s
H    0     0                    222483.48819 220422.186  0.93%     -    9s

Cutting planes:
  Gomory: 17
  Lift-and-project: 14
  Cover: 14
  Implied bound: 29
  Projected implied bound: 5
  Clique: 7
  MIR: 46
  Mixing: 3
  Flow cover: 97
  Zero half: 25
  Relax-and-lift: 60

Explored 1 nodes (27658 simplex iterations) in 9.35 seconds (5.13 work units)
Thread count was 5 (of 32 available processors)

Solution count 10: 222483 222566 223895 ... 226780

Optimal solution found (tolerance 1.00e-02)
Best objective 2.224834881915e+05, best bound 2.204221858699e+05, gap 0.9265%
