
Gurobi 12.0.0 (win64) logging started Mon Sep  7 03:37:36 2026

Set parameter LogFile to value "C:\Users\TECNO-MASTER\Desktop\Elmo_infrastructure_sizing_NP-\output\DCH_septiembre\Bateria_353\Costo_fijo\Ventana_restringida\Carga_on_board_fixed_3estaciones_P640kW_Descomp/station_1_d152_stage1\gurobi.log"
Set parameter Threads to value 1
Set parameter Heuristics to value 0.5
Set parameter MIPFocus to value 3
Set parameter Presolve to value 2
Set parameter FlowCoverCuts to value 2
Set parameter TimeLimit to value 1200
Gurobi Optimizer version 12.0.0 build v12.0.0rc1 (win64 - Windows 11+.0 (26200.2))

CPU model: Intel(R) Core(TM) i9-14900K, instruction set [SSE2|AVX|AVX2]
Thread count: 24 physical cores, 32 logical processors, using up to 1 threads

Non-default parameters:
TimeLimit  1200
MIPGap  0.05
Heuristics  0.5
MIPFocus  3
FlowCoverCuts  2
Presolve  2
Threads  1

Optimize a model with 23314 rows, 37249 columns and 111230 nonzeros
Model fingerprint: 0xe7bee343
Variable types: 17323 continuous, 19926 integer (19925 binary)
Coefficient statistics:
  Matrix range     [1e-01, 6e+02]
  Objective range  [4e-01, 1e+05]
  Bounds range     [1e+00, 1e+00]
  RHS range        [1e+00, 1e+04]
Presolve removed 22108 rows and 28478 columns
Presolve time: 0.19s
Presolved: 1206 rows, 8771 columns, 26578 nonzeros
Variable types: 233 continuous, 8538 integer (8537 binary)
Root relaxation presolved: 1206 rows, 8771 columns, 26578 nonzeros


Use crossover to convert LP symmetric solution to basic solution...

Root relaxation: objective 1.381079e+05, 2941 iterations, 0.06 seconds (0.05 work units)

    Nodes    |    Current Node    |     Objective Bounds      |     Work
 Expl Unexpl |  Obj  Depth IntInf | Incumbent    BestBd   Gap | It/Node Time

     0     0 138107.917    0   96          - 138107.917      -     -    0s
H    0     0                    269998.94877 138107.917  48.8%     -    0s
     0     0 153014.789    0  120 269998.949 153014.789  43.3%     -    1s
H    0     0                    196101.36085 154594.281  21.2%     -    1s
H    0     0                    192849.04198 154594.281  19.8%     -    1s
H    0     0                    191099.04198 154594.281  19.1%     -    1s
H    0     0                    188417.25910 154594.281  18.0%     -    1s
H    0     0                    173386.28730 154594.281  10.8%     -    1s
H    0     0                    170761.28730 154594.281  9.47%     -    1s
     0     0 154594.281    0  106 170761.287 154594.281  9.47%     -    2s
H    0     0                    167752.74938 154594.281  7.84%     -    2s
H    0     0                    167726.25811 154594.281  7.83%     -    2s
     0     0 154594.281    0  106 167726.258 154594.281  7.83%     -    3s
H    0     0                    167337.17140 154594.281  7.62%     -    3s
     0     0 154594.281    0  119 167337.171 154594.281  7.62%     -    3s
     0     0 154594.281    0  103 167337.171 154594.281  7.62%     -    4s
     0     0 154594.281    0  107 167337.171 154594.281  7.62%     -    4s
     0     0 154594.281    0  101 167337.171 154594.281  7.62%     -    4s
     0     0 154594.281    0  114 167337.171 154594.281  7.62%     -    4s
H    0     0                    167251.50802 154594.281  7.57%     -    5s
H    0     0                    164870.74238 154594.281  6.23%     -    5s
H    0     0                    163745.93715 154594.281  5.59%     -    5s
H    0     0                    163605.47125 154594.281  5.51%     -    5s
H    0     0                    163160.01114 154594.281  5.25%     -    5s
     0     2 154594.281    0  103 163160.011 154594.281  5.25%     -    5s
H   26    26                    162511.18606 154974.551  4.64%   200    7s

Cutting planes:
  Gomory: 4
  Cover: 19
  Implied bound: 26
  Clique: 14
  MIR: 114
  Mixing: 1
  Flow cover: 153
  Zero half: 26
  RLT: 1
  Relax-and-lift: 37

Explored 27 nodes (19224 simplex iterations) in 7.17 seconds (6.64 work units)
Thread count was 1 (of 32 available processors)

Solution count 10: 162511 163160 163605 ... 170761

Optimal solution found (tolerance 5.00e-02)
Best objective 1.625111860588e+05, best bound 1.549745513467e+05, gap 4.6376%
