
Gurobi 12.0.0 (win64) logging started Mon Sep  7 03:59:01 2026

Set parameter LogFile to value "C:\Users\TECNO-MASTER\Desktop\Elmo_infrastructure_sizing_NP-\output\DCH_septiembre\Bateria_482\Costo_variable\Carga_libre\Carga_on_board_variable_3estaciones_P320kW_Descomp/station_1_d244_stage1\gurobi.log"
Set parameter Threads to value 1
Set parameter Heuristics to value 0.5
Set parameter MIPFocus to value 3
Set parameter Presolve to value 2
Set parameter FlowCoverCuts to value 2
Set parameter TimeLimit to value 1200
Gurobi Optimizer version 12.0.0 build v12.0.0rc1 (win64 - Windows 11+.0 (26200.2))

CPU model: Intel(R) Core(TM) i9-14900K, instruction set [SSE2|AVX|AVX2]
Thread count: 24 physical cores, 32 logical processors, using up to 1 threads

Non-default parameters:
TimeLimit  1200
MIPGap  0.05
Heuristics  0.5
MIPFocus  3
FlowCoverCuts  2
Presolve  2
Threads  1

Optimize a model with 22770 rows, 37249 columns and 110686 nonzeros
Model fingerprint: 0xa94c6538
Variable types: 17323 continuous, 19926 integer (19925 binary)
Coefficient statistics:
  Matrix range     [1e-01, 3e+02]
  Objective range  [8e-03, 8e+04]
  Bounds range     [1e+00, 1e+00]
  RHS range        [1e+00, 1e+04]
Presolve removed 19951 rows and 26950 columns
Presolve time: 0.22s
Presolved: 2819 rows, 10299 columns, 31535 nonzeros
Variable types: 841 continuous, 9458 integer (9457 binary)
Root relaxation presolved: 2819 rows, 10299 columns, 31535 nonzeros


Root relaxation: objective 7.189876e+04, 5015 iterations, 0.53 seconds (0.66 work units)

    Nodes    |    Current Node    |     Objective Bounds      |     Work
 Expl Unexpl |  Obj  Depth IntInf | Incumbent    BestBd   Gap | It/Node Time

     0     0 71898.7608    0  399          - 71898.7608      -     -    1s
     0     0 115350.127    0   49          - 115350.127      -     -    4s
     0     0 115354.809    0   37          - 115354.809      -     -    4s
     0     0 115354.809    0   32          - 115354.809      -     -    4s
H    0     0                    115573.05776 115354.809  0.19%     -    4s

Cutting planes:
  Gomory: 7
  Lift-and-project: 2
  Cover: 1
  Mixing: 1
  RLT: 1

Explored 1 nodes (26180 simplex iterations) in 4.96 seconds (5.15 work units)
Thread count was 1 (of 32 available processors)

Solution count 1: 115573 

Optimal solution found (tolerance 5.00e-02)
Best objective 1.155730577626e+05, best bound 1.153548086620e+05, gap 0.1888%
