
Gurobi 10.0.0 (win64) logging started Wed Oct  1 20:05:36 2025

Set parameter LogFile to value "ELMO_log.txt"
Set parameter Threads to value 4
Set parameter Heuristics to value 0.8
Gurobi Optimizer version 10.0.0 build v10.0.0rc2 (win64)

CPU model: Intel(R) Core(TM) i9-14900K, instruction set [SSE2|AVX|AVX2]
Thread count: 24 physical cores, 32 logical processors, using up to 4 threads

Optimize a model with 4096 rows, 33808 columns and 52864 nonzeros
Model fingerprint: 0x0e791fe2
Variable types: 1552 continuous, 32256 integer (32256 binary)
Coefficient statistics:
  Matrix range     [5e-01, 4e+02]
  Objective range  [5e-02, 5e-02]
  Bounds range     [1e+00, 4e+02]
  RHS range        [1e+00, 7e+02]
Presolve removed 3999 rows and 33301 columns
Presolve time: 0.03s
Presolved: 97 rows, 507 columns, 1434 nonzeros
Variable types: 87 continuous, 420 integer (420 binary)
Found heuristic solution: objective 2092.6836406

Root relaxation: cutoff, 153 iterations, 0.00 seconds (0.00 work units)

    Nodes    |    Current Node    |     Objective Bounds      |     Work
 Expl Unexpl |  Obj  Depth IntInf | Incumbent    BestBd   Gap | It/Node Time

     0     0     cutoff    0      2092.68364 2092.68364  0.00%     -    0s

Explored 1 nodes (153 simplex iterations) in 0.05 seconds (0.07 work units)
Thread count was 4 (of 32 available processors)

Solution count 1: 2092.68 

Optimal solution found (tolerance 1.00e-02)
Best objective 2.092683640592e+03, best bound 2.092683640592e+03, gap 0.0000%
