
Gurobi 12.0.0 (win64) logging started Mon Sep  7 03:41:24 2026

Set parameter LogFile to value "C:\Users\TECNO-MASTER\Desktop\Elmo_infrastructure_sizing_NP-\output\DCH_septiembre\Bateria_353\Costo_variable\Carga_libre\Carga_on_board_variable_3estaciones_P160kW_Descomp/station_1_d91_stage1\gurobi.log"
Set parameter Threads to value 1
Set parameter Heuristics to value 0.5
Set parameter MIPFocus to value 3
Set parameter Presolve to value 2
Set parameter FlowCoverCuts to value 2
Set parameter TimeLimit to value 1200
Gurobi Optimizer version 12.0.0 build v12.0.0rc1 (win64 - Windows 11+.0 (26200.2))

CPU model: Intel(R) Core(TM) i9-14900K, instruction set [SSE2|AVX|AVX2]
Thread count: 24 physical cores, 32 logical processors, using up to 1 threads

Non-default parameters:
TimeLimit  1200
MIPGap  0.05
Heuristics  0.5
MIPFocus  3
FlowCoverCuts  2
Presolve  2
Threads  1

Optimize a model with 22770 rows, 37249 columns and 110686 nonzeros
Model fingerprint: 0x73092e6e
Variable types: 17323 continuous, 19926 integer (19925 binary)
Coefficient statistics:
  Matrix range     [1e-01, 2e+02]
  Objective range  [1e-02, 6e+04]
  Bounds range     [1e+00, 1e+00]
  RHS range        [1e+00, 1e+04]
Presolve removed 19951 rows and 26950 columns
Presolve time: 0.25s
Presolved: 2819 rows, 10299 columns, 31535 nonzeros
Variable types: 841 continuous, 9458 integer (9457 binary)
Root relaxation presolved: 2819 rows, 10299 columns, 31535 nonzeros


Root relaxation: objective 9.478014e+04, 6023 iterations, 0.67 seconds (0.78 work units)

    Nodes    |    Current Node    |     Objective Bounds      |     Work
 Expl Unexpl |  Obj  Depth IntInf | Incumbent    BestBd   Gap | It/Node Time

     0     0 112668.554    0  120          - 112668.554      -     -    3s
     0     0 112701.371    0  190          - 112701.371      -     -    4s
     0     0 112701.371    0  179          - 112701.371      -     -    4s
     0     0 112701.371    0   98          - 112701.371      -     -    5s
     0     0 112701.371    0   83          - 112701.371      -     -    6s
     0     0 112701.371    0   86          - 112701.371      -     -    7s
     0     0 112701.371    0  113          - 112701.371      -     -    7s
     0     0 112701.371    0  113          - 112701.371      -     -    8s
H    0     0                    114674.51554 112701.371  1.72%     -    8s

Cutting planes:
  Gomory: 2
  Lift-and-project: 7
  Cover: 4
  Clique: 1
  MIR: 1
  Mixing: 1
  Flow cover: 3
  Zero half: 15
  RLT: 1
  Relax-and-lift: 5

Explored 1 nodes (32665 simplex iterations) in 8.64 seconds (8.20 work units)
Thread count was 1 (of 32 available processors)

Solution count 1: 114675 

Optimal solution found (tolerance 5.00e-02)
Best objective 1.146745155446e+05, best bound 1.127013707034e+05, gap 1.7206%
