
Gurobi 12.0.3 (win64) logging started Tue Jun 30 15:29:43 2026

Set parameter LogFile to value "output/DCH_taller_julio/Costo_variable/Carga_on_board_1000kW_Descomp/station_2_d152\gurobi.log"
Set parameter Threads to value 5
Set parameter Heuristics to value 0.5
Set parameter MIPFocus to value 3
Set parameter Presolve to value 2
Set parameter FlowCoverCuts to value 2
Set parameter TimeLimit to value 172800
Gurobi Optimizer version 12.0.3 build v12.0.3rc0 (win64 - Windows 11+.0 (26200.2))

CPU model: Intel(R) Core(TM) i9-14900K, instruction set [SSE2|AVX|AVX2]
Thread count: 24 physical cores, 32 logical processors, using up to 5 threads

Non-default parameters:
TimeLimit  172800
MIPGap  0.01
Heuristics  0.5
MIPFocus  3
FlowCoverCuts  2
Presolve  2
Threads  5

Optimize a model with 23795 rows, 37807 columns and 115930 nonzeros
Model fingerprint: 0x9ce6816e
Variable types: 18325 continuous, 19482 integer (19481 binary)
Coefficient statistics:
  Matrix range     [1e-01, 1e+03]
  Objective range  [1e-02, 1e+02]
  Bounds range     [1e+00, 1e+00]
  RHS range        [1e+00, 1e+04]
Presolve removed 21393 rows and 27338 columns
Presolve time: 0.12s
Presolved: 2402 rows, 10469 columns, 31720 nonzeros
Variable types: 821 continuous, 9648 integer (9648 binary)
Root relaxation presolved: 2402 rows, 10469 columns, 31720 nonzeros


Root relaxation: objective 2.147292e+05, 2472 iterations, 0.09 seconds (0.14 work units)

    Nodes    |    Current Node    |     Objective Bounds      |     Work
 Expl Unexpl |  Obj  Depth IntInf | Incumbent    BestBd   Gap | It/Node Time

     0     0 214729.160    0  206          - 214729.160      -     -    0s
H    0     0                    289131.91337 214729.160  25.7%     -    0s
H    0     0                    282417.70996 214729.160  24.0%     -    0s
H    0     0                    276290.31499 214729.160  22.3%     -    0s
H    0     0                    276290.02223 214729.160  22.3%     -    0s
H    0     0                    275647.77529 214729.160  22.1%     -    0s
H    0     0                    269577.21419 214729.160  20.3%     -    0s
H    0     0                    264796.33383 214729.160  18.9%     -    0s
H    0     0                    263905.05663 214729.160  18.6%     -    0s
H    0     0                    263903.35821 214729.160  18.6%     -    0s
H    0     0                    257937.33985 214729.160  16.8%     -    0s
H    0     0                    257773.39730 214729.160  16.7%     -    0s
H    0     0                    257772.52037 214729.160  16.7%     -    0s
H    0     0                    257759.73442 214729.160  16.7%     -    0s
H    0     0                    257758.39664 214729.160  16.7%     -    0s
H    0     0                    255541.96741 214875.766  15.9%     -    1s
H    0     0                    253621.72176 214875.766  15.3%     -    1s
H    0     0                    227631.94007 214875.766  5.60%     -    1s
H    0     0                    227216.82193 214875.766  5.43%     -    1s
H    0     0                    226967.58160 214875.766  5.33%     -    1s
     0     0 214910.537    0  251 226967.582 214910.537  5.31%     -    1s
H    0     0                    226639.48798 214910.537  5.18%     -    1s
H    0     0                    226274.37181 214910.537  5.02%     -    1s
H    0     0                    225668.40561 214910.537  4.77%     -    1s
H    0     0                    225662.22264 214910.537  4.76%     -    1s
H    0     0                    225642.75425 214910.537  4.76%     -    1s
H    0     0                    225561.62036 214910.537  4.72%     -    1s
H    0     0                    219587.18103 214912.117  2.13%     -    1s
H    0     0                    219330.46883 214912.117  2.01%     -    1s
H    0     0                    219243.40735 214912.117  1.98%     -    1s
H    0     0                    219211.49804 214912.117  1.96%     -    1s
H    0     0                    219199.05445 214912.117  1.96%     -    1s
H    0     0                    219162.87360 214912.117  1.94%     -    1s
     0     0 215036.903    0  256 219162.874 215036.903  1.88%     -    1s
     0     0 215036.903    0  254 219162.874 215036.903  1.88%     -    1s
     0     0 215039.947    0  248 219162.874 215039.947  1.88%     -    2s
H    0     0                    217330.46748 215039.947  1.05%     -    2s
     0     0 215042.274    0  243 217330.467 215042.274  1.05%     -    2s
     0     0 215042.278    0  244 217330.467 215042.278  1.05%     -    2s
H    0     0                    216523.52183 215042.786  0.68%     -    3s
H    0     0                    216454.74789 215042.786  0.65%     -    3s
H    0     0                    216454.08209 215042.786  0.65%     -    3s
     0     0 215064.596    0  238 216454.082 215064.596  0.64%     -    3s

Cutting planes:
  Gomory: 20
  Lift-and-project: 27
  Cover: 22
  Implied bound: 6
  Projected implied bound: 3
  Clique: 8
  MIR: 52
  Mixing: 8
  Flow cover: 112
  Zero half: 25
  RLT: 10
  Relax-and-lift: 43
  BQP: 1
  PSD: 11

Explored 1 nodes (13050 simplex iterations) in 3.51 seconds (4.28 work units)
Thread count was 5 (of 32 available processors)

Solution count 10: 216454 216455 216524 ... 219587

Optimal solution found (tolerance 1.00e-02)
Best objective 2.164540820926e+05, best bound 2.150645959228e+05, gap 0.6419%
