
Gurobi 12.0.0 (win64) logging started Mon Sep  7 03:47:11 2026

Set parameter LogFile to value "C:\Users\TECNO-MASTER\Desktop\Elmo_infrastructure_sizing_NP-\output\DCH_septiembre\Bateria_353\Costo_variable\Carga_libre\Carga_on_board_variable_3estaciones_P640kW_Descomp/station_2_d213\gurobi.log"
Set parameter Threads to value 1
Set parameter Heuristics to value 0.5
Set parameter MIPFocus to value 3
Set parameter Presolve to value 2
Set parameter FlowCoverCuts to value 2
Set parameter TimeLimit to value 1200
Gurobi Optimizer version 12.0.0 build v12.0.0rc1 (win64 - Windows 11+.0 (26200.2))

CPU model: Intel(R) Core(TM) i9-14900K, instruction set [SSE2|AVX|AVX2]
Thread count: 24 physical cores, 32 logical processors, using up to 1 threads

Non-default parameters:
TimeLimit  1200
MIPGap  0.05
Heuristics  0.5
MIPFocus  3
FlowCoverCuts  2
Presolve  2
Threads  1

Optimize a model with 23772 rows, 39247 columns and 115808 nonzeros
Model fingerprint: 0x9fc2dc9f
Variable types: 18325 continuous, 20922 integer (20921 binary)
Coefficient statistics:
  Matrix range     [1e-01, 6e+02]
  Objective range  [8e-03, 1e+02]
  Bounds range     [1e+00, 1e+00]
  RHS range        [1e+00, 1e+04]
Presolve removed 21321 rows and 28434 columns
Presolve time: 0.27s
Presolved: 2451 rows, 10813 columns, 32754 nonzeros
Variable types: 841 continuous, 9972 integer (9972 binary)
Root relaxation presolved: 2451 rows, 10813 columns, 32754 nonzeros


Root relaxation: objective 1.485354e+05, 3092 iterations, 0.16 seconds (0.14 work units)

    Nodes    |    Current Node    |     Objective Bounds      |     Work
 Expl Unexpl |  Obj  Depth IntInf | Incumbent    BestBd   Gap | It/Node Time

     0     0 148535.436    0  169          - 148535.436      -     -    1s
H    0     0                    207475.12903 148535.436  28.4%     -    1s
H    0     0                    165431.17491 148535.436  10.2%     -    1s
H    0     0                    161675.23417 148535.436  8.13%     -    1s
H    0     0                    160687.85183 148535.436  7.56%     -    1s
H    0     0                    156683.21046 148535.436  5.20%     -    1s
H    0     0                    156443.75616 148535.436  5.06%     -    1s
H    0     0                    155816.16977 148535.436  4.67%     -    1s

Explored 1 nodes (5002 simplex iterations) in 1.30 seconds (0.84 work units)
Thread count was 1 (of 32 available processors)

Solution count 7: 155816 156444 156683 ... 207475

Optimal solution found (tolerance 5.00e-02)
Best objective 1.558161697742e+05, best bound 1.485354355487e+05, gap 4.6726%
