
Gurobi 12.0.0 (win64) logging started Mon Sep  7 03:56:26 2026

Set parameter LogFile to value "C:\Users\TECNO-MASTER\Desktop\Elmo_infrastructure_sizing_NP-\output\DCH_septiembre\Bateria_482\Costo_variable\Carga_libre\Carga_on_board_variable_3estaciones_P160kW_Descomp/station_3_d91_stage1\gurobi.log"
Set parameter Threads to value 1
Set parameter Heuristics to value 0.5
Set parameter MIPFocus to value 3
Set parameter Presolve to value 2
Set parameter FlowCoverCuts to value 2
Set parameter TimeLimit to value 1200
Gurobi Optimizer version 12.0.0 build v12.0.0rc1 (win64 - Windows 11+.0 (26200.2))

CPU model: Intel(R) Core(TM) i9-14900K, instruction set [SSE2|AVX|AVX2]
Thread count: 24 physical cores, 32 logical processors, using up to 1 threads

Non-default parameters:
TimeLimit  1200
MIPGap  0.05
Heuristics  0.5
MIPFocus  3
FlowCoverCuts  2
Presolve  2
Threads  1

Optimize a model with 22770 rows, 37249 columns and 110688 nonzeros
Model fingerprint: 0x60b53290
Variable types: 17323 continuous, 19926 integer (19925 binary)
Coefficient statistics:
  Matrix range     [1e-01, 2e+02]
  Objective range  [1e-02, 6e+04]
  Bounds range     [1e+00, 1e+00]
  RHS range        [1e+00, 1e+04]
Presolve removed 19951 rows and 26952 columns
Presolve time: 0.25s
Presolved: 2819 rows, 10297 columns, 31529 nonzeros
Variable types: 841 continuous, 9456 integer (9455 binary)
Root relaxation presolved: 2819 rows, 10297 columns, 31529 nonzeros


Root relaxation: objective 1.391566e+05, 6382 iterations, 0.92 seconds (1.01 work units)

    Nodes    |    Current Node    |     Objective Bounds      |     Work
 Expl Unexpl |  Obj  Depth IntInf | Incumbent    BestBd   Gap | It/Node Time

     0     0 139156.555    0  477          - 139156.555      -     -    2s
     0     0 148984.198    0  388          - 148984.198      -     -    2s
     0     0 153721.479    0  280          - 153721.479      -     -    4s
     0     0 155309.718    0  280          - 155309.718      -     -    4s
     0     0 155309.718    0  275          - 155309.718      -     -    5s
     0     0 155309.718    0  279          - 155309.718      -     -    7s
     0     0 155309.718    0  279          - 155309.718      -     -    7s
     0     0 155309.718    0  310          - 155309.718      -     -    9s
     0     0 155309.718    0  293          - 155309.718      -     -   10s
     0     0 155309.718    0  281          - 155309.718      -     -   11s
     0     0 155309.718    0  281          - 155309.718      -     -   12s
H    0     0                    192525.98128 155309.718  19.3%     -   12s
H    0     0                    169523.77188 155309.718  8.38%     -   13s
H    0     0                    166997.12667 155309.718  7.00%     -   13s
H    0     0                    166691.64944 155309.718  6.83%     -   13s
H    0     0                    166661.78302 155309.718  6.81%     -   13s
     0     2 155309.718    0  281 166661.783 155309.718  6.81%     -   13s

Cutting planes:
  Gomory: 7
  Cover: 12
  Clique: 1
  Relax-and-lift: 11

Explored 3 nodes (43274 simplex iterations) in 13.74 seconds (14.25 work units)
Thread count was 1 (of 32 available processors)

Solution count 5: 166662 166692 166997 ... 192526

Optimal solution found (tolerance 5.00e-02)
Best objective 1.666617830192e+05, best bound 1.640270063093e+05, gap 1.5809%
