
Gurobi 12.0.3 (win64) logging started Tue Jun 30 15:28:57 2026

Set parameter LogFile to value "output/DCH_taller_julio/Costo_variable/Carga_on_board_1000kW_Descomp/station_3_d213_stage1\gurobi.log"
Set parameter Threads to value 5
Set parameter Heuristics to value 0.5
Set parameter MIPFocus to value 3
Set parameter Presolve to value 2
Set parameter FlowCoverCuts to value 2
Set parameter TimeLimit to value 172800
Gurobi Optimizer version 12.0.3 build v12.0.3rc0 (win64 - Windows 11+.0 (26200.2))

CPU model: Intel(R) Core(TM) i9-14900K, instruction set [SSE2|AVX|AVX2]
Thread count: 24 physical cores, 32 logical processors, using up to 5 threads

Non-default parameters:
TimeLimit  172800
MIPGap  0.01
Heuristics  0.5
MIPFocus  3
FlowCoverCuts  2
Presolve  2
Threads  5

Optimize a model with 22793 rows, 35809 columns and 110802 nonzeros
Model fingerprint: 0x4b43fe44
Variable types: 17323 continuous, 18486 integer (18485 binary)
Coefficient statistics:
  Matrix range     [1e-01, 1e+03]
  Objective range  [8e-03, 2e+05]
  Bounds range     [1e+00, 1e+00]
  RHS range        [1e+00, 1e+04]
Presolve removed 19960 rows and 25836 columns
Presolve time: 0.10s
Presolved: 2833 rows, 9973 columns, 30958 nonzeros
Variable types: 821 continuous, 9152 integer (9151 binary)
Root relaxation presolved: 2833 rows, 9973 columns, 30958 nonzeros


Root relaxation: objective 6.529802e+04, 3880 iterations, 0.27 seconds (0.62 work units)

    Nodes    |    Current Node    |     Objective Bounds      |     Work
 Expl Unexpl |  Obj  Depth IntInf | Incumbent    BestBd   Gap | It/Node Time

     0     0 65298.0248    0  428          - 65298.0248      -     -    0s
H    0     0                    576933.74171 79159.6833  86.3%     -    1s
H    0     0                    470533.89189 98287.0031  79.1%     -    1s
H    0     0                    287746.10284 98287.0031  65.8%     -    1s
H    0     0                    287689.26284 98287.0031  65.8%     -    1s
H    0     0                    244665.26827 98287.0031  59.8%     -    1s
H    0     0                    244398.75422 98287.0031  59.8%     -    1s
H    0     0                    244396.33498 98287.0031  59.8%     -    1s
H    0     0                    243820.11380 98287.0031  59.7%     -    1s
H    0     0                    243795.88551 98287.0031  59.7%     -    1s
H    0     0                    242889.69584 98287.0031  59.5%     -    1s
H    0     0                    242758.17953 98287.0031  59.5%     -    1s
H    0     0                    242746.46498 98287.0031  59.5%     -    1s
H    0     0                    242700.95739 98287.0031  59.5%     -    1s
H    0     0                    242314.05733 98287.0031  59.4%     -    1s
     0     0 98287.0031    0  388 242314.057 98287.0031  59.4%     -    2s
H    0     0                    224931.76347 106312.436  52.7%     -    2s
H    0     0                    218840.16282 106312.436  51.4%     -    2s
H    0     0                    218443.68951 106312.436  51.3%     -    2s
     0     0 214747.616    0  420 218443.690 214747.616  1.69%     -    2s
H    0     0                    217323.74564 214801.686  1.16%     -    4s
H    0     0                    217271.92058 214801.686  1.14%     -    4s
H    0     0                    217270.73781 214801.686  1.14%     -    4s
H    0     0                    217259.85657 214801.686  1.13%     -    4s
H    0     0                    217258.99261 214801.686  1.13%     -    4s
H    0     0                    217253.06199 214801.686  1.13%     -    4s
     0     0 214909.126    0  367 217253.062 214909.126  1.08%     -    4s
H    0     0                    217232.21899 214911.069  1.07%     -    5s
H    0     0                    216816.81494 214911.069  0.88%     -    5s
H    0     0                    216773.99046 214911.069  0.86%     -    5s
H    0     0                    216612.01283 214911.069  0.79%     -    5s
H    0     0                    216608.81407 214911.069  0.78%     -    5s
H    0     0                    216608.38745 214911.069  0.78%     -    5s
     0     0 214943.755    0  413 216608.387 214943.755  0.77%     -    5s

Cutting planes:
  Gomory: 3
  Cover: 3
  Implied bound: 25
  MIR: 35
  Mixing: 31
  Flow cover: 45
  Zero half: 16
  Relax-and-lift: 3

Explored 1 nodes (29588 simplex iterations) in 5.94 seconds (7.85 work units)
Thread count was 5 (of 32 available processors)

Solution count 10: 216608 216609 216612 ... 217271

Optimal solution found (tolerance 1.00e-02)
Best objective 2.166083874450e+05, best bound 2.149437548756e+05, gap 0.7685%
