
Gurobi 12.0.0 (win64) logging started Sun Aug 23 02:33:34 2026

Set parameter LogFile to value "C:\Users\TECNO-MASTER\Desktop\Elmo_infrastructure_sizing_NP-\output\DCH_agosto\Costo_variable\Ventana_restringida\Carga_on_board_variable_3estaciones_P320kW_Descomp/station_3_d152\gurobi.log"
Set parameter Threads to value 1
Set parameter Heuristics to value 0.5
Set parameter MIPFocus to value 3
Set parameter Presolve to value 2
Set parameter FlowCoverCuts to value 2
Set parameter TimeLimit to value 172800
Gurobi Optimizer version 12.0.0 build v12.0.0rc1 (win64 - Windows 11+.0 (26200.2))

CPU model: Intel(R) Core(TM) i9-14900K, instruction set [SSE2|AVX|AVX2]
Thread count: 24 physical cores, 32 logical processors, using up to 1 threads

Non-default parameters:
TimeLimit  172800
MIPGap  0.01
Heuristics  0.5
MIPFocus  3
FlowCoverCuts  2
Presolve  2
Threads  1

Optimize a model with 23314 rows, 37249 columns and 110330 nonzeros
Model fingerprint: 0x99927bad
Variable types: 17323 continuous, 19926 integer (19925 binary)
Coefficient statistics:
  Matrix range     [1e-01, 3e+02]
  Objective range  [1e-02, 1e+02]
  Bounds range     [1e+00, 3e+00]
  RHS range        [1e+00, 1e+04]
Presolve removed 22277 rows and 28485 columns
Presolve time: 0.16s
Presolved: 1037 rows, 8764 columns, 26355 nonzeros
Variable types: 233 continuous, 8531 integer (8440 binary)
Root relaxation presolved: 1037 rows, 8764 columns, 26355 nonzeros


Use crossover to convert LP symmetric solution to basic solution...

Root relaxation: objective 2.255668e+05, 3088 iterations, 0.05 seconds (0.04 work units)

    Nodes    |    Current Node    |     Objective Bounds      |     Work
 Expl Unexpl |  Obj  Depth IntInf | Incumbent    BestBd   Gap | It/Node Time

     0     0 225566.799    0   43          - 225566.799      -     -    0s
H    0     0                    248618.93796 225566.799  9.27%     -    0s
H    0     0                    234571.14219 225566.799  3.84%     -    0s
H    0     0                    234556.77558 225566.799  3.83%     -    0s
H    0     0                    229262.44041 225566.799  1.61%     -    0s
H    0     0                    229189.08850 225566.799  1.58%     -    0s
H    0     0                    229102.85949 225566.799  1.54%     -    0s
H    0     0                    229093.88459 225566.799  1.54%     -    0s
H    0     0                    229090.58461 225566.799  1.54%     -    0s
     0     0 225566.799    0   23 229090.585 225566.799  1.54%     -    1s
H    0     0                    228403.46834 225566.799  1.24%     -    1s
H    0     0                    228166.09448 225566.799  1.14%     -    1s
H    0     0                    226708.83100 225566.799  0.50%     -    1s

Cutting planes:
  Gomory: 1
  Cover: 2
  MIR: 6
  Flow cover: 8
  RLT: 2
  Relax-and-lift: 4
  PSD: 1

Explored 1 nodes (5940 simplex iterations) in 1.23 seconds (0.96 work units)
Thread count was 1 (of 32 available processors)

Solution count 10: 226709 228166 228403 ... 234571

Optimal solution found (tolerance 1.00e-02)
Best objective 2.267088310013e+05, best bound 2.255667985933e+05, gap 0.5037%
