
Gurobi 12.0.3 (win64) logging started Sun Aug 23 17:23:30 2026

Set parameter LogFile to value "C:\Users\TECNO-MASTER\Desktop\Elmo_infrastructure_sizing_NP-\output\DCH_agosto\Costo_variable\Carga_libre\Carga_on_board_variable_3estaciones_P1000kW_Descomp/station_3_d121_stage1\gurobi.log"
Set parameter Threads to value 1
Set parameter Heuristics to value 0.5
Set parameter MIPFocus to value 3
Set parameter Presolve to value 2
Set parameter FlowCoverCuts to value 2
Set parameter TimeLimit to value 172800
Gurobi Optimizer version 12.0.3 build v12.0.3rc0 (win64 - Windows 11+.0 (26200.2))

CPU model: Intel(R) Core(TM) i9-14900K, instruction set [SSE2|AVX|AVX2]
Thread count: 24 physical cores, 32 logical processors, using up to 1 threads

Non-default parameters:
TimeLimit  172800
MIPGap  0.01
Heuristics  0.5
MIPFocus  3
FlowCoverCuts  2
Presolve  2
Threads  1

Optimize a model with 22770 rows, 37249 columns and 110688 nonzeros
Model fingerprint: 0x1313fa05
Variable types: 17323 continuous, 19926 integer (19925 binary)
Coefficient statistics:
  Matrix range     [1e-01, 1e+03]
  Objective range  [8e-03, 2e+05]
  Bounds range     [1e+00, 3e+00]
  RHS range        [1e+00, 1e+04]
Presolve removed 19880 rows and 26955 columns
Presolve time: 0.26s
Presolved: 2890 rows, 10294 columns, 32192 nonzeros
Variable types: 841 continuous, 9453 integer (9361 binary)
Root relaxation presolved: 2890 rows, 10294 columns, 32192 nonzeros


Root relaxation: objective 4.766351e+04, 7265 iterations, 0.89 seconds (0.91 work units)

    Nodes    |    Current Node    |     Objective Bounds      |     Work
 Expl Unexpl |  Obj  Depth IntInf | Incumbent    BestBd   Gap | It/Node Time

     0     0 47663.5117    0  399          - 47663.5117      -     -    2s
     0     0 75683.6560    0  259          - 75683.6560      -     -    4s
H    0     0                    540076.95014 76881.5763  85.8%     -    4s
H    0     0                    389155.08050 76881.5763  80.2%     -    4s
H    0     0                    218687.87933 76881.5763  64.8%     -    4s
H    0     0                    214601.32343 76881.5763  64.2%     -    4s
H    0     0                    213683.97932 76881.5763  64.0%     -    4s
H    0     0                    213605.25662 76881.5763  64.0%     -    4s
H    0     0                    213602.63384 76881.5763  64.0%     -    4s
H    0     0                    213602.37618 76881.5763  64.0%     -    4s
     0     0 76881.5763    0  260 213602.376 76881.5763  64.0%     -    4s
     0     0 116996.578    0  525 213602.376 116996.578  45.2%     -    6s
H    0     0                    213385.26194 116996.578  45.2%     -    6s
     0     0 116996.578    0  571 213385.262 116996.578  45.2%     -    6s
     0     0 119282.846    0  350 213385.262 119282.846  44.1%     -    8s
H    0     0                    213268.82579 119282.846  44.1%     -    8s
H    0     0                    213084.17519 119282.846  44.0%     -    8s
     0     0 119282.846    0  372 213084.175 119282.846  44.0%     -    8s
     0     0 119282.846    0  343 213084.175 119282.846  44.0%     -   11s
H    0     0                    213033.70982 119282.846  44.0%     -   11s
     0     0 119282.846    0  381 213033.710 119282.846  44.0%     -   11s
     0     0 119282.846    0  381 213033.710 119282.846  44.0%     -   12s
     0     0 119282.846    0  363 213033.710 119282.846  44.0%     -   13s
H    0     0                    213013.23217 119282.846  44.0%     -   13s
H    0     0                    212932.67629 119282.846  44.0%     -   13s
H    0     0                    212913.84223 119282.846  44.0%     -   14s
     0     2 119308.398    0  346 212913.842 119308.398  44.0%     -   14s

Cutting planes:
  Gomory: 3
  Cover: 4
  Implied bound: 4
  Projected implied bound: 7
  Clique: 104
  MIR: 3
  StrongCG: 1
  Flow cover: 16
  Zero half: 1
  Relax-and-lift: 5
  BQP: 143
  PSD: 45

Explored 3 nodes (58693 simplex iterations) in 14.78 seconds (16.69 work units)
Thread count was 1 (of 32 available processors)

Solution count 10: 212914 212933 213013 ... 213605

Optimal solution found (tolerance 1.00e-02)
Best objective 2.129138422291e+05, best bound 2.112375851662e+05, gap 0.7873%
