
Gurobi 12.0.0 (win64) logging started Sun Aug 23 02:32:56 2026

Set parameter LogFile to value "C:\Users\TECNO-MASTER\Desktop\Elmo_infrastructure_sizing_NP-\output\DCH_agosto\Costo_variable\Ventana_restringida\Carga_on_board_variable_3estaciones_P320kW_Descomp/station_1_d60_stage1\gurobi.log"
Set parameter Threads to value 1
Set parameter Heuristics to value 0.5
Set parameter MIPFocus to value 3
Set parameter Presolve to value 2
Set parameter FlowCoverCuts to value 2
Set parameter TimeLimit to value 172800
Gurobi Optimizer version 12.0.0 build v12.0.0rc1 (win64 - Windows 11+.0 (26200.2))

CPU model: Intel(R) Core(TM) i9-14900K, instruction set [SSE2|AVX|AVX2]
Thread count: 24 physical cores, 32 logical processors, using up to 1 threads

Non-default parameters:
TimeLimit  172800
MIPGap  0.01
Heuristics  0.5
MIPFocus  3
FlowCoverCuts  2
Presolve  2
Threads  1

Optimize a model with 23284 rows, 37249 columns and 111170 nonzeros
Model fingerprint: 0x793af0ca
Variable types: 17323 continuous, 19926 integer (19925 binary)
Coefficient statistics:
  Matrix range     [1e-01, 3e+02]
  Objective range  [9e-03, 9e+04]
  Bounds range     [1e+00, 3e+00]
  RHS range        [1e+00, 1e+04]
Presolve removed 22105 rows and 28487 columns
Presolve time: 0.19s
Presolved: 1179 rows, 8762 columns, 27059 nonzeros
Variable types: 232 continuous, 8530 integer (8443 binary)
Root relaxation presolved: 1179 rows, 8762 columns, 27059 nonzeros


Use crossover to convert LP symmetric solution to basic solution...

Root relaxation: objective 1.444687e+05, 3252 iterations, 0.06 seconds (0.05 work units)

    Nodes    |    Current Node    |     Objective Bounds      |     Work
 Expl Unexpl |  Obj  Depth IntInf | Incumbent    BestBd   Gap | It/Node Time

     0     0 215055.623    0   31          - 215055.623      -     -    0s
H    0     0                    215582.52874 215055.623  0.24%     -    0s

Explored 1 nodes (7156 simplex iterations) in 0.70 seconds (0.69 work units)
Thread count was 1 (of 32 available processors)

Solution count 1: 215583 

Optimal solution found (tolerance 1.00e-02)
Best objective 2.155825287435e+05, best bound 2.150556229281e+05, gap 0.2444%
