
Gurobi 12.0.0 (win64) logging started Mon Sep  7 03:56:27 2026

Set parameter LogFile to value "C:\Users\TECNO-MASTER\Desktop\Elmo_infrastructure_sizing_NP-\output\DCH_septiembre\Bateria_482\Costo_variable\Carga_libre\Carga_on_board_variable_3estaciones_P160kW_Descomp/station_2_d60_stage1\gurobi.log"
Set parameter Threads to value 1
Set parameter Heuristics to value 0.5
Set parameter MIPFocus to value 3
Set parameter Presolve to value 2
Set parameter FlowCoverCuts to value 2
Set parameter TimeLimit to value 1200
Gurobi Optimizer version 12.0.0 build v12.0.0rc1 (win64 - Windows 11+.0 (26200.2))

CPU model: Intel(R) Core(TM) i9-14900K, instruction set [SSE2|AVX|AVX2]
Thread count: 24 physical cores, 32 logical processors, using up to 1 threads

Non-default parameters:
TimeLimit  1200
MIPGap  0.05
Heuristics  0.5
MIPFocus  3
FlowCoverCuts  2
Presolve  2
Threads  1

Optimize a model with 23742 rows, 39247 columns and 116650 nonzeros
Model fingerprint: 0xedeb9633
Variable types: 18325 continuous, 20922 integer (20921 binary)
Coefficient statistics:
  Matrix range     [1e-01, 2e+02]
  Objective range  [9e-03, 6e+04]
  Bounds range     [1e+00, 1e+00]
  RHS range        [1e+00, 1e+04]
Presolve removed 20947 rows and 28433 columns
Presolve time: 0.26s
Presolved: 2795 rows, 10814 columns, 32927 nonzeros
Variable types: 840 continuous, 9974 integer (9973 binary)
Root relaxation presolved: 2795 rows, 10814 columns, 32927 nonzeros


Root relaxation: objective 1.161936e+05, 6265 iterations, 0.87 seconds (0.95 work units)

    Nodes    |    Current Node    |     Objective Bounds      |     Work
 Expl Unexpl |  Obj  Depth IntInf | Incumbent    BestBd   Gap | It/Node Time

     0     0 125187.898    0  315          - 125187.898      -     -    2s
     0     0 155383.422    0  146          - 155383.422      -     -    3s
     0     0 155383.422    0   55          - 155383.422      -     -    3s
     0     0 155383.422    0   76          - 155383.422      -     -    3s
     0     0 155383.422    0   95          - 155383.422      -     -    4s
H    0     0                    155524.20159 155383.422  0.09%     -    4s

Cutting planes:
  Gomory: 4
  Lift-and-project: 2
  Cover: 8
  Clique: 2
  Flow cover: 3
  Zero half: 8
  Relax-and-lift: 9

Explored 1 nodes (22153 simplex iterations) in 4.80 seconds (4.29 work units)
Thread count was 1 (of 32 available processors)

Solution count 1: 155524 

Optimal solution found (tolerance 5.00e-02)
Best objective 1.555242015927e+05, best bound 1.553834215555e+05, gap 0.0905%
