
Gurobi 12.0.3 (win64) logging started Mon Sep  7 19:26:35 2026

Set parameter LogFile to value "C:\Users\TECNO-MASTER\Desktop\Elmo_infrastructure_sizing_NP-\output\DCH_septiembre\Bateria_353\Costo_variable\Carga_libre\Carga_on_board_variable_3estaciones_P320kW_Descomp/station_1_d152_stage1\gurobi.log"
Set parameter Threads to value 1
Set parameter Heuristics to value 0.5
Set parameter MIPFocus to value 3
Set parameter Presolve to value 2
Set parameter FlowCoverCuts to value 2
Set parameter TimeLimit to value 1200
Gurobi Optimizer version 12.0.3 build v12.0.3rc0 (win64 - Windows 11+.0 (26200.2))

CPU model: Intel(R) Core(TM) i9-14900K, instruction set [SSE2|AVX|AVX2]
Thread count: 24 physical cores, 32 logical processors, using up to 1 threads

Non-default parameters:
TimeLimit  1200
MIPGap  0.05
Heuristics  0.5
MIPFocus  3
FlowCoverCuts  2
Presolve  2
Threads  1

Optimize a model with 22770 rows, 37249 columns and 110686 nonzeros
Model fingerprint: 0xc1a532b8
Variable types: 17323 continuous, 19926 integer (19925 binary)
Coefficient statistics:
  Matrix range     [1e-01, 3e+02]
  Objective range  [1e-02, 8e+04]
  Bounds range     [1e+00, 1e+00]
  RHS range        [1e+00, 1e+04]
Presolve removed 19951 rows and 26950 columns
Presolve time: 0.22s
Presolved: 2819 rows, 10299 columns, 31535 nonzeros
Variable types: 841 continuous, 9458 integer (9457 binary)
Root relaxation presolved: 2819 rows, 10299 columns, 31535 nonzeros


Root relaxation: objective 7.248485e+04, 5163 iterations, 0.56 seconds (0.63 work units)

    Nodes    |    Current Node    |     Objective Bounds      |     Work
 Expl Unexpl |  Obj  Depth IntInf | Incumbent    BestBd   Gap | It/Node Time

     0     0 72484.8498    0  402          - 72484.8498      -     -    1s
     0     0 83325.4112    0  403          - 83325.4112      -     -    3s
H    0     0                    155058.15272 87397.3055  43.6%     -    3s
H    0     0                    151005.45630 87397.3055  42.1%     -    3s
H    0     0                    146611.10575 87397.3055  40.4%     -    3s
H    0     0                    138629.99755 87397.3055  37.0%     -    3s
H    0     0                    135768.45266 87397.3055  35.6%     -    3s
H    0     0                    126238.02894 87397.3055  30.8%     -    3s
H    0     0                    116837.31812 87397.3055  25.2%     -    3s
     0     0 87397.3055    0  469 116837.318 87397.3055  25.2%     -    3s
     0     0 87397.3055    0  468 116837.318 87397.3055  25.2%     -    3s
     0     0 87397.3055    0  243 116837.318 87397.3055  25.2%     -    5s
H    0     0                    116759.18057 87397.3055  25.1%     -    5s
     0     0 87397.3055    0  274 116759.181 87397.3055  25.1%     -    5s
     0     0 87397.3055    0  266 116759.181 87397.3055  25.1%     -    6s
H    0     0                    116144.08714 87397.3055  24.8%     -    6s
     0     0 87397.3055    0  266 116144.087 87397.3055  24.8%     -    6s
     0     0 87397.3055    0  270 116144.087 87397.3055  24.8%     -    8s
H    0     0                    115953.94344 87397.3055  24.6%     -    8s
     0     0 87397.3055    0  265 115953.943 87397.3055  24.6%     -    8s
     0     0 87397.3055    0  310 115953.943 87397.3055  24.6%     -    9s
H    0     0                    115879.33663 87397.3055  24.6%     -    9s
     0     2 87397.3055    0  308 115879.337 87397.3055  24.6%     -    9s

Cutting planes:
  Gomory: 1
  Cover: 8
  Implied bound: 4
  Projected implied bound: 1
  Clique: 2
  MIR: 2
  Flow cover: 6
  Zero half: 122
  Relax-and-lift: 12

Explored 3 nodes (25583 simplex iterations) in 9.61 seconds (9.25 work units)
Thread count was 1 (of 32 available processors)

Solution count 10: 115879 115954 116144 ... 151005

Optimal solution found (tolerance 5.00e-02)
Best objective 1.158793366324e+05, best bound 1.152577258099e+05, gap 0.5364%
