
Gurobi 12.0.3 (win64) logging started Sun Aug 23 17:22:45 2026

Set parameter LogFile to value "C:\Users\TECNO-MASTER\Desktop\Elmo_infrastructure_sizing_NP-\output\DCH_agosto\Costo_variable\Ventana_restringida\Carga_on_board_variable_3estaciones_P1000kW_Descomp/station_1_d244\gurobi.log"
Set parameter Threads to value 1
Set parameter Heuristics to value 0.5
Set parameter MIPFocus to value 3
Set parameter Presolve to value 2
Set parameter FlowCoverCuts to value 2
Set parameter TimeLimit to value 172800
Gurobi Optimizer version 12.0.3 build v12.0.3rc0 (win64 - Windows 11+.0 (26200.2))

CPU model: Intel(R) Core(TM) i9-14900K, instruction set [SSE2|AVX|AVX2]
Thread count: 24 physical cores, 32 logical processors, using up to 1 threads

Non-default parameters:
TimeLimit  172800
MIPGap  0.01
Heuristics  0.5
MIPFocus  3
FlowCoverCuts  2
Presolve  2
Threads  1

Optimize a model with 23314 rows, 37249 columns and 110328 nonzeros
Model fingerprint: 0x21420349
Variable types: 17323 continuous, 19926 integer (19925 binary)
Coefficient statistics:
  Matrix range     [1e-01, 1e+03]
  Objective range  [8e-03, 1e+02]
  Bounds range     [1e+00, 3e+00]
  RHS range        [1e+00, 1e+04]
Presolve removed 22249 rows and 28488 columns
Presolve time: 0.18s
Presolved: 1065 rows, 8761 columns, 27001 nonzeros
Variable types: 233 continuous, 8528 integer (8442 binary)
Root relaxation presolved: 1065 rows, 8761 columns, 27001 nonzeros


Use crossover to convert LP symmetric solution to basic solution...

Root relaxation: objective 2.169576e+05, 2924 iterations, 0.05 seconds (0.04 work units)

    Nodes    |    Current Node    |     Objective Bounds      |     Work
 Expl Unexpl |  Obj  Depth IntInf | Incumbent    BestBd   Gap | It/Node Time

     0     0 216957.580    0   49          - 216957.580      -     -    0s
H    0     0                    332126.93049 216957.580  34.7%     -    0s
H    0     0                    266823.79184 216957.580  18.7%     -    0s
H    0     0                    266822.45762 216957.580  18.7%     -    0s
H    0     0                    265476.08600 216957.580  18.3%     -    0s
H    0     0                    252758.37981 216957.580  14.2%     -    0s
     0     0 216957.580    0   65 252758.380 216957.580  14.2%     -    1s
H    0     0                    242151.48584 216957.580  10.4%     -    1s
H    0     0                    242135.90307 216957.580  10.4%     -    1s
H    0     0                    241884.16970 216957.580  10.3%     -    1s
H    0     0                    240978.30831 216957.580  10.0%     -    1s
H    0     0                    240968.99109 216957.580  10.0%     -    1s
H    0     0                    239181.48788 216957.580  9.29%     -    1s
H    0     0                    234891.19190 216957.580  7.63%     -    1s
H    0     0                    234887.03934 216957.580  7.63%     -    1s
     0     0 216957.895    0   86 234887.039 216957.895  7.63%     -    1s
     0     0 216957.895    0   91 234887.039 216957.895  7.63%     -    1s
     0     0 216957.895    0   47 234887.039 216957.895  7.63%     -    1s
H    0     0                    234885.80726 216957.895  7.63%     -    1s
H    0     0                    234723.16393 216957.895  7.57%     -    1s
     0     0 216957.895    0   52 234723.164 216957.895  7.57%     -    1s
     0     0 216957.895    0   65 234723.164 216957.895  7.57%     -    2s
H    0     0                    234721.68995 216957.895  7.57%     -    2s
H    0     0                    231044.06395 216957.895  6.10%     -    2s
H    0     0                    227632.94458 216957.895  4.69%     -    2s
     0     0 216957.895    0   59 227632.945 216957.895  4.69%     -    2s
     0     0 216957.895    0   53 227632.945 216957.895  4.69%     -    3s
     0     0 216957.895    0   50 227632.945 216957.895  4.69%     -    3s
H    0     0                    218512.08357 216957.895  0.71%     -    3s

Cutting planes:
  Gomory: 10
  Lift-and-project: 1
  Cover: 7
  Implied bound: 4
  Projected implied bound: 2
  Clique: 6
  MIR: 6
  Mixing: 2
  Flow cover: 21
  Zero half: 6
  RLT: 4
  Relax-and-lift: 17
  PSD: 4

Explored 1 nodes (16170 simplex iterations) in 3.42 seconds (2.66 work units)
Thread count was 1 (of 32 available processors)

Solution count 10: 218512 227633 231044 ... 240969

Optimal solution found (tolerance 1.00e-02)
Best objective 2.185120835690e+05, best bound 2.169578946188e+05, gap 0.7113%
