
Gurobi 12.0.3 (win64) logging started Tue Jun 30 15:28:38 2026

Set parameter LogFile to value "output/DCH_taller_julio/Costo_variable/Carga_on_board_1000kW_Descomp/station_3_d1_stage1\gurobi.log"
Set parameter Threads to value 5
Set parameter Heuristics to value 0.5
Set parameter MIPFocus to value 3
Set parameter Presolve to value 2
Set parameter FlowCoverCuts to value 2
Set parameter TimeLimit to value 172800
Gurobi Optimizer version 12.0.3 build v12.0.3rc0 (win64 - Windows 11+.0 (26200.2))

CPU model: Intel(R) Core(TM) i9-14900K, instruction set [SSE2|AVX|AVX2]
Thread count: 24 physical cores, 32 logical processors, using up to 5 threads

Non-default parameters:
TimeLimit  172800
MIPGap  0.01
Heuristics  0.5
MIPFocus  3
FlowCoverCuts  2
Presolve  2
Threads  5

Optimize a model with 22763 rows, 35809 columns and 110742 nonzeros
Model fingerprint: 0xad4b7e8e
Variable types: 17323 continuous, 18486 integer (18485 binary)
Coefficient statistics:
  Matrix range     [1e-01, 1e+03]
  Objective range  [1e-02, 2e+05]
  Bounds range     [1e+00, 1e+00]
  RHS range        [1e+00, 1e+04]
Presolve removed 19930 rows and 25837 columns
Presolve time: 0.11s
Presolved: 2833 rows, 9972 columns, 30958 nonzeros
Variable types: 820 continuous, 9152 integer (9151 binary)
Root relaxation presolved: 2833 rows, 9972 columns, 30958 nonzeros


Root relaxation: objective 5.184617e+04, 6874 iterations, 0.49 seconds (1.05 work units)

    Nodes    |    Current Node    |     Objective Bounds      |     Work
 Expl Unexpl |  Obj  Depth IntInf | Incumbent    BestBd   Gap | It/Node Time

     0     0 213390.563    0  319          - 213390.563      -     -    3s
H    0     0                    394044.82028 213390.563  45.8%     -    3s
H    0     0                    392004.84609 213390.563  45.6%     -    3s
H    0     0                    391970.12740 213390.563  45.6%     -    3s
H    0     0                    391906.86594 213390.563  45.6%     -    3s
     0     0 213621.101    0  291 391906.866 213621.101  45.5%     -    4s
H    0     0                    217231.74752 213624.775  1.66%     -    4s
H    0     0                    217226.67025 213624.775  1.66%     -    4s
H    0     0                    217190.03561 213624.775  1.64%     -    4s
H    0     0                    217078.91045 213624.775  1.59%     -    4s
H    0     0                    217078.55057 213624.775  1.59%     -    4s
H    0     0                    217078.21107 213624.775  1.59%     -    4s
H    0     0                    216654.48263 213624.775  1.40%     -    4s
H    0     0                    216423.80617 213624.775  1.29%     -    4s
H    0     0                    216394.10670 213624.775  1.28%     -    4s
H    0     0                    216296.88761 213624.775  1.24%     -    4s
H    0     0                    216296.88320 213624.775  1.24%     -    4s
     0     0 213634.174    0  354 216296.883 213634.174  1.23%     -    4s
     0     0 213634.176    0  360 216296.883 213634.176  1.23%     -    4s
     0     0 213740.167    0  328 216296.883 213740.167  1.18%     -    5s
H    0     0                    216296.64140 213746.285  1.18%     -    5s
H    0     0                    216267.70055 213746.285  1.17%     -    5s
     0     0 213761.994    0  375 216267.701 213761.994  1.16%     -    5s
     0     0 213763.791    0  351 216267.701 213763.791  1.16%     -    5s
     0     0 213763.791    0  359 216267.701 213763.791  1.16%     -    5s
     0     0 213800.819    0  352 216267.701 213800.819  1.14%     -    6s
H    0     0                    216038.20423 213801.890  1.04%     -    6s
     0     0 213806.740    0  398 216038.204 213806.740  1.03%     -    6s
     0     0 213808.625    0  412 216038.204 213808.625  1.03%     -    6s
     0     0 213808.635    0  396 216038.204 213808.635  1.03%     -    7s
     0     0 213848.661    0  391 216038.204 213848.661  1.01%     -    7s
     0     0 213856.404    0  402 216038.204 213856.404  1.01%     -    8s
     0     0 213856.441    0  403 216038.204 213856.441  1.01%     -    8s
H    0     0                    215396.00824 213856.441  0.71%     -    8s
H    0     0                    215395.87897 213856.441  0.71%     -    8s

Cutting planes:
  Gomory: 41
  Lift-and-project: 70
  Cover: 61
  Implied bound: 30
  Projected implied bound: 2
  Clique: 11
  MIR: 38
  Mixing: 1
  Flow cover: 94
  Zero half: 48
  RLT: 14
  Relax-and-lift: 60
  BQP: 2
  PSD: 2

Explored 1 nodes (62016 simplex iterations) in 8.78 seconds (12.79 work units)
Thread count was 5 (of 32 available processors)

Solution count 10: 215396 215396 216038 ... 216654

Optimal solution found (tolerance 1.00e-02)
Best objective 2.153958789656e+05, best bound 2.138564411306e+05, gap 0.7147%
