
Gurobi 12.0.0 (win64) logging started Mon Sep  7 03:57:15 2026

Set parameter LogFile to value "C:\Users\TECNO-MASTER\Desktop\Elmo_infrastructure_sizing_NP-\output\DCH_septiembre\Bateria_482\Costo_variable\Carga_libre\Carga_on_board_variable_3estaciones_P160kW_Descomp/station_2_d1\gurobi.log"
Set parameter Threads to value 1
Set parameter Heuristics to value 0.5
Set parameter MIPFocus to value 3
Set parameter Presolve to value 2
Set parameter FlowCoverCuts to value 2
Set parameter TimeLimit to value 1200
Gurobi Optimizer version 12.0.0 build v12.0.0rc1 (win64 - Windows 11+.0 (26200.2))

CPU model: Intel(R) Core(TM) i9-14900K, instruction set [SSE2|AVX|AVX2]
Thread count: 24 physical cores, 32 logical processors, using up to 1 threads

Non-default parameters:
TimeLimit  1200
MIPGap  0.05
Heuristics  0.5
MIPFocus  3
FlowCoverCuts  2
Presolve  2
Threads  1

Optimize a model with 23742 rows, 39247 columns and 115748 nonzeros
Model fingerprint: 0x21f34ed1
Variable types: 18325 continuous, 20922 integer (20921 binary)
Coefficient statistics:
  Matrix range     [1e-01, 2e+02]
  Objective range  [1e-02, 1e+02]
  Bounds range     [1e+00, 2e+00]
  RHS range        [1e+00, 1e+04]
Presolve removed 21412 rows and 28435 columns
Presolve time: 0.20s
Presolved: 2330 rows, 10812 columns, 31876 nonzeros
Variable types: 840 continuous, 9972 integer (9972 binary)
Root relaxation presolved: 2330 rows, 10812 columns, 31876 nonzeros


Root relaxation: objective 1.563285e+05, 3746 iterations, 0.20 seconds (0.17 work units)

    Nodes    |    Current Node    |     Objective Bounds      |     Work
 Expl Unexpl |  Obj  Depth IntInf | Incumbent    BestBd   Gap | It/Node Time

     0     0 156328.521    0   44          - 156328.521      -     -    0s
     0     0 156328.521    0   48          - 156328.521      -     -    1s
     0     0 156328.521    0   83          - 156328.521      -     -    1s
H    0     0                    156597.61836 156328.521  0.17%     -    2s

Cutting planes:
  Gomory: 17
  Lift-and-project: 6
  Cover: 5
  Clique: 4
  Flow cover: 3
  Zero half: 3
  Relax-and-lift: 12
  PSD: 3

Explored 1 nodes (11607 simplex iterations) in 2.03 seconds (1.63 work units)
Thread count was 1 (of 32 available processors)

Solution count 1: 156598 

Optimal solution found (tolerance 5.00e-02)
Best objective 1.565976183647e+05, best bound 1.563285214143e+05, gap 0.1718%
