
Gurobi 12.0.3 (win64) logging started Sun Aug 23 02:49:33 2026

Set parameter LogFile to value "C:\Users\TECNO-MASTER\Desktop\Elmo_infrastructure_sizing_NP-\output\DCH_agosto\Costo_variable\Carga_libre\Carga_on_board_variable_3estaciones_P320kW_Descomp/station_2_d244_stage1\gurobi.log"
Set parameter Threads to value 1
Set parameter Heuristics to value 0.5
Set parameter MIPFocus to value 3
Set parameter Presolve to value 2
Set parameter FlowCoverCuts to value 2
Set parameter TimeLimit to value 172800
Gurobi Optimizer version 12.0.3 build v12.0.3rc0 (win64 - Windows 11+.0 (26200.2))

CPU model: Intel(R) Core(TM) i9-14900K, instruction set [SSE2|AVX|AVX2]
Thread count: 24 physical cores, 32 logical processors, using up to 1 threads

Non-default parameters:
TimeLimit  172800
MIPGap  0.01
Heuristics  0.5
MIPFocus  3
FlowCoverCuts  2
Presolve  2
Threads  1

Optimize a model with 23772 rows, 39247 columns and 116710 nonzeros
Model fingerprint: 0xf8864bac
Variable types: 18325 continuous, 20922 integer (20921 binary)
Coefficient statistics:
  Matrix range     [1e-01, 3e+02]
  Objective range  [8e-03, 9e+04]
  Bounds range     [1e+00, 3e+00]
  RHS range        [1e+00, 1e+04]
Presolve removed 20947 rows and 28441 columns
Presolve time: 0.68s
Presolved: 2825 rows, 10806 columns, 33823 nonzeros
Variable types: 841 continuous, 9965 integer (9873 binary)
Root relaxation presolved: 2825 rows, 10806 columns, 33823 nonzeros


Root relaxation: objective 7.520062e+04, 5730 iterations, 0.75 seconds (0.63 work units)

    Nodes    |    Current Node    |     Objective Bounds      |     Work
 Expl Unexpl |  Obj  Depth IntInf | Incumbent    BestBd   Gap | It/Node Time

     0     0 75200.6225    0  405          - 75200.6225      -     -    2s
     0     0 126136.948    0  180          - 126136.948      -     -    7s
     0     0 126137.279    0  211          - 126137.279      -     -    8s
     0     0 126137.279    0  225          - 126137.279      -     -   10s
H    0     0                    158069.03491 126137.279  20.2%     -   10s
H    0     0                    151482.02603 126137.279  16.7%     -   10s
H    0     0                    151235.96486 126137.279  16.6%     -   10s
H    0     0                    133463.21479 126137.279  5.49%     -   10s
H    0     0                    133274.12663 126137.279  5.36%     -   10s
H    0     0                    126362.54210 126137.279  0.18%     -   10s

Cutting planes:
  Gomory: 11
  Lift-and-project: 3
  Implied bound: 2
  MIR: 1
  StrongCG: 1
  Flow cover: 1

Explored 1 nodes (34149 simplex iterations) in 10.33 seconds (7.07 work units)
Thread count was 1 (of 32 available processors)

Solution count 6: 126363 133274 133463 ... 158069

Optimal solution found (tolerance 1.00e-02)
Best objective 1.263625421022e+05, best bound 1.261372789994e+05, gap 0.1783%
