
Gurobi 12.0.3 (win64) logging started Sun Aug 23 02:53:46 2026

Set parameter LogFile to value "C:\Users\TECNO-MASTER\Desktop\Elmo_infrastructure_sizing_NP-\output\DCH_agosto\Costo_variable\Carga_libre\Carga_on_board_variable_3estaciones_P640kW_Descomp/station_1_d182_stage1\gurobi.log"
Set parameter Threads to value 1
Set parameter Heuristics to value 0.5
Set parameter MIPFocus to value 3
Set parameter Presolve to value 2
Set parameter FlowCoverCuts to value 2
Set parameter TimeLimit to value 172800
Gurobi Optimizer version 12.0.3 build v12.0.3rc0 (win64 - Windows 11+.0 (26200.2))

CPU model: Intel(R) Core(TM) i9-14900K, instruction set [SSE2|AVX|AVX2]
Thread count: 24 physical cores, 32 logical processors, using up to 1 threads

Non-default parameters:
TimeLimit  172800
MIPGap  0.01
Heuristics  0.5
MIPFocus  3
FlowCoverCuts  2
Presolve  2
Threads  1

Optimize a model with 22770 rows, 37249 columns and 110686 nonzeros
Model fingerprint: 0xe4ded3ec
Variable types: 17323 continuous, 19926 integer (19925 binary)
Coefficient statistics:
  Matrix range     [1e-01, 6e+02]
  Objective range  [1e-02, 1e+05]
  Bounds range     [1e+00, 3e+00]
  RHS range        [1e+00, 1e+04]
Presolve removed 19880 rows and 26958 columns
Presolve time: 0.74s
Presolved: 2890 rows, 10291 columns, 32614 nonzeros
Variable types: 841 continuous, 9450 integer (9363 binary)
Root relaxation presolved: 2890 rows, 10291 columns, 32614 nonzeros


Root relaxation: objective 5.254587e+04, 6475 iterations, 1.88 seconds (0.79 work units)

    Nodes    |    Current Node    |     Objective Bounds      |     Work
 Expl Unexpl |  Obj  Depth IntInf | Incumbent    BestBd   Gap | It/Node Time

     0     0 52545.8688    0  375          - 52545.8688      -     -    4s
     0     0 164001.737    0  118          - 164001.737      -     -   10s
H    0     0                    201849.28348 164001.737  18.8%     -   10s
H    0     0                    201474.84414 164001.737  18.6%     -   10s
H    0     0                    197772.91155 164001.737  17.1%     -   10s
H    0     0                    197738.31001 164001.737  17.1%     -   10s
H    0     0                    173048.93271 164001.737  5.23%     -   10s
     0     0 164001.742    0  197 173048.933 164001.742  5.23%     -   10s
     0     0 164001.742    0  153 173048.933 164001.742  5.23%     -   12s
H    0     0                    167829.59412 164001.742  2.28%     -   12s
H    0     0                    166487.72219 164001.742  1.49%     -   12s
H    0     0                    166305.15677 164001.742  1.39%     -   12s
H    0     0                    166165.11877 164001.742  1.30%     -   12s
H    0     0                    165768.41706 164001.742  1.07%     -   12s
H    0     0                    165702.78290 164001.742  1.03%     -   12s
H    0     0                    165531.15107 164001.742  0.92%     -   12s

Cutting planes:
  Gomory: 5
  Lift-and-project: 5
  Cover: 9
  Implied bound: 9
  Clique: 3
  Flow cover: 3
  Zero half: 6
  RLT: 1
  Relax-and-lift: 16

Explored 1 nodes (46938 simplex iterations) in 12.80 seconds (7.88 work units)
Thread count was 1 (of 32 available processors)

Solution count 10: 165531 165703 165768 ... 197773

Optimal solution found (tolerance 1.00e-02)
Best objective 1.655311510674e+05, best bound 1.640017418926e+05, gap 0.9239%
