
Gurobi 12.0.3 (win64) logging started Tue Jun 30 15:28:40 2026

Set parameter LogFile to value "output/DCH_taller_julio/Costo_variable/Carga_on_board_1000kW_Descomp/station_3_d121_stage1\gurobi.log"
Set parameter Threads to value 5
Set parameter Heuristics to value 0.5
Set parameter MIPFocus to value 3
Set parameter Presolve to value 2
Set parameter FlowCoverCuts to value 2
Set parameter TimeLimit to value 172800
Gurobi Optimizer version 12.0.3 build v12.0.3rc0 (win64 - Windows 11+.0 (26200.2))

CPU model: Intel(R) Core(TM) i9-14900K, instruction set [SSE2|AVX|AVX2]
Thread count: 24 physical cores, 32 logical processors, using up to 5 threads

Non-default parameters:
TimeLimit  172800
MIPGap  0.01
Heuristics  0.5
MIPFocus  3
FlowCoverCuts  2
Presolve  2
Threads  5

Optimize a model with 22793 rows, 35809 columns and 110802 nonzeros
Model fingerprint: 0xc0f744f7
Variable types: 17323 continuous, 18486 integer (18485 binary)
Coefficient statistics:
  Matrix range     [1e-01, 1e+03]
  Objective range  [8e-03, 2e+05]
  Bounds range     [1e+00, 1e+00]
  RHS range        [1e+00, 1e+04]
Presolve removed 19960 rows and 25836 columns
Presolve time: 0.12s
Presolved: 2833 rows, 9973 columns, 30958 nonzeros
Variable types: 821 continuous, 9152 integer (9151 binary)
Root relaxation presolved: 2833 rows, 9973 columns, 30958 nonzeros


Root relaxation: objective 6.241888e+04, 10255 iterations, 0.68 seconds (1.44 work units)

    Nodes    |    Current Node    |     Objective Bounds      |     Work
 Expl Unexpl |  Obj  Depth IntInf | Incumbent    BestBd   Gap | It/Node Time

     0     0 62418.8850    0  424          - 62418.8850      -     -    1s
H    0     0                    577184.61456 67696.5143  88.3%     -    2s
H    0     0                    455987.48360 95596.2522  79.0%     -    3s
H    0     0                    449874.13612 95596.2522  78.8%     -    3s
H    0     0                    400849.66335 95596.2522  76.2%     -    3s
H    0     0                    226405.71250 95596.2522  57.8%     -    3s
H    0     0                    225830.14089 95596.2522  57.7%     -    3s
H    0     0                    225684.61065 95596.2522  57.6%     -    3s
H    0     0                    225678.92606 95596.2522  57.6%     -    3s
H    0     0                    219885.56042 95596.2522  56.5%     -    3s
H    0     0                    219686.11027 95596.2522  56.5%     -    3s
H    0     0                    219675.26153 95596.2522  56.5%     -    3s
H    0     0                    219674.29304 95596.2522  56.5%     -    3s
H    0     0                    219636.93711 95596.2522  56.5%     -    3s
H    0     0                    219592.87780 95596.2522  56.5%     -    3s
H    0     0                    219592.82740 95596.2522  56.5%     -    3s
     0     0 136466.208    0  331 219592.827 136466.208  37.9%     -    3s
H    0     0                    217592.73554 136466.208  37.3%     -    3s
H    0     0                    217586.42634 136466.208  37.3%     -    3s
H    0     0                    217480.94605 136466.208  37.3%     -    4s
H    0     0                    217480.44364 136466.208  37.3%     -    4s
H    0     0                    217473.03118 136466.208  37.2%     -    4s
H    0     0                    217473.01524 136466.208  37.2%     -    4s
     0     0 213141.387    0  353 217473.015 213141.387  1.99%     -    4s
H    0     0                    214510.68924 213141.387  0.64%     -    4s

Cutting planes:
  Gomory: 2
  Cover: 4
  Implied bound: 7
  MIR: 40
  Mixing: 5
  Flow cover: 75
  Inf proof: 1
  Zero half: 57
  Relax-and-lift: 5

Explored 1 nodes (29530 simplex iterations) in 4.32 seconds (6.61 work units)
Thread count was 5 (of 32 available processors)

Solution count 10: 214511 217473 217473 ... 219637

Optimal solution found (tolerance 1.00e-02)
Best objective 2.145106892360e+05, best bound 2.131413873761e+05, gap 0.6383%
