
Gurobi 12.0.3 (win64) logging started Mon Sep  7 19:21:14 2026

Set parameter LogFile to value "C:\Users\TECNO-MASTER\Desktop\Elmo_infrastructure_sizing_NP-\output\DCH_septiembre\Bateria_353\Costo_fijo\Carga_libre\Carga_on_board_fixed_3estaciones_P640kW_Descomp/station_2_d213_stage1\gurobi.log"
Set parameter Threads to value 1
Set parameter Heuristics to value 0.5
Set parameter MIPFocus to value 3
Set parameter Presolve to value 2
Set parameter FlowCoverCuts to value 2
Set parameter TimeLimit to value 1200
Gurobi Optimizer version 12.0.3 build v12.0.3rc0 (win64 - Windows 11+.0 (26200.2))

CPU model: Intel(R) Core(TM) i9-14900K, instruction set [SSE2|AVX|AVX2]
Thread count: 24 physical cores, 32 logical processors, using up to 1 threads

Non-default parameters:
TimeLimit  1200
MIPGap  0.05
Heuristics  0.5
MIPFocus  3
FlowCoverCuts  2
Presolve  2
Threads  1

Optimize a model with 23772 rows, 39247 columns and 116710 nonzeros
Model fingerprint: 0xabb08f72
Variable types: 18325 continuous, 20922 integer (20921 binary)
Coefficient statistics:
  Matrix range     [1e-01, 6e+02]
  Objective range  [4e-01, 1e+05]
  Bounds range     [1e+00, 1e+00]
  RHS range        [1e+00, 1e+04]
Presolve removed 20876 rows and 28432 columns
Presolve time: 0.28s
Presolved: 2896 rows, 10815 columns, 33492 nonzeros
Variable types: 841 continuous, 9974 integer (9973 binary)
Root relaxation presolved: 2896 rows, 10815 columns, 33492 nonzeros


Root relaxation: objective 5.593197e+04, 4248 iterations, 0.61 seconds (0.68 work units)

    Nodes    |    Current Node    |     Objective Bounds      |     Work
 Expl Unexpl |  Obj  Depth IntInf | Incumbent    BestBd   Gap | It/Node Time

     0     0 55931.9731    0  415          - 55931.9731      -     -    2s
     0     0 105483.741    0  519          - 105483.741      -     -    4s
     0     0 132148.676    0  559          - 132148.676      -     -    4s
     0     0 132148.676    0  558          - 132148.676      -     -    4s
     0     0 156255.368    0   20          - 156255.368      -     -    5s
H    0     0                    271276.36752 156255.368  42.4%     -    5s
H    0     0                    156255.36752 156255.368  0.00%     -    6s
     0     0 156255.368    0   20 156255.368 156255.368  0.00%     -    6s

Cutting planes:
  Gomory: 9
  Cover: 3
  Relax-and-lift: 4

Explored 1 nodes (27949 simplex iterations) in 6.02 seconds (6.89 work units)
Thread count was 1 (of 32 available processors)

Solution count 2: 156255 271276 

Optimal solution found (tolerance 5.00e-02)
Best objective 1.562553675183e+05, best bound 1.562553675183e+05, gap 0.0000%
