
Gurobi 12.0.3 (win64) logging started Sun Aug 23 02:46:30 2026

Set parameter LogFile to value "C:\Users\TECNO-MASTER\Desktop\Elmo_infrastructure_sizing_NP-\output\DCH_agosto\Costo_fijo\Carga_libre\Carga_on_board_fixed_3estaciones_P640kW_Descomp/station_1_d182\gurobi.log"
Set parameter Threads to value 1
Set parameter Heuristics to value 0.5
Set parameter MIPFocus to value 3
Set parameter Presolve to value 2
Set parameter FlowCoverCuts to value 2
Set parameter TimeLimit to value 172800
Gurobi Optimizer version 12.0.3 build v12.0.3rc0 (win64 - Windows 11+.0 (26200.2))

CPU model: Intel(R) Core(TM) i9-14900K, instruction set [SSE2|AVX|AVX2]
Thread count: 24 physical cores, 32 logical processors, using up to 1 threads

Non-default parameters:
TimeLimit  172800
MIPGap  0.01
Heuristics  0.5
MIPFocus  3
FlowCoverCuts  2
Presolve  2
Threads  1

Optimize a model with 22770 rows, 37249 columns and 109784 nonzeros
Model fingerprint: 0xccf20b7a
Variable types: 17323 continuous, 19926 integer (19925 binary)
Coefficient statistics:
  Matrix range     [1e-01, 6e+02]
  Objective range  [4e-01, 1e+02]
  Bounds range     [1e+00, 3e+00]
  RHS range        [1e+00, 1e+04]
Presolve removed 20325 rows and 26960 columns
Presolve time: 0.46s
Presolved: 2445 rows, 10289 columns, 31876 nonzeros
Variable types: 841 continuous, 9448 integer (9362 binary)
Root relaxation presolved: 2445 rows, 10289 columns, 31876 nonzeros


Root relaxation: objective 1.710947e+05, 5033 iterations, 0.42 seconds (0.24 work units)

    Nodes    |    Current Node    |     Objective Bounds      |     Work
 Expl Unexpl |  Obj  Depth IntInf | Incumbent    BestBd   Gap | It/Node Time

     0     0 171094.680    0    2          - 171094.680      -     -    2s
H    0     0                    171107.64787 171094.680  0.01%     -    2s

Explored 1 nodes (6942 simplex iterations) in 2.56 seconds (0.90 work units)
Thread count was 1 (of 32 available processors)

Solution count 1: 171108 

Optimal solution found (tolerance 1.00e-02)
Best objective 1.711076478737e+05, best bound 1.710946804477e+05, gap 0.0076%
