
Gurobi 12.0.3 (win64) logging started Sun Aug 23 02:54:48 2026

Set parameter LogFile to value "C:\Users\TECNO-MASTER\Desktop\Elmo_infrastructure_sizing_NP-\output\DCH_agosto\Costo_variable\Carga_libre\Carga_on_board_variable_3estaciones_P640kW_Descomp/station_1_d32\gurobi.log"
Set parameter Threads to value 1
Set parameter Heuristics to value 0.5
Set parameter MIPFocus to value 3
Set parameter Presolve to value 2
Set parameter FlowCoverCuts to value 2
Set parameter TimeLimit to value 172800
Gurobi Optimizer version 12.0.3 build v12.0.3rc0 (win64 - Windows 11+.0 (26200.2))

CPU model: Intel(R) Core(TM) i9-14900K, instruction set [SSE2|AVX|AVX2]
Thread count: 24 physical cores, 32 logical processors, using up to 1 threads

Non-default parameters:
TimeLimit  172800
MIPGap  0.01
Heuristics  0.5
MIPFocus  3
FlowCoverCuts  2
Presolve  2
Threads  1

Optimize a model with 22740 rows, 37249 columns and 109724 nonzeros
Model fingerprint: 0x86a8ba30
Variable types: 17323 continuous, 19926 integer (19925 binary)
Coefficient statistics:
  Matrix range     [1e-01, 6e+02]
  Objective range  [3e-03, 1e+02]
  Bounds range     [1e+00, 3e+00]
  RHS range        [1e+00, 1e+04]
Presolve removed 20295 rows and 26961 columns
Presolve time: 0.53s
Presolved: 2445 rows, 10288 columns, 31966 nonzeros
Variable types: 840 continuous, 9448 integer (9362 binary)
Root relaxation presolved: 2445 rows, 10288 columns, 31966 nonzeros


Root relaxation: objective 1.646165e+05, 4229 iterations, 0.44 seconds (0.20 work units)

    Nodes    |    Current Node    |     Objective Bounds      |     Work
 Expl Unexpl |  Obj  Depth IntInf | Incumbent    BestBd   Gap | It/Node Time

     0     0 164616.503    0  254          - 164616.503      -     -    2s
     0     0 164660.145    0  250          - 164660.145      -     -    3s
H    0     0                    166332.37080 164660.145  1.01%     -    3s
H    0     0                    166240.22118 164660.145  0.95%     -    3s

Cutting planes:
  Gomory: 10
  Lift-and-project: 6
  Implied bound: 8
  Flow cover: 6

Explored 1 nodes (10382 simplex iterations) in 3.36 seconds (1.48 work units)
Thread count was 1 (of 32 available processors)

Solution count 2: 166240 166332 

Optimal solution found (tolerance 1.00e-02)
Best objective 1.662402211786e+05, best bound 1.646601453093e+05, gap 0.9505%
