
Gurobi 12.0.0 (win64) logging started Sun Aug 23 02:32:57 2026

Set parameter LogFile to value "C:\Users\TECNO-MASTER\Desktop\Elmo_infrastructure_sizing_NP-\output\DCH_agosto\Costo_variable\Ventana_restringida\Carga_on_board_variable_3estaciones_P320kW_Descomp/station_1_d91_stage1\gurobi.log"
Set parameter Threads to value 1
Set parameter Heuristics to value 0.5
Set parameter MIPFocus to value 3
Set parameter Presolve to value 2
Set parameter FlowCoverCuts to value 2
Set parameter TimeLimit to value 172800
Gurobi Optimizer version 12.0.0 build v12.0.0rc1 (win64 - Windows 11+.0 (26200.2))

CPU model: Intel(R) Core(TM) i9-14900K, instruction set [SSE2|AVX|AVX2]
Thread count: 24 physical cores, 32 logical processors, using up to 1 threads

Non-default parameters:
TimeLimit  172800
MIPGap  0.01
Heuristics  0.5
MIPFocus  3
FlowCoverCuts  2
Presolve  2
Threads  1

Optimize a model with 23314 rows, 37249 columns and 111230 nonzeros
Model fingerprint: 0xbfc55cc5
Variable types: 17323 continuous, 19926 integer (19925 binary)
Coefficient statistics:
  Matrix range     [1e-01, 3e+02]
  Objective range  [1e-02, 9e+04]
  Bounds range     [1e+00, 3e+00]
  RHS range        [1e+00, 1e+04]
Presolve removed 22120 rows and 28486 columns
Presolve time: 0.19s
Presolved: 1194 rows, 8763 columns, 27134 nonzeros
Variable types: 233 continuous, 8530 integer (8443 binary)
Root relaxation presolved: 1194 rows, 8763 columns, 27134 nonzeros


Use crossover to convert LP symmetric solution to basic solution...

Root relaxation: objective 1.932578e+05, 3366 iterations, 0.06 seconds (0.05 work units)

    Nodes    |    Current Node    |     Objective Bounds      |     Work
 Expl Unexpl |  Obj  Depth IntInf | Incumbent    BestBd   Gap | It/Node Time

     0     0 205692.958    0   90          - 205692.958      -     -    0s
H    0     0                    263046.52965 205692.958  21.8%     -    0s
H    0     0                    262582.46623 205692.958  21.7%     -    1s
H    0     0                    248671.66836 205692.958  17.3%     -    1s
H    0     0                    228390.66028 205692.958  9.94%     -    1s
H    0     0                    227820.08125 205692.958  9.71%     -    1s
H    0     0                    227665.24981 205692.958  9.65%     -    1s
H    0     0                    227664.65824 205692.958  9.65%     -    1s
H    0     0                    227426.42016 205692.958  9.56%     -    1s
H    0     0                    227341.04457 205692.958  9.52%     -    1s
     0     0 210250.417    0   75 227341.045 210250.417  7.52%     -    1s
H    0     0                    225510.54561 211890.607  6.04%     -    1s
H    0     0                    224674.00577 211890.607  5.69%     -    1s
H    0     0                    224663.72982 211890.607  5.69%     -    1s
H    0     0                    224626.98719 211890.607  5.67%     -    1s
     0     0 211890.607    0   83 224626.987 211890.607  5.67%     -    1s
     0     0 211890.607    0   90 224626.987 211890.607  5.67%     -    2s
     0     0 211890.607    0   84 224626.987 211890.607  5.67%     -    2s
     0     0 211890.607    0   84 224626.987 211890.607  5.67%     -    2s
H    0     0                    224610.77915 211890.607  5.66%     -    3s
H    0     0                    223306.43756 211890.607  5.11%     -    3s
H    0     0                    223197.66896 211890.607  5.07%     -    3s
H    0     0                    223006.36245 211890.607  4.98%     -    3s
H    0     0                    222974.77843 211890.607  4.97%     -    3s
     0     2 211895.107    0   83 222974.778 211895.107  4.97%     -    3s
H    8     6                    220711.93937 217529.365  1.44%   286    4s
H    9     7                    220698.77607 217529.365  1.44%   263    4s
H    9     7                    220608.78032 217529.365  1.40%   263    4s
H    9     7                    220496.27251 217529.365  1.35%   263    4s
H   11     9                    219430.72836 217529.365  0.87%   237    4s

Cutting planes:
  Gomory: 5
  Lift-and-project: 1
  Cover: 11
  Implied bound: 15
  Projected implied bound: 1
  Clique: 1
  MIR: 108
  Mixing: 8
  Flow cover: 144
  Zero half: 4
  RLT: 1
  Relax-and-lift: 27

Explored 12 nodes (12728 simplex iterations) in 4.58 seconds (4.30 work units)
Thread count was 1 (of 32 available processors)

Solution count 10: 219431 220496 220609 ... 224611

Optimal solution found (tolerance 1.00e-02)
Best objective 2.194307283632e+05, best bound 2.175293649838e+05, gap 0.8665%
