
Gurobi 12.0.3 (win64) logging started Sun Aug 23 17:25:05 2026

Set parameter LogFile to value "C:\Users\TECNO-MASTER\Desktop\Elmo_infrastructure_sizing_NP-\output\DCH_agosto\Costo_variable\Ventana_restringida\Carga_on_board_variable_3estaciones_P640kW_Descomp/station_3_d213_stage1\gurobi.log"
Set parameter Threads to value 1
Set parameter Heuristics to value 0.5
Set parameter MIPFocus to value 3
Set parameter Presolve to value 2
Set parameter FlowCoverCuts to value 2
Set parameter TimeLimit to value 172800
Gurobi Optimizer version 12.0.3 build v12.0.3rc0 (win64 - Windows 11+.0 (26200.2))

CPU model: Intel(R) Core(TM) i9-14900K, instruction set [SSE2|AVX|AVX2]
Thread count: 24 physical cores, 32 logical processors, using up to 1 threads

Non-default parameters:
TimeLimit  172800
MIPGap  0.01
Heuristics  0.5
MIPFocus  3
FlowCoverCuts  2
Presolve  2
Threads  1

Optimize a model with 23314 rows, 37249 columns and 111232 nonzeros
Model fingerprint: 0x3752eb1e
Variable types: 17323 continuous, 19926 integer (19925 binary)
Coefficient statistics:
  Matrix range     [1e-01, 6e+02]
  Objective range  [8e-03, 1e+05]
  Bounds range     [1e+00, 3e+00]
  RHS range        [1e+00, 1e+04]
Presolve removed 22108 rows and 28483 columns
Presolve time: 0.19s
Presolved: 1206 rows, 8766 columns, 26820 nonzeros
Variable types: 233 continuous, 8533 integer (8441 binary)
Root relaxation presolved: 1206 rows, 8766 columns, 26820 nonzeros


Use crossover to convert LP symmetric solution to basic solution...

Root relaxation: objective 1.623491e+05, 3389 iterations, 0.07 seconds (0.07 work units)

    Nodes    |    Current Node    |     Objective Bounds      |     Work
 Expl Unexpl |  Obj  Depth IntInf | Incumbent    BestBd   Gap | It/Node Time

     0     0 162349.052    0  174          - 162349.052      -     -    0s
     0     0 177818.894    0  154          - 177818.894      -     -    1s
H    0     0                    347534.84158 177818.894  48.8%     -    1s
H    0     0                    314564.19250 182660.495  41.9%     -    1s
H    0     0                    234047.97124 182660.495  22.0%     -    1s
H    0     0                    228273.22638 182660.495  20.0%     -    1s
H    0     0                    217017.99188 182660.495  15.8%     -    1s
H    0     0                    216994.85250 182660.495  15.8%     -    1s
H    0     0                    203572.46413 182660.495  10.3%     -    1s
H    0     0                    203443.46995 182660.495  10.2%     -    1s
H    0     0                    203435.62471 182660.495  10.2%     -    1s
H    0     0                    203255.77336 182660.495  10.1%     -    1s
     0     0 183874.618    0  153 203255.773 183874.618  9.54%     -    2s
     0     0 183874.618    0  152 203255.773 183874.618  9.54%     -    2s
     0     0 187471.618    0   58 203255.773 187471.618  7.77%     -    2s
H    0     0                    201204.76575 187471.618  6.83%     -    2s
H    0     0                    199591.79419 187471.618  6.07%     -    2s
H    0     0                    198614.50337 187471.618  5.61%     -    2s
     0     0 187471.618    0   51 198614.503 187471.618  5.61%     -    3s
H    0     0                    198006.00211 187471.618  5.32%     -    3s
H    0     0                    197945.72365 187471.618  5.29%     -    3s
H    0     0                    197447.83691 187471.618  5.05%     -    3s
H    0     0                    197403.72149 187471.618  5.03%     -    3s
     0     0 187471.618    0   44 197403.721 187471.618  5.03%     -    4s
H    0     0                    196897.99981 187471.618  4.79%     -    4s
H    0     0                    196886.31229 187471.618  4.78%     -    4s
H    0     0                    196876.87708 187471.618  4.78%     -    4s
     0     0 187471.618    0   52 196876.877 187471.618  4.78%     -    4s
     0     0 187471.618    0   40 196876.877 187471.618  4.78%     -    4s
H    0     0                    196861.73761 187471.618  4.77%     -    4s
H    0     0                    194927.50412 187471.618  3.82%     -    4s
H    0     0                    194002.68855 187471.618  3.37%     -    4s
     0     0 187471.618    0   41 194002.689 187471.618  3.37%     -    5s
     0     0 187471.618    0   41 194002.689 187471.618  3.37%     -    5s
H    0     0                    189029.22875 187471.618  0.82%     -    5s

Cutting planes:
  Gomory: 6
  Cover: 12
  Implied bound: 26
  Projected implied bound: 1
  Clique: 8
  MIR: 11
  StrongCG: 1
  Flow cover: 30
  Zero half: 8
  RLT: 1
  Relax-and-lift: 16

Explored 1 nodes (13468 simplex iterations) in 5.51 seconds (4.93 work units)
Thread count was 1 (of 32 available processors)

Solution count 10: 189029 194003 194928 ... 197946

Optimal solution found (tolerance 1.00e-02)
Best objective 1.890292287544e+05, best bound 1.874716181045e+05, gap 0.8240%
