
Gurobi 12.0.3 (win64) logging started Tue Jun 30 14:24:36 2026

Set parameter LogFile to value "output/DCH_taller_julio/Costo_fijo/Carga_on_board_320kW_Descomp/station_2_d91\gurobi.log"
Set parameter Threads to value 5
Set parameter Heuristics to value 0.5
Set parameter MIPFocus to value 3
Set parameter Presolve to value 2
Set parameter FlowCoverCuts to value 2
Set parameter TimeLimit to value 172800
Gurobi Optimizer version 12.0.3 build v12.0.3rc0 (win64 - Windows 11+.0 (26200.2))

CPU model: Intel(R) Core(TM) i9-14900K, instruction set [SSE2|AVX|AVX2]
Thread count: 24 physical cores, 32 logical processors, using up to 5 threads

Non-default parameters:
TimeLimit  172800
MIPGap  0.01
Heuristics  0.5
MIPFocus  3
FlowCoverCuts  2
Presolve  2
Threads  5

Optimize a model with 23795 rows, 37807 columns and 115930 nonzeros
Model fingerprint: 0x0c1c3617
Variable types: 18325 continuous, 19482 integer (19481 binary)
Coefficient statistics:
  Matrix range     [1e-01, 3e+02]
  Objective range  [4e-01, 1e+02]
  Bounds range     [1e+00, 1e+00]
  RHS range        [1e+00, 1e+04]
Presolve removed 21482 rows and 27338 columns
Presolve time: 0.10s
Presolved: 2313 rows, 10469 columns, 31008 nonzeros
Variable types: 821 continuous, 9648 integer (9648 binary)
Root relaxation presolved: 2313 rows, 10469 columns, 31008 nonzeros


Root relaxation: objective 1.321455e+05, 3184 iterations, 0.12 seconds (0.22 work units)

    Nodes    |    Current Node    |     Objective Bounds      |     Work
 Expl Unexpl |  Obj  Depth IntInf | Incumbent    BestBd   Gap | It/Node Time

     0     0 132145.527    0  137          - 132145.527      -     -    0s
H    0     0                    285813.28632 132145.527  53.8%     -    1s
H    0     0                    164256.87214 132145.564  19.5%     -    1s
H    0     0                    153883.21514 132145.564  14.1%     -    1s
H    0     0                    146672.55534 132145.564  9.90%     -    1s
H    0     0                    146672.55524 132145.564  9.90%     -    1s
H    0     0                    142835.60755 132145.564  7.48%     -    1s
H    0     0                    141373.30736 132145.564  6.53%     -    1s
H    0     0                    139900.92324 132145.564  5.54%     -    1s
H    0     0                    139613.49073 132145.564  5.35%     -    1s
H    0     0                    138343.13549 132145.564  4.48%     -    1s
H    0     0                    138343.13546 132145.564  4.48%     -    1s
H    0     0                    138240.63951 132145.564  4.41%     -    1s
H    0     0                    138174.20896 132145.564  4.36%     -    1s
H    0     0                    138038.71695 132145.564  4.27%     -    1s
     0     0 132162.256    0   78 138038.717 132162.256  4.26%     -    1s
H    0     0                    138038.71691 132162.256  4.26%     -    2s
H    0     0                    138013.73729 132162.256  4.24%     -    2s
H    0     0                    137897.55266 132162.256  4.16%     -    2s
H    0     0                    137875.53278 132162.256  4.14%     -    2s
H    0     0                    137638.23213 132162.256  3.98%     -    2s
H    0     0                    137368.80941 132162.256  3.79%     -    2s
H    0     0                    134980.94147 132162.256  2.09%     -    2s
H    0     0                    134618.96723 132162.256  1.82%     -    2s
     0     0 132162.256    0  154 134618.967 132162.256  1.82%     -    2s
     0     0 132162.256    0  133 134618.967 132162.256  1.82%     -    2s
     0     0 132162.256    0  126 134618.967 132162.256  1.82%     -    2s
H    0     0                    134246.76911 132162.256  1.55%     -    2s
H    0     0                    134229.35546 132162.256  1.54%     -    2s
H    0     0                    134206.63966 132162.256  1.52%     -    2s
     0     0 132162.256    0   97 134206.640 132162.256  1.52%     -    3s
H    0     0                    134167.23270 132162.256  1.49%     -    3s
     0     0 132162.256    0  114 134167.233 132162.256  1.49%     -    3s
     0     0 132162.256    0   92 134167.233 132162.256  1.49%     -    4s
H    0     0                    134034.81009 132162.256  1.40%     -    4s
     0     0 132162.256    0   93 134034.810 132162.256  1.40%     -    4s
     0     0 132162.256    0   77 134034.810 132162.256  1.40%     -    4s
H    0     0                    133981.80270 132162.256  1.36%     -    4s
H    0     0                    133844.93422 132162.256  1.26%     -    4s
     0     0 132162.256    0   63 133844.934 132162.256  1.26%     -    5s
H    0     0                    133713.60749 132162.256  1.16%     -    5s
     0     0 132162.256    0   62 133713.607 132162.256  1.16%     -    5s
     0     0 132162.256    0   63 133713.607 132162.256  1.16%     -    5s
     0     0 132162.256    0   45 133713.607 132162.256  1.16%     -    5s
H    0     0                    133477.54305 132162.256  0.99%     -    5s

Cutting planes:
  Gomory: 1
  Cover: 15
  Implied bound: 8
  Clique: 10
  MIR: 3
  Mixing: 7
  Flow cover: 11
  Zero half: 20
  RLT: 6
  Relax-and-lift: 35
  PSD: 7

Explored 1 nodes (41817 simplex iterations) in 5.76 seconds (7.37 work units)
Thread count was 5 (of 32 available processors)

Solution count 10: 133478 133714 133845 ... 134619

Optimal solution found (tolerance 1.00e-02)
Best objective 1.334775430548e+05, best bound 1.321622562319e+05, gap 0.9854%
