
Gurobi 12.0.0 (win64) logging started Mon Sep  7 04:01:33 2026

Set parameter LogFile to value "C:\Users\TECNO-MASTER\Desktop\Elmo_infrastructure_sizing_NP-\output\DCH_septiembre\Bateria_482\Costo_variable\Carga_libre\Carga_on_board_variable_3estaciones_P640kW_Descomp/station_1_d182_stage1\gurobi.log"
Set parameter Threads to value 1
Set parameter Heuristics to value 0.5
Set parameter MIPFocus to value 3
Set parameter Presolve to value 2
Set parameter FlowCoverCuts to value 2
Set parameter TimeLimit to value 1200
Gurobi Optimizer version 12.0.0 build v12.0.0rc1 (win64 - Windows 11+.0 (26200.2))

CPU model: Intel(R) Core(TM) i9-14900K, instruction set [SSE2|AVX|AVX2]
Thread count: 24 physical cores, 32 logical processors, using up to 1 threads

Non-default parameters:
TimeLimit  1200
MIPGap  0.05
Heuristics  0.5
MIPFocus  3
FlowCoverCuts  2
Presolve  2
Threads  1

Optimize a model with 22770 rows, 37249 columns and 110686 nonzeros
Model fingerprint: 0xce92e215
Variable types: 17323 continuous, 19926 integer (19925 binary)
Coefficient statistics:
  Matrix range     [1e-01, 6e+02]
  Objective range  [1e-02, 1e+05]
  Bounds range     [1e+00, 1e+00]
  RHS range        [1e+00, 1e+04]
Presolve removed 19880 rows and 26950 columns
Presolve time: 0.25s
Presolved: 2890 rows, 10299 columns, 31950 nonzeros
Variable types: 841 continuous, 9458 integer (9457 binary)
Root relaxation presolved: 2890 rows, 10299 columns, 31950 nonzeros


Root relaxation: objective 5.316918e+04, 6862 iterations, 0.80 seconds (0.93 work units)

    Nodes    |    Current Node    |     Objective Bounds      |     Work
 Expl Unexpl |  Obj  Depth IntInf | Incumbent    BestBd   Gap | It/Node Time

     0     0 53169.1826    0  361          - 53169.1826      -     -    1s
     0     0 80046.0057    0  207          - 80046.0057      -     -    3s
H    0     0                    151803.95194 86858.9301  42.8%     -    3s
H    0     0                    151430.36139 86858.9301  42.6%     -    3s
H    0     0                    150742.77195 86858.9301  42.4%     -    3s
H    0     0                    150688.22270 86858.9301  42.4%     -    3s
H    0     0                    150347.93657 86858.9301  42.2%     -    3s
H    0     0                    150347.52736 86858.9301  42.2%     -    3s
H    0     0                    149987.52039 86858.9301  42.1%     -    3s
H    0     0                    149922.91928 86858.9301  42.1%     -    3s
H    0     0                    149814.27807 86858.9301  42.0%     -    3s
H    0     0                    149814.21905 86858.9301  42.0%     -    3s
H    0     0                    149807.95488 86858.9301  42.0%     -    3s
H    0     0                    149807.89586 86858.9301  42.0%     -    3s
     0     0 86858.9301    0  206 149807.896 86858.9301  42.0%     -    3s
     0     0 88635.6064    0  212 149807.896 88635.6064  40.8%     -    5s
H    0     0                    149754.47382 88635.6064  40.8%     -    5s
     0     0 88635.6064    0  225 149754.474 88635.6064  40.8%     -    5s
     0     0 88681.4541    0  218 149754.474 88681.4541  40.8%     -    6s
H    0     0                    149111.82523 88681.4541  40.5%     -    7s
     0     0 89147.0491    0  296 149111.825 89147.0491  40.2%     -    7s
     0     0 89147.0491    0  287 149111.825 89147.0491  40.2%     -    7s
     0     0 89662.6784    0  237 149111.825 89662.6784  39.9%     -    8s
H    0     0                    148939.04098 89717.7907  39.8%     -    8s
H    0     0                    148916.80090 89717.7907  39.8%     -    8s
     0     0 89717.7907    0  237 148916.801 89717.7907  39.8%     -    8s
     0     0 89941.4540    0  260 148916.801 89941.4540  39.6%     -    9s
H    0     0                    148813.22898 89941.4540  39.6%     -    9s
     0     0 89941.4540    0  277 148813.229 89941.4540  39.6%     -    9s
     0     0 89941.4540    0  237 148813.229 89941.4540  39.6%     -   10s
     0     0 89941.4540    0  261 148813.229 89941.4540  39.6%     -   10s
     0     0 89941.4540    0  280 148813.229 89941.4540  39.6%     -   10s
     0     0 89941.4540    0  281 148813.229 89941.4540  39.6%     -   11s
H    0     0                    148796.84506 89941.4540  39.6%     -   11s
H    0     0                    148773.71994 89941.4540  39.5%     -   11s
H    0     0                    148734.68623 89942.6105  39.5%     -   11s
H    0     0                    148733.87158 89942.6105  39.5%     -   11s
H    0     0                    148732.72776 89942.6105  39.5%     -   12s
H    0     0                    148721.06170 89942.6105  39.5%     -   12s
H    0     0                    148719.24382 89942.6105  39.5%     -   12s
     0     2 92061.9443    0  259 148719.244 92061.9443  38.1%     -   12s

Cutting planes:
  Gomory: 8
  Cover: 4
  MIR: 2
  Flow cover: 1
  RLT: 1
  Relax-and-lift: 4

Explored 3 nodes (56457 simplex iterations) in 12.50 seconds (17.43 work units)
Thread count was 1 (of 32 available processors)

Solution count 10: 148719 148721 148733 ... 148939

Optimal solution found (tolerance 5.00e-02)
Best objective 1.487192438166e+05, best bound 1.479335563733e+05, gap 0.5283%
