
Gurobi 12.0.0 (win64) logging started Mon Sep  7 04:02:15 2026

Set parameter LogFile to value "C:\Users\TECNO-MASTER\Desktop\Elmo_infrastructure_sizing_NP-\output\DCH_septiembre\Bateria_482\Costo_variable\Carga_libre\Carga_on_board_variable_3estaciones_P640kW_Descomp/station_2_d91\gurobi.log"
Set parameter Threads to value 1
Set parameter Heuristics to value 0.5
Set parameter MIPFocus to value 3
Set parameter Presolve to value 2
Set parameter FlowCoverCuts to value 2
Set parameter TimeLimit to value 1200
Gurobi Optimizer version 12.0.0 build v12.0.0rc1 (win64 - Windows 11+.0 (26200.2))

CPU model: Intel(R) Core(TM) i9-14900K, instruction set [SSE2|AVX|AVX2]
Thread count: 24 physical cores, 32 logical processors, using up to 1 threads

Non-default parameters:
TimeLimit  1200
MIPGap  0.05
Heuristics  0.5
MIPFocus  3
FlowCoverCuts  2
Presolve  2
Threads  1

Optimize a model with 23772 rows, 39247 columns and 115808 nonzeros
Model fingerprint: 0xfb6363ce
Variable types: 18325 continuous, 20922 integer (20921 binary)
Coefficient statistics:
  Matrix range     [1e-01, 6e+02]
  Objective range  [1e-02, 1e+02]
  Bounds range     [1e+00, 1e+00]
  RHS range        [1e+00, 1e+04]
Presolve removed 21321 rows and 28434 columns
Presolve time: 0.25s
Presolved: 2451 rows, 10813 columns, 32754 nonzeros
Variable types: 841 continuous, 9972 integer (9972 binary)
Root relaxation presolved: 2451 rows, 10813 columns, 32754 nonzeros


Root relaxation: objective 1.486243e+05, 3005 iterations, 0.19 seconds (0.17 work units)

    Nodes    |    Current Node    |     Objective Bounds      |     Work
 Expl Unexpl |  Obj  Depth IntInf | Incumbent    BestBd   Gap | It/Node Time

     0     0 148624.306    0  201          - 148624.306      -     -    1s
     0     0 148624.306    0  146          - 148624.306      -     -    2s
H    0     0                    154129.27632 148624.306  3.57%     -    2s

Cutting planes:
  Gomory: 11
  Lift-and-project: 3
  Cover: 8
  Implied bound: 14
  Clique: 9
  Flow cover: 6
  Zero half: 14
  RLT: 10
  Relax-and-lift: 18
  BQP: 1
  PSD: 8

Explored 1 nodes (9387 simplex iterations) in 2.24 seconds (1.66 work units)
Thread count was 1 (of 32 available processors)

Solution count 1: 154129 

Optimal solution found (tolerance 5.00e-02)
Best objective 1.541292763153e+05, best bound 1.486243062982e+05, gap 3.5717%
