
Gurobi 12.0.3 (win64) logging started Sun Aug 23 17:22:45 2026

Set parameter LogFile to value "C:\Users\TECNO-MASTER\Desktop\Elmo_infrastructure_sizing_NP-\output\DCH_agosto\Costo_variable\Ventana_restringida\Carga_on_board_variable_3estaciones_P1000kW_Descomp/station_3_d152\gurobi.log"
Set parameter Threads to value 1
Set parameter Heuristics to value 0.5
Set parameter MIPFocus to value 3
Set parameter Presolve to value 2
Set parameter FlowCoverCuts to value 2
Set parameter TimeLimit to value 172800
Gurobi Optimizer version 12.0.3 build v12.0.3rc0 (win64 - Windows 11+.0 (26200.2))

CPU model: Intel(R) Core(TM) i9-14900K, instruction set [SSE2|AVX|AVX2]
Thread count: 24 physical cores, 32 logical processors, using up to 1 threads

Non-default parameters:
TimeLimit  172800
MIPGap  0.01
Heuristics  0.5
MIPFocus  3
FlowCoverCuts  2
Presolve  2
Threads  1

Optimize a model with 23314 rows, 37249 columns and 110330 nonzeros
Model fingerprint: 0x8a7273ec
Variable types: 17323 continuous, 19926 integer (19925 binary)
Coefficient statistics:
  Matrix range     [1e-01, 1e+03]
  Objective range  [1e-02, 1e+02]
  Bounds range     [1e+00, 3e+00]
  RHS range        [1e+00, 1e+04]
Presolve removed 22249 rows and 28485 columns
Presolve time: 0.21s
Presolved: 1065 rows, 8764 columns, 26579 nonzeros
Variable types: 233 continuous, 8531 integer (8440 binary)
Root relaxation presolved: 1065 rows, 8764 columns, 26579 nonzeros


Use crossover to convert LP symmetric solution to basic solution...

Root relaxation: objective 2.164570e+05, 2922 iterations, 0.05 seconds (0.04 work units)

    Nodes    |    Current Node    |     Objective Bounds      |     Work
 Expl Unexpl |  Obj  Depth IntInf | Incumbent    BestBd   Gap | It/Node Time

     0     0 216457.033    0   46          - 216457.033      -     -    0s
H    0     0                    277343.03562 216457.033  22.0%     -    0s
H    0     0                    274078.69017 216457.033  21.0%     -    0s
H    0     0                    274078.20077 216457.033  21.0%     -    0s
H    0     0                    269522.52898 216457.033  19.7%     -    0s
H    0     0                    266314.11959 216457.033  18.7%     -    0s
H    0     0                    261200.07709 216457.033  17.1%     -    0s
H    0     0                    257173.93636 216457.033  15.8%     -    0s
H    0     0                    249317.02973 216457.033  13.2%     -    0s
H    0     0                    249270.96881 216457.033  13.2%     -    0s
H    0     0                    248418.29043 216457.033  12.9%     -    0s
H    0     0                    248346.77493 216457.033  12.8%     -    0s
H    0     0                    248337.27141 216457.033  12.8%     -    0s
H    0     0                    248331.55743 216457.033  12.8%     -    0s
H    0     0                    248329.54869 216457.033  12.8%     -    0s
     0     0 216457.974    0   44 248329.549 216457.974  12.8%     -    1s
H    0     0                    248068.73102 216457.974  12.7%     -    1s
H    0     0                    243432.39178 216457.974  11.1%     -    1s
H    0     0                    243366.90822 216457.974  11.1%     -    1s
H    0     0                    243261.18668 216457.974  11.0%     -    1s
H    0     0                    229527.29795 216457.974  5.69%     -    1s
H    0     0                    227241.03854 216457.974  4.75%     -    1s
     0     0 216457.974    0   44 227241.039 216457.974  4.75%     -    1s
     0     0 216457.974    0   57 227241.039 216457.974  4.75%     -    1s
H    0     0                    227002.01178 216457.974  4.64%     -    2s
H    0     0                    226522.47908 216457.974  4.44%     -    2s
H    0     0                    226275.25066 216457.974  4.34%     -    2s
     0     0 216457.974    0   44 226275.251 216457.974  4.34%     -    2s
H    0     0                    226193.55890 216457.974  4.30%     -    2s
H    0     0                    225863.33022 216457.974  4.16%     -    2s
H    0     0                    224407.12666 216457.974  3.54%     -    2s
H    0     0                    223297.24382 216457.974  3.06%     -    2s
     0     0 216457.974    0   44 223297.244 216457.974  3.06%     -    3s
     0     0 216457.974    0   44 223297.244 216457.974  3.06%     -    3s
     0     0 216457.974    0   44 223297.244 216457.974  3.06%     -    3s
H    0     0                    223130.46563 216457.974  2.99%     -    4s
H    0     0                    223068.38001 216457.974  2.96%     -    4s
H    0     0                    223059.58134 216457.974  2.96%     -    4s
H    0     0                    222603.69774 216457.974  2.76%     -    4s
H    0     0                    220789.10667 216457.974  1.96%     -    4s
H    0     0                    220625.72451 216457.974  1.89%     -    4s
H    0     0                    220601.62727 216457.974  1.88%     -    4s
H    0     0                    220503.18231 216457.974  1.83%     -    4s
H    0     0                    220414.14788 216457.974  1.79%     -    4s
H    0     0                    220345.27832 216457.974  1.76%     -    4s
H    0     0                    220307.09512 216457.974  1.75%     -    4s
H    0     0                    220229.60538 216457.974  1.71%     -    4s
     0     2 216457.974    0   36 220229.605 216457.974  1.71%     -    4s
     3     5 216457.974    2   84 220229.605 216457.974  1.71%   983    5s
H    9     9                    220228.44824 216457.974  1.71%   815    5s
H    9     9                    218878.48009 216457.974  1.11%   815    5s
H   26    26                    218842.73140 216457.974  1.09%  1000    7s
H   26    26                    218839.81708 216457.974  1.09%  1000    7s
H   26    26                    218656.09063 216457.974  1.01%  1000    7s
H   26    26                    218656.09052 216457.974  1.01%  1000    7s
H   27    27                    218651.18918 216457.974  1.00%  1072    8s
H   54    52                    218120.27051 216457.974  0.76%  1184   10s

Cutting planes:
  Gomory: 13
  Lift-and-project: 1
  Cover: 23
  Implied bound: 41
  Projected implied bound: 2
  Clique: 18
  MIR: 255
  Mixing: 19
  StrongCG: 3
  Flow cover: 362
  Zero half: 30
  RLT: 26
  Relax-and-lift: 88
  BQP: 5
  PSD: 20

Explored 55 nodes (77691 simplex iterations) in 10.22 seconds (12.31 work units)
Thread count was 1 (of 32 available processors)

Solution count 10: 218120 218651 218656 ... 220307

Optimal solution found (tolerance 1.00e-02)
Best objective 2.181202705088e+05, best bound 2.164579735007e+05, gap 0.7621%
