
Gurobi 12.0.0 (win64) logging started Mon Sep  7 03:56:26 2026

Set parameter LogFile to value "C:\Users\TECNO-MASTER\Desktop\Elmo_infrastructure_sizing_NP-\output\DCH_septiembre\Bateria_482\Costo_variable\Carga_libre\Carga_on_board_variable_3estaciones_P160kW_Descomp/station_1_d121_stage1\gurobi.log"
Set parameter Threads to value 1
Set parameter Heuristics to value 0.5
Set parameter MIPFocus to value 3
Set parameter Presolve to value 2
Set parameter FlowCoverCuts to value 2
Set parameter TimeLimit to value 1200
Gurobi Optimizer version 12.0.0 build v12.0.0rc1 (win64 - Windows 11+.0 (26200.2))

CPU model: Intel(R) Core(TM) i9-14900K, instruction set [SSE2|AVX|AVX2]
Thread count: 24 physical cores, 32 logical processors, using up to 1 threads

Non-default parameters:
TimeLimit  1200
MIPGap  0.05
Heuristics  0.5
MIPFocus  3
FlowCoverCuts  2
Presolve  2
Threads  1

Optimize a model with 22770 rows, 37249 columns and 110686 nonzeros
Model fingerprint: 0x7b0b9808
Variable types: 17323 continuous, 19926 integer (19925 binary)
Coefficient statistics:
  Matrix range     [1e-01, 2e+02]
  Objective range  [8e-03, 6e+04]
  Bounds range     [1e+00, 1e+00]
  RHS range        [1e+00, 1e+04]
Presolve removed 19951 rows and 26950 columns
Presolve time: 0.25s
Presolved: 2819 rows, 10299 columns, 31535 nonzeros
Variable types: 841 continuous, 9458 integer (9457 binary)
Root relaxation presolved: 2819 rows, 10299 columns, 31535 nonzeros


Root relaxation: objective 1.040322e+05, 6492 iterations, 0.79 seconds (0.92 work units)

    Nodes    |    Current Node    |     Objective Bounds      |     Work
 Expl Unexpl |  Obj  Depth IntInf | Incumbent    BestBd   Gap | It/Node Time

     0     0 119598.788    0  322          - 119598.788      -     -    3s
     0     0 120198.821    0  319          - 120198.821      -     -    5s
     0     0 120238.242    0  343          - 120238.242      -     -    5s
     0     0 120238.242    0  300          - 120238.242      -     -    6s
     0     0 120238.242    0  320          - 120238.242      -     -    8s
     0     0 120238.242    0  344          - 120238.242      -     -    9s
     0     0 120238.242    0  293          - 120238.242      -     -    9s
H    0     0                    185945.42287 120238.242  35.3%     -   10s
H    0     0                    173778.90523 120238.242  30.8%     -   10s
H    0     0                    172090.37540 120238.242  30.1%     -   10s
H    0     0                    171943.09405 120238.242  30.1%     -   10s
H    0     0                    171904.80514 120238.242  30.1%     -   10s
H    0     0                    171859.17054 120238.242  30.0%     -   10s
H    0     0                    171857.81673 120238.242  30.0%     -   10s
H    0     0                    171567.48695 120238.242  29.9%     -   10s
H    0     0                    169717.70669 120238.242  29.2%     -   10s
     0     2 120276.287    0  293 169717.707 120276.287  29.1%     -   10s
H    3     1                    161662.28956 154002.938  4.74%  1127   11s

Cutting planes:
  Gomory: 3
  Cover: 17
  Clique: 2
  Flow cover: 4
  Zero half: 19
  RLT: 2
  Relax-and-lift: 12

Explored 4 nodes (48611 simplex iterations) in 11.18 seconds (11.31 work units)
Thread count was 1 (of 32 available processors)

Solution count 10: 161662 169718 171567 ... 185945

Optimal solution found (tolerance 5.00e-02)
Best objective 1.616622895608e+05, best bound 1.540029375571e+05, gap 4.7379%
