
Gurobi 12.0.3 (win64) logging started Tue Jun 30 16:33:04 2026

Set parameter LogFile to value ".\output\DCH_taller_julio\Costo_fijo\Carga_on_board_142kW\station_1_d32_stage1\gurobi.log"
Set parameter Threads to value 5
Set parameter Heuristics to value 0.5
Set parameter MIPFocus to value 3
Set parameter Presolve to value 2
Set parameter FlowCoverCuts to value 2
Set parameter TimeLimit to value 172800
Gurobi Optimizer version 12.0.3 build v12.0.3rc0 (win64 - Windows 11+.0 (26200.2))

CPU model: Intel(R) Core(TM) i9-14900K, instruction set [SSE2|AVX|AVX2]
Thread count: 24 physical cores, 32 logical processors, using up to 5 threads

Non-default parameters:
TimeLimit  172800
MIPGap  0.01
Heuristics  0.5
MIPFocus  3
FlowCoverCuts  2
Presolve  2
Threads  5

Optimize a model with 22763 rows, 35809 columns and 110742 nonzeros
Model fingerprint: 0x8698e256
Variable types: 17323 continuous, 18486 integer (18485 binary)
Coefficient statistics:
  Matrix range     [1e-01, 1e+02]
  Objective range  [4e-01, 6e+04]
  Bounds range     [1e+00, 1e+00]
  RHS range        [1e+00, 1e+04]
Presolve removed 20029 rows and 25837 columns
Presolve time: 0.11s
Presolved: 2734 rows, 9972 columns, 30403 nonzeros
Variable types: 820 continuous, 9152 integer (9151 binary)
Root relaxation presolved: 2734 rows, 9972 columns, 30403 nonzeros


Root relaxation: objective 1.554094e+05, 6643 iterations, 0.60 seconds (1.06 work units)

    Nodes    |    Current Node    |     Objective Bounds      |     Work
 Expl Unexpl |  Obj  Depth IntInf | Incumbent    BestBd   Gap | It/Node Time

     0     0 170683.812    0   19          - 170683.812      -     -    1s
H    0     0                    170727.83784 170683.812  0.03%     -    1s

Cutting planes:
  Gomory: 5
  Lift-and-project: 5
  Cover: 1
  Zero half: 3
  RLT: 1

Explored 1 nodes (14023 simplex iterations) in 1.65 seconds (2.43 work units)
Thread count was 5 (of 32 available processors)

Solution count 1: 170728 

Optimal solution found (tolerance 1.00e-02)
Best objective 1.707278378450e+05, best bound 1.706838116195e+05, gap 0.0258%
