
Gurobi 12.0.3 (win64) logging started Mon Sep  7 19:27:23 2026

Set parameter LogFile to value "C:\Users\TECNO-MASTER\Desktop\Elmo_infrastructure_sizing_NP-\output\DCH_septiembre\Bateria_353\Costo_variable\Carga_libre\Carga_on_board_variable_3estaciones_P320kW_Descomp/station_1_d305\gurobi.log"
Set parameter Threads to value 1
Set parameter Heuristics to value 0.5
Set parameter MIPFocus to value 3
Set parameter Presolve to value 2
Set parameter FlowCoverCuts to value 2
Set parameter TimeLimit to value 1200
Gurobi Optimizer version 12.0.3 build v12.0.3rc0 (win64 - Windows 11+.0 (26200.2))

CPU model: Intel(R) Core(TM) i9-14900K, instruction set [SSE2|AVX|AVX2]
Thread count: 24 physical cores, 32 logical processors, using up to 1 threads

Non-default parameters:
TimeLimit  1200
MIPGap  0.05
Heuristics  0.5
MIPFocus  3
FlowCoverCuts  2
Presolve  2
Threads  1

Optimize a model with 22740 rows, 37249 columns and 109724 nonzeros
Model fingerprint: 0x693c1777
Variable types: 17323 continuous, 19926 integer (19925 binary)
Coefficient statistics:
  Matrix range     [1e-01, 3e+02]
  Objective range  [1e-01, 1e+02]
  Bounds range     [1e+00, 1e+00]
  RHS range        [1e+00, 1e+04]
Presolve removed 20416 rows and 26953 columns
Presolve time: 0.23s
Presolved: 2324 rows, 10296 columns, 30334 nonzeros
Variable types: 840 continuous, 9456 integer (9456 binary)
Root relaxation presolved: 2324 rows, 10296 columns, 30334 nonzeros


Root relaxation: objective 1.163524e+05, 4155 iterations, 0.31 seconds (0.30 work units)

    Nodes    |    Current Node    |     Objective Bounds      |     Work
 Expl Unexpl |  Obj  Depth IntInf | Incumbent    BestBd   Gap | It/Node Time

     0     0 116352.432    0   52          - 116352.432      -     -    1s
H    0     0                    116514.01348 116352.432  0.14%     -    1s

Explored 1 nodes (6246 simplex iterations) in 1.24 seconds (0.95 work units)
Thread count was 1 (of 32 available processors)

Solution count 1: 116514 

Optimal solution found (tolerance 5.00e-02)
Best objective 1.165140134780e+05, best bound 1.163524317867e+05, gap 0.1387%
