
Gurobi 12.0.3 (win64) logging started Tue Jun 30 14:34:14 2026

Set parameter LogFile to value "output/DCH_taller_julio/Costo_variable/Carga_on_board_320kW_Descomp/station_3_d152\gurobi.log"
Set parameter Threads to value 5
Set parameter Heuristics to value 0.5
Set parameter MIPFocus to value 3
Set parameter Presolve to value 2
Set parameter FlowCoverCuts to value 2
Set parameter TimeLimit to value 172800
Gurobi Optimizer version 12.0.3 build v12.0.3rc0 (win64 - Windows 11+.0 (26200.2))

CPU model: Intel(R) Core(TM) i9-14900K, instruction set [SSE2|AVX|AVX2]
Thread count: 24 physical cores, 32 logical processors, using up to 5 threads

Non-default parameters:
TimeLimit  172800
MIPGap  0.01
Heuristics  0.5
MIPFocus  3
FlowCoverCuts  2
Presolve  2
Threads  5

Optimize a model with 22793 rows, 35809 columns and 109900 nonzeros
Model fingerprint: 0xa1ce5b81
Variable types: 17323 continuous, 18486 integer (18485 binary)
Coefficient statistics:
  Matrix range     [1e-01, 3e+02]
  Objective range  [1e-02, 1e+02]
  Bounds range     [1e+00, 1e+00]
  RHS range        [1e+00, 1e+04]
Presolve removed 20486 rows and 25838 columns
Presolve time: 0.13s
Presolved: 2307 rows, 9971 columns, 29520 nonzeros
Variable types: 821 continuous, 9150 integer (9150 binary)
Root relaxation presolved: 2307 rows, 9971 columns, 29520 nonzeros


Root relaxation: objective 1.305330e+05, 3295 iterations, 0.17 seconds (0.22 work units)

    Nodes    |    Current Node    |     Objective Bounds      |     Work
 Expl Unexpl |  Obj  Depth IntInf | Incumbent    BestBd   Gap | It/Node Time

     0     0 130533.021    0  148          - 130533.021      -     -    0s
H    0     0                    145029.69745 130533.021  10.0%     -    1s
H    0     0                    144943.67157 130533.021  9.94%     -    1s
H    0     0                    141978.23755 130533.021  8.06%     -    1s
H    0     0                    141929.68571 130533.021  8.03%     -    1s
H    0     0                    141475.90711 130533.021  7.73%     -    1s
H    0     0                    141421.29678 130533.021  7.70%     -    1s
H    0     0                    140109.39113 130533.021  6.83%     -    1s
H    0     0                    140030.45036 130533.021  6.78%     -    1s
H    0     0                    139652.97694 130533.021  6.53%     -    1s
H    0     0                    138756.01154 130533.021  5.93%     -    1s
H    0     0                    138584.27438 130533.021  5.81%     -    1s
H    0     0                    138338.79091 130533.021  5.64%     -    1s
H    0     0                    137078.46748 130553.873  4.76%     -    1s
H    0     0                    137069.83858 130553.873  4.75%     -    1s
H    0     0                    137068.94807 130553.873  4.75%     -    1s
H    0     0                    135462.21955 130553.873  3.62%     -    2s
H    0     0                    135462.06550 130553.873  3.62%     -    2s
     0     0 130553.873    0  113 135462.065 130553.873  3.62%     -    2s
H    0     0                    135413.99399 130553.873  3.59%     -    2s
H    0     0                    135412.61136 130553.873  3.59%     -    2s
H    0     0                    134870.66876 130553.873  3.20%     -    2s
H    0     0                    134869.93437 130553.873  3.20%     -    2s
H    0     0                    134869.77401 130553.873  3.20%     -    2s
     0     0 130553.873    0  114 134869.774 130553.873  3.20%     -    2s
H    0     0                    134731.06864 130553.873  3.10%     -    2s
H    0     0                    134483.51143 130553.873  2.92%     -    2s
H    0     0                    131843.73606 130553.873  0.98%     -    3s
H    0     0                    130610.72928 130553.873  0.04%     -    3s
H    0     0                    130590.57868 130553.873  0.03%     -    3s
H    0     0                    130588.24940 130553.873  0.03%     -    3s
H    0     0                    130567.82147 130553.873  0.01%     -    3s
     0     0 130553.873    0  103 130567.821 130553.873  0.01%     -    3s

Cutting planes:
  Gomory: 4
  Lift-and-project: 8
  Cover: 7
  Implied bound: 4
  Clique: 9
  MIR: 11
  Mixing: 8
  Flow cover: 16
  Zero half: 41
  RLT: 5
  Relax-and-lift: 18
  BQP: 5
  PSD: 4

Explored 1 nodes (15500 simplex iterations) in 3.23 seconds (3.30 work units)
Thread count was 5 (of 32 available processors)

Solution count 10: 130568 130588 130591 ... 134871

Optimal solution found (tolerance 1.00e-02)
Best objective 1.305678214672e+05, best bound 1.305538726406e+05, gap 0.0107%
