
Gurobi 12.0.3 (win64) logging started Tue Jul  7 18:01:40 2026

Set parameter LogFile to value "output/DCH_taller_julio/Costo_variable/Ventana_restringida/Carga_on_board_1000kW_Descomp_ventana_carga/station_3_d32_stage1\gurobi.log"
Set parameter Threads to value 5
Set parameter Heuristics to value 0.5
Set parameter MIPFocus to value 3
Set parameter Presolve to value 2
Set parameter FlowCoverCuts to value 2
Set parameter TimeLimit to value 172800
Gurobi Optimizer version 12.0.3 build v12.0.3rc0 (win64 - Windows 11+.0 (26200.2))

CPU model: Intel(R) Core(TM) i9-14900K, instruction set [SSE2|AVX|AVX2]
Thread count: 24 physical cores, 32 logical processors, using up to 5 threads

Non-default parameters:
TimeLimit  172800
MIPGap  0.01
Heuristics  0.5
MIPFocus  3
FlowCoverCuts  2
Presolve  2
Threads  5

Optimize a model with 23299 rows, 35809 columns and 111278 nonzeros
Model fingerprint: 0x9e8b4b4f
Variable types: 17323 continuous, 18486 integer (18485 binary)
Coefficient statistics:
  Matrix range     [1e-01, 1e+03]
  Objective range  [3e-03, 2e+05]
  Bounds range     [1e+00, 1e+00]
  RHS range        [1e+00, 1e+04]
Presolve removed 22062 rows and 27285 columns
Presolve time: 0.31s
Presolved: 1237 rows, 8524 columns, 25866 nonzeros
Variable types: 244 continuous, 8280 integer (8279 binary)
Root relaxation presolved: 1237 rows, 8524 columns, 25866 nonzeros


Use crossover to convert LP symmetric solution to basic solution...

Root relaxation: objective 1.211396e+05, 3292 iterations, 0.13 seconds (0.07 work units)

    Nodes    |    Current Node    |     Objective Bounds      |     Work
 Expl Unexpl |  Obj  Depth IntInf | Incumbent    BestBd   Gap | It/Node Time

     0     0 220984.386    0  100          - 220984.386      -     -    2s
H    0     0                    396316.03404 220984.386  44.2%     -    2s
H    0     0                    396263.09441 220984.386  44.2%     -    2s
H    0     0                    396243.60289 220984.386  44.2%     -    2s
H    0     0                    396242.00201 220984.386  44.2%     -    2s
H    0     0                    396159.80213 220984.386  44.2%     -    2s
H    0     0                    396159.26147 220984.386  44.2%     -    2s
H    0     0                    396159.04261 220984.386  44.2%     -    2s
H    0     0                    221265.35545 221000.833  0.12%     -    3s
H    0     0                    221264.15325 221000.833  0.12%     -    3s
H    0     0                    221199.90265 221000.833  0.09%     -    3s
     0     0 221000.833    0  114 221199.903 221000.833  0.09%     -    3s

Cutting planes:
  Gomory: 7
  Cover: 4
  Implied bound: 4
  Projected implied bound: 4
  MIR: 9
  Mixing: 2
  Flow cover: 27
  GUB cover: 2
  Zero half: 14
  RLT: 1
  BQP: 1

Explored 1 nodes (13349 simplex iterations) in 3.09 seconds (1.42 work units)
Thread count was 5 (of 32 available processors)

Solution count 10: 221200 221264 221265 ... 396316

Optimal solution found (tolerance 1.00e-02)
Best objective 2.211999026538e+05, best bound 2.210008334185e+05, gap 0.0900%
