
Gurobi 12.0.0 (win64) logging started Wed Jul  1 13:53:57 2026

Set parameter LogFile to value "output/DCH_taller_julio/Costo_variable/Carga_on_board_320kW_st2_2ch/station_1_d244\gurobi.log"
Set parameter Threads to value 5
Set parameter Heuristics to value 0.5
Set parameter MIPFocus to value 3
Set parameter Presolve to value 2
Set parameter FlowCoverCuts to value 2
Set parameter TimeLimit to value 172800
Gurobi Optimizer version 12.0.0 build v12.0.0rc1 (win64 - Windows 11+.0 (26200.2))

CPU model: Intel(R) Core(TM) i9-14900K, instruction set [SSE2|AVX|AVX2]
Thread count: 24 physical cores, 32 logical processors, using up to 5 threads

Non-default parameters:
TimeLimit  172800
MIPGap  0.01
Heuristics  0.5
MIPFocus  3
FlowCoverCuts  2
Presolve  2
Threads  5

Optimize a model with 22793 rows, 35809 columns and 109900 nonzeros
Model fingerprint: 0x6b5aa592
Variable types: 17323 continuous, 18486 integer (18485 binary)
Coefficient statistics:
  Matrix range     [1e-01, 3e+02]
  Objective range  [8e-03, 1e+02]
  Bounds range     [1e+00, 1e+00]
  RHS range        [1e+00, 1e+04]
Presolve removed 20486 rows and 25838 columns
Presolve time: 0.09s
Presolved: 2307 rows, 9971 columns, 29520 nonzeros
Variable types: 821 continuous, 9150 integer (9150 binary)
Root relaxation presolved: 2307 rows, 9971 columns, 29520 nonzeros


Root relaxation: objective 1.293373e+05, 3956 iterations, 0.21 seconds (0.35 work units)

    Nodes    |    Current Node    |     Objective Bounds      |     Work
 Expl Unexpl |  Obj  Depth IntInf | Incumbent    BestBd   Gap | It/Node Time

     0     0 129337.302    0  243          - 129337.302      -     -    0s
H    0     0                    284569.72529 129337.302  54.5%     -    1s
H    0     0                    166839.47748 129337.302  22.5%     -    1s
H    0     0                    166648.76793 129337.302  22.4%     -    1s
H    0     0                    164439.33868 129337.302  21.3%     -    1s
H    0     0                    153073.29771 129337.302  15.5%     -    1s
H    0     0                    150376.12782 129337.302  14.0%     -    1s
H    0     0                    150340.61891 129337.302  14.0%     -    1s
H    0     0                    148869.17644 129337.302  13.1%     -    1s
H    0     0                    148427.12177 129337.302  12.9%     -    1s
H    0     0                    148425.90450 129337.302  12.9%     -    1s
H    0     0                    148420.86346 129337.302  12.9%     -    1s
H    0     0                    145875.45124 129337.302  11.3%     -    1s
     0     0 129345.602    0  218 145875.451 129345.602  11.3%     -    2s
H    0     0                    145769.73341 129345.602  11.3%     -    2s
H    0     0                    140870.96994 129345.602  8.18%     -    2s
     0     0 129345.602    0  217 140870.970 129345.602  8.18%     -    2s
     0     0 129345.602    0  180 140870.970 129345.602  8.18%     -    3s
H    0     0                    139776.36004 129345.602  7.46%     -    3s
     0     0 129345.602    0  174 139776.360 129345.602  7.46%     -    3s
H    0     0                    139744.90831 129345.602  7.44%     -    3s
H    0     0                    139744.73544 129345.602  7.44%     -    3s
     0     0 129345.602    0  191 139744.735 129345.602  7.44%     -    4s
H    0     0                    139741.34449 129345.602  7.44%     -    4s
H    0     0                    139388.68569 129345.602  7.21%     -    4s
H    0     0                    139385.34314 129345.602  7.20%     -    4s
     0     0 129345.602    0  196 139385.343 129345.602  7.20%     -    4s
H    0     0                    129487.57528 129345.602  0.11%     -    5s
     0     0 129345.602    0  154 129487.575 129345.602  0.11%     -    5s

Cutting planes:
  Gomory: 2
  Lift-and-project: 33
  Cover: 17
  Implied bound: 22
  Clique: 16
  MIR: 17
  Mixing: 5
  Flow cover: 28
  Zero half: 28
  RLT: 8
  Relax-and-lift: 52
  BQP: 3
  PSD: 15

Explored 1 nodes (32691 simplex iterations) in 5.72 seconds (7.93 work units)
Thread count was 5 (of 32 available processors)

Solution count 10: 129488 139385 139389 ... 145875

Optimal solution found (tolerance 1.00e-02)
Best objective 1.294875752778e+05, best bound 1.293456018366e+05, gap 0.1096%
