
Gurobi 12.0.3 (win64) logging started Sun Aug 23 17:25:04 2026

Set parameter LogFile to value "C:\Users\TECNO-MASTER\Desktop\Elmo_infrastructure_sizing_NP-\output\DCH_agosto\Costo_variable\Ventana_restringida\Carga_on_board_variable_3estaciones_P640kW_Descomp/station_1_d182_stage1\gurobi.log"
Set parameter Threads to value 1
Set parameter Heuristics to value 0.5
Set parameter MIPFocus to value 3
Set parameter Presolve to value 2
Set parameter FlowCoverCuts to value 2
Set parameter TimeLimit to value 172800
Gurobi Optimizer version 12.0.3 build v12.0.3rc0 (win64 - Windows 11+.0 (26200.2))

CPU model: Intel(R) Core(TM) i9-14900K, instruction set [SSE2|AVX|AVX2]
Thread count: 24 physical cores, 32 logical processors, using up to 1 threads

Non-default parameters:
TimeLimit  172800
MIPGap  0.01
Heuristics  0.5
MIPFocus  3
FlowCoverCuts  2
Presolve  2
Threads  1

Optimize a model with 23314 rows, 37249 columns and 111230 nonzeros
Model fingerprint: 0x918c9940
Variable types: 17323 continuous, 19926 integer (19925 binary)
Coefficient statistics:
  Matrix range     [1e-01, 6e+02]
  Objective range  [1e-02, 1e+05]
  Bounds range     [1e+00, 3e+00]
  RHS range        [1e+00, 1e+04]
Presolve removed 22108 rows and 28486 columns
Presolve time: 0.19s
Presolved: 1206 rows, 8763 columns, 27242 nonzeros
Variable types: 233 continuous, 8530 integer (8443 binary)
Root relaxation presolved: 1206 rows, 8763 columns, 27242 nonzeros


Use crossover to convert LP symmetric solution to basic solution...

Root relaxation: objective 1.518374e+05, 3505 iterations, 0.07 seconds (0.06 work units)

    Nodes    |    Current Node    |     Objective Bounds      |     Work
 Expl Unexpl |  Obj  Depth IntInf | Incumbent    BestBd   Gap | It/Node Time

     0     0 151837.439    0  153          - 151837.439      -     -    0s
H    0     0                    315498.15166 151837.439  51.9%     -    0s
H    0     0                    225088.59854 151837.439  32.5%     -    1s
H    0     0                    224172.17042 151837.439  32.3%     -    1s
H    0     0                    224101.05542 151837.439  32.2%     -    1s
H    0     0                    221247.09847 151837.439  31.4%     -    1s
H    0     0                    221240.44056 151837.439  31.4%     -    1s
H    0     0                    221179.96692 151837.439  31.4%     -    1s
H    0     0                    221085.99982 151837.439  31.3%     -    1s
     0     0 167264.494    0   91 221086.000 167264.494  24.3%     -    2s
H    0     0                    196796.25758 167487.910  14.9%     -    2s
H    0     0                    193888.79873 167487.910  13.6%     -    2s
H    0     0                    193824.61085 167487.910  13.6%     -    2s
H    0     0                    193386.70635 167487.910  13.4%     -    2s
H    0     0                    186927.68643 167487.910  10.4%     -    2s
     0     0 167487.910    0  108 186927.686 167487.910  10.4%     -    2s
     0     0 169988.102    0   98 186927.686 169988.102  9.06%     -    2s
     0     0 169988.102    0  109 186927.686 169988.102  9.06%     -    2s
     0     0 169988.102    0  115 186927.686 169988.102  9.06%     -    3s
H    0     0                    186754.80612 169988.102  8.98%     -    3s
H    0     0                    184076.12763 169988.102  7.65%     -    3s
H    0     0                    183984.68383 169988.102  7.61%     -    3s
H    0     0                    183074.51823 169988.102  7.15%     -    3s
H    0     0                    181696.61130 169988.102  6.44%     -    3s
     0     0 169988.102    0  117 181696.611 169988.102  6.44%     -    4s
     0     0 169988.102    0  131 181696.611 169988.102  6.44%     -    4s
     0     0 169988.102    0  122 181696.611 169988.102  6.44%     -    5s
H    0     0                    181328.11740 169988.102  6.25%     -    5s
H    0     0                    181301.49592 169988.102  6.24%     -    5s
H    0     0                    181206.09725 169988.102  6.19%     -    5s
H    0     0                    180503.78278 169988.102  5.83%     -    5s
H    0     0                    180225.13503 169988.102  5.68%     -    6s
H    0     0                    179948.58667 169988.102  5.54%     -    6s
H    0     0                    179409.10805 169988.102  5.25%     -    6s
     0     1 170987.628    0  122 179409.108 170987.628  4.69%     -    6s

Cutting planes:
  Gomory: 7
  Cover: 11
  Implied bound: 13
  Projected implied bound: 1
  Clique: 44
  MIR: 38
  Mixing: 4
  Flow cover: 47
  Zero half: 11
  Relax-and-lift: 19
  BQP: 5
  PSD: 1

Explored 6 nodes (16168 simplex iterations) in 6.52 seconds (5.91 work units)
Thread count was 1 (of 32 available processors)

Solution count 10: 179409 179949 180225 ... 183985

Optimal solution found (tolerance 1.00e-02)
Best objective 1.794091080457e+05, best bound 1.777860784399e+05, gap 0.9047%
