
Gurobi 12.0.3 (win64) logging started Fri May  8 18:42:37 2026

Set parameter LogFile to value "output\Escenarios_DET\costo_fijo\meta_carta_tiraje\gurobi.log"
Set parameter Threads to value 24
Set parameter Heuristics to value 0.5
Set parameter MIPFocus to value 3
Set parameter Presolve to value 2
Set parameter FlowCoverCuts to value 2
Set parameter TimeLimit to value 172800
Gurobi Optimizer version 12.0.3 build v12.0.3rc0 (win64 - Windows 11+.0 (26200.2))

CPU model: Intel(R) Core(TM) i9-14900K, instruction set [SSE2|AVX|AVX2]
Thread count: 24 physical cores, 32 logical processors, using up to 24 threads

Non-default parameters:
TimeLimit  172800
MIPGap  0.01
Heuristics  0.5
MIPFocus  3
FlowCoverCuts  2
Presolve  2
Threads  24

Optimize a model with 49928 rows, 84430 columns and 216491 nonzeros
Model fingerprint: 0xf1156af4
Variable types: 41588 continuous, 42842 integer (42841 binary)
Coefficient statistics:
  Matrix range     [1e-01, 3e+02]
  Objective range  [4e+00, 4e+05]
  Bounds range     [1e+00, 2e+02]
  RHS range        [1e+00, 3e+03]
Presolve removed 47665 rows and 62560 columns
Presolve time: 0.24s
Presolved: 2263 rows, 21870 columns, 64087 nonzeros
Variable types: 1526 continuous, 20344 integer (20343 binary)
Found heuristic solution: objective 7.958587e+07
Found heuristic solution: objective 7.931703e+07
Root relaxation presolve removed 602 rows and 602 columns
Root relaxation presolved: 1661 rows, 21268 columns, 62883 nonzeros


Use crossover to convert LP symmetric solution to basic solution...

Root relaxation: objective 6.307311e+05, 5362 iterations, 0.05 seconds (0.06 work units)

    Nodes    |    Current Node    |     Objective Bounds      |     Work
 Expl Unexpl |  Obj  Depth IntInf | Incumbent    BestBd   Gap | It/Node Time

     0     0 630731.118    0  583 7.9317e+07 630731.118  99.2%     -    1s
H    0     0                    7.820124e+07 630731.118  99.2%     -    1s
H    0     0                    4.615712e+07 630731.118  98.6%     -    1s
H    0     0                    4.542790e+07 630731.118  98.6%     -    1s
H    0     0                    4.488891e+07 630731.118  98.6%     -    1s
H    0     0                    4.430541e+07 630731.118  98.6%     -    1s
H    0     0                    4.407662e+07 630731.118  98.6%     -    1s
H    0     0                    4.377030e+07 630731.118  98.6%     -    1s
H    0     0                    4.377029e+07 630731.118  98.6%     -    1s
H    0     0                    4.376905e+07 630731.118  98.6%     -    1s
H    0     0                    4.376819e+07 630731.118  98.6%     -    1s
H    0     0                    3958691.9294 630731.118  84.1%     -    2s
H    0     0                    1339094.6615 630731.118  52.9%     -    2s
H    0     0                    1335377.6753 630731.118  52.8%     -    2s
H    0     0                    1331702.9018 630731.118  52.6%     -    2s
H    0     0                    1319436.4147 630731.118  52.2%     -    2s
H    0     0                    1092168.8179 630731.118  42.2%     -    2s
H    0     0                    1048551.9131 630731.118  39.8%     -    2s
H    0     0                    1004502.1979 676755.981  32.6%     -    3s
H    0     0                    1004024.9614 676755.981  32.6%     -    3s
H    0     0                    977778.96973 676755.981  30.8%     -    3s
H    0     0                    944976.40574 676755.981  28.4%     -    3s
H    0     0                    942800.16121 676755.981  28.2%     -    3s
H    0     0                    942539.36786 676755.981  28.2%     -    3s
H    0     0                    941740.37779 676755.981  28.1%     -    3s
H    0     0                    941031.88929 676755.981  28.1%     -    3s
     0     0 799812.497    0  568 941031.889 799812.497  15.0%     -    3s
H    0     0                    941002.62240 799812.497  15.0%     -    4s
H    0     0                    940918.35661 799812.497  15.0%     -    4s
H    0     0                    934995.83245 799812.497  14.5%     -    4s
     0     0 816590.400    0  598 934995.832 816590.400  12.7%     -    4s
     0     0 850564.647    0  582 934995.832 850564.647  9.03%     -    4s
     0     0 850564.647    0  477 934995.832 850564.647  9.03%     -    4s
     0     0 914971.702    0  390 934995.832 914971.702  2.14%     -    4s
     0     0 914971.702    0  468 934995.832 914971.702  2.14%     -    5s
     0     0 914971.702    0  466 934995.832 914971.702  2.14%     -    5s
H    0     0                    930205.88512 914971.702  1.64%     -    6s
H    0     0                    927956.53671 914971.702  1.40%     -    6s
H    0     0                    926461.22033 914971.702  1.24%     -    6s

Cutting planes:
  Gomory: 2
  Implied bound: 1
  Projected implied bound: 11
  MIR: 102
  Flow cover: 269
  RLT: 11

Explored 1 nodes (21789 simplex iterations) in 6.21 seconds (6.15 work units)
Thread count was 24 (of 32 available processors)

Solution count 10: 926461 926461 927957 ... 942539

Optimal solution found (tolerance 1.00e-02)
Best objective 9.264612203284e+05, best bound 9.209422783604e+05, gap 0.5957%
