
Gurobi 12.0.3 (win64) logging started Tue Jun 30 14:56:13 2026

Set parameter LogFile to value "output/DCH_taller_julio/Costo_variable/Carga_on_board_640kW_Descomp/station_1_d152\gurobi.log"
Set parameter Threads to value 5
Set parameter Heuristics to value 0.5
Set parameter MIPFocus to value 3
Set parameter Presolve to value 2
Set parameter FlowCoverCuts to value 2
Set parameter TimeLimit to value 172800
Gurobi Optimizer version 12.0.3 build v12.0.3rc0 (win64 - Windows 11+.0 (26200.2))

CPU model: Intel(R) Core(TM) i9-14900K, instruction set [SSE2|AVX|AVX2]
Thread count: 24 physical cores, 32 logical processors, using up to 5 threads

Non-default parameters:
TimeLimit  172800
MIPGap  0.01
Heuristics  0.5
MIPFocus  3
FlowCoverCuts  2
Presolve  2
Threads  5

Optimize a model with 22793 rows, 35809 columns and 109900 nonzeros
Model fingerprint: 0xac5c59c1
Variable types: 17323 continuous, 18486 integer (18485 binary)
Coefficient statistics:
  Matrix range     [1e-01, 6e+02]
  Objective range  [1e-02, 1e+02]
  Bounds range     [1e+00, 1e+00]
  RHS range        [1e+00, 1e+04]
Presolve removed 20397 rows and 25838 columns
Presolve time: 0.16s
Presolved: 2396 rows, 9971 columns, 30232 nonzeros
Variable types: 821 continuous, 9150 integer (9150 binary)
Root relaxation presolved: 2396 rows, 9971 columns, 30232 nonzeros


Root relaxation: objective 1.669891e+05, 3778 iterations, 0.20 seconds (0.25 work units)

    Nodes    |    Current Node    |     Objective Bounds      |     Work
 Expl Unexpl |  Obj  Depth IntInf | Incumbent    BestBd   Gap | It/Node Time

     0     0 166989.143    0  241          - 166989.143      -     -    0s
H    0     0                    226008.77418 166989.143  26.1%     -    0s
H    0     0                    216001.30223 166989.143  22.7%     -    0s
H    0     0                    208779.04321 166989.143  20.0%     -    0s
H    0     0                    207891.97108 166989.143  19.7%     -    0s
H    0     0                    207694.04876 166989.143  19.6%     -    0s
H    0     0                    207672.83595 166989.143  19.6%     -    0s
H    0     0                    203852.61737 166989.143  18.1%     -    0s
H    0     0                    203412.95865 166989.143  17.9%     -    1s
H    0     0                    203410.48549 166989.143  17.9%     -    1s
H    0     0                    203405.09491 166989.143  17.9%     -    1s
H    0     0                    203355.63995 166989.143  17.9%     -    1s
H    0     0                    203142.75280 166989.143  17.8%     -    1s
H    0     0                    203076.09892 166989.143  17.8%     -    1s
H    0     0                    203056.67503 166989.143  17.8%     -    1s
H    0     0                    197573.19299 166989.143  15.5%     -    1s
H    0     0                    182295.94785 166989.143  8.40%     -    1s
H    0     0                    178392.07915 166989.143  6.39%     -    1s
H    0     0                    170737.55712 167157.168  2.10%     -    2s
H    0     0                    170261.35443 167157.168  1.82%     -    2s
H    0     0                    170121.08684 167157.168  1.74%     -    2s
H    0     0                    170043.01623 167157.168  1.70%     -    2s
H    0     0                    170042.68951 167157.168  1.70%     -    2s
H    0     0                    169951.59589 167157.168  1.64%     -    2s
H    0     0                    169950.43782 167157.168  1.64%     -    2s
     0     0 167205.314    0  256 169950.438 167205.314  1.62%     -    2s
H    0     0                    169948.57921 167251.453  1.59%     -    2s
H    0     0                    169947.33474 167251.453  1.59%     -    2s
H    0     0                    169831.21994 167251.453  1.52%     -    2s
H    0     0                    169681.20563 167251.453  1.43%     -    2s
H    0     0                    168536.79302 167251.453  0.76%     -    2s

Cutting planes:
  Gomory: 6
  Lift-and-project: 9
  Cover: 6
  Implied bound: 6
  Flow cover: 2
  Zero half: 5
  RLT: 1
  Relax-and-lift: 7
  PSD: 2

Explored 1 nodes (10372 simplex iterations) in 2.91 seconds (2.24 work units)
Thread count was 5 (of 32 available processors)

Solution count 10: 168537 169681 169831 ... 170121

Optimal solution found (tolerance 1.00e-02)
Best objective 1.685367930157e+05, best bound 1.672514530170e+05, gap 0.7626%
