
Gurobi 12.0.0 (win64) logging started Mon Sep  7 04:00:58 2026

Set parameter LogFile to value "C:\Users\TECNO-MASTER\Desktop\Elmo_infrastructure_sizing_NP-\output\DCH_septiembre\Bateria_482\Costo_variable\Ventana_restringida\Carga_on_board_variable_3estaciones_P640kW_Descomp/station_2_d244\gurobi.log"
Set parameter Threads to value 1
Set parameter Heuristics to value 0.5
Set parameter MIPFocus to value 3
Set parameter Presolve to value 2
Set parameter FlowCoverCuts to value 2
Set parameter TimeLimit to value 1200
Gurobi Optimizer version 12.0.0 build v12.0.0rc1 (win64 - Windows 11+.0 (26200.2))

CPU model: Intel(R) Core(TM) i9-14900K, instruction set [SSE2|AVX|AVX2]
Thread count: 24 physical cores, 32 logical processors, using up to 1 threads

Non-default parameters:
TimeLimit  1200
MIPGap  0.05
Heuristics  0.5
MIPFocus  3
FlowCoverCuts  2
Presolve  2
Threads  1

Optimize a model with 24316 rows, 39247 columns and 116352 nonzeros
Model fingerprint: 0x059c0a72
Variable types: 18325 continuous, 20922 integer (20921 binary)
Coefficient statistics:
  Matrix range     [1e-01, 6e+02]
  Objective range  [8e-03, 1e+02]
  Bounds range     [1e+00, 1e+00]
  RHS range        [1e+00, 1e+04]
Presolve removed 23245 rows and 29962 columns
Presolve time: 0.22s
Presolved: 1071 rows, 9285 columns, 27879 nonzeros
Variable types: 233 continuous, 9052 integer (9052 binary)
Root relaxation presolved: 1071 rows, 9285 columns, 27879 nonzeros


Use crossover to convert LP symmetric solution to basic solution...

Root relaxation: objective 1.809946e+05, 3242 iterations, 0.05 seconds (0.04 work units)

    Nodes    |    Current Node    |     Objective Bounds      |     Work
 Expl Unexpl |  Obj  Depth IntInf | Incumbent    BestBd   Gap | It/Node Time

     0     0 180994.596    0   24          - 180994.596      -     -    0s
H    0     0                    210933.68071 180994.596  14.2%     -    0s
     0     0 180994.596    0   19 210933.681 180994.596  14.2%     -    1s
H    0     0                    202776.72652 180994.596  10.7%     -    1s
H    0     0                    198455.44468 180994.596  8.80%     -    1s
     0     0 180994.596    0   21 198455.445 180994.596  8.80%     -    1s
H    0     0                    193196.61228 180994.596  6.32%     -    1s
H    0     0                    193196.47859 180994.596  6.32%     -    1s
     0     0 180994.596    0   20 193196.479 180994.596  6.32%     -    2s
H    0     0                    190748.13336 180994.596  5.11%     -    2s
     0     0 180994.596    0   21 190748.133 180994.596  5.11%     -    2s
     0     0 180994.596    0   23 190748.133 180994.596  5.11%     -    2s
     0     0 180994.596    0   23 190748.133 180994.596  5.11%     -    2s
H    0     0                    190184.52599 180994.596  4.83%     -    3s

Cutting planes:
  Gomory: 7
  Lift-and-project: 1
  Cover: 2
  Implied bound: 13
  Clique: 1
  MIR: 5
  Flow cover: 4
  Zero half: 3
  RLT: 1
  Relax-and-lift: 7
  PSD: 2

Explored 1 nodes (10352 simplex iterations) in 3.05 seconds (3.01 work units)
Thread count was 1 (of 32 available processors)

Solution count 7: 190185 190748 193196 ... 210934

Optimal solution found (tolerance 5.00e-02)
Best objective 1.901845259883e+05, best bound 1.809945956568e+05, gap 4.8321%
