
Gurobi 12.0.3 (win64) logging started Sun Aug 23 02:49:31 2026

Set parameter LogFile to value "C:\Users\TECNO-MASTER\Desktop\Elmo_infrastructure_sizing_NP-\output\DCH_agosto\Costo_variable\Carga_libre\Carga_on_board_variable_3estaciones_P320kW_Descomp/station_2_d213_stage1\gurobi.log"
Set parameter Threads to value 1
Set parameter Heuristics to value 0.5
Set parameter MIPFocus to value 3
Set parameter Presolve to value 2
Set parameter FlowCoverCuts to value 2
Set parameter TimeLimit to value 172800
Gurobi Optimizer version 12.0.3 build v12.0.3rc0 (win64 - Windows 11+.0 (26200.2))

CPU model: Intel(R) Core(TM) i9-14900K, instruction set [SSE2|AVX|AVX2]
Thread count: 24 physical cores, 32 logical processors, using up to 1 threads

Non-default parameters:
TimeLimit  172800
MIPGap  0.01
Heuristics  0.5
MIPFocus  3
FlowCoverCuts  2
Presolve  2
Threads  1

Optimize a model with 23772 rows, 39247 columns and 116710 nonzeros
Model fingerprint: 0x6943b258
Variable types: 18325 continuous, 20922 integer (20921 binary)
Coefficient statistics:
  Matrix range     [1e-01, 3e+02]
  Objective range  [8e-03, 9e+04]
  Bounds range     [1e+00, 3e+00]
  RHS range        [1e+00, 1e+04]
Presolve removed 20947 rows and 28441 columns
Presolve time: 0.68s
Presolved: 2825 rows, 10806 columns, 33823 nonzeros
Variable types: 841 continuous, 9965 integer (9873 binary)
Root relaxation presolved: 2825 rows, 10806 columns, 33823 nonzeros


Root relaxation: objective 7.574230e+04, 5104 iterations, 0.77 seconds (0.69 work units)

    Nodes    |    Current Node    |     Objective Bounds      |     Work
 Expl Unexpl |  Obj  Depth IntInf | Incumbent    BestBd   Gap | It/Node Time

     0     0 75742.3004    0  392          - 75742.3004      -     -    2s
     0     0 127169.694    0   89          - 127169.694      -     -    7s
H    0     0                    141360.00540 127169.694  10.0%     -    7s
H    0     0                    131409.13304 127169.694  3.23%     -    7s
H    0     0                    129758.12540 127169.694  1.99%     -    8s
H    0     0                    127279.72362 127169.694  0.09%     -    8s

Cutting planes:
  Gomory: 3

Explored 1 nodes (27475 simplex iterations) in 8.03 seconds (5.95 work units)
Thread count was 1 (of 32 available processors)

Solution count 4: 127280 129758 131409 141360 

Optimal solution found (tolerance 1.00e-02)
Best objective 1.272797236227e+05, best bound 1.271696942484e+05, gap 0.0864%
