
Gurobi 12.0.3 (win64) logging started Sun Aug 23 02:54:58 2026

Set parameter LogFile to value "C:\Users\TECNO-MASTER\Desktop\Elmo_infrastructure_sizing_NP-\output\DCH_agosto\Costo_variable\Carga_libre\Carga_on_board_variable_3estaciones_P640kW_Descomp/station_2_d244\gurobi.log"
Set parameter Threads to value 1
Set parameter Heuristics to value 0.5
Set parameter MIPFocus to value 3
Set parameter Presolve to value 2
Set parameter FlowCoverCuts to value 2
Set parameter TimeLimit to value 172800
Gurobi Optimizer version 12.0.3 build v12.0.3rc0 (win64 - Windows 11+.0 (26200.2))

CPU model: Intel(R) Core(TM) i9-14900K, instruction set [SSE2|AVX|AVX2]
Thread count: 24 physical cores, 32 logical processors, using up to 1 threads

Non-default parameters:
TimeLimit  172800
MIPGap  0.01
Heuristics  0.5
MIPFocus  3
FlowCoverCuts  2
Presolve  2
Threads  1

Optimize a model with 23772 rows, 39247 columns and 115808 nonzeros
Model fingerprint: 0x7037af93
Variable types: 18325 continuous, 20922 integer (20921 binary)
Coefficient statistics:
  Matrix range     [1e-01, 6e+02]
  Objective range  [8e-03, 1e+02]
  Bounds range     [1e+00, 3e+00]
  RHS range        [1e+00, 1e+04]
Presolve removed 21321 rows and 28443 columns
Presolve time: 0.27s
Presolved: 2451 rows, 10804 columns, 33500 nonzeros
Variable types: 841 continuous, 9963 integer (9872 binary)
Root relaxation presolved: 2451 rows, 10804 columns, 33500 nonzeros


Root relaxation: objective 1.647823e+05, 3944 iterations, 0.19 seconds (0.22 work units)

    Nodes    |    Current Node    |     Objective Bounds      |     Work
 Expl Unexpl |  Obj  Depth IntInf | Incumbent    BestBd   Gap | It/Node Time

     0     0 164782.337    0  234          - 164782.337      -     -    0s
     0     0 164884.732    0  253          - 164884.732      -     -    2s
H    0     0                    224019.05299 164884.732  26.4%     -    2s
H    0     0                    212744.14949 164884.732  22.5%     -    2s
H    0     0                    208943.83464 164884.732  21.1%     -    2s
H    0     0                    205549.89453 164884.732  19.8%     -    2s
H    0     0                    202339.90560 164884.732  18.5%     -    2s
H    0     0                    202295.82740 164884.732  18.5%     -    2s
H    0     0                    186388.27258 164884.732  11.5%     -    2s
H    0     0                    186378.99468 164884.732  11.5%     -    2s
H    0     0                    181907.73787 164884.732  9.36%     -    2s
H    0     0                    181314.28774 164884.732  9.06%     -    2s
H    0     0                    177745.50887 164884.732  7.24%     -    2s
H    0     0                    176348.66413 164884.732  6.50%     -    2s
H    0     0                    176307.95883 164884.732  6.48%     -    2s
H    0     0                    175848.38755 164884.732  6.23%     -    2s
H    0     0                    175576.55072 164884.732  6.09%     -    2s
     0     0 164884.743    0  286 175576.551 164884.743  6.09%     -    2s
     0     0 164975.130    0  276 175576.551 164975.130  6.04%     -    4s
H    0     0                    175256.20307 164975.130  5.87%     -    4s
     0     0 164975.401    0  286 175256.203 164975.401  5.87%     -    4s
     0     0 164975.413    0  307 175256.203 164975.413  5.87%     -    4s
     0     0 164990.336    0  324 175256.203 164990.336  5.86%     -    5s
H    0     0                    172241.76298 164990.336  4.21%     -    5s
H    0     0                    171928.93097 164990.336  4.04%     -    5s
H    0     0                    171881.28250 164990.336  4.01%     -    5s
H    0     0                    166894.54712 164990.336  1.14%     -    5s
H    0     0                    166399.64399 164990.336  0.85%     -    5s

Cutting planes:
  Gomory: 20
  Lift-and-project: 13
  Cover: 14
  Implied bound: 7
  Clique: 4
  MIR: 7
  Flow cover: 33
  Zero half: 17
  RLT: 3
  Relax-and-lift: 20
  PSD: 6

Explored 1 nodes (15555 simplex iterations) in 5.30 seconds (4.50 work units)
Thread count was 1 (of 32 available processors)

Solution count 10: 166400 166895 171881 ... 176349

Optimal solution found (tolerance 1.00e-02)
Best objective 1.663996439858e+05, best bound 1.649903358463e+05, gap 0.8469%
