
Gurobi 12.0.0 (win64) logging started Mon Sep  7 03:57:15 2026

Set parameter LogFile to value "C:\Users\TECNO-MASTER\Desktop\Elmo_infrastructure_sizing_NP-\output\DCH_septiembre\Bateria_482\Costo_variable\Carga_libre\Carga_on_board_variable_3estaciones_P160kW_Descomp/station_3_d121\gurobi.log"
Set parameter Threads to value 1
Set parameter Heuristics to value 0.5
Set parameter MIPFocus to value 3
Set parameter Presolve to value 2
Set parameter FlowCoverCuts to value 2
Set parameter TimeLimit to value 1200
Gurobi Optimizer version 12.0.0 build v12.0.0rc1 (win64 - Windows 11+.0 (26200.2))

CPU model: Intel(R) Core(TM) i9-14900K, instruction set [SSE2|AVX|AVX2]
Thread count: 24 physical cores, 32 logical processors, using up to 1 threads

Non-default parameters:
TimeLimit  1200
MIPGap  0.05
Heuristics  0.5
MIPFocus  3
FlowCoverCuts  2
Presolve  2
Threads  1

Optimize a model with 22770 rows, 37249 columns and 109786 nonzeros
Model fingerprint: 0x36da9362
Variable types: 17323 continuous, 19926 integer (19925 binary)
Coefficient statistics:
  Matrix range     [1e-01, 2e+02]
  Objective range  [8e-03, 1e+02]
  Bounds range     [1e+00, 2e+00]
  RHS range        [1e+00, 1e+04]
Presolve removed 20416 rows and 26954 columns
Presolve time: 0.18s
Presolved: 2354 rows, 10295 columns, 30478 nonzeros
Variable types: 841 continuous, 9454 integer (9454 binary)
Root relaxation presolved: 2354 rows, 10295 columns, 30478 nonzeros


Root relaxation: objective 1.594359e+05, 3952 iterations, 0.20 seconds (0.20 work units)

    Nodes    |    Current Node    |     Objective Bounds      |     Work
 Expl Unexpl |  Obj  Depth IntInf | Incumbent    BestBd   Gap | It/Node Time

     0     0 159435.940    0  106          - 159435.940      -     -    1s
     0     0 160622.027    0   96          - 160622.027      -     -    2s
     0     0 160693.983    0  118          - 160693.983      -     -    2s
     0     0 160694.780    0  137          - 160694.780      -     -    2s
     0     0 160734.010    0   77          - 160734.010      -     -    3s
H    0     0                    165893.61229 160734.010  3.11%     -    3s

Cutting planes:
  Gomory: 10
  Cover: 12
  Clique: 9
  Flow cover: 5
  Zero half: 16
  Relax-and-lift: 13
  PSD: 7

Explored 1 nodes (15266 simplex iterations) in 3.63 seconds (3.01 work units)
Thread count was 1 (of 32 available processors)

Solution count 1: 165894 

Optimal solution found (tolerance 5.00e-02)
Best objective 1.658936122925e+05, best bound 1.607340098557e+05, gap 3.1102%
