
Gurobi 13.0.2 (linux64) logging started Tue Sep 22 19:23:21 2026

Set parameter LogFile to value "output/Resultados_finales_tesis/DET/241kW_Pred_Gen_Bat_4dias/gurobi.log"
Set parameter Threads to value 32
Set parameter Heuristics to value 0.5
Set parameter MIPFocus to value 3
Set parameter Presolve to value 2
Set parameter FlowCoverCuts to value 2
Set parameter TimeLimit to value 43200
Gurobi Optimizer version 13.0.2 build v13.0.2rc1 (linux64 - "Ubuntu 24.04.4 LTS")

CPU model: Intel(R) Xeon(R) Gold 6130 CPU @ 2.10GHz, instruction set [SSE2|AVX|AVX2|AVX512]
Thread count: 32 physical cores, 64 logical processors, using up to 32 threads

Non-default parameters:
TimeLimit  43200
MIPGap  0.01
Heuristics  0.5
MIPFocus  3
FlowCoverCuts  2
Presolve  2
Threads  32

Optimize a model with 2498910 rows, 4059203 columns and 12237018 nonzeros (Min)
Model fingerprint: 0x24a4e2be
Model has 10139 linear objective coefficients
Variable types: 1908492 continuous, 2150711 integer (2150682 binary)
Coefficient statistics:
  Matrix range     [2e-02, 1e+03]
  Objective range  [3e-01, 1e+06]
  Bounds range     [1e+00, 8e+02]
  RHS range        [1e+00, 4e+05]

User MIP start produced solution with objective 3.40265e+06 (3.20s)
Loaded user MIP start with objective 3.40265e+06
Processed MIP start in 3.49 seconds (1.96 work units)

Presolve removed 2099420 rows and 2975173 columns
Presolve time: 3.94s
Presolved: 399490 rows, 1084030 columns, 4516231 nonzeros
Variable types: 115685 continuous, 968345 integer (962746 binary)
Performing another presolve...
Presolve removed 88741 rows and 28088 columns (presolve time = 5s)...
Presolve removed 88741 rows and 28088 columns (presolve time = 10s)...
Presolve removed 88741 rows and 28088 columns (presolve time = 15s)...
Presolve removed 90455 rows and 29814 columns (presolve time = 20s)...
Presolve removed 90455 rows and 29814 columns (presolve time = 25s)...
Presolve removed 90455 rows and 29814 columns (presolve time = 30s)...
Presolve removed 90455 rows and 29814 columns (presolve time = 35s)...
Presolve removed 90455 rows and 29814 columns (presolve time = 40s)...
Presolve removed 90455 rows and 29815 columns (presolve time = 45s)...
Presolve removed 109285 rows and 29815 columns (presolve time = 50s)...
Presolve removed 109285 rows and 29815 columns (presolve time = 55s)...
Presolve removed 109285 rows and 29815 columns
Presolve time: 58.35s
Root relaxation presolve removed 27992 rows and 0 columns
Root relaxation presolved: 283717 rows, 1054215 columns, 3751035 nonzeros

Deterministic concurrent LP optimizer: primal simplex, dual simplex, and barrier
Showing barrier log only...

Root barrier log...

Ordering time: 0.45s

Barrier statistics:
 Dense cols : 31
 AA' NZ     : 2.926e+06
 Factor NZ  : 6.836e+06 (roughly 600 MB of memory)
 Factor Ops : 2.629e+08 (less than 1 second per iteration)
 Threads    : 30

                  Objective                Residual
Iter       Primal          Dual         Primal    Dual     Compl     Time
   0   2.37643592e+09 -5.77306045e+12  3.29e+06 2.54e+02  2.21e+08    80s
   1   2.20651140e+09 -4.84511427e+12  2.68e+06 5.41e+04  1.80e+08    81s
   2   1.67643672e+09 -3.58612410e+12  1.80e+06 2.99e+03  1.19e+08    81s
   3   1.81572528e+08 -2.95756899e+12  1.69e+05 4.01e-04  1.24e+07    82s
   4   5.23622365e+07 -1.28260519e+12  3.73e+04 9.29e-05  2.83e+06    83s
   5   2.73841496e+07 -6.17919391e+11  1.16e+04 3.74e-05  9.32e+05    83s
   6   1.87551614e+07 -2.08069645e+11  3.42e+03 9.85e-06  2.69e+05    83s
   7   1.61672395e+07 -1.15536496e+11  1.77e+03 4.61e-06  1.37e+05    84s
   8   1.57804600e+07 -9.75723268e+10  1.58e+03 3.79e-06  1.19e+05    84s
   9   1.38672175e+07 -5.68254159e+10  8.22e+02 2.34e-03  6.19e+04    84s
  10   1.25936645e+07 -2.26592838e+10  3.25e+02 8.16e-03  2.20e+04    85s
  11   1.20899229e+07 -1.35777294e+10  1.88e+02 8.80e-03  1.14e+04    85s
  12   1.08311423e+07 -6.11567777e+09  4.55e+01 7.03e-03  3.43e+03    86s
  13   1.00875696e+07 -2.87497988e+09  1.75e+01 2.91e-03  1.40e+03    87s
  14   9.79491069e+06 -2.58110934e+09  1.69e+01 2.73e-03  1.25e+03    87s
  15   9.63714818e+06 -1.74683999e+09  1.10e+01 1.80e-03  8.18e+02    87s
  16   7.41677048e+06 -7.55964979e+08  8.71e+00 6.27e-04  3.53e+02    88s
  17   6.42363660e+06 -5.17285901e+08  1.18e+00 4.06e-04  2.28e+02    88s
  18   6.13904241e+06 -4.17072532e+08  9.47e-01 3.25e-04  1.84e+02    88s
  19   6.11488827e+06 -3.83714246e+08  8.97e-01 2.99e-04  1.69e+02    89s
  20   5.94916199e+06 -3.70347426e+08  7.40e-01 2.89e-04  1.63e+02    89s
  21   5.88080733e+06 -3.40264391e+08  6.83e-01 2.65e-04  1.50e+02    89s
  22   5.79926768e+06 -3.28744028e+08  6.19e-01 2.57e-04  1.45e+02    90s
  23   5.38638367e+06 -2.54890279e+08  3.45e-01 2.01e-04  1.12e+02    90s
  24   5.39076581e+06 -2.27929332e+08  3.37e-01 1.80e-04  1.01e+02    91s
  25   5.19879895e+06 -1.74651997e+08  2.69e-01 1.40e-04  7.76e+01    92s
  26   5.07918423e+06 -1.66766553e+08  2.31e-01 1.34e-04  7.41e+01    92s
  27   5.01986043e+06 -1.33751338e+08  2.16e-01 1.08e-04  5.98e+01    93s
  28   4.73759269e+06 -1.15023555e+08  1.24e-01 9.54e-05  5.16e+01    93s
  29   4.56314378e+06 -7.52488643e+07  7.87e-02 6.31e-05  3.44e+01    94s
  30   4.49991018e+06 -4.26790543e+07  6.59e-02 3.69e-05  2.03e+01    95s
  31   4.45784073e+06 -3.55068136e+07  6.10e-02 3.14e-05  1.72e+01    95s
  32   4.23305916e+06 -3.06947387e+07  3.25e-02 2.75e-05  1.50e+01    96s
  33   4.18649947e+06 -2.69485236e+07  2.93e-02 2.45e-05  1.34e+01    96s
  34   4.08047379e+06 -2.66400528e+07  2.47e-02 2.43e-05  1.32e+01    97s
  35   3.86288358e+06 -2.08670695e+07  1.95e-02 1.99e-05  1.06e+01    98s
  36   3.77969969e+06 -1.71196081e+07  1.85e-02 1.69e-05  8.99e+00    98s
  37   3.67926609e+06 -1.57832847e+07  1.72e-02 1.57e-05  8.37e+00    99s
  38   3.64860403e+06 -1.11952992e+07  1.62e-02 1.17e-05  6.39e+00   100s
  39   3.65332864e+06 -9.68966946e+06  1.59e-02 1.05e-05  5.74e+00   100s
  40   3.44647110e+06 -7.62585711e+06  1.30e-02 8.73e-06  4.77e+00   101s
  41   3.38646760e+06 -7.49579648e+06  1.21e-02 8.62e-06  4.68e+00   102s
  42   3.31551362e+06 -6.71155706e+06  1.01e-02 7.99e-06  4.32e+00   102s
  43   3.26946347e+06 -6.25357783e+06  9.41e-03 7.60e-06  4.10e+00   103s
  44   3.25426512e+06 -4.18845356e+06  8.35e-03 5.87e-06  3.20e+00   103s
  45   3.23856754e+06 -3.88789549e+06  8.07e-03 5.63e-06  3.07e+00   104s
  46   3.14670574e+06 -2.71674804e+06  6.44e-03 4.62e-06  2.52e+00   105s
  47   3.14624734e+06 -1.92149450e+06  6.14e-03 3.95e-06  2.18e+00   105s
  48   3.05776592e+06 -1.62397109e+06  5.37e-03 3.69e-06  2.02e+00   106s
  49   2.99786018e+06 -7.19721036e+05  4.90e-03 2.88e-06  1.60e+00   107s
  50   2.96696837e+06 -6.63515446e+04  4.48e-03 2.30e-06  1.31e+00   107s
  51   2.92300728e+06  1.80423993e+05  4.14e-03 7.14e-06  1.18e+00   108s
  52   2.87612527e+06  6.07313905e+05  3.70e-03 5.23e-06  9.77e-01   109s
  53   2.78678742e+06  8.32895134e+05  2.87e-03 3.92e-06  8.42e-01   109s
  54   2.75856077e+06  1.57726557e+06  2.42e-03 6.38e-07  5.09e-01   110s
  55   2.71213046e+06  1.70889096e+06  2.00e-03 9.17e-07  4.32e-01   111s
  56   2.67967711e+06  1.72937638e+06  1.76e-03 8.81e-07  4.10e-01   111s
  57   2.64972390e+06  2.04640482e+06  1.50e-03 2.24e-06  2.60e-01   112s
  58   2.61951205e+06  2.17889497e+06  1.26e-03 2.03e-06  1.90e-01   113s
  59   2.59818137e+06  2.23271616e+06  1.08e-03 3.56e-06  1.58e-01   113s
  60   2.58324651e+06  2.30193253e+06  9.59e-04 5.72e-06  1.22e-01   114s
  61   2.57078640e+06  2.35902427e+06  8.43e-04 5.97e-06  9.16e-02   114s
  62   2.55820399e+06  2.38443490e+06  7.36e-04 3.71e-06  7.52e-02   115s
  63   2.54692474e+06  2.41742805e+06  6.40e-04 2.96e-06  5.61e-02   116s
  64   2.53920017e+06  2.42945746e+06  5.71e-04 3.68e-06  4.75e-02   116s
  65   2.52928649e+06  2.44308625e+06  4.78e-04 3.03e-06  3.74e-02   117s
  66   2.52314639e+06  2.45534482e+06  4.24e-04 3.63e-06  2.94e-02   118s
  67   2.51975643e+06  2.46198093e+06  3.90e-04 2.28e-06  2.51e-02   118s
  68   2.51513042e+06  2.46815469e+06  3.46e-04 2.45e-07  2.04e-02   119s
  69   2.51080867e+06  2.47107800e+06  2.99e-04 5.14e-07  1.73e-02   120s
  70   2.50807458e+06  2.47415127e+06  2.71e-04 8.54e-07  1.47e-02   120s
  71   2.50563007e+06  2.47607129e+06  2.45e-04 4.12e-07  1.28e-02   121s
  72   2.50240401e+06  2.47821808e+06  2.12e-04 4.13e-07  1.05e-02   122s
  73   2.49894384e+06  2.47940486e+06  1.77e-04 3.70e-07  8.50e-03   122s
  74   2.49621586e+06  2.48020894e+06  1.50e-04 5.80e-07  6.96e-03   123s
  75   2.49388436e+06  2.48094686e+06  1.28e-04 3.23e-07  5.63e-03   124s
  76   2.49243338e+06  2.48132258e+06  1.14e-04 2.30e-07  4.83e-03   124s
  77   2.48982450e+06  2.48170628e+06  8.83e-05 3.11e-07  3.53e-03   125s
  78   2.48843720e+06  2.48213291e+06  7.32e-05 8.94e-07  2.74e-03   126s
  79   2.48668949e+06  2.48247313e+06  5.31e-05 3.69e-07  1.83e-03   126s
  80   2.48590753e+06  2.48257015e+06  4.29e-05 3.15e-07  1.45e-03   127s
  81   2.48491707e+06  2.48261417e+06  3.08e-05 2.23e-07  1.00e-03   127s
  82   2.48479905e+06  2.48267354e+06  2.91e-05 2.07e-07  9.24e-04   128s
  83   2.48406539e+06  2.48267315e+06  1.87e-05 1.75e-07  6.05e-04   128s
  84   2.48399692e+06  2.48269571e+06  1.78e-05 5.83e-08  5.66e-04   128s
  85   2.48331418e+06  2.48270217e+06  8.19e-06 6.16e-08  2.66e-04   129s
  86   2.48277142e+06  2.48270490e+06  7.02e-07 4.95e-08  2.89e-05   129s
  87   2.48271982e+06  2.48271843e+06  6.18e-08 5.81e-09  6.02e-07   129s
  88   2.48271892e+06  2.48271892e+06  3.48e-08 3.66e-09  3.62e-09   130s

Barrier solved model in 88 iterations and 129.84 seconds (155.05 work units)
Optimal objective 2.48271892e+06

  Building initial crossover basis                               135s
  Building initial crossover basis                               140s
  Building initial crossover basis                               145s

Root crossover log...

   51809 DPushes remaining with DInf 8.6048110e-06               146s
       0 DPushes remaining with DInf 0.0000000e+00               147s

   16768 PPushes remaining with PInf 1.3893135e-02               147s
       0 PPushes remaining with PInf 0.0000000e+00               149s

  Push phase complete: Pinf 0.0000000e+00, Dinf 7.4253413e-10    149s


Root simplex log...

Iteration    Objective       Primal Inf.    Dual Inf.      Time
   53590    2.4827189e+06   0.000000e+00   0.000000e+00    149s
Crossover time: 3.20 seconds (2.37 work units)
Concurrent spin time: 0.23s

Solved with barrier
   53590    2.4827189e+06   0.000000e+00   0.000000e+00    150s

Root relaxation: objective 2.482719e+06, 53590 iterations, 77.19 seconds (58.22 work units)
Total elapsed time = 176.85s (DegenMoves)

    Nodes    |    Current Node    |     Objective Bounds      |     Work
 Expl Unexpl |  Obj  Depth IntInf | Incumbent    BestBd   Gap | It/Node Time

     0     0 2590205.29    0 3430 3402651.96 2590205.29  23.9%     -  246s
H    0     0                    3399441.4481 2590205.29  23.8%     -  278s
H    0     0                    3399437.1788 2590205.29  23.8%     -  281s
H    0     0                    3399130.8018 2590205.29  23.8%     -  301s
     0     0 2703123.90    0 4408 3399130.80 2703123.90  20.5%     -  483s
     0     0 2703123.90    0 2026 3399130.80 2703123.90  20.5%     -  556s
H    0     0                    3396731.7401 2724935.17  19.8%     -  611s
     0     0 2724935.17    0 2202 3396731.74 2724935.17  19.8%     -  614s
     0     0 2724935.17    0 2266 3396731.74 2724935.17  19.8%     -  616s
     0     0 2757757.31    0 2301 3396731.74 2757757.31  18.8%     -  628s
     0     0 2757757.31    0 1940 3396731.74 2757757.31  18.8%     -  685s
H    0     0                    3396730.7185 2765711.01  18.6%     -  709s
H    0     0                    3396715.1412 2765711.01  18.6%     -  710s
H    0     0                    3396709.9495 2765711.01  18.6%     -  712s
H    0     0                    3396705.2892 2765711.01  18.6%     -  713s
     0     0 2765711.01    0 2169 3396705.29 2765711.01  18.6%     -  720s
     0     0 2765711.01    0 2213 3396705.29 2765711.01  18.6%     -  721s
     0     0 2804136.41    0 2265 3396705.29 2804136.41  17.4%     -  732s
     0     0 2804136.41    0 1745 3396705.29 2804136.41  17.4%     -  775s
     0     0 2804436.01    0 1941 3396705.29 2804436.01  17.4%     -  905s
     0     0 2831828.97    0 1957 3396705.29 2831828.97  16.6%     -  914s
     0     0 2831828.97    0 1957 3396705.29 2831828.97  16.6%     -  915s
     0     0 2831828.97    0 1633 3396705.29 2831828.97  16.6%     -  955s
     0     0 2831828.97    0 1814 3396705.29 2831828.97  16.6%     -  978s
     0     0 2831828.97    0 1841 3396705.29 2831828.97  16.6%     -  986s
     0     0 2831828.97    0 1561 3396705.29 2831828.97  16.6%     - 1028s
     0     0 2831828.97    0 1711 3396705.29 2831828.97  16.6%     - 1043s
     0     0 2831828.97    0 1757 3396705.29 2831828.97  16.6%     - 1051s
     0     0 2831828.97    0 1488 3396705.29 2831828.97  16.6%     - 1085s
H    0     0                    3394187.3544 2831828.97  16.6%     - 1133s
H    0     0                    3393256.0823 2831828.97  16.5%     - 1134s
H    0     0                    3393132.4309 2831828.97  16.5%     - 1140s
     0     0 2831828.97    0 1661 3393132.43 2831828.97  16.5%     - 1147s
     0     0 2831828.97    0 1702 3393132.43 2831828.97  16.5%     - 1156s
     0     0 2831828.97    0 1500 3393132.43 2831828.97  16.5%     - 1187s
     0     0 2831828.97    0 1681 3393132.43 2831828.97  16.5%     - 1207s
     0     0 2831828.97    0 1734 3393132.43 2831828.97  16.5%     - 1214s
     0     0 2831828.97    0 1527 3393132.43 2831828.97  16.5%     - 1244s
     0     0 2831828.97    0 1527 3393132.43 2831828.97  16.5%     - 1247s
     0     0 2831828.97    0 1527 3393132.43 2831828.97  16.5%     - 1275s
H    0     0                    3393124.9181 2831828.97  16.5%     - 1608s
H    0     2                    3392614.9292 2831828.97  16.5%     - 1829s
     0     2 2831828.97    0 1527 3392614.93 2831828.97  16.5%     - 1829s
     1     2 2841448.50    1 1526 3392614.93 2841448.50  16.2%   1.0 1838s
     3     2 2865148.32    2 1622 3392614.93 2865148.32  15.5%   158 1861s
     5     3 2869839.33    3 3416 3392614.93 2869839.33  15.4%  1489 1885s
     6     6 2871514.82    4 3440 3392614.93 2871514.82  15.4%  1277 1911s
     9     8 2872045.94    5 3860 3392614.93 2872045.94  15.3%  3769 1968s
    15    15 2881921.75    6 3917 3392614.93 2881921.75  15.1%  4870 2032s
    23    20 2892810.20    7 2312 3392614.93 2892810.20  14.7%  4351 2121s
    38    26 2905275.13    8 2259 3392614.93 2905275.13  14.4%  5265 2207s
    55    37 2934279.12    9 1554 3392614.93 2934279.12  13.5%  5136 2296s
H   66    37                    3392590.1246 2935820.17  13.5%  4515 2298s
H   76    37                    3392519.0362 2935820.17  13.5%  3938 2303s
H   77    37                    3392518.1630 2935820.17  13.5%  3889 2303s
    81    62 2943800.39   10 1597 3392518.16 2943800.39  13.2%  3706 2371s
    94    62 3391564.05    9 1765 3392518.16 2971048.13  12.4%  3220 2377s
   108    62 3391564.05    9 1762 3392518.16 2971048.13  12.4%  2829 2384s
   111    62 3391564.05    9 1771 3392518.16 2971048.13  12.4%  2758 2385s
   114   204     cutoff   11      3392518.16 3107031.23  8.42%  2690 2403s
   120   204 3391564.05   10 1777 3392518.16 3391564.05  0.03%  2558 2405s

Cutting planes:
  Gomory: 8
  Cover: 5
  Implied bound: 1
  MIR: 3469
  Mixing: 18
  StrongCG: 68
  Flow cover: 260
  Zero half: 991
  Mod-K: 4
  RLT: 2
  Relax-and-lift: 3

Explored 265 nodes (1011931 simplex iterations) in 2423.21 seconds (2461.76 work units)
Thread count was 32 (of 64 available processors)

Solution count 10: 3.39252e+06 3.39252e+06 3.39259e+06 ... 3.39671e+06

Optimal solution found (tolerance 1.00e-02)
Best objective 3.392518163007e+06, best bound 3.391564049662e+06, gap 0.0281%
