
Gurobi 12.0.0 (win64) logging started Mon Sep  7 04:01:32 2026

Set parameter LogFile to value "C:\Users\TECNO-MASTER\Desktop\Elmo_infrastructure_sizing_NP-\output\DCH_septiembre\Bateria_482\Costo_variable\Carga_libre\Carga_on_board_variable_3estaciones_P640kW_Descomp/station_3_d152_stage1\gurobi.log"
Set parameter Threads to value 1
Set parameter Heuristics to value 0.5
Set parameter MIPFocus to value 3
Set parameter Presolve to value 2
Set parameter FlowCoverCuts to value 2
Set parameter TimeLimit to value 1200
Gurobi Optimizer version 12.0.0 build v12.0.0rc1 (win64 - Windows 11+.0 (26200.2))

CPU model: Intel(R) Core(TM) i9-14900K, instruction set [SSE2|AVX|AVX2]
Thread count: 24 physical cores, 32 logical processors, using up to 1 threads

Non-default parameters:
TimeLimit  1200
MIPGap  0.05
Heuristics  0.5
MIPFocus  3
FlowCoverCuts  2
Presolve  2
Threads  1

Optimize a model with 22770 rows, 37249 columns and 110688 nonzeros
Model fingerprint: 0x47027d48
Variable types: 17323 continuous, 19926 integer (19925 binary)
Coefficient statistics:
  Matrix range     [1e-01, 6e+02]
  Objective range  [1e-02, 1e+05]
  Bounds range     [1e+00, 1e+00]
  RHS range        [1e+00, 1e+04]
Presolve removed 19880 rows and 26952 columns
Presolve time: 0.24s
Presolved: 2890 rows, 10297 columns, 31944 nonzeros
Variable types: 841 continuous, 9456 integer (9455 binary)
Root relaxation presolved: 2890 rows, 10297 columns, 31944 nonzeros


Root relaxation: objective 5.597149e+04, 4378 iterations, 0.51 seconds (0.66 work units)

    Nodes    |    Current Node    |     Objective Bounds      |     Work
 Expl Unexpl |  Obj  Depth IntInf | Incumbent    BestBd   Gap | It/Node Time

     0     0 55971.4864    0  391          - 55971.4864      -     -    1s
     0     0 147997.248    0  159          - 147997.248      -     -    5s
H    0     0                    274991.06933 147997.248  46.2%     -    5s
H    0     0                    171385.08406 147997.248  13.6%     -    5s
H    0     0                    171321.62269 147997.248  13.6%     -    5s
H    0     0                    171218.47954 147997.248  13.6%     -    5s
H    0     0                    149478.21573 147997.248  0.99%     -    5s

Cutting planes:
  Gomory: 11
  Cover: 1

Explored 1 nodes (26203 simplex iterations) in 5.68 seconds (5.48 work units)
Thread count was 1 (of 32 available processors)

Solution count 6: 149478 149478 171218 ... 274991

Optimal solution found (tolerance 5.00e-02)
Best objective 1.494782157333e+05, best bound 1.479972483237e+05, gap 0.9908%
