
Gurobi 12.0.3 (win64) logging started Sun Aug 23 02:45:37 2026

Set parameter LogFile to value "C:\Users\TECNO-MASTER\Desktop\Elmo_infrastructure_sizing_NP-\output\DCH_agosto\Costo_fijo\Carga_libre\Carga_on_board_fixed_3estaciones_P640kW_Descomp/station_2_d1_stage1\gurobi.log"
Set parameter Threads to value 1
Set parameter Heuristics to value 0.5
Set parameter MIPFocus to value 3
Set parameter Presolve to value 2
Set parameter FlowCoverCuts to value 2
Set parameter TimeLimit to value 172800
Gurobi Optimizer version 12.0.3 build v12.0.3rc0 (win64 - Windows 11+.0 (26200.2))

CPU model: Intel(R) Core(TM) i9-14900K, instruction set [SSE2|AVX|AVX2]
Thread count: 24 physical cores, 32 logical processors, using up to 1 threads

Non-default parameters:
TimeLimit  172800
MIPGap  0.01
Heuristics  0.5
MIPFocus  3
FlowCoverCuts  2
Presolve  2
Threads  1

Optimize a model with 23742 rows, 39247 columns and 116650 nonzeros
Model fingerprint: 0x96027b8f
Variable types: 18325 continuous, 20922 integer (20921 binary)
Coefficient statistics:
  Matrix range     [1e-01, 6e+02]
  Objective range  [4e-01, 1e+05]
  Bounds range     [1e+00, 3e+00]
  RHS range        [1e+00, 1e+04]
Presolve removed 20846 rows and 28442 columns
Presolve time: 0.80s
Presolved: 2896 rows, 10805 columns, 34238 nonzeros
Variable types: 840 continuous, 9965 integer (9873 binary)
Root relaxation presolved: 2896 rows, 10805 columns, 34238 nonzeros


Root relaxation: objective 4.344190e+04, 4985 iterations, 0.64 seconds (0.83 work units)

    Nodes    |    Current Node    |     Objective Bounds      |     Work
 Expl Unexpl |  Obj  Depth IntInf | Incumbent    BestBd   Gap | It/Node Time

     0     0 171511.341    0    2          - 171511.341      -     -    3s
H    0     0                    171514.83068 171511.341  0.00%     -    3s

Explored 1 nodes (16906 simplex iterations) in 3.99 seconds (3.15 work units)
Thread count was 1 (of 32 available processors)

Solution count 1: 171515 

Optimal solution found (tolerance 1.00e-02)
Best objective 1.715148306761e+05, best bound 1.715113407977e+05, gap 0.0020%
