
Gurobi 12.0.0 (win64) logging started Mon Sep  7 03:57:26 2026

Set parameter LogFile to value "C:\Users\TECNO-MASTER\Desktop\Elmo_infrastructure_sizing_NP-\output\DCH_septiembre\Bateria_482\Costo_variable\Carga_libre\Carga_on_board_variable_3estaciones_P160kW_Descomp/station_3_d244\gurobi.log"
Set parameter Threads to value 1
Set parameter Heuristics to value 0.5
Set parameter MIPFocus to value 3
Set parameter Presolve to value 2
Set parameter FlowCoverCuts to value 2
Set parameter TimeLimit to value 1200
Gurobi Optimizer version 12.0.0 build v12.0.0rc1 (win64 - Windows 11+.0 (26200.2))

CPU model: Intel(R) Core(TM) i9-14900K, instruction set [SSE2|AVX|AVX2]
Thread count: 24 physical cores, 32 logical processors, using up to 1 threads

Non-default parameters:
TimeLimit  1200
MIPGap  0.05
Heuristics  0.5
MIPFocus  3
FlowCoverCuts  2
Presolve  2
Threads  1

Optimize a model with 22770 rows, 37249 columns and 109786 nonzeros
Model fingerprint: 0x9bd35001
Variable types: 17323 continuous, 19926 integer (19925 binary)
Coefficient statistics:
  Matrix range     [1e-01, 2e+02]
  Objective range  [8e-03, 1e+02]
  Bounds range     [1e+00, 2e+00]
  RHS range        [1e+00, 1e+04]
Presolve removed 20416 rows and 26954 columns
Presolve time: 0.09s
Presolved: 2354 rows, 10295 columns, 30478 nonzeros
Variable types: 841 continuous, 9454 integer (9454 binary)
Root relaxation presolved: 2354 rows, 10295 columns, 30478 nonzeros


Root relaxation: objective 1.613857e+05, 4663 iterations, 0.12 seconds (0.25 work units)

    Nodes    |    Current Node    |     Objective Bounds      |     Work
 Expl Unexpl |  Obj  Depth IntInf | Incumbent    BestBd   Gap | It/Node Time

     0     0 161385.729    0  117          - 161385.729      -     -    0s
     0     0 161471.966    0   83          - 161471.966      -     -    1s
H    0     0                    167337.67225 161471.966  3.51%     -    1s

Cutting planes:
  Gomory: 5
  Lift-and-project: 1
  Cover: 7
  Implied bound: 2
  Clique: 3
  MIR: 1
  Flow cover: 5
  Zero half: 32
  RLT: 4
  Relax-and-lift: 10
  PSD: 4

Explored 1 nodes (11620 simplex iterations) in 1.10 seconds (1.96 work units)
Thread count was 1 (of 32 available processors)

Solution count 1: 167338 

Optimal solution found (tolerance 5.00e-02)
Best objective 1.673376722460e+05, best bound 1.614719655625e+05, gap 3.5053%
