
Gurobi 10.0.0 (win64) logging started Mon Oct  5 15:35:52 2026

Set parameter LogFile to value "output/Resultados_finales_tesis/Mina_modelo/P_red_only\op_bound_gurobi.log"
Set parameter LogToConsole to value 0
Set parameter TimeLimit to value 5400
Gurobi Optimizer version 10.0.0 build v10.0.0rc2 (win64)

CPU model: Intel(R) Core(TM) i9-14900K, instruction set [SSE2|AVX|AVX2]
Thread count: 24 physical cores, 32 logical processors, using up to 32 threads

Optimize a model with 605862 rows, 654214 columns and 3069791 nonzeros
Model fingerprint: 0x9f390b95
Variable types: 654123 continuous, 91 integer (10 binary)
Coefficient statistics:
  Matrix range     [1e-02, 1e+03]
  Objective range  [5e-01, 6e+05]
  Bounds range     [1e+00, 5e+02]
  RHS range        [1e+00, 6e+04]
Presolve removed 443927 rows and 534249 columns
Presolve time: 1.72s
Presolved: 161935 rows, 119965 columns, 583486 nonzeros
Variable types: 119916 continuous, 49 integer (9 binary)
Deterministic concurrent LP optimizer: primal simplex, dual simplex, and barrier
Showing barrier log only...

Root barrier log...

Ordering time: 0.03s

Barrier statistics:
 Dense cols : 30
 AA' NZ     : 8.150e+05
 Factor NZ  : 2.984e+06 (roughly 140 MB of memory)
 Factor Ops : 1.527e+08 (less than 1 second per iteration)
 Threads    : 21

                  Objective                Residual
Iter       Primal          Dual         Primal    Dual     Compl     Time
   0   5.50999619e+09 -2.46438440e+12  1.49e+05 1.11e+04  3.90e+08     3s
   1   5.15107017e+09 -2.64549219e+12  1.31e+05 3.86e+05  3.32e+08     3s
   2   3.52407134e+09 -3.04075428e+12  7.26e+04 2.68e+03  1.80e+08     3s
   3   1.11319990e+09 -2.52814931e+12  2.23e+04 2.37e-05  5.63e+07     3s
   4   1.90555519e+08 -1.52850007e+12  3.31e+03 9.32e-05  1.02e+07     3s
   5   7.52246857e+07 -1.22837895e+12  8.51e+02 6.95e-05  4.72e+06     3s
   6   4.58170169e+07 -7.79851213e+11  2.69e+02 4.00e-05  2.44e+06     3s
   7   4.01921598e+07 -4.81522907e+11  1.72e+02 2.31e-05  1.47e+06     3s
   8   3.44984708e+07 -1.55935006e+11  8.55e+01 1.45e-05  4.68e+05     3s
   9   2.75886750e+07 -9.72770795e+10  3.20e+01 1.52e-05  2.74e+05     3s
  10   2.26325180e+07 -3.19772856e+10  7.00e+00 5.58e-06  8.63e+04     3s
  11   2.09888492e+07 -6.25251742e+09  3.78e-01 3.27e-06  1.66e+04     3s
  12   2.06900234e+07 -1.14298433e+09  8.21e-02 6.03e-07  3.08e+03     3s
  13   2.02508604e+07 -9.62317424e+08  3.66e-02 5.03e-07  2.60e+03     3s
  14   1.95412090e+07 -6.39598440e+08  3.11e-02 3.26e-07  1.75e+03     3s
  15   1.89866919e+07 -3.21091214e+08  1.56e-02 1.61e-07  9.01e+02     3s
  16   1.69494287e+07 -1.74691830e+08  8.55e-03 8.89e-08  5.08e+02     3s
  17   1.61137409e+07 -1.61384656e+08  7.08e-03 1.17e-07  4.70e+02     3s
  18   1.55345998e+07 -1.26117594e+08  6.10e-03 1.14e-07  3.75e+02     3s
  19   1.51461102e+07 -9.84497962e+07  5.74e-03 1.32e-07  3.01e+02     4s
  20   1.50130011e+07 -8.77901463e+07  5.58e-03 1.39e-07  2.72e+02     4s
  21   1.30904916e+07 -7.48414754e+07  3.33e-03 1.69e-07  2.33e+02     4s
  22   1.15478926e+07 -5.90881342e+07  2.12e-03 1.30e-07  1.87e+02     4s
  23   1.09763335e+07 -5.49589323e+07  1.86e-03 1.52e-07  1.75e+02     4s
  24   1.03865785e+07 -4.75132513e+07  1.63e-03 1.88e-07  1.53e+02     4s
  25   7.95139520e+06 -2.85834530e+07  1.14e-03 3.11e-07  9.68e+01     4s
  26   7.34411804e+06 -1.44582370e+07  1.04e-03 4.99e-07  5.78e+01     4s
  27   4.59827164e+06 -8.46541423e+06  5.48e-04 7.86e-07  3.46e+01     4s
  28   3.67658648e+06 -5.12016723e+06  3.85e-04 5.32e-07  2.33e+01     4s
  29   3.19645722e+06 -3.63614459e+06  2.88e-04 6.22e-07  1.81e+01     4s
  30   2.85826947e+06 -1.76819181e+06  2.21e-04 4.37e-07  1.23e+01     4s
  31   2.68838361e+06 -7.44141169e+05  1.84e-04 7.78e-07  9.10e+00     4s
  32   2.67126921e+06 -1.82101874e+05  1.40e-04 9.10e-07  7.56e+00     4s
  33   2.50033586e+06  7.63941956e+05  1.08e-04 1.89e-06  4.60e+00     4s
  34   2.30511944e+06  1.45745392e+06  6.79e-05 1.82e-06  2.25e+00     4s
  35   2.23564480e+06  1.74903090e+06  5.40e-05 7.78e-07  1.29e+00     5s
  36   2.18549488e+06  1.80875139e+06  3.84e-05 9.58e-07  9.99e-01     5s
  37   2.16800090e+06  1.89691218e+06  3.15e-05 7.23e-07  7.19e-01     5s
  38   2.15607194e+06  1.97198122e+06  2.62e-05 9.86e-07  4.88e-01     5s
  39   2.14075915e+06  2.04119862e+06  2.06e-05 4.59e-07  2.64e-01     5s
  40   2.12621825e+06  2.08131814e+06  1.42e-05 5.28e-07  1.19e-01     5s
  41   2.11685729e+06  2.09164114e+06  1.01e-05 8.79e-07  6.69e-02     5s
  42   2.10561815e+06  2.09294707e+06  4.91e-06 6.35e-07  3.36e-02     5s
  43   2.10437049e+06  2.09303952e+06  4.31e-06 6.08e-07  3.01e-02     5s
  44   2.10323924e+06  2.09395441e+06  3.74e-06 4.21e-07  2.46e-02     5s
  45   2.10238048e+06  2.09530909e+06  3.31e-06 3.09e-07  1.88e-02     5s
  46   2.09814773e+06  2.09605646e+06  8.87e-07 2.57e-07  5.55e-03     5s
  47   2.09794807e+06  2.09624658e+06  7.83e-07 6.06e-08  4.52e-03     5s
  48   2.09765902e+06  2.09639549e+06  6.15e-07 7.66e-08  3.35e-03     5s
  49   2.09653804e+06  2.09646527e+06  5.52e-08 7.29e-08  1.93e-04     5s
  50   2.09651361e+06  2.09651344e+06  2.61e-09 5.87e-08  4.40e-07     5s
  51   2.09651353e+06  2.09651353e+06  1.00e-09 5.92e-08  4.73e-09     5s

Barrier solved model in 51 iterations and 5.45 seconds (10.84 work units)
Optimal objective 2.09651353e+06


Root crossover log...

   14234 DPushes remaining with DInf 0.0000000e+00                 6s
       0 DPushes remaining with DInf 0.0000000e+00                 6s

   92093 PPushes remaining with PInf 0.0000000e+00                 6s
    4604 PPushes remaining with PInf 0.0000000e+00                10s
       0 PPushes remaining with PInf 0.0000000e+00                11s

  Push phase complete: Pinf 0.0000000e+00, Dinf 1.5659045e-09     11s


Root simplex log...

Iteration    Objective       Primal Inf.    Dual Inf.      Time
  104705    2.0965135e+06   0.000000e+00   0.000000e+00     11s
Concurrent spin time: 2.95s (can be avoided by choosing Method=3)

Solved with barrier
  104705    2.0965135e+06   0.000000e+00   0.000000e+00     14s

Root relaxation: objective 2.096514e+06, 104705 iterations, 11.98 seconds (28.50 work units)

    Nodes    |    Current Node    |     Objective Bounds      |     Work
 Expl Unexpl |  Obj  Depth IntInf | Incumbent    BestBd   Gap | It/Node Time

     0     0 2096513.53    0   30          - 2096513.53      -     -   14s
H    0     0                    4463320.4778 2096513.53  53.0%     -   21s
     0     0 2293907.75    0   22 4463320.48 2293907.75  48.6%     -   35s
     0     0 2293907.75    0   22 4463320.48 2293907.75  48.6%     -   39s
     0     0 2327088.81    0   19 4463320.48 2327088.81  47.9%     -   42s
     0     0 2331705.79    0   18 4463320.48 2331705.79  47.8%     -   49s
     0     0 2383153.20    0   10 4463320.48 2383153.20  46.6%     -   52s
     0     0 2383153.20    0   10 4463320.48 2383153.20  46.6%     -   53s
     0     2 2383153.20    0   10 4463320.48 2383153.20  46.6%     -   54s
     1     2 infeasible    1      4463320.48 2404021.06  46.1%   337   59s
*    3     0               2    2494078.3601 2442877.28  2.05%  4940   64s

Cutting planes:
  Gomory: 2
  MIR: 5
  Zero half: 6

Explored 5 nodes (157755 simplex iterations) in 65.16 seconds (220.29 work units)
Thread count was 32 (of 32 available processors)

Solution count 3: 2.49408e+06 2.49408e+06 4.46332e+06 

Optimal solution found (tolerance 1.00e-04)
Best objective 2.494078360132e+06, best bound 2.494078360132e+06, gap 0.0000%

Gurobi 10.0.0 (win64) logging started Mon Oct  5 16:21:33 2026

Set parameter LogFile to value "output/Resultados_finales_tesis/Mina_modelo/P_red_only\op_bound_gurobi.log"
Set parameter LogToConsole to value 0
Set parameter TimeLimit to value 5400
Gurobi Optimizer version 10.0.0 build v10.0.0rc2 (win64)

CPU model: Intel(R) Core(TM) i9-14900K, instruction set [SSE2|AVX|AVX2]
Thread count: 24 physical cores, 32 logical processors, using up to 32 threads

Optimize a model with 605862 rows, 654214 columns and 3069791 nonzeros
Model fingerprint: 0x9f390b95
Variable types: 654123 continuous, 91 integer (10 binary)
Coefficient statistics:
  Matrix range     [1e-02, 1e+03]
  Objective range  [5e-01, 6e+05]
  Bounds range     [1e+00, 5e+02]
  RHS range        [1e+00, 6e+04]
Presolve removed 443927 rows and 534249 columns
Presolve time: 1.66s
Presolved: 161935 rows, 119965 columns, 583486 nonzeros
Variable types: 119916 continuous, 49 integer (9 binary)
Deterministic concurrent LP optimizer: primal simplex, dual simplex, and barrier
Showing barrier log only...

Root barrier log...

Ordering time: 0.03s

Barrier statistics:
 Dense cols : 30
 AA' NZ     : 8.150e+05
 Factor NZ  : 2.984e+06 (roughly 140 MB of memory)
 Factor Ops : 1.527e+08 (less than 1 second per iteration)
 Threads    : 21

                  Objective                Residual
Iter       Primal          Dual         Primal    Dual     Compl     Time
   0   5.50999619e+09 -2.46438440e+12  1.49e+05 1.11e+04  3.90e+08     3s
   1   5.15107017e+09 -2.64549219e+12  1.31e+05 3.86e+05  3.32e+08     3s
   2   3.52407134e+09 -3.04075428e+12  7.26e+04 2.68e+03  1.80e+08     3s
   3   1.11319990e+09 -2.52814931e+12  2.23e+04 2.37e-05  5.63e+07     3s
   4   1.90555519e+08 -1.52850007e+12  3.31e+03 9.32e-05  1.02e+07     3s
   5   7.52246857e+07 -1.22837895e+12  8.51e+02 6.95e-05  4.72e+06     3s
   6   4.58170169e+07 -7.79851213e+11  2.69e+02 4.00e-05  2.44e+06     3s
   7   4.01921598e+07 -4.81522907e+11  1.72e+02 2.31e-05  1.47e+06     3s
   8   3.44984708e+07 -1.55935006e+11  8.55e+01 1.45e-05  4.68e+05     3s
   9   2.75886750e+07 -9.72770795e+10  3.20e+01 1.52e-05  2.74e+05     3s
  10   2.26325180e+07 -3.19772856e+10  7.00e+00 5.58e-06  8.63e+04     3s
  11   2.09888492e+07 -6.25251742e+09  3.78e-01 3.27e-06  1.66e+04     3s
  12   2.06900234e+07 -1.14298433e+09  8.21e-02 6.03e-07  3.08e+03     3s
  13   2.02508604e+07 -9.62317424e+08  3.66e-02 5.03e-07  2.60e+03     3s
  14   1.95412090e+07 -6.39598440e+08  3.11e-02 3.26e-07  1.75e+03     3s
  15   1.89866919e+07 -3.21091214e+08  1.56e-02 1.61e-07  9.01e+02     3s
  16   1.69494287e+07 -1.74691830e+08  8.55e-03 8.89e-08  5.08e+02     3s
  17   1.61137409e+07 -1.61384656e+08  7.08e-03 1.17e-07  4.70e+02     3s
  18   1.55345998e+07 -1.26117594e+08  6.10e-03 1.14e-07  3.75e+02     3s
  19   1.51461102e+07 -9.84497962e+07  5.74e-03 1.32e-07  3.01e+02     3s
  20   1.50130011e+07 -8.77901463e+07  5.58e-03 1.39e-07  2.72e+02     4s
  21   1.30904916e+07 -7.48414754e+07  3.33e-03 1.69e-07  2.33e+02     4s
  22   1.15478926e+07 -5.90881342e+07  2.12e-03 1.30e-07  1.87e+02     4s
  23   1.09763335e+07 -5.49589323e+07  1.86e-03 1.52e-07  1.75e+02     4s
  24   1.03865785e+07 -4.75132513e+07  1.63e-03 1.88e-07  1.53e+02     4s
  25   7.95139520e+06 -2.85834530e+07  1.14e-03 3.11e-07  9.68e+01     4s
  26   7.34411804e+06 -1.44582370e+07  1.04e-03 4.99e-07  5.78e+01     4s
  27   4.59827164e+06 -8.46541423e+06  5.48e-04 7.86e-07  3.46e+01     4s
  28   3.67658648e+06 -5.12016723e+06  3.85e-04 5.32e-07  2.33e+01     4s
  29   3.19645722e+06 -3.63614459e+06  2.88e-04 6.22e-07  1.81e+01     4s
  30   2.85826947e+06 -1.76819181e+06  2.21e-04 4.37e-07  1.23e+01     4s
  31   2.68838361e+06 -7.44141169e+05  1.84e-04 7.78e-07  9.10e+00     4s
  32   2.67126921e+06 -1.82101874e+05  1.40e-04 9.10e-07  7.56e+00     4s
  33   2.50033586e+06  7.63941956e+05  1.08e-04 1.89e-06  4.60e+00     4s
  34   2.30511944e+06  1.45745392e+06  6.79e-05 1.82e-06  2.25e+00     4s
  35   2.23564480e+06  1.74903090e+06  5.40e-05 7.78e-07  1.29e+00     4s
  36   2.18549488e+06  1.80875139e+06  3.84e-05 9.58e-07  9.99e-01     4s
  37   2.16800090e+06  1.89691218e+06  3.15e-05 7.23e-07  7.19e-01     5s
  38   2.15607194e+06  1.97198122e+06  2.62e-05 9.86e-07  4.88e-01     5s
  39   2.14075915e+06  2.04119862e+06  2.06e-05 4.59e-07  2.64e-01     5s
  40   2.12621825e+06  2.08131814e+06  1.42e-05 5.28e-07  1.19e-01     5s
  41   2.11685729e+06  2.09164114e+06  1.01e-05 8.79e-07  6.69e-02     5s
  42   2.10561815e+06  2.09294707e+06  4.91e-06 6.35e-07  3.36e-02     5s
  43   2.10437049e+06  2.09303952e+06  4.31e-06 6.08e-07  3.01e-02     5s
  44   2.10323924e+06  2.09395441e+06  3.74e-06 4.21e-07  2.46e-02     5s
  45   2.10238048e+06  2.09530909e+06  3.31e-06 3.09e-07  1.88e-02     5s
  46   2.09814773e+06  2.09605646e+06  8.87e-07 2.57e-07  5.55e-03     5s
  47   2.09794807e+06  2.09624658e+06  7.83e-07 6.06e-08  4.52e-03     5s
  48   2.09765902e+06  2.09639549e+06  6.15e-07 7.66e-08  3.35e-03     5s
  49   2.09653804e+06  2.09646527e+06  5.52e-08 7.29e-08  1.93e-04     5s
  50   2.09651361e+06  2.09651344e+06  2.61e-09 5.87e-08  4.40e-07     5s
  51   2.09651353e+06  2.09651353e+06  1.00e-09 5.92e-08  4.73e-09     5s

Barrier solved model in 51 iterations and 5.38 seconds (10.84 work units)
Optimal objective 2.09651353e+06


Root crossover log...

   14234 DPushes remaining with DInf 0.0000000e+00                 5s
       0 DPushes remaining with DInf 0.0000000e+00                 6s

   92093 PPushes remaining with PInf 0.0000000e+00                 6s
    4604 PPushes remaining with PInf 0.0000000e+00                10s
       0 PPushes remaining with PInf 0.0000000e+00                11s

  Push phase complete: Pinf 0.0000000e+00, Dinf 1.5659045e-09     11s


Root simplex log...

Iteration    Objective       Primal Inf.    Dual Inf.      Time
  104705    2.0965135e+06   0.000000e+00   0.000000e+00     11s
Concurrent spin time: 2.89s (can be avoided by choosing Method=3)

Solved with barrier
  104705    2.0965135e+06   0.000000e+00   0.000000e+00     14s

Root relaxation: objective 2.096514e+06, 104705 iterations, 12.03 seconds (28.50 work units)

    Nodes    |    Current Node    |     Objective Bounds      |     Work
 Expl Unexpl |  Obj  Depth IntInf | Incumbent    BestBd   Gap | It/Node Time

     0     0 2096513.53    0   30          - 2096513.53      -     -   14s
H    0     0                    4463320.4778 2096513.53  53.0%     -   21s
     0     0 2293907.75    0   22 4463320.48 2293907.75  48.6%     -   35s
     0     0 2293907.75    0   22 4463320.48 2293907.75  48.6%     -   39s
     0     0 2327088.81    0   19 4463320.48 2327088.81  47.9%     -   42s
     0     0 2331705.79    0   18 4463320.48 2331705.79  47.8%     -   49s
     0     0 2383153.20    0   10 4463320.48 2383153.20  46.6%     -   52s
     0     0 2383153.20    0   10 4463320.48 2383153.20  46.6%     -   53s
     0     2 2383153.20    0   10 4463320.48 2383153.20  46.6%     -   54s
     1     2 infeasible    1      4463320.48 2404021.06  46.1%   337   58s
*    3     0               2    2494078.3601 2442877.28  2.05%  4940   64s

Cutting planes:
  Gomory: 2
  MIR: 5
  Zero half: 6

Explored 5 nodes (157755 simplex iterations) in 64.73 seconds (220.29 work units)
Thread count was 32 (of 32 available processors)

Solution count 3: 2.49408e+06 2.49408e+06 4.46332e+06 

Optimal solution found (tolerance 1.00e-04)
Best objective 2.494078360132e+06, best bound 2.494078360132e+06, gap 0.0000%
