
Gurobi 12.0.3 (win64) logging started Mon Sep  7 19:16:03 2026

Set parameter LogFile to value "C:\Users\TECNO-MASTER\Desktop\Elmo_infrastructure_sizing_NP-\output\DCH_septiembre\Bateria_353\Costo_fijo\Carga_libre\Carga_on_board_fixed_3estaciones_P160kW_Descomp/station_2_d152_stage1\gurobi.log"
Set parameter Threads to value 1
Set parameter Heuristics to value 0.5
Set parameter MIPFocus to value 3
Set parameter Presolve to value 2
Set parameter FlowCoverCuts to value 2
Set parameter TimeLimit to value 1200
Gurobi Optimizer version 12.0.3 build v12.0.3rc0 (win64 - Windows 11+.0 (26200.2))

CPU model: Intel(R) Core(TM) i9-14900K, instruction set [SSE2|AVX|AVX2]
Thread count: 24 physical cores, 32 logical processors, using up to 1 threads

Non-default parameters:
TimeLimit  1200
MIPGap  0.05
Heuristics  0.5
MIPFocus  3
FlowCoverCuts  2
Presolve  2
Threads  1

Optimize a model with 23772 rows, 39247 columns and 116710 nonzeros
Model fingerprint: 0xfd1d8884
Variable types: 18325 continuous, 20922 integer (20921 binary)
Coefficient statistics:
  Matrix range     [1e-01, 2e+02]
  Objective range  [4e-01, 6e+04]
  Bounds range     [1e+00, 1e+00]
  RHS range        [1e+00, 1e+04]
Presolve removed 20947 rows and 28432 columns
Presolve time: 0.24s
Presolved: 2825 rows, 10815 columns, 33077 nonzeros
Variable types: 841 continuous, 9974 integer (9973 binary)
Root relaxation presolved: 2825 rows, 10815 columns, 33077 nonzeros


Root relaxation: objective 1.455534e+05, 6654 iterations, 0.94 seconds (1.11 work units)

    Nodes    |    Current Node    |     Objective Bounds      |     Work
 Expl Unexpl |  Obj  Depth IntInf | Incumbent    BestBd   Gap | It/Node Time

     0     0 154547.654    0  192          - 154547.654      -     -    3s
     0     0 158187.734    0  139          - 158187.734      -     -    4s
     0     0 159886.911    0  112          - 159886.911      -     -    5s
     0     0 159886.911    0  111          - 159886.911      -     -    5s
     0     0 161445.358    0  128          - 161445.358      -     -    5s
H    0     0                    177663.99513 161445.358  9.13%     -    5s
H    0     0                    177126.42478 161445.358  8.85%     -    5s
H    0     0                    176253.69751 161445.358  8.40%     -    6s
     0     0 161445.358    0  127 176253.698 161445.358  8.40%     -    7s
H    0     0                    175380.97024 161445.358  7.95%     -    7s
     0     0 161445.358    0  132 175380.970 161445.358  7.95%     -    7s
     0     0 161445.358    0  120 175380.970 161445.358  7.95%     -    7s
     0     0 161445.358    0  120 175380.970 161445.358  7.95%     -    8s
H    0     0                    171777.45474 161445.358  6.01%     -    8s
H    0     0                    170593.14214 161445.358  5.36%     -    8s
H    0     0                    169865.74253 161445.358  4.96%     -    8s

Cutting planes:
  Gomory: 14
  Lift-and-project: 4
  Cover: 16
  Implied bound: 1
  Clique: 7
  MIR: 3
  Mixing: 1
  Flow cover: 4
  Zero half: 61
  Relax-and-lift: 18
  BQP: 1

Explored 1 nodes (29742 simplex iterations) in 8.33 seconds (8.57 work units)
Thread count was 1 (of 32 available processors)

Solution count 7: 169866 170593 171777 ... 177664

Optimal solution found (tolerance 5.00e-02)
Best objective 1.698657425338e+05, best bound 1.614453577088e+05, gap 4.9571%
