
Gurobi 12.0.0 (win64) logging started Mon Sep  7 03:43:21 2026

Set parameter LogFile to value "C:\Users\TECNO-MASTER\Desktop\Elmo_infrastructure_sizing_NP-\output\DCH_septiembre\Bateria_353\Costo_variable\Ventana_restringida\Carga_on_board_variable_3estaciones_P320kW_Descomp/station_1_d32\gurobi.log"
Set parameter Threads to value 1
Set parameter Heuristics to value 0.5
Set parameter MIPFocus to value 3
Set parameter Presolve to value 2
Set parameter FlowCoverCuts to value 2
Set parameter TimeLimit to value 1200
Gurobi Optimizer version 12.0.0 build v12.0.0rc1 (win64 - Windows 11+.0 (26200.2))

CPU model: Intel(R) Core(TM) i9-14900K, instruction set [SSE2|AVX|AVX2]
Thread count: 24 physical cores, 32 logical processors, using up to 1 threads

Non-default parameters:
TimeLimit  1200
MIPGap  0.05
Heuristics  0.5
MIPFocus  3
FlowCoverCuts  2
Presolve  2
Threads  1

Optimize a model with 23284 rows, 37249 columns and 110268 nonzeros
Model fingerprint: 0xcd96d03c
Variable types: 17323 continuous, 19926 integer (19925 binary)
Coefficient statistics:
  Matrix range     [1e-01, 3e+02]
  Objective range  [3e-03, 1e+02]
  Bounds range     [1e+00, 2e+00]
  RHS range        [1e+00, 1e+04]
Presolve removed 22262 rows and 28481 columns
Presolve time: 0.16s
Presolved: 1022 rows, 8768 columns, 26038 nonzeros
Variable types: 232 continuous, 8536 integer (8536 binary)
Root relaxation presolved: 1022 rows, 8768 columns, 26038 nonzeros


Use crossover to convert LP symmetric solution to basic solution...

Root relaxation: objective 1.960696e+05, 2756 iterations, 0.04 seconds (0.03 work units)

    Nodes    |    Current Node    |     Objective Bounds      |     Work
 Expl Unexpl |  Obj  Depth IntInf | Incumbent    BestBd   Gap | It/Node Time

     0     0 196069.616    0   52          - 196069.616      -     -    0s
H    0     0                    196113.81810 196069.616  0.02%     -    0s

Explored 1 nodes (3567 simplex iterations) in 0.47 seconds (0.37 work units)
Thread count was 1 (of 32 available processors)

Solution count 1: 196114 

Optimal solution found (tolerance 5.00e-02)
Best objective 1.961138181031e+05, best bound 1.960696160461e+05, gap 0.0225%
