
Gurobi 12.0.3 (win64) logging started Mon Apr 13 13:41:31 2026

Set parameter LogFile to value "output\Escenarios_DCH\Costo_variable\3_estaciones_base\Costo_variable\valor_minimo_nuevo_0.001\Carga_on_board_variable_3estaciones_P640kW\gurobi.log"
Set parameter Threads to value 24
Set parameter Heuristics to value 0.5
Set parameter MIPFocus to value 3
Set parameter Presolve to value 2
Set parameter FlowCoverCuts to value 2
Set parameter TimeLimit to value 172800
Gurobi Optimizer version 12.0.3 build v12.0.3rc0 (win64 - Windows 11+.0 (26200.2))

CPU model: Intel(R) Core(TM) i9-14900K, instruction set [SSE2|AVX|AVX2]
Thread count: 24 physical cores, 32 logical processors, using up to 24 threads

Non-default parameters:
TimeLimit  172800
MIPGap  0.01
Heuristics  0.5
MIPFocus  3
FlowCoverCuts  2
Presolve  2
Threads  24

Optimize a model with 275046 rows, 895254 columns and 2912265 nonzeros
Model fingerprint: 0x58547251
Variable types: 114192 continuous, 781062 integer (781059 binary)
Coefficient statistics:
  Matrix range     [1e-01, 6e+02]
  Objective range  [3e-03, 3e+05]
  Bounds range     [1e+00, 1e+00]
  RHS range        [1e+00, 1e+18]
Warning: Model contains large rhs
         Consider reformulating model or setting NumericFocus parameter
         to avoid numerical issues.
Found heuristic solution: objective 9.880240e+10
Presolve removed 220734 rows and 561462 columns (presolve time = 5s)...
Presolve removed 221262 rows and 561462 columns (presolve time = 66s)...
Presolve removed 221262 rows and 561462 columns
Presolve time: 65.69s
Presolved: 53784 rows, 333792 columns, 971180 nonzeros
Variable types: 46656 continuous, 287136 integer (287136 binary)
Root relaxation presolve removed 15624 rows and 12816 columns
Root relaxation presolved: 38160 rows, 320976 columns, 923085 nonzeros

Deterministic concurrent LP optimizer: primal simplex, dual simplex, and barrier
Showing barrier log only...

Root barrier log...

Ordering time: 0.40s

Barrier statistics:
 AA' NZ     : 6.337e+05
 Factor NZ  : 2.541e+06 (roughly 170 MB of memory)
 Factor Ops : 2.623e+08 (less than 1 second per iteration)
 Threads    : 22

                  Objective                Residual
Iter       Primal          Dual         Primal    Dual     Compl     Time
   0   8.42766617e+11 -1.26561502e+12  6.87e+03 3.27e+04  8.03e+07    68s
   1   1.14176334e+11 -1.24410665e+12  5.27e+02 2.79e-09  7.58e+06    68s
   2   1.60954267e+10 -3.38472064e+11  5.40e-13 2.33e-09  5.34e+05    68s
   3   2.25202667e+09 -7.52432702e+09  6.25e-13 1.56e-09  1.47e+04    68s
   4   1.81103622e+08 -9.66140578e+08  7.67e-13 1.11e-09  1.73e+03    68s
   5   4.88421048e+07 -2.66364127e+08  5.12e-13 1.30e-09  4.75e+02    68s
   6   1.57385396e+07 -8.99293452e+07  8.03e-13 1.06e-09  1.59e+02    68s
   7   1.02175811e+07 -4.96146351e+07  5.67e-13 9.61e-10  9.02e+01    68s
   8   8.01736518e+06 -3.46505047e+07  4.37e-13 8.99e-10  6.43e+01    68s
   9   6.39319604e+06 -1.65560991e+07  3.49e-13 1.04e-09  3.46e+01    68s
  10   4.15259466e+06 -7.46651079e+06  8.24e-13 8.42e-10  1.75e+01    68s
  11   3.60967656e+06 -5.56383291e+06  6.96e-13 8.72e-10  1.38e+01    68s
  12   2.91797477e+06 -4.59175281e+06  5.61e-13 9.42e-10  1.13e+01    68s
  13   2.42789273e+06 -1.87240423e+06  3.69e-13 8.97e-10  6.48e+00    68s
  14   2.17676170e+06 -5.23335885e+05  3.41e-13 8.82e-10  4.07e+00    68s
  15   1.83163725e+06  2.95772057e+04  3.56e-13 1.02e-09  2.72e+00    68s
  16   1.64765681e+06  3.88465206e+05  4.16e-13 9.64e-10  1.90e+00    68s
  17   1.55153691e+06  5.74510117e+05  3.62e-13 8.78e-10  1.47e+00    69s
  18   1.43478509e+06  6.76645441e+05  4.96e-13 8.87e-10  1.14e+00    69s
  19   1.35043063e+06  7.97329146e+05  1.26e-12 8.53e-10  8.34e-01    69s
  20   1.28498665e+06  8.92433255e+05  1.17e-12 9.12e-10  5.92e-01    69s
  21   1.22439545e+06  9.52944313e+05  1.80e-12 8.42e-10  4.09e-01    69s
  22   1.17537929e+06  9.77615525e+05  1.61e-12 8.67e-10  2.98e-01    69s
  23   1.14078575e+06  9.99564421e+05  2.79e-12 8.57e-10  2.13e-01    69s
  24   1.11782468e+06  1.01627753e+06  4.31e-12 8.19e-10  1.53e-01    69s
  25   1.09137432e+06  1.02841392e+06  3.57e-12 9.59e-10  9.49e-02    69s
  26   1.07388050e+06  1.03288127e+06  3.33e-12 8.75e-10  6.18e-02    69s
  27   1.07255118e+06  1.03377384e+06  3.20e-12 8.43e-10  5.84e-02    69s
  28   1.06768930e+06  1.03608168e+06  2.82e-12 8.90e-10  4.76e-02    69s
  29   1.06075331e+06  1.03748123e+06  3.10e-12 8.18e-10  3.51e-02    69s
  30   1.05327915e+06  1.03829998e+06  5.89e-12 8.42e-10  2.26e-02    69s
  31   1.05253233e+06  1.03889597e+06  4.93e-12 8.19e-10  2.06e-02    70s
  32   1.04753797e+06  1.03941164e+06  2.58e-11 9.37e-10  1.22e-02    70s
  33   1.04395829e+06  1.03957957e+06  6.15e-11 8.23e-10  6.60e-03    70s
  34   1.04319759e+06  1.03970929e+06  5.00e-11 9.25e-10  5.26e-03    70s
  35   1.04202965e+06  1.03981270e+06  3.30e-11 8.75e-10  3.34e-03    70s
  36   1.04148144e+06  1.03983568e+06  7.01e-11 9.48e-10  2.48e-03    70s
  37   1.04073113e+06  1.03989804e+06  3.53e-11 8.64e-10  1.26e-03    70s
  38   1.04027997e+06  1.03992742e+06  4.06e-11 8.83e-10  5.31e-04    70s
  39   1.04011678e+06  1.03994757e+06  8.56e-11 1.05e-09  2.55e-04    70s
  40   1.04006644e+06  1.03995646e+06  7.83e-11 1.13e-09  1.66e-04    70s
  41   1.04001258e+06  1.03996071e+06  3.61e-11 8.66e-10  7.82e-05    70s
  42   1.03997801e+06  1.03996204e+06  4.27e-11 8.90e-10  2.41e-05    70s
  43   1.03996806e+06  1.03996314e+06  1.27e-10 9.90e-10  7.41e-06    70s
  44   1.03996538e+06  1.03996343e+06  2.91e-10 9.40e-10  2.93e-06    70s
  45   1.03996404e+06  1.03996352e+06  3.21e-10 1.04e-09  7.89e-07    70s
  46   1.03996374e+06  1.03996358e+06  2.49e-10 8.33e-10  2.48e-07    70s
  47   1.03996358e+06  1.03996358e+06  1.61e-08 8.60e-10  4.95e-09    70s
  48   1.03996358e+06  1.03996358e+06  1.94e-11 9.37e-10  2.76e-11    70s

Barrier solved model in 48 iterations and 70.49 seconds (35.11 work units)
Optimal objective 1.03996358e+06


Root crossover log...

    7482 DPushes remaining with DInf 0.0000000e+00                71s
       0 DPushes remaining with DInf 0.0000000e+00                71s

  105147 PPushes remaining with PInf 2.3095187e-05                71s
       0 PPushes remaining with PInf 0.0000000e+00                73s

  Push phase complete: Pinf 0.0000000e+00, Dinf 1.1342311e-11     73s


Root simplex log...

Iteration    Objective       Primal Inf.    Dual Inf.      Time
  112616    1.0399636e+06   0.000000e+00   0.000000e+00     73s
Concurrent spin time: 0.00s

Solved with barrier
  116765    1.0399636e+06   0.000000e+00   0.000000e+00     73s
Extra simplex iterations after uncrush: 4149

Root relaxation: objective 1.039964e+06, 116765 iterations, 6.77 seconds (5.42 work units)
Total elapsed time = 79.10s (DegenMoves)
Total elapsed time = 81.13s (DegenMoves)
Total elapsed time = 85.25s (DegenMoves)

    Nodes    |    Current Node    |     Objective Bounds      |     Work
 Expl Unexpl |  Obj  Depth IntInf | Incumbent    BestBd   Gap | It/Node Time

     0     0 1039963.58    0 7387 9.8802e+10 1039963.58   100%     -   89s
H    0     0                    3.937236e+07 1039963.58  97.4%     -   89s
H    0     0                    2.450268e+07 1039963.58  95.8%     -   90s
H    0     0                    2.395591e+07 1039963.58  95.7%     -   90s
H    0     0                    2.395590e+07 1039963.58  95.7%     -   90s
     0     0 1040254.79    0 7007 2.3956e+07 1040254.79  95.7%     -  108s
     0     0 1040346.96    0 7900 2.3956e+07 1040346.96  95.7%     -  110s
     0     0 1041923.37    0 8408 2.3956e+07 1041923.37  95.7%     -  111s
     0     0 1068544.61    0 8383 2.3956e+07 1068544.61  95.5%     -  113s
     0     0 1098838.83    0 8172 2.3956e+07 1098838.83  95.4%     -  115s
     0     0 1129424.32    0 7905 2.3956e+07 1129424.32  95.3%     -  117s
     0     0 1162784.54    0 7592 2.3956e+07 1162784.54  95.1%     -  118s
     0     0 1199976.22    0 6779 2.3956e+07 1199976.22  95.0%     -  120s
     0     0 1237864.21    0 6454 2.3956e+07 1237864.21  94.8%     -  121s
     0     0 1272875.20    0 6136 2.3956e+07 1272875.20  94.7%     -  121s
     0     0 1304759.83    0 5821 2.3956e+07 1304759.83  94.6%     -  123s
     0     0 1339367.92    0 5129 2.3956e+07 1339367.92  94.4%     -  125s
     0     0 1378258.64    0 4383 2.3956e+07 1378258.64  94.2%     -  127s
     0     0 1378377.53    0 4459 2.3956e+07 1378377.53  94.2%     -  127s
     0     0 1378377.54    0 4461 2.3956e+07 1378377.54  94.2%     -  128s
     0     0 1378650.07    0 3173 2.3956e+07 1378650.07  94.2%     -  154s
H    0     0                    1.840876e+07 1378650.07  92.5%     -  156s
H    0     0                    1.367101e+07 1378650.07  89.9%     -  157s
H    0     0                    1.336616e+07 1378650.07  89.7%     -  157s
H    0     0                    1.336608e+07 1378650.07  89.7%     -  157s
H    0     0                    1.327429e+07 1378650.07  89.6%     -  157s
H    0     0                    1.324544e+07 1378650.07  89.6%     -  157s
     0     0 1378686.78    0 3737 1.3245e+07 1378686.78  89.6%     -  158s
     0     0 1379371.55    0 3207 1.3245e+07 1379371.55  89.6%     -  182s
     0     0 1379371.55    0 2987 1.3245e+07 1379371.55  89.6%     -  197s
H    0     0                    8264007.4604 1379371.55  83.3%     -  198s
H    0     0                    7207314.2305 1379371.55  80.9%     -  220s
H    0     0                    5206427.5670 1379371.55  73.5%     -  274s
H    0     0                    5114566.3858 1379371.55  73.0%     -  274s
H    0     0                    4780890.7015 1379371.55  71.1%     -  275s
H    0     0                    4689021.4495 1379371.55  70.6%     -  275s
H    0     0                    4568208.2628 1379371.55  69.8%     -  275s
H    0     0                    4568131.3223 1379371.55  69.8%     -  275s
H    0     0                    4476189.2122 1379371.55  69.2%     -  276s
H    0     0                    4476126.7470 1379371.55  69.2%     -  276s
H    0     0                    4210604.5969 1379371.55  67.2%     -  296s
H    0     0                    3852819.2670 1379371.55  64.2%     -  310s
H    0     0                    3369676.4341 1379371.55  59.1%     -  322s
H    0     0                    3220230.4206 1379371.55  57.2%     -  333s
H    0     0                    3103527.8320 1379371.55  55.6%     -  342s
H    0     0                    3011146.7099 1379371.55  54.2%     -  351s
H    0     0                    2890129.9336 1379371.55  52.3%     -  363s
H    0     0                    2682149.3428 1379371.55  48.6%     -  379s
H    0     0                    2440738.6032 1379371.55  43.5%     -  391s
H    0     0                    1807670.8836 1379371.55  23.7%     -  402s
H    0     0                    1721042.7227 1379371.55  19.9%     -  415s
    13     4 1379576.11    2  383 1721042.72 1379576.11  19.8% 57266  432s
    27    32 1379583.67    5  684 1721042.72 1379581.61  19.8% 28351  435s
    67   100 1379589.68    6  781 1721042.72 1379583.67  19.8% 12464  442s
   111   172 1379607.42    7  744 1721042.72 1379586.23  19.8%  8034  457s
   183   196 1379607.42    7  712 1721042.72 1379586.23  19.8%  5252  499s
   207  1156 1379609.60    7  697 1721042.72 1379589.68  19.8%  4977  563s
H 1167  1156                    1604328.4227 1379589.68  14.0%   395  564s
  1168  1160 1379978.11    2  448 1604328.42 1379978.11  14.0%  1032  580s
  1222  1367 1379999.44    6  574 1604328.42 1379989.54  14.0%  1027  589s
  1377  1391 1380033.55    8  699 1604328.42 1379991.83  14.0%   931  596s
  1401  2013 1380063.92   15  621 1604328.42 1379993.59  14.0%   947  613s
H 2023  2013                    1603468.5462 1379995.04  13.9%   360  614s
  2024  2017 1380344.82    2  295 1603468.55 1380344.82  13.9%   728  630s
  2054  2069 1380354.97    6  684 1603468.55 1380354.72  13.9%   729  635s
  2205  2220 1380358.07   11  672 1603468.55 1380355.21  13.9%   697  646s
  2229  2276 1380371.90    8  670 1603468.55 1380355.24  13.9%   700  660s
  2285  3019 1380405.64   12  660 1603468.55 1380356.27  13.9%   696  679s
H 3028  3019                    1573692.5535 1380356.28  12.3%   327  679s
  3029  3023 1380480.38    2  168 1573692.55 1380480.38  12.3%   573  695s
  3059  3075 1380480.55    6  311 1573692.55 1380480.51  12.3%   570  700s
  3299  3315 1380480.60    7  345 1573692.55 1380480.55  12.3%   532  714s
  3323  3459 1380480.61    9  296 1573692.55 1380480.58  12.3%   529  728s
  3467  5535 1380502.02    8  283 1573692.55 1380480.58  12.3%   509  751s
H 5543  5535                    1573336.5269 1380480.58  12.3%   216  752s
  5544  5539 1380480.58    2   78 1573336.53 1380480.58  12.3%   350  771s
  5574  5591 1380480.89    6  169 1573336.53 1380480.58  12.3%   349  776s
  5598  5791 1380480.89    7  165 1573336.53 1380480.58  12.3%   348  781s
  5798  5815 1380480.89    7  177 1573336.53 1380480.58  12.3%   337  785s
  5822  5849 1380480.58   14  196 1573336.53 1380480.58  12.3%   336  798s
  5856  6725 1380480.58   10  195 1573336.53 1380480.58  12.3%   335  814s
H 6732  6725                    1543867.6569 1380480.58  10.6%   192  815s
  6733  6729 1380480.60    2  110 1543867.66 1380480.60  10.6%   302  836s
  6763  6781 1380480.72    6  256 1543867.66 1380480.72  10.6%   301  843s
  6787  6997 1380480.72    7  246 1543867.66 1380480.72  10.6%   301  848s
  7003  7021 1380480.74   12  252 1543867.66 1380480.72  10.6%   292  852s
  7027  7070 1380480.74   11  274 1543867.66 1380480.72  10.6%   291  867s
  7076  8146 1380480.74   16  300 1543867.66 1380480.72  10.6%   290  885s
H 8158  8146                    1485728.0528 1380480.72  7.08%   171  886s
  8159  8150 1380601.71    2  156 1485728.05 1380601.67  7.08%   262  900s
  8189  8202 1380602.08    6  318 1485728.05 1380601.86  7.08%   262  905s
  8213  8415 1380602.17    7  324 1485728.05 1380602.08  7.08%   262  910s
  8450  8463 1380602.33    9  317 1485728.05 1380602.20  7.08%   256  919s
  8474  9351 1380610.02    8  306 1485728.05 1380602.20  7.08%   256  927s
H 9362  9351                    1427754.9249 1380602.32  3.30%   165  928s
  9363  9355 1381044.59    2  213 1427754.92 1381044.59  3.27%   245  941s
  9393  9407 1381067.80    6  505 1427754.92 1381066.83  3.27%   246  945s
  9627  9641 1381098.75    8  465 1427754.92 1381086.70  3.27%   243  951s
  9651  9665 1381103.53    8  490 1427754.92 1381087.18  3.27%   244  956s
  9675  9689 1381101.16    9  496 1427754.92 1381089.76  3.27%   244  965s
  9699  9713 1381130.90    7  474 1427754.92 1381098.43  3.27%   245  982s
  9723 10468 1381220.87    7  420 1427754.92 1381106.79  3.27%   250  998s
H10478 10468                    1427409.7848 1381115.91  3.24%   174  999s
 10479 10472 1381346.16    2  253 1427409.78 1381346.16  3.23%   245 1018s
 10493 10500 1381363.31    5  449 1427409.78 1381363.25  3.23%   245 1020s
 10533 10724 1381363.62    7  445 1427409.78 1381363.58  3.23%   245 1026s
 10733 10748 1381363.98    7  438 1427409.78 1381363.58  3.23%   241 1030s
 10757 10772 1381365.65    9  432 1427409.78 1381363.62  3.23%   242 1036s
 10781 10825 1381365.98   11  435 1427409.78 1381363.62  3.23%   243 1048s
 10834 11778 1381374.86    9  468 1427409.78 1381363.62  3.23%   243 1068s
H11787 11778                    1427155.8792 1381363.62  3.21%   170 1069s
 11788 11782 1381367.54    2  314 1427155.88 1381367.52  3.21%   233 1085s
 11818 11834 1381387.46    6  610 1427155.88 1381376.75  3.21%   235 1092s
 11842 11978 1381385.31    7  632 1427155.88 1381382.97  3.21%   236 1095s
 11986 12002 1381393.64    8  646 1427155.88 1381383.61  3.21%   236 1103s
 12010 12043 1381402.25   12  617 1427155.88 1381386.91  3.21%   238 1129s
 12051 12931 1381418.91   11  593 1427155.88 1381389.51  3.21%   240 1157s
H12939 12931                    1397232.8389 1381392.90  1.13%   178 1158s
 12940 12935 1381458.58    2  369 1397232.84 1381449.27  1.13%   236 1173s
 12954 12963 1381456.79    5  578 1397232.84 1381451.89  1.13%   237 1176s
 12970 12987 1381479.87    6  595 1397232.84 1381457.28  1.13%   239 1180s
 13116 13133 1381492.83    8  605 1397232.84 1381473.09  1.13%   241 1194s
 13140 13157 1381493.41    8  606 1397232.84 1381481.32  1.13%   245 1227s
 13164 14237 1381535.10    9  575 1397232.84 1381485.85  1.13%   250 1255s
H14244 14237                    1396519.9117 1381489.30  1.08%   193 1256s
 14245 14241 1381881.12    2  367 1396519.91 1381881.12  1.05%   245 1279s
 14251 14253 1381897.94    4  514 1396519.91 1381897.18  1.05%   246 1280s
 14299 14321 1382006.87    7  532 1396519.91 1381953.91  1.04%   250 1285s
 14327 14507 1382012.68    8  501 1396519.91 1381997.30  1.04%   252 1297s
 14513 14531 1382045.22   10  566 1396519.91 1382025.25  1.04%   253 1318s
 14537 14723 1382081.75   11  548 1396519.91 1382034.38  1.04%   255 1353s
 14729 17003 1382056.62    9  519 1396519.91 1382037.06  1.04%   257 1387s
H17009 17003                    1395060.6172 1382039.56  0.93%   198 1388s

Cutting planes:
  Gomory: 100
  Lift-and-project: 71
  Implied bound: 172
  MIR: 91
  Mixing: 26
  Flow cover: 4047
  RLT: 42
  Relax-and-lift: 56

Explored 17009 nodes (4109066 simplex iterations) in 1393.68 seconds (699.16 work units)
Thread count was 24 (of 32 available processors)

Solution count 10: 1.39506e+06 1.39652e+06 1.39723e+06 ... 1.57369e+06

Optimal solution found (tolerance 1.00e-02)
Best objective 1.395060617187e+06, best bound 1.382039557278e+06, gap 0.9334%
