
Gurobi 12.0.3 (win64) logging started Tue Jun 30 14:55:45 2026

Set parameter LogFile to value "output/DCH_taller_julio/Costo_variable/Carga_on_board_640kW_Descomp/station_3_d244_stage1\gurobi.log"
Set parameter Threads to value 5
Set parameter Heuristics to value 0.5
Set parameter MIPFocus to value 3
Set parameter Presolve to value 2
Set parameter FlowCoverCuts to value 2
Set parameter TimeLimit to value 172800
Gurobi Optimizer version 12.0.3 build v12.0.3rc0 (win64 - Windows 11+.0 (26200.2))

CPU model: Intel(R) Core(TM) i9-14900K, instruction set [SSE2|AVX|AVX2]
Thread count: 24 physical cores, 32 logical processors, using up to 5 threads

Non-default parameters:
TimeLimit  172800
MIPGap  0.01
Heuristics  0.5
MIPFocus  3
FlowCoverCuts  2
Presolve  2
Threads  5

Optimize a model with 22793 rows, 35809 columns and 110802 nonzeros
Model fingerprint: 0x42258a15
Variable types: 17323 continuous, 18486 integer (18485 binary)
Coefficient statistics:
  Matrix range     [1e-01, 6e+02]
  Objective range  [8e-03, 1e+05]
  Bounds range     [1e+00, 1e+00]
  RHS range        [1e+00, 1e+04]
Presolve removed 19960 rows and 25836 columns
Presolve time: 0.17s
Presolved: 2833 rows, 9973 columns, 30958 nonzeros
Variable types: 821 continuous, 9152 integer (9151 binary)
Root relaxation presolved: 2833 rows, 9973 columns, 30958 nonzeros


Root relaxation: objective 7.255639e+04, 4204 iterations, 0.41 seconds (0.70 work units)

    Nodes    |    Current Node    |     Objective Bounds      |     Work
 Expl Unexpl |  Obj  Depth IntInf | Incumbent    BestBd   Gap | It/Node Time

     0     0 72556.3950    0  431          - 72556.3950      -     -    1s
H    0     0                    482945.84588 128004.684  73.5%     -    1s
H    0     0                    389369.07570 128004.684  67.1%     -    3s
H    0     0                    352364.92748 128004.684  63.7%     -    3s
H    0     0                    350204.75618 128004.684  63.4%     -    3s
H    0     0                    224496.39905 128004.684  43.0%     -    3s
H    0     0                    207739.32057 128004.684  38.4%     -    3s
H    0     0                    195182.40003 128004.684  34.4%     -    3s
H    0     0                    193084.70351 128004.684  33.7%     -    3s
H    0     0                    192900.55206 128004.684  33.6%     -    3s
H    0     0                    192252.25498 128004.684  33.4%     -    3s
H    0     0                    192135.26793 128004.684  33.4%     -    3s
H    0     0                    192086.08042 128004.684  33.4%     -    3s
     0     0 155904.634    0  360 192086.080 155904.634  18.8%     -    4s
H    0     0                    184683.96161 155904.634  15.6%     -    4s
H    0     0                    172632.62249 155904.634  9.69%     -    4s
H    0     0                    171304.07864 155904.634  8.99%     -    4s
H    0     0                    171298.89073 155904.634  8.99%     -    4s
H    0     0                    171287.56807 155904.634  8.98%     -    4s
H    0     0                    171272.57152 155904.634  8.97%     -    4s
     0     0 167443.083    0  357 171272.572 167443.083  2.24%     -    4s
H    0     0                    171180.36822 167443.083  2.18%     -    5s
H    0     0                    171113.38835 167443.083  2.14%     -    5s
H    0     0                    169633.49387 167443.083  1.29%     -    5s
H    0     0                    169560.18146 167443.083  1.25%     -    5s
H    0     0                    169282.25791 167443.083  1.09%     -    5s
H    0     0                    169197.50729 167443.083  1.04%     -    9s
H    0     0                    169197.47600 167443.083  1.04%     -    9s
H    0     0                    169197.37041 167443.083  1.04%     -    9s
H    0     0                    169155.34662 167443.083  1.01%     -    9s
H    0     0                    169140.76542 167443.083  1.00%     -    9s
H    0     0                    169091.19371 167443.083  0.97%     -    9s
H    0     0                    169078.77001 167443.083  0.97%     -    9s
H    0     0                    169078.34658 167443.083  0.97%     -    9s
H    0     0                    169070.12524 167443.083  0.96%     -    9s
H    0     0                    169010.74337 167443.083  0.93%     -    9s
H    0     0                    168991.76756 167443.083  0.92%     -    9s
H    0     0                    168987.04798 167443.083  0.91%     -    9s
H    0     0                    168968.36360 167443.083  0.90%     -    9s
H    0     0                    168968.21803 167443.083  0.90%     -    9s
H    0     0                    168968.06698 167443.083  0.90%     -    9s
H    0     0                    168966.89013 167443.083  0.90%     -    9s
H    0     0                    168908.74632 167443.083  0.87%     -    9s
     0     0 167471.074    0  370 168908.746 167471.074  0.85%     -    9s

Cutting planes:
  Gomory: 23
  Cover: 1
  Implied bound: 20
  MIR: 18
  Mixing: 13
  Flow cover: 46
  Zero half: 24
  Relax-and-lift: 2

Explored 1 nodes (49039 simplex iterations) in 9.90 seconds (10.32 work units)
Thread count was 5 (of 32 available processors)

Solution count 10: 168909 168967 168968 ... 169078

Optimal solution found (tolerance 1.00e-02)
Best objective 1.689087463215e+05, best bound 1.674710739555e+05, gap 0.8512%
