
Gurobi 12.0.0 (win64) logging started Mon Sep  7 03:56:25 2026

Set parameter LogFile to value "C:\Users\TECNO-MASTER\Desktop\Elmo_infrastructure_sizing_NP-\output\DCH_septiembre\Bateria_482\Costo_variable\Carga_libre\Carga_on_board_variable_3estaciones_P160kW_Descomp/station_1_d152_stage1\gurobi.log"
Set parameter Threads to value 1
Set parameter Heuristics to value 0.5
Set parameter MIPFocus to value 3
Set parameter Presolve to value 2
Set parameter FlowCoverCuts to value 2
Set parameter TimeLimit to value 1200
Gurobi Optimizer version 12.0.0 build v12.0.0rc1 (win64 - Windows 11+.0 (26200.2))

CPU model: Intel(R) Core(TM) i9-14900K, instruction set [SSE2|AVX|AVX2]
Thread count: 24 physical cores, 32 logical processors, using up to 1 threads

Non-default parameters:
TimeLimit  1200
MIPGap  0.05
Heuristics  0.5
MIPFocus  3
FlowCoverCuts  2
Presolve  2
Threads  1

Optimize a model with 22770 rows, 37249 columns and 110686 nonzeros
Model fingerprint: 0x03bdf739
Variable types: 17323 continuous, 19926 integer (19925 binary)
Coefficient statistics:
  Matrix range     [1e-01, 2e+02]
  Objective range  [1e-02, 6e+04]
  Bounds range     [1e+00, 1e+00]
  RHS range        [1e+00, 1e+04]
Presolve removed 19951 rows and 26950 columns
Presolve time: 0.22s
Presolved: 2819 rows, 10299 columns, 31535 nonzeros
Variable types: 841 continuous, 9458 integer (9457 binary)
Root relaxation presolved: 2819 rows, 10299 columns, 31535 nonzeros


Root relaxation: objective 1.043775e+05, 6108 iterations, 0.61 seconds (0.78 work units)

    Nodes    |    Current Node    |     Objective Bounds      |     Work
 Expl Unexpl |  Obj  Depth IntInf | Incumbent    BestBd   Gap | It/Node Time

     0     0 120378.875    0  307          - 120378.875      -     -    3s
     0     0 120657.569    0  312          - 120657.569      -     -    4s
     0     0 120668.990    0  303          - 120668.990      -     -    4s
     0     0 120668.990    0  297          - 120668.990      -     -    5s
     0     0 120668.990    0  319          - 120668.990      -     -    7s
     0     0 120668.990    0  325          - 120668.990      -     -    7s
     0     0 120668.990    0  323          - 120668.990      -     -    8s
     0     0 120668.990    0  323          - 120668.990      -     -    9s
H    0     0                    177290.03369 120668.990  31.9%     -    9s
H    0     0                    174008.10044 120668.990  30.7%     -    9s
H    0     0                    169506.67151 120668.990  28.8%     -    9s
H    0     0                    169499.36676 120668.990  28.8%     -    9s
     0     2 120668.990    0  312 169499.367 120668.990  28.8%     -   10s
H    3     1                    155646.70972 155507.726  0.09%  1283   10s

Cutting planes:
  Gomory: 4
  Cover: 12
  Implied bound: 5
  Clique: 4
  MIR: 4
  Mixing: 9
  Flow cover: 3
  Zero half: 2
  RLT: 1
  Relax-and-lift: 19

Explored 4 nodes (44702 simplex iterations) in 10.59 seconds (10.57 work units)
Thread count was 1 (of 32 available processors)

Solution count 5: 155647 169499 169507 ... 177290

Optimal solution found (tolerance 5.00e-02)
Best objective 1.556467097195e+05, best bound 1.555077258099e+05, gap 0.0893%
