
Gurobi 12.0.3 (win64) logging started Mon Sep  7 19:24:14 2026

Set parameter LogFile to value "C:\Users\TECNO-MASTER\Desktop\Elmo_infrastructure_sizing_NP-\output\DCH_septiembre\Bateria_353\Costo_variable\Carga_libre\Carga_on_board_variable_3estaciones_P160kW_Descomp/station_3_d305_stage1\gurobi.log"
Set parameter Threads to value 1
Set parameter Heuristics to value 0.5
Set parameter MIPFocus to value 3
Set parameter Presolve to value 2
Set parameter FlowCoverCuts to value 2
Set parameter TimeLimit to value 1200
Gurobi Optimizer version 12.0.3 build v12.0.3rc0 (win64 - Windows 11+.0 (26200.2))

CPU model: Intel(R) Core(TM) i9-14900K, instruction set [SSE2|AVX|AVX2]
Thread count: 24 physical cores, 32 logical processors, using up to 1 threads

Non-default parameters:
TimeLimit  1200
MIPGap  0.05
Heuristics  0.5
MIPFocus  3
FlowCoverCuts  2
Presolve  2
Threads  1

Optimize a model with 22740 rows, 37249 columns and 110628 nonzeros
Model fingerprint: 0x595e5b96
Variable types: 17323 continuous, 19926 integer (19925 binary)
Coefficient statistics:
  Matrix range     [1e-01, 2e+02]
  Objective range  [1e-01, 6e+04]
  Bounds range     [1e+00, 1e+00]
  RHS range        [1e+00, 1e+04]
Presolve removed 19951 rows and 26953 columns
Presolve time: 0.10s
Presolved: 2789 rows, 10296 columns, 31379 nonzeros
Variable types: 840 continuous, 9456 integer (9455 binary)
Root relaxation presolved: 2789 rows, 10296 columns, 31379 nonzeros


Root relaxation: objective 1.129025e+05, 6338 iterations, 0.40 seconds (1.00 work units)

    Nodes    |    Current Node    |     Objective Bounds      |     Work
 Expl Unexpl |  Obj  Depth IntInf | Incumbent    BestBd   Gap | It/Node Time

     0     0 122730.176    0  289          - 122730.176      -     -    1s
     0     0 157193.904    0  167          - 157193.904      -     -    1s
     0     0 157221.526    0   30          - 157221.526      -     -    1s
H    0     0                    157368.68500 157221.526  0.09%     -    1s

Cutting planes:
  Gomory: 5
  Lift-and-project: 1
  Cover: 10
  Implied bound: 2
  Clique: 3
  Flow cover: 1
  Zero half: 8
  Relax-and-lift: 16

Explored 1 nodes (19087 simplex iterations) in 1.84 seconds (3.82 work units)
Thread count was 1 (of 32 available processors)

Solution count 1: 157369 

Optimal solution found (tolerance 5.00e-02)
Best objective 1.573686850009e+05, best bound 1.572215259060e+05, gap 0.0935%
