
Gurobi 12.0.3 (win64) logging started Sun Aug 23 17:22:45 2026

Set parameter LogFile to value "C:\Users\TECNO-MASTER\Desktop\Elmo_infrastructure_sizing_NP-\output\DCH_agosto\Costo_variable\Ventana_restringida\Carga_on_board_variable_3estaciones_P1000kW_Descomp/station_1_d182\gurobi.log"
Set parameter Threads to value 1
Set parameter Heuristics to value 0.5
Set parameter MIPFocus to value 3
Set parameter Presolve to value 2
Set parameter FlowCoverCuts to value 2
Set parameter TimeLimit to value 172800
Gurobi Optimizer version 12.0.3 build v12.0.3rc0 (win64 - Windows 11+.0 (26200.2))

CPU model: Intel(R) Core(TM) i9-14900K, instruction set [SSE2|AVX|AVX2]
Thread count: 24 physical cores, 32 logical processors, using up to 1 threads

Non-default parameters:
TimeLimit  172800
MIPGap  0.01
Heuristics  0.5
MIPFocus  3
FlowCoverCuts  2
Presolve  2
Threads  1

Optimize a model with 23314 rows, 37249 columns and 110328 nonzeros
Model fingerprint: 0x891c4853
Variable types: 17323 continuous, 19926 integer (19925 binary)
Coefficient statistics:
  Matrix range     [1e-01, 1e+03]
  Objective range  [1e-02, 1e+02]
  Bounds range     [1e+00, 3e+00]
  RHS range        [1e+00, 1e+04]
Presolve removed 22249 rows and 28488 columns
Presolve time: 0.18s
Presolved: 1065 rows, 8761 columns, 27001 nonzeros
Variable types: 233 continuous, 8528 integer (8442 binary)
Root relaxation presolved: 1065 rows, 8761 columns, 27001 nonzeros


Use crossover to convert LP symmetric solution to basic solution...

Root relaxation: objective 2.175036e+05, 2914 iterations, 0.04 seconds (0.03 work units)

    Nodes    |    Current Node    |     Objective Bounds      |     Work
 Expl Unexpl |  Obj  Depth IntInf | Incumbent    BestBd   Gap | It/Node Time

     0     0 217503.644    0   63          - 217503.644      -     -    0s
H    0     0                    328322.30983 217503.644  33.8%     -    0s
H    0     0                    328319.16723 217503.644  33.8%     -    0s
H    0     0                    275235.20569 217503.644  21.0%     -    0s
H    0     0                    275182.61450 217503.644  21.0%     -    0s
H    0     0                    253763.29905 217503.644  14.3%     -    0s
H    0     0                    252806.12994 217503.644  14.0%     -    0s
H    0     0                    252484.01085 217503.644  13.9%     -    0s
     0     0 217503.644    0   50 252484.011 217503.644  13.9%     -    1s
H    0     0                    245881.93171 217503.644  11.5%     -    1s
H    0     0                    242149.85023 217503.644  10.2%     -    1s
H    0     0                    234538.80979 217503.644  7.26%     -    1s
H    0     0                    234373.51880 217503.644  7.20%     -    1s
H    0     0                    232329.58068 217503.644  6.38%     -    1s
     0     0 217504.031    0   92 232329.581 217504.031  6.38%     -    1s
     0     0 217504.031    0   88 232329.581 217504.031  6.38%     -    1s
     0     0 217504.031    0   54 232329.581 217504.031  6.38%     -    1s
H    0     0                    227044.24962 217504.031  4.20%     -    1s
     0     0 217504.031    0   51 227044.250 217504.031  4.20%     -    1s
     0     0 217504.031    0   51 227044.250 217504.031  4.20%     -    2s
H    0     0                    226322.70697 217504.031  3.90%     -    2s
H    0     0                    224301.62564 217504.031  3.03%     -    2s
H    0     0                    224034.57656 217504.031  2.91%     -    2s
H    0     0                    221172.33014 217504.031  1.66%     -    2s
H    0     0                    220863.26718 217504.031  1.52%     -    2s
     0     0 217504.031    0   72 220863.267 217504.031  1.52%     -    2s
     0     0 217504.031    0   57 220863.267 217504.031  1.52%     -    3s
     0     0 217504.031    0   44 220863.267 217504.031  1.52%     -    3s
H    0     0                    218240.47779 217504.031  0.34%     -    3s

Cutting planes:
  Gomory: 6
  Lift-and-project: 1
  Cover: 10
  Implied bound: 1
  Clique: 3
  MIR: 1
  Flow cover: 6
  Zero half: 8
  RLT: 2
  Relax-and-lift: 18
  PSD: 7

Explored 1 nodes (15522 simplex iterations) in 3.79 seconds (3.01 work units)
Thread count was 1 (of 32 available processors)

Solution count 10: 218240 220863 221172 ... 234539

Optimal solution found (tolerance 1.00e-02)
Best objective 2.182404777894e+05, best bound 2.175040307384e+05, gap 0.3374%
