
Gurobi 10.0.0 (win64) logging started Fri Jul 31 20:11:24 2026

Set parameter LogFile to value "output/Taller_DET_Agosto/Carga_ob_8lhds_autonomo/station_1_d213\gurobi.log"
Set parameter Threads to value 1
Set parameter Heuristics to value 0.5
Set parameter MIPFocus to value 3
Set parameter Presolve to value 2
Set parameter FlowCoverCuts to value 2
Set parameter TimeLimit to value 172800
Gurobi Optimizer version 10.0.0 build v10.0.0rc2 (win64)

CPU model: 11th Gen Intel(R) Core(TM) i7-1165G7 @ 2.80GHz, instruction set [SSE2|AVX|AVX2|AVX512]
Thread count: 4 physical cores, 8 logical processors, using up to 1 threads

Optimize a model with 51801 rows, 87521 columns and 258236 nonzeros
Model fingerprint: 0x0a6b5d88
Variable types: 41079 continuous, 46442 integer (46441 binary)
Coefficient statistics:
  Matrix range     [1e-01, 3e+02]
  Objective range  [4e-01, 1e+02]
  Bounds range     [1e+00, 4e+00]
  RHS range        [1e+00, 3e+04]
Presolve removed 49067 rows and 60730 columns
Presolve time: 2.32s
Presolved: 2734 rows, 26791 columns, 80881 nonzeros
Variable types: 697 continuous, 26094 integer (25884 binary)
Root relaxation presolved: 2734 rows, 26791 columns, 80881 nonzeros


Use crossover to convert LP symmetric solution to basic solution...

Root relaxation: objective 5.141470e+05, 7565 iterations, 0.91 seconds (0.18 work units)
Total elapsed time = 6.60s

    Nodes    |    Current Node    |     Objective Bounds      |     Work
 Expl Unexpl |  Obj  Depth IntInf | Incumbent    BestBd   Gap | It/Node Time

     0     0 514147.029    0   21          - 514147.029      -     -    8s
H    0     0                    521863.15961 514147.029  1.48%     -    8s
H    0     0                    521688.98102 514147.029  1.45%     -    8s
     0     0 514147.029    0   20 521688.981 514147.029  1.45%     -   11s
H    0     0                    514605.76445 514147.029  0.09%     -   13s

Cutting planes:
  Gomory: 1
  Cover: 1
  Clique: 1
  MIR: 2
  Flow cover: 2
  Zero half: 32
  Relax-and-lift: 1

Explored 1 nodes (19968 simplex iterations) in 13.79 seconds (2.49 work units)
Thread count was 1 (of 8 available processors)

Solution count 3: 514606 521689 521863 

Optimal solution found (tolerance 1.00e-02)
Best objective 5.146057644478e+05, best bound 5.141470291627e+05, gap 0.0891%
