
Gurobi 12.0.3 (win64) logging started Sun Aug 23 17:22:44 2026

Set parameter LogFile to value "C:\Users\TECNO-MASTER\Desktop\Elmo_infrastructure_sizing_NP-\output\DCH_agosto\Costo_variable\Ventana_restringida\Carga_on_board_variable_3estaciones_P1000kW_Descomp/station_1_d121\gurobi.log"
Set parameter Threads to value 1
Set parameter Heuristics to value 0.5
Set parameter MIPFocus to value 3
Set parameter Presolve to value 2
Set parameter FlowCoverCuts to value 2
Set parameter TimeLimit to value 172800
Gurobi Optimizer version 12.0.3 build v12.0.3rc0 (win64 - Windows 11+.0 (26200.2))

CPU model: Intel(R) Core(TM) i9-14900K, instruction set [SSE2|AVX|AVX2]
Thread count: 24 physical cores, 32 logical processors, using up to 1 threads

Non-default parameters:
TimeLimit  172800
MIPGap  0.01
Heuristics  0.5
MIPFocus  3
FlowCoverCuts  2
Presolve  2
Threads  1

Optimize a model with 23314 rows, 37249 columns and 110328 nonzeros
Model fingerprint: 0x007e8714
Variable types: 17323 continuous, 19926 integer (19925 binary)
Coefficient statistics:
  Matrix range     [1e-01, 1e+03]
  Objective range  [8e-03, 1e+02]
  Bounds range     [1e+00, 3e+00]
  RHS range        [1e+00, 1e+04]
Presolve removed 22249 rows and 28488 columns
Presolve time: 0.18s
Presolved: 1065 rows, 8761 columns, 27001 nonzeros
Variable types: 233 continuous, 8528 integer (8442 binary)
Root relaxation presolved: 1065 rows, 8761 columns, 27001 nonzeros


Use crossover to convert LP symmetric solution to basic solution...

Root relaxation: objective 2.143149e+05, 2924 iterations, 0.05 seconds (0.04 work units)

    Nodes    |    Current Node    |     Objective Bounds      |     Work
 Expl Unexpl |  Obj  Depth IntInf | Incumbent    BestBd   Gap | It/Node Time

     0     0 214314.947    0   43          - 214314.947      -     -    0s
H    0     0                    277062.30057 214314.947  22.6%     -    0s
H    0     0                    241684.99644 214314.947  11.3%     -    0s
H    0     0                    237163.03060 214314.947  9.63%     -    0s
H    0     0                    233592.64082 214314.947  8.25%     -    0s
H    0     0                    232666.45257 214314.947  7.89%     -    0s
H    0     0                    232666.45254 214314.947  7.89%     -    0s
H    0     0                    232664.33581 214314.947  7.89%     -    0s
     0     0 214314.947    0   52 232664.336 214314.947  7.89%     -    1s
H    0     0                    232662.00799 214314.947  7.89%     -    1s
H    0     0                    231192.40184 214314.947  7.30%     -    1s
H    0     0                    230989.62693 214314.947  7.22%     -    1s
H    0     0                    222843.73632 214314.947  3.83%     -    1s
H    0     0                    218329.99467 214314.947  1.84%     -    1s
H    0     0                    218328.47880 214314.947  1.84%     -    1s
H    0     0                    217098.24674 214314.947  1.28%     -    1s
H    0     0                    215161.20566 214314.947  0.39%     -    1s

Cutting planes:
  Cover: 1
  Implied bound: 1
  Projected implied bound: 2
  Clique: 2
  MIR: 1
  Flow cover: 4
  Zero half: 7
  RLT: 3
  Relax-and-lift: 3
  PSD: 1

Explored 1 nodes (5687 simplex iterations) in 1.35 seconds (0.96 work units)
Thread count was 1 (of 32 available processors)

Solution count 10: 215161 217098 218328 ... 232666

Optimal solution found (tolerance 1.00e-02)
Best objective 2.151612056564e+05, best bound 2.143149469107e+05, gap 0.3933%
