
Gurobi 12.0.3 (win64) logging started Tue Jun 30 15:30:21 2026

Set parameter LogFile to value "output/DCH_taller_julio/Costo_variable/Carga_on_board_1000kW_Descomp/station_3_d182\gurobi.log"
Set parameter Threads to value 5
Set parameter Heuristics to value 0.5
Set parameter MIPFocus to value 3
Set parameter Presolve to value 2
Set parameter FlowCoverCuts to value 2
Set parameter TimeLimit to value 172800
Gurobi Optimizer version 12.0.3 build v12.0.3rc0 (win64 - Windows 11+.0 (26200.2))

CPU model: Intel(R) Core(TM) i9-14900K, instruction set [SSE2|AVX|AVX2]
Thread count: 24 physical cores, 32 logical processors, using up to 5 threads

Non-default parameters:
TimeLimit  172800
MIPGap  0.01
Heuristics  0.5
MIPFocus  3
FlowCoverCuts  2
Presolve  2
Threads  5

Optimize a model with 22793 rows, 35809 columns and 109900 nonzeros
Model fingerprint: 0xff9d51cf
Variable types: 17323 continuous, 18486 integer (18485 binary)
Coefficient statistics:
  Matrix range     [1e-01, 1e+03]
  Objective range  [1e-02, 1e+02]
  Bounds range     [1e+00, 1e+00]
  RHS range        [1e+00, 1e+04]
Presolve removed 20397 rows and 25838 columns
Presolve time: 0.10s
Presolved: 2396 rows, 9971 columns, 30232 nonzeros
Variable types: 821 continuous, 9150 integer (9150 binary)
Root relaxation presolved: 2396 rows, 9971 columns, 30232 nonzeros


Root relaxation: objective 2.135797e+05, 3935 iterations, 0.11 seconds (0.18 work units)

    Nodes    |    Current Node    |     Objective Bounds      |     Work
 Expl Unexpl |  Obj  Depth IntInf | Incumbent    BestBd   Gap | It/Node Time

     0     0 213579.681    0  276          - 213579.681      -     -    0s
H    0     0                    401317.34984 213580.249  46.8%     -    0s
H    0     0                    277192.66417 213774.738  22.9%     -    0s
H    0     0                    277192.57093 213774.738  22.9%     -    0s
H    0     0                    271615.28137 213774.738  21.3%     -    0s
H    0     0                    271539.04349 213774.738  21.3%     -    0s
H    0     0                    242038.14719 213774.738  11.7%     -    0s
H    0     0                    241022.29722 213774.738  11.3%     -    0s
H    0     0                    240972.50886 213774.738  11.3%     -    0s
H    0     0                    240971.45042 213774.738  11.3%     -    0s
H    0     0                    220226.41809 213774.738  2.93%     -    0s
H    0     0                    220211.15522 213774.738  2.92%     -    0s
H    0     0                    220159.44661 213774.738  2.90%     -    0s
H    0     0                    220151.55838 213774.738  2.90%     -    0s
H    0     0                    220127.83460 213774.738  2.89%     -    0s
     0     0 213774.738    0  244 220127.835 213774.738  2.89%     -    1s
H    0     0                    218840.08502 213787.309  2.31%     -    1s
H    0     0                    218836.38324 213787.309  2.31%     -    1s
H    0     0                    218833.74245 213787.309  2.31%     -    1s
H    0     0                    217731.22541 213803.443  1.80%     -    1s
H    0     0                    217730.69090 213803.443  1.80%     -    1s
H    0     0                    216905.97120 213803.443  1.43%     -    1s
H    0     0                    216697.98999 213803.443  1.34%     -    1s
     0     0 213903.076    0  312 216697.990 213903.076  1.29%     -    1s
     0     0 213903.076    0  308 216697.990 213903.076  1.29%     -    1s
H    0     0                    216659.51072 213903.076  1.27%     -    1s
H    0     0                    216519.05149 213903.076  1.21%     -    1s
H    0     0                    216425.12112 213995.136  1.12%     -    1s
H    0     0                    216233.42677 213995.136  1.04%     -    1s
H    0     0                    216185.76647 213995.136  1.01%     -    1s
H    0     0                    216149.98989 213995.136  1.00%     -    1s
H    0     0                    216020.30232 213995.136  0.94%     -    1s
H    0     0                    216014.51924 213995.136  0.93%     -    1s
     0     0 213995.136    0  309 216014.519 213995.136  0.93%     -    1s

Cutting planes:
  Gomory: 34
  Lift-and-project: 30
  Cover: 19
  Implied bound: 20
  Projected implied bound: 3
  Clique: 3
  MIR: 36
  Mixing: 1
  Flow cover: 161
  Zero half: 12
  RLT: 7
  Relax-and-lift: 29
  BQP: 7
  PSD: 9

Explored 1 nodes (11712 simplex iterations) in 2.01 seconds (2.58 work units)
Thread count was 5 (of 32 available processors)

Solution count 10: 216015 216020 216150 ... 216906

Optimal solution found (tolerance 1.00e-02)
Best objective 2.160145192436e+05, best bound 2.139951359354e+05, gap 0.9348%
