
Gurobi 12.0.0 (win64) logging started Mon Sep  7 03:38:13 2026

Set parameter LogFile to value "C:\Users\TECNO-MASTER\Desktop\Elmo_infrastructure_sizing_NP-\output\DCH_septiembre\Bateria_353\Costo_fijo\Ventana_restringida\Carga_on_board_fixed_3estaciones_P640kW_Descomp/station_2_d91\gurobi.log"
Set parameter Threads to value 1
Set parameter Heuristics to value 0.5
Set parameter MIPFocus to value 3
Set parameter Presolve to value 2
Set parameter FlowCoverCuts to value 2
Set parameter TimeLimit to value 1200
Gurobi Optimizer version 12.0.0 build v12.0.0rc1 (win64 - Windows 11+.0 (26200.2))

CPU model: Intel(R) Core(TM) i9-14900K, instruction set [SSE2|AVX|AVX2]
Thread count: 24 physical cores, 32 logical processors, using up to 1 threads

Non-default parameters:
TimeLimit  1200
MIPGap  0.05
Heuristics  0.5
MIPFocus  3
FlowCoverCuts  2
Presolve  2
Threads  1

Optimize a model with 24316 rows, 39247 columns and 116352 nonzeros
Model fingerprint: 0x31162421
Variable types: 18325 continuous, 20922 integer (20921 binary)
Coefficient statistics:
  Matrix range     [1e-01, 6e+02]
  Objective range  [4e-01, 1e+02]
  Bounds range     [1e+00, 1e+00]
  RHS range        [1e+00, 1e+04]
Presolve removed 23245 rows and 29962 columns
Presolve time: 0.21s
Presolved: 1071 rows, 9285 columns, 27879 nonzeros
Variable types: 233 continuous, 9052 integer (9052 binary)
Root relaxation presolved: 1071 rows, 9285 columns, 27879 nonzeros


Use crossover to convert LP symmetric solution to basic solution...

Root relaxation: objective 1.638036e+05, 2956 iterations, 0.05 seconds (0.04 work units)

    Nodes    |    Current Node    |     Objective Bounds      |     Work
 Expl Unexpl |  Obj  Depth IntInf | Incumbent    BestBd   Gap | It/Node Time

     0     0 163803.633    0   49          - 163803.633      -     -    0s
H    0     0                    208508.88153 163803.633  21.4%     -    0s
H    0     0                    181966.61036 163803.633  10.0%     -    0s
H    0     0                    176658.15612 163803.633  7.28%     -    0s
H    0     0                    173119.18663 163803.633  5.38%     -    0s
     0     0 163803.633    0   21 173119.187 163803.633  5.38%     -    1s
     0     0 163803.633    0   22 173119.187 163803.633  5.38%     -    1s
     0     0 163803.633    0   58 173119.187 163803.633  5.38%     -    1s
     0     0 163803.633    0   52 173119.187 163803.633  5.38%     -    2s
H    0     0                    171119.08075 163803.633  4.28%     -    2s

Cutting planes:
  Gomory: 8
  Lift-and-project: 1
  Cover: 1
  Implied bound: 7
  Projected implied bound: 2
  MIR: 7
  Flow cover: 8
  RLT: 7
  BQP: 1

Explored 1 nodes (7361 simplex iterations) in 2.13 seconds (1.82 work units)
Thread count was 1 (of 32 available processors)

Solution count 5: 171119 173119 176658 ... 208509

Optimal solution found (tolerance 5.00e-02)
Best objective 1.711190807531e+05, best bound 1.638036327037e+05, gap 4.2751%
