
Gurobi 10.0.0 (win64) logging started Fri Jul 31 20:06:34 2026

Set parameter LogFile to value "output/Taller_DET_Agosto/Carga_ob_8lhds_autonomo/station_1_d1_stage1\gurobi.log"
Set parameter Threads to value 1
Set parameter Heuristics to value 0.5
Set parameter MIPFocus to value 3
Set parameter Presolve to value 2
Set parameter FlowCoverCuts to value 2
Set parameter TimeLimit to value 172800
Gurobi Optimizer version 10.0.0 build v10.0.0rc2 (win64)

CPU model: 11th Gen Intel(R) Core(TM) i7-1165G7 @ 2.80GHz, instruction set [SSE2|AVX|AVX2|AVX512]
Thread count: 4 physical cores, 8 logical processors, using up to 1 threads

Optimize a model with 51771 rows, 87521 columns and 259798 nonzeros
Model fingerprint: 0xc7b66377
Variable types: 41079 continuous, 46442 integer (46441 binary)
Coefficient statistics:
  Matrix range     [1e-01, 3e+02]
  Objective range  [4e-01, 9e+04]
  Bounds range     [1e+00, 3e+00]
  RHS range        [1e+00, 3e+04]
Presolve removed 48652 rows and 60729 columns
Presolve time: 2.04s
Presolved: 3119 rows, 26792 columns, 81705 nonzeros
Variable types: 696 continuous, 26096 integer (25885 binary)
Root relaxation presolved: 3119 rows, 26792 columns, 81705 nonzeros


Use crossover to convert LP symmetric solution to basic solution...

Root relaxation: objective 4.030963e+05, 8148 iterations, 1.12 seconds (0.43 work units)
Total elapsed time = 5.54s

    Nodes    |    Current Node    |     Objective Bounds      |     Work
 Expl Unexpl |  Obj  Depth IntInf | Incumbent    BestBd   Gap | It/Node Time

H    0     0                    438035.35554 403096.327  7.98%     -    6s
     0     0          -    0      438035.356 438035.356  0.00%     -    7s

Explored 1 nodes (19049 simplex iterations) in 7.05 seconds (2.49 work units)
Thread count was 1 (of 8 available processors)

Solution count 1: 438035 

Optimal solution found (tolerance 1.00e-02)
Best objective 4.380353555436e+05, best bound 4.380353555436e+05, gap 0.0000%
