
Gurobi 12.0.0 (win64) logging started Wed Jan 21 19:14:22 2026

Set parameter LogFile to value "ELMO_log.txt"
Set parameter Threads to value 24
Set parameter Heuristics to value 0.5
Set parameter MIPFocus to value 3
Set parameter Presolve to value 2
Set parameter FlowCoverCuts to value 2
Set parameter TimeLimit to value 172800
Gurobi Optimizer version 12.0.0 build v12.0.0rc1 (win64 - Windows 11+.0 (26200.2))

CPU model: Intel(R) Core(TM) i9-14900K, instruction set [SSE2|AVX|AVX2]
Thread count: 24 physical cores, 32 logical processors, using up to 24 threads

Non-default parameters:
TimeLimit  172800
MIPGap  0.01
Heuristics  0.5
MIPFocus  3
FlowCoverCuts  2
Presolve  2
Threads  24

Optimize a model with 21871 rows, 668175 columns and 221773 nonzeros
Model fingerprint: 0xd4adc9d0
Variable types: 4332 continuous, 663843 integer (630721 binary)
Coefficient statistics:
  Matrix range     [1e+00, 4e+02]
  Objective range  [2e+03, 3e+05]
  Bounds range     [1e+00, 1e+00]
  RHS range        [1e+00, 1e+04]
Presolve time: 0.01s

Explored 0 nodes (0 simplex iterations) in 0.03 seconds (0.06 work units)
Thread count was 1 (of 32 available processors)

Solution count 0

Model is infeasible
Best objective -, best bound -, gap -
