
Gurobi 12.0.0 (win64) logging started Mon Sep  7 03:59:02 2026

Set parameter LogFile to value "C:\Users\TECNO-MASTER\Desktop\Elmo_infrastructure_sizing_NP-\output\DCH_septiembre\Bateria_482\Costo_variable\Carga_libre\Carga_on_board_variable_3estaciones_P320kW_Descomp/station_2_d244_stage1\gurobi.log"
Set parameter Threads to value 1
Set parameter Heuristics to value 0.5
Set parameter MIPFocus to value 3
Set parameter Presolve to value 2
Set parameter FlowCoverCuts to value 2
Set parameter TimeLimit to value 1200
Gurobi Optimizer version 12.0.0 build v12.0.0rc1 (win64 - Windows 11+.0 (26200.2))

CPU model: Intel(R) Core(TM) i9-14900K, instruction set [SSE2|AVX|AVX2]
Thread count: 24 physical cores, 32 logical processors, using up to 1 threads

Non-default parameters:
TimeLimit  1200
MIPGap  0.05
Heuristics  0.5
MIPFocus  3
FlowCoverCuts  2
Presolve  2
Threads  1

Optimize a model with 23772 rows, 39247 columns and 116710 nonzeros
Model fingerprint: 0xa0cc1358
Variable types: 18325 continuous, 20922 integer (20921 binary)
Coefficient statistics:
  Matrix range     [1e-01, 3e+02]
  Objective range  [8e-03, 8e+04]
  Bounds range     [1e+00, 1e+00]
  RHS range        [1e+00, 1e+04]
Presolve removed 20947 rows and 28432 columns
Presolve time: 0.24s
Presolved: 2825 rows, 10815 columns, 33077 nonzeros
Variable types: 841 continuous, 9974 integer (9973 binary)
Root relaxation presolved: 2825 rows, 10815 columns, 33077 nonzeros


Root relaxation: objective 7.639662e+04, 4819 iterations, 0.59 seconds (0.67 work units)

    Nodes    |    Current Node    |     Objective Bounds      |     Work
 Expl Unexpl |  Obj  Depth IntInf | Incumbent    BestBd   Gap | It/Node Time

     0     0 76396.6206    0  417          - 76396.6206      -     -    2s
     0     0 116089.124    0  134          - 116089.124      -     -    6s
H    0     0                    145899.91496 116089.124  20.4%     -    6s
H    0     0                    145866.05526 116089.124  20.4%     -    6s
H    0     0                    145863.54663 116089.124  20.4%     -    6s
H    0     0                    122970.03351 116089.124  5.60%     -    6s
H    0     0                    117082.87644 116089.124  0.85%     -    6s

Cutting planes:
  Gomory: 8

Explored 1 nodes (33021 simplex iterations) in 6.59 seconds (6.45 work units)
Thread count was 1 (of 32 available processors)

Solution count 5: 117083 122970 145864 ... 145900

Optimal solution found (tolerance 5.00e-02)
Best objective 1.170828764422e+05, best bound 1.160891236309e+05, gap 0.8488%
