
Gurobi 13.0.2 (linux64) logging started Wed Jun 17 03:52:49 2026

Set parameter LogFile to value "output/prueba/gurobi.log"
Set parameter Threads to value 32
Set parameter Heuristics to value 0.5
Set parameter MIPFocus to value 3
Set parameter Presolve to value 2
Set parameter FlowCoverCuts to value 2
Set parameter TimeLimit to value 172800
Gurobi Optimizer version 13.0.2 build v13.0.2rc1 (linux64 - "Ubuntu 24.04.4 LTS")

CPU model: Intel(R) Xeon(R) Gold 6130 CPU @ 2.10GHz, instruction set [SSE2|AVX|AVX2|AVX512]
Thread count: 32 physical cores, 64 logical processors, using up to 32 threads

Non-default parameters:
TimeLimit  172800
MIPGap  0.01
Heuristics  0.5
MIPFocus  3
FlowCoverCuts  2
Presolve  2
Threads  32

Optimize a model with 66439 rows, 117703 columns and 333300 nonzeros (Min)
Model fingerprint: 0x267efaf0
Model has 187 linear objective coefficients
Variable types: 52609 continuous, 65094 integer (65091 binary)
Coefficient statistics:
  Matrix range     [6e-02, 6e+02]
  Objective range  [5e+00, 1e+05]
  Bounds range     [1e+00, 1e+00]
  RHS range        [1e+00, 4e+04]

Presolve removed 58458 rows and 86418 columns
Presolve time: 0.57s
Presolved: 7981 rows, 31285 columns, 95040 nonzeros
Variable types: 3019 continuous, 28266 integer (28215 binary)
Found heuristic solution: objective 1362445.3576
Root relaxation presolved: 7981 rows, 31285 columns, 95040 nonzeros


Root simplex log...

Iteration    Objective       Primal Inf.    Dual Inf.      Time
   22005    6.1648376e+05   9.691631e+03   0.000000e+00      5s
   25799    6.1648375e+05   0.000000e+00   0.000000e+00      6s
   25799    6.1648375e+05   0.000000e+00   0.000000e+00      6s

Root relaxation: objective 6.164837e+05, 25799 iterations, 5.72 seconds (7.03 work units)

    Nodes    |    Current Node    |     Objective Bounds      |     Work
 Expl Unexpl |  Obj  Depth IntInf | Incumbent    BestBd   Gap | It/Node Time

     0     0 616483.746    0 1906 1362445.36 616483.746  54.8%     -    9s
H    0     0                    1338274.6106 616483.746  53.9%     -   10s
H    0     0                    1334337.8571 616494.266  53.8%     -   12s
H    0     0                    1333215.4986 616494.266  53.8%     -   12s
H    0     0                    1333176.2717 616494.266  53.8%     -   12s
H    0     0                    1332933.3962 616494.266  53.7%     -   12s
     0     0 624517.432    0 2259 1332933.40 624517.432  53.1%     -   15s

Cutting planes:
  Gomory: 7
  Implied bound: 111
  MIR: 255
  Mixing: 51
  Flow cover: 213
  Zero half: 3

Explored 1 nodes (41726 simplex iterations) in 16.62 seconds (19.29 work units)
Thread count was 32 (of 64 available processors)

Solution count 6: 1.33293e+06 1.33318e+06 1.33322e+06 ... 1.36245e+06

Solve interrupted
Best objective 1.332933396189e+06, best bound 6.245174323812e+05, gap 53.1471%
