
Gurobi 12.0.3 (win64) logging started Sun Aug 23 02:35:21 2026

Set parameter LogFile to value "C:\Users\TECNO-MASTER\Desktop\Elmo_infrastructure_sizing_NP-\output\DCH_agosto\Costo_fijo\Ventana_restringida\Carga_on_board_fixed_3estaciones_P1000kW_Descomp/station_3_d91_stage1\gurobi.log"
Set parameter Threads to value 1
Set parameter Heuristics to value 0.5
Set parameter MIPFocus to value 3
Set parameter Presolve to value 2
Set parameter FlowCoverCuts to value 2
Set parameter TimeLimit to value 172800
Gurobi Optimizer version 12.0.3 build v12.0.3rc0 (win64 - Windows 11+.0 (26200.2))

CPU model: Intel(R) Core(TM) i9-14900K, instruction set [SSE2|AVX|AVX2]
Thread count: 24 physical cores, 32 logical processors, using up to 1 threads

Non-default parameters:
TimeLimit  172800
MIPGap  0.01
Heuristics  0.5
MIPFocus  3
FlowCoverCuts  2
Presolve  2
Threads  1

Optimize a model with 23314 rows, 37249 columns and 111232 nonzeros
Model fingerprint: 0x0cdf0bb1
Variable types: 17323 continuous, 19926 integer (19925 binary)
Coefficient statistics:
  Matrix range     [1e-01, 1e+03]
  Objective range  [4e-01, 2e+05]
  Bounds range     [1e+00, 3e+00]
  RHS range        [1e+00, 1e+04]
Presolve removed 22108 rows and 28483 columns
Presolve time: 0.20s
Presolved: 1206 rows, 8766 columns, 26820 nonzeros
Variable types: 233 continuous, 8533 integer (8441 binary)
Root relaxation presolved: 1206 rows, 8766 columns, 26820 nonzeros


Use crossover to convert LP symmetric solution to basic solution...

Root relaxation: objective 1.444809e+05, 3078 iterations, 0.06 seconds (0.05 work units)

    Nodes    |    Current Node    |     Objective Bounds      |     Work
 Expl Unexpl |  Obj  Depth IntInf | Incumbent    BestBd   Gap | It/Node Time

     0     0 144480.912    0  144          - 144480.912      -     -    1s
     0     0 166519.625    0  115          - 166519.625      -     -    2s
     0     0 171195.723    0  113          - 171195.723      -     -    2s
     0     0 171195.723    0  125          - 171195.723      -     -    3s
     0     0 171195.723    0  132          - 171195.723      -     -    3s
     0     0 171195.723    0  157          - 171195.723      -     -    4s
     0     0 171195.723    0  160          - 171195.723      -     -    4s
     0     0 171195.723    0  135          - 171195.723      -     -    5s
     0     0 171195.723    0  158          - 171195.723      -     -    5s
     0     0 171195.723    0  141          - 171195.723      -     -    6s
H    0     0                    424090.90125 171195.723  59.6%     -    6s
H    0     0                    403009.21189 171195.723  57.5%     -    6s
H    0     0                    401714.66163 171195.723  57.4%     -    6s
H    0     0                    400355.54374 171195.723  57.2%     -    6s
H    0     0                    399688.55408 171195.723  57.2%     -    6s
H    0     0                    399661.68840 171195.723  57.2%     -    6s
     0     0 171195.723    0  140 399661.688 171195.723  57.2%     -    6s
     0     0 171195.723    0  151 399661.688 171195.723  57.2%     -    6s
     0     0 171195.723    0  148 399661.688 171195.723  57.2%     -    6s
     0     0 171195.723    0  172 399661.688 171195.723  57.2%     -    6s
H    0     0                    397931.33342 171195.723  57.0%     -    6s
H    0     0                    397652.53500 171195.723  56.9%     -    6s
     0     0 171195.723    0  175 397652.535 171195.723  56.9%     -    6s
     0     0 171195.723    0  139 397652.535 171195.723  56.9%     -    7s
H    0     0                    394164.62514 171195.723  56.6%     -    7s
H    0     0                    338261.14403 171195.723  49.4%     -    7s
     0     0 171195.723    0  144 338261.144 171195.723  49.4%     -    7s
     0     0 171195.723    0  134 338261.144 171195.723  49.4%     -    8s
H    0     0                    325545.12719 171195.723  47.4%     -    8s
H    0     0                    318228.51150 171195.723  46.2%     -    8s
     0     0 171195.723    0  150 318228.512 171195.723  46.2%     -    8s
     0     0 171195.723    0  144 318228.512 171195.723  46.2%     -    9s
H    0     0                    317633.98668 171195.723  46.1%     -    9s
H    0     0                    316879.21245 171195.723  46.0%     -    9s
H    0     0                    257478.87907 171195.723  33.5%     -    9s
H    0     0                    253356.32304 171195.723  32.4%     -    9s
H    0     0                    249838.79855 171195.723  31.5%     -    9s
     0     0 171195.723    0  172 249838.799 171195.723  31.5%     -    9s
     0     0 171195.723    0  131 249838.799 171195.723  31.5%     -   10s
     0     0 171195.723    0  142 249838.799 171195.723  31.5%     -   11s
H    0     0                    244006.66150 171195.723  29.8%     -   11s
H    0     0                    243898.14654 171195.723  29.8%     -   11s
H    0     0                    243531.68149 171195.723  29.7%     -   12s
H    0     0                    242663.32471 171195.723  29.5%     -   12s
H    0     0                    242285.49496 171195.723  29.3%     -   12s
     0     2 171916.322    0  142 242285.495 171916.322  29.0%     -   12s
H    9     7                    239172.87308 218810.625  8.51%   605   12s
H    9     7                    238690.18875 218810.625  8.33%   605   12s
H   27    25                    229749.55358 218810.625  4.76%   587   14s
    30    30 218810.625   11   51 229749.554 218810.625  4.76%   609   15s
H   52    50                    220129.80789 218810.625  0.60%   450   15s

Cutting planes:
  Gomory: 1
  Lift-and-project: 29
  Cover: 17
  Implied bound: 16
  Projected implied bound: 5
  Clique: 5
  MIR: 202
  Mixing: 28
  StrongCG: 1
  Flow cover: 344
  Zero half: 18
  RLT: 1
  Relax-and-lift: 29

Explored 53 nodes (56268 simplex iterations) in 15.92 seconds (15.41 work units)
Thread count was 1 (of 32 available processors)

Solution count 10: 220130 229750 238690 ... 249839

Optimal solution found (tolerance 1.00e-02)
Best objective 2.201298078870e+05, best bound 2.188106251435e+05, gap 0.5993%
