
Gurobi 12.0.0 (win64) logging started Mon Sep  7 03:45:15 2026

Set parameter LogFile to value "C:\Users\TECNO-MASTER\Desktop\Elmo_infrastructure_sizing_NP-\output\DCH_septiembre\Bateria_353\Costo_variable\Ventana_restringida\Carga_on_board_variable_3estaciones_P640kW_Descomp/station_3_d213_stage1\gurobi.log"
Set parameter Threads to value 1
Set parameter Heuristics to value 0.5
Set parameter MIPFocus to value 3
Set parameter Presolve to value 2
Set parameter FlowCoverCuts to value 2
Set parameter TimeLimit to value 1200
Gurobi Optimizer version 12.0.0 build v12.0.0rc1 (win64 - Windows 11+.0 (26200.2))

CPU model: Intel(R) Core(TM) i9-14900K, instruction set [SSE2|AVX|AVX2]
Thread count: 24 physical cores, 32 logical processors, using up to 1 threads

Non-default parameters:
TimeLimit  1200
MIPGap  0.05
Heuristics  0.5
MIPFocus  3
FlowCoverCuts  2
Presolve  2
Threads  1

Optimize a model with 23314 rows, 37249 columns and 111232 nonzeros
Model fingerprint: 0x812b33e1
Variable types: 17323 continuous, 19926 integer (19925 binary)
Coefficient statistics:
  Matrix range     [1e-01, 6e+02]
  Objective range  [8e-03, 1e+05]
  Bounds range     [1e+00, 1e+00]
  RHS range        [1e+00, 1e+04]
Presolve removed 22108 rows and 28480 columns
Presolve time: 0.18s
Presolved: 1206 rows, 8769 columns, 26572 nonzeros
Variable types: 233 continuous, 8536 integer (8535 binary)
Root relaxation presolved: 1206 rows, 8769 columns, 26572 nonzeros


Use crossover to convert LP symmetric solution to basic solution...

Root relaxation: objective 1.471625e+05, 2987 iterations, 0.06 seconds (0.05 work units)

    Nodes    |    Current Node    |     Objective Bounds      |     Work
 Expl Unexpl |  Obj  Depth IntInf | Incumbent    BestBd   Gap | It/Node Time

     0     0 147162.547    0  113          - 147162.547      -     -    0s
H    0     0                    419455.00104 147162.547  64.9%     -    0s
H    0     0                    276038.01043 147162.547  46.7%     -    0s
H    0     0                    269199.70254 147162.547  45.3%     -    0s
H    0     0                    269182.32288 147162.547  45.3%     -    0s
     0     0 157681.560    0  147 269182.323 157681.560  41.4%     -    1s
H    0     0                    201541.30738 159782.429  20.7%     -    1s
H    0     0                    198745.80924 159782.429  19.6%     -    1s
H    0     0                    192612.08644 159782.429  17.0%     -    1s
H    0     0                    186344.81390 159782.429  14.3%     -    1s
H    0     0                    182245.11360 159782.429  12.3%     -    1s
H    0     0                    180583.53073 159782.429  11.5%     -    1s
     0     0 161118.072    0   99 180583.531 161118.072  10.8%     -    2s
     0     0 161118.072    0   99 180583.531 161118.072  10.8%     -    2s
H    0     0                    179371.27574 161118.072  10.2%     -    2s
H    0     0                    179342.64794 161118.072  10.2%     -    2s
     0     0 161118.072    0  103 179342.648 161118.072  10.2%     -    2s
     0     0 161118.072    0   95 179342.648 161118.072  10.2%     -    3s
     0     0 161118.072    0   93 179342.648 161118.072  10.2%     -    3s
     0     0 161118.072    0   91 179342.648 161118.072  10.2%     -    3s
     0     0 161118.072    0   97 179342.648 161118.072  10.2%     -    3s
H    0     0                    174963.86580 161118.072  7.91%     -    4s
H    0     0                    174703.90475 161118.072  7.78%     -    4s
H    0     0                    172164.51235 161118.072  6.42%     -    4s
H    0     0                    171685.53718 161118.072  6.16%     -    4s
H    0     0                    171455.63739 161118.072  6.03%     -    4s
H    0     0                    170687.49972 161118.072  5.61%     -    4s
H    0     0                    170345.88913 161118.072  5.42%     -    4s
H    0     0                    170334.94207 161118.072  5.41%     -    4s
     0     2 164051.928    0   97 170334.942 164051.928  3.69%     -    4s

Cutting planes:
  Cover: 1
  Implied bound: 1
  Clique: 35
  MIR: 1
  Flow cover: 1
  BQP: 14
  PSD: 17

Explored 1 nodes (12419 simplex iterations) in 4.74 seconds (4.09 work units)
Thread count was 1 (of 32 available processors)

Solution count 10: 170335 170346 170687 ... 179371

Optimal solution found (tolerance 5.00e-02)
Best objective 1.703349420708e+05, best bound 1.640519278893e+05, gap 3.6886%
