
Gurobi 12.0.0 (win64) logging started Wed Jan 21 18:21:16 2026

Set parameter LogFile to value "ELMO_log.txt"
Set parameter Threads to value 24
Set parameter Heuristics to value 0.5
Set parameter MIPFocus to value 3
Set parameter Presolve to value 2
Set parameter FlowCoverCuts to value 2
Set parameter TimeLimit to value 172800
Gurobi Optimizer version 12.0.0 build v12.0.0rc1 (win64 - Windows 11+.0 (26200.2))

CPU model: Intel(R) Core(TM) i9-14900K, instruction set [SSE2|AVX|AVX2]
Thread count: 24 physical cores, 32 logical processors, using up to 24 threads

Non-default parameters:
TimeLimit  172800
MIPGap  0.01
Heuristics  0.5
MIPFocus  3
FlowCoverCuts  2
Presolve  2
Threads  24

Optimize a model with 23017 rows, 640238 columns and 1409354 nonzeros
Model fingerprint: 0xfe93b23d
Variable types: 9516 continuous, 630722 integer (630721 binary)
Coefficient statistics:
  Matrix range     [1e-01, 4e+02]
  Objective range  [1e+00, 4e+06]
  Bounds range     [1e+00, 1e+00]
  RHS range        [1e+00, 1e+18]
Warning: Model contains large rhs
         Consider reformulating model or setting NumericFocus parameter
         to avoid numerical issues.
Found heuristic solution: objective 5.569157e+10
Presolve removed 15736 rows and 610812 columns
Presolve time: 0.08s
Presolved: 7281 rows, 29426 columns, 83376 nonzeros
Variable types: 4560 continuous, 24866 integer (24865 binary)
Performing another presolve...
Presolve removed 2148 rows and 3504 columns
Presolve time: 0.24s
Root relaxation presolve removed 1416 rows and 1416 columns
Root relaxation presolved: 3717 rows, 24506 columns, 73654 nonzeros

Extra simplex iterations after uncrush: 609

Root relaxation: objective 3.603953e+05, 16724 iterations, 1.36 seconds (3.89 work units)

    Nodes    |    Current Node    |     Objective Bounds      |     Work
 Expl Unexpl |  Obj  Depth IntInf | Incumbent    BestBd   Gap | It/Node Time

     0     0 360395.291    0 1272 5.5692e+10 360395.291   100%     -    3s
H    0     0                    5.682262e+09 360395.291   100%     -    3s
H    0     0                    1.765382e+07 395043.967  97.8%     -    5s
H    0     0                    1.659081e+07 395043.967  97.6%     -    5s
H    0     0                    1.653965e+07 395043.967  97.6%     -    5s
H    0     0                    5656724.5080 395043.967  93.0%     -    5s
H    0     0                    4302441.5460 395043.967  90.8%     -    6s
     0     0 566679.626    0 1319 4302441.55 566679.626  86.8%     -    6s
H    0     0                    4285086.5905 718892.476  83.2%     -    9s
H    0     0                    4268105.3285 718892.476  83.2%     -   10s
H    0     0                    4234152.9184 718892.476  83.0%     -   10s
H    0     0                    4218677.1639 718892.476  83.0%     -   10s
H    0     0                    4185408.3678 718892.476  82.8%     -   10s
H    0     0                    4101763.0830 718892.476  82.5%     -   10s
H    0     0                    4072249.6573 718892.476  82.3%     -   10s
H    0     0                    4039959.9146 718892.476  82.2%     -   10s
H    0     0                    4005118.3365 718892.476  82.1%     -   10s
H    0     0                    4001266.0950 718892.476  82.0%     -   10s
H    0     0                    4001003.1450 718892.476  82.0%     -   10s
H    0     0                    4000465.3261 718892.476  82.0%     -   10s
H    0     0                    3985131.6279 718892.476  82.0%     -   10s
H    0     0                    3950509.5499 718892.476  81.8%     -   10s
H    0     0                    3950359.9266 718892.476  81.8%     -   10s
H    0     0                    3950267.8152 718892.476  81.8%     -   10s
H    0     0                    3950256.7392 718892.476  81.8%     -   10s
H    0     0                    3935815.9659 718892.476  81.7%     -   10s
H    0     0                    2512122.8993 718892.476  71.4%     -   10s
H    0     0                    2495357.9794 718892.476  71.2%     -   10s
H    0     0                    2460551.9123 718892.476  70.8%     -   10s
H    0     0                    2460444.2698 718892.476  70.8%     -   10s
H    0     0                    2460438.4406 718892.476  70.8%     -   10s
H    0     0                    2460215.2028 718892.476  70.8%     -   10s
H    0     0                    2460163.5469 718892.476  70.8%     -   10s
H    0     0                    2392630.8214 718892.476  70.0%     -   10s
H    0     0                    2215243.1284 718892.476  67.5%     -   10s
H    0     0                    2203147.3564 718892.476  67.4%     -   10s
H    0     0                    2155871.3546 718892.476  66.7%     -   10s
     0     0 2084082.17    0 1314 2155871.35 2084082.17  3.33%     -   10s
H    0     0                    2153808.5308 2084082.17  3.24%     -   10s
H    0     0                    2153800.9452 2084082.17  3.24%     -   10s
H    0     0                    2153768.7843 2084082.17  3.24%     -   10s
H    0     0                    2153244.4692 2084082.17  3.21%     -   10s
H    0     0                    2153207.3338 2084082.17  3.21%     -   10s
H    0     0                    2153196.7158 2084082.17  3.21%     -   10s
H    0     0                    2153195.7781 2084082.17  3.21%     -   10s
H    0     0                    2153193.6513 2084082.17  3.21%     -   10s
     0     0 2084082.17    0 1146 2153193.65 2084082.17  3.21%     -   10s
     0     0 2084082.17    0 1147 2153193.65 2084082.17  3.21%     -   10s
     0     0 2120401.04    0  552 2153193.65 2120401.04  1.52%     -   11s
H    0     0                    2152932.0283 2120401.04  1.51%     -   11s
H    0     0                    2150484.5784 2120401.04  1.40%     -   11s
     0     0 2120401.04    0  442 2150484.58 2120401.04  1.40%     -   11s
     0     0 2120401.04    0  360 2150484.58 2120401.04  1.40%     -   11s
     0     0 2120401.04    0  351 2150484.58 2120401.04  1.40%     -   11s
H    0     0                    2146230.5072 2120401.04  1.20%     -   12s
     0     0 2120401.04    0  312 2146230.51 2120401.04  1.20%     -   12s
     0     0 2120401.04    0  311 2146230.51 2120401.04  1.20%     -   12s
     0     0 2120401.04    0  310 2146230.51 2120401.04  1.20%     -   13s
     0     0 2120401.04    0  310 2146230.51 2120401.04  1.20%     -   13s
H    0     0                    2146230.1089 2120401.04  1.20%     -   14s
H    0     0                    2144051.8839 2120401.04  1.10%     -   14s
H    0     0                    2143969.2950 2120401.04  1.10%     -   14s
H    0     0                    2143711.2000 2120401.04  1.09%     -   14s
H    0     2                    2143280.3871 2120401.04  1.07%     -   15s
     0     2 2120401.04    0  310 2143280.39 2120401.04  1.07%     -   15s
H   50    48                    2142694.9138 2120401.04  1.04%   251   16s
   108   121 2120401.04   10   35 2142694.91 2120401.04  1.04%   200   23s
   132   417 2120401.04   11   25 2142694.91 2120401.04  1.04%   172   27s
H  157   417                    2142644.2232 2120401.04  1.04%   157   27s
   428  1940 2120401.04   19   28 2142644.22 2120401.04  1.04%  76.3   37s
H  495  1940                    2142643.1668 2120401.04  1.04%  71.0   37s
H 1987  6822                    2142279.3294 2120401.04  1.02%  42.3   57s
H 1987  6822                    2142193.3478 2120401.04  1.02%  42.3   57s
H 2219  6822                    2142097.9793 2120401.04  1.01%  39.0   57s
H 2219  6822                    2142097.1606 2120401.04  1.01%  39.0   57s
H 4351  6822                    2142024.3047 2120401.04  1.01%  32.2   57s
H 6900  6821                    2142023.8244 2120401.04  1.01%  29.5   59s
  6901  6822 2120456.92   67 2567 2142023.82 2120401.04  1.01%  29.5   61s
H 6902  6481                    2141922.0656 2120401.04  1.00%  29.5   76s
H 6902  6157                    2141877.0068 2120401.04  1.00%  29.5   76s
H 6904  5850                    2141810.5261 2120401.04  1.00%  29.5   78s

Cutting planes:
  Flow cover: 299

Explored 6904 nodes (386556 simplex iterations) in 78.85 seconds (103.64 work units)
Thread count was 24 (of 32 available processors)

Solution count 10: 2.14181e+06 2.14188e+06 2.14192e+06 ... 2.14264e+06

Optimal solution found (tolerance 1.00e-02)
Best objective 2.141810526149e+06, best bound 2.120401037842e+06, gap 0.9996%
