
Gurobi 12.0.3 (win64) logging started Tue Jun 30 15:27:29 2026

Set parameter LogFile to value "output/DCH_taller_julio/Costo_variable/Carga_on_board_1000kW_Descomp/station_1_d91_stage1\gurobi.log"
Set parameter Threads to value 5
Set parameter Heuristics to value 0.5
Set parameter MIPFocus to value 3
Set parameter Presolve to value 2
Set parameter FlowCoverCuts to value 2
Set parameter TimeLimit to value 172800
Gurobi Optimizer version 12.0.3 build v12.0.3rc0 (win64 - Windows 11+.0 (26200.2))

CPU model: Intel(R) Core(TM) i9-14900K, instruction set [SSE2|AVX|AVX2]
Thread count: 24 physical cores, 32 logical processors, using up to 5 threads

Non-default parameters:
TimeLimit  172800
MIPGap  0.01
Heuristics  0.5
MIPFocus  3
FlowCoverCuts  2
Presolve  2
Threads  5

Optimize a model with 22793 rows, 35809 columns and 110802 nonzeros
Model fingerprint: 0x8fb57cba
Variable types: 17323 continuous, 18486 integer (18485 binary)
Coefficient statistics:
  Matrix range     [1e-01, 1e+03]
  Objective range  [1e-02, 2e+05]
  Bounds range     [1e+00, 1e+00]
  RHS range        [1e+00, 1e+04]
Presolve removed 19960 rows and 25836 columns
Presolve time: 0.13s
Presolved: 2833 rows, 9973 columns, 30958 nonzeros
Variable types: 821 continuous, 9152 integer (9151 binary)
Root relaxation presolved: 2833 rows, 9973 columns, 30958 nonzeros


Root relaxation: objective 6.481086e+04, 6954 iterations, 0.50 seconds (0.96 work units)

    Nodes    |    Current Node    |     Objective Bounds      |     Work
 Expl Unexpl |  Obj  Depth IntInf | Incumbent    BestBd   Gap | It/Node Time

     0     0 64810.8595    0  524          - 64810.8595      -     -    1s
H    0     0                    577288.98494 70934.4236  87.7%     -    1s
H    0     0                    496458.44378 104733.435  78.9%     -    2s
H    0     0                    476950.28162 104733.435  78.0%     -    2s
H    0     0                    476927.62285 104733.435  78.0%     -    2s
H    0     0                    466127.23841 104733.435  77.5%     -    2s
H    0     0                    455406.38307 104733.435  77.0%     -    2s
H    0     0                    455345.00625 104733.435  77.0%     -    2s
H    0     0                    423432.67891 104733.435  75.3%     -    2s
H    0     0                    423426.34934 104733.435  75.3%     -    2s
H    0     0                    423421.27094 104733.435  75.3%     -    2s
H    0     0                    423374.16428 104733.435  75.3%     -    2s
H    0     0                    423346.05730 104733.435  75.3%     -    2s
H    0     0                    423342.00489 104733.435  75.3%     -    2s
H    0     0                    423339.12481 104733.435  75.3%     -    2s
H    0     0                    313518.13299 104733.435  66.6%     -    2s
H    0     0                    313517.92292 104733.435  66.6%     -    2s
H    0     0                    297305.30921 104733.435  64.8%     -    2s
H    0     0                    268596.52525 104733.435  61.0%     -    2s
H    0     0                    249311.66669 104733.435  58.0%     -    2s
H    0     0                    243606.30984 104733.435  57.0%     -    2s
H    0     0                    243350.83118 104733.435  57.0%     -    2s
H    0     0                    232790.28994 104733.435  55.0%     -    2s
H    0     0                    232668.71120 104733.435  55.0%     -    2s
H    0     0                    231880.13944 104733.435  54.8%     -    2s
H    0     0                    231876.33403 104733.435  54.8%     -    2s
     0     0 110071.268    0  357 231876.334 110071.268  52.5%     -    3s
H    0     0                    228588.71315 110071.268  51.8%     -    3s
H    0     0                    228587.62683 110071.268  51.8%     -    3s
H    0     0                    228158.02523 110071.268  51.8%     -    3s
H    0     0                    228151.91907 110071.268  51.8%     -    3s
H    0     0                    227955.77437 110071.268  51.7%     -    3s
H    0     0                    226213.24917 110071.268  51.3%     -    3s
H    0     0                    226213.23679 110071.268  51.3%     -    3s
H    0     0                    226213.23320 110071.268  51.3%     -    3s
H    0     0                    219879.58244 110071.268  49.9%     -    3s
     0     0 214801.285    0  377 219879.582 214801.285  2.31%     -    3s
     0     0 214801.285    0  375 219879.582 214801.285  2.31%     -    3s
H    0     0                    219877.07878 214801.285  2.31%     -    3s
H    0     0                    219812.91831 214801.285  2.28%     -    3s
H    0     0                    219809.13142 214809.918  2.27%     -    5s
H    0     0                    217578.04644 214809.918  1.27%     -    5s
H    0     0                    217167.46121 214809.918  1.09%     -    5s
H    0     0                    217164.67123 214809.918  1.08%     -    5s
H    0     0                    217123.81578 214809.918  1.07%     -    5s
H    0     0                    216745.42718 214809.918  0.89%     -    5s
H    0     0                    216676.55182 214809.918  0.86%     -    5s
H    0     0                    216608.25750 214809.918  0.83%     -    5s
H    0     0                    216527.48258 214809.918  0.79%     -    5s
H    0     0                    216526.80091 214809.918  0.79%     -    5s
H    0     0                    216526.77053 214809.918  0.79%     -    5s
H    0     0                    216526.73066 214809.918  0.79%     -    5s
H    0     0                    216497.93544 214809.918  0.78%     -    5s
H    0     0                    216494.50157 214809.918  0.78%     -    5s
     0     0 215018.529    0  534 216494.502 215018.529  0.68%     -    5s

Cutting planes:
  Gomory: 24
  Cover: 8
  Implied bound: 25
  MIR: 1
  Mixing: 1
  Flow cover: 17
  RLT: 1
  Relax-and-lift: 6

Explored 1 nodes (34482 simplex iterations) in 5.60 seconds (7.26 work units)
Thread count was 5 (of 32 available processors)

Solution count 10: 216495 216498 216527 ... 217124

Optimal solution found (tolerance 1.00e-02)
Best objective 2.164945015730e+05, best bound 2.150185291609e+05, gap 0.6818%
