
Gurobi 12.0.3 (win64) logging started Tue Jun 30 15:29:29 2026

Set parameter LogFile to value "output/DCH_taller_julio/Costo_variable/Carga_on_board_1000kW_Descomp/station_1_d305\gurobi.log"
Set parameter Threads to value 5
Set parameter Heuristics to value 0.5
Set parameter MIPFocus to value 3
Set parameter Presolve to value 2
Set parameter FlowCoverCuts to value 2
Set parameter TimeLimit to value 172800
Gurobi Optimizer version 12.0.3 build v12.0.3rc0 (win64 - Windows 11+.0 (26200.2))

CPU model: Intel(R) Core(TM) i9-14900K, instruction set [SSE2|AVX|AVX2]
Thread count: 24 physical cores, 32 logical processors, using up to 5 threads

Non-default parameters:
TimeLimit  172800
MIPGap  0.01
Heuristics  0.5
MIPFocus  3
FlowCoverCuts  2
Presolve  2
Threads  5

Optimize a model with 22763 rows, 35809 columns and 109840 nonzeros
Model fingerprint: 0x8538407d
Variable types: 17323 continuous, 18486 integer (18485 binary)
Coefficient statistics:
  Matrix range     [1e-01, 1e+03]
  Objective range  [1e-01, 1e+02]
  Bounds range     [1e+00, 1e+00]
  RHS range        [1e+00, 1e+04]
Presolve removed 20367 rows and 25839 columns
Presolve time: 0.10s
Presolved: 2396 rows, 9970 columns, 30322 nonzeros
Variable types: 820 continuous, 9150 integer (9150 binary)
Root relaxation presolved: 2396 rows, 9970 columns, 30322 nonzeros


Root relaxation: objective 2.164564e+05, 4099 iterations, 0.13 seconds (0.16 work units)

    Nodes    |    Current Node    |     Objective Bounds      |     Work
 Expl Unexpl |  Obj  Depth IntInf | Incumbent    BestBd   Gap | It/Node Time

     0     0 216456.367    0  321          - 216456.367      -     -    0s
H    0     0                    221417.94885 216508.630  2.22%     -    0s
H    0     0                    218774.47897 216544.055  1.02%     -    0s
H    0     0                    218108.94882 216544.055  0.72%     -    0s
H    0     0                    217633.04331 216567.175  0.49%     -    0s
H    0     0                    217605.32550 216567.175  0.48%     -    0s
H    0     0                    217587.17202 216567.175  0.47%     -    0s
H    0     0                    217399.45484 216567.175  0.38%     -    0s
H    0     0                    217372.01032 216567.175  0.37%     -    0s
H    0     0                    217302.92038 216567.175  0.34%     -    0s
H    0     0                    217302.78763 216567.175  0.34%     -    0s
H    0     0                    217234.50556 216567.175  0.31%     -    0s
H    0     0                    217233.34978 216567.175  0.31%     -    0s
H    0     0                    217196.70324 216567.175  0.29%     -    0s
H    0     0                    217180.25278 216567.175  0.28%     -    0s
H    0     0                    217179.41904 216567.175  0.28%     -    0s
H    0     0                    217179.02913 216567.175  0.28%     -    0s
     0     0 216567.175    0  239 217179.029 216567.175  0.28%     -    0s

Cutting planes:
  Gomory: 60
  Lift-and-project: 24
  Cover: 1
  Implied bound: 49
  Projected implied bound: 1
  Clique: 1
  MIR: 39
  Mixing: 10
  Flow cover: 194
  Zero half: 2
  RLT: 16
  Relax-and-lift: 2
  BQP: 2
  PSD: 7

Explored 1 nodes (8078 simplex iterations) in 0.97 seconds (1.04 work units)
Thread count was 5 (of 32 available processors)

Solution count 10: 217179 217179 217180 ... 217399

Optimal solution found (tolerance 1.00e-02)
Best objective 2.171790291258e+05, best bound 2.165671745394e+05, gap 0.2817%
