
Gurobi 12.0.3 (win64) logging started Tue Jul  7 17:48:53 2026

Set parameter LogFile to value "output/DCH_taller_julio/Costo_variable/Ventana_restringida/Carga_on_board_640kW_Descomp_ventana_carga/station_3_d152_stage1\gurobi.log"
Set parameter Threads to value 5
Set parameter Heuristics to value 0.5
Set parameter MIPFocus to value 3
Set parameter Presolve to value 2
Set parameter FlowCoverCuts to value 2
Set parameter TimeLimit to value 172800
Gurobi Optimizer version 12.0.3 build v12.0.3rc0 (win64 - Windows 11+.0 (26200.2))

CPU model: Intel(R) Core(TM) i9-14900K, instruction set [SSE2|AVX|AVX2]
Thread count: 24 physical cores, 32 logical processors, using up to 5 threads

Non-default parameters:
TimeLimit  172800
MIPGap  0.01
Heuristics  0.5
MIPFocus  3
FlowCoverCuts  2
Presolve  2
Threads  5

Optimize a model with 23329 rows, 35809 columns and 111338 nonzeros
Model fingerprint: 0xc22056bf
Variable types: 17323 continuous, 18486 integer (18485 binary)
Coefficient statistics:
  Matrix range     [1e-01, 6e+02]
  Objective range  [1e-02, 1e+05]
  Bounds range     [1e+00, 1e+00]
  RHS range        [1e+00, 1e+04]
Presolve removed 22092 rows and 27284 columns
Presolve time: 0.34s
Presolved: 1237 rows, 8525 columns, 25866 nonzeros
Variable types: 245 continuous, 8280 integer (8279 binary)
Root relaxation presolved: 1237 rows, 8525 columns, 25866 nonzeros


Use crossover to convert LP symmetric solution to basic solution...

Root relaxation: objective 1.979278e+05, 3387 iterations, 0.14 seconds (0.07 work units)

    Nodes    |    Current Node    |     Objective Bounds      |     Work
 Expl Unexpl |  Obj  Depth IntInf | Incumbent    BestBd   Gap | It/Node Time

     0     0 197927.805    0  205          - 197927.805      -     -    1s
     0     0 216761.592    0  176          - 216761.592      -     -    1s
H    0     0                    479778.15744 216761.592  54.8%     -    1s
     0     0 222369.298    0   59 479778.157 222369.298  53.7%     -    2s
H    0     0                    337336.25106 222369.298  34.1%     -    2s
H    0     0                    335825.64302 222369.298  33.8%     -    2s
H    0     0                    334266.46808 222369.298  33.5%     -    2s
H    0     0                    333035.53356 222369.298  33.2%     -    2s
H    0     0                    331437.20487 222369.298  32.9%     -    2s
H    0     0                    248097.67122 222369.298  10.4%     -    2s
H    0     0                    248044.23621 222369.298  10.4%     -    2s
H    0     0                    242009.90335 222369.298  8.12%     -    2s
H    0     0                    241980.71455 222369.298  8.10%     -    2s
H    0     0                    241962.70314 222369.298  8.10%     -    2s
H    0     0                    239589.81149 222369.298  7.19%     -    2s
H    0     0                    237755.36742 222369.298  6.47%     -    2s
H    0     0                    231198.75876 222369.298  3.82%     -    2s
     0     0 222369.298    0   57 231198.759 222369.298  3.82%     -    2s
     0     0 222369.298    0   55 231198.759 222369.298  3.82%     -    3s
H    0     0                    230282.27407 222369.298  3.44%     -    3s
     0     0 222369.298    0   56 230282.274 222369.298  3.44%     -    3s
     0     0 222369.298    0   54 230282.274 222369.298  3.44%     -    4s
H    0     0                    230264.22389 222369.298  3.43%     -    5s
     0     0 222369.298    0   59 230264.224 222369.298  3.43%     -    5s
H    0     0                    228950.97939 222369.298  2.87%     -    6s
H    0     0                    228373.23425 222369.298  2.63%     -    6s
H    0     0                    228325.08690 222369.298  2.61%     -    6s
H    0     0                    225103.52171 222369.298  1.21%     -    6s
H    0     0                    224585.45780 222369.298  0.99%     -    6s
H    0     0                    224429.86210 222369.298  0.92%     -    6s
H    0     0                    223859.25525 222369.298  0.67%     -    6s
H    0     0                    223837.68438 222369.298  0.66%     -    6s
     0     0 222369.298    0   55 223837.684 222369.298  0.66%     -    6s

Cutting planes:
  Gomory: 4
  Lift-and-project: 20
  Cover: 13
  Implied bound: 22
  Projected implied bound: 2
  Clique: 12
  MIR: 23
  Flow cover: 49
  GUB cover: 1
  Zero half: 9
  Relax-and-lift: 35

Explored 1 nodes (17050 simplex iterations) in 6.82 seconds (2.93 work units)
Thread count was 5 (of 32 available processors)

Solution count 10: 223838 223859 224430 ... 230282

Optimal solution found (tolerance 1.00e-02)
Best objective 2.238376843773e+05, best bound 2.223692976573e+05, gap 0.6560%
