
Gurobi 12.0.0 (win64) logging started Thu Aug 27 00:19:45 2026

Set parameter LogFile to value "output/Monolithic_960kW_2dias_mccormick/gurobi.log"
Set parameter Threads to value 32
Set parameter Heuristics to value 0.5
Set parameter MIPFocus to value 3
Set parameter Presolve to value 2
Set parameter FlowCoverCuts to value 2
Set parameter TimeLimit to value 172800
Gurobi Optimizer version 12.0.0 build v12.0.0rc1 (win64 - Windows 11+.0 (26200.2))

CPU model: Intel(R) Core(TM) i9-14900K, instruction set [SSE2|AVX|AVX2]
Thread count: 24 physical cores, 32 logical processors, using up to 32 threads

Non-default parameters:
TimeLimit  172800
MIPGap  0.01
Heuristics  0.5
MIPFocus  3
FlowCoverCuts  2
Presolve  2
Threads  32

Optimize a model with 1249607 rows, 2029760 columns and 6106011 nonzeros
Model fingerprint: 0xb9bac021
Variable types: 954370 continuous, 1075390 integer (1075362 binary)
Coefficient statistics:
  Matrix range     [4e-02, 1e+03]
  Objective range  [6e-01, 1e+06]
  Bounds range     [1e+00, 8e+02]
  RHS range        [1e+00, 4e+05]
Presolve removed 1077992 rows and 1505963 columns
Presolve time: 0.63s
Presolved: 171615 rows, 523797 columns, 2189121 nonzeros
Variable types: 38364 continuous, 485433 integer (485417 binary)
Performing another presolve...
Presolve removed 52151 rows and 10858 columns (presolve time = 5s)...
Presolve removed 52151 rows and 10858 columns
Presolve time: 7.04s
Root relaxation presolve removed 11276 rows and 0 columns
Root relaxation presolved: 118940 rows, 512939 columns, 1690126 nonzeros

Deterministic concurrent LP optimizer: primal simplex, dual simplex, and barrier
Showing barrier log only...

Root barrier log...

Ordering time: 0.08s

Barrier statistics:
 Dense cols : 13
 AA' NZ     : 1.460e+06
 Factor NZ  : 3.129e+06 (roughly 300 MB of memory)
 Factor Ops : 1.315e+08 (less than 1 second per iteration)
 Threads    : 29

                  Objective                Residual
Iter       Primal          Dual         Primal    Dual     Compl     Time
   0   2.55639573e+10 -1.25513849e+13  2.05e+06 2.28e+02  1.27e+09    12s
   1   1.74701439e+10 -1.01630097e+13  1.09e+06 4.00e-08  6.78e+08    12s
   2   2.37631006e+09 -5.95485846e+12  1.48e+05 2.38e-06  9.52e+07    12s
   3   2.16171305e+08 -1.99538085e+12  1.26e+04 2.59e-07  9.10e+06    12s
   4   7.41268411e+07 -1.12761698e+12  3.72e+03 6.01e-08  3.02e+06    12s
   5   4.30751784e+07 -7.13043016e+11  1.77e+03 1.77e-07  1.56e+06    13s
   6   2.81604069e+07 -3.15150694e+11  8.47e+02 9.50e-08  6.94e+05    13s
   7   1.90335974e+07 -1.91496195e+11  2.99e+02 1.77e-08  3.10e+05    13s
   8   1.87930420e+07 -1.20395103e+11  2.85e+02 6.71e-08  2.32e+05    13s
   9   1.65975889e+07 -4.35711086e+10  1.78e+02 1.85e-06  1.07e+05    13s
  10   1.34425845e+07 -1.63532708e+10  5.79e+01 2.31e-06  3.29e+04    13s
  11   1.20312196e+07 -7.52165448e+09  1.63e+01 4.77e-07  1.02e+04    13s
  12   1.12830737e+07 -3.06404753e+09  4.10e+00 1.42e-07  3.18e+03    13s
  13   1.08621524e+07 -1.20992772e+09  5.92e-01 4.52e-08  1.12e+03    13s
  14   1.04337848e+07 -1.14099736e+09  4.20e-01 4.38e-08  1.05e+03    14s
  15   1.04136063e+07 -2.55538097e+08  1.37e-01 2.30e-08  2.41e+02    14s
  16   1.00723480e+07 -1.77331084e+08  2.51e-02 2.96e-08  1.69e+02    14s
  17   9.76229785e+06 -1.65398113e+08  2.49e-03 2.96e-08  1.57e+02    14s
  18   9.20440979e+06 -8.25284653e+07  9.38e-05 3.71e-08  8.24e+01    14s
  19   8.24014482e+06 -4.22871371e+07  2.68e-05 2.95e-08  4.54e+01    14s
  20   8.21532394e+06 -4.15460510e+07  2.61e-05 4.81e-08  4.47e+01    14s
  21   8.06360612e+06 -3.81823634e+07  2.26e-05 3.48e-08  4.15e+01    14s
  22   7.11307632e+06 -2.72324159e+07  1.38e-05 3.50e-08  3.08e+01    15s
  23   6.90070230e+06 -2.46059095e+07  1.25e-05 3.65e-08  2.83e+01    15s
  24   6.61594534e+06 -1.67553398e+07  1.10e-05 3.63e-08  2.10e+01    15s
  25   6.18325584e+06 -1.18305015e+07  8.94e-06 3.52e-08  1.62e+01    15s
  26   6.11573809e+06 -1.06985116e+07  8.66e-06 4.19e-08  1.51e+01    15s
  27   5.88898283e+06 -8.40826005e+06  7.77e-06 4.54e-08  1.28e+01    15s
  28   5.80404299e+06 -7.93076304e+06  7.55e-06 5.12e-08  1.23e+01    16s
  29   5.58047886e+06 -6.11380640e+06  6.91e-06 5.17e-08  1.05e+01    16s
  30   5.48611636e+06 -5.19907966e+06  6.64e-06 4.05e-08  9.60e+00    16s
  31   5.36596787e+06 -3.71053745e+06  6.28e-06 4.60e-08  8.15e+00    16s
  32   5.19516622e+06 -2.82821277e+06  5.73e-06 3.96e-08  7.21e+00    16s
  33   5.07855248e+06 -1.57614507e+06  5.39e-06 4.51e-08  5.98e+00    16s
  34   4.99328716e+06 -1.04947089e+06  4.97e-06 3.81e-08  5.43e+00    17s
  35   4.94283892e+06  1.98466829e+05  4.53e-06 4.18e-08  4.26e+00    17s
  36   4.87220769e+06  5.24020567e+05  3.97e-06 4.24e-08  3.91e+00    17s
  37   4.78398485e+06  1.44908555e+06  3.42e-06 4.61e-08  3.00e+00    17s
  38   4.68984915e+06  2.14534211e+06  2.63e-06 3.55e-08  2.29e+00    17s
  39   4.62854805e+06  2.79282009e+06  2.08e-06 3.60e-08  1.65e+00    17s
  40   4.57819884e+06  2.99704766e+06  1.63e-06 4.57e-08  1.42e+00    18s
  41   4.54006062e+06  3.49740583e+06  1.21e-06 3.20e-08  9.37e-01    18s
  42   4.52033020e+06  3.68838192e+06  9.77e-07 3.52e-08  7.47e-01    18s
  43   4.51094196e+06  3.85077543e+06  8.70e-07 2.68e-08  5.93e-01    18s
  44   4.49564054e+06  3.93634754e+06  6.94e-07 3.68e-08  5.02e-01    19s
  45   4.48475864e+06  3.98091926e+06  5.79e-07 3.36e-08  4.53e-01    19s
  46   4.47718126e+06  4.10936800e+06  4.91e-07 3.31e-08  3.30e-01    19s
  47   4.46981951e+06  4.19661270e+06  3.99e-07 3.04e-08  2.45e-01    19s
  48   4.46324396e+06  4.26680459e+06  3.17e-07 3.79e-08  1.77e-01    19s
  49   4.45848329e+06  4.32260918e+06  2.58e-07 2.87e-08  1.22e-01    20s
  50   4.45474773e+06  4.35249151e+06  2.21e-07 3.22e-08  9.19e-02    20s
  51   4.45379024e+06  4.35597133e+06  2.11e-07 3.90e-08  8.79e-02    20s
  52   4.45086218e+06  4.38946787e+06  1.83e-07 3.16e-08  5.52e-02    20s
  53   4.44875469e+06  4.40536233e+06  1.43e-07 2.66e-08  3.90e-02    21s
  54   4.44696143e+06  4.41610276e+06  1.15e-07 2.97e-08  2.78e-02    21s
  55   4.44495729e+06  4.42202600e+06  9.72e-08 3.05e-08  2.06e-02    21s
  56   4.44323972e+06  4.42859249e+06  7.02e-08 2.81e-08  1.32e-02    21s
  57   4.44246546e+06  4.43015764e+06  5.73e-08 3.95e-08  1.11e-02    22s
  58   4.44151548e+06  4.43267535e+06  3.98e-08 2.77e-08  7.96e-03    22s
  59   4.44103008e+06  4.43533504e+06  3.01e-08 2.42e-08  5.13e-03    22s
  60   4.44044258e+06  4.43769394e+06  2.13e-08 2.95e-08  2.48e-03    23s
  61   4.43994841e+06  4.43812890e+06  2.54e-08 2.75e-08  1.64e-03    23s
  62   4.43986578e+06  4.43853764e+06  2.10e-08 2.65e-08  1.20e-03    23s
  63   4.43983118e+06  4.43892321e+06  1.81e-08 3.26e-08  8.19e-04    23s
  64   4.43955483e+06  4.43941299e+06  7.68e-09 3.88e-08  1.28e-04    24s
  65   4.43945801e+06  4.43944947e+06  3.85e-09 2.66e-08  7.74e-06    24s
  66   4.43945251e+06  4.43945247e+06  1.20e-09 3.06e-08  3.38e-08    24s
  67   4.43945250e+06  4.43945248e+06  1.31e-10 3.02e-08  1.66e-08    24s
  68   4.43945250e+06  4.43945249e+06  1.20e-08 2.91e-08  8.24e-09    24s

Barrier solved model in 68 iterations and 24.02 seconds (45.52 work units)
Optimal objective 4.43945250e+06

  Building initial crossover basis                                25s

Root crossover log...

   16746 DPushes remaining with DInf 9.6538512e-03                30s
       0 DPushes remaining with DInf 0.0000000e+00                30s

   11082 PPushes remaining with PInf 2.0288525e-03                30s
    8962 PPushes remaining with PInf 1.2212211e-03                30s
       0 PPushes remaining with PInf 0.0000000e+00                30s

  Push phase complete: Pinf 0.0000000e+00, Dinf 2.1718225e+05     30s


Root simplex log...

Iteration    Objective       Primal Inf.    Dual Inf.      Time
   24902    4.4394525e+06   0.000000e+00   2.171823e+05     30s
   24954    4.4394525e+06   0.000000e+00   0.000000e+00     30s
Concurrent spin time: 1.36s

Solved with barrier
   24954    4.4394525e+06   0.000000e+00   0.000000e+00     32s

Root relaxation: objective 4.439453e+06, 24954 iterations, 21.32 seconds (22.40 work units)
Total elapsed time = 36.20s (DegenMoves)
Total elapsed time = 42.60s (DegenMoves)
Total elapsed time = 45.88s (DegenMoves)

    Nodes    |    Current Node    |     Objective Bounds      |     Work
 Expl Unexpl |  Obj  Depth IntInf | Incumbent    BestBd   Gap | It/Node Time

     0     0 4439452.50    0 2600          - 4439452.50      -     -   47s
H    0     0                    1.421972e+07 4439452.50  68.8%     -   47s
H    0     0                    1.154325e+07 4439452.50  61.5%     -   48s
H    0     0                    1.119604e+07 4439452.50  60.3%     -   52s
H    0     0                    1.103092e+07 4439452.50  59.8%     -   52s
H    0     0                    1.042614e+07 4439452.50  57.4%     -   53s
H    0     0                    9752207.8783 4439452.50  54.5%     -   53s
H    0     0                    9383168.9220 4439452.50  52.7%     -   54s
H    0     0                    7888547.0559 4439452.50  43.7%     -   55s
H    0     0                    7886853.9656 4439452.50  43.7%     -   56s
H    0     0                    7708832.5555 4439452.50  42.4%     -   56s
H    0     0                    7707139.4652 4439452.50  42.4%     -   56s
     0     0 4602766.38    0 2351 7707139.47 4602766.38  40.3%     -   70s
H    0     0                    7446615.2523 4684852.99  37.1%     -   81s
H    0     0                    7446614.2697 4684852.99  37.1%     -   88s
H    0     0                    7333833.2252 4684852.99  36.1%     -   88s
H    0     0                    6688938.9631 4684852.99  30.0%     -   88s
     0     0 4684852.99    0 2325 6688938.96 4684852.99  30.0%     -   90s
     0     0 4699054.08    0 2289 6688938.96 4699054.08  29.7%     -   90s
     0     0 4750284.67    0 2327 6688938.96 4750284.67  29.0%     -   90s
     0     0 4839476.51    0 2135 6688938.96 4839476.51  27.6%     -  103s
H    0     0                    6688597.2409 4866039.14  27.2%     -  106s
H    0     0                    6684767.6937 4866039.14  27.2%     -  107s
     0     0 4866039.14    0 2163 6684767.69 4866039.14  27.2%     -  108s
     0     0 4884758.15    0 2160 6684767.69 4884758.15  26.9%     -  119s
H    0     0                    6684767.2917 5026354.40  24.8%     -  134s
H    0     0                    6684751.7454 5026354.40  24.8%     -  134s
H    0     0                    6684748.6925 5026354.40  24.8%     -  139s
H    0     0                    6684736.6006 5026354.40  24.8%     -  139s
H    0     0                    6684735.8124 5026354.40  24.8%     -  139s
H    0     0                    6684734.5960 5026354.40  24.8%     -  142s
H    0     0                    6684734.4193 5026354.40  24.8%     -  142s
H    0     0                    6684733.4460 5026354.40  24.8%     -  142s
     0     0 5026354.40    0 2197 6684733.45 5026354.40  24.8%     -  144s
     0     0 5026354.40    0 2165 6684733.45 5026354.40  24.8%     -  157s
     0     0 5026354.40    0 2180 6684733.45 5026354.40  24.8%     -  160s
     0     0 5026354.40    0 2139 6684733.45 5026354.40  24.8%     -  172s
H    0     0                    6684710.1607 5026354.40  24.8%     -  193s
H    0     0                    6684486.2349 5026354.40  24.8%     -  193s
H    0     0                    6684253.3088 5026354.40  24.8%     -  195s
H    0     0                    6684252.1094 5026354.40  24.8%     -  195s
H    0     0                    6684250.7020 5026354.40  24.8%     -  195s
     0     0 5026354.40    0 2138 6684250.70 5026354.40  24.8%     -  197s
     0     0 5026354.40    0 2110 6684250.70 5026354.40  24.8%     -  208s
     0     0 5262155.60    0 1289 6684250.70 5262155.60  21.3%     -  221s
H    0     0                    6534438.9915 5286410.47  19.1%     -  243s
     0     2 5286410.47    0 1195 6534438.99 5286410.47  19.1%     -  266s
     3     6 5293921.45    2 1212 6534438.99 5293921.45  19.0% 10044  275s
    13    11 infeasible    4      6534438.99 5622198.61  14.0%  7113  284s
    19    14 6018786.87    5 1129 6534438.99 5768220.65  11.7%  4935  290s
    28    17 infeasible    5      6534438.99 5826136.85  10.8%  3628  298s
H   30    17                    6534135.3097 5869477.93  10.2%  3874  298s
    42    24 infeasible    6      6534135.31 5890909.06  9.84%  3328  308s
H   43    24                    6533911.4665 5890909.06  9.84%  3251  308s
H   46    24                    6533897.3587 5893221.42  9.81%  3045  308s
    59    29 6003934.00    7  964 6533897.36 5894165.46  9.79%  2513  313s
    83    36 6096764.77    8  912 6533897.36 5900779.86  9.69%  1869  325s
   112    34 6509408.20    9  891 6533897.36 5962661.98  8.74%  1409  336s
   144    24 6171287.78   10  910 6533897.36 6171287.78  5.55%  1104  350s
H  150    23                    6421091.0729 6237913.60  2.85%  1062  350s
   176    30 6282979.38   11  890 6421091.07 6282979.38  2.15%   911  358s
   192    92 6282979.38   12  871 6421091.07 6282979.38  2.15%   851  377s
   254   124 6282979.38   13  858 6421091.07 6282979.38  2.15%   679  392s
   286   156 6282979.38   14  871 6421091.07 6282979.38  2.15%   671  409s
   318   188 6282979.38   15  866 6421091.07 6282979.38  2.15%   654  428s
   350   244 6282979.38   16  873 6421091.07 6282979.38  2.15%   653  450s
   406   275 infeasible   17      6421091.07 6282979.38  2.15%   760  492s
   439   312 6282979.38   19  858 6421091.07 6282979.38  2.15%   868  550s
   476   369 6282979.38   18  856 6421091.07 6282979.38  2.15%   919  637s
   533   512 6282979.38   22  836 6421091.07 6282979.38  2.15%   948  749s

Cutting planes:
  Gomory: 10
  Cover: 4
  Implied bound: 81
  MIR: 85
  Mixing: 3
  Flow cover: 318
  GUB cover: 18
  Zero half: 5
  RLT: 5
  Relax-and-lift: 13

Explored 690 nodes (1067701 simplex iterations) in 750.71 seconds (1034.10 work units)
Thread count was 32 (of 32 available processors)

Solution count 10: 6.42109e+06 6.5339e+06 6.53391e+06 ... 6.68471e+06

Solve interrupted
Best objective 6.421091072927e+06, best bound 6.282979383738e+06, gap 2.1509%
