
Gurobi 12.0.3 (win64) logging started Mon Sep  7 19:29:17 2026

Set parameter LogFile to value "C:\Users\TECNO-MASTER\Desktop\Elmo_infrastructure_sizing_NP-\output\DCH_septiembre\Bateria_353\Costo_variable\Carga_libre\Carga_on_board_variable_3estaciones_P640kW_Descomp/station_1_d121_stage1\gurobi.log"
Set parameter Threads to value 1
Set parameter Heuristics to value 0.5
Set parameter MIPFocus to value 3
Set parameter Presolve to value 2
Set parameter FlowCoverCuts to value 2
Set parameter TimeLimit to value 1200
Gurobi Optimizer version 12.0.3 build v12.0.3rc0 (win64 - Windows 11+.0 (26200.2))

CPU model: Intel(R) Core(TM) i9-14900K, instruction set [SSE2|AVX|AVX2]
Thread count: 24 physical cores, 32 logical processors, using up to 1 threads

Non-default parameters:
TimeLimit  1200
MIPGap  0.05
Heuristics  0.5
MIPFocus  3
FlowCoverCuts  2
Presolve  2
Threads  1

Optimize a model with 22770 rows, 37249 columns and 110686 nonzeros
Model fingerprint: 0xf6f2d97a
Variable types: 17323 continuous, 19926 integer (19925 binary)
Coefficient statistics:
  Matrix range     [1e-01, 6e+02]
  Objective range  [8e-03, 1e+05]
  Bounds range     [1e+00, 1e+00]
  RHS range        [1e+00, 1e+04]
Presolve removed 19880 rows and 26950 columns
Presolve time: 0.26s
Presolved: 2890 rows, 10299 columns, 31950 nonzeros
Variable types: 841 continuous, 9458 integer (9457 binary)
Root relaxation presolved: 2890 rows, 10299 columns, 31950 nonzeros


Root relaxation: objective 5.117695e+04, 6012 iterations, 0.78 seconds (0.83 work units)

    Nodes    |    Current Node    |     Objective Bounds      |     Work
 Expl Unexpl |  Obj  Depth IntInf | Incumbent    BestBd   Gap | It/Node Time

     0     0 51176.9522    0  385          - 51176.9522      -     -    2s
     0     0 69941.9227    0  330          - 69941.9227      -     -    4s
     0     0 86495.9052    0  392          - 86495.9052      -     -    4s
     0     0 86495.9052    0  340          - 86495.9052      -     -    6s
     0     0 86495.9052    0  483          - 86495.9052      -     -    8s
     0     0 86495.9052    0  556          - 86495.9052      -     -    9s
     0     0 86495.9052    0  558          - 86495.9052      -     -    9s
     0     0 86495.9052    0  393          - 86495.9052      -     -   11s
     0     0 86495.9052    0  496          - 86495.9052      -     -   11s
     0     0 86495.9052    0  493          - 86495.9052      -     -   11s
     0     0 86495.9052    0  461          - 86495.9052      -     -   12s
     0     0 86495.9052    0  540          - 86495.9052      -     -   12s
     0     0 86495.9052    0  515          - 86495.9052      -     -   12s
     0     0 86495.9052    0  582          - 86495.9052      -     -   13s
     0     0 86495.9052    0  606          - 86495.9052      -     -   13s
     0     0 86495.9052    0  588          - 86495.9052      -     -   13s
     0     0 86495.9052    0  486          - 86495.9052      -     -   15s
     0     0 86495.9052    0  474          - 86495.9052      -     -   15s
     0     0 86495.9052    0  536          - 86495.9052      -     -   15s
     0     0 86495.9052    0  528          - 86495.9052      -     -   15s
     0     0 86495.9052    0  464          - 86495.9052      -     -   16s
     0     0 86495.9052    0  606          - 86495.9052      -     -   16s
     0     0 86495.9052    0  470          - 86495.9052      -     -   17s
     0     0 86495.9052    0  545          - 86495.9052      -     -   17s
     0     0 86495.9052    0  298          - 86495.9052      -     -   18s
     0     0 86495.9052    0  351          - 86495.9052      -     -   18s
     0     0 147899.651    0  115          - 147899.651      -     -   20s
H    0     0                    157106.60392 147899.651  5.86%     -   20s
H    0     0                    155154.33703 147899.651  4.68%     -   20s

Cutting planes:
  Cover: 14
  Flow cover: 1
  RLT: 1
  Relax-and-lift: 19

Explored 1 nodes (125775 simplex iterations) in 20.11 seconds (31.33 work units)
Thread count was 1 (of 32 available processors)

Solution count 2: 155154 157107 

Optimal solution found (tolerance 5.00e-02)
Best objective 1.551543370254e+05, best bound 1.478996511709e+05, gap 4.6758%
