
Gurobi 12.0.3 (win64) logging started Tue Jun 30 15:29:43 2026

Set parameter LogFile to value "output/DCH_taller_julio/Costo_variable/Carga_on_board_1000kW_Descomp/station_2_d121\gurobi.log"
Set parameter Threads to value 5
Set parameter Heuristics to value 0.5
Set parameter MIPFocus to value 3
Set parameter Presolve to value 2
Set parameter FlowCoverCuts to value 2
Set parameter TimeLimit to value 172800
Gurobi Optimizer version 12.0.3 build v12.0.3rc0 (win64 - Windows 11+.0 (26200.2))

CPU model: Intel(R) Core(TM) i9-14900K, instruction set [SSE2|AVX|AVX2]
Thread count: 24 physical cores, 32 logical processors, using up to 5 threads

Non-default parameters:
TimeLimit  172800
MIPGap  0.01
Heuristics  0.5
MIPFocus  3
FlowCoverCuts  2
Presolve  2
Threads  5

Optimize a model with 23795 rows, 37807 columns and 115930 nonzeros
Model fingerprint: 0x191b0ee1
Variable types: 18325 continuous, 19482 integer (19481 binary)
Coefficient statistics:
  Matrix range     [1e-01, 1e+03]
  Objective range  [8e-03, 1e+02]
  Bounds range     [1e+00, 1e+00]
  RHS range        [1e+00, 1e+04]
Presolve removed 21393 rows and 27338 columns
Presolve time: 0.15s
Presolved: 2402 rows, 10469 columns, 31720 nonzeros
Variable types: 821 continuous, 9648 integer (9648 binary)
Root relaxation presolved: 2402 rows, 10469 columns, 31720 nonzeros


Root relaxation: objective 2.137597e+05, 3029 iterations, 0.12 seconds (0.15 work units)

    Nodes    |    Current Node    |     Objective Bounds      |     Work
 Expl Unexpl |  Obj  Depth IntInf | Incumbent    BestBd   Gap | It/Node Time

     0     0 213759.698    0  201          - 213759.698      -     -    0s
H    0     0                    299681.69846 213759.698  28.7%     -    0s
H    0     0                    299636.16969 213759.698  28.7%     -    0s
H    0     0                    295408.55701 213759.698  27.6%     -    0s
H    0     0                    245472.95503 213759.698  12.9%     -    0s
H    0     0                    235929.52252 213759.698  9.40%     -    0s
H    0     0                    235927.96860 213759.698  9.40%     -    0s
H    0     0                    235798.90629 213759.698  9.35%     -    0s
H    0     0                    235794.22893 213759.698  9.34%     -    0s
H    0     0                    235792.76887 213759.698  9.34%     -    0s
H    0     0                    231496.90520 213759.698  7.66%     -    1s
H    0     0                    226835.06771 213759.698  5.76%     -    1s
H    0     0                    226815.52212 213759.698  5.76%     -    1s
H    0     0                    226812.57948 213759.698  5.75%     -    1s
H    0     0                    221686.21074 213937.486  3.50%     -    1s
H    0     0                    219301.52139 213937.486  2.45%     -    1s
     0     0 213937.486    0  282 219301.521 213937.486  2.45%     -    1s
H    0     0                    219293.12905 213937.486  2.44%     -    1s
H    0     0                    219276.34438 213937.486  2.43%     -    1s
H    0     0                    219274.75846 213937.486  2.43%     -    1s
H    0     0                    219064.23775 213937.486  2.34%     -    1s
H    0     0                    218613.46652 213937.486  2.14%     -    1s
H    0     0                    218611.43252 213937.486  2.14%     -    1s
H    0     0                    218560.74432 213937.486  2.12%     -    1s
H    0     0                    216899.09490 213937.783  1.37%     -    1s
H    0     0                    215662.53246 213937.783  0.80%     -    1s
H    0     0                    215535.91214 213937.783  0.74%     -    1s
H    0     0                    215517.95662 213937.783  0.73%     -    1s
H    0     0                    215365.31552 213937.783  0.66%     -    1s
H    0     0                    215240.12562 213937.783  0.61%     -    1s
     0     0 213996.522    0  287 215240.126 213996.522  0.58%     -    1s

Cutting planes:
  Gomory: 21
  Lift-and-project: 7
  Cover: 7
  Implied bound: 9
  Clique: 4
  MIR: 1
  Mixing: 1
  Flow cover: 15
  Zero half: 7
  RLT: 32
  Relax-and-lift: 10
  BQP: 1
  PSD: 8

Explored 1 nodes (9541 simplex iterations) in 2.00 seconds (2.10 work units)
Thread count was 5 (of 32 available processors)

Solution count 10: 215240 215365 215518 ... 219064

Optimal solution found (tolerance 1.00e-02)
Best objective 2.152401256208e+05, best bound 2.139965220413e+05, gap 0.5778%
