
Gurobi 12.0.3 (win64) logging started Tue Jun 30 14:32:39 2026

Set parameter LogFile to value "output/DCH_taller_julio/Costo_variable/Carga_on_board_320kW_Descomp/station_1_d60\gurobi.log"
Set parameter Threads to value 5
Set parameter Heuristics to value 0.5
Set parameter MIPFocus to value 3
Set parameter Presolve to value 2
Set parameter FlowCoverCuts to value 2
Set parameter TimeLimit to value 172800
Gurobi Optimizer version 12.0.3 build v12.0.3rc0 (win64 - Windows 11+.0 (26200.2))

CPU model: Intel(R) Core(TM) i9-14900K, instruction set [SSE2|AVX|AVX2]
Thread count: 24 physical cores, 32 logical processors, using up to 5 threads

Non-default parameters:
TimeLimit  172800
MIPGap  0.01
Heuristics  0.5
MIPFocus  3
FlowCoverCuts  2
Presolve  2
Threads  5

Optimize a model with 22763 rows, 35809 columns and 109840 nonzeros
Model fingerprint: 0x1fec945c
Variable types: 17323 continuous, 18486 integer (18485 binary)
Coefficient statistics:
  Matrix range     [1e-01, 3e+02]
  Objective range  [9e-03, 1e+02]
  Bounds range     [1e+00, 1e+00]
  RHS range        [1e+00, 1e+04]
Presolve removed 20486 rows and 25839 columns
Presolve time: 0.14s
Presolved: 2277 rows, 9970 columns, 29370 nonzeros
Variable types: 820 continuous, 9150 integer (9150 binary)
Root relaxation presolved: 2277 rows, 9970 columns, 29370 nonzeros


Root relaxation: objective 1.281021e+05, 3346 iterations, 0.22 seconds (0.28 work units)

    Nodes    |    Current Node    |     Objective Bounds      |     Work
 Expl Unexpl |  Obj  Depth IntInf | Incumbent    BestBd   Gap | It/Node Time

     0     0 128102.059    0  207          - 128102.059      -     -    1s
H    0     0                    128294.64399 128102.059  0.15%     -    1s

Explored 1 nodes (9958 simplex iterations) in 1.22 seconds (1.29 work units)
Thread count was 5 (of 32 available processors)

Solution count 1: 128295 

Optimal solution found (tolerance 1.00e-02)
Best objective 1.282946439871e+05, best bound 1.281020591859e+05, gap 0.1501%
