
Gurobi 12.0.3 (win64) logging started Mon Sep  7 19:19:14 2026

Set parameter LogFile to value "C:\Users\TECNO-MASTER\Desktop\Elmo_infrastructure_sizing_NP-\output\DCH_septiembre\Bateria_353\Costo_fijo\Carga_libre\Carga_on_board_fixed_3estaciones_P320kW_Descomp/station_1_d60\gurobi.log"
Set parameter Threads to value 1
Set parameter Heuristics to value 0.5
Set parameter MIPFocus to value 3
Set parameter Presolve to value 2
Set parameter FlowCoverCuts to value 2
Set parameter TimeLimit to value 1200
Gurobi Optimizer version 12.0.3 build v12.0.3rc0 (win64 - Windows 11+.0 (26200.2))

CPU model: Intel(R) Core(TM) i9-14900K, instruction set [SSE2|AVX|AVX2]
Thread count: 24 physical cores, 32 logical processors, using up to 1 threads

Non-default parameters:
TimeLimit  1200
MIPGap  0.05
Heuristics  0.5
MIPFocus  3
FlowCoverCuts  2
Presolve  2
Threads  1

Optimize a model with 22740 rows, 37249 columns and 109724 nonzeros
Model fingerprint: 0x7f2feb76
Variable types: 17323 continuous, 19926 integer (19925 binary)
Coefficient statistics:
  Matrix range     [1e-01, 3e+02]
  Objective range  [4e-01, 1e+02]
  Bounds range     [1e+00, 1e+00]
  RHS range        [1e+00, 1e+04]
Presolve removed 20416 rows and 26953 columns
Presolve time: 0.21s
Presolved: 2324 rows, 10296 columns, 30334 nonzeros
Variable types: 840 continuous, 9456 integer (9456 binary)
Root relaxation presolved: 2324 rows, 10296 columns, 30334 nonzeros


Root relaxation: objective 1.183686e+05, 4336 iterations, 0.28 seconds (0.26 work units)

    Nodes    |    Current Node    |     Objective Bounds      |     Work
 Expl Unexpl |  Obj  Depth IntInf | Incumbent    BestBd   Gap | It/Node Time

     0     0 118368.553    0   23          - 118368.553      -     -    1s
H    0     0                    118375.62469 118368.553  0.01%     -    1s

Explored 1 nodes (6308 simplex iterations) in 1.39 seconds (0.95 work units)
Thread count was 1 (of 32 available processors)

Solution count 1: 118376 

Optimal solution found (tolerance 5.00e-02)
Best objective 1.183756246851e+05, best bound 1.183685532752e+05, gap 0.0060%
