
Gurobi 12.0.3 (win64) logging started Sun Aug 23 02:53:44 2026

Set parameter LogFile to value "C:\Users\TECNO-MASTER\Desktop\Elmo_infrastructure_sizing_NP-\output\DCH_agosto\Costo_variable\Carga_libre\Carga_on_board_variable_3estaciones_P640kW_Descomp/station_1_d121_stage1\gurobi.log"
Set parameter Threads to value 1
Set parameter Heuristics to value 0.5
Set parameter MIPFocus to value 3
Set parameter Presolve to value 2
Set parameter FlowCoverCuts to value 2
Set parameter TimeLimit to value 172800
Gurobi Optimizer version 12.0.3 build v12.0.3rc0 (win64 - Windows 11+.0 (26200.2))

CPU model: Intel(R) Core(TM) i9-14900K, instruction set [SSE2|AVX|AVX2]
Thread count: 24 physical cores, 32 logical processors, using up to 1 threads

Non-default parameters:
TimeLimit  172800
MIPGap  0.01
Heuristics  0.5
MIPFocus  3
FlowCoverCuts  2
Presolve  2
Threads  1

Optimize a model with 22770 rows, 37249 columns and 110686 nonzeros
Model fingerprint: 0x890f4941
Variable types: 17323 continuous, 19926 integer (19925 binary)
Coefficient statistics:
  Matrix range     [1e-01, 6e+02]
  Objective range  [8e-03, 1e+05]
  Bounds range     [1e+00, 3e+00]
  RHS range        [1e+00, 1e+04]
Presolve removed 19880 rows and 26958 columns
Presolve time: 0.30s
Presolved: 2890 rows, 10291 columns, 32614 nonzeros
Variable types: 841 continuous, 9450 integer (9363 binary)
Root relaxation presolved: 2890 rows, 10291 columns, 32614 nonzeros


Root relaxation: objective 5.053367e+04, 6498 iterations, 0.92 seconds (0.82 work units)

    Nodes    |    Current Node    |     Objective Bounds      |     Work
 Expl Unexpl |  Obj  Depth IntInf | Incumbent    BestBd   Gap | It/Node Time

     0     0 50533.6708    0  378          - 50533.6708      -     -    2s
     0     0 95294.5747    0  487          - 95294.5747      -     -    6s
     0     0 105245.612    0  488          - 105245.612      -     -    6s
     0     0 105245.612    0  501          - 105245.612      -     -    6s
     0     0 105245.612    0  456          - 105245.612      -     -   10s
     0     0 105245.612    0  515          - 105245.612      -     -   10s
     0     0 105245.612    0  483          - 105245.612      -     -   13s
     0     0 105245.612    0  508          - 105245.612      -     -   13s
     0     0 105245.612    0  485          - 105245.612      -     -   15s
     0     0 105245.612    0  487          - 105245.612      -     -   15s
     0     0 105245.612    0  470          - 105245.612      -     -   17s
     0     0 105245.612    0  452          - 105245.612      -     -   18s
H    0     0                    324156.44127 105245.612  67.5%     -   19s
H    0     0                    210382.14451 117554.605  44.1%     -   19s
H    0     0                    197755.61776 117554.605  40.6%     -   19s
H    0     0                    197689.81052 117554.605  40.5%     -   19s
H    0     0                    185701.58894 117554.605  36.7%     -   19s
H    0     0                    181581.59258 117554.605  35.3%     -   19s
H    0     0                    181486.79733 117554.605  35.2%     -   19s
H    0     0                    181188.71929 117554.605  35.1%     -   19s
H    0     0                    166756.34229 117554.605  29.5%     -   19s
H    0     0                    166417.52102 117554.605  29.4%     -   19s
H    0     0                    166416.46916 117554.605  29.4%     -   19s
H    0     0                    166414.11094 117554.605  29.4%     -   19s
H    0     0                    166412.97788 117554.605  29.4%     -   19s
H    0     0                    166391.15147 117554.605  29.4%     -   19s
H    0     0                    166087.67263 117554.605  29.2%     -   20s
H    0     0                    166077.35975 117554.605  29.2%     -   20s
H    0     0                    166076.86120 117554.605  29.2%     -   20s
H    0     0                    166050.77574 117554.605  29.2%     -   20s
H    0     0                    166030.75201 117554.605  29.2%     -   20s
     0     2 117554.605    0  414 166030.752 117554.605  29.2%     -   20s
H   24    22                    164934.71059 163971.002  0.58%  1247   24s

Cutting planes:
  Gomory: 8
  Lift-and-project: 1
  Cover: 57
  Implied bound: 283
  Projected implied bound: 9
  Clique: 29
  MIR: 569
  Mixing: 199
  Flow cover: 883
  Zero half: 146
  RLT: 2
  Relax-and-lift: 211
  BQP: 1

Explored 25 nodes (80302 simplex iterations) in 24.21 seconds (27.45 work units)
Thread count was 1 (of 32 available processors)

Solution count 10: 164935 166031 166051 ... 166416

Optimal solution found (tolerance 1.00e-02)
Best objective 1.649347105887e+05, best bound 1.639710016051e+05, gap 0.5843%
