
Gurobi 12.0.0 (win64) logging started Mon Sep  7 03:57:15 2026

Set parameter LogFile to value "C:\Users\TECNO-MASTER\Desktop\Elmo_infrastructure_sizing_NP-\output\DCH_septiembre\Bateria_482\Costo_variable\Carga_libre\Carga_on_board_variable_3estaciones_P160kW_Descomp/station_3_d60\gurobi.log"
Set parameter Threads to value 1
Set parameter Heuristics to value 0.5
Set parameter MIPFocus to value 3
Set parameter Presolve to value 2
Set parameter FlowCoverCuts to value 2
Set parameter TimeLimit to value 1200
Gurobi Optimizer version 12.0.0 build v12.0.0rc1 (win64 - Windows 11+.0 (26200.2))

CPU model: Intel(R) Core(TM) i9-14900K, instruction set [SSE2|AVX|AVX2]
Thread count: 24 physical cores, 32 logical processors, using up to 1 threads

Non-default parameters:
TimeLimit  1200
MIPGap  0.05
Heuristics  0.5
MIPFocus  3
FlowCoverCuts  2
Presolve  2
Threads  1

Optimize a model with 22740 rows, 37249 columns and 109726 nonzeros
Model fingerprint: 0xe7fd900a
Variable types: 17323 continuous, 19926 integer (19925 binary)
Coefficient statistics:
  Matrix range     [1e-01, 2e+02]
  Objective range  [9e-03, 1e+02]
  Bounds range     [1e+00, 2e+00]
  RHS range        [1e+00, 1e+04]
Presolve removed 20416 rows and 26955 columns
Presolve time: 0.21s
Presolved: 2324 rows, 10294 columns, 30328 nonzeros
Variable types: 840 continuous, 9454 integer (9454 binary)
Root relaxation presolved: 2324 rows, 10294 columns, 30328 nonzeros


Root relaxation: objective 1.552106e+05, 3791 iterations, 0.19 seconds (0.16 work units)

    Nodes    |    Current Node    |     Objective Bounds      |     Work
 Expl Unexpl |  Obj  Depth IntInf | Incumbent    BestBd   Gap | It/Node Time

     0     0 155210.607    0   75          - 155210.607      -     -    1s
     0     0 155246.372    0   71          - 155246.372      -     -    1s
     0     0 155246.372    0   71          - 155246.372      -     -    1s
     0     0 155246.372    0   37          - 155246.372      -     -    2s
     0     0 155246.372    0   26          - 155246.372      -     -    3s
H    0     0                    155481.26879 155246.372  0.15%     -    3s

Cutting planes:
  Gomory: 10
  Lift-and-project: 9
  Cover: 6
  Implied bound: 1
  Clique: 5
  Flow cover: 4
  Zero half: 17
  RLT: 7
  Relax-and-lift: 10
  PSD: 4

Explored 1 nodes (17532 simplex iterations) in 3.19 seconds (2.47 work units)
Thread count was 1 (of 32 available processors)

Solution count 1: 155481 

Optimal solution found (tolerance 5.00e-02)
Best objective 1.554812687913e+05, best bound 1.552463724526e+05, gap 0.1511%
