
Gurobi 12.0.0 (win64) logging started Wed Jul  1 13:54:12 2026

Set parameter LogFile to value "output/DCH_taller_julio/Costo_variable/Carga_on_board_320kW_st2_2ch/station_2_d91\gurobi.log"
Set parameter Threads to value 5
Set parameter Heuristics to value 0.5
Set parameter MIPFocus to value 3
Set parameter Presolve to value 2
Set parameter FlowCoverCuts to value 2
Set parameter TimeLimit to value 172800
Gurobi Optimizer version 12.0.0 build v12.0.0rc1 (win64 - Windows 11+.0 (26200.2))

CPU model: Intel(R) Core(TM) i9-14900K, instruction set [SSE2|AVX|AVX2]
Thread count: 24 physical cores, 32 logical processors, using up to 5 threads

Non-default parameters:
TimeLimit  172800
MIPGap  0.01
Heuristics  0.5
MIPFocus  3
FlowCoverCuts  2
Presolve  2
Threads  5

Optimize a model with 23795 rows, 37807 columns and 115930 nonzeros
Model fingerprint: 0x0658dceb
Variable types: 18325 continuous, 19482 integer (19481 binary)
Coefficient statistics:
  Matrix range     [1e-01, 3e+02]
  Objective range  [1e-02, 1e+02]
  Bounds range     [1e+00, 2e+00]
  RHS range        [1e+00, 1e+04]
Presolve removed 21482 rows and 27338 columns
Presolve time: 0.14s
Presolved: 2313 rows, 10469 columns, 31008 nonzeros
Variable types: 821 continuous, 9648 integer (9648 binary)
Root relaxation presolved: 2313 rows, 10469 columns, 31008 nonzeros


Root relaxation: objective 2.142441e+05, 3343 iterations, 0.14 seconds (0.16 work units)

    Nodes    |    Current Node    |     Objective Bounds      |     Work
 Expl Unexpl |  Obj  Depth IntInf | Incumbent    BestBd   Gap | It/Node Time

     0     0 214244.142    0  168          - 214244.142      -     -    0s
H    0     0                    217434.07492 214244.142  1.47%     -    0s
H    0     0                    217363.03716 214244.142  1.43%     -    0s
H    0     0                    217083.49984 214244.142  1.31%     -    0s
H    0     0                    215417.81474 214244.142  0.54%     -    0s

Explored 1 nodes (7260 simplex iterations) in 0.88 seconds (0.80 work units)
Thread count was 5 (of 32 available processors)

Solution count 4: 215418 217083 217363 217434 

Optimal solution found (tolerance 1.00e-02)
Best objective 2.154178147402e+05, best bound 2.142441424428e+05, gap 0.5448%
