
Gurobi 12.0.3 (win64) logging started Sun Aug 23 17:23:30 2026

Set parameter LogFile to value "C:\Users\TECNO-MASTER\Desktop\Elmo_infrastructure_sizing_NP-\output\DCH_agosto\Costo_variable\Carga_libre\Carga_on_board_variable_3estaciones_P1000kW_Descomp/station_1_d152_stage1\gurobi.log"
Set parameter Threads to value 1
Set parameter Heuristics to value 0.5
Set parameter MIPFocus to value 3
Set parameter Presolve to value 2
Set parameter FlowCoverCuts to value 2
Set parameter TimeLimit to value 172800
Gurobi Optimizer version 12.0.3 build v12.0.3rc0 (win64 - Windows 11+.0 (26200.2))

CPU model: Intel(R) Core(TM) i9-14900K, instruction set [SSE2|AVX|AVX2]
Thread count: 24 physical cores, 32 logical processors, using up to 1 threads

Non-default parameters:
TimeLimit  172800
MIPGap  0.01
Heuristics  0.5
MIPFocus  3
FlowCoverCuts  2
Presolve  2
Threads  1

Optimize a model with 22770 rows, 37249 columns and 110686 nonzeros
Model fingerprint: 0x9d7a26e7
Variable types: 17323 continuous, 19926 integer (19925 binary)
Coefficient statistics:
  Matrix range     [1e-01, 1e+03]
  Objective range  [1e-02, 2e+05]
  Bounds range     [1e+00, 3e+00]
  RHS range        [1e+00, 1e+04]
Presolve removed 19880 rows and 26958 columns
Presolve time: 0.26s
Presolved: 2890 rows, 10291 columns, 32614 nonzeros
Variable types: 841 continuous, 9450 integer (9363 binary)
Root relaxation presolved: 2890 rows, 10291 columns, 32614 nonzeros


Root relaxation: objective 4.694365e+04, 6812 iterations, 0.88 seconds (0.88 work units)

    Nodes    |    Current Node    |     Objective Bounds      |     Work
 Expl Unexpl |  Obj  Depth IntInf | Incumbent    BestBd   Gap | It/Node Time

     0     0 46943.6454    0  372          - 46943.6454      -     -    2s
     0     0 73813.1864    0  204          - 73813.1864      -     -    4s
H    0     0                    508926.04799 77122.7979  84.8%     -    4s
H    0     0                    390008.18242 77122.7979  80.2%     -    4s
H    0     0                    214543.84511 77122.7979  64.1%     -    4s
H    0     0                    214529.49502 77122.7979  64.1%     -    4s
     0     0 77122.7979    0  209 214529.495 77122.7979  64.1%     -    4s
     0     0 77122.7979    0  216 214529.495 77122.7979  64.1%     -    5s
H    0     0                    214502.96491 77122.7979  64.0%     -    5s
H    0     0                    214431.37351 77122.7979  64.0%     -    5s
     0     0 77122.7979    0  216 214431.374 77122.7979  64.0%     -    5s
     0     0 77122.7979    0  223 214431.374 77122.7979  64.0%     -    6s
     0     0 77122.7979    0  223 214431.374 77122.7979  64.0%     -    7s
H    0     0                    214091.01005 77122.7979  64.0%     -    8s
H    0     0                    213965.06651 77122.7979  64.0%     -    8s
H    0     0                    213912.09064 77122.7979  63.9%     -    8s
H    0     0                    213889.09408 77122.7979  63.9%     -    8s
H    0     0                    213840.07411 77122.7979  63.9%     -    8s
H    0     0                    213825.05795 77122.7979  63.9%     -    8s
H    0     0                    213824.33754 77122.7979  63.9%     -    8s
H    0     0                    213821.59196 77122.7979  63.9%     -    8s
H    0     0                    213661.72486 77122.7979  63.9%     -    9s
H    0     0                    213614.16817 77122.7979  63.9%     -    9s
H    0     0                    213510.19144 77122.7979  63.9%     -    9s
H    0     0                    213382.48277 77122.7979  63.9%     -    9s
H    0     0                    213378.38419 77122.7979  63.9%     -    9s
H    0     0                    213363.22322 77122.7979  63.9%     -    9s
H    0     0                    213326.03571 77122.7979  63.8%     -    9s
     0     2 77123.8856    0  200 213326.036 77123.8856  63.8%     -    9s

Cutting planes:
  Gomory: 3
  Cover: 1
  Implied bound: 1
  MIR: 17
  Mixing: 9
  Flow cover: 18
  Zero half: 1
  Relax-and-lift: 2

Explored 3 nodes (32904 simplex iterations) in 9.74 seconds (9.78 work units)
Thread count was 1 (of 32 available processors)

Solution count 10: 213326 213363 213378 ... 213825

Optimal solution found (tolerance 1.00e-02)
Best objective 2.133260357131e+05, best bound 2.113046412845e+05, gap 0.9476%
