
Gurobi 12.0.3 (win64) logging started Tue Jul  7 00:53:04 2026

Set parameter LogFile to value "output/DCH_taller_julio/Costo_fijo/Ventana_restringida/Carga_on_board_640kW_Descomp_ventana_carga/station_1_d1_stage1\gurobi.log"
Set parameter Threads to value 5
Set parameter Heuristics to value 0.5
Set parameter MIPFocus to value 3
Set parameter Presolve to value 2
Set parameter FlowCoverCuts to value 2
Set parameter TimeLimit to value 172800
Gurobi Optimizer version 12.0.3 build v12.0.3rc0 (win64 - Windows 11+.0 (26200.2))

CPU model: Intel(R) Core(TM) i9-14900K, instruction set [SSE2|AVX|AVX2]
Thread count: 24 physical cores, 32 logical processors, using up to 5 threads

Non-default parameters:
TimeLimit  172800
MIPGap  0.01
Heuristics  0.5
MIPFocus  3
FlowCoverCuts  2
Presolve  2
Threads  5

Optimize a model with 23299 rows, 35809 columns and 111278 nonzeros
Model fingerprint: 0xfc364009
Variable types: 17323 continuous, 18486 integer (18485 binary)
Coefficient statistics:
  Matrix range     [1e-01, 6e+02]
  Objective range  [4e-01, 2e+05]
  Bounds range     [1e+00, 1e+00]
  RHS range        [1e+00, 1e+04]
Presolve removed 22062 rows and 27285 columns
Presolve time: 0.08s
Presolved: 1237 rows, 8524 columns, 25866 nonzeros
Variable types: 244 continuous, 8280 integer (8279 binary)
Root relaxation presolved: 1237 rows, 8524 columns, 25866 nonzeros


Use crossover to convert LP symmetric solution to basic solution...

Root relaxation: objective 1.694453e+05, 3129 iterations, 0.03 seconds (0.06 work units)

    Nodes    |    Current Node    |     Objective Bounds      |     Work
 Expl Unexpl |  Obj  Depth IntInf | Incumbent    BestBd   Gap | It/Node Time

     0     0 309614.812    0  124          - 309614.812      -     -    0s
H    0     0                    393869.37524 309614.812  21.4%     -    0s
H    0     0                    309620.19098 309614.812  0.00%     -    0s
     0     0 309620.191    0   47 309620.191 309620.191  0.00%     -    0s

Cutting planes:
  Gomory: 11
  Lift-and-project: 42
  Cover: 1
  Projected implied bound: 1
  MIR: 15
  StrongCG: 1
  Flow cover: 12
  GUB cover: 1

Explored 1 nodes (5808 simplex iterations) in 0.55 seconds (0.90 work units)
Thread count was 5 (of 32 available processors)

Solution count 2: 309620 393869 

Optimal solution found (tolerance 1.00e-02)
Best objective 3.096201909837e+05, best bound 3.096201909837e+05, gap 0.0000%
