
Gurobi 12.0.3 (win64) logging started Tue Jul  7 17:59:43 2026

Set parameter LogFile to value "output/DCH_taller_julio/Costo_variable/Ventana_restringida/Carga_on_board_1000kW_Descomp_ventana_carga/station_2_d121_stage1\gurobi.log"
Set parameter Threads to value 5
Set parameter Heuristics to value 0.5
Set parameter MIPFocus to value 3
Set parameter Presolve to value 2
Set parameter FlowCoverCuts to value 2
Set parameter TimeLimit to value 172800
Gurobi Optimizer version 12.0.3 build v12.0.3rc0 (win64 - Windows 11+.0 (26200.2))

CPU model: Intel(R) Core(TM) i9-14900K, instruction set [SSE2|AVX|AVX2]
Thread count: 24 physical cores, 32 logical processors, using up to 5 threads

Non-default parameters:
TimeLimit  172800
MIPGap  0.01
Heuristics  0.5
MIPFocus  3
FlowCoverCuts  2
Presolve  2
Threads  5

Optimize a model with 24331 rows, 37807 columns and 117368 nonzeros
Model fingerprint: 0xbcacc4c6
Variable types: 18325 continuous, 19482 integer (19481 binary)
Coefficient statistics:
  Matrix range     [1e-01, 1e+03]
  Objective range  [8e-03, 2e+05]
  Bounds range     [1e+00, 1e+00]
  RHS range        [1e+00, 1e+04]
Presolve removed 23088 rows and 28784 columns
Presolve time: 0.37s
Presolved: 1243 rows, 9023 columns, 27354 nonzeros
Variable types: 245 continuous, 8778 integer (8777 binary)
Root relaxation presolved: 1243 rows, 9023 columns, 27354 nonzeros


Use crossover to convert LP symmetric solution to basic solution...

Root relaxation: objective 1.872949e+05, 3466 iterations, 0.14 seconds (0.06 work units)

    Nodes    |    Current Node    |     Objective Bounds      |     Work
 Expl Unexpl |  Obj  Depth IntInf | Incumbent    BestBd   Gap | It/Node Time

     0     0 187294.872    0  184          - 187294.872      -     -    1s
     0     0 208605.596    0  164          - 208605.596      -     -    1s
H    0     0                    417623.13903 208605.596  50.0%     -    1s
H    0     0                    414840.00393 208605.596  49.7%     -    1s
H    0     0                    412139.99942 208605.596  49.4%     -    1s
     0     0 227627.318    0  104 412139.999 227627.318  44.8%     -    3s
H    0     0                    249494.63987 227627.318  8.76%     -    3s
H    0     0                    238027.05927 227627.318  4.37%     -    3s
H    0     0                    235373.22869 227627.318  3.29%     -    3s
H    0     0                    235357.73440 227627.318  3.28%     -    3s
H    0     0                    235097.33087 227627.318  3.18%     -    3s
H    0     0                    235072.90829 227627.318  3.17%     -    3s
H    0     0                    234858.00461 227627.318  3.08%     -    3s
H    0     0                    234283.72399 227627.318  2.84%     -    3s
     0     0 227627.318    0  104 234283.724 227627.318  2.84%     -    3s
H    0     0                    232882.31898 227627.337  2.26%     -    4s
     0     0 227627.337    0   90 232882.319 227627.337  2.26%     -    5s
H    0     0                    231796.58939 227627.337  1.80%     -    5s
     0     0 227627.337    0  108 231796.589 227627.337  1.80%     -    5s
     0     0 227627.337    0  138 231796.589 227627.337  1.80%     -    7s
     0     0 227627.337    0  156 231796.589 227627.337  1.80%     -    8s
H    0     0                    231501.94727 227627.337  1.67%     -    9s
H    0     0                    231306.05049 227627.337  1.59%     -    9s
H    0     0                    231301.00450 227627.337  1.59%     -    9s
     0     0 227627.337    0  124 231301.004 227627.337  1.59%     -   10s
     0     0 227627.337    0  124 231301.004 227627.337  1.59%     -   11s
H    0     0                    229673.90413 227627.337  0.89%     -   11s

Cutting planes:
  Gomory: 8
  Lift-and-project: 2
  Cover: 12
  Implied bound: 13
  Clique: 1
  MIR: 6
  Flow cover: 26
  Zero half: 9
  RLT: 2
  Relax-and-lift: 10

Explored 1 nodes (24109 simplex iterations) in 11.62 seconds (5.00 work units)
Thread count was 5 (of 32 available processors)

Solution count 10: 229674 231301 231306 ... 235097

Optimal solution found (tolerance 1.00e-02)
Best objective 2.296739041319e+05, best bound 2.276273370360e+05, gap 0.8911%
