
Gurobi 12.0.0 (win64) logging started Mon Sep  7 03:45:51 2026

Set parameter LogFile to value "C:\Users\TECNO-MASTER\Desktop\Elmo_infrastructure_sizing_NP-\output\DCH_septiembre\Bateria_353\Costo_variable\Ventana_restringida\Carga_on_board_variable_3estaciones_P640kW_Descomp/station_3_d91\gurobi.log"
Set parameter Threads to value 1
Set parameter Heuristics to value 0.5
Set parameter MIPFocus to value 3
Set parameter Presolve to value 2
Set parameter FlowCoverCuts to value 2
Set parameter TimeLimit to value 1200
Gurobi Optimizer version 12.0.0 build v12.0.0rc1 (win64 - Windows 11+.0 (26200.2))

CPU model: Intel(R) Core(TM) i9-14900K, instruction set [SSE2|AVX|AVX2]
Thread count: 24 physical cores, 32 logical processors, using up to 1 threads

Non-default parameters:
TimeLimit  1200
MIPGap  0.05
Heuristics  0.5
MIPFocus  3
FlowCoverCuts  2
Presolve  2
Threads  1

Optimize a model with 23314 rows, 37249 columns and 110330 nonzeros
Model fingerprint: 0xb6689420
Variable types: 17323 continuous, 19926 integer (19925 binary)
Coefficient statistics:
  Matrix range     [1e-01, 6e+02]
  Objective range  [1e-02, 1e+02]
  Bounds range     [1e+00, 1e+00]
  RHS range        [1e+00, 1e+04]
Presolve removed 22249 rows and 28482 columns
Presolve time: 0.20s
Presolved: 1065 rows, 8767 columns, 26331 nonzeros
Variable types: 233 continuous, 8534 integer (8534 binary)
Root relaxation presolved: 1065 rows, 8767 columns, 26331 nonzeros


Use crossover to convert LP symmetric solution to basic solution...

Root relaxation: objective 1.639460e+05, 3076 iterations, 0.05 seconds (0.04 work units)

    Nodes    |    Current Node    |     Objective Bounds      |     Work
 Expl Unexpl |  Obj  Depth IntInf | Incumbent    BestBd   Gap | It/Node Time

     0     0 163945.976    0   37          - 163945.976      -     -    0s
H    0     0                    179934.19558 163945.976  8.89%     -    0s
H    0     0                    178274.87838 163945.976  8.04%     -    0s
H    0     0                    178251.22850 163945.976  8.03%     -    0s
     0     0 164147.415    0   26 178251.229 164147.415  7.91%     -    1s
H    0     0                    178244.90972 164147.415  7.91%     -    1s
     0     0 164147.415    0   49 178244.910 164147.415  7.91%     -    1s
     0     0 164147.415    0   55 178244.910 164147.415  7.91%     -    2s
     0     0 164147.415    0   55 178244.910 164147.415  7.91%     -    2s
H    0     0                    178111.02386 164147.415  7.84%     -    2s
H    0     0                    176912.82032 164147.415  7.22%     -    2s
H    0     0                    172758.71030 164147.415  4.98%     -    2s
     0     2 164147.415    0   52 172758.710 164147.415  4.98%     -    2s

Cutting planes:
  Gomory: 8
  Cover: 7
  Implied bound: 7
  Clique: 7
  MIR: 6
  Flow cover: 12
  RLT: 3
  Relax-and-lift: 18
  PSD: 3

Explored 1 nodes (11658 simplex iterations) in 2.56 seconds (1.99 work units)
Thread count was 1 (of 32 available processors)

Solution count 7: 172759 176913 178111 ... 179934

Optimal solution found (tolerance 5.00e-02)
Best objective 1.727587102956e+05, best bound 1.641474146636e+05, gap 4.9846%
