
Gurobi 12.0.3 (win64) logging started Tue Jun 30 14:57:39 2026

Set parameter LogFile to value "output/DCH_taller_julio/Costo_variable/Carga_on_board_640kW_Descomp/station_3_d1\gurobi.log"
Set parameter Threads to value 5
Set parameter Heuristics to value 0.5
Set parameter MIPFocus to value 3
Set parameter Presolve to value 2
Set parameter FlowCoverCuts to value 2
Set parameter TimeLimit to value 172800
Gurobi Optimizer version 12.0.3 build v12.0.3rc0 (win64 - Windows 11+.0 (26200.2))

CPU model: Intel(R) Core(TM) i9-14900K, instruction set [SSE2|AVX|AVX2]
Thread count: 24 physical cores, 32 logical processors, using up to 5 threads

Non-default parameters:
TimeLimit  172800
MIPGap  0.01
Heuristics  0.5
MIPFocus  3
FlowCoverCuts  2
Presolve  2
Threads  5

Optimize a model with 22763 rows, 35809 columns and 109840 nonzeros
Model fingerprint: 0x7d0047f2
Variable types: 17323 continuous, 18486 integer (18485 binary)
Coefficient statistics:
  Matrix range     [1e-01, 6e+02]
  Objective range  [1e-02, 1e+02]
  Bounds range     [1e+00, 1e+00]
  RHS range        [1e+00, 1e+04]
Presolve removed 20367 rows and 25839 columns
Presolve time: 0.15s
Presolved: 2396 rows, 9970 columns, 30322 nonzeros
Variable types: 820 continuous, 9150 integer (9150 binary)
Root relaxation presolved: 2396 rows, 9970 columns, 30322 nonzeros


Root relaxation: objective 1.666302e+05, 4138 iterations, 0.19 seconds (0.23 work units)

    Nodes    |    Current Node    |     Objective Bounds      |     Work
 Expl Unexpl |  Obj  Depth IntInf | Incumbent    BestBd   Gap | It/Node Time

     0     0 166630.228    0  378          - 166630.228      -     -    0s
H    0     0                    173690.68737 166630.228  4.06%     -    0s
H    0     0                    173533.53298 166630.228  3.98%     -    0s
H    0     0                    171898.25122 166630.228  3.06%     -    0s
H    0     0                    171849.24844 166630.228  3.04%     -    0s
H    0     0                    171751.25270 166630.228  2.98%     -    0s
H    0     0                    169972.13197 166630.228  1.97%     -    0s
H    0     0                    169786.90485 166630.228  1.86%     -    0s
H    0     0                    169194.98044 166630.228  1.52%     -    0s
H    0     0                    169011.36350 166630.228  1.41%     -    0s
H    0     0                    168862.01446 166819.609  1.21%     -    1s
     0     0 166819.609    0  354 168862.014 166819.609  1.21%     -    1s
H    0     0                    168787.01857 166819.609  1.17%     -    1s
H    0     0                    168786.52204 166819.609  1.17%     -    1s
H    0     0                    168783.59788 166819.609  1.16%     -    1s
H    0     0                    168771.32517 166819.609  1.16%     -    1s
H    0     0                    168764.77120 166819.609  1.15%     -    1s
H    0     0                    168755.29001 166819.609  1.15%     -    1s
H    0     0                    168732.43028 166823.972  1.13%     -    1s
     0     0 166823.972    0  372 168732.430 166823.972  1.13%     -    1s
H    0     0                    168670.74621 166825.376  1.09%     -    1s
H    0     0                    168573.92865 166825.376  1.04%     -    1s
     0     0 166825.376    0  385 168573.929 166825.376  1.04%     -    1s
     0     0 166825.376    0  386 168573.929 166825.376  1.04%     -    2s
     0     0          -    0      168573.929 166888.404  1.00%     -    2s

Cutting planes:
  Gomory: 61
  Lift-and-project: 7
  Cover: 26
  Implied bound: 40
  Clique: 17
  MIR: 96
  Mixing: 23
  Flow cover: 222
  Zero half: 31
  RLT: 27
  Relax-and-lift: 60
  BQP: 8
  PSD: 19

Explored 1 nodes (9800 simplex iterations) in 2.26 seconds (1.95 work units)
Thread count was 5 (of 32 available processors)

Solution count 10: 168574 168671 168732 ... 168862

Optimal solution found (tolerance 1.00e-02)
Best objective 1.685739286508e+05, best bound 1.668884044630e+05, gap 0.9999%
