
Gurobi 12.0.0 (win64) logging started Mon Sep  7 03:56:26 2026

Set parameter LogFile to value "C:\Users\TECNO-MASTER\Desktop\Elmo_infrastructure_sizing_NP-\output\DCH_septiembre\Bateria_482\Costo_variable\Carga_libre\Carga_on_board_variable_3estaciones_P160kW_Descomp/station_3_d152_stage1\gurobi.log"
Set parameter Threads to value 1
Set parameter Heuristics to value 0.5
Set parameter MIPFocus to value 3
Set parameter Presolve to value 2
Set parameter FlowCoverCuts to value 2
Set parameter TimeLimit to value 1200
Gurobi Optimizer version 12.0.0 build v12.0.0rc1 (win64 - Windows 11+.0 (26200.2))

CPU model: Intel(R) Core(TM) i9-14900K, instruction set [SSE2|AVX|AVX2]
Thread count: 24 physical cores, 32 logical processors, using up to 1 threads

Non-default parameters:
TimeLimit  1200
MIPGap  0.05
Heuristics  0.5
MIPFocus  3
FlowCoverCuts  2
Presolve  2
Threads  1

Optimize a model with 22770 rows, 37249 columns and 110688 nonzeros
Model fingerprint: 0x0cdcf724
Variable types: 17323 continuous, 19926 integer (19925 binary)
Coefficient statistics:
  Matrix range     [1e-01, 2e+02]
  Objective range  [1e-02, 6e+04]
  Bounds range     [1e+00, 1e+00]
  RHS range        [1e+00, 1e+04]
Presolve removed 19951 rows and 26952 columns
Presolve time: 0.23s
Presolved: 2819 rows, 10297 columns, 31529 nonzeros
Variable types: 841 continuous, 9456 integer (9455 binary)
Root relaxation presolved: 2819 rows, 10297 columns, 31529 nonzeros


Root relaxation: objective 1.376617e+05, 7090 iterations, 0.93 seconds (1.13 work units)

    Nodes    |    Current Node    |     Objective Bounds      |     Work
 Expl Unexpl |  Obj  Depth IntInf | Incumbent    BestBd   Gap | It/Node Time

     0     0 147489.392    0  275          - 147489.392      -     -    3s
     0     0 150733.102    0  298          - 150733.102      -     -    4s
     0     0 152132.834    0  337          - 152132.834      -     -    4s
     0     0 152566.609    0  285          - 152566.609      -     -    6s
     0     0 152567.580    0  305          - 152567.580      -     -    6s
     0     0 152671.579    0  292          - 152671.579      -     -    7s
     0     0 152671.579    0  308          - 152671.579      -     -    8s
     0     0 152703.296    0  292          - 152703.296      -     -    9s
     0     0 152703.296    0  292          - 152703.296      -     -   10s
H    0     0                    186861.15589 152703.296  18.3%     -   10s
H    0     0                    183720.06697 152703.296  16.9%     -   10s
H    0     0                    183511.65359 152703.296  16.8%     -   10s
H    0     0                    182182.82434 152703.296  16.2%     -   10s
H    0     0                    182092.24244 152703.296  16.1%     -   10s
H    0     0                    181584.54525 152703.296  15.9%     -   10s
H    0     0                    181176.45657 152703.296  15.7%     -   10s
H    0     0                    180684.59099 152703.296  15.5%     -   10s
H    0     0                    171737.30921 152703.296  11.1%     -   11s
H    0     0                    170556.34163 152703.296  10.5%     -   11s
H    0     0                    170538.45600 152703.296  10.5%     -   11s
     0     2 152825.312    0  273 170538.456 152825.312  10.4%     -   11s
H    9     7                    169148.30213 161962.098  4.25%   480   12s

Cutting planes:
  Gomory: 13
  Cover: 32
  Implied bound: 6
  Clique: 12
  MIR: 8
  Flow cover: 12
  Zero half: 155
  RLT: 6
  Relax-and-lift: 35

Explored 10 nodes (40972 simplex iterations) in 12.60 seconds (12.54 work units)
Thread count was 1 (of 32 available processors)

Solution count 10: 169148 170538 170556 ... 183512

Optimal solution found (tolerance 5.00e-02)
Best objective 1.691483021284e+05, best bound 1.619620976647e+05, gap 4.2485%
