
Gurobi 12.0.3 (win64) logging started Mon Sep  7 19:28:41 2026

Set parameter LogFile to value "C:\Users\TECNO-MASTER\Desktop\Elmo_infrastructure_sizing_NP-\output\DCH_septiembre\Bateria_353\Costo_variable\Ventana_restringida\Carga_on_board_variable_3estaciones_P640kW_Descomp/station_2_d32\gurobi.log"
Set parameter Threads to value 1
Set parameter Heuristics to value 0.5
Set parameter MIPFocus to value 3
Set parameter Presolve to value 2
Set parameter FlowCoverCuts to value 2
Set parameter TimeLimit to value 1200
Gurobi Optimizer version 12.0.3 build v12.0.3rc0 (win64 - Windows 11+.0 (26200.2))

CPU model: Intel(R) Core(TM) i9-14900K, instruction set [SSE2|AVX|AVX2]
Thread count: 24 physical cores, 32 logical processors, using up to 1 threads

Non-default parameters:
TimeLimit  1200
MIPGap  0.05
Heuristics  0.5
MIPFocus  3
FlowCoverCuts  2
Presolve  2
Threads  1

Optimize a model with 24286 rows, 39247 columns and 116292 nonzeros
Model fingerprint: 0xda0371a3
Variable types: 18325 continuous, 20922 integer (20921 binary)
Coefficient statistics:
  Matrix range     [1e-01, 6e+02]
  Objective range  [3e-03, 1e+02]
  Bounds range     [1e+00, 1e+00]
  RHS range        [1e+00, 1e+04]
Presolve removed 23215 rows and 29963 columns
Presolve time: 0.20s
Presolved: 1071 rows, 9284 columns, 27924 nonzeros
Variable types: 232 continuous, 9052 integer (9052 binary)
Root relaxation presolved: 1071 rows, 9284 columns, 27924 nonzeros


Use crossover to convert LP symmetric solution to basic solution...

Root relaxation: objective 1.579255e+05, 3155 iterations, 0.08 seconds (0.04 work units)

    Nodes    |    Current Node    |     Objective Bounds      |     Work
 Expl Unexpl |  Obj  Depth IntInf | Incumbent    BestBd   Gap | It/Node Time

     0     0 157925.511    0   22          - 157925.511      -     -    0s
H    0     0                    157991.61135 157925.511  0.04%     -    0s

Explored 1 nodes (4472 simplex iterations) in 0.65 seconds (0.43 work units)
Thread count was 1 (of 32 available processors)

Solution count 1: 157992 

Optimal solution found (tolerance 5.00e-02)
Best objective 1.579916113493e+05, best bound 1.579255105808e+05, gap 0.0418%
