
Gurobi 12.0.3 (win64) logging started Tue Jul  7 17:46:32 2026

Set parameter LogFile to value "output/DCH_taller_julio/Costo_variable/Ventana_restringida/Carga_on_board_640kW_Descomp_ventana_carga/station_2_d1_stage1\gurobi.log"
Set parameter Threads to value 5
Set parameter Heuristics to value 0.5
Set parameter MIPFocus to value 3
Set parameter Presolve to value 2
Set parameter FlowCoverCuts to value 2
Set parameter TimeLimit to value 172800
Gurobi Optimizer version 12.0.3 build v12.0.3rc0 (win64 - Windows 11+.0 (26200.2))

CPU model: Intel(R) Core(TM) i9-14900K, instruction set [SSE2|AVX|AVX2]
Thread count: 24 physical cores, 32 logical processors, using up to 5 threads

Non-default parameters:
TimeLimit  172800
MIPGap  0.01
Heuristics  0.5
MIPFocus  3
FlowCoverCuts  2
Presolve  2
Threads  5

Optimize a model with 24301 rows, 37807 columns and 117308 nonzeros
Model fingerprint: 0x55a89bc9
Variable types: 18325 continuous, 19482 integer (19481 binary)
Coefficient statistics:
  Matrix range     [1e-01, 6e+02]
  Objective range  [1e-02, 1e+05]
  Bounds range     [1e+00, 1e+00]
  RHS range        [1e+00, 1e+04]
Presolve removed 23058 rows and 28785 columns
Presolve time: 0.38s
Presolved: 1243 rows, 9022 columns, 27354 nonzeros
Variable types: 244 continuous, 8778 integer (8777 binary)
Root relaxation presolved: 1243 rows, 9022 columns, 27354 nonzeros


Use crossover to convert LP symmetric solution to basic solution...

Root relaxation: objective 1.438102e+05, 3433 iterations, 0.14 seconds (0.07 work units)

    Nodes    |    Current Node    |     Objective Bounds      |     Work
 Expl Unexpl |  Obj  Depth IntInf | Incumbent    BestBd   Gap | It/Node Time

     0     0 176644.818    0   98          - 176644.818      -     -    1s
H    0     0                    304438.25719 176644.818  42.0%     -    1s
H    0     0                    303414.02925 176644.818  41.8%     -    1s
H    0     0                    303289.99067 176644.818  41.8%     -    1s
H    0     0                    303281.96474 176644.818  41.8%     -    1s
H    0     0                    303265.00335 176644.818  41.8%     -    1s
H    0     0                    303229.02555 176644.818  41.7%     -    1s
H    0     0                    303082.59804 176695.638  41.7%     -    2s
H    0     0                    303018.96044 176695.638  41.7%     -    2s
H    0     0                    302783.81344 176695.638  41.6%     -    2s
H    0     0                    302742.95882 176695.638  41.6%     -    2s
H    0     0                    302726.93041 176695.638  41.6%     -    2s
     0     0 176695.638    0  108 302726.930 176695.638  41.6%     -    2s
H    0     0                    302643.72113 176695.638  41.6%     -    2s
H    0     0                    302264.67727 176695.638  41.5%     -    3s
H    0     0                    302228.34914 176695.638  41.5%     -    3s
H    0     0                    302168.38619 176695.638  41.5%     -    3s
H    0     0                    302150.48231 176695.638  41.5%     -    3s
H    0     0                    302138.88711 176696.931  41.5%     -    3s
H    0     0                    302117.29610 176696.931  41.5%     -    3s
H    0     0                    302093.79158 176696.931  41.5%     -    3s
H    0     0                    302093.48725 176696.931  41.5%     -    3s
H    0     0                    302082.52458 176696.931  41.5%     -    3s
     0     0 176697.225    0  117 302082.525 176697.225  41.5%     -    3s
H    0     0                    302080.40261 176697.225  41.5%     -    3s
H    0     0                    302074.76162 176697.225  41.5%     -    3s
H    0     0                    176759.27177 176697.225  0.04%     -    4s
H    0     0                    176758.39418 176697.225  0.03%     -    4s
H    0     0                    176755.48375 176697.225  0.03%     -    4s
H    0     0                    176755.36429 176697.225  0.03%     -    4s
H    0     0                    176752.19366 176697.225  0.03%     -    4s
H    0     0                    176713.76738 176697.225  0.01%     -    4s
     0     0 176697.225    0   91 176713.767 176697.225  0.01%     -    5s

Cutting planes:
  Gomory: 30
  Lift-and-project: 25
  Cover: 9
  Projected implied bound: 1
  MIR: 44
  Flow cover: 44
  Zero half: 12
  RLT: 1
  Relax-and-lift: 11

Explored 1 nodes (14405 simplex iterations) in 5.03 seconds (1.88 work units)
Thread count was 5 (of 32 available processors)

Solution count 10: 176714 176752 176755 ... 302093

Optimal solution found (tolerance 1.00e-02)
Best objective 1.767137673849e+05, best bound 1.766972247129e+05, gap 0.0094%
