
Gurobi 12.0.3 (win64) logging started Tue Jun 30 14:29:59 2026

Set parameter LogFile to value "output/DCH_taller_julio/Costo_variable/Carga_on_board_320kW_Descomp/station_1_d152_stage1\gurobi.log"
Set parameter Threads to value 5
Set parameter Heuristics to value 0.5
Set parameter MIPFocus to value 3
Set parameter Presolve to value 2
Set parameter FlowCoverCuts to value 2
Set parameter TimeLimit to value 172800
Gurobi Optimizer version 12.0.3 build v12.0.3rc0 (win64 - Windows 11+.0 (26200.2))

CPU model: Intel(R) Core(TM) i9-14900K, instruction set [SSE2|AVX|AVX2]
Thread count: 24 physical cores, 32 logical processors, using up to 5 threads

Non-default parameters:
TimeLimit  172800
MIPGap  0.01
Heuristics  0.5
MIPFocus  3
FlowCoverCuts  2
Presolve  2
Threads  5

Optimize a model with 22793 rows, 35809 columns and 110802 nonzeros
Model fingerprint: 0x0bcb4661
Variable types: 17323 continuous, 18486 integer (18485 binary)
Coefficient statistics:
  Matrix range     [1e-01, 3e+02]
  Objective range  [1e-02, 9e+04]
  Bounds range     [1e+00, 1e+00]
  RHS range        [1e+00, 1e+04]
Presolve removed 20029 rows and 25836 columns
Presolve time: 0.10s
Presolved: 2764 rows, 9973 columns, 30553 nonzeros
Variable types: 821 continuous, 9152 integer (9151 binary)
Root relaxation presolved: 2764 rows, 9973 columns, 30553 nonzeros


Root relaxation: objective 9.764062e+04, 5676 iterations, 0.35 seconds (0.65 work units)

    Nodes    |    Current Node    |     Objective Bounds      |     Work
 Expl Unexpl |  Obj  Depth IntInf | Incumbent    BestBd   Gap | It/Node Time

     0     0 97640.6242    0  480          - 97640.6242      -     -    1s
H    0     0                    370029.72152 98514.8570  73.4%     -    1s
     0     0 110105.581    0  495 370029.722 110105.581  70.2%     -    3s
     0     0 130091.196    0  489 370029.722 130091.196  64.8%     -    3s
     0     0 130091.196    0  487 370029.722 130091.196  64.8%     -    3s
H    0     0                    130365.49574 130091.196  0.21%     -    4s
H    0     0                    130129.84652 130091.196  0.03%     -    4s
H    0     0                    130108.54498 130091.196  0.01%     -    4s
H    0     0                    130105.90841 130091.196  0.01%     -    4s
     0     0 130091.196    0  542 130105.908 130091.196  0.01%     -    4s

Cutting planes:
  Gomory: 4
  Lift-and-project: 4
  Cover: 1
  Implied bound: 9
  Projected implied bound: 2
  MIR: 1
  Mixing: 2
  Flow cover: 8
  Zero half: 90
  RLT: 1

Explored 1 nodes (29574 simplex iterations) in 4.67 seconds (6.85 work units)
Thread count was 5 (of 32 available processors)

Solution count 5: 130106 130109 130130 ... 370030

Optimal solution found (tolerance 1.00e-02)
Best objective 1.301059084080e+05, best bound 1.300911958367e+05, gap 0.0113%
