
Gurobi 12.0.0 (win64) logging started Mon Sep  7 03:42:07 2026

Set parameter LogFile to value "C:\Users\TECNO-MASTER\Desktop\Elmo_infrastructure_sizing_NP-\output\DCH_septiembre\Bateria_353\Costo_variable\Carga_libre\Carga_on_board_variable_3estaciones_P160kW_Descomp/station_1_d1\gurobi.log"
Set parameter Threads to value 1
Set parameter Heuristics to value 0.5
Set parameter MIPFocus to value 3
Set parameter Presolve to value 2
Set parameter FlowCoverCuts to value 2
Set parameter TimeLimit to value 1200
Gurobi Optimizer version 12.0.0 build v12.0.0rc1 (win64 - Windows 11+.0 (26200.2))

CPU model: Intel(R) Core(TM) i9-14900K, instruction set [SSE2|AVX|AVX2]
Thread count: 24 physical cores, 32 logical processors, using up to 1 threads

Non-default parameters:
TimeLimit  1200
MIPGap  0.05
Heuristics  0.5
MIPFocus  3
FlowCoverCuts  2
Presolve  2
Threads  1

Optimize a model with 22740 rows, 37249 columns and 109724 nonzeros
Model fingerprint: 0x83e9cb11
Variable types: 17323 continuous, 19926 integer (19925 binary)
Coefficient statistics:
  Matrix range     [1e-01, 2e+02]
  Objective range  [1e-02, 1e+02]
  Bounds range     [1e+00, 1e+00]
  RHS range        [1e+00, 1e+04]
Presolve removed 20416 rows and 26953 columns
Presolve time: 0.20s
Presolved: 2324 rows, 10296 columns, 30334 nonzeros
Variable types: 840 continuous, 9456 integer (9456 binary)
Root relaxation presolved: 2324 rows, 10296 columns, 30334 nonzeros


Root relaxation: objective 9.911445e+04, 4630 iterations, 0.39 seconds (0.38 work units)

    Nodes    |    Current Node    |     Objective Bounds      |     Work
 Expl Unexpl |  Obj  Depth IntInf | Incumbent    BestBd   Gap | It/Node Time

     0     0 99114.4539    0   89          - 99114.4539      -     -    1s
     0     0 99119.9869    0   33          - 99119.9869      -     -    1s
     0     0 99119.9869    0   43          - 99119.9869      -     -    2s
     0     0 99119.9869    0   40          - 99119.9869      -     -    2s
     0     0 99119.9869    0   35          - 99119.9869      -     -    2s
     0     0 99119.9869    0   26          - 99119.9869      -     -    3s
     0     0 99119.9869    0   16          - 99119.9869      -     -    4s
H    0     0                    99157.130889 99119.9869  0.04%     -    4s

Cutting planes:
  Gomory: 18
  Lift-and-project: 9
  Cover: 10
  Implied bound: 9
  Clique: 16
  MIR: 3
  Flow cover: 3
  Zero half: 40
  RLT: 11
  Relax-and-lift: 29
  PSD: 7

Explored 1 nodes (18049 simplex iterations) in 4.09 seconds (3.59 work units)
Thread count was 1 (of 32 available processors)

Solution count 1: 99157.1 

Optimal solution found (tolerance 5.00e-02)
Best objective 9.915713088857e+04, best bound 9.911998694036e+04, gap 0.0375%
