
Gurobi 12.0.3 (win64) logging started Mon Sep  7 19:23:57 2026

Set parameter LogFile to value "C:\Users\TECNO-MASTER\Desktop\Elmo_infrastructure_sizing_NP-\output\DCH_septiembre\Bateria_353\Costo_variable\Carga_libre\Carga_on_board_variable_3estaciones_P160kW_Descomp/station_3_d32_stage1\gurobi.log"
Set parameter Threads to value 1
Set parameter Heuristics to value 0.5
Set parameter MIPFocus to value 3
Set parameter Presolve to value 2
Set parameter FlowCoverCuts to value 2
Set parameter TimeLimit to value 1200
Gurobi Optimizer version 12.0.3 build v12.0.3rc0 (win64 - Windows 11+.0 (26200.2))

CPU model: Intel(R) Core(TM) i9-14900K, instruction set [SSE2|AVX|AVX2]
Thread count: 24 physical cores, 32 logical processors, using up to 1 threads

Non-default parameters:
TimeLimit  1200
MIPGap  0.05
Heuristics  0.5
MIPFocus  3
FlowCoverCuts  2
Presolve  2
Threads  1

Optimize a model with 22740 rows, 37249 columns and 110628 nonzeros
Model fingerprint: 0x64e98ae9
Variable types: 17323 continuous, 19926 integer (19925 binary)
Coefficient statistics:
  Matrix range     [1e-01, 2e+02]
  Objective range  [3e-03, 6e+04]
  Bounds range     [1e+00, 1e+00]
  RHS range        [1e+00, 1e+04]
Presolve removed 19951 rows and 26953 columns
Presolve time: 0.26s
Presolved: 2789 rows, 10296 columns, 31379 nonzeros
Variable types: 840 continuous, 9456 integer (9455 binary)
Root relaxation presolved: 2789 rows, 10296 columns, 31379 nonzeros


Root relaxation: objective 1.133775e+05, 6922 iterations, 0.96 seconds (1.05 work units)

    Nodes    |    Current Node    |     Objective Bounds      |     Work
 Expl Unexpl |  Obj  Depth IntInf | Incumbent    BestBd   Gap | It/Node Time

     0     0 123205.095    0  292          - 123205.095      -     -    2s
     0     0 156528.225    0  145          - 156528.225      -     -    2s
     0     0 156561.833    0   45          - 156561.833      -     -    3s
     0     0 156561.833    0   54          - 156561.833      -     -    3s
     0     0 156561.833    0   48          - 156561.833      -     -    4s
H    0     0                    156779.14442 156561.833  0.14%     -    4s

Cutting planes:
  Gomory: 17
  Lift-and-project: 11
  Cover: 11
  Implied bound: 1
  Clique: 2
  Flow cover: 2
  Zero half: 20
  RLT: 2
  Relax-and-lift: 11

Explored 1 nodes (25498 simplex iterations) in 4.62 seconds (4.18 work units)
Thread count was 1 (of 32 available processors)

Solution count 1: 156779 

Optimal solution found (tolerance 5.00e-02)
Best objective 1.567791444214e+05, best bound 1.565618332632e+05, gap 0.1386%
