
Gurobi 12.0.3 (win64) logging started Sun Aug 23 02:49:28 2026

Set parameter LogFile to value "C:\Users\TECNO-MASTER\Desktop\Elmo_infrastructure_sizing_NP-\output\DCH_agosto\Costo_variable\Carga_libre\Carga_on_board_variable_3estaciones_P320kW_Descomp/station_3_d152_stage1\gurobi.log"
Set parameter Threads to value 1
Set parameter Heuristics to value 0.5
Set parameter MIPFocus to value 3
Set parameter Presolve to value 2
Set parameter FlowCoverCuts to value 2
Set parameter TimeLimit to value 172800
Gurobi Optimizer version 12.0.3 build v12.0.3rc0 (win64 - Windows 11+.0 (26200.2))

CPU model: Intel(R) Core(TM) i9-14900K, instruction set [SSE2|AVX|AVX2]
Thread count: 24 physical cores, 32 logical processors, using up to 1 threads

Non-default parameters:
TimeLimit  172800
MIPGap  0.01
Heuristics  0.5
MIPFocus  3
FlowCoverCuts  2
Presolve  2
Threads  1

Optimize a model with 22770 rows, 37249 columns and 110688 nonzeros
Model fingerprint: 0xe74f6db4
Variable types: 17323 continuous, 19926 integer (19925 binary)
Coefficient statistics:
  Matrix range     [1e-01, 3e+02]
  Objective range  [1e-02, 9e+04]
  Bounds range     [1e+00, 3e+00]
  RHS range        [1e+00, 1e+04]
Presolve removed 19951 rows and 26955 columns
Presolve time: 0.61s
Presolved: 2819 rows, 10294 columns, 31777 nonzeros
Variable types: 841 continuous, 9453 integer (9361 binary)
Root relaxation presolved: 2819 rows, 10294 columns, 31777 nonzeros


Root relaxation: objective 7.619710e+04, 5257 iterations, 0.65 seconds (0.65 work units)

    Nodes    |    Current Node    |     Objective Bounds      |     Work
 Expl Unexpl |  Obj  Depth IntInf | Incumbent    BestBd   Gap | It/Node Time

     0     0 76197.1017    0  422          - 76197.1017      -     -    2s
     0     0 77149.6200    0  450          - 77149.6200      -     -    5s
     0     0 84801.2710    0  490          - 84801.2710      -     -    5s
     0     0 84801.2710    0  490          - 84801.2710      -     -    5s
     0     0 84801.2710    0  451          - 84801.2710      -     -    7s
     0     0 84801.2710    0  530          - 84801.2710      -     -    8s
     0     0 84801.2710    0  547          - 84801.2710      -     -    8s
     0     0 84801.2710    0  466          - 84801.2710      -     -   11s
     0     0 84801.2710    0  450          - 84801.2710      -     -   12s
     0     0 84801.2710    0  450          - 84801.2710      -     -   12s
     0     0 125816.305    0  164          - 125816.305      -     -   16s
H    0     0                    152495.57857 125816.305  17.5%     -   16s
H    0     0                    152268.09882 125816.305  17.4%     -   16s
H    0     0                    125956.03888 125816.305  0.11%     -   16s

Cutting planes:
  Gomory: 11
  Cover: 2
  MIR: 1
  StrongCG: 1
  Flow cover: 1
  Zero half: 1
  Relax-and-lift: 1

Explored 1 nodes (45899 simplex iterations) in 16.71 seconds (12.51 work units)
Thread count was 1 (of 32 available processors)

Solution count 3: 125956 152268 152496 

Optimal solution found (tolerance 1.00e-02)
Best objective 1.259560388751e+05, best bound 1.258163052102e+05, gap 0.1109%
