
Gurobi 12.0.3 (win64) logging started Tue Aug 18 14:00:45 2026

Set parameter LogFile to value "output/Escenarios_Gx_320kW/gurobi.log"
Set parameter Threads to value 32
Set parameter Heuristics to value 0.5
Set parameter MIPFocus to value 3
Set parameter Presolve to value 2
Set parameter FlowCoverCuts to value 2
Set parameter TimeLimit to value 172800
Set parameter NonConvex to value 2
Gurobi Optimizer version 12.0.3 build v12.0.3rc0 (win64 - Windows 11+.0 (26200.2))

CPU model: Intel(R) Core(TM) i9-14900K, instruction set [SSE2|AVX|AVX2]
Thread count: 24 physical cores, 32 logical processors, using up to 32 threads

Non-default parameters:
TimeLimit  172800
MIPGap  0.01
Heuristics  0.5
MIPFocus  3
FlowCoverCuts  2
NonConvex  2
Presolve  2
Threads  32

Optimize a model with 136980 rows, 204875 columns and 971393 nonzeros
Model fingerprint: 0x454590ce
Model has 4 quadratic constraints
Variable types: 98650 continuous, 106225 integer (106215 binary)
Coefficient statistics:
  Matrix range     [2e-02, 1e+03]
  QMatrix range    [1e+00, 1e+00]
  QLMatrix range   [3e-01, 3e-01]
  Objective range  [3e+00, 1e+06]
  Bounds range     [1e+00, 1e+04]
  RHS range        [1e+00, 1e+04]
Presolve removed 119060 rows and 156972 columns
Presolve time: 0.73s
Presolved: 17936 rows, 47904 columns, 292968 nonzeros
Presolved model has 4 bilinear constraint(s)

Solving non-convex MIQCP

Variable types: 4970 continuous, 42934 integer (42929 binary)
Root relaxation presolve removed 624 rows and 1 columns
Root relaxation presolved: 17312 rows, 47903 columns, 291496 nonzeros

Deterministic concurrent LP optimizer: primal and dual simplex
Showing primal log only...

Concurrent spin time: 0.24s (can be avoided by choosing Method=3)

Solved with dual simplex

Root relaxation: objective 1.054977e+06, 23261 iterations, 1.66 seconds (3.69 work units)
Total elapsed time = 5.15s (DegenMoves)

    Nodes    |    Current Node    |     Objective Bounds      |     Work
 Expl Unexpl |  Obj  Depth IntInf | Incumbent    BestBd   Gap | It/Node Time

     0     0 1128927.78    0  356          - 1128927.78      -     -    5s
     0     0 1337478.49    0  359          - 1337478.49      -     -    8s
     0     0 1368386.59    0  467          - 1368386.59      -     -    8s
     0     0 1368386.59    0  271          - 1368386.59      -     -   10s
     0     0 1368386.59    0  276          - 1368386.59      -     -   11s
     0     0 1777324.88    0  276          - 1777324.88      -     -   13s
     0     0 1777324.88    0  296          - 1777324.88      -     -   13s
     0     0 1777324.88    0  258          - 1777324.88      -     -   16s
     0     0 1777324.88    0  260          - 1777324.88      -     -   16s
     0     0 1777324.88    0  245          - 1777324.88      -     -   19s
     0     0 1777324.88    0  238          - 1777324.88      -     -   19s
     0     0 1777324.88    0  188          - 1777324.88      -     -   22s
     0     0 1777324.88    0  196          - 1777324.88      -     -   22s
     0     0 1777324.88    0  199          - 1777324.88      -     -   25s
     0     0 1777324.88    0  202          - 1777324.88      -     -   25s
     0     0 1777324.88    0  127          - 1777324.88      -     -   27s
     0     0 1777324.88    0  127          - 1777324.88      -     -   27s
     0     0 1777324.88    0  118          - 1777324.88      -     -   29s
     0     0 1777324.88    0  117          - 1777324.88      -     -   29s
     0     0 1777324.88    0  155          - 1777324.88      -     -   31s
     0     0 1777324.88    0  132          - 1777324.88      -     -   31s
H    0     0                    5085723.9195 1777324.88  65.1%     -   34s
H    0     0                    4343102.0171 1777324.88  59.1%     -   54s
H    0     0                    4065536.2243 1777324.88  56.3%     -   54s
H    0     0                    3760562.2362 1777324.88  52.7%     -   54s
H    0     0                    3758404.0571 1777324.88  52.7%     -   56s
H    0     2                    3754042.0945 1777324.88  52.7%     -   58s
     0     2 1777324.88    0  132 3754042.09 1777324.88  52.7%     -   58s
    15    26 1777324.88    4  125 3754042.09 1777324.88  52.7%   536   60s
H   44    52                    2848586.4909 1777324.88  37.6%   390   62s
    86   116 1777324.88    7  162 2848586.49 1777324.88  37.6%   334   68s
H  118   162                    2847817.6583 1777324.88  37.6%   290   75s
H  122   162                    1860156.7389 1777324.88  4.45%   281   75s
H  159   162                    1859380.1248 1777324.88  4.41%   218   75s
   164   212 1777324.88    9  106 1859380.12 1777324.88  4.41%   216   89s
H  171   212                    1777691.7155 1777324.88  0.02%   208   89s

Cutting planes:
  Gomory: 27
  Lift-and-project: 10
  Cover: 163
  Clique: 7
  MIR: 214
  Mixing: 8
  Flow cover: 544
  GUB cover: 81
  Zero half: 578
  RLT: 22
  Relax-and-lift: 80

Explored 250 nodes (229846 simplex iterations) in 90.14 seconds (107.11 work units)
Thread count was 32 (of 32 available processors)

Solution count 10: 1.77769e+06 1.85938e+06 1.86016e+06 ... 5.08572e+06

Optimal solution found (tolerance 1.00e-02)
Best objective 1.777691715534e+06, best bound 1.777324881502e+06, gap 0.0206%
