
Gurobi 12.0.0 (win64) logging started Mon Sep  7 03:43:58 2026

Set parameter LogFile to value "C:\Users\TECNO-MASTER\Desktop\Elmo_infrastructure_sizing_NP-\output\DCH_septiembre\Bateria_353\Costo_variable\Carga_libre\Carga_on_board_variable_3estaciones_P320kW_Descomp/station_3_d213_stage1\gurobi.log"
Set parameter Threads to value 1
Set parameter Heuristics to value 0.5
Set parameter MIPFocus to value 3
Set parameter Presolve to value 2
Set parameter FlowCoverCuts to value 2
Set parameter TimeLimit to value 1200
Gurobi Optimizer version 12.0.0 build v12.0.0rc1 (win64 - Windows 11+.0 (26200.2))

CPU model: Intel(R) Core(TM) i9-14900K, instruction set [SSE2|AVX|AVX2]
Thread count: 24 physical cores, 32 logical processors, using up to 1 threads

Non-default parameters:
TimeLimit  1200
MIPGap  0.05
Heuristics  0.5
MIPFocus  3
FlowCoverCuts  2
Presolve  2
Threads  1

Optimize a model with 22770 rows, 37249 columns and 110688 nonzeros
Model fingerprint: 0xe8fc84ce
Variable types: 17323 continuous, 19926 integer (19925 binary)
Coefficient statistics:
  Matrix range     [1e-01, 3e+02]
  Objective range  [8e-03, 8e+04]
  Bounds range     [1e+00, 1e+00]
  RHS range        [1e+00, 1e+04]
Presolve removed 19951 rows and 26952 columns
Presolve time: 0.23s
Presolved: 2819 rows, 10297 columns, 31529 nonzeros
Variable types: 841 continuous, 9456 integer (9455 binary)
Root relaxation presolved: 2819 rows, 10297 columns, 31529 nonzeros


Root relaxation: objective 6.871570e+04, 5159 iterations, 0.63 seconds (0.71 work units)

    Nodes    |    Current Node    |     Objective Bounds      |     Work
 Expl Unexpl |  Obj  Depth IntInf | Incumbent    BestBd   Gap | It/Node Time

     0     0 68715.7024    0  418          - 68715.7024      -     -    2s
     0     0 91819.4033    0  502          - 91819.4033      -     -    4s
     0     0 92988.3397    0  531          - 92988.3397      -     -    6s
     0     0 92988.3397    0  531          - 92988.3397      -     -    7s
H    0     0                    222407.65620 92988.3397  58.2%     -    7s
H    0     0                    222231.96792 92988.3397  58.2%     -    7s
H    0     0                    222202.14202 92988.3397  58.2%     -    7s
H    0     0                    222202.10331 92988.3397  58.2%     -    7s
H    0     0                    222196.13928 92988.3397  58.2%     -    7s
H    0     0                    222185.99033 92988.3397  58.1%     -    7s
H    0     0                    146668.06901 92988.3397  36.6%     -    7s
H    0     0                    117057.12083 92988.3397  20.6%     -    7s
H    0     0                    117056.99979 92988.3397  20.6%     -    7s
H    0     0                    117047.08713 92988.3397  20.6%     -    7s

Cutting planes:
  Gomory: 6
  Cover: 1
  Implied bound: 1
  Projected implied bound: 2
  MIR: 3
  Flow cover: 2
  Zero half: 256

Explored 1 nodes (27147 simplex iterations) in 8.25 seconds (8.94 work units)
Thread count was 1 (of 32 available processors)

Solution count 10: 117047 117057 117057 ... 222408

Optimal solution found (tolerance 5.00e-02)
Best objective 1.170470871315e+05, best bound 1.158537506684e+05, gap 1.0195%
