
Gurobi 12.0.3 (win64) logging started Tue Jul  7 01:08:18 2026

Set parameter LogFile to value "output/DCH_taller_julio/Costo_variable/Ventana_restringida/Carga_on_board_1000kW_Descomp_ventana_carga/station_3_d305_stage1\gurobi.log"
Set parameter Threads to value 5
Set parameter Heuristics to value 0.5
Set parameter MIPFocus to value 3
Set parameter Presolve to value 2
Set parameter FlowCoverCuts to value 2
Set parameter TimeLimit to value 172800
Gurobi Optimizer version 12.0.3 build v12.0.3rc0 (win64 - Windows 11+.0 (26200.2))

CPU model: Intel(R) Core(TM) i9-14900K, instruction set [SSE2|AVX|AVX2]
Thread count: 24 physical cores, 32 logical processors, using up to 5 threads

Non-default parameters:
TimeLimit  172800
MIPGap  0.01
Heuristics  0.5
MIPFocus  3
FlowCoverCuts  2
Presolve  2
Threads  5

Optimize a model with 23299 rows, 35809 columns and 111278 nonzeros
Model fingerprint: 0x474a32a1
Variable types: 17323 continuous, 18486 integer (18485 binary)
Coefficient statistics:
  Matrix range     [1e-01, 1e+03]
  Objective range  [1e-01, 2e+05]
  Bounds range     [1e+00, 1e+00]
  RHS range        [1e+00, 1e+04]
Presolve removed 22062 rows and 27285 columns
Presolve time: 0.12s
Presolved: 1237 rows, 8524 columns, 25866 nonzeros
Variable types: 244 continuous, 8280 integer (8279 binary)
Root relaxation presolved: 1237 rows, 8524 columns, 25866 nonzeros


Use crossover to convert LP symmetric solution to basic solution...

Root relaxation: objective 1.600435e+05, 3150 iterations, 0.05 seconds (0.06 work units)

    Nodes    |    Current Node    |     Objective Bounds      |     Work
 Expl Unexpl |  Obj  Depth IntInf | Incumbent    BestBd   Gap | It/Node Time

     0     0 160043.515    0  158          - 160043.515      -     -    0s
     0     0 297509.745    0  172          - 297509.745      -     -    0s
H    0     0                    487224.48733 297509.745  38.9%     -    0s
H    0     0                    487092.64056 297509.745  38.9%     -    0s
H    0     0                    487057.11035 297509.745  38.9%     -    0s
H    0     0                    487046.67590 297509.745  38.9%     -    0s
H    0     0                    487038.23813 297509.745  38.9%     -    0s
H    0     0                    487037.21619 297509.745  38.9%     -    0s
H    0     0                    355749.11539 355574.487  0.05%     -    1s
H    0     0                    355657.55431 355574.487  0.02%     -    1s
     0     0 355574.487    0  106 355657.554 355574.487  0.02%     -    1s

Cutting planes:
  Gomory: 31
  Cover: 11
  Projected implied bound: 2
  Clique: 2
  MIR: 18
  Flow cover: 47
  Zero half: 31
  RLT: 1
  Relax-and-lift: 18

Explored 1 nodes (15160 simplex iterations) in 1.19 seconds (1.48 work units)
Thread count was 5 (of 32 available processors)

Solution count 8: 355658 355749 487037 ... 487224

Optimal solution found (tolerance 1.00e-02)
Best objective 3.556575543134e+05, best bound 3.555744867106e+05, gap 0.0234%
