
Gurobi 12.0.3 (win64) logging started Sun Aug 23 17:23:30 2026

Set parameter LogFile to value "C:\Users\TECNO-MASTER\Desktop\Elmo_infrastructure_sizing_NP-\output\DCH_agosto\Costo_variable\Carga_libre\Carga_on_board_variable_3estaciones_P1000kW_Descomp/station_2_d91_stage1\gurobi.log"
Set parameter Threads to value 1
Set parameter Heuristics to value 0.5
Set parameter MIPFocus to value 3
Set parameter Presolve to value 2
Set parameter FlowCoverCuts to value 2
Set parameter TimeLimit to value 172800
Gurobi Optimizer version 12.0.3 build v12.0.3rc0 (win64 - Windows 11+.0 (26200.2))

CPU model: Intel(R) Core(TM) i9-14900K, instruction set [SSE2|AVX|AVX2]
Thread count: 24 physical cores, 32 logical processors, using up to 1 threads

Non-default parameters:
TimeLimit  172800
MIPGap  0.01
Heuristics  0.5
MIPFocus  3
FlowCoverCuts  2
Presolve  2
Threads  1

Optimize a model with 23772 rows, 39247 columns and 116710 nonzeros
Model fingerprint: 0x61450b2f
Variable types: 18325 continuous, 20922 integer (20921 binary)
Coefficient statistics:
  Matrix range     [1e-01, 1e+03]
  Objective range  [1e-02, 2e+05]
  Bounds range     [1e+00, 3e+00]
  RHS range        [1e+00, 1e+04]
Presolve removed 20876 rows and 28441 columns
Presolve time: 0.30s
Presolved: 2896 rows, 10806 columns, 34238 nonzeros
Variable types: 841 continuous, 9965 integer (9873 binary)
Root relaxation presolved: 2896 rows, 10806 columns, 34238 nonzeros


Root relaxation: objective 5.034863e+04, 4573 iterations, 0.60 seconds (0.60 work units)

    Nodes    |    Current Node    |     Objective Bounds      |     Work
 Expl Unexpl |  Obj  Depth IntInf | Incumbent    BestBd   Gap | It/Node Time

     0     0 50348.6329    0  384          - 50348.6329      -     -    2s
     0     0 78140.7048    0  265          - 78140.7048      -     -    4s
H    0     0                    525732.61896 81848.9386  84.4%     -    4s
H    0     0                    392297.99300 81848.9386  79.1%     -    4s
H    0     0                    217249.51789 81848.9386  62.3%     -    4s
H    0     0                    216829.97436 81848.9386  62.3%     -    4s
H    0     0                    216144.83776 81848.9386  62.1%     -    4s
     0     0 81848.9386    0  264 216144.838 81848.9386  62.1%     -    4s
     0     0 102707.915    0  435 216144.838 102707.915  52.5%     -    7s
H    0     0                    216104.37912 102707.915  52.5%     -    7s
     0     0 102707.915    0  586 216104.379 102707.915  52.5%     -    8s
     0     0 105199.217    0  389 216104.379 105199.217  51.3%     -   10s
H    0     0                    215807.43108 105199.217  51.3%     -   10s
     0     0 105199.217    0  389 215807.431 105199.217  51.3%     -   10s
     0     0 105261.898    0  372 215807.431 105261.898  51.2%     -   11s
H    0     0                    215731.40504 105261.898  51.2%     -   11s
     0     0 105261.898    0  383 215731.405 105261.898  51.2%     -   11s
     0     0 105422.189    0  326 215731.405 105422.189  51.1%     -   13s
H    0     0                    215652.93905 105422.189  51.1%     -   13s
     0     0 105422.189    0  437 215652.939 105422.189  51.1%     -   13s
     0     0 105830.015    0  399 215652.939 105830.015  50.9%     -   14s
     0     0 106462.040    0  384 215652.939 106462.040  50.6%     -   14s
     0     0 106462.040    0  390 215652.939 106462.040  50.6%     -   14s
     0     0 106462.040    0  353 215652.939 106462.040  50.6%     -   15s
H    0     0                    215630.78624 106462.040  50.6%     -   15s
H    0     0                    215624.76753 106462.040  50.6%     -   15s
H    0     0                    215624.74220 106462.040  50.6%     -   15s
     0     0 106462.040    0  374 215624.742 106462.040  50.6%     -   15s
     0     0 106462.040    0  349 215624.742 106462.040  50.6%     -   17s
H    0     0                    215561.72517 106462.040  50.6%     -   17s
     0     0 106462.040    0  359 215561.725 106462.040  50.6%     -   17s
     0     0 106462.040    0  329 215561.725 106462.040  50.6%     -   18s
     0     0 106462.040    0  381 215561.725 106462.040  50.6%     -   18s
H    0     0                    215552.04521 106462.040  50.6%     -   19s
H    0     0                    215538.40994 106462.040  50.6%     -   19s
H    0     0                    215516.52305 106462.040  50.6%     -   19s
     0     2 125725.982    0  326 215516.523 125725.982  41.7%     -   20s
H    9     7                    215406.04732 211979.031  1.59%  1921   21s
H   26    24                    215401.06376 212031.616  1.56%  1589   23s
H   27    25                    214854.54770 212031.794  1.31%  1578   24s
H   27    25                    214797.90694 212031.794  1.29%  1578   24s
H   27    25                    214053.87893 212031.794  0.94%  1578   24s

Cutting planes:
  Gomory: 2
  Cover: 85
  Implied bound: 383
  Projected implied bound: 9
  Clique: 33
  MIR: 796
  Mixing: 177
  StrongCG: 1
  Flow cover: 1579
  Zero half: 191
  RLT: 10
  Relax-and-lift: 500

Explored 28 nodes (108947 simplex iterations) in 24.19 seconds (32.66 work units)
Thread count was 1 (of 32 available processors)

Solution count 10: 214054 214798 214855 ... 215625

Optimal solution found (tolerance 1.00e-02)
Best objective 2.140538789277e+05, best bound 2.120333366189e+05, gap 0.9439%
