[NestedBenders] presolve de capacidad (peak): meta por anio 1:986  2:4,932  3:9,863  4:14,836  5:18,740  6:21,699  7:24,658  8:24,726  9:24,658  10:24,439  11:18,782  12:13,951  13:9,023  14:4,315
[NestedBenders] presolve de capacidad: anios [8], modulos de 500 kW
[NestedBenders] presolve capacidad  anio 8  suma: sum n_ssee_k >= 2  (dual 2.0000, primal 2.000, 16s)
[NestedBenders] presolve capacidad  anio 8  station_1: n_ssee_k >= 2  (dual 2.0000, primal 2.000, 14s)
[NestedBenders] presolve de capacidad: cotas impuestas al anio 1: station_1: >= 2 (1,000 kW, anio 8)
[NestedBenders] presolve de capacidad: la cota agregada (2) no agrega nada sobre las cotas por nave
[NestedBenders] presolve de capacidad: 30s
[NestedBenders] cota inicial: relajacion lineal del monolitico completo...
[NestedBenders] cota del LP monolitico = 2,600,973.32  (923s)
[NestedBenders] k=1 FORWARD  anio 1 (1/14)  [UB=(sin cota aun)  LB=2,600,973.32]  resolviendo MILP...
[NestedBenders] k=1 FORWARD  anio 2 (2/14)  [UB=(sin cota aun)  LB=2,600,973.32]  resolviendo MILP...
[NestedBenders] k=1 FORWARD  anio 2  AVISO: residuo McCormick = -580.464293 (N_ciclos*b_bar - S/n_elhd) -- revisar sec. 3.4/3.5 del documento si es grande frente a S/n_elhd.
[NestedBenders] k=1 FORWARD  anio 3 (3/14)  [UB=(sin cota aun)  LB=2,600,973.32]  resolviendo MILP...
[NestedBenders] k=1 FORWARD  anio 3  AVISO: residuo McCormick = -1619.662263 (N_ciclos*b_bar - S/n_elhd) -- revisar sec. 3.4/3.5 del documento si es grande frente a S/n_elhd.
[NestedBenders] k=1 FORWARD  anio 4 (4/14)  [UB=(sin cota aun)  LB=2,600,973.32]  resolviendo MILP...
[NestedBenders] k=1 FORWARD  anio 4  AVISO: residuo McCormick = -949.444385 (N_ciclos*b_bar - S/n_elhd) -- revisar sec. 3.4/3.5 del documento si es grande frente a S/n_elhd.
[NestedBenders] k=1 FORWARD  anio 5 (5/14)  [UB=(sin cota aun)  LB=2,600,973.32]  resolviendo MILP...
[NestedBenders] k=1 FORWARD  anio 5  AVISO: residuo McCormick = -1161.153487 (N_ciclos*b_bar - S/n_elhd) -- revisar sec. 3.4/3.5 del documento si es grande frente a S/n_elhd.
[NestedBenders] k=1 FORWARD  anio 6 (6/14)  [UB=(sin cota aun)  LB=2,600,973.32]  resolviendo MILP...
[NestedBenders] k=1 FORWARD  anio 7 (7/14)  [UB=(sin cota aun)  LB=2,600,973.32]  resolviendo MILP...
[NestedBenders] k=1 FORWARD  anio 7  AVISO: residuo McCormick = -4598.287382 (N_ciclos*b_bar - S/n_elhd) -- revisar sec. 3.4/3.5 del documento si es grande frente a S/n_elhd.
[NestedBenders] k=1 FORWARD  anio 8 (8/14)  [UB=(sin cota aun)  LB=2,600,973.32]  resolviendo MILP...
[NestedBenders] k=1 FORWARD  anio 8  AVISO: residuo McCormick = -5527.267526 (N_ciclos*b_bar - S/n_elhd) -- revisar sec. 3.4/3.5 del documento si es grande frente a S/n_elhd.
[NestedBenders] k=1 FORWARD  anio 9 (9/14)  [UB=(sin cota aun)  LB=2,600,973.32]  resolviendo MILP...
[NestedBenders] k=1 FORWARD  anio 9  AVISO: residuo McCormick = -2948.563650 (N_ciclos*b_bar - S/n_elhd) -- revisar sec. 3.4/3.5 del documento si es grande frente a S/n_elhd.
[NestedBenders] k=1 FORWARD  anio 10 (10/14)  [UB=(sin cota aun)  LB=2,600,973.32]  resolviendo MILP...
[NestedBenders] k=1 FORWARD  anio 10  AVISO: residuo McCormick = -879.527771 (N_ciclos*b_bar - S/n_elhd) -- revisar sec. 3.4/3.5 del documento si es grande frente a S/n_elhd.
[NestedBenders] k=1 FORWARD  anio 11 (11/14)  [UB=(sin cota aun)  LB=2,600,973.32]  resolviendo MILP...
[NestedBenders] k=1 FORWARD  anio 11  AVISO: residuo McCormick = -6063.341877 (N_ciclos*b_bar - S/n_elhd) -- revisar sec. 3.4/3.5 del documento si es grande frente a S/n_elhd.
[NestedBenders] k=1 FORWARD  anio 12 (12/14)  [UB=(sin cota aun)  LB=2,600,973.32]  resolviendo MILP...
[NestedBenders] k=1 FORWARD  anio 12  AVISO: residuo McCormick = 3760.402580 (N_ciclos*b_bar - S/n_elhd) -- revisar sec. 3.4/3.5 del documento si es grande frente a S/n_elhd.
[NestedBenders] k=1 FORWARD  anio 13 (13/14)  [UB=(sin cota aun)  LB=2,600,973.32]  resolviendo MILP...
[NestedBenders] k=1 FORWARD  anio 13  AVISO: residuo McCormick = -1257.964463 (N_ciclos*b_bar - S/n_elhd) -- revisar sec. 3.4/3.5 del documento si es grande frente a S/n_elhd.
[NestedBenders] k=1 FORWARD  anio 14 (14/14)  [UB=(sin cota aun)  LB=2,600,973.32]  resolviendo MILP...
[NestedBenders] k=1 FORWARD  anio 14  AVISO: residuo McCormick = -604.351507 (N_ciclos*b_bar - S/n_elhd) -- revisar sec. 3.4/3.5 del documento si es grande frente a S/n_elhd.
[NestedBenders] k=1 BACKWARD anio 14  [UB=7,371,810.83  LB=2,600,973.32]  relajando LP y leyendo duales (corte -> anio 13)...
[NestedBenders] k=1 BACKWARD anio 13  [UB=7,371,810.83  LB=2,600,973.32]  relajando LP y leyendo duales (corte -> anio 12)...
[NestedBenders] k=1 BACKWARD anio 12  [UB=7,371,810.83  LB=2,600,973.32]  relajando LP y leyendo duales (corte -> anio 11)...
[NestedBenders] k=1 BACKWARD anio 11  [UB=7,371,810.83  LB=2,600,973.32]  relajando LP y leyendo duales (corte -> anio 10)...
[NestedBenders] k=1 BACKWARD anio 10  [UB=7,371,810.83  LB=2,600,973.32]  relajando LP y leyendo duales (corte -> anio 9)...
[NestedBenders] k=1 BACKWARD anio 9  [UB=7,371,810.83  LB=2,600,973.32]  relajando LP y leyendo duales (corte -> anio 8)...
[NestedBenders] k=1 BACKWARD anio 8  [UB=7,371,810.83  LB=2,600,973.32]  relajando LP y leyendo duales (corte -> anio 7)...
[NestedBenders] k=1 BACKWARD anio 7  [UB=7,371,810.83  LB=2,600,973.32]  relajando LP y leyendo duales (corte -> anio 6)...
[NestedBenders] k=1 BACKWARD anio 6  [UB=7,371,810.83  LB=2,600,973.32]  relajando LP y leyendo duales (corte -> anio 5)...
[NestedBenders] k=1 BACKWARD anio 5  [UB=7,371,810.83  LB=2,600,973.32]  relajando LP y leyendo duales (corte -> anio 4)...
[NestedBenders] k=1 BACKWARD anio 4  [UB=7,371,810.83  LB=2,600,973.32]  relajando LP y leyendo duales (corte -> anio 3)...
[NestedBenders] k=1 BACKWARD anio 3  [UB=7,371,810.83  LB=2,600,973.32]  relajando LP y leyendo duales (corte -> anio 2)...
[NestedBenders] k=1 BACKWARD anio 2  [UB=7,371,810.83  LB=2,600,973.32]  relajando LP y leyendo duales (corte -> anio 1)...
[NestedBenders] k=1 BACKWARD anio 1  [UB=7,371,810.83  LB=2,600,973.32]  relajando LP (cota inferior LB)...
[NestedBenders] k=1  UB=7371810.8288  LB=2600973.3241  gap=64.7173%  tiempo_iteracion=317.7s
[NestedBenders] k=2 FORWARD  anio 1 (1/14)  [UB=7,371,810.83  LB=2,600,973.32]  resolviendo MILP...
[NestedBenders] k=2 FORWARD  anio 2 (2/14)  [UB=7,371,810.83  LB=2,600,973.32]  resolviendo MILP...
[NestedBenders] k=2 FORWARD  anio 2  AVISO: residuo McCormick = -57.176448 (N_ciclos*b_bar - S/n_elhd) -- revisar sec. 3.4/3.5 del documento si es grande frente a S/n_elhd.
[NestedBenders] k=2 FORWARD  anio 3 (3/14)  [UB=7,371,810.83  LB=2,600,973.32]  resolviendo MILP...
[NestedBenders] k=2 FORWARD  anio 3  AVISO: residuo McCormick = -346.411511 (N_ciclos*b_bar - S/n_elhd) -- revisar sec. 3.4/3.5 del documento si es grande frente a S/n_elhd.
[NestedBenders] k=2 FORWARD  anio 4 (4/14)  [UB=7,371,810.83  LB=2,600,973.32]  resolviendo MILP...
[NestedBenders] k=2 FORWARD  anio 4  AVISO: residuo McCormick = -1040.158806 (N_ciclos*b_bar - S/n_elhd) -- revisar sec. 3.4/3.5 del documento si es grande frente a S/n_elhd.
[NestedBenders] k=2 FORWARD  anio 5 (5/14)  [UB=7,371,810.83  LB=2,600,973.32]  resolviendo MILP...
[NestedBenders] k=2 FORWARD  anio 5  AVISO: residuo McCormick = -1624.434620 (N_ciclos*b_bar - S/n_elhd) -- revisar sec. 3.4/3.5 del documento si es grande frente a S/n_elhd.
[NestedBenders] k=2 FORWARD  anio 6 (6/14)  [UB=7,371,810.83  LB=2,600,973.32]  resolviendo MILP...
[NestedBenders] k=2 FORWARD  anio 6  AVISO: residuo McCormick = -3040.886946 (N_ciclos*b_bar - S/n_elhd) -- revisar sec. 3.4/3.5 del documento si es grande frente a S/n_elhd.
[NestedBenders] k=2 FORWARD  anio 7 (7/14)  [UB=7,371,810.83  LB=2,600,973.32]  resolviendo MILP...
[NestedBenders] k=2 FORWARD  anio 7  AVISO: residuo McCormick = -5884.262552 (N_ciclos*b_bar - S/n_elhd) -- revisar sec. 3.4/3.5 del documento si es grande frente a S/n_elhd.
[NestedBenders] k=2 FORWARD  anio 8 (8/14)  [UB=7,371,810.83  LB=2,600,973.32]  resolviendo MILP...
[NestedBenders] k=2 FORWARD  anio 8  AVISO: residuo McCormick = -3723.659516 (N_ciclos*b_bar - S/n_elhd) -- revisar sec. 3.4/3.5 del documento si es grande frente a S/n_elhd.
[NestedBenders] k=2 FORWARD  anio 9 (9/14)  [UB=7,371,810.83  LB=2,600,973.32]  resolviendo MILP...
[NestedBenders] k=2 FORWARD  anio 9  AVISO: residuo McCormick = -2040.940526 (N_ciclos*b_bar - S/n_elhd) -- revisar sec. 3.4/3.5 del documento si es grande frente a S/n_elhd.
[NestedBenders] k=2 FORWARD  anio 10 (10/14)  [UB=7,371,810.83  LB=2,600,973.32]  resolviendo MILP...
[NestedBenders] k=2 FORWARD  anio 10  AVISO: residuo McCormick = -4638.784718 (N_ciclos*b_bar - S/n_elhd) -- revisar sec. 3.4/3.5 del documento si es grande frente a S/n_elhd.
[NestedBenders] k=2 FORWARD  anio 11 (11/14)  [UB=7,371,810.83  LB=2,600,973.32]  resolviendo MILP...
[NestedBenders] k=2 FORWARD  anio 11  AVISO: residuo McCormick = -5149.957821 (N_ciclos*b_bar - S/n_elhd) -- revisar sec. 3.4/3.5 del documento si es grande frente a S/n_elhd.
[NestedBenders] k=2 FORWARD  anio 12 (12/14)  [UB=7,371,810.83  LB=2,600,973.32]  resolviendo MILP...
[NestedBenders] k=2 FORWARD  anio 12  AVISO: residuo McCormick = -4296.973198 (N_ciclos*b_bar - S/n_elhd) -- revisar sec. 3.4/3.5 del documento si es grande frente a S/n_elhd.
[NestedBenders] k=2 FORWARD  anio 13 (13/14)  [UB=7,371,810.83  LB=2,600,973.32]  resolviendo MILP...
[NestedBenders] k=2 FORWARD  anio 13  AVISO: residuo McCormick = -3044.330281 (N_ciclos*b_bar - S/n_elhd) -- revisar sec. 3.4/3.5 del documento si es grande frente a S/n_elhd.
[NestedBenders] k=2 FORWARD  anio 14 (14/14)  [UB=7,371,810.83  LB=2,600,973.32]  resolviendo MILP...
[NestedBenders] k=2 FORWARD  anio 14  AVISO: residuo McCormick = -1089.769748 (N_ciclos*b_bar - S/n_elhd) -- revisar sec. 3.4/3.5 del documento si es grande frente a S/n_elhd.
[NestedBenders] k=2 BACKWARD anio 14  [UB=3,522,202.71  LB=2,600,973.32]  relajando LP y leyendo duales (corte -> anio 13)...
[NestedBenders] k=2 BACKWARD anio 13  [UB=3,522,202.71  LB=2,600,973.32]  relajando LP y leyendo duales (corte -> anio 12)...
[NestedBenders] k=2 BACKWARD anio 12  [UB=3,522,202.71  LB=2,600,973.32]  relajando LP y leyendo duales (corte -> anio 11)...
[NestedBenders] k=2 BACKWARD anio 11  [UB=3,522,202.71  LB=2,600,973.32]  relajando LP y leyendo duales (corte -> anio 10)...
[NestedBenders] k=2 BACKWARD anio 10  [UB=3,522,202.71  LB=2,600,973.32]  relajando LP y leyendo duales (corte -> anio 9)...
[NestedBenders] k=2 BACKWARD anio 9  [UB=3,522,202.71  LB=2,600,973.32]  relajando LP y leyendo duales (corte -> anio 8)...
[NestedBenders] k=2 BACKWARD anio 8  [UB=3,522,202.71  LB=2,600,973.32]  relajando LP y leyendo duales (corte -> anio 7)...
[NestedBenders] k=2 BACKWARD anio 7  [UB=3,522,202.71  LB=2,600,973.32]  relajando LP y leyendo duales (corte -> anio 6)...
[NestedBenders] k=2 BACKWARD anio 6  [UB=3,522,202.71  LB=2,600,973.32]  relajando LP y leyendo duales (corte -> anio 5)...
[NestedBenders] k=2 BACKWARD anio 5  [UB=3,522,202.71  LB=2,600,973.32]  relajando LP y leyendo duales (corte -> anio 4)...
[NestedBenders] k=2 BACKWARD anio 4  [UB=3,522,202.71  LB=2,600,973.32]  relajando LP y leyendo duales (corte -> anio 3)...
[NestedBenders] k=2 BACKWARD anio 3  [UB=3,522,202.71  LB=2,600,973.32]  relajando LP y leyendo duales (corte -> anio 2)...
[NestedBenders] k=2 BACKWARD anio 2  [UB=3,522,202.71  LB=2,600,973.32]  relajando LP y leyendo duales (corte -> anio 1)...
[NestedBenders] k=2 BACKWARD anio 1  [UB=3,522,202.71  LB=2,600,973.32]  relajando LP (cota inferior LB)...
[NestedBenders] k=2  UB=3522202.7102  LB=2600973.3241  gap=26.1549%  tiempo_iteracion=304.0s
[NestedBenders] k=3 FORWARD  anio 1 (1/14)  [UB=3,522,202.71  LB=2,600,973.32]  resolviendo MILP...
[NestedBenders] k=3 FORWARD  anio 2 (2/14)  [UB=3,522,202.71  LB=2,600,973.32]  resolviendo MILP...
[NestedBenders] k=3 FORWARD  anio 2  AVISO: residuo McCormick = -57.176448 (N_ciclos*b_bar - S/n_elhd) -- revisar sec. 3.4/3.5 del documento si es grande frente a S/n_elhd.
[NestedBenders] k=3 FORWARD  anio 3 (3/14)  [UB=3,522,202.71  LB=2,600,973.32]  resolviendo MILP...
[NestedBenders] k=3 FORWARD  anio 3  AVISO: residuo McCormick = -344.143230 (N_ciclos*b_bar - S/n_elhd) -- revisar sec. 3.4/3.5 del documento si es grande frente a S/n_elhd.
[NestedBenders] k=3 FORWARD  anio 4 (4/14)  [UB=3,522,202.71  LB=2,600,973.32]  resolviendo MILP...
[NestedBenders] k=3 FORWARD  anio 4  AVISO: residuo McCormick = -1038.600041 (N_ciclos*b_bar - S/n_elhd) -- revisar sec. 3.4/3.5 del documento si es grande frente a S/n_elhd.
[NestedBenders] k=3 FORWARD  anio 5 (5/14)  [UB=3,522,202.71  LB=2,600,973.32]  resolviendo MILP...
[NestedBenders] k=3 FORWARD  anio 5  AVISO: residuo McCormick = -1623.933019 (N_ciclos*b_bar - S/n_elhd) -- revisar sec. 3.4/3.5 del documento si es grande frente a S/n_elhd.
[NestedBenders] k=3 FORWARD  anio 6 (6/14)  [UB=3,522,202.71  LB=2,600,973.32]  resolviendo MILP...
[NestedBenders] k=3 FORWARD  anio 6  AVISO: residuo McCormick = -3048.211972 (N_ciclos*b_bar - S/n_elhd) -- revisar sec. 3.4/3.5 del documento si es grande frente a S/n_elhd.
[NestedBenders] k=3 FORWARD  anio 7 (7/14)  [UB=3,522,202.71  LB=2,600,973.32]  resolviendo MILP...
[NestedBenders] k=3 FORWARD  anio 7  AVISO: residuo McCormick = -5765.923181 (N_ciclos*b_bar - S/n_elhd) -- revisar sec. 3.4/3.5 del documento si es grande frente a S/n_elhd.
[NestedBenders] k=3 FORWARD  anio 8 (8/14)  [UB=3,522,202.71  LB=2,600,973.32]  resolviendo MILP...
[NestedBenders] k=3 FORWARD  anio 8  AVISO: residuo McCormick = -3692.665569 (N_ciclos*b_bar - S/n_elhd) -- revisar sec. 3.4/3.5 del documento si es grande frente a S/n_elhd.
[NestedBenders] k=3 FORWARD  anio 9 (9/14)  [UB=3,522,202.71  LB=2,600,973.32]  resolviendo MILP...
[NestedBenders] k=3 FORWARD  anio 9  AVISO: residuo McCormick = -2059.424654 (N_ciclos*b_bar - S/n_elhd) -- revisar sec. 3.4/3.5 del documento si es grande frente a S/n_elhd.
[NestedBenders] k=3 FORWARD  anio 10 (10/14)  [UB=3,522,202.71  LB=2,600,973.32]  resolviendo MILP...
[NestedBenders] k=3 FORWARD  anio 10  AVISO: residuo McCormick = -3535.102474 (N_ciclos*b_bar - S/n_elhd) -- revisar sec. 3.4/3.5 del documento si es grande frente a S/n_elhd.
[NestedBenders] k=3 FORWARD  anio 11 (11/14)  [UB=3,522,202.71  LB=2,600,973.32]  resolviendo MILP...
[NestedBenders] k=3 FORWARD  anio 11  AVISO: residuo McCormick = -2312.080244 (N_ciclos*b_bar - S/n_elhd) -- revisar sec. 3.4/3.5 del documento si es grande frente a S/n_elhd.
[NestedBenders] k=3 FORWARD  anio 12 (12/14)  [UB=3,522,202.71  LB=2,600,973.32]  resolviendo MILP...
[NestedBenders] k=3 FORWARD  anio 12  AVISO: residuo McCormick = -3459.606620 (N_ciclos*b_bar - S/n_elhd) -- revisar sec. 3.4/3.5 del documento si es grande frente a S/n_elhd.
[NestedBenders] k=3 FORWARD  anio 13 (13/14)  [UB=3,522,202.71  LB=2,600,973.32]  resolviendo MILP...
[NestedBenders] k=3 FORWARD  anio 13  AVISO: residuo McCormick = -2245.382398 (N_ciclos*b_bar - S/n_elhd) -- revisar sec. 3.4/3.5 del documento si es grande frente a S/n_elhd.
[NestedBenders] k=3 FORWARD  anio 14 (14/14)  [UB=3,522,202.71  LB=2,600,973.32]  resolviendo MILP...
[NestedBenders] k=3 FORWARD  anio 14  AVISO: residuo McCormick = -604.351507 (N_ciclos*b_bar - S/n_elhd) -- revisar sec. 3.4/3.5 del documento si es grande frente a S/n_elhd.
[NestedBenders] k=3 BACKWARD anio 14  [UB=3,522,202.71  LB=2,600,973.32]  relajando LP y leyendo duales (corte -> anio 13)...
[NestedBenders] k=3 BACKWARD anio 13  [UB=3,522,202.71  LB=2,600,973.32]  relajando LP y leyendo duales (corte -> anio 12)...
[NestedBenders] k=3 BACKWARD anio 12  [UB=3,522,202.71  LB=2,600,973.32]  relajando LP y leyendo duales (corte -> anio 11)...
[NestedBenders] k=3 BACKWARD anio 11  [UB=3,522,202.71  LB=2,600,973.32]  relajando LP y leyendo duales (corte -> anio 10)...
[NestedBenders] k=3 BACKWARD anio 10  [UB=3,522,202.71  LB=2,600,973.32]  relajando LP y leyendo duales (corte -> anio 9)...
[NestedBenders] k=3 BACKWARD anio 9  [UB=3,522,202.71  LB=2,600,973.32]  relajando LP y leyendo duales (corte -> anio 8)...
[NestedBenders] k=3 BACKWARD anio 8  [UB=3,522,202.71  LB=2,600,973.32]  relajando LP y leyendo duales (corte -> anio 7)...
[NestedBenders] k=3 BACKWARD anio 7  [UB=3,522,202.71  LB=2,600,973.32]  relajando LP y leyendo duales (corte -> anio 6)...
[NestedBenders] k=3 BACKWARD anio 6  [UB=3,522,202.71  LB=2,600,973.32]  relajando LP y leyendo duales (corte -> anio 5)...
[NestedBenders] k=3 BACKWARD anio 5  [UB=3,522,202.71  LB=2,600,973.32]  relajando LP y leyendo duales (corte -> anio 4)...
[NestedBenders] k=3 BACKWARD anio 4  [UB=3,522,202.71  LB=2,600,973.32]  relajando LP y leyendo duales (corte -> anio 3)...
[NestedBenders] k=3 BACKWARD anio 3  [UB=3,522,202.71  LB=2,600,973.32]  relajando LP y leyendo duales (corte -> anio 2)...
[NestedBenders] k=3 BACKWARD anio 2  [UB=3,522,202.71  LB=2,600,973.32]  relajando LP y leyendo duales (corte -> anio 1)...
[NestedBenders] k=3 BACKWARD anio 1  [UB=3,522,202.71  LB=2,600,973.32]  relajando LP (cota inferior LB)...
[NestedBenders] k=3  UB=3522202.7102  LB=2600973.3241  gap=26.1549%  tiempo_iteracion=319.2s
[NestedBenders] presolve de capacidad, fuerza de la cota: station_1: cota 2, elegido 2 (ajustada)
[NestedBenders] tiempo total: 1894.5s (3 iteraciones, 0 cortes de factibilidad)
NestedBenders: UB=3522202.7102  LB=2600973.3241  gap=26.1549%  iteraciones=3  tiempo_total=1894.5s
[NestedBenders] reporte: costo recomputado = 3,721,743.62 (comparable 3,522,202.71 contra UB 3,522,202.71, desvio 0.000000)
[NestedBenders] MIP start pulido (LP con enteras fijas, 986,990 fijadas, 92s): costo 3,721,743.62 -> 3,721,743.62
[NestedBenders] residuo del MIP start por familia (max |violacion|, 22s):
    s_def                            2.002e-08  en 12  (0 filas > 1e-6)
    battery_soc                      3.362e-09  en ('LH518B_3', 4, 15, 42.0)  (0 filas > 1e-6)
    mccormick_ub1                    2.910e-10  en 12  (0 filas > 1e-6)
    mccormick_ub2                    5.821e-11  en 10  (0 filas > 1e-6)
    mccormick_lb2                    1.455e-11  en 1  (0 filas > 1e-6)
    power_cost_peak_limit            3.411e-13  en (10, 196, 92.0)  (0 filas > 1e-6)
    battery_upper                    5.684e-14  en ('LH518B_1', 7, 15, 159.0)  (0 filas > 1e-6)
    d_y_fade                         5.684e-14  en 14  (0 filas > 1e-6)
    b_y_link                         5.684e-14  en 14  (0 filas > 1e-6)
    battery_lower                    4.263e-14  en ('LH518B_6', 9, 196, 150.0)  (0 filas > 1e-6)
[NestedBenders] AVISO: 0 filas no evaluadas por variables sin valor; variables sin valor por familia: {'Z': 7760, 'StartAssign': 40320, 'EndAssign': 40320}
[Hibrido] resolviendo el monolitico con la solucion descompuesta como MIP start...
Solving opt model... (Puedes presionar Ctrl+C para detener y guardar la mejor solución actual)
Set parameter OutputFlag to value 1
Set parameter OutputFlag to value 1
Set parameter LogToConsole to value 1
Set parameter MIPGap to value 0.01
Set parameter LogFile to value "output/Resultados_finales_tesis/DET/P_red/241kW_OB/gurobi.log"
Set parameter Threads to value 32
Set parameter Heuristics to value 0.5
Set parameter MIPFocus to value 3
Set parameter Presolve to value 2
Set parameter FlowCoverCuts to value 2
Set parameter TimeLimit to value 43200
Gurobi Optimizer version 13.0.2 build v13.0.2rc1 (linux64 - "Ubuntu 24.04.4 LTS")

CPU model: Intel(R) Xeon(R) Gold 6130 CPU @ 2.10GHz, instruction set [SSE2|AVX|AVX2|AVX512]
Thread count: 32 physical cores, 64 logical processors, using up to 32 threads

Non-default parameters:
TimeLimit  43200
MIPGap  0.01
Heuristics  0.5
MIPFocus  3
FlowCoverCuts  2
Presolve  2
Threads  32

Optimize a model with 1249540 rows, 2029681 columns and 6118660 nonzeros (Min)
Model fingerprint: 0x409aef1f
Model has 5099 linear objective coefficients
Variable types: 954290 continuous, 1075391 integer (1075362 binary)
Coefficient statistics:
  Matrix range     [2e-02, 1e+03]
  Objective range  [6e-01, 1e+06]
  Bounds range     [1e+00, 8e+02]
  RHS range        [1e+00, 4e+05]

User MIP start produced solution with objective 3.72174e+06 (1.59s)
Loaded user MIP start with objective 3.72174e+06
Processed MIP start in 1.75 seconds (0.93 work units)

Presolve removed 1079324 rows and 1507130 columns
Presolve time: 1.80s
Presolved: 170216 rows, 522551 columns, 2178285 nonzeros
Variable types: 38364 continuous, 484187 integer (481380 binary)
Performing another presolve...
Presolve removed 40904 rows and 10643 columns (presolve time = 5s)...
Presolve removed 40988 rows and 10727 columns (presolve time = 10s)...
Presolve removed 40988 rows and 10728 columns (presolve time = 15s)...
Presolve removed 50410 rows and 10728 columns (presolve time = 20s)...
Presolve removed 50410 rows and 10728 columns
Presolve time: 20.76s
Root relaxation presolve removed 11308 rows and 0 columns
Root relaxation presolved: 119250 rows, 511823 columns, 1805575 nonzeros

Deterministic concurrent LP optimizer: primal simplex, dual simplex, and barrier
Showing barrier log only...

Root barrier log...

Ordering time: 0.19s

Barrier statistics:
 Dense cols : 14
 AA' NZ     : 1.432e+06
 Factor NZ  : 2.941e+06 (roughly 300 MB of memory)
 Factor Ops : 1.188e+08 (less than 1 second per iteration)
 Threads    : 30

                  Objective                Residual
Iter       Primal          Dual         Primal    Dual     Compl     Time
   0   1.22054375e+09 -1.91254785e+12  1.66e+06 4.92e+02  1.08e+08    31s
   1   1.03513900e+09 -1.58315203e+12  1.08e+06 4.75e+04  7.01e+07    31s
   2   5.94970946e+08 -1.14579383e+12  6.44e+05 8.22e-07  4.12e+07    31s
   3   2.90464641e+07 -7.61146650e+11  2.09e+04 1.45e-04  1.95e+06    31s
   4   1.61714310e+07 -1.71444310e+11  6.75e+03 9.87e-06  5.12e+05    32s
   5   1.08034409e+07 -7.73648292e+10  1.72e+03 3.39e-06  1.55e+05    32s
   6   1.05531385e+07 -4.61695067e+10  1.58e+03 1.77e-06  1.15e+05    32s
   7   8.98408962e+06 -3.37593484e+10  1.00e+03 1.22e-06  7.47e+04    32s
   8   7.74863570e+06 -2.01251983e+10  5.59e+02 6.63e-07  4.04e+04    32s
   9   7.47250597e+06 -1.68132224e+10  4.72e+02 4.64e-07  3.31e+04    32s
  10   6.88014716e+06 -6.47917052e+09  3.08e+02 2.11e-04  1.47e+04    33s
  11   6.40847630e+06 -4.22832580e+09  1.88e+02 4.54e-05  8.13e+03    33s
  12   5.61162136e+06 -2.18843840e+09  3.05e+01 9.20e-07  2.43e+03    33s
  13   5.59063058e+06 -1.18710394e+09  2.75e+01 8.97e-07  1.31e+03    33s
  14   5.50378913e+06 -8.99124759e+08  1.59e+01 7.63e-07  9.20e+02    33s
  15   5.25801443e+06 -4.93117575e+08  7.51e+00 2.68e-07  4.77e+02    33s
  16   5.13783164e+06 -3.43184898e+08  3.72e+00 1.97e-07  3.24e+02    34s
  17   5.06043316e+06 -3.06836434e+08  2.17e+00 1.78e-07  2.86e+02    34s
  18   5.01950995e+06 -2.16045778e+08  1.83e+00 1.24e-07  2.02e+02    34s
  19   4.97406678e+06 -2.08981431e+08  1.58e+00 1.22e-07  1.95e+02    34s
  20   4.93596965e+06 -1.77018401e+08  1.39e+00 1.09e-07  1.66e+02    34s
  21   4.87956330e+06 -1.46521890e+08  1.20e+00 8.88e-08  1.38e+02    34s
  22   4.84741252e+06 -1.39894876e+08  8.76e-01 8.32e-08  1.31e+02    35s
  23   4.83474808e+06 -8.05578848e+07  2.56e-01 5.02e-08  7.70e+01    35s
  24   4.72430455e+06 -4.81421617e+07  1.61e-01 3.20e-08  4.77e+01    35s
  25   4.71023184e+06 -4.72418084e+07  1.52e-01 3.22e-08  4.68e+01    35s
  26   4.64290776e+06 -4.44837213e+07  1.18e-01 3.06e-08  4.42e+01    35s
  27   4.56845057e+06 -3.28173570e+07  6.60e-02 2.34e-08  3.36e+01    36s
  28   4.51783036e+06 -2.99678695e+07  5.88e-02 2.18e-08  3.10e+01    36s
  29   4.36560571e+06 -2.29363599e+07  3.90e-02 1.73e-08  2.46e+01    36s
  30   4.21583980e+06 -2.13691806e+07  3.06e-02 1.65e-08  2.30e+01    36s
  31   3.92029721e+06 -1.82865918e+07  2.32e-02 1.46e-08  2.00e+01    37s
  32   3.89711665e+06 -1.37321046e+07  2.27e-02 1.16e-08  1.59e+01    37s
  33   3.83462890e+06 -1.11534855e+07  2.13e-02 1.08e-08  1.35e+01    37s
  34   3.77421930e+06 -1.04261509e+07  1.96e-02 1.08e-08  1.28e+01    37s
  35   3.63505970e+06 -5.83243856e+06  1.38e-02 9.95e-09  8.52e+00    38s
  36   3.56598705e+06 -4.19988413e+06  1.15e-02 1.00e-08  6.99e+00    38s
  37   3.50813145e+06 -3.29220918e+06  1.06e-02 1.06e-08  6.12e+00    38s
  38   3.49350178e+06 -2.47928933e+06  1.02e-02 1.25e-08  5.37e+00    38s
  39   3.48322439e+06 -2.37401694e+06  1.01e-02 1.10e-08  5.27e+00    39s
  40   3.42510632e+06 -1.69713365e+06  9.00e-03 1.09e-08  4.61e+00    39s
  41   3.41627705e+06 -1.60082689e+06  8.70e-03 1.30e-08  4.51e+00    39s
  42   3.34027508e+06 -6.88197514e+05  7.48e-03 1.11e-08  3.62e+00    39s
  43   3.27294084e+06 -4.52460516e+05  6.59e-03 1.10e-08  3.35e+00    40s
  44   3.24033214e+06  9.48291172e+04  5.91e-03 1.08e-08  2.83e+00    40s
  45   3.19827790e+06  6.31777793e+05  5.19e-03 1.01e-08  2.31e+00    40s
  46   3.15555385e+06  8.58849285e+05  4.38e-03 1.06e-08  2.07e+00    40s
  47   3.11158008e+06  1.67157967e+06  3.66e-03 7.66e-09  1.30e+00    41s
  48   3.08468094e+06  1.76266154e+06  3.22e-03 8.26e-09  1.19e+00    41s
  49   3.06263713e+06  1.94073714e+06  2.92e-03 8.63e-09  1.01e+00    41s
  50   3.03422386e+06  2.12906353e+06  2.64e-03 9.79e-09  8.15e-01    41s
  51   2.99126192e+06  2.21248817e+06  2.11e-03 1.03e-08  7.01e-01    42s
  52   2.97141054e+06  2.45025899e+06  1.86e-03 1.07e-08  4.70e-01    42s
  53   2.95793950e+06  2.54326744e+06  1.68e-03 7.41e-09  3.74e-01    42s
  54   2.93263260e+06  2.65863898e+06  1.34e-03 6.97e-09  2.47e-01    42s
  55   2.91942928e+06  2.71299429e+06  1.18e-03 7.70e-09  1.86e-01    43s
  56   2.90766908e+06  2.75458765e+06  1.02e-03 1.08e-08  1.38e-01    43s
  57   2.90088306e+06  2.77772357e+06  9.32e-04 7.02e-09  1.11e-01    43s
  58   2.89013956e+06  2.79485937e+06  7.85e-04 7.08e-09  8.61e-02    43s
  59   2.88565307e+06  2.80197852e+06  7.22e-04 9.02e-09  7.57e-02    44s
  60   2.87791564e+06  2.81044019e+06  6.17e-04 8.27e-09  6.10e-02    44s
  61   2.87616842e+06  2.81654065e+06  5.90e-04 9.66e-09  5.40e-02    44s
  62   2.87118188e+06  2.82131424e+06  5.17e-04 8.23e-09  4.51e-02    44s
  63   2.86875925e+06  2.82615200e+06  4.80e-04 8.05e-09  3.86e-02    45s
  64   2.86402492e+06  2.82823067e+06  4.16e-04 7.90e-09  3.24e-02    45s
  65   2.86142206e+06  2.83068494e+06  3.80e-04 9.78e-09  2.79e-02    45s
  66   2.86061484e+06  2.83194761e+06  3.68e-04 9.07e-09  2.60e-02    45s
  67   2.85823743e+06  2.83338153e+06  3.34e-04 6.64e-09  2.25e-02    46s
  68   2.85661957e+06  2.83429483e+06  3.09e-04 8.72e-09  2.02e-02    46s
  69   2.85539485e+06  2.83457505e+06  2.90e-04 8.40e-09  1.89e-02    46s
  70   2.85300935e+06  2.83526573e+06  2.57e-04 8.12e-09  1.61e-02    46s
  71   2.85124087e+06  2.83560512e+06  2.28e-04 8.59e-09  1.42e-02    47s
  72   2.84941410e+06  2.83591911e+06  2.02e-04 9.14e-09  1.22e-02    47s
  73   2.84735175e+06  2.83661723e+06  1.67e-04 9.29e-09  9.74e-03    47s
  74   2.84638753e+06  2.83680475e+06  1.52e-04 8.05e-09  8.69e-03    47s
  75   2.84524857e+06  2.83706221e+06  1.34e-04 6.91e-09  7.42e-03    48s
  76   2.84368561e+06  2.83717939e+06  1.07e-04 7.99e-09  5.90e-03    48s
  77   2.84182648e+06  2.83731121e+06  7.63e-05 6.35e-09  4.10e-03    48s
  78   2.84112706e+06  2.83742369e+06  6.38e-05 6.74e-09  3.36e-03    48s
  79   2.83950952e+06  2.83743955e+06  3.75e-05 8.51e-09  1.88e-03    49s
  80   2.83862482e+06  2.83745494e+06  2.15e-05 8.46e-09  1.06e-03    49s
  81   2.83820360e+06  2.83749812e+06  1.31e-05 1.05e-08  6.40e-04    49s
  82   2.83763288e+06  2.83752359e+06  1.78e-06 7.01e-09  9.91e-05    49s
  83   2.83754071e+06  2.83754011e+06  1.33e-08 8.16e-09  5.38e-07    49s
  84   2.83754028e+06  2.83754028e+06  9.69e-10 7.34e-09  6.27e-09    49s

Barrier solved model in 84 iterations and 49.41 seconds (53.45 work units)
Optimal objective 2.83754028e+06

  Building initial crossover basis                                55s

Root crossover log...

   17463 DPushes remaining with DInf 1.9083070e-03                56s
       0 DPushes remaining with DInf 0.0000000e+00                57s

    7936 PPushes remaining with PInf 4.3996694e-04                57s
       0 PPushes remaining with PInf 0.0000000e+00                57s

  Push phase complete: Pinf 0.0000000e+00, Dinf 6.7383630e-10     57s


Root simplex log...

Iteration    Objective       Primal Inf.    Dual Inf.      Time
   22865    2.8375403e+06   0.000000e+00   0.000000e+00     57s
Crossover time: 0.82 seconds (0.51 work units)
Concurrent spin time: 0.00s

Solved with barrier
   22865    2.8375403e+06   0.000000e+00   0.000000e+00     57s

Root relaxation: objective 2.837540e+06, 22865 iterations, 30.18 seconds (23.00 work units)
Total elapsed time = 67.32s (DegenMoves)

    Nodes    |    Current Node    |     Objective Bounds      |     Work
 Expl Unexpl |  Obj  Depth IntInf | Incumbent    BestBd   Gap | It/Node Time

     0     0 2837540.28    0 2067 3721743.62 2837540.28  23.8%     -   80s
H    0     0                    3717691.3302 2837540.28  23.7%     -   92s
H    0     0                    3717386.1333 2837540.28  23.7%     -   93s
H    0     0                    3717384.9640 2837540.28  23.7%     -   93s
H    0     0                    3717367.1360 2837540.28  23.7%     -   97s
H    0     0                    3717205.3011 2837540.28  23.7%     -   99s
     0     0 2915890.05    0 2728 3717205.30 2915890.05  21.6%     -  110s
     0     0 2915890.05    0 2340 3717205.30 2915890.05  21.6%     -  129s
H    0     0                    3717190.1675 2937742.60  21.0%     -  161s
H    0     0                    3717166.3434 2937742.60  21.0%     -  180s
H    0     0                    3717153.6668 2937742.60  21.0%     -  185s
H    0     0                    3717144.1550 2937742.60  21.0%     -  185s
     0     0 2958516.07    0 2231 3717144.15 2958516.07  20.4%     -  186s
     0     0 2958516.07    0 2293 3717144.15 2958516.07  20.4%     -  187s
     0     0 3013817.97    0 2311 3717144.15 3013817.97  18.9%     -  191s
     0     0 3013817.97    0 1983 3717144.15 3013817.97  18.9%     -  210s
H    0     0                    3717125.2715 3021612.38  18.7%     -  219s
     0     0 3021612.38    0 2056 3717125.27 3021612.38  18.7%     -  221s
     0     0 3021612.38    0 2090 3717125.27 3021612.38  18.7%     -  221s
     0     0 3063207.76    0 2288 3717125.27 3063207.76  17.6%     -  227s
     0     0 3063207.76    0 2025 3717125.27 3063207.76  17.6%     -  242s
H    0     0                    3717125.2156 3064362.86  17.6%     -  300s
H    0     0                    3717124.4406 3064362.86  17.6%     -  301s
H    0     0                    3717111.4165 3064362.86  17.6%     -  302s
H    0     0                    3717043.0838 3064362.86  17.6%     -  302s
H    0     0                    3717019.2828 3064362.86  17.6%     -  303s
H    0     0                    3716899.7341 3064362.86  17.6%     -  303s
H    0     0                    3716542.1668 3064362.86  17.5%     -  303s
     0     0 3064362.86    0 2101 3716542.17 3064362.86  17.5%     -  306s
     0     0 3090900.33    0 2230 3716542.17 3090900.33  16.8%     -  310s
     0     0 3090900.33    0 1914 3716542.17 3090900.33  16.8%     -  325s
     0     0 3111264.47    0 1965 3716542.17 3111264.47  16.3%     -  334s
     0     0 3111264.47    0 2150 3716542.17 3111264.47  16.3%     -  338s
     0     0 3111264.47    0 1723 3716542.17 3111264.47  16.3%     -  352s
H    0     0                    3716541.4368 3111264.47  16.3%     -  402s
H    0     0                    3716540.5141 3111264.47  16.3%     -  403s
H    0     0                    3716538.1890 3111264.47  16.3%     -  403s
H    0     0                    3716515.8691 3111264.47  16.3%     -  403s
     0     0 3111264.47    0 1912 3716515.87 3111264.47  16.3%     -  407s
     0     0 3111264.47    0 1887 3716515.87 3111264.47  16.3%     -  411s
     0     0 3111264.47    0 1684 3716515.87 3111264.47  16.3%     -  422s
H    0     0                    3716393.8439 3111264.47  16.3%     -  441s
H    0     0                    3716303.8109 3111264.47  16.3%     -  454s
     0     0 3111264.47    0 1717 3716303.81 3111264.47  16.3%     -  464s
     0     0 3111264.47    0 1753 3716303.81 3111264.47  16.3%     -  467s
     0     0 3111264.47    0 1617 3716303.81 3111264.47  16.3%     -  476s
H    0     0                    3716303.4407 3111264.47  16.3%     -  522s
H    0     0                    3716235.4601 3111264.47  16.3%     -  522s
     0     0 3111264.47    0 1667 3716235.46 3111264.47  16.3%     -  524s
     0     0 3111264.47    0 1696 3716235.46 3111264.47  16.3%     -  527s
     0     0 3111264.47    0 1618 3716235.46 3111264.47  16.3%     -  536s
     0     0 3111264.47    0 1618 3716235.46 3111264.47  16.3%     -  537s
     0     0 3111264.47    0 1618 3716235.46 3111264.47  16.3%     -  546s
H    0     2                    3716233.5732 3111264.47  16.3%     -  717s
     0     2 3111264.47    0 1618 3716233.57 3111264.47  16.3%     -  717s
     1     4 3116368.38    1 1612 3716233.57 3114510.90  16.2%  29.0  720s
     3     4 3136732.53    2 1745 3716233.57 3136732.53  15.6%   443  727s
     7     8 3150629.93    3 2412 3716233.57 3150629.93  15.2%   911  735s
    11    14 3166243.65    4 2646 3716233.57 3166243.65  14.8%  1603  745s
    19    13 3174476.41    5 3151 3716233.57 3174476.41  14.6%  3343  765s
    33     9 3211346.34    6 2186 3716233.57 3176052.78  14.5%  3158  789s
H   39     9                    3715819.6400 3176052.78  14.5%  2728  789s
    43    14 3208474.64    6  967 3715819.64 3187624.29  14.2%  2647  805s
H   52    18                    3715680.0600 3209267.03  13.6%  2356  832s
H   60    18                    3715599.6257 3224327.90  13.2%  2046  833s
    66    80 3224369.11    8  959 3715599.63 3224369.11  13.2%  1869  846s
   128    80 3713169.32    9 1030 3715599.63 3354869.22  9.71%   976  850s
   143    94     cutoff   10      3715599.63 3366126.34  9.41%   877  861s

Cutting planes:
  Gomory: 5
  Cover: 2
  Implied bound: 2
  MIR: 3097
  StrongCG: 36
  Flow cover: 318
  Inf proof: 1
  Zero half: 402
  Mod-K: 1
  RLT: 2
  Relax-and-lift: 25

Explored 175 nodes (438055 simplex iterations) in 868.79 seconds (757.63 work units)
Thread count was 32 (of 64 available processors)

Solution count 10: 3.7156e+06 3.71568e+06 3.71582e+06 ... 3.71654e+06

Optimal solution found (tolerance 1.00e-02)
Best objective 3.715599625687e+06, best bound 3.709948635988e+06, gap 0.1521%
✅ Solution time [sec]: 991.72
📊 Status: optimal
💰 Operation Cost: 3715599.6256869165
[Hibrido] monolitico resuelto en 997s: costo = 3,715,599.63
JSONs, log y summary guardados en 'output/Resultados_finales_tesis/DET/P_red/241kW_OB'.
