
Gurobi 12.0.0 (win64) logging started Mon Sep  7 03:53:19 2026

Set parameter LogFile to value "C:\Users\TECNO-MASTER\Desktop\Elmo_infrastructure_sizing_NP-\output\DCH_septiembre\Bateria_482\Costo_fijo\Ventana_restringida\Carga_on_board_fixed_3estaciones_P640kW_Descomp/station_1_d91\gurobi.log"
Set parameter Threads to value 1
Set parameter Heuristics to value 0.5
Set parameter MIPFocus to value 3
Set parameter Presolve to value 2
Set parameter FlowCoverCuts to value 2
Set parameter TimeLimit to value 1200
Gurobi Optimizer version 12.0.0 build v12.0.0rc1 (win64 - Windows 11+.0 (26200.2))

CPU model: Intel(R) Core(TM) i9-14900K, instruction set [SSE2|AVX|AVX2]
Thread count: 24 physical cores, 32 logical processors, using up to 1 threads

Non-default parameters:
TimeLimit  1200
MIPGap  0.05
Heuristics  0.5
MIPFocus  3
FlowCoverCuts  2
Presolve  2
Threads  1

Optimize a model with 23314 rows, 37249 columns and 110328 nonzeros
Model fingerprint: 0x55fb4f8d
Variable types: 17323 continuous, 19926 integer (19925 binary)
Coefficient statistics:
  Matrix range     [1e-01, 6e+02]
  Objective range  [4e-01, 1e+02]
  Bounds range     [1e+00, 1e+00]
  RHS range        [1e+00, 1e+04]
Presolve removed 22249 rows and 28480 columns
Presolve time: 0.19s
Presolved: 1065 rows, 8769 columns, 26337 nonzeros
Variable types: 233 continuous, 8536 integer (8536 binary)
Root relaxation presolved: 1065 rows, 8769 columns, 26337 nonzeros


Use crossover to convert LP symmetric solution to basic solution...

Root relaxation: objective 1.706269e+05, 2904 iterations, 0.04 seconds (0.03 work units)

    Nodes    |    Current Node    |     Objective Bounds      |     Work
 Expl Unexpl |  Obj  Depth IntInf | Incumbent    BestBd   Gap | It/Node Time

     0     0 170626.933    0   64          - 170626.933      -     -    0s
     0     0 170698.114    0   51          - 170698.114      -     -    0s
H    0     0                    223520.65274 170698.114  23.6%     -    0s
H    0     0                    211572.08489 170698.114  19.3%     -    1s
H    0     0                    194468.02116 170698.114  12.2%     -    1s
     0     0 170698.114    0   46 194468.021 170698.114  12.2%     -    1s
H    0     0                    184653.48567 170698.114  7.56%     -    1s
     0     0 170698.114    0   47 184653.486 170698.114  7.56%     -    1s
     0     0 170698.114    0   20 184653.486 170698.114  7.56%     -    2s
H    0     0                    175332.76437 170698.114  2.64%     -    2s

Cutting planes:
  Gomory: 12
  Lift-and-project: 3
  Cover: 7
  Implied bound: 10
  Clique: 4
  MIR: 5
  Mixing: 3
  Flow cover: 8
  Zero half: 7
  RLT: 9
  Relax-and-lift: 17
  BQP: 3
  PSD: 3

Explored 1 nodes (6989 simplex iterations) in 2.35 seconds (1.97 work units)
Thread count was 1 (of 32 available processors)

Solution count 5: 175333 184653 194468 ... 223521

Optimal solution found (tolerance 5.00e-02)
Best objective 1.753327643718e+05, best bound 1.706981137272e+05, gap 2.6433%
