
Gurobi 12.0.3 (win64) logging started Tue Jul  7 18:03:54 2026

Set parameter LogFile to value "output/DCH_taller_julio/Costo_variable/Ventana_restringida/Carga_on_board_1000kW_Descomp_ventana_carga/station_3_d335_stage1\gurobi.log"
Set parameter Threads to value 5
Set parameter Heuristics to value 0.5
Set parameter MIPFocus to value 3
Set parameter Presolve to value 2
Set parameter FlowCoverCuts to value 2
Set parameter TimeLimit to value 172800
Gurobi Optimizer version 12.0.3 build v12.0.3rc0 (win64 - Windows 11+.0 (26200.2))

CPU model: Intel(R) Core(TM) i9-14900K, instruction set [SSE2|AVX|AVX2]
Thread count: 24 physical cores, 32 logical processors, using up to 5 threads

Non-default parameters:
TimeLimit  172800
MIPGap  0.01
Heuristics  0.5
MIPFocus  3
FlowCoverCuts  2
Presolve  2
Threads  5

Optimize a model with 23299 rows, 35809 columns and 111278 nonzeros
Model fingerprint: 0x7d815e75
Variable types: 17323 continuous, 18486 integer (18485 binary)
Coefficient statistics:
  Matrix range     [1e-01, 1e+03]
  Objective range  [4e-03, 2e+05]
  Bounds range     [1e+00, 1e+00]
  RHS range        [1e+00, 1e+04]
Presolve removed 22062 rows and 27285 columns
Presolve time: 0.32s
Presolved: 1237 rows, 8524 columns, 25866 nonzeros
Variable types: 244 continuous, 8280 integer (8279 binary)
Root relaxation presolved: 1237 rows, 8524 columns, 25866 nonzeros


Use crossover to convert LP symmetric solution to basic solution...

Root relaxation: objective 1.197057e+05, 3191 iterations, 0.13 seconds (0.06 work units)

    Nodes    |    Current Node    |     Objective Bounds      |     Work
 Expl Unexpl |  Obj  Depth IntInf | Incumbent    BestBd   Gap | It/Node Time

     0     0 216775.397    0  104          - 216775.397      -     -    1s
H    0     0                    392376.26386 216775.397  44.8%     -    1s
H    0     0                    392150.09667 216775.397  44.7%     -    1s
H    0     0                    218324.98372 216795.345  0.70%     -    2s
H    0     0                    218289.36381 216795.345  0.68%     -    2s
     0     0 216795.345    0   87 218289.364 216795.345  0.68%     -    2s

Cutting planes:
  Gomory: 4
  Lift-and-project: 12
  Cover: 3
  Implied bound: 5
  Projected implied bound: 2
  Clique: 1
  MIR: 11
  Mixing: 2
  StrongCG: 1
  Flow cover: 42
  Zero half: 5
  RLT: 2
  Relax-and-lift: 3

Explored 1 nodes (12017 simplex iterations) in 2.72 seconds (1.28 work units)
Thread count was 5 (of 32 available processors)

Solution count 4: 218289 218325 392150 392376 

Optimal solution found (tolerance 1.00e-02)
Best objective 2.182893638149e+05, best bound 2.167953453843e+05, gap 0.6844%
