
Gurobi 12.0.3 (win64) logging started Sun Aug 23 17:22:01 2026

Set parameter LogFile to value "C:\Users\TECNO-MASTER\Desktop\Elmo_infrastructure_sizing_NP-\output\DCH_agosto\Costo_variable\Ventana_restringida\Carga_on_board_variable_3estaciones_P1000kW_Descomp/station_1_d182_stage1\gurobi.log"
Set parameter Threads to value 1
Set parameter Heuristics to value 0.5
Set parameter MIPFocus to value 3
Set parameter Presolve to value 2
Set parameter FlowCoverCuts to value 2
Set parameter TimeLimit to value 172800
Gurobi Optimizer version 12.0.3 build v12.0.3rc0 (win64 - Windows 11+.0 (26200.2))

CPU model: Intel(R) Core(TM) i9-14900K, instruction set [SSE2|AVX|AVX2]
Thread count: 24 physical cores, 32 logical processors, using up to 1 threads

Non-default parameters:
TimeLimit  172800
MIPGap  0.01
Heuristics  0.5
MIPFocus  3
FlowCoverCuts  2
Presolve  2
Threads  1

Optimize a model with 23314 rows, 37249 columns and 111230 nonzeros
Model fingerprint: 0x9be9c321
Variable types: 17323 continuous, 19926 integer (19925 binary)
Coefficient statistics:
  Matrix range     [1e-01, 1e+03]
  Objective range  [1e-02, 2e+05]
  Bounds range     [1e+00, 3e+00]
  RHS range        [1e+00, 1e+04]
Presolve removed 22108 rows and 28486 columns
Presolve time: 0.19s
Presolved: 1206 rows, 8763 columns, 27242 nonzeros
Variable types: 233 continuous, 8530 integer (8443 binary)
Root relaxation presolved: 1206 rows, 8763 columns, 27242 nonzeros


Use crossover to convert LP symmetric solution to basic solution...

Root relaxation: objective 1.365829e+05, 3043 iterations, 0.06 seconds (0.05 work units)

    Nodes    |    Current Node    |     Objective Bounds      |     Work
 Expl Unexpl |  Obj  Depth IntInf | Incumbent    BestBd   Gap | It/Node Time

     0     0 136582.927    0  151          - 136582.927      -     -    0s
     0     0 155929.488    0  154          - 155929.488      -     -    1s
H    0     0                    401765.90011 155929.488  61.2%     -    1s
H    0     0                    398661.43850 156265.940  60.8%     -    1s
H    0     0                    272520.10627 156265.940  42.7%     -    1s
H    0     0                    272349.56406 156265.940  42.6%     -    1s
H    0     0                    249845.62005 156265.940  37.5%     -    1s
H    0     0                    249806.49725 156265.940  37.4%     -    1s
H    0     0                    234302.52334 156265.940  33.3%     -    1s
H    0     0                    233174.15388 156265.940  33.0%     -    1s
     0     0 156265.940    0  147 233174.154 156265.940  33.0%     -    1s
     0     0 157672.092    0  142 233174.154 157672.092  32.4%     -    2s
H    0     0                    231110.06717 157672.092  31.8%     -    2s
H    0     0                    229195.17122 157672.092  31.2%     -    2s
H    0     0                    229014.81873 157672.092  31.2%     -    2s
H    0     0                    229007.42625 157672.092  31.1%     -    2s
     0     0 157672.092    0  135 229007.426 157672.092  31.1%     -    3s
H    0     0                    228711.61236 157672.092  31.1%     -    3s
H    0     0                    227568.81334 157672.092  30.7%     -    3s
H    0     0                    226067.75643 157672.092  30.3%     -    3s
     0     0 157672.092    0  133 226067.756 157672.092  30.3%     -    3s
     0     0 157672.092    0  153 226067.756 157672.092  30.3%     -    4s
     0     0 157672.092    0  137 226067.756 157672.092  30.3%     -    4s
H    0     0                    226015.04015 157672.092  30.2%     -    5s
H    0     0                    223614.87103 157672.092  29.5%     -    5s
H    0     0                    222034.25249 157672.092  29.0%     -    5s
H    0     0                    221804.52012 157672.092  28.9%     -    5s
     0     2 167419.178    0  136 221804.520 167419.178  24.5%     -    5s
H    9     7                    220890.61229 217504.031  1.53%  1098    6s
H    9     7                    220715.73304 217504.031  1.46%  1098    6s
H   26    24                    218797.38194 217510.982  0.59%  1015    8s

Cutting planes:
  Gomory: 1
  Lift-and-project: 2
  Cover: 29
  Implied bound: 38
  Projected implied bound: 1
  Clique: 11
  MIR: 353
  Mixing: 51
  Flow cover: 504
  Zero half: 56
  Relax-and-lift: 51

Explored 27 nodes (40435 simplex iterations) in 8.35 seconds (8.65 work units)
Thread count was 1 (of 32 available processors)

Solution count 10: 218797 220716 220891 ... 228712

Optimal solution found (tolerance 1.00e-02)
Best objective 2.187973819432e+05, best bound 2.175109822768e+05, gap 0.5879%
