
Gurobi 12.0.3 (win64) logging started Tue Jun 30 14:56:55 2026

Set parameter LogFile to value "output/DCH_taller_julio/Costo_variable/Carga_on_board_640kW_Descomp/station_2_d32\gurobi.log"
Set parameter Threads to value 5
Set parameter Heuristics to value 0.5
Set parameter MIPFocus to value 3
Set parameter Presolve to value 2
Set parameter FlowCoverCuts to value 2
Set parameter TimeLimit to value 172800
Gurobi Optimizer version 12.0.3 build v12.0.3rc0 (win64 - Windows 11+.0 (26200.2))

CPU model: Intel(R) Core(TM) i9-14900K, instruction set [SSE2|AVX|AVX2]
Thread count: 24 physical cores, 32 logical processors, using up to 5 threads

Non-default parameters:
TimeLimit  172800
MIPGap  0.01
Heuristics  0.5
MIPFocus  3
FlowCoverCuts  2
Presolve  2
Threads  5

Optimize a model with 23765 rows, 37807 columns and 115870 nonzeros
Model fingerprint: 0x01a19171
Variable types: 18325 continuous, 19482 integer (19481 binary)
Coefficient statistics:
  Matrix range     [1e-01, 6e+02]
  Objective range  [3e-03, 1e+02]
  Bounds range     [1e+00, 1e+00]
  RHS range        [1e+00, 1e+04]
Presolve removed 21363 rows and 27339 columns
Presolve time: 0.15s
Presolved: 2402 rows, 10468 columns, 31810 nonzeros
Variable types: 820 continuous, 9648 integer (9648 binary)
Root relaxation presolved: 2402 rows, 10468 columns, 31810 nonzeros


Root relaxation: objective 1.680435e+05, 4294 iterations, 0.21 seconds (0.27 work units)

    Nodes    |    Current Node    |     Objective Bounds      |     Work
 Expl Unexpl |  Obj  Depth IntInf | Incumbent    BestBd   Gap | It/Node Time

     0     0 168043.525    0  428          - 168043.525      -     -    0s
H    0     0                    174667.35800 168043.525  3.79%     -    0s
H    0     0                    174177.91788 168043.525  3.52%     -    0s
H    0     0                    172181.04556 168043.525  2.40%     -    0s
H    0     0                    171910.44072 168043.525  2.25%     -    0s
H    0     0                    171881.57382 168043.525  2.23%     -    0s
H    0     0                    171649.72731 168043.525  2.10%     -    1s
H    0     0                    171645.80072 168043.525  2.10%     -    1s
H    0     0                    171615.08989 168043.525  2.08%     -    1s
H    0     0                    171530.14020 168043.525  2.03%     -    1s
H    0     0                    170663.46760 168043.525  1.54%     -    1s
H    0     0                    170661.83421 168043.525  1.53%     -    1s
H    0     0                    170661.60960 168043.525  1.53%     -    1s
H    0     0                    170547.64744 168275.492  1.33%     -    1s
H    0     0                    170546.63736 168275.492  1.33%     -    1s
H    0     0                    170259.79315 168275.492  1.17%     -    1s
H    0     0                    170258.41886 168275.492  1.16%     -    1s
H    0     0                    170216.42430 168275.492  1.14%     -    1s
     0     0 168303.075    0  348 170216.424 168303.075  1.12%     -    1s
H    0     0                    170214.58912 168303.075  1.12%     -    1s
H    0     0                    170009.09484 168303.075  1.00%     -    1s
H    0     0                    169993.32003 168303.075  0.99%     -    2s

Cutting planes:
  Gomory: 15
  Lift-and-project: 5
  Cover: 16
  Implied bound: 6
  Clique: 3
  MIR: 2
  Flow cover: 11
  Zero half: 16
  RLT: 5
  Relax-and-lift: 25
  BQP: 3
  PSD: 10

Explored 1 nodes (10475 simplex iterations) in 2.10 seconds (1.87 work units)
Thread count was 5 (of 32 available processors)

Solution count 10: 169993 170009 170215 ... 170662

Optimal solution found (tolerance 1.00e-02)
Best objective 1.699933200258e+05, best bound 1.683030754770e+05, gap 0.9943%
