
Gurobi 12.0.3 (win64) logging started Tue Jun 30 14:30:46 2026

Set parameter LogFile to value "output/DCH_taller_julio/Costo_variable/Carga_on_board_320kW_Descomp/station_2_d32_stage1\gurobi.log"
Set parameter Threads to value 5
Set parameter Heuristics to value 0.5
Set parameter MIPFocus to value 3
Set parameter Presolve to value 2
Set parameter FlowCoverCuts to value 2
Set parameter TimeLimit to value 172800
Gurobi Optimizer version 12.0.3 build v12.0.3rc0 (win64 - Windows 11+.0 (26200.2))

CPU model: Intel(R) Core(TM) i9-14900K, instruction set [SSE2|AVX|AVX2]
Thread count: 24 physical cores, 32 logical processors, using up to 5 threads

Non-default parameters:
TimeLimit  172800
MIPGap  0.01
Heuristics  0.5
MIPFocus  3
FlowCoverCuts  2
Presolve  2
Threads  5

Optimize a model with 23765 rows, 37807 columns and 116772 nonzeros
Model fingerprint: 0xb2a9b5a6
Variable types: 18325 continuous, 19482 integer (19481 binary)
Coefficient statistics:
  Matrix range     [1e-01, 3e+02]
  Objective range  [3e-03, 9e+04]
  Bounds range     [1e+00, 1e+00]
  RHS range        [1e+00, 1e+04]
Presolve removed 21025 rows and 27337 columns
Presolve time: 0.17s
Presolved: 2740 rows, 10470 columns, 31891 nonzeros
Variable types: 820 continuous, 9650 integer (9649 binary)
Root relaxation presolved: 2740 rows, 10470 columns, 31891 nonzeros


Root relaxation: objective 8.139871e+04, 5039 iterations, 0.34 seconds (0.51 work units)

    Nodes    |    Current Node    |     Objective Bounds      |     Work
 Expl Unexpl |  Obj  Depth IntInf | Incumbent    BestBd   Gap | It/Node Time

     0     0 130600.917    0  168          - 130600.917      -     -    4s
H    0     0                    219224.86674 130600.917  40.4%     -    5s
     0     0 130600.917    0  130 219224.867 130600.917  40.4%     -    5s
H    0     0                    216830.14903 130600.917  39.8%     -    6s
H    0     0                    216816.06799 130600.917  39.8%     -    6s
H    0     0                    216645.01052 130600.917  39.7%     -    6s
H    0     0                    216517.58805 130600.917  39.7%     -    6s
     0     0 130600.972    0  176 216517.588 130600.972  39.7%     -    6s
     0     0 130626.046    0  143 216517.588 130626.046  39.7%     -    6s
     0     0 130626.302    0   81 216517.588 130626.302  39.7%     -    6s
H    0     0                    216351.49530 130626.302  39.6%     -    6s
     0     0 130626.302    0   66 216351.495 130626.302  39.6%     -    6s
     0     0 130626.302    0   50 216351.495 130626.302  39.6%     -    7s
H    0     0                    131072.32964 130626.302  0.34%     -    7s

Cutting planes:
  Gomory: 1
  Cover: 7
  Implied bound: 1
  Clique: 3
  MIR: 5
  Mixing: 2
  Flow cover: 11
  Zero half: 1
  Relax-and-lift: 11

Explored 1 nodes (48010 simplex iterations) in 7.62 seconds (9.57 work units)
Thread count was 5 (of 32 available processors)

Solution count 7: 131072 216351 216518 ... 219225

Optimal solution found (tolerance 1.00e-02)
Best objective 1.310723296427e+05, best bound 1.306263024711e+05, gap 0.3403%
