
Gurobi 12.0.3 (win64) logging started Tue Jun 30 14:56:13 2026

Set parameter LogFile to value "output/DCH_taller_julio/Costo_variable/Carga_on_board_640kW_Descomp/station_1_d1\gurobi.log"
Set parameter Threads to value 5
Set parameter Heuristics to value 0.5
Set parameter MIPFocus to value 3
Set parameter Presolve to value 2
Set parameter FlowCoverCuts to value 2
Set parameter TimeLimit to value 172800
Gurobi Optimizer version 12.0.3 build v12.0.3rc0 (win64 - Windows 11+.0 (26200.2))

CPU model: Intel(R) Core(TM) i9-14900K, instruction set [SSE2|AVX|AVX2]
Thread count: 24 physical cores, 32 logical processors, using up to 5 threads

Non-default parameters:
TimeLimit  172800
MIPGap  0.01
Heuristics  0.5
MIPFocus  3
FlowCoverCuts  2
Presolve  2
Threads  5

Optimize a model with 22763 rows, 35809 columns and 109840 nonzeros
Model fingerprint: 0xe78a095f
Variable types: 17323 continuous, 18486 integer (18485 binary)
Coefficient statistics:
  Matrix range     [1e-01, 6e+02]
  Objective range  [1e-02, 1e+02]
  Bounds range     [1e+00, 1e+00]
  RHS range        [1e+00, 1e+04]
Presolve removed 20367 rows and 25839 columns
Presolve time: 0.15s
Presolved: 2396 rows, 9970 columns, 30322 nonzeros
Variable types: 820 continuous, 9150 integer (9150 binary)
Root relaxation presolved: 2396 rows, 9970 columns, 30322 nonzeros


Root relaxation: objective 1.663796e+05, 4108 iterations, 0.19 seconds (0.21 work units)

    Nodes    |    Current Node    |     Objective Bounds      |     Work
 Expl Unexpl |  Obj  Depth IntInf | Incumbent    BestBd   Gap | It/Node Time

     0     0 166379.607    0  338          - 166379.607      -     -    0s
H    0     0                    171591.30778 166379.607  3.04%     -    0s
H    0     0                    171481.49606 166379.607  2.98%     -    0s
H    0     0                    170389.86110 166379.607  2.35%     -    0s
H    0     0                    170296.43106 166379.607  2.30%     -    0s
H    0     0                    170197.12492 166379.607  2.24%     -    0s
H    0     0                    169777.78252 166379.607  2.00%     -    0s
H    0     0                    169662.10199 166379.607  1.93%     -    0s
H    0     0                    169661.92150 166379.607  1.93%     -    0s
H    0     0                    169651.89170 166379.607  1.93%     -    0s
H    0     0                    169594.36134 166379.607  1.90%     -    1s
H    0     0                    169591.49189 166379.607  1.89%     -    1s
H    0     0                    169591.09101 166379.607  1.89%     -    1s
H    0     0                    169585.98337 166379.607  1.89%     -    1s
H    0     0                    169323.47625 166379.607  1.74%     -    1s
H    0     0                    169299.25998 166379.607  1.72%     -    1s
H    0     0                    169281.39399 166379.607  1.71%     -    1s
H    0     0                    169277.64189 166379.607  1.71%     -    1s
H    0     0                    169198.31981 166542.122  1.57%     -    1s
     0     0 166542.122    0  353 169198.320 166542.122  1.57%     -    1s
H    0     0                    169197.64427 166542.122  1.57%     -    2s
H    0     0                    169189.45354 166542.122  1.56%     -    2s
H    0     0                    169154.14837 166542.122  1.54%     -    2s
H    0     0                    169006.13250 166542.122  1.46%     -    2s
H    0     0                    169000.50150 166542.122  1.45%     -    2s
H    0     0                    168986.75286 166542.122  1.45%     -    2s
H    0     0                    168986.19593 166542.122  1.45%     -    2s
H    0     0                    168775.15749 166542.122  1.32%     -    2s
     0     0 166565.466    0  422 168775.157 166565.466  1.31%     -    2s
     0     0 166578.337    0  492 168775.157 166578.337  1.30%     -    2s
     0     0 166578.337    0  463 168775.157 166578.337  1.30%     -    2s
H    0     0                    168725.90989 166578.337  1.27%     -    2s
H    0     0                    168688.08594 166686.882  1.19%     -    3s
H    0     0                    168507.05482 166686.882  1.08%     -    3s
H    0     0                    168497.88345 166686.882  1.07%     -    3s
H    0     0                    168473.19526 166686.882  1.06%     -    3s
H    0     0                    168472.85474 166686.882  1.06%     -    3s
     0     0 166686.882    0  412 168472.855 166686.882  1.06%     -    3s
H    0     0                    168427.85925 166689.069  1.03%     -    3s
     0     0 166690.158    0  419 168427.859 166690.158  1.03%     -    3s
     0     0 166690.294    0  436 168427.859 166690.294  1.03%     -    3s
     0     0 166690.295    0  438 168427.859 166690.295  1.03%     -    3s
     0     0          -    0      168427.859 166748.261  1.00%     -    3s

Cutting planes:
  Gomory: 72
  Lift-and-project: 9
  Cover: 35
  Implied bound: 32
  Projected implied bound: 4
  Clique: 7
  MIR: 165
  Mixing: 26
  Flow cover: 286
  Zero half: 31
  RLT: 25
  Relax-and-lift: 57
  BQP: 3
  PSD: 13

Explored 1 nodes (13672 simplex iterations) in 4.00 seconds (3.36 work units)
Thread count was 5 (of 32 available processors)

Solution count 10: 168428 168473 168473 ... 168987

Optimal solution found (tolerance 1.00e-02)
Best objective 1.684278592505e+05, best bound 1.667482608718e+05, gap 0.9972%
