
Gurobi 12.0.3 (win64) logging started Sun Aug 23 17:22:02 2026

Set parameter LogFile to value "C:\Users\TECNO-MASTER\Desktop\Elmo_infrastructure_sizing_NP-\output\DCH_agosto\Costo_variable\Ventana_restringida\Carga_on_board_variable_3estaciones_P1000kW_Descomp/station_2_d335_stage1\gurobi.log"
Set parameter Threads to value 1
Set parameter Heuristics to value 0.5
Set parameter MIPFocus to value 3
Set parameter Presolve to value 2
Set parameter FlowCoverCuts to value 2
Set parameter TimeLimit to value 172800
Gurobi Optimizer version 12.0.3 build v12.0.3rc0 (win64 - Windows 11+.0 (26200.2))

CPU model: Intel(R) Core(TM) i9-14900K, instruction set [SSE2|AVX|AVX2]
Thread count: 24 physical cores, 32 logical processors, using up to 1 threads

Non-default parameters:
TimeLimit  172800
MIPGap  0.01
Heuristics  0.5
MIPFocus  3
FlowCoverCuts  2
Presolve  2
Threads  1

Optimize a model with 24286 rows, 39247 columns and 117194 nonzeros
Model fingerprint: 0x4ffca7dd
Variable types: 18325 continuous, 20922 integer (20921 binary)
Coefficient statistics:
  Matrix range     [1e-01, 1e+03]
  Objective range  [4e-03, 2e+05]
  Bounds range     [1e+00, 3e+00]
  RHS range        [1e+00, 1e+04]
Presolve removed 23074 rows and 29970 columns
Presolve time: 0.19s
Presolved: 1212 rows, 9277 columns, 28866 nonzeros
Variable types: 232 continuous, 9045 integer (8953 binary)
Root relaxation presolved: 1212 rows, 9277 columns, 28866 nonzeros


Use crossover to convert LP symmetric solution to basic solution...

Root relaxation: objective 9.685252e+04, 3430 iterations, 0.07 seconds (0.06 work units)

    Nodes    |    Current Node    |     Objective Bounds      |     Work
 Expl Unexpl |  Obj  Depth IntInf | Incumbent    BestBd   Gap | It/Node Time

     0     0 215165.445    0  103          - 215165.445      -     -    0s
     0     0 215165.445    0   59          - 215165.445      -     -    1s
H    0     0                    216146.78071 215165.445  0.45%     -    1s

Cutting planes:
  Gomory: 1
  Lift-and-project: 5
  MIR: 1
  Flow cover: 4

Explored 1 nodes (9691 simplex iterations) in 1.54 seconds (1.36 work units)
Thread count was 1 (of 32 available processors)

Solution count 1: 216147 

Optimal solution found (tolerance 1.00e-02)
Best objective 2.161467807062e+05, best bound 2.151654447515e+05, gap 0.4540%
