
Gurobi 12.0.0 (win64) logging started Mon Sep  7 03:54:35 2026

Set parameter LogFile to value "C:\Users\TECNO-MASTER\Desktop\Elmo_infrastructure_sizing_NP-\output\DCH_septiembre\Bateria_482\Costo_fijo\Carga_libre\Carga_on_board_fixed_3estaciones_P640kW_Descomp/station_3_d60\gurobi.log"
Set parameter Threads to value 1
Set parameter Heuristics to value 0.5
Set parameter MIPFocus to value 3
Set parameter Presolve to value 2
Set parameter FlowCoverCuts to value 2
Set parameter TimeLimit to value 1200
Gurobi Optimizer version 12.0.0 build v12.0.0rc1 (win64 - Windows 11+.0 (26200.2))

CPU model: Intel(R) Core(TM) i9-14900K, instruction set [SSE2|AVX|AVX2]
Thread count: 24 physical cores, 32 logical processors, using up to 1 threads

Non-default parameters:
TimeLimit  1200
MIPGap  0.05
Heuristics  0.5
MIPFocus  3
FlowCoverCuts  2
Presolve  2
Threads  1

Optimize a model with 22740 rows, 37249 columns and 109726 nonzeros
Model fingerprint: 0xf6aff95e
Variable types: 17323 continuous, 19926 integer (19925 binary)
Coefficient statistics:
  Matrix range     [1e-01, 6e+02]
  Objective range  [4e-01, 1e+02]
  Bounds range     [1e+00, 1e+00]
  RHS range        [1e+00, 1e+04]
Presolve removed 20295 rows and 26955 columns
Presolve time: 0.22s
Presolved: 2445 rows, 10294 columns, 31296 nonzeros
Variable types: 840 continuous, 9454 integer (9454 binary)
Root relaxation presolved: 2445 rows, 10294 columns, 31296 nonzeros


Root relaxation: objective 1.561619e+05, 4409 iterations, 0.23 seconds (0.21 work units)

    Nodes    |    Current Node    |     Objective Bounds      |     Work
 Expl Unexpl |  Obj  Depth IntInf | Incumbent    BestBd   Gap | It/Node Time

     0     0 156161.864    0    2          - 156161.864      -     -    1s
H    0     0                    156192.51855 156161.864  0.02%     -    1s

Explored 1 nodes (7143 simplex iterations) in 1.02 seconds (0.78 work units)
Thread count was 1 (of 32 available processors)

Solution count 1: 156193 

Optimal solution found (tolerance 5.00e-02)
Best objective 1.561925185451e+05, best bound 1.561618641569e+05, gap 0.0196%
