
Gurobi 12.0.3 (win64) logging started Sun Aug 23 17:23:31 2026

Set parameter LogFile to value "C:\Users\TECNO-MASTER\Desktop\Elmo_infrastructure_sizing_NP-\output\DCH_agosto\Costo_variable\Carga_libre\Carga_on_board_variable_3estaciones_P1000kW_Descomp/station_3_d213_stage1\gurobi.log"
Set parameter Threads to value 1
Set parameter Heuristics to value 0.5
Set parameter MIPFocus to value 3
Set parameter Presolve to value 2
Set parameter FlowCoverCuts to value 2
Set parameter TimeLimit to value 172800
Gurobi Optimizer version 12.0.3 build v12.0.3rc0 (win64 - Windows 11+.0 (26200.2))

CPU model: Intel(R) Core(TM) i9-14900K, instruction set [SSE2|AVX|AVX2]
Thread count: 24 physical cores, 32 logical processors, using up to 1 threads

Non-default parameters:
TimeLimit  172800
MIPGap  0.01
Heuristics  0.5
MIPFocus  3
FlowCoverCuts  2
Presolve  2
Threads  1

Optimize a model with 22770 rows, 37249 columns and 110688 nonzeros
Model fingerprint: 0xb0c78026
Variable types: 17323 continuous, 19926 integer (19925 binary)
Coefficient statistics:
  Matrix range     [1e-01, 1e+03]
  Objective range  [8e-03, 2e+05]
  Bounds range     [1e+00, 3e+00]
  RHS range        [1e+00, 1e+04]
Presolve removed 19880 rows and 26955 columns
Presolve time: 0.27s
Presolved: 2890 rows, 10294 columns, 32192 nonzeros
Variable types: 841 continuous, 9453 integer (9361 binary)
Root relaxation presolved: 2890 rows, 10294 columns, 32192 nonzeros


Root relaxation: objective 4.985869e+04, 4563 iterations, 0.61 seconds (0.62 work units)

    Nodes    |    Current Node    |     Objective Bounds      |     Work
 Expl Unexpl |  Obj  Depth IntInf | Incumbent    BestBd   Gap | It/Node Time

     0     0 49858.6854    0  405          - 49858.6854      -     -    2s
     0     0 77748.2429    0  283          - 77748.2429      -     -    4s
H    0     0                    453788.01175 82698.8423  81.8%     -    4s
H    0     0                    391487.85737 82698.8423  78.9%     -    4s
H    0     0                    286135.06586 82698.8423  71.1%     -    4s
H    0     0                    283181.05109 82698.8423  70.8%     -    4s
H    0     0                    240179.35247 82698.8423  65.6%     -    4s
H    0     0                    239618.60466 82698.8423  65.5%     -    4s
H    0     0                    235509.76749 82698.8423  64.9%     -    4s
H    0     0                    235331.54766 82698.8423  64.9%     -    4s
H    0     0                    235324.66704 82698.8423  64.9%     -    4s
H    0     0                    235319.49935 82698.8423  64.9%     -    4s
H    0     0                    235319.46137 82698.8423  64.9%     -    4s
H    0     0                    235319.24838 82698.8423  64.9%     -    4s
H    0     0                    235318.98699 82698.8423  64.9%     -    4s
H    0     0                    235318.91845 82698.8423  64.9%     -    4s
     0     0 82698.8423    0  294 235318.918 82698.8423  64.9%     -    4s
     0     0 102727.795    0  477 235318.918 102727.795  56.3%     -    6s
H    0     0                    216413.31289 102727.795  52.5%     -    7s
H    0     0                    216258.08487 102727.795  52.5%     -    7s
     0     0 102739.723    0  548 216258.085 102739.723  52.5%     -    7s
     0     0 103602.507    0  644 216258.085 103602.507  52.1%     -    7s
     0     0 103602.507    0  606 216258.085 103602.507  52.1%     -    7s
     0     0 105218.015    0  354 216258.085 105218.015  51.3%     -    8s
H    0     0                    216117.75233 105218.015  51.3%     -    8s
     0     0 105218.015    0  356 216117.752 105218.015  51.3%     -    8s
     0     0 105218.015    0  386 216117.752 105218.015  51.3%     -   11s
H    0     0                    216110.09034 105218.015  51.3%     -   11s
H    0     0                    216109.19052 105218.015  51.3%     -   11s
H    0     0                    216103.53275 105218.015  51.3%     -   11s
     0     0 105218.015    0  397 216103.533 105218.015  51.3%     -   11s
     0     0 105218.015    0  377 216103.533 105218.015  51.3%     -   12s
     0     0 105218.015    0  357 216103.533 105218.015  51.3%     -   13s
H    0     0                    216079.68788 105218.015  51.3%     -   13s
H    0     0                    216056.22280 105218.015  51.3%     -   14s
H    0     0                    216055.19593 105218.015  51.3%     -   14s
H    0     0                    216054.53330 105218.015  51.3%     -   14s
H    0     0                    216053.90157 105218.015  51.3%     -   14s
H    0     0                    216053.49920 105218.015  51.3%     -   14s
H    0     0                    216048.99734 105218.015  51.3%     -   15s
H    0     0                    215312.57766 105218.015  51.1%     -   15s
     0     2 105358.509    0  320 215312.578 105358.509  51.1%     -   15s
H    9     7                    214997.95706 212079.308  1.36%  2481   16s
H   26    24                    214917.92681 212155.266  1.29%  1712   19s
H   27    25                    214908.62273 212171.383  1.27%  1688   19s
H   27    25                    214694.90132 212171.383  1.18%  1688   19s
H   27    25                    214531.55134 212171.383  1.10%  1688   19s
H   27    25                    214512.66374 212171.383  1.09%  1688   19s
H   27    25                    214452.52706 212171.383  1.06%  1688   19s
H   27    25                    214412.06468 212171.383  1.05%  1688   19s
H   27    25                    214386.30834 212171.383  1.03%  1688   19s
H   27    25                    214386.22696 212171.383  1.03%  1688   19s
H   27    25                    214355.29673 212171.383  1.02%  1688   19s
H   27    25                    214329.54039 212171.383  1.01%  1688   19s
H   27    25                    214329.45901 212171.383  1.01%  1688   19s

Cutting planes:
  Gomory: 2
  Cover: 112
  Implied bound: 449
  Projected implied bound: 7
  Clique: 141
  MIR: 770
  Mixing: 161
  StrongCG: 2
  Flow cover: 1559
  Zero half: 255
  RLT: 8
  Relax-and-lift: 631
  BQP: 56
  PSD: 134

Explored 29 nodes (99929 simplex iterations) in 19.87 seconds (24.33 work units)
Thread count was 1 (of 32 available processors)

Solution count 10: 214329 214329 214330 ... 214532

Optimal solution found (tolerance 1.00e-02)
Best objective 2.143294590068e+05, best bound 2.121889701138e+05, gap 0.9987%
