
Gurobi 12.0.0 (win64) logging started Mon Sep  7 03:45:13 2026

Set parameter LogFile to value "C:\Users\TECNO-MASTER\Desktop\Elmo_infrastructure_sizing_NP-\output\DCH_septiembre\Bateria_353\Costo_variable\Ventana_restringida\Carga_on_board_variable_3estaciones_P640kW_Descomp/station_3_d152_stage1\gurobi.log"
Set parameter Threads to value 1
Set parameter Heuristics to value 0.5
Set parameter MIPFocus to value 3
Set parameter Presolve to value 2
Set parameter FlowCoverCuts to value 2
Set parameter TimeLimit to value 1200
Gurobi Optimizer version 12.0.0 build v12.0.0rc1 (win64 - Windows 11+.0 (26200.2))

CPU model: Intel(R) Core(TM) i9-14900K, instruction set [SSE2|AVX|AVX2]
Thread count: 24 physical cores, 32 logical processors, using up to 1 threads

Non-default parameters:
TimeLimit  1200
MIPGap  0.05
Heuristics  0.5
MIPFocus  3
FlowCoverCuts  2
Presolve  2
Threads  1

Optimize a model with 23314 rows, 37249 columns and 111232 nonzeros
Model fingerprint: 0x1d4a7488
Variable types: 17323 continuous, 19926 integer (19925 binary)
Coefficient statistics:
  Matrix range     [1e-01, 6e+02]
  Objective range  [1e-02, 1e+05]
  Bounds range     [1e+00, 1e+00]
  RHS range        [1e+00, 1e+04]
Presolve removed 22108 rows and 28480 columns
Presolve time: 0.18s
Presolved: 1206 rows, 8769 columns, 26572 nonzeros
Variable types: 233 continuous, 8536 integer (8535 binary)
Root relaxation presolved: 1206 rows, 8769 columns, 26572 nonzeros


Use crossover to convert LP symmetric solution to basic solution...

Root relaxation: objective 1.459981e+05, 2931 iterations, 0.05 seconds (0.05 work units)

    Nodes    |    Current Node    |     Objective Bounds      |     Work
 Expl Unexpl |  Obj  Depth IntInf | Incumbent    BestBd   Gap | It/Node Time

     0     0 145998.123    0  105          - 145998.123      -     -    0s
H    0     0                    272366.93032 145998.123  46.4%     -    0s
H    0     0                    272013.51830 145998.123  46.3%     -    0s
H    0     0                    271173.24428 145998.123  46.2%     -    0s
H    0     0                    266045.38632 145998.123  45.1%     -    0s
     0     0 159820.258    0  139 266045.386 159820.258  39.9%     -    1s
H    0     0                    192229.77979 161336.561  16.1%     -    1s
H    0     0                    191946.34332 161336.561  15.9%     -    1s
H    0     0                    185952.84853 161336.561  13.2%     -    1s
H    0     0                    185951.93347 161336.561  13.2%     -    1s
H    0     0                    185805.19316 161336.561  13.2%     -    1s
H    0     0                    183114.96840 161336.561  11.9%     -    1s
H    0     0                    176958.01233 161336.561  8.83%     -    1s
H    0     0                    175395.21513 161336.561  8.02%     -    1s
H    0     0                    175300.66787 161336.561  7.97%     -    1s
     0     0 161336.561    0   98 175300.668 161336.561  7.97%     -    2s
     0     0 161336.561    0  119 175300.668 161336.561  7.97%     -    2s
     0     0 161336.561    0  101 175300.668 161336.561  7.97%     -    2s
H    0     0                    175024.34305 161336.561  7.82%     -    2s
H    0     0                    174114.38164 161336.561  7.34%     -    2s
     0     0 161336.561    0  104 174114.382 161336.561  7.34%     -    2s
     0     0 161336.561    0  101 174114.382 161336.561  7.34%     -    3s
     0     0 161336.561    0  107 174114.382 161336.561  7.34%     -    3s
     0     0 161336.561    0   91 174114.382 161336.561  7.34%     -    3s
H    0     0                    173841.72205 161336.561  7.19%     -    3s
H    0     0                    173831.17421 161336.561  7.19%     -    3s
H    0     0                    173831.11899 161336.561  7.19%     -    3s
     0     0 161336.561    0   91 173831.119 161336.561  7.19%     -    3s
     0     0 161336.561    0  104 173831.119 161336.561  7.19%     -    4s
     0     0 161336.561    0  115 173831.119 161336.561  7.19%     -    4s
H    0     0                    170652.37327 161336.561  5.46%     -    4s
H    0     0                    170518.08488 161336.561  5.38%     -    4s
H    0     0                    170466.59312 161336.561  5.36%     -    4s
H    0     0                    169509.90790 161336.561  4.82%     -    5s

Cutting planes:
  Cover: 4
  Implied bound: 1
  MIR: 2
  Flow cover: 2

Explored 1 nodes (14288 simplex iterations) in 5.33 seconds (4.60 work units)
Thread count was 1 (of 32 available processors)

Solution count 10: 169510 170467 170518 ... 175301

Optimal solution found (tolerance 5.00e-02)
Best objective 1.695099079039e+05, best bound 1.613365612115e+05, gap 4.8218%
