
Gurobi 12.0.3 (win64) logging started Sun Aug 23 02:53:43 2026

Set parameter LogFile to value "C:\Users\TECNO-MASTER\Desktop\Elmo_infrastructure_sizing_NP-\output\DCH_agosto\Costo_variable\Carga_libre\Carga_on_board_variable_3estaciones_P640kW_Descomp/station_1_d213_stage1\gurobi.log"
Set parameter Threads to value 1
Set parameter Heuristics to value 0.5
Set parameter MIPFocus to value 3
Set parameter Presolve to value 2
Set parameter FlowCoverCuts to value 2
Set parameter TimeLimit to value 172800
Gurobi Optimizer version 12.0.3 build v12.0.3rc0 (win64 - Windows 11+.0 (26200.2))

CPU model: Intel(R) Core(TM) i9-14900K, instruction set [SSE2|AVX|AVX2]
Thread count: 24 physical cores, 32 logical processors, using up to 1 threads

Non-default parameters:
TimeLimit  172800
MIPGap  0.01
Heuristics  0.5
MIPFocus  3
FlowCoverCuts  2
Presolve  2
Threads  1

Optimize a model with 22770 rows, 37249 columns and 110686 nonzeros
Model fingerprint: 0x01dd2584
Variable types: 17323 continuous, 19926 integer (19925 binary)
Coefficient statistics:
  Matrix range     [1e-01, 6e+02]
  Objective range  [8e-03, 1e+05]
  Bounds range     [1e+00, 3e+00]
  RHS range        [1e+00, 1e+04]
Presolve removed 19880 rows and 26958 columns
Presolve time: 0.64s
Presolved: 2890 rows, 10291 columns, 32614 nonzeros
Variable types: 841 continuous, 9450 integer (9363 binary)
Root relaxation presolved: 2890 rows, 10291 columns, 32614 nonzeros


Root relaxation: objective 5.259872e+04, 6258 iterations, 1.30 seconds (0.84 work units)

    Nodes    |    Current Node    |     Objective Bounds      |     Work
 Expl Unexpl |  Obj  Depth IntInf | Incumbent    BestBd   Gap | It/Node Time

     0     0 52598.7166    0  363          - 52598.7166      -     -    4s
     0     0 84285.8814    0  241          - 84285.8814      -     -    9s
     0     0 84515.0259    0  250          - 84515.0259      -     -   10s
     0     0 84515.0259    0  202          - 84515.0259      -     -   13s
     0     0 84515.0259    0  244          - 84515.0259      -     -   13s
     0     0 84515.0259    0  265          - 84515.0259      -     -   15s
     0     0 84515.0259    0  296          - 84515.0259      -     -   15s
     0     0 84515.0259    0  294          - 84515.0259      -     -   15s
     0     0 84515.0259    0  257          - 84515.0259      -     -   17s
     0     0 84515.0259    0  223          - 84515.0259      -     -   17s
H    0     0                    308594.72461 84515.0259  72.6%     -   18s
H    0     0                    308552.52532 84515.0259  72.6%     -   18s
H    0     0                    308487.77370 84515.0259  72.6%     -   18s
H    0     0                    175096.68439 84515.0259  51.7%     -   18s
H    0     0                    167960.28064 84515.0259  49.7%     -   18s
H    0     0                    167860.19399 84515.0259  49.7%     -   18s
H    0     0                    167817.75368 84515.0259  49.6%     -   18s
H    0     0                    167753.93279 84515.0259  49.6%     -   18s
H    0     0                    167753.67403 84515.0259  49.6%     -   18s
H    0     0                    167753.08626 84515.0259  49.6%     -   18s
H    0     0                    167681.80899 84515.0259  49.6%     -   18s
H    0     0                    167644.69194 84515.0259  49.6%     -   19s
     0     2 84515.0259    0  223 167644.692 84515.0259  49.6%     -   19s
     6     6 164664.608    3  245 167644.692 164548.023  1.85%  2110   20s
H    9     7                    167170.77561 164570.243  1.56%  1594   20s
H    9     7                    167126.97396 164570.243  1.53%  1594   20s
H    9     7                    167122.56550 164570.243  1.53%  1594   20s
H   16    14                    166610.52343 164605.373  1.20%  1574   22s
H   18    16                    166276.04263 164651.672  0.98%  1592   22s

Cutting planes:
  Gomory: 5
  Lift-and-project: 8
  Cover: 83
  Implied bound: 344
  Projected implied bound: 4
  Clique: 34
  MIR: 475
  Mixing: 103
  Flow cover: 1142
  Zero half: 132
  RLT: 18
  Relax-and-lift: 291

Explored 19 nodes (69535 simplex iterations) in 22.75 seconds (17.57 work units)
Thread count was 1 (of 32 available processors)

Solution count 10: 166276 166611 167123 ... 167754

Optimal solution found (tolerance 1.00e-02)
Best objective 1.662760426264e+05, best bound 1.646638795818e+05, gap 0.9696%
