
Gurobi 12.0.3 (win64) logging started Wed Oct 15 17:39:53 2025

Set parameter LogFile to value "ELMO_log.txt"
Set parameter Threads to value 32
Set parameter Heuristics to value 0.8
Gurobi Optimizer version 12.0.3 build v12.0.3rc0 (win64 - Windows 11+.0 (26200.2))

CPU model: Intel(R) Core(TM) i9-14900K, instruction set [SSE2|AVX|AVX2]
Thread count: 24 physical cores, 32 logical processors, using up to 32 threads

Non-default parameters:
MIPGap  0.06
Heuristics  0.8
Threads  32

Optimize a model with 8263 rows, 31122 columns and 58614 nonzeros
Model fingerprint: 0x37ca860b
Variable types: 2316 continuous, 28806 integer (28803 binary)
Coefficient statistics:
  Matrix range     [5e-01, 4e+02]
  Objective range  [1e+00, 2e+05]
  Bounds range     [1e+00, 1e+00]
  RHS range        [1e+00, 2e+03]
Presolve removed 2990 rows and 22080 columns
Presolve time: 0.05s
Presolved: 5273 rows, 9042 columns, 30903 nonzeros
Variable types: 2268 continuous, 6774 integer (6772 binary)

Root relaxation: objective 2.429241e+05, 10998 iterations, 0.24 seconds (0.64 work units)

    Nodes    |    Current Node    |     Objective Bounds      |     Work
 Expl Unexpl |  Obj  Depth IntInf | Incumbent    BestBd   Gap | It/Node Time

     0     0 242924.135    0  561          - 242924.135      -     -    0s
     0     0 248202.672    0  602          - 248202.672      -     -    1s
     0     0 248368.485    0  576          - 248368.485      -     -    1s
     0     0 248368.485    0  576          - 248368.485      -     -    1s
     0     0 253356.112    0  572          - 253356.112      -     -    1s
     0     0 253531.309    0  574          - 253531.309      -     -    2s
     0     0 253532.392    0  571          - 253532.392      -     -    2s
     0     0 253554.303    0  636          - 253554.303      -     -    2s
     0     0 253555.656    0  641          - 253555.656      -     -    2s
     0     0 253690.482    0  673          - 253690.482      -     -    2s
     0     0 253714.166    0  681          - 253714.166      -     -    2s
     0     0 253714.277    0  694          - 253714.277      -     -    2s
     0     0 253820.793    0  687          - 253820.793      -     -    2s
     0     0 253823.010    0  702          - 253823.010      -     -    2s
     0     0 253921.177    0  712          - 253921.177      -     -    2s
     0     0 253924.319    0  721          - 253924.319      -     -    2s
     0     0 254001.437    0  752          - 254001.437      -     -    2s
     0     0 254003.885    0  742          - 254003.885      -     -    2s
     0     0 254345.867    0  723          - 254345.867      -     -    2s
     0     0 254366.189    0  734          - 254366.189      -     -    2s
     0     0 254369.801    0  763          - 254369.801      -     -    2s
     0     0 254659.339    0  764          - 254659.339      -     -    2s
     0     0 254664.654    0  797          - 254664.654      -     -    3s
     0     0 254961.123    0  766          - 254961.123      -     -    3s
     0     0 254966.333    0  781          - 254966.333      -     -    3s
     0     0 255447.104    0  755          - 255447.104      -     -    3s
     0     0 255636.538    0  759          - 255636.538      -     -    3s
     0     0 255692.588    0  791          - 255692.588      -     -    3s
     0     0 255693.665    0  795          - 255693.665      -     -    3s
     0     0 256027.585    0  767          - 256027.585      -     -    3s
     0     0 256056.965    0  792          - 256056.965      -     -    3s
     0     0 256058.472    0  822          - 256058.472      -     -    3s
     0     0 256110.467    0  808          - 256110.467      -     -    3s
     0     0 256111.167    0  841          - 256111.167      -     -    3s
     0     0 256920.171    0  811          - 256920.171      -     -    3s
     0     0 257255.262    0  775          - 257255.262      -     -    3s
     0     0 257267.136    0  809          - 257267.136      -     -    3s
     0     0 257308.480    0  833          - 257308.480      -     -    3s
     0     0 257308.903    0  830          - 257308.903      -     -    3s
     0     0 257672.196    0  753          - 257672.196      -     -    3s
     0     0 257742.951    0  755          - 257742.951      -     -    3s
     0     0 257758.367    0  784          - 257758.367      -     -    3s
     0     0 257759.196    0  795          - 257759.196      -     -    3s
     0     0 257844.716    0  755          - 257844.716      -     -    3s
     0     0 257848.712    0  804          - 257848.712      -     -    4s
     0     0 258121.407    0  785          - 258121.407      -     -    4s
     0     0 258271.960    0  813          - 258271.960      -     -    4s
     0     0 258271.960    0  832          - 258271.960      -     -    4s
     0     0 258300.083    0  777          - 258300.083      -     -    4s
     0     0 258309.531    0  809          - 258309.531      -     -    4s
     0     0 258312.443    0  810          - 258312.443      -     -    4s
     0     0 258379.200    0  817          - 258379.200      -     -    4s
     0     0 258393.555    0  832          - 258393.555      -     -    4s
     0     0 258394.725    0  844          - 258394.725      -     -    4s
     0     0 258420.972    0  881          - 258420.972      -     -    4s
     0     0 258452.342    0  744          - 258452.342      -     -    4s
     0     2 258452.342    0  708          - 258452.342      -     -   10s
  6544  6982 264918.277  134  317          - 259070.826      -  60.1   15s
 13384 13384 261709.059   31  514          - 259070.826      -  41.9   20s
 14430 13929 263022.311   48  495          - 259070.826      -  41.7   25s
 14447 13941 264475.942  240  691          - 261009.758      -  41.7   30s
 14474 13959 262695.341   11  627          - 262695.341      -  41.6   35s
 14489 13970 262967.582   14  502          - 262967.582      -  48.6   40s
 14510 13984 263009.717   18  597          - 263009.717      -  48.6   45s
H14515 13288                    424945.39578 263019.156  38.1%  48.6   51s
H14515 12623                    424366.01837 263019.156  38.0%  48.6   51s
H14515 11991                    423080.16378 263019.156  37.8%  48.6   51s
H14515 11391                    422898.55550 263019.156  37.8%  48.6   51s
H14515 10821                    420967.75823 263019.156  37.5%  48.6   51s
H14515 10280                    412948.96902 263019.156  36.3%  48.6   51s
H14515  9765                    412595.63554 263019.156  36.3%  48.6   51s
H14515  9276                    412390.46406 263019.156  36.2%  48.6   51s
H14515  8812                    412095.97094 263019.156  36.2%  48.6   51s
H14515  8371                    411976.72128 263019.156  36.2%  48.6   51s
H14516  7954                    411300.96926 263019.156  36.1%  53.3   52s
H14516  7556                    408937.53120 263019.156  35.7%  53.3   52s
H14547  7230                    408900.20331 263249.132  35.6%  54.2   53s
H14548  6870                    408506.37891 263249.132  35.6%  54.2   53s
H14566  6523                    406996.32990 263255.955  35.3%  54.5   53s
H14576  6195                    406703.35061 263255.955  35.3%  54.8   53s
H14611  5940                    406634.72895 263260.332  35.3%  55.4   55s
H14612  5646                    406294.10610 263260.332  35.2%  55.4   55s
H14623  5365                    406293.22009 263260.332  35.2%  55.5   55s
H14741  5189                    406262.94438 263260.332  35.2%  55.8   58s
H14742  4938                    405838.53967 263260.332  35.1%  55.9   58s
H14749  4698                    403776.53091 263260.332  34.8%  55.9   58s
H14771  4540                    403756.78205 263260.332  34.8%  56.0   59s
H14772  4325                    403424.78045 263260.332  34.7%  56.0   59s
H14789  4115                    402974.56419 263260.332  34.7%  56.1   59s
H14808  3914                    402082.98650 263260.332  34.5%  56.1   59s
H14840  3719                    398791.45068 263260.332  34.0%  56.2   59s
H14858  3570                    398508.50309 263260.332  33.9%  56.3   59s
H14884  3464                    398329.37101 263260.332  33.9%  56.3   60s
H14885  3305                    398156.02423 263260.332  33.9%  56.3   60s
H14899  3151                    396870.09462 263260.332  33.7%  56.4   60s
H14928  2998                    396663.22233 263260.332  33.6%  56.5   60s
 15052  3084 263403.401   43  698 396663.222 263260.332  33.6%  56.8   65s
H15055  2948                    395746.99917 263260.332  33.5%  56.8   65s
H15069  2814                    395529.82808 263260.332  33.4%  56.9   65s
H15084  2729                    395339.39840 263260.332  33.4%  56.9   66s
H15087  2612                    395155.70041 263260.332  33.4%  57.0   66s
H15094  2500                    394886.14166 263260.332  33.3%  57.0   66s
H15105  2391                    394623.12606 263260.332  33.3%  57.1   66s
H15106  2291                    394537.16801 263260.332  33.3%  57.1   66s
H15113  2193                    394211.73011 263260.332  33.2%  57.1   66s
H15118  2103                    393022.30004 263260.332  33.0%  57.1   66s
 15202  2165 263495.944   46  676 393022.300 263260.332  33.0%  57.5   70s
H15203  2078                    392433.92213 263260.332  32.9%  57.5   70s
H15208  1996                    392320.49884 263260.332  32.9%  57.5   70s
H15214  1917                    392310.12681 263260.332  32.9%  57.5   70s
H15363  1939                    392309.38787 263260.332  32.9%  58.2   71s
H15390  1860                    392309.08278 263260.332  32.9%  58.3   71s
H15482  1877                    392175.92287 263260.332  32.9%  58.8   74s
H15483  1814                    392006.19054 263260.332  32.8%  58.8   74s
H15488  1752                    391754.88538 263260.332  32.8%  58.8   74s
H15492  1695                    391668.45223 263260.332  32.8%  58.9   74s
 15516  1718 263565.890   51  624 391668.452 263260.332  32.8%  58.9   76s
H15519  1663                    391656.73852 263260.332  32.8%  59.0   76s
H15548  1632                    391543.41646 263260.332  32.8%  59.1   77s
H15549  1583                    391204.39936 263260.332  32.7%  59.1   77s
H15551  1536                    391105.09391 263260.332  32.7%  59.1   77s
H15565  1488                    391070.48173 263260.332  32.7%  59.1   77s
H15585  1468                    389832.94410 263260.332  32.5%  59.3   78s
H15615  1452                    389832.83643 263260.332  32.5%  59.6   80s
H15616  1414                    389801.12293 263260.332  32.5%  59.6   80s
H15622  1376                    389773.09590 263260.332  32.5%  59.6   80s
H15625  1341                    389737.84808 263260.332  32.5%  59.6   80s
H15626  1308                    389405.26033 263260.332  32.4%  59.6   80s
H15644  1272                    389347.33134 263260.332  32.4%  59.6   80s
H15645  1242                    389216.56443 263260.332  32.4%  59.6   80s
H15688  1261                    389216.15416 263260.332  32.4%  59.8   83s
H15689  1234                    388404.93974 263260.332  32.2%  59.8   83s
H15695  1207                    388382.19102 263260.332  32.2%  59.8   83s
 15717  1232 263718.919   54  580 388382.191 263260.332  32.2%  59.9   86s
H15718  1208                    388381.27929 263260.332  32.2%  59.9   86s
H15721  1184                    388284.90846 263260.332  32.2%  60.0   86s
H15722  1168                    388274.53912 263260.332  32.2%  60.0   86s
H15727  1168                    388186.58555 263260.332  32.2%  60.0   86s
H15738  1168                    387737.81936 263260.332  32.1%  60.0   86s
H15747  1168                    387562.83612 263260.332  32.1%  60.0   86s
H15749  1200                    387517.56196 263260.332  32.1%  60.1   87s
H15762  1200                    387516.33489 263260.332  32.1%  60.1   87s
H15776  1200                    387498.54119 263260.332  32.1%  60.2   87s
H15781  1231                    387488.10050 263260.332  32.1%  60.2   89s
H15786  1231                    387387.29245 263260.332  32.0%  60.3   89s
H15787  1231                    387383.95100 263260.332  32.0%  60.3   89s
H15793  1231                    387072.02916 263260.332  32.0%  60.3   89s
H15798  1231                    386728.18173 263260.332  31.9%  60.3   89s
H15817  1263                    386727.27001 263260.332  31.9%  60.4   91s
H15818  1263                    386725.76962 263260.332  31.9%  60.4   91s
H15821  1263                    386725.74769 263260.332  31.9%  60.4   91s
H15837  1263                    386721.35746 263260.332  31.9%  60.4   91s
H15844  1263                    386712.56650 263260.332  31.9%  60.4   91s
H15854  1294                    386711.65469 263260.332  31.9%  60.5   93s
H15855  1294                    386703.49805 263260.332  31.9%  60.5   93s
H15857  1294                    386630.49670 263260.332  31.9%  60.5   93s
H15865  1294                    386012.14829 263260.332  31.8%  60.5   93s
H15882  1326                    385241.41262 263260.332  31.7%  60.5   96s
H15883  1326                    385240.29699 263260.332  31.7%  60.5   96s
H15885  1326                    385216.16796 263260.332  31.7%  60.5   96s
H15918  1355                    385216.16742 263260.332  31.7%  60.7   98s
H15919  1355                    385196.24834 263260.332  31.7%  60.7   98s
H15923  1355                    385062.43086 263260.332  31.6%  60.7   98s
H15944  1355                    384732.86534 263260.332  31.6%  60.9   98s
H15949  1383                    384633.75736 263260.332  31.6%  60.9  101s
H15977  1383                    384631.49786 263260.332  31.6%  61.0  101s
H15978  1383                    384610.53807 263260.332  31.6%  61.0  101s
H15987  1409                    384607.41372 263260.332  31.6%  61.1  104s
H15996  1409                    384504.26607 263260.332  31.5%  61.2  104s
 16023  1438 263987.648   58  560 384504.266 263260.332  31.5%  61.3  108s
H16027  1438                    384398.90223 263260.332  31.5%  61.3  108s
 16058  1467 263751.492   59  558 384398.902 263260.332  31.5%  61.6  110s
H16060  1467                    384387.76267 263260.332  31.5%  61.6  110s
H16088  1467                    384257.95934 263260.332  31.5%  61.8  110s
H16093  1497                    384257.79306 263260.332  31.5%  61.8  118s
H16095  1497                    384257.36596 263260.332  31.5%  61.8  118s
H16096  1497                    384253.65538 263260.332  31.5%  61.8  118s
 16127  1527 263762.570   60  561 384253.655 263260.332  31.5%  62.0  120s
H16161  1558                    384238.45842 263260.332  31.5%  62.1  133s
H16162  1558                    383866.12663 263260.332  31.4%  62.2  133s
H16164  1558                    382933.21785 263260.332  31.3%  62.2  133s
 16194  1907 263865.466   61  566 382933.218 263260.332  31.3%  62.3  136s
H16548  1939                    382899.89185 263260.332  31.2%  63.5  138s
 16577  2324 263940.416   67  525 382899.892 263260.332  31.2%  63.6  142s
H16971  2356                    382881.73734 263260.332  31.2%  64.4  144s
H16982  2356                    382877.71590 263260.332  31.2%  64.4  144s
 16998  2839 264366.544   73  512 382877.716 263260.332  31.2%  64.4  147s
 17490  2871 264239.102   80  444 382877.716 263260.332  31.2%  65.4  151s
 17522  2903 264238.464   81  444 382877.716 263260.332  31.2%  65.4  157s
 17554  2934 264463.510   81  453 382877.716 263260.332  31.2%  65.5  163s
H17555  2934                    382871.39097 263260.332  31.2%  65.5  163s
H17562  2934                    382870.53869 263260.332  31.2%  65.6  163s
 17586  2966 264293.752   82  434 382870.539 263260.332  31.2%  65.7  169s
H17588  2966                    382869.08917 263260.332  31.2%  65.7  169s
H17592  2966                    382868.57296 263260.332  31.2%  65.7  169s
H17597  2966                    382867.02436 263260.332  31.2%  65.7  169s
 17618  2998 264453.921   82  437 382867.024 263260.332  31.2%  65.8  171s
H17627  2998                    382860.69943 263260.332  31.2%  65.8  171s
H17632  2998                    382856.31190 263260.332  31.2%  65.8  171s
H17660  3027                    382855.74017 263260.332  31.2%  65.9  173s
H17661  3027                    382849.98697 263260.332  31.2%  65.9  173s
 17685  3058 264360.218   83  422 382849.987 263260.332  31.2%  65.9  178s
 17718  3089 264297.708   84  438 382849.987 263260.332  31.2%  66.0  184s
 17751  3118 264323.737   84  436 382849.987 263260.332  31.2%  66.0  193s
H17756  3118                    382849.47077 263260.332  31.2%  66.0  193s
H17759  3118                    382849.13470 263260.332  31.2%  66.1  193s
H17765  3118                    382847.24996 263260.332  31.2%  66.1  193s
H17769  3118                    382831.94598 263260.332  31.2%  66.1  193s
 17786  3147 264297.730   85  432 382831.946 263260.332  31.2%  66.2  196s
 17821  3178 265072.000   85  423 382831.946 263260.332  31.2%  66.3  207s
H17822  3178                    382827.75144 263260.332  31.2%  66.3  207s
H17833  3178                    382647.15393 263260.332  31.2%  66.4  207s
 17854  3208 264298.448   86  441 382647.154 263260.332  31.2%  66.4  210s
H17888  3240                    382465.26099 263260.332  31.2%  66.3  221s
 17953  3302 264664.119   87  418 382465.261 263260.332  31.2%  66.3  225s
H17962  3302                    382465.26090 263260.332  31.2%  66.3  225s
H17970  3302                    382464.40873 263260.332  31.2%  66.4  225s
H17978  3302                    382463.93177 263260.332  31.2%  66.4  225s
 18661  3985 264476.035   99  368 382463.932 263260.332  31.2%  66.9  234s
H18664  3985                    382463.07951 263260.332  31.2%  66.9  234s
H18671  3985                    382462.57814 263260.332  31.2%  66.9  234s
H18686  3985                    382439.35046 263260.332  31.2%  66.9  234s
 18693  4781 264514.216   99  364 382439.350 263260.332  31.2%  66.9  240s
 19529  4807 264848.421  113  291 382439.350 263260.332  31.2%  66.5  246s
H19530  4807                    382438.90021 263260.332  31.2%  66.5  246s
H19550  4807                    382438.49820 263264.932  31.2%  66.6  246s
 19567  4837 264825.869  113  332 382438.498 263264.932  31.2%  66.6  250s
H19568  4837                    382437.52196 263264.932  31.2%  66.6  250s
H19569  4837                    382436.53249 263264.932  31.2%  66.6  250s
H19575  4837                    382436.03113 263264.932  31.2%  66.6  250s
 19635  4898 264874.551  114  284 382436.031 263264.932  31.2%  66.6  258s
H19636  4898                    382436.03094 263264.932  31.2%  66.6  258s
H19647  4898                    382436.03077 263264.932  31.2%  66.6  258s
 19667  4930 264884.837  115  304 382436.031 263264.932  31.2%  66.6  266s
 20180  5378 265049.675  127  252 382436.031 263265.199  31.2%  66.7  271s
 20438  5634 265049.675  128  246 382436.031 263265.199  31.2%  66.7  277s
 20471  6008 265154.956  128  243 382436.031 263265.199  31.2%  66.8  281s
 20883  6051 265373.867  141  239 382436.031 263265.199  31.2%  66.5  287s
H20917  6051                    382428.57550 263265.199  31.2%  66.5  287s
H20920  6051                    382286.18799 263265.199  31.1%  66.5  287s
 20926  6987 265155.860  142  200 382286.188 263265.199  31.1%  66.5  295s
 21971  7020 265936.458  162  188 382286.188 263265.199  31.1%  66.1  302s
H21972  7020                    382285.34190 263265.199  31.1%  66.0  302s
H21987  7020                    382280.17387 263265.199  31.1%  66.0  302s
H22006  7020                    382280.17380 263265.199  31.1%  66.1  302s
H22020  7020                    382275.00585 263265.199  31.1%  66.1  302s
 22022  7051 265986.942  163  186 382275.006 263265.199  31.1%  66.1  306s
H22055  7081                    382275.00571 263265.199  31.1%  66.2  315s
H22056  7081                    382275.00567 263265.199  31.1%  66.2  315s
H22057  7081                    382182.11477 263265.199  31.1%  66.2  315s
H22061  7081                    382163.38837 263265.199  31.1%  66.2  315s
H22069  7081                    382129.42446 263265.199  31.1%  66.2  315s
 22089  7991 265937.019  164  188 382129.424 263265.199  31.1%  66.2  323s
 23069  8021 263503.003   49  592 382129.424 263265.199  31.1%  66.2  326s
H23081  8021                    382129.42439 263265.199  31.1%  66.2  326s
H23097  8021                    382129.42425 263265.199  31.1%  66.2  326s
 23103  8746 263503.595   50  574 382129.424 263265.199  31.1%  66.2  333s
H23921  8746                    382129.42398 263265.199  31.1%  66.1  333s
 23922  8853 263720.614   77  527 382129.424 263265.199  31.1%  66.1  345s
 24062  8970 263732.318   78  513 382129.424 263265.199  31.1%  66.1  357s
 24179  9096 263755.786   80  495 382129.424 263265.199  31.1%  66.0  368s
 24339 10061 264036.050   82  501 382129.424 263265.199  31.1%  66.1  377s
 25444 10088 265590.209  112  419 382129.424 263265.199  31.1%  66.0  391s
H25481 10341                    382018.31884 263265.199  31.1%  66.0  407s
H25589 10341                    381970.65265 263265.199  31.1%  65.9  407s
 25769 10434 265947.768  115  413 381970.653 263265.199  31.1%  66.0  411s
H25770 10434                    381970.62692 263265.199  31.1%  66.0  411s
H25774 10434                    381965.24522 263265.199  31.1%  66.0  411s
 25866 10498 266031.290  117  380 381965.245 263265.199  31.1%  66.0  439s
H25868 10498                    381965.24511 263265.199  31.1%  66.0  439s
H25869 10498                    381965.24484 263265.199  31.1%  66.0  439s
H25870 10498                    381961.96365 263265.199  31.1%  66.0  439s
H25873 10498                    381945.09062 263265.199  31.1%  66.0  439s
H25895 10498                    381941.72821 263265.199  31.1%  66.0  439s
 25898 10528 266031.290  118  381 381941.728 263265.199  31.1%  66.0  442s
H25912 10528                    381921.77978 263265.199  31.1%  66.0  442s
 25932 11977 266031.485  119  366 381921.780 263265.199  31.1%  65.9  454s
 27576 12006 270110.451  180  310 381921.780 263265.199  31.1%  65.6  457s
H27589 12006                    381921.77942 263265.199  31.1%  65.7  457s
H27594 12006                    381921.26252 263265.199  31.1%  65.7  457s
 27611 13329 270115.047  181  306 381921.263 263265.199  31.1%  65.7  468s
H29049 13884                    381921.26197 263265.199  31.1%  64.4  499s
H29128 13884                    381893.03019 263265.199  31.1%  64.3  499s
H29479 13884                    381878.51924 263265.199  31.1%  64.1  499s
H29490 13884                    381870.74825 263265.199  31.1%  64.1  499s
 29658 14491 263476.417   49  618 381870.748 263265.199  31.1%  64.1  524s
H29986 14491                    381865.07495 263265.199  31.1%  63.5  524s
H30088 14491                    381858.07721 263265.199  31.1%  63.5  524s
 30343 17148 263531.656   59  586 381858.077 263265.199  31.1%  63.8  551s
H31350 16183                    272765.34452 263265.199  3.48%  63.3  551s

Cutting planes:
  Gomory: 83
  Cover: 11
  Implied bound: 9
  MIR: 550
  Mixing: 47
  Flow cover: 626
  Inf proof: 6
  Relax-and-lift: 17

Explored 33208 nodes (2139914 simplex iterations) in 552.65 seconds (168.62 work units)
Thread count was 32 (of 32 available processors)

Solution count 10: 272765 272765 381858 ... 381922

Optimal solution found (tolerance 6.00e-02)
Best objective 2.727653445209e+05, best bound 2.632651989677e+05, gap 3.4829%
