
Gurobi 12.0.3 (win64) logging started Tue Jun 30 14:33:22 2026

Set parameter LogFile to value "output/DCH_taller_julio/Costo_variable/Carga_on_board_320kW_Descomp/station_2_d121\gurobi.log"
Set parameter Threads to value 5
Set parameter Heuristics to value 0.5
Set parameter MIPFocus to value 3
Set parameter Presolve to value 2
Set parameter FlowCoverCuts to value 2
Set parameter TimeLimit to value 172800
Gurobi Optimizer version 12.0.3 build v12.0.3rc0 (win64 - Windows 11+.0 (26200.2))

CPU model: Intel(R) Core(TM) i9-14900K, instruction set [SSE2|AVX|AVX2]
Thread count: 24 physical cores, 32 logical processors, using up to 5 threads

Non-default parameters:
TimeLimit  172800
MIPGap  0.01
Heuristics  0.5
MIPFocus  3
FlowCoverCuts  2
Presolve  2
Threads  5

Optimize a model with 23795 rows, 37807 columns and 115930 nonzeros
Model fingerprint: 0x287a0be7
Variable types: 18325 continuous, 19482 integer (19481 binary)
Coefficient statistics:
  Matrix range     [1e-01, 3e+02]
  Objective range  [8e-03, 1e+02]
  Bounds range     [1e+00, 1e+00]
  RHS range        [1e+00, 1e+04]
Presolve removed 21482 rows and 27338 columns
Presolve time: 0.16s
Presolved: 2313 rows, 10469 columns, 31008 nonzeros
Variable types: 821 continuous, 9648 integer (9648 binary)
Root relaxation presolved: 2313 rows, 10469 columns, 31008 nonzeros


Root relaxation: objective 1.287265e+05, 3238 iterations, 0.18 seconds (0.25 work units)

    Nodes    |    Current Node    |     Objective Bounds      |     Work
 Expl Unexpl |  Obj  Depth IntInf | Incumbent    BestBd   Gap | It/Node Time

     0     0 128726.480    0  262          - 128726.480      -     -    1s
H    0     0                    154190.44288 128726.480  16.5%     -    1s
H    0     0                    154148.68448 128726.480  16.5%     -    1s
H    0     0                    146991.79371 128726.480  12.4%     -    1s
H    0     0                    146987.34316 128726.480  12.4%     -    1s
H    0     0                    146919.16324 128726.480  12.4%     -    1s
H    0     0                    146914.87684 128726.480  12.4%     -    1s
H    0     0                    146892.71618 128726.480  12.4%     -    1s
H    0     0                    146889.96518 128726.480  12.4%     -    1s
H    0     0                    146889.39606 128726.480  12.4%     -    1s
H    0     0                    146886.95220 128726.480  12.4%     -    1s
H    0     0                    143966.38910 128726.480  10.6%     -    1s
H    0     0                    143710.55456 128726.480  10.4%     -    1s
H    0     0                    133548.29430 128726.536  3.61%     -    2s
H    0     0                    132763.24025 128726.536  3.04%     -    2s
H    0     0                    132763.23010 128726.536  3.04%     -    2s
H    0     0                    132619.58155 128726.536  2.94%     -    2s
     0     0 128751.863    0  241 132619.582 128751.863  2.92%     -    3s
     0     0 128752.122    0  266 132619.582 128752.122  2.92%     -    4s
H    0     0                    132550.46922 128752.122  2.87%     -    5s
H    0     0                    131402.28277 128752.122  2.02%     -    5s
H    0     0                    130094.27287 128752.122  1.03%     -    5s
H    0     0                    130082.60861 128752.122  1.02%     -    5s
H    0     0                    128804.11480 128752.122  0.04%     -    5s
     0     0 128752.122    0  239 128804.115 128752.122  0.04%     -    5s

Cutting planes:
  Gomory: 16
  Cover: 13
  Implied bound: 19
  Clique: 10
  MIR: 38
  Mixing: 21
  Flow cover: 41
  Zero half: 40
  RLT: 7
  Relax-and-lift: 27
  BQP: 3
  PSD: 8

Explored 1 nodes (27666 simplex iterations) in 5.69 seconds (5.67 work units)
Thread count was 5 (of 32 available processors)

Solution count 10: 128804 130083 130094 ... 143711

Optimal solution found (tolerance 1.00e-02)
Best objective 1.288041148018e+05, best bound 1.287521221824e+05, gap 0.0404%
