
Gurobi 12.0.3 (win64) logging started Mon Nov 24 17:42:55 2025

Set parameter LogFile to value "ELMO_log.txt"
Set parameter Threads to value 32
Set parameter Heuristics to value 0.8
Gurobi Optimizer version 12.0.3 build v12.0.3rc0 (win64 - Windows 11+.0 (26200.2))

CPU model: Intel(R) Core(TM) i9-14900K, instruction set [SSE2|AVX|AVX2]
Thread count: 24 physical cores, 32 logical processors, using up to 32 threads

Non-default parameters:
MIPGap  0.01
Heuristics  0.8
Threads  32

Optimize a model with 2757 rows, 10378 columns and 19544 nonzeros
Model fingerprint: 0x3f35f05c
Variable types: 772 continuous, 9606 integer (9603 binary)
Coefficient statistics:
  Matrix range     [5e-01, 1e+03]
  Objective range  [5e+00, 2e+05]
  Bounds range     [1e+00, 1e+00]
  RHS range        [1e+00, 2e+03]
Presolve removed 1017 rows and 7360 columns
Presolve time: 0.01s
Presolved: 1740 rows, 3018 columns, 10212 nonzeros
Variable types: 756 continuous, 2262 integer (2260 binary)
Found heuristic solution: objective 634062.99244

Root relaxation: objective 3.212135e+05, 3345 iterations, 0.05 seconds (0.10 work units)

    Nodes    |    Current Node    |     Objective Bounds      |     Work
 Expl Unexpl |  Obj  Depth IntInf | Incumbent    BestBd   Gap | It/Node Time

     0     0 321213.472    0  195 634062.992 321213.472  49.3%     -    0s
H    0     0                    633420.92114 321213.472  49.3%     -    0s
H    0     0                    632549.67339 364832.231  42.3%     -    0s
H    0     0                    631053.33786 364832.231  42.2%     -    0s
     0     0 367211.134    0  246 631053.338 367211.134  41.8%     -    0s
H    0     0                    630978.98254 367211.134  41.8%     -    0s
H    0     0                    630906.57295 367211.134  41.8%     -    0s
     0     0 367611.659    0  228 630906.573 367611.659  41.7%     -    0s
     0     0 367611.659    0  228 630906.573 367611.659  41.7%     -    0s
H    0     0                    622515.98032 367611.659  40.9%     -    0s
     0     0 367611.659    0  220 622515.980 367611.659  40.9%     -    0s
H    0     0                    621905.12808 367611.659  40.9%     -    0s
H    0     0                    621734.13856 367611.659  40.9%     -    0s
     0     0 367611.659    0  228 621734.139 367611.659  40.9%     -    0s
     0     0 367611.659    0  227 621734.139 367611.659  40.9%     -    0s
     0     0 367611.659    0  258 621734.139 367611.659  40.9%     -    0s
     0     0 367611.659    0  219 621734.139 367611.659  40.9%     -    0s
H    0     0                    621709.26335 367611.659  40.9%     -    0s
H    0     0                    620158.07965 367611.659  40.7%     -    0s
H    0     0                    620153.81295 367611.659  40.7%     -    0s
H    0     0                    620123.54911 367611.659  40.7%     -    0s
H    0     0                    619747.64014 367611.659  40.7%     -    0s
H    0     0                    619591.03788 367611.659  40.7%     -    1s
H    0     0                    618847.47121 367611.659  40.6%     -    1s
H    0     0                    618746.76292 367611.659  40.6%     -    1s
H    0     0                    618521.79254 367611.659  40.6%     -    1s
H    0     0                    618492.55124 367611.659  40.6%     -    1s
H    0     2                    618438.76284 367611.659  40.6%     -    1s
     0     2 367611.659    0  216 618438.763 367611.659  40.6%     -    1s
H   43    72                    618389.01576 373234.654  39.6%   295    1s
H   56    72                    618353.09972 373234.654  39.6%   248    1s
H   65    72                    618298.32038 373255.904  39.6%   229    1s
H   67    72                    618295.30222 373255.904  39.6%   224    1s
H   69    72                    618293.58705 373255.904  39.6%   219    1s
H  172   198                    618215.76630 373258.212  39.6%   123    2s
H  201   252                    618050.11080 373258.212  39.6%   111    2s
H  203   252                    617425.04562 373258.212  39.5%   110    2s
H  228   252                    616908.87738 373258.212  39.5%   102    2s
H  424   444                    616761.13136 373258.212  39.5%  66.4    2s
H  572   599                    616737.38329 373258.212  39.5%  56.2    2s
H  577   599                    616707.34296 373258.212  39.5%  56.1    2s
H  880   882                    616695.97912 373258.212  39.5%  42.2    3s
H 1050  1065                    616684.75995 373258.212  39.5%  38.2    3s
H 1054  1065                    616480.24721 373258.212  39.5%  38.0    3s
H 1268  1286                    616480.18278 373258.212  39.5%  33.5    3s
H 1545  1568                    616459.88553 373258.212  39.5%  29.3    3s
H 1703  1728                    616435.41530 373258.212  39.4%  27.7    4s
H 1720  1728                    616363.61822 373258.212  39.4%  27.5    4s
H 2038  2059                    616235.98964 373258.212  39.4%  24.6    4s
H 2045  2059                    616221.95199 373258.212  39.4%  24.6    4s
H 2070  2091                    616007.23809 373258.212  39.4%  24.5    4s
H 2076  2091                    616004.43705 373258.212  39.4%  24.5    4s
  2128  2155 377341.254   44  166 616004.437 373258.212  39.4%  24.0    5s
H 2190  2187                    615933.65589 373258.212  39.4%  23.6    5s
H 2583  2607                    615545.29352 373258.212  39.4%  21.4    5s
H 2719  2735                    615528.05319 373258.212  39.4%  20.8    5s
H 2726  2735                    615358.27276 373258.212  39.3%  20.8    5s
H 3230  3248                    615339.80252 373258.212  39.3%  18.9    6s
H 3880  3889                    615331.93022 373258.212  39.3%  16.8    7s
H 3892  3889                    615331.60512 373258.212  39.3%  16.8    7s
H 4528  4507                    615331.54069 373258.212  39.3%  15.5    8s
H 4534  4507                    615273.92039 373258.212  39.3%  15.5    8s
H 5152  5151                    615272.63910 373258.212  39.3%  14.8    9s
  5597  5593 381497.187  130  148 615272.639 373258.212  39.3%  14.4   10s
H 5599  5593                    615272.57467 373258.212  39.3%  14.4   10s
H 6421  6379                    615194.82563 373258.212  39.3%  13.5   10s
H 7658  7598                    614706.02743 373258.212  39.3%  12.5   12s
H 7693  7629                    614698.39920 373258.212  39.3%  12.5   13s
H 7698  7629                    614537.62498 373258.212  39.3%  12.5   13s
H 8771  8659                    614534.02217 373258.212  39.3%  12.1   14s
H 9367  9238                    614533.13286 373258.212  39.3%  12.1   14s
H 9368  9238                    614161.59448 373258.212  39.2%  12.1   14s
  9403 10165 385517.539   63  135 614161.594 373258.212  39.2%  12.1   15s
H10472 10227                    614155.53992 373258.212  39.2%  11.9   16s
H11836 11536                    614146.21113 373258.212  39.2%  11.7   17s
H11842 11536                    614145.47085 373258.212  39.2%  11.7   17s
H12777 12370                    614145.46982 373407.160  39.2%  11.9   18s
 14215 13680 484077.373   67  219 614145.470 373407.160  39.2%  11.7   20s
 14301 13863 382680.709   19  246 614145.470 381422.310  37.9%  14.5   25s
H14658 13315                    452052.86913 381422.310  15.6%  15.1   26s
H14730 12653                    452052.53399 381441.596  15.6%  15.3   26s
H14753 12054                    452051.51588 381441.596  15.6%  15.4   26s
H14767 11462                    450954.82168 381441.596  15.4%  15.4   26s
H14778 10929                    450954.10053 381476.126  15.4%  15.4   26s
H14785 10398                    450918.58305 381476.126  15.4%  15.5   26s
H14805  9927                    450874.18685 381476.126  15.4%  15.5   26s
H14806  9449                    444613.43598 381476.126  14.2%  15.5   26s
H14863  9008                    444608.83067 381476.126  14.2%  15.7   27s
H14945  8646                    444136.90111 381476.126  14.1%  15.8   27s
H15200  8408                    444136.27621 381476.126  14.1%  16.3   28s
H15213  8014                    442299.09817 381476.126  13.8%  16.3   28s
H15444  7934                    442222.07331 381476.126  13.7%  16.8   29s
H15450  7580                    442215.94493 381476.126  13.7%  16.8   29s
H15469  7240                    442215.64797 381476.126  13.7%  16.9   29s
H15475  6921                    442201.27199 381476.126  13.7%  16.9   29s
H15481  6618                    442200.15361 381476.126  13.7%  16.9   29s
H15518  6320                    442198.32610 381476.126  13.7%  16.9   29s
H15519  6047                    442182.49661 381476.126  13.7%  16.9   29s
H15552  5778                    442180.37457 381476.126  13.7%  17.0   29s
H15599  5517                    442180.07760 381476.126  13.7%  17.0   29s
H15885  5565                    442179.74247 381476.126  13.7%  17.3   29s
H15891  5342                    442179.74120 381476.126  13.7%  17.3   29s
 16028  5529 391951.386   48  129 442179.741 381476.126  13.7%  17.5   30s
H16737  5436                    441921.96064 381591.285  13.7%  18.3   30s
H16751  5262                    441921.77067 381591.285  13.7%  18.3   31s
H16778  5147                    441875.25172 381591.285  13.6%  18.3   31s
H16800  4959                    441856.52030 381591.285  13.6%  18.3   31s
H16810  4763                    441465.70639 381591.285  13.6%  18.4   31s
H16893  4592                    441412.32493 381591.285  13.6%  18.6   31s
H16920  4525                    441400.04753 381591.285  13.5%  18.6   31s
H16931  4374                    441390.29166 381591.285  13.5%  18.6   31s
H16939  4232                    441379.58993 381591.285  13.5%  18.6   31s
H17026  4069                    441351.42886 381591.285  13.5%  18.8   31s
H17031  3966                    441301.84755 381591.285  13.5%  18.8   31s
H17035  3845                    441300.39987 381591.285  13.5%  18.8   31s
H17041  3730                    441295.20187 381591.285  13.5%  18.8   31s
H17078  3648                    441294.99882 381591.285  13.5%  18.8   32s
H17080  3544                    441293.53316 381591.285  13.5%  18.8   32s
H17085  3445                    441291.98334 381591.285  13.5%  18.8   32s
H17094  3349                    441291.96493 381591.285  13.5%  18.8   32s
H17610  3561                    441261.89043 381734.564  13.5%  19.3   32s
H17806  3587                    441254.93082 381742.250  13.5%  19.5   33s
H17827  3501                    441252.82848 381742.250  13.5%  19.5   33s
H17834  3547                    441251.02213 381742.250  13.5%  19.5   33s
H18122  3475                    441251.02171 381742.250  13.5%  19.7   34s
 18751  3961 392141.856  107   36 441251.022 381742.250  13.5%  20.1   35s
H18757  3961                    441251.02114 381742.250  13.5%  20.1   35s
H18776  3961                    441251.02086 381751.267  13.5%  20.2   35s
H18782  3945                    441147.42786 381755.479  13.5%  20.2   35s
H19382  4423                    441145.12248 381755.479  13.5%  20.7   35s
H19438  4452                    441144.20851 381755.479  13.5%  20.8   36s
H19486  3008                    399428.24475 381755.479  4.42%  20.8   36s
H19513  2996                    399428.16682 381755.479  4.42%  20.9   36s
H19519  2988                    399360.93430 381755.479  4.41%  20.9   36s
H19529  2707                    395002.47269 381755.479  3.35%  20.9   36s
H19644  2711                    394834.90792 381795.197  3.30%  21.0   37s
H19645  2475                    393786.72088 381795.197  3.05%  21.0   37s
H20126  2880                    393616.22675 381795.197  3.00%  21.8   37s
H20141  2457                    392036.11492 381795.197  2.61%  21.8   37s
H20155  2462                    392014.07869 381795.197  2.61%  21.9   38s
H20156  2377                    391822.42307 381795.197  2.56%  21.9   38s
H20161  2286                    391557.79145 381795.197  2.49%  21.9   38s
H20175  2247                    391452.94756 381795.197  2.47%  21.9   38s
H20566  2645                    391430.83152 381795.197  2.46%  22.4   38s
H20789  2621                    391315.82268 381798.339  2.43%  22.6   38s
H20830  2650                    391307.28657 381801.562  2.43%  22.7   38s
H20836  2635                    391293.78645 381801.562  2.43%  22.7   38s
H20848  2634                    391286.27673 381801.562  2.42%  22.8   38s
H20853  2628                    391267.11769 381801.562  2.42%  22.8   38s
H20862  2650                    391265.84981 381801.562  2.42%  22.8   39s
H20865  2620                    391186.97272 381801.562  2.40%  22.8   39s
H20897  2637                    391165.70600 381801.562  2.39%  22.8   39s
H20933  2658                    391165.43598 381801.562  2.39%  22.8   39s
H20968  2626                    391087.29202 381801.815  2.37%  22.9   39s
 21005  2681 390422.985   53  176 391087.292 381801.815  2.37%  23.0   40s
H21018  2630                    390980.40127 381801.815  2.35%  23.0   40s
H21079  2686                    390971.19115 381801.815  2.35%  23.0   40s
H21080  2682                    390955.97918 381801.815  2.34%  23.0   40s
H21088  2682                    390955.42633 381801.815  2.34%  23.0   40s
H21140  2740                    390952.98272 381801.815  2.34%  23.1   41s
 21618  3111 383632.782   33  231 390952.983 383612.407  1.88%  23.9   45s
H22361  3386                    390919.48658 383617.723  1.87%  24.7   47s
H22663  3402                    390756.58068 383617.723  1.83%  24.9   47s
H22982  3416                    390632.20944 383642.403  1.79%  25.1   48s
H22990  3341                    390562.83570 383642.403  1.77%  25.1   48s
H23008  3213                    390562.26562 383642.403  1.77%  25.2   48s
H23018  3094                    390558.36204 383642.403  1.77%  25.2   48s
H23440  3110                    390395.55339 383661.311  1.72%  25.4   48s
H23492  3036                    390371.18181 383661.311  1.72%  25.4   49s
H23504  2933                    390364.70618 383661.785  1.72%  25.4   49s
H23599  2873                    390343.15469 383663.706  1.71%  25.5   49s
H23601  2782                    390319.79435 383663.706  1.71%  25.5   49s
H23609  2695                    390305.27442 383663.706  1.70%  25.5   49s
H23628  2607                    390295.79112 383663.706  1.70%  25.5   49s
 24064  2763 infeasible   65      390295.791 383669.970  1.70%  25.7   50s
H24153  2714                    390293.00745 383669.970  1.70%  25.8   50s
H24650  2869                    390290.86951 383696.134  1.69%  26.0   50s
H24651  2795                    390284.72760 383696.134  1.69%  26.0   50s
H24735  2715                    390283.72974 383696.134  1.69%  26.0   50s
H24742  2651                    390283.62691 383696.134  1.69%  26.0   50s
H24882  2626                    390283.45972 383713.912  1.68%  26.1   51s
H25503  3090                    390281.81039 383732.390  1.68%  26.5   51s
H25607  3173                    390278.80133 383748.357  1.67%  26.6   52s
H25733  3276                    390276.20864 383748.357  1.67%  26.7   52s
H25797  3334                    390271.02073 383748.357  1.67%  26.7   53s
H25922  3502                    390271.02055 383748.357  1.67%  26.8   53s
H25931  3502                    390271.02039 383748.357  1.67%  26.8   53s
H26015  3502                    390271.02031 383748.357  1.67%  26.8   53s
 26290  3673     cutoff   72      390271.020 383762.838  1.67%  27.0   55s
H26458  3858                    390256.89059 383775.363  1.66%  27.1   55s
H26673  3872                    390233.93513 383775.363  1.66%  27.1   55s
H26733  3907                    390233.30912 383775.363  1.65%  27.1   56s
H27594  4474                    390232.56883 383836.181  1.64%  27.6   57s
H27745  4567                    390167.60803 383836.181  1.62%  27.6   58s
H28951  5180                    390165.44658 383869.794  1.61%  28.1   59s
 28963  6119     cutoff   74      390165.447 383869.794  1.61%  28.1   60s
H30561  6197                    390163.74286 383904.970  1.60%  28.6   60s
H30564  6197                    390163.71442 383904.970  1.60%  28.6   60s
H30696  6278                    390162.01082 383939.255  1.59%  28.6   61s
H30767  6321                    390162.00949 383948.263  1.59%  28.7   62s
H31074  6488                    390162.00936 383963.236  1.59%  28.8   63s
 31746  6937 389490.946   79   94 390162.009 383982.024  1.58%  29.2   65s
 33991  8544 384636.875   39  202 390162.009 383997.885  1.58%  30.1   70s
 36219  9824 388238.315   67  146 390162.009 384019.553  1.57%  30.8   75s
 38272 11098 384369.526   38  210 390162.009 384061.200  1.56%  31.6   80s
 41274 13337 389233.389   49  173 390162.009 384102.963  1.55%  32.8   85s
 44961 15964 385253.005   36  199 390162.009 384217.730  1.52%  34.1   90s
 47258 17339 389556.514   59  158 390162.009 384256.524  1.51%  34.6   95s
 51930 19753 387971.997   65  114 390162.009 384351.784  1.49%  35.4  101s
H52062 19753                    390162.00917 384351.784  1.49%  35.4  101s
 52977 20275 389457.873   84   84 390162.009 384355.376  1.49%  35.6  105s
 56624 23216 388141.555   57  166 390162.009 384439.934  1.47%  36.2  110s
 58149 23457 389297.810   75  219 390162.009 384439.934  1.47%  36.4  116s
H58169 22296                    390162.00910 385783.356  1.12%  36.4  118s
 58176 22301 386400.532   41  294 390162.009 385900.519  1.09%  36.4  120s
H58184 21190                    390162.00906 385989.945  1.07%  36.4  122s
 58200 21201 386973.887   52  337 390162.009 386066.704  1.05%  36.4  125s
H58220 20152                    390161.99387 386218.752  1.01%  36.4  129s
 58222 20154 386350.016   44  334 390161.994 386219.221  1.01%  36.4  130s

Cutting planes:
  Gomory: 25
  Cover: 1
  Implied bound: 1
  MIR: 89
  Flow cover: 161
  Relax-and-lift: 3

Explored 58231 nodes (2165220 simplex iterations) in 132.28 seconds (104.69 work units)
Thread count was 32 (of 32 available processors)

Solution count 10: 390162 390162 390162 ... 390165

Optimal solution found (tolerance 1.00e-02)
Best objective 3.901620108164e+05, best bound 3.862610375084e+05, gap 0.9998%
