
Gurobi 12.0.3 (win64) logging started Sun Aug 23 17:25:49 2026

Set parameter LogFile to value "C:\Users\TECNO-MASTER\Desktop\Elmo_infrastructure_sizing_NP-\output\DCH_agosto\Costo_variable\Ventana_restringida\Carga_on_board_variable_3estaciones_P640kW_Descomp/station_2_d91\gurobi.log"
Set parameter Threads to value 1
Set parameter Heuristics to value 0.5
Set parameter MIPFocus to value 3
Set parameter Presolve to value 2
Set parameter FlowCoverCuts to value 2
Set parameter TimeLimit to value 172800
Gurobi Optimizer version 12.0.3 build v12.0.3rc0 (win64 - Windows 11+.0 (26200.2))

CPU model: Intel(R) Core(TM) i9-14900K, instruction set [SSE2|AVX|AVX2]
Thread count: 24 physical cores, 32 logical processors, using up to 1 threads

Non-default parameters:
TimeLimit  172800
MIPGap  0.01
Heuristics  0.5
MIPFocus  3
FlowCoverCuts  2
Presolve  2
Threads  1

Optimize a model with 24316 rows, 39247 columns and 116352 nonzeros
Model fingerprint: 0x9c503383
Variable types: 18325 continuous, 20922 integer (20921 binary)
Coefficient statistics:
  Matrix range     [1e-01, 6e+02]
  Objective range  [1e-02, 1e+02]
  Bounds range     [1e+00, 3e+00]
  RHS range        [1e+00, 1e+04]
Presolve removed 23245 rows and 29971 columns
Presolve time: 0.20s
Presolved: 1071 rows, 9276 columns, 28625 nonzeros
Variable types: 233 continuous, 9043 integer (8952 binary)
Root relaxation presolved: 1071 rows, 9276 columns, 28625 nonzeros


Use crossover to convert LP symmetric solution to basic solution...

Root relaxation: objective 1.820710e+05, 3058 iterations, 0.05 seconds (0.04 work units)

    Nodes    |    Current Node    |     Objective Bounds      |     Work
 Expl Unexpl |  Obj  Depth IntInf | Incumbent    BestBd   Gap | It/Node Time

     0     0 182071.017    0   63          - 182071.017      -     -    0s
     0     0 185524.577    0   73          - 185524.577      -     -    1s
H    0     0                    222768.29108 185524.577  16.7%     -    1s
H    0     0                    222538.49164 185524.577  16.6%     -    1s
H    0     0                    199088.87874 185524.577  6.81%     -    1s
H    0     0                    197810.23614 185524.577  6.21%     -    1s
H    0     0                    197573.52816 185524.577  6.10%     -    1s
H    0     0                    197555.48631 185524.577  6.09%     -    1s
H    0     0                    197527.58344 185524.577  6.08%     -    1s
H    0     0                    196939.19019 185524.577  5.80%     -    1s
H    0     0                    196921.42909 185524.577  5.79%     -    1s
     0     0 186731.929    0   81 196921.429 186731.929  5.17%     -    1s
     0     0 186731.929    0   57 196921.429 186731.929  5.17%     -    1s
H    0     0                    196921.29207 186731.929  5.17%     -    2s
H    0     0                    191979.53171 186731.929  2.73%     -    2s
     0     0 186731.929    0   60 191979.532 186731.929  2.73%     -    2s
     0     0 186731.929    0   56 191979.532 186731.929  2.73%     -    2s
     0     0 186731.929    0   56 191979.532 186731.929  2.73%     -    2s
H    0     0                    191263.60768 186731.929  2.37%     -    2s
H    0     0                    190667.06029 186731.929  2.06%     -    2s
H    0     0                    190635.55246 186731.929  2.05%     -    3s
H    0     0                    189753.61176 186731.929  1.59%     -    3s
H    0     0                    189753.24578 186731.929  1.59%     -    3s
H    0     0                    189752.87980 186731.929  1.59%     -    3s
     0     2 186731.929    0   38 189752.880 186731.929  1.59%     -    4s
     9    11 186731.929    5  108 189752.880 186731.929  1.59%   557    5s
H   19    19                    189337.04329 186731.929  1.38%   392    5s
H   19    19                    189157.72627 186731.929  1.28%   392    5s
H   19    19                    189143.11354 186731.929  1.27%   392    5s
H   19    19                    188831.72696 186731.929  1.11%   392    5s
H   19    19                    188644.54353 186731.929  1.01%   392    5s
H   19    19                    188633.45135 186731.929  1.01%   392    5s
H   19    19                    188628.68308 186731.929  1.01%   392    5s
H   27    27                    188584.80324 186731.929  0.98%   420    6s

Cutting planes:
  Gomory: 23
  Lift-and-project: 1
  Cover: 28
  Implied bound: 35
  Projected implied bound: 2
  Clique: 47
  MIR: 166
  Mixing: 69
  StrongCG: 1
  Flow cover: 276
  Zero half: 40
  RLT: 26
  Relax-and-lift: 95
  BQP: 2
  PSD: 19

Explored 28 nodes (20736 simplex iterations) in 6.43 seconds (7.12 work units)
Thread count was 1 (of 32 available processors)

Solution count 10: 188585 188629 188633 ... 189753

Optimal solution found (tolerance 1.00e-02)
Best objective 1.885848032365e+05, best bound 1.867319290116e+05, gap 0.9825%
