
Gurobi 12.0.0 (win64) logging started Mon Sep  7 03:57:53 2026

Set parameter LogFile to value "C:\Users\TECNO-MASTER\Desktop\Elmo_infrastructure_sizing_NP-\output\DCH_septiembre\Bateria_482\Costo_variable\Ventana_restringida\Carga_on_board_variable_3estaciones_P320kW_Descomp/station_3_d182_stage1\gurobi.log"
Set parameter Threads to value 1
Set parameter Heuristics to value 0.5
Set parameter MIPFocus to value 3
Set parameter Presolve to value 2
Set parameter FlowCoverCuts to value 2
Set parameter TimeLimit to value 1200
Gurobi Optimizer version 12.0.0 build v12.0.0rc1 (win64 - Windows 11+.0 (26200.2))

CPU model: Intel(R) Core(TM) i9-14900K, instruction set [SSE2|AVX|AVX2]
Thread count: 24 physical cores, 32 logical processors, using up to 1 threads

Non-default parameters:
TimeLimit  1200
MIPGap  0.05
Heuristics  0.5
MIPFocus  3
FlowCoverCuts  2
Presolve  2
Threads  1

Optimize a model with 23314 rows, 37249 columns and 111232 nonzeros
Model fingerprint: 0xf7268813
Variable types: 17323 continuous, 19926 integer (19925 binary)
Coefficient statistics:
  Matrix range     [1e-01, 3e+02]
  Objective range  [1e-02, 8e+04]
  Bounds range     [1e+00, 1e+00]
  RHS range        [1e+00, 1e+04]
Presolve removed 22120 rows and 28480 columns
Presolve time: 0.17s
Presolved: 1194 rows, 8769 columns, 26464 nonzeros
Variable types: 233 continuous, 8536 integer (8535 binary)
Root relaxation presolved: 1194 rows, 8769 columns, 26464 nonzeros


Use crossover to convert LP symmetric solution to basic solution...

Root relaxation: objective 2.076660e+05, 3261 iterations, 0.07 seconds (0.05 work units)

    Nodes    |    Current Node    |     Objective Bounds      |     Work
 Expl Unexpl |  Obj  Depth IntInf | Incumbent    BestBd   Gap | It/Node Time

     0     0 215670.201    0   83          - 215670.201      -     -    0s
H    0     0                    229451.68003 215670.201  6.01%     -    0s
H    0     0                    221801.22586 215670.201  2.76%     -    0s

Explored 1 nodes (5763 simplex iterations) in 0.94 seconds (0.75 work units)
Thread count was 1 (of 32 available processors)

Solution count 2: 221801 229452 

Optimal solution found (tolerance 5.00e-02)
Best objective 2.218012258632e+05, best bound 2.156702007038e+05, gap 2.7642%
