
Gurobi 12.0.0 (win64) logging started Mon Sep  7 03:59:43 2026

Set parameter LogFile to value "C:\Users\TECNO-MASTER\Desktop\Elmo_infrastructure_sizing_NP-\output\DCH_septiembre\Bateria_482\Costo_variable\Carga_libre\Carga_on_board_variable_3estaciones_P320kW_Descomp/station_1_d213\gurobi.log"
Set parameter Threads to value 1
Set parameter Heuristics to value 0.5
Set parameter MIPFocus to value 3
Set parameter Presolve to value 2
Set parameter FlowCoverCuts to value 2
Set parameter TimeLimit to value 1200
Gurobi Optimizer version 12.0.0 build v12.0.0rc1 (win64 - Windows 11+.0 (26200.2))

CPU model: Intel(R) Core(TM) i9-14900K, instruction set [SSE2|AVX|AVX2]
Thread count: 24 physical cores, 32 logical processors, using up to 1 threads

Non-default parameters:
TimeLimit  1200
MIPGap  0.05
Heuristics  0.5
MIPFocus  3
FlowCoverCuts  2
Presolve  2
Threads  1

Optimize a model with 22770 rows, 37249 columns and 109784 nonzeros
Model fingerprint: 0x105e6d21
Variable types: 17323 continuous, 19926 integer (19925 binary)
Coefficient statistics:
  Matrix range     [1e-01, 3e+02]
  Objective range  [8e-03, 1e+02]
  Bounds range     [1e+00, 1e+00]
  RHS range        [1e+00, 1e+04]
Presolve removed 20416 rows and 26952 columns
Presolve time: 0.24s
Presolved: 2354 rows, 10297 columns, 30484 nonzeros
Variable types: 841 continuous, 9456 integer (9456 binary)
Root relaxation presolved: 2354 rows, 10297 columns, 30484 nonzeros


Root relaxation: objective 1.164878e+05, 4162 iterations, 0.32 seconds (0.30 work units)

    Nodes    |    Current Node    |     Objective Bounds      |     Work
 Expl Unexpl |  Obj  Depth IntInf | Incumbent    BestBd   Gap | It/Node Time

     0     0 116487.754    0   41          - 116487.754      -     -    1s
H    0     0                    143053.77654 116487.754  18.6%     -    1s
H    0     0                    139096.24291 116487.754  16.3%     -    1s
H    0     0                    139057.06040 116487.754  16.2%     -    1s
     0     0 116493.185    0   47 139057.060 116493.185  16.2%     -    1s
H    0     0                    128161.54186 116493.185  9.10%     -    1s
H    0     0                    126538.82333 116493.185  7.94%     -    2s
H    0     0                    116511.97288 116493.185  0.02%     -    2s

Cutting planes:
  Gomory: 1
  Cover: 3
  Implied bound: 1
  Clique: 2
  Zero half: 4
  RLT: 3
  Relax-and-lift: 8
  PSD: 2

Explored 1 nodes (8005 simplex iterations) in 2.05 seconds (1.45 work units)
Thread count was 1 (of 32 available processors)

Solution count 6: 116512 126539 128162 ... 143054

Optimal solution found (tolerance 5.00e-02)
Best objective 1.165119728847e+05, best bound 1.164931854352e+05, gap 0.0161%
