
Gurobi 12.0.3 (win64) logging started Tue Jul  7 01:00:19 2026

Set parameter LogFile to value "output/DCH_taller_julio/Costo_variable/Ventana_restringida/Carga_on_board_320kW_Descomp_ventana_carga/station_1_d152\gurobi.log"
Set parameter Threads to value 5
Set parameter Heuristics to value 0.5
Set parameter MIPFocus to value 3
Set parameter Presolve to value 2
Set parameter FlowCoverCuts to value 2
Set parameter TimeLimit to value 172800
Gurobi Optimizer version 12.0.3 build v12.0.3rc0 (win64 - Windows 11+.0 (26200.2))

CPU model: Intel(R) Core(TM) i9-14900K, instruction set [SSE2|AVX|AVX2]
Thread count: 24 physical cores, 32 logical processors, using up to 5 threads

Non-default parameters:
TimeLimit  172800
MIPGap  0.01
Heuristics  0.5
MIPFocus  3
FlowCoverCuts  2
Presolve  2
Threads  5

Optimize a model with 23329 rows, 35809 columns and 110436 nonzeros
Model fingerprint: 0xaca3da22
Variable types: 17323 continuous, 18486 integer (18485 binary)
Coefficient statistics:
  Matrix range     [1e-01, 3e+02]
  Objective range  [1e-02, 1e+02]
  Bounds range     [1e+00, 2e+00]
  RHS range        [1e+00, 1e+04]
Presolve removed 22271 rows and 27286 columns
Presolve time: 0.12s
Presolved: 1058 rows, 8523 columns, 25373 nonzeros
Variable types: 245 continuous, 8278 integer (8278 binary)
Root relaxation presolved: 1058 rows, 8523 columns, 25373 nonzeros


Use crossover to convert LP symmetric solution to basic solution...

Root relaxation: objective 3.509542e+05, 3035 iterations, 0.04 seconds (0.03 work units)

    Nodes    |    Current Node    |     Objective Bounds      |     Work
 Expl Unexpl |  Obj  Depth IntInf | Incumbent    BestBd   Gap | It/Node Time

     0     0 350954.222    0   20          - 350954.222      -     -    0s
H    0     0                    357481.59262 350954.222  1.83%     -    0s
H    0     0                    356734.28677 350954.222  1.62%     -    0s
H    0     0                    356086.62170 350954.222  1.44%     -    0s
H    0     0                    352071.74238 350954.222  0.32%     -    0s

Explored 1 nodes (5726 simplex iterations) in 0.59 seconds (0.53 work units)
Thread count was 5 (of 32 available processors)

Solution count 4: 352072 356087 356734 357482 

Optimal solution found (tolerance 1.00e-02)
Best objective 3.520717423752e+05, best bound 3.509542222324e+05, gap 0.3174%
