
Gurobi 12.0.1 (win64) logging started Sun Aug  9 19:52:46 2026

Set parameter LogFile to value "output/Taller_DET_Agosto/Resultados_finales/Carga_ob_8lhds_autonomo\station_1_d91_stage1\gurobi.log"
Set parameter Threads to value 1
Set parameter Heuristics to value 0.5
Set parameter MIPFocus to value 3
Set parameter Presolve to value 2
Set parameter FlowCoverCuts to value 2
Set parameter TimeLimit to value 200
Gurobi Optimizer version 12.0.1 build v12.0.1rc0 (win64 - Windows 11+.0 (26200.2))

CPU model: 11th Gen Intel(R) Core(TM) i7-1165G7 @ 2.80GHz, instruction set [SSE2|AVX|AVX2|AVX512]
Thread count: 4 physical cores, 8 logical processors, using up to 1 threads

Non-default parameters:
TimeLimit  200
MIPGap  0.01
Heuristics  0.5
MIPFocus  3
FlowCoverCuts  2
Presolve  2
Threads  1

Optimize a model with 51794 rows, 87364 columns and 259687 nonzeros
Model fingerprint: 0x108aaf7e
Variable types: 40922 continuous, 46442 integer (46441 binary)
Coefficient statistics:
  Matrix range     [1e-01, 1e+03]
  Objective range  [4e-01, 2e+05]
  Bounds range     [1e+00, 1e+00]
  RHS range        [1e+00, 4e+04]
Presolve removed 48683 rows and 60728 columns
Presolve time: 2.55s
Presolved: 3111 rows, 26636 columns, 80671 nonzeros
Variable types: 697 continuous, 25939 integer (25938 binary)
Root relaxation presolved: 3111 rows, 26636 columns, 80671 nonzeros


Root simplex log...

Iteration    Objective       Primal Inf.    Dual Inf.      Time
    2263    5.4781673e+04   2.037256e+04   0.000000e+00      5s
    4151    7.8514845e+05   0.000000e+00   0.000000e+00      6s
    4151    7.8514845e+05   0.000000e+00   0.000000e+00      6s

Use crossover to convert LP symmetric solution to basic solution...

Root crossover log...

     817 DPushes remaining with DInf 0.0000000e+00                 7s
       0 DPushes remaining with DInf 0.0000000e+00                 7s

    2905 PPushes remaining with PInf 0.0000000e+00                 7s
       0 PPushes remaining with PInf 0.0000000e+00                 7s

  Push phase complete: Pinf 0.0000000e+00, Dinf 1.2309960e+05      7s


Root simplex log...

Iteration    Objective       Primal Inf.    Dual Inf.      Time
    7584    7.8514845e+05   0.000000e+00   1.230996e+05      7s
    7629    7.8514845e+05   0.000000e+00   0.000000e+00      7s
    7629    7.8514845e+05   0.000000e+00   0.000000e+00      7s

Root relaxation: objective 7.851484e+05, 7629 iterations, 3.59 seconds (0.52 work units)

    Nodes    |    Current Node    |     Objective Bounds      |     Work
 Expl Unexpl |  Obj  Depth IntInf | Incumbent    BestBd   Gap | It/Node Time

     0     0 785148.447    0  275          - 785148.447      -     -    9s
     0     0 806247.406    0  242          - 806247.406      -     -   10s
     0     0 824767.649    0  162          - 824767.649      -     -   16s
     0     0 845332.360    0  244          - 845332.360      -     -   17s
     0     0 845332.360    0  193          - 845332.360      -     -   17s
     0     0 847098.487    0  134          - 847098.487      -     -   24s
     0     0 847098.487    0  173          - 847098.487      -     -   25s
     0     0 847098.487    0  163          - 847098.487      -     -   33s
     0     0 847098.487    0  193          - 847098.487      -     -   34s
     0     0 847098.487    0  152          - 847098.487      -     -   40s
     0     0 847098.487    0  235          - 847098.487      -     -   40s
     0     0 847098.487    0  175          - 847098.487      -     -   48s
     0     0 847098.487    0  147          - 847098.487      -     -   50s
H    0     0                    1354240.4551 847098.487  37.4%     -   66s
H    0     0                    1031215.8275 847098.487  17.9%     -   67s
H    0     0                    1029288.4360 847098.487  17.7%     -   68s
H    0     0                    1025605.1897 847098.487  17.4%     -   69s
H    0     0                    1022717.0319 847098.487  17.2%     -   70s
H    0     0                    1020179.6754 847098.487  17.0%     -   71s
H    0     0                    1011089.6163 847098.487  16.2%     -   71s
H    0     0                    1010516.6076 847098.487  16.2%     -   72s
H    0     0                    1010478.2963 847098.487  16.2%     -   80s
H    0     0                    1009805.9605 847098.487  16.1%     -   81s
H    0     0                    1009543.3792 847098.487  16.1%     -   81s
H    0     0                    1009280.7447 847098.487  16.1%     -   81s
H    0     0                    1009210.9834 847098.487  16.1%     -   83s
H    0     0                    1008676.4720 847098.487  16.0%     -   83s
     0     2 847147.309    0  147 1008676.47 847147.309  16.0%     -   83s
     3     5 847147.309    2  160 1008676.47 847147.309  16.0%  1401   86s
     7     9 847147.318    3  231 1008676.47 847147.318  16.0%   941   90s
    11    13 847147.318    4  289 1008676.47 847147.318  16.0%   750   95s
    16    18 847147.318    5  208 1008676.47 847147.318  16.0%   700  101s
    19    21 847147.318    7  215 1008676.47 847147.318  16.0%   693  105s
H   26    26                    1008572.8736 847147.318  16.0%   550  108s
H   26    26                    1007926.5565 847147.318  16.0%   550  108s
H   27    27                    1007785.1278 847147.318  15.9%   552  113s
H   27    27                    1007701.3179 847147.318  15.9%   552  116s
H   27    27                    1007617.0708 847147.318  15.9%   552  119s
H   27    27                    1007500.1174 847147.318  15.9%   552  122s
H   27    27                    1007387.7729 847147.318  15.9%   552  122s
H   27    27                    1007339.7077 847147.318  15.9%   552  122s
H   27    27                    1007014.1300 847147.318  15.9%   552  122s
H   27    27                    1006821.6407 847147.318  15.9%   552  123s
H   27    27                    1006095.8843 847147.318  15.8%   552  123s
H   27    27                    1005802.9503 847147.318  15.8%   552  124s
H   27    27                    1005802.5117 847147.318  15.8%   552  127s
    31    33 847147.318    7  243 1005802.51 847147.318  15.8%   540  130s
    37    39 847147.318    8  201 1005802.51 847147.318  15.8%   497  135s
    48    50 847147.318   13  172 1005802.51 847147.318  15.8%   403  140s
H   52    52                    1005092.9575 847147.318  15.7%   373  141s
H   54    54                    1004513.5349 847147.318  15.7%   360  153s
H   54    54                    1004456.7543 847147.318  15.7%   360  154s
H   54    54                    1004445.4765 847147.318  15.7%   360  155s
H   54    54                    1004441.9596 847147.318  15.7%   360  155s
H   54    54                    1004441.7450 847147.318  15.7%   360  155s
H   54    54                    1004428.9443 847147.318  15.7%   360  155s
    66    68 847147.318   18  172 1004428.94 847147.318  15.7%   305  160s
    76    78 847147.318   23  124 1004428.94 847147.318  15.7%   279  165s
    88    90 847147.318   27   99 1004428.94 847147.318  15.7%   255  170s
   100   102 847147.318   32  101 1004428.94 847147.318  15.7%   227  175s
H  104   104                    1004402.6059 847147.318  15.7%   256  180s
H  104   104                    1004283.2626 847147.318  15.6%   256  181s
   109   111 851769.405   33  152 1004283.26 847147.318  15.6%   313  185s
H  114   114                    1003794.9652 847147.318  15.6%   348  193s
   116   118 847147.318   32  211 1003794.97 847147.318  15.6%   432  196s

Cutting planes:
  Gomory: 206
  Lift-and-project: 4
  Cover: 35
  Projected implied bound: 3
  Clique: 1
  MIR: 362
  Mixing: 2
  StrongCG: 12
  Flow cover: 705
  Zero half: 71
  Relax-and-lift: 71

Explored 122 nodes (135491 simplex iterations) in 200.04 seconds (69.41 work units)
Thread count was 1 (of 8 available processors)

Solution count 10: 1.00379e+06 1.00428e+06 1.0044e+06 ... 1.00509e+06

Time limit reached
Best objective 1.003794965212e+06, best bound 8.471473180128e+05, gap 15.6055%
