
Gurobi 12.0.0 (win64) logging started Mon Sep  7 04:01:34 2026

Set parameter LogFile to value "C:\Users\TECNO-MASTER\Desktop\Elmo_infrastructure_sizing_NP-\output\DCH_septiembre\Bateria_482\Costo_variable\Carga_libre\Carga_on_board_variable_3estaciones_P640kW_Descomp/station_2_d152_stage1\gurobi.log"
Set parameter Threads to value 1
Set parameter Heuristics to value 0.5
Set parameter MIPFocus to value 3
Set parameter Presolve to value 2
Set parameter FlowCoverCuts to value 2
Set parameter TimeLimit to value 1200
Gurobi Optimizer version 12.0.0 build v12.0.0rc1 (win64 - Windows 11+.0 (26200.2))

CPU model: Intel(R) Core(TM) i9-14900K, instruction set [SSE2|AVX|AVX2]
Thread count: 24 physical cores, 32 logical processors, using up to 1 threads

Non-default parameters:
TimeLimit  1200
MIPGap  0.05
Heuristics  0.5
MIPFocus  3
FlowCoverCuts  2
Presolve  2
Threads  1

Optimize a model with 23772 rows, 39247 columns and 116710 nonzeros
Model fingerprint: 0x084f31ad
Variable types: 18325 continuous, 20922 integer (20921 binary)
Coefficient statistics:
  Matrix range     [1e-01, 6e+02]
  Objective range  [1e-02, 1e+05]
  Bounds range     [1e+00, 1e+00]
  RHS range        [1e+00, 1e+04]
Presolve removed 20876 rows and 28432 columns
Presolve time: 0.26s
Presolved: 2896 rows, 10815 columns, 33492 nonzeros
Variable types: 841 continuous, 9974 integer (9973 binary)
Root relaxation presolved: 2896 rows, 10815 columns, 33492 nonzeros


Root relaxation: objective 5.659232e+04, 4988 iterations, 0.59 seconds (0.71 work units)

    Nodes    |    Current Node    |     Objective Bounds      |     Work
 Expl Unexpl |  Obj  Depth IntInf | Incumbent    BestBd   Gap | It/Node Time

     0     0 56592.3175    0  397          - 56592.3175      -     -    1s
     0     0 105244.229    0  548          - 105244.229      -     -    3s
     0     0 124409.947    0  577          - 124409.947      -     -    3s
     0     0 124409.947    0  314          - 124409.947      -     -    5s
     0     0 124409.947    0  339          - 124409.947      -     -    6s
     0     0 124409.947    0  325          - 124409.947      -     -    7s
     0     0 124409.947    0  359          - 124409.947      -     -    7s
     0     0 124409.947    0  323          - 124409.947      -     -    8s
     0     0 124409.947    0  323          - 124409.947      -     -    9s
H    0     0                    272431.73132 124409.947  54.3%     -    9s
H    0     0                    156603.04845 124409.947  20.6%     -    9s
H    0     0                    156279.12727 124409.947  20.4%     -    9s
H    0     0                    156040.71951 124409.947  20.3%     -    9s
H    0     0                    153271.67137 124409.947  18.8%     -    9s
H    0     0                    153267.54034 124409.947  18.8%     -    9s

Cutting planes:
  Gomory: 12
  Cover: 6
  Projected implied bound: 1
  Clique: 1
  MIR: 1
  Flow cover: 1
  Zero half: 1
  Relax-and-lift: 4

Explored 1 nodes (36577 simplex iterations) in 10.03 seconds (15.65 work units)
Thread count was 1 (of 32 available processors)

Solution count 6: 153268 153272 156041 ... 272432

Optimal solution found (tolerance 5.00e-02)
Best objective 1.532675403388e+05, best bound 1.479998427597e+05, gap 3.4369%
