
Gurobi 12.0.3 (win64) logging started Tue Jun 30 14:57:24 2026

Set parameter LogFile to value "output/DCH_taller_julio/Costo_variable/Carga_on_board_640kW_Descomp/station_2_d335\gurobi.log"
Set parameter Threads to value 5
Set parameter Heuristics to value 0.5
Set parameter MIPFocus to value 3
Set parameter Presolve to value 2
Set parameter FlowCoverCuts to value 2
Set parameter TimeLimit to value 172800
Gurobi Optimizer version 12.0.3 build v12.0.3rc0 (win64 - Windows 11+.0 (26200.2))

CPU model: Intel(R) Core(TM) i9-14900K, instruction set [SSE2|AVX|AVX2]
Thread count: 24 physical cores, 32 logical processors, using up to 5 threads

Non-default parameters:
TimeLimit  172800
MIPGap  0.01
Heuristics  0.5
MIPFocus  3
FlowCoverCuts  2
Presolve  2
Threads  5

Optimize a model with 23765 rows, 37807 columns and 115870 nonzeros
Model fingerprint: 0xce960270
Variable types: 18325 continuous, 19482 integer (19481 binary)
Coefficient statistics:
  Matrix range     [1e-01, 6e+02]
  Objective range  [4e-03, 1e+02]
  Bounds range     [1e+00, 1e+00]
  RHS range        [1e+00, 1e+04]
Presolve removed 21363 rows and 27339 columns
Presolve time: 0.16s
Presolved: 2402 rows, 10468 columns, 31810 nonzeros
Variable types: 820 continuous, 9648 integer (9648 binary)
Root relaxation presolved: 2402 rows, 10468 columns, 31810 nonzeros


Root relaxation: objective 1.667433e+05, 3531 iterations, 0.19 seconds (0.27 work units)

    Nodes    |    Current Node    |     Objective Bounds      |     Work
 Expl Unexpl |  Obj  Depth IntInf | Incumbent    BestBd   Gap | It/Node Time

     0     0 166743.256    0  291          - 166743.256      -     -    0s
H    0     0                    170959.52873 166743.256  2.47%     -    0s
H    0     0                    169931.11039 166743.256  1.88%     -    0s
H    0     0                    169911.21275 166743.256  1.86%     -    1s
H    0     0                    169762.26304 166743.256  1.78%     -    1s
H    0     0                    169686.30671 166743.256  1.73%     -    1s
H    0     0                    169345.81055 166743.256  1.54%     -    1s
H    0     0                    169241.99725 166743.256  1.48%     -    1s
H    0     0                    169217.03403 166743.256  1.46%     -    1s
H    0     0                    169186.04380 166743.256  1.44%     -    1s
H    0     0                    169171.09047 166743.256  1.44%     -    1s
H    0     0                    169168.61662 166743.256  1.43%     -    1s
H    0     0                    169168.50035 166743.256  1.43%     -    1s
H    0     0                    169165.20996 166743.256  1.43%     -    1s
H    0     0                    169058.73940 166743.256  1.37%     -    1s
H    0     0                    168980.90904 166743.256  1.32%     -    1s
H    0     0                    168468.99743 166743.256  1.02%     -    1s
H    0     0                    168449.83296 166743.256  1.01%     -    1s
H    0     0                    168443.29666 166743.256  1.01%     -    1s
H    0     0                    168442.09681 166743.256  1.01%     -    1s
H    0     0                    168431.29877 166743.256  1.00%     -    1s
     0     0          -    0      168431.299 166759.325  0.99%     -    1s

Cutting planes:
  Gomory: 39
  Lift-and-project: 16
  Cover: 5
  Implied bound: 28
  Clique: 8
  MIR: 11
  Mixing: 1
  Flow cover: 92
  Zero half: 18
  RLT: 18
  Relax-and-lift: 6
  BQP: 7
  PSD: 1

Explored 1 nodes (7968 simplex iterations) in 1.46 seconds (1.40 work units)
Thread count was 5 (of 32 available processors)

Solution count 10: 168431 168442 168443 ... 169169

Optimal solution found (tolerance 1.00e-02)
Best objective 1.684312987663e+05, best bound 1.667593246880e+05, gap 0.9927%
