
Gurobi 12.0.3 (win64) logging started Sun Aug 23 02:53:42 2026

Set parameter LogFile to value "C:\Users\TECNO-MASTER\Desktop\Elmo_infrastructure_sizing_NP-\output\DCH_agosto\Costo_variable\Carga_libre\Carga_on_board_variable_3estaciones_P640kW_Descomp/station_1_d335_stage1\gurobi.log"
Set parameter Threads to value 1
Set parameter Heuristics to value 0.5
Set parameter MIPFocus to value 3
Set parameter Presolve to value 2
Set parameter FlowCoverCuts to value 2
Set parameter TimeLimit to value 172800
Gurobi Optimizer version 12.0.3 build v12.0.3rc0 (win64 - Windows 11+.0 (26200.2))

CPU model: Intel(R) Core(TM) i9-14900K, instruction set [SSE2|AVX|AVX2]
Thread count: 24 physical cores, 32 logical processors, using up to 1 threads

Non-default parameters:
TimeLimit  172800
MIPGap  0.01
Heuristics  0.5
MIPFocus  3
FlowCoverCuts  2
Presolve  2
Threads  1

Optimize a model with 22740 rows, 37249 columns and 110626 nonzeros
Model fingerprint: 0x2ed98657
Variable types: 17323 continuous, 19926 integer (19925 binary)
Coefficient statistics:
  Matrix range     [1e-01, 6e+02]
  Objective range  [4e-03, 1e+05]
  Bounds range     [1e+00, 3e+00]
  RHS range        [1e+00, 1e+04]
Presolve removed 19850 rows and 26959 columns
Presolve time: 0.65s
Presolved: 2890 rows, 10290 columns, 32614 nonzeros
Variable types: 840 continuous, 9450 integer (9363 binary)
Root relaxation presolved: 2890 rows, 10290 columns, 32614 nonzeros


Root relaxation: objective 4.112751e+04, 7228 iterations, 0.71 seconds (1.01 work units)
Total elapsed time = 6.76s (DegenMoves)

    Nodes    |    Current Node    |     Objective Bounds      |     Work
 Expl Unexpl |  Obj  Depth IntInf | Incumbent    BestBd   Gap | It/Node Time

     0     0 164381.638    0  290          - 164381.638      -     -    6s
H    0     0                    166851.51757 164381.638  1.48%     -    6s
H    0     0                    166768.60759 164381.638  1.43%     -    7s
H    0     0                    166589.95150 164381.638  1.33%     -    7s
H    0     0                    166586.32036 164381.638  1.32%     -    7s
H    0     0                    166414.44278 164381.638  1.22%     -    7s
H    0     0                    166378.93505 164381.638  1.20%     -    7s
H    0     0                    166350.25359 164381.638  1.18%     -    7s
H    0     0                    166323.74094 164381.638  1.17%     -    7s
H    0     0                    166264.80229 164381.638  1.13%     -    7s
H    0     0                    166229.29456 164381.638  1.11%     -    7s
H    0     0                    166052.32081 164381.638  1.01%     -    7s
H    0     0                    166010.57837 164381.638  0.98%     -    7s

Explored 1 nodes (42379 simplex iterations) in 7.74 seconds (5.18 work units)
Thread count was 1 (of 32 available processors)

Solution count 10: 166011 166052 166229 ... 166590

Optimal solution found (tolerance 1.00e-02)
Best objective 1.660105783734e+05, best bound 1.643816375922e+05, gap 0.9812%
