
Gurobi 12.0.3 (win64) logging started Tue Jul  7 17:12:41 2026

Set parameter LogFile to value "output/DCH_taller_julio/Costo_fijo/Ventana_restringida/Carga_on_board_640kW_Descomp_ventana_carga/station_2_d32_stage1\gurobi.log"
Set parameter Threads to value 5
Set parameter Heuristics to value 0.5
Set parameter MIPFocus to value 3
Set parameter Presolve to value 2
Set parameter FlowCoverCuts to value 2
Set parameter TimeLimit to value 172800
Gurobi Optimizer version 12.0.3 build v12.0.3rc0 (win64 - Windows 11+.0 (26200.2))

CPU model: Intel(R) Core(TM) i9-14900K, instruction set [SSE2|AVX|AVX2]
Thread count: 24 physical cores, 32 logical processors, using up to 5 threads

Non-default parameters:
TimeLimit  172800
MIPGap  0.01
Heuristics  0.5
MIPFocus  3
FlowCoverCuts  2
Presolve  2
Threads  5

Optimize a model with 24301 rows, 37807 columns and 117308 nonzeros
Model fingerprint: 0x3db9cfcb
Variable types: 18325 continuous, 19482 integer (19481 binary)
Coefficient statistics:
  Matrix range     [1e-01, 6e+02]
  Objective range  [4e-01, 1e+05]
  Bounds range     [1e+00, 1e+00]
  RHS range        [1e+00, 1e+04]
Presolve removed 23058 rows and 28785 columns
Presolve time: 0.23s
Presolved: 1243 rows, 9022 columns, 27354 nonzeros
Variable types: 244 continuous, 8778 integer (8777 binary)
Root relaxation presolved: 1243 rows, 9022 columns, 27354 nonzeros


Use crossover to convert LP symmetric solution to basic solution...

Root relaxation: objective 1.409109e+05, 3396 iterations, 0.07 seconds (0.07 work units)

    Nodes    |    Current Node    |     Objective Bounds      |     Work
 Expl Unexpl |  Obj  Depth IntInf | Incumbent    BestBd   Gap | It/Node Time

     0     0 174217.527    0  125          - 174217.527      -     -    1s
H    0     0                    302345.00465 174217.527  42.4%     -    1s
H    0     0                    302342.45812 174217.527  42.4%     -    1s
     0     0 174234.087    0   42 302342.458 174234.087  42.4%     -    1s
H    0     0                    302331.25623 174234.087  42.4%     -    1s
     0     0 174234.256    0   46 302331.256 174234.256  42.4%     -    1s
H    0     0                    174234.25623 174234.256  0.00%     -    2s
     0     0 174234.256    0   21 174234.256 174234.256  0.00%     -    2s

Cutting planes:
  Gomory: 15
  Lift-and-project: 4
  Cover: 2
  Projected implied bound: 5
  MIR: 31
  Flow cover: 33
  RLT: 1

Explored 1 nodes (9185 simplex iterations) in 2.31 seconds (1.47 work units)
Thread count was 5 (of 32 available processors)

Solution count 4: 174234 302331 302342 302345 

Optimal solution found (tolerance 1.00e-02)
Best objective 1.742342562319e+05, best bound 1.742342562319e+05, gap 0.0000%
