
Gurobi 12.0.3 (win64) logging started Sun Aug 23 02:53:49 2026

Set parameter LogFile to value "C:\Users\TECNO-MASTER\Desktop\Elmo_infrastructure_sizing_NP-\output\DCH_agosto\Costo_variable\Carga_libre\Carga_on_board_variable_3estaciones_P640kW_Descomp/station_3_d152_stage1\gurobi.log"
Set parameter Threads to value 1
Set parameter Heuristics to value 0.5
Set parameter MIPFocus to value 3
Set parameter Presolve to value 2
Set parameter FlowCoverCuts to value 2
Set parameter TimeLimit to value 172800
Gurobi Optimizer version 12.0.3 build v12.0.3rc0 (win64 - Windows 11+.0 (26200.2))

CPU model: Intel(R) Core(TM) i9-14900K, instruction set [SSE2|AVX|AVX2]
Thread count: 24 physical cores, 32 logical processors, using up to 1 threads

Non-default parameters:
TimeLimit  172800
MIPGap  0.01
Heuristics  0.5
MIPFocus  3
FlowCoverCuts  2
Presolve  2
Threads  1

Optimize a model with 22770 rows, 37249 columns and 110688 nonzeros
Model fingerprint: 0xb34ae926
Variable types: 17323 continuous, 19926 integer (19925 binary)
Coefficient statistics:
  Matrix range     [1e-01, 6e+02]
  Objective range  [1e-02, 1e+05]
  Bounds range     [1e+00, 3e+00]
  RHS range        [1e+00, 1e+04]
Presolve removed 19880 rows and 26955 columns
Presolve time: 0.75s
Presolved: 2890 rows, 10294 columns, 32192 nonzeros
Variable types: 841 continuous, 9453 integer (9361 binary)
Root relaxation presolved: 2890 rows, 10294 columns, 32192 nonzeros


Root relaxation: objective 5.595629e+04, 4514 iterations, 0.46 seconds (0.62 work units)

    Nodes    |    Current Node    |     Objective Bounds      |     Work
 Expl Unexpl |  Obj  Depth IntInf | Incumbent    BestBd   Gap | It/Node Time

     0     0 55956.2896    0  407          - 55956.2896      -     -    3s
     0     0 132316.377    0  347          - 132316.377      -     -    6s
     0     0 164152.443    0  244          - 164152.443      -     -    9s
H    0     0                    208928.03476 164152.443  21.4%     -    9s
H    0     0                    203893.05167 164152.443  19.5%     -    9s
H    0     0                    199687.79181 164152.443  17.8%     -    9s
H    0     0                    190105.29419 164152.443  13.7%     -    9s
H    0     0                    189695.48379 164152.443  13.5%     -    9s
H    0     0                    181792.57330 164152.443  9.70%     -    9s
H    0     0                    180808.49267 164152.443  9.21%     -    9s
H    0     0                    172767.01540 164152.443  4.99%     -    9s
H    0     0                    172758.29935 164152.443  4.98%     -    9s
H    0     0                    172758.23076 164152.443  4.98%     -    9s
H    0     0                    172283.23139 164152.443  4.72%     -    9s
H    0     0                    172271.98177 164152.443  4.71%     -    9s
     0     0 164152.443    0  241 172271.982 164152.443  4.71%     -    9s
     0     0 164216.353    0  238 172271.982 164216.353  4.68%     -   11s
H    0     0                    167273.14043 164263.543  1.80%     -   11s
H    0     0                    166637.91074 164263.543  1.42%     -   11s
     0     0 164263.543    0  208 166637.911 164263.543  1.42%     -   11s
     0     0 164322.114    0  203 166637.911 164322.114  1.39%     -   12s
H    0     0                    165532.99919 164322.168  0.73%     -   13s

Cutting planes:
  Gomory: 20
  Lift-and-project: 11
  Cover: 7
  Implied bound: 9
  Clique: 2
  Flow cover: 7
  Zero half: 1
  Relax-and-lift: 10

Explored 1 nodes (43068 simplex iterations) in 13.08 seconds (9.54 work units)
Thread count was 1 (of 32 available processors)

Solution count 10: 165533 166638 167273 ... 181793

Optimal solution found (tolerance 1.00e-02)
Best objective 1.655329991927e+05, best bound 1.643221677137e+05, gap 0.7315%
