
Gurobi 12.0.3 (win64) logging started Tue Jul  7 00:56:03 2026

Set parameter LogFile to value "output/DCH_taller_julio/Costo_fijo/Ventana_restringida/Carga_on_board_1000kW_Descomp_ventana_carga/station_1_d91_stage1\gurobi.log"
Set parameter Threads to value 5
Set parameter Heuristics to value 0.5
Set parameter MIPFocus to value 3
Set parameter Presolve to value 2
Set parameter FlowCoverCuts to value 2
Set parameter TimeLimit to value 172800
Gurobi Optimizer version 12.0.3 build v12.0.3rc0 (win64 - Windows 11+.0 (26200.2))

CPU model: Intel(R) Core(TM) i9-14900K, instruction set [SSE2|AVX|AVX2]
Thread count: 24 physical cores, 32 logical processors, using up to 5 threads

Non-default parameters:
TimeLimit  172800
MIPGap  0.01
Heuristics  0.5
MIPFocus  3
FlowCoverCuts  2
Presolve  2
Threads  5

Optimize a model with 23329 rows, 35809 columns and 111338 nonzeros
Model fingerprint: 0x14d3dab6
Variable types: 17323 continuous, 18486 integer (18485 binary)
Coefficient statistics:
  Matrix range     [1e-01, 1e+03]
  Objective range  [4e-01, 2e+05]
  Bounds range     [1e+00, 1e+00]
  RHS range        [1e+00, 1e+04]
Presolve removed 22092 rows and 27284 columns
Presolve time: 0.09s
Presolved: 1237 rows, 8525 columns, 25866 nonzeros
Variable types: 245 continuous, 8280 integer (8279 binary)
Root relaxation presolved: 1237 rows, 8525 columns, 25866 nonzeros


Use crossover to convert LP symmetric solution to basic solution...

Root relaxation: objective 2.201296e+05, 3290 iterations, 0.04 seconds (0.06 work units)

    Nodes    |    Current Node    |     Objective Bounds      |     Work
 Expl Unexpl |  Obj  Depth IntInf | Incumbent    BestBd   Gap | It/Node Time

     0     0 220129.591    0  172          - 220129.591      -     -    0s
     0     0 351407.664    0  180          - 351407.664      -     -    0s
H    0     0                    517078.94550 351407.664  32.0%     -    0s
H    0     0                    511446.81735 351407.664  31.3%     -    0s
H    0     0                    507198.18546 351407.664  30.7%     -    0s
H    0     0                    504071.87237 351407.664  30.3%     -    0s
H    0     0                    503714.62521 351407.664  30.2%     -    0s
H    0     0                    500347.91627 351407.664  29.8%     -    0s
H    0     0                    500211.06851 351407.664  29.7%     -    0s
H    0     0                    362437.53646 354182.073  2.28%     -    1s
H    0     0                    362197.82653 354182.073  2.21%     -    1s
H    0     0                    361870.03909 354182.073  2.12%     -    1s
H    0     0                    360528.97529 356871.812  1.01%     -    1s
H    0     0                    360337.37367 356871.812  0.96%     -    1s
H    0     0                    359645.48343 356871.812  0.77%     -    1s
     0     0 356877.191    0  102 359645.483 356877.191  0.77%     -    1s

Cutting planes:
  Gomory: 31
  Lift-and-project: 1
  Cover: 11
  Implied bound: 1
  Projected implied bound: 1
  Clique: 2
  MIR: 21
  Mixing: 1
  Flow cover: 42
  Zero half: 6
  Relax-and-lift: 10

Explored 1 nodes (12132 simplex iterations) in 1.13 seconds (1.48 work units)
Thread count was 5 (of 32 available processors)

Solution count 10: 359645 360337 360529 ... 504072

Optimal solution found (tolerance 1.00e-02)
Best objective 3.596454834303e+05, best bound 3.568771909837e+05, gap 0.7697%
