
Gurobi 12.0.3 (win64) logging started Sun Aug 23 17:25:19 2026

Set parameter LogFile to value "C:\Users\TECNO-MASTER\Desktop\Elmo_infrastructure_sizing_NP-\output\DCH_agosto\Costo_variable\Ventana_restringida\Carga_on_board_variable_3estaciones_P640kW_Descomp/station_3_d305_stage1\gurobi.log"
Set parameter Threads to value 1
Set parameter Heuristics to value 0.5
Set parameter MIPFocus to value 3
Set parameter Presolve to value 2
Set parameter FlowCoverCuts to value 2
Set parameter TimeLimit to value 172800
Gurobi Optimizer version 12.0.3 build v12.0.3rc0 (win64 - Windows 11+.0 (26200.2))

CPU model: Intel(R) Core(TM) i9-14900K, instruction set [SSE2|AVX|AVX2]
Thread count: 24 physical cores, 32 logical processors, using up to 1 threads

Non-default parameters:
TimeLimit  172800
MIPGap  0.01
Heuristics  0.5
MIPFocus  3
FlowCoverCuts  2
Presolve  2
Threads  1

Optimize a model with 23284 rows, 37249 columns and 111172 nonzeros
Model fingerprint: 0x3440c536
Variable types: 17323 continuous, 19926 integer (19925 binary)
Coefficient statistics:
  Matrix range     [1e-01, 6e+02]
  Objective range  [1e-01, 1e+05]
  Bounds range     [1e+00, 3e+00]
  RHS range        [1e+00, 1e+04]
Presolve removed 22078 rows and 28484 columns
Presolve time: 0.08s
Presolved: 1206 rows, 8765 columns, 26820 nonzeros
Variable types: 232 continuous, 8533 integer (8441 binary)
Root relaxation presolved: 1206 rows, 8765 columns, 26820 nonzeros


Use crossover to convert LP symmetric solution to basic solution...

Root relaxation: objective 1.092531e+05, 3285 iterations, 0.03 seconds (0.06 work units)

    Nodes    |    Current Node    |     Objective Bounds      |     Work
 Expl Unexpl |  Obj  Depth IntInf | Incumbent    BestBd   Gap | It/Node Time

     0     0 171020.517    0  122          - 171020.517      -     -    0s
     0     0 171058.826    0   59          - 171058.826      -     -    0s
H    0     0                    171077.70286 171058.826  0.01%     -    0s

Cutting planes:
  Gomory: 2
  Projected implied bound: 1
  MIR: 5
  Mixing: 1

Explored 1 nodes (8489 simplex iterations) in 0.53 seconds (1.14 work units)
Thread count was 1 (of 32 available processors)

Solution count 1: 171078 

Optimal solution found (tolerance 1.00e-02)
Best objective 1.710777028563e+05, best bound 1.710588258329e+05, gap 0.0110%
