
Gurobi 12.0.3 (win64) logging started Sun Aug 23 02:41:22 2026

Set parameter LogFile to value "C:\Users\TECNO-MASTER\Desktop\Elmo_infrastructure_sizing_NP-\output\DCH_agosto\Costo_fijo\Carga_libre\Carga_on_board_fixed_3estaciones_P320kW_Descomp/station_1_d213_stage1\gurobi.log"
Set parameter Threads to value 1
Set parameter Heuristics to value 0.5
Set parameter MIPFocus to value 3
Set parameter Presolve to value 2
Set parameter FlowCoverCuts to value 2
Set parameter TimeLimit to value 172800
Gurobi Optimizer version 12.0.3 build v12.0.3rc0 (win64 - Windows 11+.0 (26200.2))

CPU model: Intel(R) Core(TM) i9-14900K, instruction set [SSE2|AVX|AVX2]
Thread count: 24 physical cores, 32 logical processors, using up to 1 threads

Non-default parameters:
TimeLimit  172800
MIPGap  0.01
Heuristics  0.5
MIPFocus  3
FlowCoverCuts  2
Presolve  2
Threads  1

Optimize a model with 22770 rows, 37249 columns and 110686 nonzeros
Model fingerprint: 0xd9b87f43
Variable types: 17323 continuous, 19926 integer (19925 binary)
Coefficient statistics:
  Matrix range     [1e-01, 3e+02]
  Objective range  [4e-01, 9e+04]
  Bounds range     [1e+00, 3e+00]
  RHS range        [1e+00, 1e+04]
Presolve removed 19951 rows and 26958 columns
Presolve time: 0.62s
Presolved: 2819 rows, 10291 columns, 32199 nonzeros
Variable types: 841 continuous, 9450 integer (9363 binary)
Root relaxation presolved: 2819 rows, 10291 columns, 32199 nonzeros


Root relaxation: objective 7.127700e+04, 8844 iterations, 1.53 seconds (1.09 work units)

    Nodes    |    Current Node    |     Objective Bounds      |     Work
 Expl Unexpl |  Obj  Depth IntInf | Incumbent    BestBd   Gap | It/Node Time

     0     0 71276.9981    0  404          - 71276.9981      -     -    3s
     0     0 75038.4403    0  385          - 75038.4403      -     -    5s
     0     0 81510.4820    0  423          - 81510.4820      -     -    7s
     0     0 81510.4820    0  447          - 81510.4820      -     -    7s
     0     0 81510.4820    0  382          - 81510.4820      -     -    9s
     0     0 81510.4820    0  418          - 81510.4820      -     -   11s
     0     0 81510.4820    0  391          - 81510.4820      -     -   12s
H    0     0                    253504.27524 81510.4820  67.8%     -   12s
H    0     0                    150836.70491 81510.4820  46.0%     -   13s
H    0     0                    129022.88716 81510.4820  36.8%     -   13s
     0     2 81510.4820    0  391 129022.887 81510.4820  36.8%     -   13s

Cutting planes:
  Gomory: 2
  Cover: 2
  Projected implied bound: 1
  Zero half: 18
  Relax-and-lift: 2

Explored 3 nodes (51444 simplex iterations) in 13.75 seconds (13.42 work units)
Thread count was 1 (of 32 available processors)

Solution count 3: 129023 150837 253504 

Optimal solution found (tolerance 1.00e-02)
Best objective 1.290228871646e+05, best bound 1.290228871646e+05, gap 0.0000%
