
Gurobi 12.0.3 (win64) logging started Mon Jul  6 06:37:06 2026

Set parameter LogFile to value "output/GX_pruebas/Modelo_completo\gurobi.log"
Set parameter Threads to value 32
Set parameter Heuristics to value 0.5
Set parameter MIPFocus to value 3
Set parameter Presolve to value 2
Set parameter FlowCoverCuts to value 2
Set parameter TimeLimit to value 172800
Gurobi Optimizer version 12.0.3 build v12.0.3rc0 (win64 - Windows 11+.0 (26200.2))

CPU model: Intel(R) Core(TM) i9-14900K, instruction set [SSE2|AVX|AVX2]
Thread count: 24 physical cores, 32 logical processors, using up to 32 threads

Non-default parameters:
TimeLimit  172800
MIPGap  0.01
Heuristics  0.5
MIPFocus  3
FlowCoverCuts  2
Presolve  2
Threads  32

Optimize a model with 254140 rows, 395224 columns and 1242831 nonzeros
Model fingerprint: 0x62e1375a
Variable types: 197214 continuous, 198010 integer (198007 binary)
Coefficient statistics:
  Matrix range     [2e-02, 4e+04]
  Objective range  [2e+00, 3e+05]
  Bounds range     [1e+00, 4e+04]
  RHS range        [1e+00, 4e+04]
Presolve removed 207852 rows and 290361 columns
Presolve time: 1.79s
Presolved: 46288 rows, 104863 columns, 382289 nonzeros
Variable types: 13394 continuous, 91469 integer (91466 binary)
Root relaxation presolve removed 1620 rows and 0 columns
Root relaxation presolved: 44668 rows, 104863 columns, 378249 nonzeros

Deterministic concurrent LP optimizer: primal and dual simplex
Showing primal log only...


Root simplex log...

Iteration    Objective       Primal Inf.    Dual Inf.      Time
   90573    2.3625509e+06   0.000000e+00   1.699347e+07      5s
  107479    1.3620736e+06   0.000000e+00   4.422513e+07     10s
  120537    1.1065380e+06   0.000000e+00   2.656540e+07     15s
Concurrent spin time: 0.00s

Solved with dual simplex

Root simplex log...

Iteration    Objective       Primal Inf.    Dual Inf.      Time
   95639    4.9374556e+05   0.000000e+00   0.000000e+00     19s

Root relaxation: objective 4.937456e+05, 95639 iterations, 16.64 seconds (31.28 work units)
Total elapsed time = 21.13s (DegenMoves)
Total elapsed time = 25.37s (DegenMoves)
Total elapsed time = 30.66s (DegenMoves)
Total elapsed time = 42.12s (DegenMoves)

    Nodes    |    Current Node    |     Objective Bounds      |     Work
 Expl Unexpl |  Obj  Depth IntInf | Incumbent    BestBd   Gap | It/Node Time

     0     0 673225.813    0  415          - 673225.813      -     -   44s
     0     0 700303.951    0  630          - 700303.951      -     -   60s
     0     0 705075.227    0 1019          - 705075.227      -     -   61s
     0     0 705075.227    0 1024          - 705075.227      -     -   61s
     0     0 705075.227    0  475          - 705075.227      -     -   76s
     0     0 705075.227    0  881          - 705075.227      -     -   77s
     0     0 738745.561    0  638          - 738745.561      -     -   89s
     0     0 753714.075    0  856          - 753714.075      -     -   89s
     0     0 753714.075    0  550          - 753714.075      -     -   99s
     0     0 753714.075    0  975          - 753714.075      -     -  100s
     0     0 753714.075    0  596          - 753714.075      -     -  110s
     0     0 753714.075    0  877          - 753714.075      -     -  111s
     0     0 753714.075    0  514          - 753714.075      -     -  123s
     0     0 753714.075    0  999          - 753714.075      -     -  124s
     0     0 753714.075    0  701          - 753714.075      -     -  138s
     0     0 753714.075    0  600          - 753714.075      -     -  141s
H    0     0                    757776.46415 753714.075  0.54%     -  153s

Cutting planes:
  Gomory: 9
  Lift-and-project: 2
  Cover: 111
  Clique: 18
  MIR: 246
  Mixing: 3
  Flow cover: 48
  Zero half: 53
  Relax-and-lift: 123

Explored 1 nodes (668117 simplex iterations) in 153.07 seconds (300.57 work units)
Thread count was 32 (of 32 available processors)

Solution count 1: 757776 

Optimal solution found (tolerance 1.00e-02)
Best objective 7.577764641529e+05, best bound 7.537140747110e+05, gap 0.5361%
