
Gurobi 12.0.0 (win64) logging started Mon Sep  7 03:41:24 2026

Set parameter LogFile to value "C:\Users\TECNO-MASTER\Desktop\Elmo_infrastructure_sizing_NP-\output\DCH_septiembre\Bateria_353\Costo_variable\Carga_libre\Carga_on_board_variable_3estaciones_P160kW_Descomp/station_1_d60_stage1\gurobi.log"
Set parameter Threads to value 1
Set parameter Heuristics to value 0.5
Set parameter MIPFocus to value 3
Set parameter Presolve to value 2
Set parameter FlowCoverCuts to value 2
Set parameter TimeLimit to value 1200
Gurobi Optimizer version 12.0.0 build v12.0.0rc1 (win64 - Windows 11+.0 (26200.2))

CPU model: Intel(R) Core(TM) i9-14900K, instruction set [SSE2|AVX|AVX2]
Thread count: 24 physical cores, 32 logical processors, using up to 1 threads

Non-default parameters:
TimeLimit  1200
MIPGap  0.05
Heuristics  0.5
MIPFocus  3
FlowCoverCuts  2
Presolve  2
Threads  1

Optimize a model with 22740 rows, 37249 columns and 110626 nonzeros
Model fingerprint: 0x3162ef2f
Variable types: 17323 continuous, 19926 integer (19925 binary)
Coefficient statistics:
  Matrix range     [1e-01, 2e+02]
  Objective range  [9e-03, 6e+04]
  Bounds range     [1e+00, 1e+00]
  RHS range        [1e+00, 1e+04]
Presolve removed 19951 rows and 26951 columns
Presolve time: 0.22s
Presolved: 2789 rows, 10298 columns, 31385 nonzeros
Variable types: 840 continuous, 9458 integer (9457 binary)
Root relaxation presolved: 2789 rows, 10298 columns, 31385 nonzeros


Root relaxation: objective 7.686395e+04, 5572 iterations, 0.73 seconds (0.83 work units)

    Nodes    |    Current Node    |     Objective Bounds      |     Work
 Expl Unexpl |  Obj  Depth IntInf | Incumbent    BestBd   Gap | It/Node Time

     0     0 98309.2124    0   91          - 98309.2124      -     -    3s
     0     0 98314.6934    0  116          - 98314.6934      -     -    4s
     0     0 98314.6934    0   72          - 98314.6934      -     -    5s
     0     0 98314.6934    0   50          - 98314.6934      -     -    6s
     0     0 98314.6934    0   58          - 98314.6934      -     -    6s
H    0     0                    157189.60715 98314.6934  37.5%     -    6s
H    0     0                    156992.36959 98314.6934  37.4%     -    7s
     0     0 98314.6934    0   52 156992.370 98314.6934  37.4%     -    7s
     0     0 98314.6934    0   52 156992.370 98314.6934  37.4%     -    7s
H    0     0                    98324.683507 98314.6934  0.01%     -    7s

Cutting planes:
  Gomory: 6
  Lift-and-project: 9
  Cover: 5
  Implied bound: 1
  Clique: 1
  Flow cover: 1
  Zero half: 2
  RLT: 3
  Relax-and-lift: 10

Explored 1 nodes (34046 simplex iterations) in 7.83 seconds (6.97 work units)
Thread count was 1 (of 32 available processors)

Solution count 3: 98324.7 156992 157190 

Optimal solution found (tolerance 5.00e-02)
Best objective 9.832468350686e+04, best bound 9.831469339218e+04, gap 0.0102%
