
Gurobi 12.0.3 (win64) logging started Sun Aug 23 02:54:55 2026

Set parameter LogFile to value "C:\Users\TECNO-MASTER\Desktop\Elmo_infrastructure_sizing_NP-\output\DCH_agosto\Costo_variable\Carga_libre\Carga_on_board_variable_3estaciones_P640kW_Descomp/station_2_d335\gurobi.log"
Set parameter Threads to value 1
Set parameter Heuristics to value 0.5
Set parameter MIPFocus to value 3
Set parameter Presolve to value 2
Set parameter FlowCoverCuts to value 2
Set parameter TimeLimit to value 172800
Gurobi Optimizer version 12.0.3 build v12.0.3rc0 (win64 - Windows 11+.0 (26200.2))

CPU model: Intel(R) Core(TM) i9-14900K, instruction set [SSE2|AVX|AVX2]
Thread count: 24 physical cores, 32 logical processors, using up to 1 threads

Non-default parameters:
TimeLimit  172800
MIPGap  0.01
Heuristics  0.5
MIPFocus  3
FlowCoverCuts  2
Presolve  2
Threads  1

Optimize a model with 23742 rows, 39247 columns and 115748 nonzeros
Model fingerprint: 0x0fd75648
Variable types: 18325 continuous, 20922 integer (20921 binary)
Coefficient statistics:
  Matrix range     [1e-01, 6e+02]
  Objective range  [4e-03, 1e+02]
  Bounds range     [1e+00, 3e+00]
  RHS range        [1e+00, 1e+04]
Presolve removed 21291 rows and 28444 columns
Presolve time: 0.43s
Presolved: 2451 rows, 10803 columns, 33590 nonzeros
Variable types: 840 continuous, 9963 integer (9872 binary)
Root relaxation presolved: 2451 rows, 10803 columns, 33590 nonzeros


Root relaxation: objective 1.646977e+05, 4387 iterations, 0.38 seconds (0.22 work units)

    Nodes    |    Current Node    |     Objective Bounds      |     Work
 Expl Unexpl |  Obj  Depth IntInf | Incumbent    BestBd   Gap | It/Node Time

     0     0 164697.689    0  236          - 164697.689      -     -    1s
H    0     0                    168180.67682 164697.689  2.07%     -    1s
H    0     0                    167439.91288 164697.689  1.64%     -    1s
H    0     0                    167400.21152 164697.689  1.61%     -    1s
H    0     0                    167038.45213 164697.689  1.40%     -    1s
H    0     0                    166954.61159 164697.689  1.35%     -    1s
H    0     0                    166940.79674 164697.689  1.34%     -    1s
H    0     0                    166766.30256 164697.689  1.24%     -    1s
H    0     0                    166447.00976 164697.689  1.05%     -    1s
H    0     0                    166437.02851 164697.689  1.05%     -    1s
     0     0          -    0      166437.029 164807.997  0.98%     -    2s

Cutting planes:
  Gomory: 26
  Lift-and-project: 10
  Cover: 4
  Implied bound: 25
  Clique: 11
  MIR: 17
  Mixing: 1
  StrongCG: 1
  Flow cover: 67
  Zero half: 8
  RLT: 14
  Relax-and-lift: 12
  BQP: 1
  PSD: 2

Explored 1 nodes (7665 simplex iterations) in 2.14 seconds (1.24 work units)
Thread count was 1 (of 32 available processors)

Solution count 9: 166437 166447 166766 ... 168181

Optimal solution found (tolerance 1.00e-02)
Best objective 1.664370285053e+05, best bound 1.648079972509e+05, gap 0.9788%
