
Gurobi 12.0.0 (win64) logging started Mon Sep  7 03:59:02 2026

Set parameter LogFile to value "C:\Users\TECNO-MASTER\Desktop\Elmo_infrastructure_sizing_NP-\output\DCH_septiembre\Bateria_482\Costo_variable\Carga_libre\Carga_on_board_variable_3estaciones_P320kW_Descomp/station_1_d305_stage1\gurobi.log"
Set parameter Threads to value 1
Set parameter Heuristics to value 0.5
Set parameter MIPFocus to value 3
Set parameter Presolve to value 2
Set parameter FlowCoverCuts to value 2
Set parameter TimeLimit to value 1200
Gurobi Optimizer version 12.0.0 build v12.0.0rc1 (win64 - Windows 11+.0 (26200.2))

CPU model: Intel(R) Core(TM) i9-14900K, instruction set [SSE2|AVX|AVX2]
Thread count: 24 physical cores, 32 logical processors, using up to 1 threads

Non-default parameters:
TimeLimit  1200
MIPGap  0.05
Heuristics  0.5
MIPFocus  3
FlowCoverCuts  2
Presolve  2
Threads  1

Optimize a model with 22740 rows, 37249 columns and 110626 nonzeros
Model fingerprint: 0xca30d515
Variable types: 17323 continuous, 19926 integer (19925 binary)
Coefficient statistics:
  Matrix range     [1e-01, 3e+02]
  Objective range  [1e-01, 8e+04]
  Bounds range     [1e+00, 1e+00]
  RHS range        [1e+00, 1e+04]
Presolve removed 19951 rows and 26951 columns
Presolve time: 0.25s
Presolved: 2789 rows, 10298 columns, 31385 nonzeros
Variable types: 840 continuous, 9458 integer (9457 binary)
Root relaxation presolved: 2789 rows, 10298 columns, 31385 nonzeros


Root relaxation: objective 5.591711e+04, 5223 iterations, 0.57 seconds (0.65 work units)

    Nodes    |    Current Node    |     Objective Bounds      |     Work
 Expl Unexpl |  Obj  Depth IntInf | Incumbent    BestBd   Gap | It/Node Time

     0     0 116352.432    0   41          - 116352.432      -     -    4s
H    0     0                    193404.57697 116352.432  39.8%     -    4s
H    0     0                    193158.60819 116352.432  39.8%     -    4s
     0     0 116356.069    0   63 193158.608 116356.069  39.8%     -    4s
H    0     0                    116417.18237 116356.069  0.05%     -    4s

Cutting planes:
  Gomory: 2
  Lift-and-project: 3
  Cover: 1
  Implied bound: 1
  Flow cover: 2
  RLT: 1

Explored 1 nodes (26565 simplex iterations) in 4.66 seconds (4.58 work units)
Thread count was 1 (of 32 available processors)

Solution count 3: 116417 193159 193405 

Optimal solution found (tolerance 5.00e-02)
Best objective 1.164171823694e+05, best bound 1.163560693415e+05, gap 0.0525%
