
Gurobi 12.0.3 (win64) logging started Tue Jun 30 15:27:46 2026

Set parameter LogFile to value "output/DCH_taller_julio/Costo_variable/Carga_on_board_1000kW_Descomp/station_1_d213_stage1\gurobi.log"
Set parameter Threads to value 5
Set parameter Heuristics to value 0.5
Set parameter MIPFocus to value 3
Set parameter Presolve to value 2
Set parameter FlowCoverCuts to value 2
Set parameter TimeLimit to value 172800
Gurobi Optimizer version 12.0.3 build v12.0.3rc0 (win64 - Windows 11+.0 (26200.2))

CPU model: Intel(R) Core(TM) i9-14900K, instruction set [SSE2|AVX|AVX2]
Thread count: 24 physical cores, 32 logical processors, using up to 5 threads

Non-default parameters:
TimeLimit  172800
MIPGap  0.01
Heuristics  0.5
MIPFocus  3
FlowCoverCuts  2
Presolve  2
Threads  5

Optimize a model with 22793 rows, 35809 columns and 110802 nonzeros
Model fingerprint: 0xa4b95384
Variable types: 17323 continuous, 18486 integer (18485 binary)
Coefficient statistics:
  Matrix range     [1e-01, 1e+03]
  Objective range  [8e-03, 2e+05]
  Bounds range     [1e+00, 1e+00]
  RHS range        [1e+00, 1e+04]
Presolve removed 19960 rows and 25836 columns
Presolve time: 0.12s
Presolved: 2833 rows, 9973 columns, 30958 nonzeros
Variable types: 821 continuous, 9152 integer (9151 binary)
Root relaxation presolved: 2833 rows, 9973 columns, 30958 nonzeros


Root relaxation: objective 6.386793e+04, 4787 iterations, 0.34 seconds (0.71 work units)

    Nodes    |    Current Node    |     Objective Bounds      |     Work
 Expl Unexpl |  Obj  Depth IntInf | Incumbent    BestBd   Gap | It/Node Time

     0     0 63867.9339    0  420          - 63867.9339      -     -    0s
H    0     0                    576827.25264 65521.5570  88.6%     -    1s
H    0     0                    455830.58568 100067.075  78.0%     -    2s
H    0     0                    310016.57244 100067.075  67.7%     -    2s
H    0     0                    271212.26427 100067.075  63.1%     -    2s
H    0     0                    253965.18041 100067.075  60.6%     -    2s
H    0     0                    229850.15645 100067.075  56.5%     -    2s
H    0     0                    229661.95980 100067.075  56.4%     -    2s
H    0     0                    229434.99937 100067.075  56.4%     -    2s
H    0     0                    229355.73613 100067.075  56.4%     -    2s
H    0     0                    226118.89358 100067.075  55.7%     -    2s
H    0     0                    226058.26310 100067.075  55.7%     -    2s
H    0     0                    225847.23319 100067.075  55.7%     -    2s
H    0     0                    224629.83044 100067.075  55.5%     -    2s
H    0     0                    224577.01362 100067.075  55.4%     -    2s
H    0     0                    223538.48078 100067.075  55.2%     -    2s
H    0     0                    223537.43154 100067.075  55.2%     -    2s
H    0     0                    223493.89885 100067.075  55.2%     -    2s
H    0     0                    223483.57847 100067.075  55.2%     -    2s
H    0     0                    223027.05890 100067.075  55.1%     -    2s
     0     0 140627.670    0  312 223027.059 140627.670  36.9%     -    2s
H    0     0                    218827.66595 140627.670  35.7%     -    2s
H    0     0                    218796.96264 140627.670  35.7%     -    2s
H    0     0                    218785.56702 140627.670  35.7%     -    2s
H    0     0                    218782.82661 140627.670  35.7%     -    2s
H    0     0                    218782.39666 140627.670  35.7%     -    2s
H    0     0                    218781.21251 140627.670  35.7%     -    2s
H    0     0                    218781.04987 140627.670  35.7%     -    2s
H    0     0                    218760.10754 140627.670  35.7%     -    2s
     0     0 140627.670    0  298 218760.108 140627.670  35.7%     -    3s
H    0     0                    216625.40142 214321.867  1.06%     -    4s
H    0     0                    216390.45334 214321.867  0.96%     -    4s
H    0     0                    216366.70268 214321.867  0.95%     -    4s
H    0     0                    216162.37719 214321.867  0.85%     -    4s
H    0     0                    216139.97967 214321.867  0.84%     -    4s
H    0     0                    216137.97504 214321.867  0.84%     -    4s
H    0     0                    216137.53153 214321.867  0.84%     -    4s
H    0     0                    216134.86555 214321.867  0.84%     -    4s
H    0     0                    216112.87933 214321.867  0.83%     -    4s
H    0     0                    216101.97108 214321.867  0.82%     -    4s
H    0     0                    216099.13063 214321.867  0.82%     -    4s
H    0     0                    216087.98994 214321.867  0.82%     -    4s
H    0     0                    216056.09469 214321.867  0.80%     -    4s
     0     0 214563.863    0  318 216056.095 214563.863  0.69%     -    4s

Cutting planes:
  Gomory: 2
  Lift-and-project: 8
  Cover: 1
  Implied bound: 24
  MIR: 24
  Mixing: 2
  Flow cover: 51
  Zero half: 8
  RLT: 1
  Relax-and-lift: 1

Explored 1 nodes (31670 simplex iterations) in 4.78 seconds (7.01 work units)
Thread count was 5 (of 32 available processors)

Solution count 10: 216056 216088 216099 ... 216162

Optimal solution found (tolerance 1.00e-02)
Best objective 2.160560946860e+05, best bound 2.145638631056e+05, gap 0.6907%
