
Gurobi 12.0.3 (win64) logging started Sun Aug 23 02:49:29 2026

Set parameter LogFile to value "C:\Users\TECNO-MASTER\Desktop\Elmo_infrastructure_sizing_NP-\output\DCH_agosto\Costo_variable\Carga_libre\Carga_on_board_variable_3estaciones_P320kW_Descomp/station_1_d152_stage1\gurobi.log"
Set parameter Threads to value 1
Set parameter Heuristics to value 0.5
Set parameter MIPFocus to value 3
Set parameter Presolve to value 2
Set parameter FlowCoverCuts to value 2
Set parameter TimeLimit to value 172800
Gurobi Optimizer version 12.0.3 build v12.0.3rc0 (win64 - Windows 11+.0 (26200.2))

CPU model: Intel(R) Core(TM) i9-14900K, instruction set [SSE2|AVX|AVX2]
Thread count: 24 physical cores, 32 logical processors, using up to 1 threads

Non-default parameters:
TimeLimit  172800
MIPGap  0.01
Heuristics  0.5
MIPFocus  3
FlowCoverCuts  2
Presolve  2
Threads  1

Optimize a model with 22770 rows, 37249 columns and 110686 nonzeros
Model fingerprint: 0x7a21345e
Variable types: 17323 continuous, 19926 integer (19925 binary)
Coefficient statistics:
  Matrix range     [1e-01, 3e+02]
  Objective range  [1e-02, 9e+04]
  Bounds range     [1e+00, 3e+00]
  RHS range        [1e+00, 1e+04]
Presolve removed 19951 rows and 26958 columns
Presolve time: 0.58s
Presolved: 2819 rows, 10291 columns, 32199 nonzeros
Variable types: 841 continuous, 9450 integer (9363 binary)
Root relaxation presolved: 2819 rows, 10291 columns, 32199 nonzeros


Root relaxation: objective 7.168021e+04, 8327 iterations, 1.25 seconds (1.03 work units)

    Nodes    |    Current Node    |     Objective Bounds      |     Work
 Expl Unexpl |  Obj  Depth IntInf | Incumbent    BestBd   Gap | It/Node Time

     0     0 71680.2087    0  386          - 71680.2087      -     -    4s
     0     0 124895.323    0  110          - 124895.323      -     -    9s
     0     0 124895.738    0  100          - 124895.738      -     -    9s
     0     0 124895.738    0   98          - 124895.738      -     -   10s
H    0     0                    215017.50146 124895.738  41.9%     -   10s
H    0     0                    214961.76893 124895.738  41.9%     -   11s
H    0     0                    141763.68498 124895.738  11.9%     -   11s
H    0     0                    138266.66413 124895.738  9.67%     -   11s
H    0     0                    134832.49709 124895.738  7.37%     -   11s
H    0     0                    133321.18488 124895.738  6.32%     -   11s
H    0     0                    132557.55116 124895.738  5.78%     -   11s
H    0     0                    132477.33157 124895.738  5.72%     -   11s
H    0     0                    132030.00647 124895.738  5.40%     -   11s
H    0     0                    132005.96971 124895.738  5.39%     -   11s
H    0     0                    131998.07604 124895.738  5.38%     -   11s
     0     0 124895.738    0   80 131998.076 124895.738  5.38%     -   12s
H    0     0                    129216.91738 124895.738  3.34%     -   13s
H    0     0                    125030.72115 124895.738  0.11%     -   13s

Cutting planes:
  Gomory: 6
  Mixing: 1
  Flow cover: 11
  Zero half: 2

Explored 1 nodes (30912 simplex iterations) in 13.24 seconds (7.29 work units)
Thread count was 1 (of 32 available processors)

Solution count 10: 125031 129217 131998 ... 138267

Optimal solution found (tolerance 1.00e-02)
Best objective 1.250307211498e+05, best bound 1.248957383148e+05, gap 0.1080%
