
Gurobi 12.0.3 (win64) logging started Tue Jul  7 18:07:04 2026

Set parameter LogFile to value "output/DCH_taller_julio/Costo_variable/Ventana_restringida/Carga_on_board_1000kW_Descomp_ventana_carga/station_3_d121\gurobi.log"
Set parameter Threads to value 5
Set parameter Heuristics to value 0.5
Set parameter MIPFocus to value 3
Set parameter Presolve to value 2
Set parameter FlowCoverCuts to value 2
Set parameter TimeLimit to value 172800
Gurobi Optimizer version 12.0.3 build v12.0.3rc0 (win64 - Windows 11+.0 (26200.2))

CPU model: Intel(R) Core(TM) i9-14900K, instruction set [SSE2|AVX|AVX2]
Thread count: 24 physical cores, 32 logical processors, using up to 5 threads

Non-default parameters:
TimeLimit  172800
MIPGap  0.01
Heuristics  0.5
MIPFocus  3
FlowCoverCuts  2
Presolve  2
Threads  5

Optimize a model with 23329 rows, 35809 columns and 110436 nonzeros
Model fingerprint: 0x265c39f5
Variable types: 17323 continuous, 18486 integer (18485 binary)
Coefficient statistics:
  Matrix range     [1e-01, 1e+03]
  Objective range  [8e-03, 1e+02]
  Bounds range     [1e+00, 1e+00]
  RHS range        [1e+00, 1e+04]
Presolve removed 22241 rows and 27286 columns
Presolve time: 0.32s
Presolved: 1088 rows, 8523 columns, 25613 nonzeros
Variable types: 245 continuous, 8278 integer (8278 binary)
Root relaxation presolved: 1088 rows, 8523 columns, 25613 nonzeros


Use crossover to convert LP symmetric solution to basic solution...

Root relaxation: objective 2.179239e+05, 3008 iterations, 0.09 seconds (0.04 work units)

    Nodes    |    Current Node    |     Objective Bounds      |     Work
 Expl Unexpl |  Obj  Depth IntInf | Incumbent    BestBd   Gap | It/Node Time

     0     0 217923.907    0   99          - 217923.907      -     -    1s
H    0     0                    396996.67919 217923.907  45.1%     -    1s
H    0     0                    228050.70084 217923.907  4.44%     -    2s
H    0     0                    226227.41704 217923.907  3.67%     -    2s
H    0     0                    225873.68525 217923.907  3.52%     -    2s
     0     0 218125.460    0  120 225873.685 218125.460  3.43%     -    2s
H    0     0                    225655.03885 218125.460  3.34%     -    2s
H    0     0                    225649.58329 218125.460  3.33%     -    2s
H    0     0                    225646.15698 218125.460  3.33%     -    2s
H    0     0                    224887.84880 218125.460  3.01%     -    2s
     0     0 218125.460    0  159 224887.849 218125.460  3.01%     -    3s
     0     0 218125.460    0  156 224887.849 218125.460  3.01%     -    3s
H    0     0                    224422.11227 218125.460  2.81%     -    4s
H    0     0                    224381.01518 218125.460  2.79%     -    4s
H    0     0                    222162.93095 218125.460  1.82%     -    4s
H    0     0                    221378.68294 218125.460  1.47%     -    4s
H    0     0                    221303.80343 218125.460  1.44%     -    4s
H    0     0                    220899.76984 218125.460  1.26%     -    4s
     0     0 218125.460    0  149 220899.770 218125.460  1.26%     -    5s
H    0     0                    220815.24613 218125.460  1.22%     -    5s
     0     0 218125.460    0  161 220815.246 218125.460  1.22%     -    5s
     0     0 218125.460    0  112 220815.246 218125.460  1.22%     -    7s
H    0     0                    220522.45295 218125.460  1.09%     -    8s
H    0     0                    220521.99384 218125.460  1.09%     -    8s
H    0     0                    220218.05690 218125.460  0.95%     -    8s

Cutting planes:
  Gomory: 16
  Cover: 5
  Implied bound: 15
  Projected implied bound: 4
  Clique: 6
  MIR: 8
  Flow cover: 11
  Zero half: 5
  RLT: 3
  Relax-and-lift: 7
  PSD: 2

Explored 1 nodes (21498 simplex iterations) in 8.31 seconds (3.73 work units)
Thread count was 5 (of 32 available processors)

Solution count 10: 220218 220522 220522 ... 224422

Optimal solution found (tolerance 1.00e-02)
Best objective 2.202180569042e+05, best bound 2.181254599143e+05, gap 0.9502%
