
Gurobi 12.0.3 (win64) logging started Sun Aug 23 02:50:40 2026

Set parameter LogFile to value "C:\Users\TECNO-MASTER\Desktop\Elmo_infrastructure_sizing_NP-\output\DCH_agosto\Costo_variable\Carga_libre\Carga_on_board_variable_3estaciones_P320kW_Descomp/station_1_d305\gurobi.log"
Set parameter Threads to value 1
Set parameter Heuristics to value 0.5
Set parameter MIPFocus to value 3
Set parameter Presolve to value 2
Set parameter FlowCoverCuts to value 2
Set parameter TimeLimit to value 172800
Gurobi Optimizer version 12.0.3 build v12.0.3rc0 (win64 - Windows 11+.0 (26200.2))

CPU model: Intel(R) Core(TM) i9-14900K, instruction set [SSE2|AVX|AVX2]
Thread count: 24 physical cores, 32 logical processors, using up to 1 threads

Non-default parameters:
TimeLimit  172800
MIPGap  0.01
Heuristics  0.5
MIPFocus  3
FlowCoverCuts  2
Presolve  2
Threads  1

Optimize a model with 22740 rows, 37249 columns and 109724 nonzeros
Model fingerprint: 0xc97b1e91
Variable types: 17323 continuous, 19926 integer (19925 binary)
Coefficient statistics:
  Matrix range     [1e-01, 3e+02]
  Objective range  [1e-01, 1e+02]
  Bounds range     [1e+00, 3e+00]
  RHS range        [1e+00, 1e+04]
Presolve removed 20416 rows and 26961 columns
Presolve time: 0.35s
Presolved: 2324 rows, 10288 columns, 30998 nonzeros
Variable types: 840 continuous, 9448 integer (9362 binary)
Root relaxation presolved: 2324 rows, 10288 columns, 30998 nonzeros


Root relaxation: objective 1.269677e+05, 4316 iterations, 0.30 seconds (0.33 work units)

    Nodes    |    Current Node    |     Objective Bounds      |     Work
 Expl Unexpl |  Obj  Depth IntInf | Incumbent    BestBd   Gap | It/Node Time

     0     0 126967.674    0   16          - 126967.674      -     -    2s
     0     0 126967.890    0   42          - 126967.890      -     -    3s
     0     0 126967.890    0   36          - 126967.890      -     -    3s
H    0     0                    126996.87452 126967.890  0.02%     -    3s

Cutting planes:
  Gomory: 5
  Implied bound: 1
  MIR: 1
  Zero half: 1
  Mod-K: 2

Explored 1 nodes (8095 simplex iterations) in 3.75 seconds (1.91 work units)
Thread count was 1 (of 32 available processors)

Solution count 1: 126997 

Optimal solution found (tolerance 1.00e-02)
Best objective 1.269968745153e+05, best bound 1.269678895440e+05, gap 0.0228%
