
Gurobi 12.0.3 (win64) logging started Sun Aug 23 02:54:57 2026

Set parameter LogFile to value "C:\Users\TECNO-MASTER\Desktop\Elmo_infrastructure_sizing_NP-\output\DCH_agosto\Costo_variable\Carga_libre\Carga_on_board_variable_3estaciones_P640kW_Descomp/station_2_d213\gurobi.log"
Set parameter Threads to value 1
Set parameter Heuristics to value 0.5
Set parameter MIPFocus to value 3
Set parameter Presolve to value 2
Set parameter FlowCoverCuts to value 2
Set parameter TimeLimit to value 172800
Gurobi Optimizer version 12.0.3 build v12.0.3rc0 (win64 - Windows 11+.0 (26200.2))

CPU model: Intel(R) Core(TM) i9-14900K, instruction set [SSE2|AVX|AVX2]
Thread count: 24 physical cores, 32 logical processors, using up to 1 threads

Non-default parameters:
TimeLimit  172800
MIPGap  0.01
Heuristics  0.5
MIPFocus  3
FlowCoverCuts  2
Presolve  2
Threads  1

Optimize a model with 23772 rows, 39247 columns and 115808 nonzeros
Model fingerprint: 0xe172e0fe
Variable types: 18325 continuous, 20922 integer (20921 binary)
Coefficient statistics:
  Matrix range     [1e-01, 6e+02]
  Objective range  [8e-03, 1e+02]
  Bounds range     [1e+00, 3e+00]
  RHS range        [1e+00, 1e+04]
Presolve removed 21321 rows and 28443 columns
Presolve time: 0.54s
Presolved: 2451 rows, 10804 columns, 33500 nonzeros
Variable types: 841 continuous, 9963 integer (9872 binary)
Root relaxation presolved: 2451 rows, 10804 columns, 33500 nonzeros


Root relaxation: objective 1.651057e+05, 3471 iterations, 0.16 seconds (0.19 work units)

    Nodes    |    Current Node    |     Objective Bounds      |     Work
 Expl Unexpl |  Obj  Depth IntInf | Incumbent    BestBd   Gap | It/Node Time

     0     0 165105.699    0  213          - 165105.699      -     -    1s
H    0     0                    223286.48257 165105.699  26.1%     -    1s
H    0     0                    214678.49532 165105.699  23.1%     -    1s
H    0     0                    208213.65727 165105.699  20.7%     -    1s
H    0     0                    202371.91205 165105.699  18.4%     -    1s
H    0     0                    201974.40114 165105.699  18.3%     -    1s
H    0     0                    201971.64093 165105.699  18.3%     -    1s
H    0     0                    192724.11636 165105.699  14.3%     -    1s
H    0     0                    192724.03125 165105.699  14.3%     -    1s
H    0     0                    192717.73199 165105.699  14.3%     -    1s
H    0     0                    192717.68324 165105.699  14.3%     -    1s
H    0     0                    190193.10705 165105.699  13.2%     -    1s
H    0     0                    190110.91123 165105.699  13.2%     -    1s
     0     0 165212.052    0  247 190110.911 165212.052  13.1%     -    2s
H    0     0                    187533.10587 165212.052  11.9%     -    2s
H    0     0                    182513.21231 165212.052  9.48%     -    2s
H    0     0                    175924.22626 165212.052  6.09%     -    2s
H    0     0                    175866.55287 165212.052  6.06%     -    2s
H    0     0                    173318.44800 165212.052  4.68%     -    2s
H    0     0                    166547.67945 165212.052  0.80%     -    2s

Cutting planes:
  Gomory: 7
  Lift-and-project: 2
  Cover: 1
  Implied bound: 6
  Clique: 1
  MIR: 1
  Flow cover: 15
  Zero half: 6
  Relax-and-lift: 3
  PSD: 1

Explored 1 nodes (7091 simplex iterations) in 2.74 seconds (1.79 work units)
Thread count was 1 (of 32 available processors)

Solution count 10: 166548 173318 175867 ... 192718

Optimal solution found (tolerance 1.00e-02)
Best objective 1.665476794500e+05, best bound 1.652120521080e+05, gap 0.8019%
