
Gurobi 12.0.3 (win64) logging started Mon Sep  7 19:28:40 2026

Set parameter LogFile to value "C:\Users\TECNO-MASTER\Desktop\Elmo_infrastructure_sizing_NP-\output\DCH_septiembre\Bateria_353\Costo_variable\Ventana_restringida\Carga_on_board_variable_3estaciones_P640kW_Descomp/station_3_d121\gurobi.log"
Set parameter Threads to value 1
Set parameter Heuristics to value 0.5
Set parameter MIPFocus to value 3
Set parameter Presolve to value 2
Set parameter FlowCoverCuts to value 2
Set parameter TimeLimit to value 1200
Gurobi Optimizer version 12.0.3 build v12.0.3rc0 (win64 - Windows 11+.0 (26200.2))

CPU model: Intel(R) Core(TM) i9-14900K, instruction set [SSE2|AVX|AVX2]
Thread count: 24 physical cores, 32 logical processors, using up to 1 threads

Non-default parameters:
TimeLimit  1200
MIPGap  0.05
Heuristics  0.5
MIPFocus  3
FlowCoverCuts  2
Presolve  2
Threads  1

Optimize a model with 23314 rows, 37249 columns and 110330 nonzeros
Model fingerprint: 0xb130b323
Variable types: 17323 continuous, 19926 integer (19925 binary)
Coefficient statistics:
  Matrix range     [1e-01, 6e+02]
  Objective range  [8e-03, 1e+02]
  Bounds range     [1e+00, 1e+00]
  RHS range        [1e+00, 1e+04]
Presolve removed 22249 rows and 28482 columns
Presolve time: 0.17s
Presolved: 1065 rows, 8767 columns, 26331 nonzeros
Variable types: 233 continuous, 8534 integer (8534 binary)
Root relaxation presolved: 1065 rows, 8767 columns, 26331 nonzeros


Use crossover to convert LP symmetric solution to basic solution...

Root relaxation: objective 1.767035e+05, 3095 iterations, 0.06 seconds (0.04 work units)

    Nodes    |    Current Node    |     Objective Bounds      |     Work
 Expl Unexpl |  Obj  Depth IntInf | Incumbent    BestBd   Gap | It/Node Time

     0     0 176703.539    0   47          - 176703.539      -     -    0s
H    0     0                    207447.07495 176703.539  14.8%     -    0s
H    0     0                    205012.24850 176703.539  13.8%     -    0s
H    0     0                    204999.98250 176703.539  13.8%     -    0s
H    0     0                    204985.51228 176703.539  13.8%     -    0s
H    0     0                    201107.18413 176703.539  12.1%     -    0s
H    0     0                    189993.39016 176703.539  6.99%     -    0s
     0     0 176923.877    0   23 189993.390 176923.877  6.88%     -    1s
H    0     0                    189969.98650 176923.877  6.87%     -    1s
     0     0 176923.877    0   44 189969.987 176923.877  6.87%     -    1s
     0     0 176923.877    0   30 189969.987 176923.877  6.87%     -    1s
     0     0 176923.877    0   32 189969.987 176923.877  6.87%     -    1s
     0     0 176923.877    0   29 189969.987 176923.877  6.87%     -    1s
H    0     0                    187369.41823 176923.877  5.57%     -    2s
H    0     0                    184370.26863 176923.877  4.04%     -    2s

Cutting planes:
  Gomory: 7
  Lift-and-project: 1
  Cover: 6
  Implied bound: 4
  Clique: 5
  MIR: 4
  Flow cover: 6
  Zero half: 10
  RLT: 6
  Relax-and-lift: 20
  BQP: 1
  PSD: 3

Explored 1 nodes (8599 simplex iterations) in 2.09 seconds (1.73 work units)
Thread count was 1 (of 32 available processors)

Solution count 9: 184370 187369 189970 ... 207447

Optimal solution found (tolerance 5.00e-02)
Best objective 1.843702686277e+05, best bound 1.769238768027e+05, gap 4.0388%
