
Gurobi 12.0.3 (win64) logging started Sun Aug 23 02:49:31 2026

Set parameter LogFile to value "C:\Users\TECNO-MASTER\Desktop\Elmo_infrastructure_sizing_NP-\output\DCH_agosto\Costo_variable\Carga_libre\Carga_on_board_variable_3estaciones_P320kW_Descomp/station_1_d91_stage1\gurobi.log"
Set parameter Threads to value 1
Set parameter Heuristics to value 0.5
Set parameter MIPFocus to value 3
Set parameter Presolve to value 2
Set parameter FlowCoverCuts to value 2
Set parameter TimeLimit to value 172800
Gurobi Optimizer version 12.0.3 build v12.0.3rc0 (win64 - Windows 11+.0 (26200.2))

CPU model: Intel(R) Core(TM) i9-14900K, instruction set [SSE2|AVX|AVX2]
Thread count: 24 physical cores, 32 logical processors, using up to 1 threads

Non-default parameters:
TimeLimit  172800
MIPGap  0.01
Heuristics  0.5
MIPFocus  3
FlowCoverCuts  2
Presolve  2
Threads  1

Optimize a model with 22770 rows, 37249 columns and 110686 nonzeros
Model fingerprint: 0xa6085cb9
Variable types: 17323 continuous, 19926 integer (19925 binary)
Coefficient statistics:
  Matrix range     [1e-01, 3e+02]
  Objective range  [1e-02, 9e+04]
  Bounds range     [1e+00, 3e+00]
  RHS range        [1e+00, 1e+04]
Presolve removed 19951 rows and 26958 columns
Presolve time: 0.63s
Presolved: 2819 rows, 10291 columns, 32199 nonzeros
Variable types: 841 continuous, 9450 integer (9363 binary)
Root relaxation presolved: 2819 rows, 10291 columns, 32199 nonzeros


Root relaxation: objective 7.235803e+04, 5636 iterations, 0.78 seconds (0.62 work units)

    Nodes    |    Current Node    |     Objective Bounds      |     Work
 Expl Unexpl |  Obj  Depth IntInf | Incumbent    BestBd   Gap | It/Node Time

     0     0 72358.0316    0  380          - 72358.0316      -     -    4s
     0     0 126993.996    0  164          - 126993.996      -     -   10s
H    0     0                    127306.51410 126993.996  0.25%     -   10s

Cutting planes:
  Gomory: 7
  Implied bound: 2

Explored 1 nodes (27903 simplex iterations) in 10.31 seconds (5.87 work units)
Thread count was 1 (of 32 available processors)

Solution count 1: 127307 

Optimal solution found (tolerance 1.00e-02)
Best objective 1.273065140951e+05, best bound 1.269939962754e+05, gap 0.2455%
