
Gurobi 12.0.3 (win64) logging started Tue Jun 30 15:29:58 2026

Set parameter LogFile to value "output/DCH_taller_julio/Costo_variable/Carga_on_board_1000kW_Descomp/station_2_d305\gurobi.log"
Set parameter Threads to value 5
Set parameter Heuristics to value 0.5
Set parameter MIPFocus to value 3
Set parameter Presolve to value 2
Set parameter FlowCoverCuts to value 2
Set parameter TimeLimit to value 172800
Gurobi Optimizer version 12.0.3 build v12.0.3rc0 (win64 - Windows 11+.0 (26200.2))

CPU model: Intel(R) Core(TM) i9-14900K, instruction set [SSE2|AVX|AVX2]
Thread count: 24 physical cores, 32 logical processors, using up to 5 threads

Non-default parameters:
TimeLimit  172800
MIPGap  0.01
Heuristics  0.5
MIPFocus  3
FlowCoverCuts  2
Presolve  2
Threads  5

Optimize a model with 23765 rows, 37807 columns and 115870 nonzeros
Model fingerprint: 0x90118c3c
Variable types: 18325 continuous, 19482 integer (19481 binary)
Coefficient statistics:
  Matrix range     [1e-01, 1e+03]
  Objective range  [1e-01, 1e+02]
  Bounds range     [1e+00, 1e+00]
  RHS range        [1e+00, 1e+04]
Presolve removed 21363 rows and 27339 columns
Presolve time: 0.10s
Presolved: 2402 rows, 10468 columns, 31810 nonzeros
Variable types: 820 continuous, 9648 integer (9648 binary)
Root relaxation presolved: 2402 rows, 10468 columns, 31810 nonzeros


Root relaxation: objective 2.171060e+05, 3124 iterations, 0.08 seconds (0.14 work units)

    Nodes    |    Current Node    |     Objective Bounds      |     Work
 Expl Unexpl |  Obj  Depth IntInf | Incumbent    BestBd   Gap | It/Node Time

     0     0 217106.036    0  294          - 217106.036      -     -    0s
H    0     0                    220257.62362 217195.402  1.39%     -    0s
H    0     0                    219594.69725 217216.605  1.08%     -    0s
H    0     0                    219582.93551 217216.605  1.08%     -    0s
H    0     0                    219181.61047 217216.605  0.90%     -    0s
H    0     0                    219175.46275 217216.605  0.89%     -    0s
H    0     0                    219021.15056 217216.605  0.82%     -    0s
H    0     0                    219015.00284 217216.605  0.82%     -    0s
H    0     0                    218965.46300 217216.605  0.80%     -    0s
H    0     0                    218553.83866 217216.605  0.61%     -    0s
H    0     0                    218399.48301 217216.605  0.54%     -    0s
H    0     0                    218217.15596 217216.605  0.46%     -    0s
H    0     0                    218193.43560 217216.605  0.45%     -    0s
H    0     0                    218151.19242 217216.605  0.43%     -    0s
H    0     0                    218144.09527 217216.605  0.43%     -    0s
     0     0 217216.605    0  295 218144.095 217216.605  0.43%     -    0s

Cutting planes:
  Gomory: 47
  Lift-and-project: 33
  Cover: 1
  Implied bound: 36
  Projected implied bound: 1
  Clique: 2
  MIR: 36
  Mixing: 3
  Flow cover: 172
  RLT: 29
  Relax-and-lift: 8
  BQP: 2
  PSD: 12

Explored 1 nodes (7627 simplex iterations) in 0.95 seconds (1.09 work units)
Thread count was 5 (of 32 available processors)

Solution count 10: 218144 218151 218193 ... 219175

Optimal solution found (tolerance 1.00e-02)
Best objective 2.181440952652e+05, best bound 2.172166046830e+05, gap 0.4252%
