
Gurobi 12.0.3 (win64) logging started Sun Aug 23 02:53:39 2026

Set parameter LogFile to value "C:\Users\TECNO-MASTER\Desktop\Elmo_infrastructure_sizing_NP-\output\DCH_agosto\Costo_variable\Carga_libre\Carga_on_board_variable_3estaciones_P640kW_Descomp/station_2_d32_stage1\gurobi.log"
Set parameter Threads to value 1
Set parameter Heuristics to value 0.5
Set parameter MIPFocus to value 3
Set parameter Presolve to value 2
Set parameter FlowCoverCuts to value 2
Set parameter TimeLimit to value 172800
Gurobi Optimizer version 12.0.3 build v12.0.3rc0 (win64 - Windows 11+.0 (26200.2))

CPU model: Intel(R) Core(TM) i9-14900K, instruction set [SSE2|AVX|AVX2]
Thread count: 24 physical cores, 32 logical processors, using up to 1 threads

Non-default parameters:
TimeLimit  172800
MIPGap  0.01
Heuristics  0.5
MIPFocus  3
FlowCoverCuts  2
Presolve  2
Threads  1

Optimize a model with 23742 rows, 39247 columns and 116650 nonzeros
Model fingerprint: 0x344a53ba
Variable types: 18325 continuous, 20922 integer (20921 binary)
Coefficient statistics:
  Matrix range     [1e-01, 6e+02]
  Objective range  [3e-03, 1e+05]
  Bounds range     [1e+00, 3e+00]
  RHS range        [1e+00, 1e+04]
Presolve removed 20846 rows and 28442 columns
Presolve time: 0.41s
Presolved: 2896 rows, 10805 columns, 34238 nonzeros
Variable types: 840 continuous, 9965 integer (9873 binary)
Root relaxation presolved: 2896 rows, 10805 columns, 34238 nonzeros


Root relaxation: objective 4.417729e+04, 5153 iterations, 1.42 seconds (0.90 work units)
Total elapsed time = 9.12s (DegenMoves)

    Nodes    |    Current Node    |     Objective Bounds      |     Work
 Expl Unexpl |  Obj  Depth IntInf | Incumbent    BestBd   Gap | It/Node Time

     0     0 164883.496    0  309          - 164883.496      -     -    9s
H    0     0                    296909.30208 164883.496  44.5%     -    9s
H    0     0                    168069.63370 164883.496  1.90%     -    9s
H    0     0                    168060.67610 164883.496  1.89%     -    9s
H    0     0                    167796.55128 164883.496  1.74%     -    9s
H    0     0                    167686.18906 164883.496  1.67%     -    9s
H    0     0                    167681.87588 164883.496  1.67%     -    9s
H    0     0                    167645.27927 164883.496  1.65%     -    9s
H    0     0                    167413.08413 164883.496  1.51%     -    9s
H    0     0                    167406.00973 164883.496  1.51%     -    9s
     0     0 165018.402    0  330 167406.010 165018.402  1.43%     -   13s
H    0     0                    167405.60282 165018.402  1.43%     -   13s
H    0     0                    166669.17927 165018.402  0.99%     -   13s

Cutting planes:
  Gomory: 14
  Lift-and-project: 16
  Cover: 2
  Implied bound: 2
  Flow cover: 11
  Zero half: 2
  Relax-and-lift: 2

Explored 1 nodes (44891 simplex iterations) in 13.75 seconds (7.03 work units)
Thread count was 1 (of 32 available processors)

Solution count 10: 166669 167406 167406 ... 168070

Optimal solution found (tolerance 1.00e-02)
Best objective 1.666691792710e+05, best bound 1.650184023119e+05, gap 0.9905%
