
Gurobi 12.0.3 (win64) logging started Mon Sep  7 19:25:59 2026

Set parameter LogFile to value "C:\Users\TECNO-MASTER\Desktop\Elmo_infrastructure_sizing_NP-\output\DCH_septiembre\Bateria_353\Costo_variable\Ventana_restringida\Carga_on_board_variable_3estaciones_P320kW_Descomp/station_1_d60\gurobi.log"
Set parameter Threads to value 1
Set parameter Heuristics to value 0.5
Set parameter MIPFocus to value 3
Set parameter Presolve to value 2
Set parameter FlowCoverCuts to value 2
Set parameter TimeLimit to value 1200
Gurobi Optimizer version 12.0.3 build v12.0.3rc0 (win64 - Windows 11+.0 (26200.2))

CPU model: Intel(R) Core(TM) i9-14900K, instruction set [SSE2|AVX|AVX2]
Thread count: 24 physical cores, 32 logical processors, using up to 1 threads

Non-default parameters:
TimeLimit  1200
MIPGap  0.05
Heuristics  0.5
MIPFocus  3
FlowCoverCuts  2
Presolve  2
Threads  1

Optimize a model with 23284 rows, 37249 columns and 110268 nonzeros
Model fingerprint: 0x25dffbc5
Variable types: 17323 continuous, 19926 integer (19925 binary)
Coefficient statistics:
  Matrix range     [1e-01, 3e+02]
  Objective range  [9e-03, 1e+02]
  Bounds range     [1e+00, 2e+00]
  RHS range        [1e+00, 1e+04]
Presolve removed 22262 rows and 28481 columns
Presolve time: 0.18s
Presolved: 1022 rows, 8768 columns, 26038 nonzeros
Variable types: 232 continuous, 8536 integer (8536 binary)
Root relaxation presolved: 1022 rows, 8768 columns, 26038 nonzeros


Use crossover to convert LP symmetric solution to basic solution...

Root relaxation: objective 1.964179e+05, 2882 iterations, 0.04 seconds (0.03 work units)

    Nodes    |    Current Node    |     Objective Bounds      |     Work
 Expl Unexpl |  Obj  Depth IntInf | Incumbent    BestBd   Gap | It/Node Time

     0     0 196417.856    0   33          - 196417.856      -     -    0s
H    0     0                    196515.51450 196417.856  0.05%     -    0s

Explored 1 nodes (3683 simplex iterations) in 0.53 seconds (0.38 work units)
Thread count was 1 (of 32 available processors)

Solution count 1: 196516 

Optimal solution found (tolerance 5.00e-02)
Best objective 1.965155145024e+05, best bound 1.964178559952e+05, gap 0.0497%
