
Gurobi 12.0.3 (win64) logging started Sun Aug 23 02:46:34 2026

Set parameter LogFile to value "C:\Users\TECNO-MASTER\Desktop\Elmo_infrastructure_sizing_NP-\output\DCH_agosto\Costo_fijo\Carga_libre\Carga_on_board_fixed_3estaciones_P640kW_Descomp/station_2_d335\gurobi.log"
Set parameter Threads to value 1
Set parameter Heuristics to value 0.5
Set parameter MIPFocus to value 3
Set parameter Presolve to value 2
Set parameter FlowCoverCuts to value 2
Set parameter TimeLimit to value 172800
Gurobi Optimizer version 12.0.3 build v12.0.3rc0 (win64 - Windows 11+.0 (26200.2))

CPU model: Intel(R) Core(TM) i9-14900K, instruction set [SSE2|AVX|AVX2]
Thread count: 24 physical cores, 32 logical processors, using up to 1 threads

Non-default parameters:
TimeLimit  172800
MIPGap  0.01
Heuristics  0.5
MIPFocus  3
FlowCoverCuts  2
Presolve  2
Threads  1

Optimize a model with 23742 rows, 39247 columns and 115748 nonzeros
Model fingerprint: 0x01a4d259
Variable types: 18325 continuous, 20922 integer (20921 binary)
Coefficient statistics:
  Matrix range     [1e-01, 6e+02]
  Objective range  [4e-01, 1e+02]
  Bounds range     [1e+00, 3e+00]
  RHS range        [1e+00, 1e+04]
Presolve removed 21291 rows and 28444 columns
Presolve time: 0.32s
Presolved: 2451 rows, 10803 columns, 33590 nonzeros
Variable types: 840 continuous, 9963 integer (9872 binary)
Root relaxation presolved: 2451 rows, 10803 columns, 33590 nonzeros


Root relaxation: objective 1.715113e+05, 3950 iterations, 0.40 seconds (0.20 work units)

    Nodes    |    Current Node    |     Objective Bounds      |     Work
 Expl Unexpl |  Obj  Depth IntInf | Incumbent    BestBd   Gap | It/Node Time

     0     0 171511.341    0    2          - 171511.341      -     -    1s
H    0     0                    171516.22195 171511.341  0.00%     -    1s

Explored 1 nodes (5907 simplex iterations) in 1.60 seconds (0.81 work units)
Thread count was 1 (of 32 available processors)

Solution count 1: 171516 

Optimal solution found (tolerance 1.00e-02)
Best objective 1.715162219532e+05, best bound 1.715113407977e+05, gap 0.0028%
