
Gurobi 12.0.0 (win64) logging started Mon Sep  7 04:00:22 2026

Set parameter LogFile to value "C:\Users\TECNO-MASTER\Desktop\Elmo_infrastructure_sizing_NP-\output\DCH_septiembre\Bateria_482\Costo_variable\Ventana_restringida\Carga_on_board_variable_3estaciones_P640kW_Descomp/station_2_d121_stage1\gurobi.log"
Set parameter Threads to value 1
Set parameter Heuristics to value 0.5
Set parameter MIPFocus to value 3
Set parameter Presolve to value 2
Set parameter FlowCoverCuts to value 2
Set parameter TimeLimit to value 1200
Gurobi Optimizer version 12.0.0 build v12.0.0rc1 (win64 - Windows 11+.0 (26200.2))

CPU model: Intel(R) Core(TM) i9-14900K, instruction set [SSE2|AVX|AVX2]
Thread count: 24 physical cores, 32 logical processors, using up to 1 threads

Non-default parameters:
TimeLimit  1200
MIPGap  0.05
Heuristics  0.5
MIPFocus  3
FlowCoverCuts  2
Presolve  2
Threads  1

Optimize a model with 24316 rows, 39247 columns and 117254 nonzeros
Model fingerprint: 0x80b71e41
Variable types: 18325 continuous, 20922 integer (20921 binary)
Coefficient statistics:
  Matrix range     [1e-01, 6e+02]
  Objective range  [8e-03, 1e+05]
  Bounds range     [1e+00, 1e+00]
  RHS range        [1e+00, 1e+04]
Presolve removed 23088 rows and 29960 columns
Presolve time: 0.20s
Presolved: 1228 rows, 9287 columns, 28152 nonzeros
Variable types: 233 continuous, 9054 integer (9053 binary)
Root relaxation presolved: 1228 rows, 9287 columns, 28152 nonzeros


Use crossover to convert LP symmetric solution to basic solution...

Root relaxation: objective 1.606073e+05, 3050 iterations, 0.06 seconds (0.05 work units)

    Nodes    |    Current Node    |     Objective Bounds      |     Work
 Expl Unexpl |  Obj  Depth IntInf | Incumbent    BestBd   Gap | It/Node Time

     0     0 160607.250    0   98          - 160607.250      -     -    0s
H    0     0                    266050.47669 160607.250  39.6%     -    0s
H    0     0                    265924.29783 160607.250  39.6%     -    0s
H    0     0                    265860.29945 160607.250  39.6%     -    0s
     0     0 169944.828    0  138 265860.299 169944.828  36.1%     -    1s
H    0     0                    206503.89002 171626.665  16.9%     -    1s
H    0     0                    206372.22090 171626.665  16.8%     -    1s
H    0     0                    205885.30318 171626.665  16.6%     -    1s
H    0     0                    202164.34769 171626.665  15.1%     -    1s
H    0     0                    202072.93523 171626.665  15.1%     -    1s
H    0     0                    197508.09631 171626.665  13.1%     -    1s
H    0     0                    197428.53108 171626.665  13.1%     -    1s
H    0     0                    194940.67611 171626.665  12.0%     -    1s
H    0     0                    191573.65889 171626.665  10.4%     -    1s
H    0     0                    186770.90936 171626.665  8.11%     -    1s
     0     0 176941.630    0  100 186770.909 176941.630  5.26%     -    2s
     0     0 177353.406    0   97 186770.909 177353.406  5.04%     -    2s
H    0     0                    186744.81309 177353.406  5.03%     -    2s
H    0     0                    185504.49869 177353.406  4.39%     -    2s

Cutting planes:
  Implied bound: 1
  Projected implied bound: 17
  Clique: 38
  MIR: 2
  Flow cover: 10
  Zero half: 3
  Relax-and-lift: 3
  BQP: 40
  PSD: 1

Explored 1 nodes (8116 simplex iterations) in 2.78 seconds (2.32 work units)
Thread count was 1 (of 32 available processors)

Solution count 10: 185504 186745 186771 ... 205885

Optimal solution found (tolerance 5.00e-02)
Best objective 1.855044986868e+05, best bound 1.773534055302e+05, gap 4.3940%
