
Gurobi 12.0.0 (win64) logging started Mon Sep  7 03:44:48 2026

Set parameter LogFile to value "C:\Users\TECNO-MASTER\Desktop\Elmo_infrastructure_sizing_NP-\output\DCH_septiembre\Bateria_353\Costo_variable\Carga_libre\Carga_on_board_variable_3estaciones_P320kW_Descomp/station_3_d244\gurobi.log"
Set parameter Threads to value 1
Set parameter Heuristics to value 0.5
Set parameter MIPFocus to value 3
Set parameter Presolve to value 2
Set parameter FlowCoverCuts to value 2
Set parameter TimeLimit to value 1200
Gurobi Optimizer version 12.0.0 build v12.0.0rc1 (win64 - Windows 11+.0 (26200.2))

CPU model: Intel(R) Core(TM) i9-14900K, instruction set [SSE2|AVX|AVX2]
Thread count: 24 physical cores, 32 logical processors, using up to 1 threads

Non-default parameters:
TimeLimit  1200
MIPGap  0.05
Heuristics  0.5
MIPFocus  3
FlowCoverCuts  2
Presolve  2
Threads  1

Optimize a model with 22770 rows, 37249 columns and 109786 nonzeros
Model fingerprint: 0x9ff1964b
Variable types: 17323 continuous, 19926 integer (19925 binary)
Coefficient statistics:
  Matrix range     [1e-01, 3e+02]
  Objective range  [8e-03, 1e+02]
  Bounds range     [1e+00, 1e+00]
  RHS range        [1e+00, 1e+04]
Presolve removed 20416 rows and 26954 columns
Presolve time: 0.08s
Presolved: 2354 rows, 10295 columns, 30478 nonzeros
Variable types: 841 continuous, 9454 integer (9454 binary)
Root relaxation presolved: 2354 rows, 10295 columns, 30478 nonzeros


Root relaxation: objective 1.147943e+05, 4020 iterations, 0.10 seconds (0.23 work units)

    Nodes    |    Current Node    |     Objective Bounds      |     Work
 Expl Unexpl |  Obj  Depth IntInf | Incumbent    BestBd   Gap | It/Node Time

     0     0 114794.318    0  131          - 114794.318      -     -    0s
H    0     0                    144417.17879 114794.318  20.5%     -    0s
H    0     0                    134522.81295 114794.318  14.7%     -    0s
H    0     0                    134520.51397 114794.318  14.7%     -    0s
H    0     0                    134482.95638 114794.318  14.6%     -    0s
H    0     0                    134469.04412 114794.318  14.6%     -    0s
     0     0 114807.338    0  154 134469.044 114807.338  14.6%     -    0s
H    0     0                    133722.27916 114807.338  14.1%     -    0s
H    0     0                    131269.94514 114807.338  12.5%     -    0s
H    0     0                    122265.60474 114807.338  6.10%     -    0s
H    0     0                    122259.58581 114807.338  6.10%     -    0s
H    0     0                    122259.39585 114807.338  6.10%     -    0s
H    0     0                    120013.35070 114807.338  4.34%     -    0s

Cutting planes:
  Gomory: 2
  Lift-and-project: 1
  Cover: 4
  Implied bound: 7
  Clique: 2
  MIR: 2
  Flow cover: 2
  RLT: 5
  Relax-and-lift: 4
  PSD: 1

Explored 1 nodes (9678 simplex iterations) in 0.98 seconds (1.75 work units)
Thread count was 1 (of 32 available processors)

Solution count 10: 120013 122259 122260 ... 134523

Optimal solution found (tolerance 5.00e-02)
Best objective 1.200133507039e+05, best bound 1.148073378628e+05, gap 4.3379%
