
Gurobi 12.0.3 (win64) logging started Fri Jan  9 16:24:18 2026

Set parameter LogFile to value "ELMO_log.txt"
Set parameter Threads to value 32
Set parameter Heuristics to value 0.8
Gurobi Optimizer version 12.0.3 build v12.0.3rc0 (win64 - Windows 11+.0 (26200.2))

CPU model: Intel(R) Core(TM) i9-14900K, instruction set [SSE2|AVX|AVX2]
Thread count: 24 physical cores, 32 logical processors, using up to 32 threads

Non-default parameters:
MIPGap  0.05
Heuristics  0.8
Threads  32

Optimize a model with 25587 rows, 24017 columns and 129109 nonzeros
Model fingerprint: 0x0a78a459
Variable types: 392 continuous, 23625 integer (16131 binary)
Coefficient statistics:
  Matrix range     [1e+00, 4e+02]
  Objective range  [6e+03, 2e+05]
  Bounds range     [1e+00, 1e+00]
  RHS range        [1e+00, 2e+03]
Presolve removed 24184 rows and 21235 columns
Presolve time: 0.06s
Presolved: 1403 rows, 2782 columns, 7954 nonzeros
Variable types: 372 continuous, 2410 integer (2407 binary)
Found heuristic solution: objective 516000.00000
Found heuristic solution: objective 495000.00000

Root relaxation: objective 1.161096e+05, 1918 iterations, 0.01 seconds (0.03 work units)

    Nodes    |    Current Node    |     Objective Bounds      |     Work
 Expl Unexpl |  Obj  Depth IntInf | Incumbent    BestBd   Gap | It/Node Time

     0     0 116109.579    0   53 495000.000 116109.579  76.5%     -    0s
H    0     0                    258000.00000 116109.579  55.0%     -    0s
H    0     0                    179000.00000 116109.579  35.1%     -    0s

Cutting planes:
  MIR: 9

Explored 1 nodes (4503 simplex iterations) in 0.16 seconds (0.30 work units)
Thread count was 32 (of 32 available processors)

Solution count 4: 179000 258000 495000 516000 

Optimal solution found (tolerance 5.00e-02)
Best objective 1.790000000000e+05, best bound 1.790000000000e+05, gap 0.0000%
