
Gurobi 12.0.0 (win64) logging started Mon Sep  7 03:52:44 2026

Set parameter LogFile to value "C:\Users\TECNO-MASTER\Desktop\Elmo_infrastructure_sizing_NP-\output\DCH_septiembre\Bateria_482\Costo_fijo\Ventana_restringida\Carga_on_board_fixed_3estaciones_P640kW_Descomp/station_1_d244_stage1\gurobi.log"
Set parameter Threads to value 1
Set parameter Heuristics to value 0.5
Set parameter MIPFocus to value 3
Set parameter Presolve to value 2
Set parameter FlowCoverCuts to value 2
Set parameter TimeLimit to value 1200
Gurobi Optimizer version 12.0.0 build v12.0.0rc1 (win64 - Windows 11+.0 (26200.2))

CPU model: Intel(R) Core(TM) i9-14900K, instruction set [SSE2|AVX|AVX2]
Thread count: 24 physical cores, 32 logical processors, using up to 1 threads

Non-default parameters:
TimeLimit  1200
MIPGap  0.05
Heuristics  0.5
MIPFocus  3
FlowCoverCuts  2
Presolve  2
Threads  1

Optimize a model with 23314 rows, 37249 columns and 111230 nonzeros
Model fingerprint: 0x6498566a
Variable types: 17323 continuous, 19926 integer (19925 binary)
Coefficient statistics:
  Matrix range     [1e-01, 6e+02]
  Objective range  [4e-01, 1e+05]
  Bounds range     [1e+00, 1e+00]
  RHS range        [1e+00, 1e+04]
Presolve removed 22108 rows and 28478 columns
Presolve time: 0.18s
Presolved: 1206 rows, 8771 columns, 26578 nonzeros
Variable types: 233 continuous, 8538 integer (8537 binary)
Root relaxation presolved: 1206 rows, 8771 columns, 26578 nonzeros


Use crossover to convert LP symmetric solution to basic solution...

Root relaxation: objective 1.530282e+05, 2951 iterations, 0.06 seconds (0.05 work units)

    Nodes    |    Current Node    |     Objective Bounds      |     Work
 Expl Unexpl |  Obj  Depth IntInf | Incumbent    BestBd   Gap | It/Node Time

     0     0 153028.163    0  112          - 153028.163      -     -    0s
H    0     0                    270806.15070 153028.163  43.5%     -    0s
H    0     0                    270781.62469 153028.163  43.5%     -    0s
     0     0 158121.442    0  144 270781.625 158121.442  41.6%     -    1s
H    0     0                    270777.98764 160523.774  40.7%     -    1s
H    0     0                    228038.82019 160523.774  29.6%     -    1s
H    0     0                    212476.91668 160523.774  24.5%     -    1s
     0     0 162056.619    0  142 212476.917 162056.619  23.7%     -    1s
     0     0 169469.703    0   93 212476.917 169469.703  20.2%     -    2s
H    0     0                    211370.90530 169469.703  19.8%     -    2s
H    0     0                    208875.23051 169469.703  18.9%     -    2s
H    0     0                    208466.27734 169469.703  18.7%     -    2s
     0     0 169469.703    0  104 208466.277 169469.703  18.7%     -    2s
     0     0 169469.703    0  104 208466.277 169469.703  18.7%     -    2s
H    0     0                    203254.48419 169469.703  16.6%     -    2s
H    0     0                    201860.74861 169469.703  16.0%     -    2s
H    0     0                    200593.52914 169469.703  15.5%     -    2s
H    0     0                    192126.05181 169469.703  11.8%     -    2s
H    0     0                    190906.66110 169469.703  11.2%     -    3s
     0     0 169469.703    0  107 190906.661 169469.703  11.2%     -    3s
     0     0 169469.703    0   92 190906.661 169469.703  11.2%     -    3s
H    0     0                    180183.55969 169469.703  5.95%     -    3s
     0     0 169469.703    0   95 180183.560 169469.703  5.95%     -    3s
     0     0 169469.703    0   89 180183.560 169469.703  5.95%     -    3s
     0     0 169469.703    0   90 180183.560 169469.703  5.95%     -    4s
H    0     0                    176466.68617 169469.703  3.97%     -    4s

Cutting planes:
  Cover: 6
  Implied bound: 1
  Projected implied bound: 1
  Clique: 22
  Zero half: 17
  RLT: 1
  Relax-and-lift: 9
  BQP: 15
  PSD: 1

Explored 1 nodes (14759 simplex iterations) in 4.30 seconds (3.88 work units)
Thread count was 1 (of 32 available processors)

Solution count 10: 176467 180184 190907 ... 211371

Optimal solution found (tolerance 5.00e-02)
Best objective 1.764666861665e+05, best bound 1.694697025864e+05, gap 3.9650%
