
Gurobi 10.0.0 (win64) logging started Wed Oct  1 20:03:34 2025

Set parameter LogFile to value "ELMO_log.txt"
Set parameter Threads to value 4
Set parameter Heuristics to value 0.8
Gurobi Optimizer version 10.0.0 build v10.0.0rc2 (win64)

CPU model: Intel(R) Core(TM) i9-14900K, instruction set [SSE2|AVX|AVX2]
Thread count: 24 physical cores, 32 logical processors, using up to 4 threads

Optimize a model with 4096 rows, 33808 columns and 52864 nonzeros
Model fingerprint: 0x1fd9a3d8
Variable types: 1552 continuous, 32256 integer (32256 binary)
Coefficient statistics:
  Matrix range     [5e-01, 4e+02]
  Objective range  [1e-02, 1e-01]
  Bounds range     [1e+00, 4e+02]
  RHS range        [1e+00, 7e+02]
Presolve removed 2544 rows and 25696 columns
Presolve time: 0.23s
Presolved: 1552 rows, 8112 columns, 22944 nonzeros
Variable types: 1392 continuous, 6720 integer (6720 binary)

Root relaxation: objective 1.382111e+03, 5031 iterations, 0.04 seconds (0.04 work units)

    Nodes    |    Current Node    |     Objective Bounds      |     Work
 Expl Unexpl |  Obj  Depth IntInf | Incumbent    BestBd   Gap | It/Node Time

     0     0 1382.11132    0  233          - 1382.11132      -     -    0s
     0     0 1402.51016    0  288          - 1402.51016      -     -    0s
     0     0 1414.02669    0  295          - 1414.02669      -     -    0s
     0     0 1414.02680    0  306          - 1414.02680      -     -    0s
     0     0 1414.02680    0  304          - 1414.02680      -     -    0s
     0     0 1418.29497    0  299          - 1418.29497      -     -    0s
     0     0 1422.96027    0  338          - 1422.96027      -     -    0s
     0     0 1423.28216    0  348          - 1423.28216      -     -    0s
     0     0 1423.35376    0  351          - 1423.35376      -     -    0s
     0     0 1423.36426    0  352          - 1423.36426      -     -    0s
     0     0 1424.13321    0  364          - 1424.13321      -     -    0s
     0     0 1424.13321    0  369          - 1424.13321      -     -    0s
     0     0 1425.17453    0  367          - 1425.17453      -     -    0s
     0     0 1425.20101    0  365          - 1425.20101      -     -    0s
     0     0 1425.61399    0  376          - 1425.61399      -     -    0s
H    0     0                    2213.2966274 1425.61399  35.6%     -    0s
     0     0 1425.61399    0  254 2213.29663 1425.61399  35.6%     -    0s
H    0     0                    2175.5851910 1425.61399  34.5%     -    1s
H    0     0                    2153.3139846 1425.61399  33.8%     -    1s
H    0     0                    2075.4670683 1425.61399  31.3%     -    1s
H    0     0                    2063.1352354 1425.61399  30.9%     -    2s
H    0     0                    2036.3098331 1425.61399  30.0%     -    2s
H    0     0                    1996.6690280 1425.61399  28.6%     -    2s
H    0     0                    1898.2975201 1425.61399  24.9%     -    2s
H    0     0                    1878.8857770 1425.61399  24.1%     -    2s
H    0     0                    1856.6354338 1425.61399  23.2%     -    2s
H    0     0                    1802.9344377 1425.61399  20.9%     -    2s
H    0     0                    1701.0591073 1425.61399  16.2%     -    2s
H    0     0                    1683.5940384 1425.61399  15.3%     -    3s
H    0     0                    1647.0683133 1425.61399  13.4%     -    3s
H    0     0                    1601.3236343 1425.61399  11.0%     -    3s
H    0     0                    1493.5588340 1425.61399  4.55%     -    3s
H    0     0                    1469.5300671 1425.61399  2.99%     -    3s
H  570   525                    1469.5294777 1434.92356  2.35%   8.5    3s
H 2678  2360                    1469.5103034 1435.32089  2.33%   6.5    4s
  3083  2768 1435.32089   96   18 1469.51030 1435.32089  2.33%  11.3    5s
H 3414  3058                    1469.5069360 1435.32089  2.33%   6.7    5s
H 4287  3807                    1469.4473483 1435.32804  2.32%   7.0    5s
H 4936  4433                    1469.3747711 1435.42545  2.31%   7.2    5s
H 6569  5914                    1469.3262885 1438.26625  2.11%   8.0    6s
H 7120  6464                    1468.4457087 1438.26625  2.06%   8.2    7s
H 7634  6961                    1468.4378166 1439.94906  1.94%   8.1    7s
H 8831  8045                    1468.4190767 1440.94069  1.87%   8.3    7s
H 9825  8875                    1468.4102102 1440.98987  1.87%   8.2    8s
H11441  9951                    1468.4049573 1441.41168  1.84%   8.5    9s
 12984 11134 1444.31779   46   27 1468.40496 1444.31779  1.64%   9.9   10s
H14654 12283                    1468.4042206 1444.92575  1.60%   9.9   12s
H17513 14542                    1468.3953041 1445.23308  1.58%  10.3   14s
 18068 15053 1445.30669   17   29 1468.39530 1445.30669  1.57%  11.1   15s
H18204 15141                    1468.3824835 1445.30674  1.57%  10.5   15s
H19386 16084                    1468.3797488 1445.31207  1.57%  10.2   15s
H20048 16548                    1468.3797456 1451.58685  1.14%  10.2   16s
H21072 17433                    1468.2509913 1451.58685  1.13%  10.0   16s
H22358 17824                    1468.2506966 1451.90208  1.11%  10.6   17s
H25109 18553                    1468.2378760 1452.11053  1.10%  11.0   18s
H28353 20195                    1468.2377991 1452.11451  1.10%  11.0   19s
 28357 20404 1453.02585   23   25 1468.23780 1452.11451  1.10%  11.5   20s
H29440 20802                    1468.2377942 1452.11451  1.10%  11.9   20s

Cutting planes:
  Gomory: 104
  Implied bound: 40
  MIR: 236
  StrongCG: 4
  RLT: 1
  Relax-and-lift: 5

Explored 30432 nodes (371469 simplex iterations) in 21.25 seconds (32.80 work units)
Thread count was 4 (of 32 available processors)

Solution count 10: 1468.24 1468.24 1468.24 ... 1468.4

Optimal solution found (tolerance 1.00e-02)
Best objective 1.468237794188e+03, best bound 1.455237129181e+03, gap 0.8855%
