
Gurobi 10.0.0 (win64) logging started Mon Jul 27 17:55:16 2026

Set parameter LogFile to value "output/Taller_DET_Agosto_wp2_8lhds\gurobi.log"
Set parameter Threads to value 32
Set parameter Heuristics to value 0.5
Set parameter MIPFocus to value 3
Set parameter Presolve to value 2
Set parameter FlowCoverCuts to value 2
Set parameter TimeLimit to value 172800
Gurobi Optimizer version 10.0.0 build v10.0.0rc2 (win64)

CPU model: 11th Gen Intel(R) Core(TM) i7-1165G7 @ 2.80GHz, instruction set [SSE2|AVX|AVX2|AVX512]
Thread count: 4 physical cores, 8 logical processors, using up to 32 threads

Warning: Thread count (32) is larger than processor count (8)
         Reduce the value of the Threads parameter to improve performance


Optimize a model with 660973 rows, 1050219 columns and 4986410 nonzeros
Model fingerprint: 0xd775209c
Variable types: 492937 continuous, 557282 integer (557281 binary)
Coefficient statistics:
  Matrix range     [1e-01, 3e+02]
  Objective range  [4e-01, 9e+04]
  Bounds range     [1e+00, 3e+00]
  RHS range        [1e+00, 3e+04]
Presolve removed 616116 rows and 782617 columns (presolve time = 5s) ...
Presolve removed 621552 rows and 786901 columns (presolve time = 10s) ...
Presolve removed 622320 rows and 787669 columns (presolve time = 15s) ...
Presolve removed 622608 rows and 787957 columns (presolve time = 20s) ...
Presolve removed 622608 rows and 787957 columns (presolve time = 25s) ...
Presolve removed 622608 rows and 787957 columns (presolve time = 30s) ...
Presolve removed 622608 rows and 787957 columns
Presolve time: 30.80s
Presolved: 38365 rows, 262262 columns, 1653998 nonzeros
Variable types: 3156 continuous, 259106 integer (257017 binary)
Root relaxation presolved: 38365 rows, 262262 columns, 1653998 nonzeros

Deterministic concurrent LP optimizer: primal simplex, dual simplex, and barrier
Showing barrier log only...

Root barrier log...

Ordering time: 0.01s

Barrier statistics:
 Dense cols : 1
 AA' NZ     : 7.111e+04
 Factor NZ  : 1.016e+05 (roughly 10 MB of memory)
 Factor Ops : 3.723e+06 (less than 1 second per iteration)
 Threads    : 29

                  Objective                Residual
Iter       Primal          Dual         Primal    Dual     Compl     Time
   0   4.24975790e+07 -1.64380268e+09  7.26e+04 1.19e+04  4.78e+06    43s
   1   3.10005164e+07 -1.46640436e+09  4.14e+04 4.20e+03  2.73e+06    43s
   2   3.90195372e+06 -1.03936839e+09  4.06e+03 2.33e-10  2.85e+05    43s
   3   1.16006170e+06 -4.46964397e+08  2.41e+02 1.14e-08  2.46e+04    43s
   4   1.02699491e+06 -1.84723441e+08  7.29e+01 4.51e-09  7.39e+03    43s
   5   9.72284277e+05 -9.87438520e+07  1.09e+01 2.21e-09  2.53e+03    43s
   6   9.64936026e+05 -2.38694698e+07  4.10e+00 4.84e-10  5.82e+02    43s
   7   9.55433756e+05 -3.69165413e+06  1.07e+00 4.73e-11  1.04e+02    43s
   8   9.39489388e+05 -3.79200385e+05  5.18e-01 1.13e-11  2.91e+01    43s
   9   9.19203823e+05  2.84808528e+05  1.86e-01 5.07e-11  1.39e+01    43s
  10   9.01079439e+05  7.15384781e+05  7.63e-02 1.02e-12  4.06e+00    43s
  11   8.92103948e+05  7.99994683e+05  4.58e-02 4.28e-12  2.01e+00    43s
  12   8.86279410e+05  8.46522898e+05  2.94e-02 1.05e-12  8.69e-01    43s
  13   8.82291987e+05  8.63869346e+05  1.76e-02 7.93e-11  4.03e-01    43s
  14   8.79641041e+05  8.72703886e+05  9.98e-03 1.79e-11  1.52e-01    43s
  15   8.79048788e+05  8.75666032e+05  8.08e-03 5.82e-13  7.40e-02    43s
  16   8.78436501e+05  8.76361762e+05  6.16e-03 5.29e-11  4.54e-02    44s
  17   8.76642258e+05  8.76523054e+05  2.79e-04 5.01e-13  2.61e-03    44s
  18   8.76606415e+05  8.76556109e+05  1.59e-04 5.43e-11  1.10e-03    44s
  19   8.76570172e+05  8.76556087e+05  4.05e-05 5.97e-13  3.08e-04    44s
  20   8.76557469e+05  8.76556905e+05  3.89e-07 9.36e-11  1.23e-05    44s
  21   8.76557269e+05  8.76557269e+05  7.71e-10 5.63e-13  4.07e-09    44s

Barrier solved model in 21 iterations and 43.63 seconds (23.84 work units)
Optimal objective 8.76557269e+05

Concurrent spin time: 0.60s (can be avoided by choosing Method=3)

Solved with dual simplex

Root simplex log...

Iteration    Objective       Primal Inf.    Dual Inf.      Time
    3636    8.7655727e+05   0.000000e+00   0.000000e+00     44s

Use crossover to convert LP symmetric solution to basic solution...

Root crossover log...

       0 DPushes remaining with DInf 0.0000000e+00                45s

    1967 PPushes remaining with PInf 0.0000000e+00                45s
       0 PPushes remaining with PInf 0.0000000e+00                45s

  Push phase complete: Pinf 0.0000000e+00, Dinf 2.0060932e-10     45s


Root simplex log...

Iteration    Objective       Primal Inf.    Dual Inf.      Time
    8019    8.7655727e+05   0.000000e+00   0.000000e+00     45s
    8019    8.7655727e+05   0.000000e+00   0.000000e+00     45s

Root relaxation: objective 8.765573e+05, 8019 iterations, 4.39 seconds (1.62 work units)
Total elapsed time = 68.75s
Total elapsed time = 77.54s
Total elapsed time = 80.44s

    Nodes    |    Current Node    |     Objective Bounds      |     Work
 Expl Unexpl |  Obj  Depth IntInf | Incumbent    BestBd   Gap | It/Node Time

     0     0 876557.269    0 2929          - 876557.269      -     -   87s
     0     0 884268.411    0 1746          - 884268.411      -     -   90s
     0     0 910919.140    0  389          - 910919.140      -     -  111s
     0     0 910919.140    0  486          - 910919.140      -     -  113s
H    0     0                    1001632.4098 910919.140  9.06%     -  116s
     0     0 910919.140    0  665 1001632.41 910919.140  9.06%     -  116s
H    0     0                    1001496.6378 910919.140  9.04%     -  117s
     0     0 910919.140    0   27 1001496.64 910919.140  9.04%     -  119s
H    0     0                    1001245.9429 910919.140  9.02%     -  119s
H    0     0                    1000233.7417 910919.140  8.93%     -  120s
H    0     0                    996944.14041 910919.140  8.63%     -  120s
H    0     0                    911084.03746 910919.140  0.02%     -  120s
     0     0          -    0      911084.037 910919.140  0.02%     -  120s

Cutting planes:
  Gomory: 11
  Lift-and-project: 7
  Cover: 1
  MIR: 3
  Flow cover: 13
  Zero half: 3

Explored 1 nodes (153602 simplex iterations) in 121.07 seconds (76.24 work units)
Thread count was 32 (of 8 available processors)

Solution count 6: 911084 996944 1.00023e+06 ... 1.00163e+06

Optimal solution found (tolerance 1.00e-02)
Best objective 9.110840374641e+05, best bound 9.109191404080e+05, gap 0.0181%
