
Gurobi 12.0.3 (win64) logging started Mon Sep  7 19:29:18 2026

Set parameter LogFile to value "C:\Users\TECNO-MASTER\Desktop\Elmo_infrastructure_sizing_NP-\output\DCH_septiembre\Bateria_353\Costo_variable\Carga_libre\Carga_on_board_variable_3estaciones_P640kW_Descomp/station_3_d91_stage1\gurobi.log"
Set parameter Threads to value 1
Set parameter Heuristics to value 0.5
Set parameter MIPFocus to value 3
Set parameter Presolve to value 2
Set parameter FlowCoverCuts to value 2
Set parameter TimeLimit to value 1200
Gurobi Optimizer version 12.0.3 build v12.0.3rc0 (win64 - Windows 11+.0 (26200.2))

CPU model: Intel(R) Core(TM) i9-14900K, instruction set [SSE2|AVX|AVX2]
Thread count: 24 physical cores, 32 logical processors, using up to 1 threads

Non-default parameters:
TimeLimit  1200
MIPGap  0.05
Heuristics  0.5
MIPFocus  3
FlowCoverCuts  2
Presolve  2
Threads  1

Optimize a model with 22770 rows, 37249 columns and 110688 nonzeros
Model fingerprint: 0xb48ffdcc
Variable types: 17323 continuous, 19926 integer (19925 binary)
Coefficient statistics:
  Matrix range     [1e-01, 6e+02]
  Objective range  [1e-02, 1e+05]
  Bounds range     [1e+00, 1e+00]
  RHS range        [1e+00, 1e+04]
Presolve removed 19880 rows and 26952 columns
Presolve time: 0.30s
Presolved: 2890 rows, 10297 columns, 31944 nonzeros
Variable types: 841 continuous, 9456 integer (9455 binary)
Root relaxation presolved: 2890 rows, 10297 columns, 31944 nonzeros


Root relaxation: objective 5.671678e+04, 4503 iterations, 0.60 seconds (0.66 work units)

    Nodes    |    Current Node    |     Objective Bounds      |     Work
 Expl Unexpl |  Obj  Depth IntInf | Incumbent    BestBd   Gap | It/Node Time

     0     0 56716.7799    0  406          - 56716.7799      -     -    1s
     0     0 133340.149    0  322          - 133340.149      -     -    4s
     0     0 148959.261    0  291          - 148959.261      -     -    6s
H    0     0                    322916.11353 148959.261  53.9%     -    6s
H    0     0                    277667.07837 148959.261  46.4%     -    6s
H    0     0                    276808.13947 148959.261  46.2%     -    6s
H    0     0                    266021.73308 148959.261  44.0%     -    6s
H    0     0                    265962.17059 148959.261  44.0%     -    6s
H    0     0                    157353.83786 148959.261  5.33%     -    6s
H    0     0                    150589.99394 148959.261  1.08%     -    6s

Cutting planes:
  Gomory: 18
  Cover: 1

Explored 1 nodes (34955 simplex iterations) in 6.50 seconds (6.32 work units)
Thread count was 1 (of 32 available processors)

Solution count 7: 150590 157354 265962 ... 322916

Optimal solution found (tolerance 5.00e-02)
Best objective 1.505899939440e+05, best bound 1.489592614371e+05, gap 1.0829%
