
Gurobi 12.0.3 (win64) logging started Tue Jun 30 14:22:35 2026

Set parameter LogFile to value "output/DCH_taller_julio/Costo_fijo/Carga_on_board_320kW_Descomp/station_1_d213_stage1\gurobi.log"
Set parameter Threads to value 5
Set parameter Heuristics to value 0.5
Set parameter MIPFocus to value 3
Set parameter Presolve to value 2
Set parameter FlowCoverCuts to value 2
Set parameter TimeLimit to value 172800
Gurobi Optimizer version 12.0.3 build v12.0.3rc0 (win64 - Windows 11+.0 (26200.2))

CPU model: Intel(R) Core(TM) i9-14900K, instruction set [SSE2|AVX|AVX2]
Thread count: 24 physical cores, 32 logical processors, using up to 5 threads

Non-default parameters:
TimeLimit  172800
MIPGap  0.01
Heuristics  0.5
MIPFocus  3
FlowCoverCuts  2
Presolve  2
Threads  5

Optimize a model with 22793 rows, 35809 columns and 110802 nonzeros
Model fingerprint: 0xcbf4827c
Variable types: 17323 continuous, 18486 integer (18485 binary)
Coefficient statistics:
  Matrix range     [1e-01, 3e+02]
  Objective range  [4e-01, 9e+04]
  Bounds range     [1e+00, 1e+00]
  RHS range        [1e+00, 1e+04]
Presolve removed 20029 rows and 25836 columns
Presolve time: 0.10s
Presolved: 2764 rows, 9973 columns, 30553 nonzeros
Variable types: 821 continuous, 9152 integer (9151 binary)
Root relaxation presolved: 2764 rows, 9973 columns, 30553 nonzeros


Root relaxation: objective 9.710260e+04, 4660 iterations, 0.25 seconds (0.53 work units)

    Nodes    |    Current Node    |     Objective Bounds      |     Work
 Expl Unexpl |  Obj  Depth IntInf | Incumbent    BestBd   Gap | It/Node Time

     0     0 97102.5983    0  442          - 97102.5983      -     -    0s
H    0     0                    371279.98886 97102.5983  73.8%     -    1s
     0     0 131468.191    0   98 371279.989 131468.191  64.6%     -    2s
H    0     0                    220468.95180 131468.191  40.4%     -    2s
H    0     0                    217493.19098 131468.191  39.6%     -    2s
H    0     0                    153084.80362 131468.191  14.1%     -    2s
H    0     0                    150373.22849 131468.191  12.6%     -    2s
H    0     0                    142752.68947 131468.191  7.90%     -    2s
H    0     0                    140021.72855 131468.191  6.11%     -    2s
H    0     0                    136797.66055 131468.191  3.90%     -    2s
     0     0 131468.191    0   49 136797.661 131468.191  3.90%     -    3s
H    0     0                    131468.19098 131468.191  0.00%     -    3s
     0     0 131468.191    0   49 131468.191 131468.191  0.00%     -    3s

Cutting planes:
  Gomory: 6
  Lift-and-project: 1
  Cover: 6
  Implied bound: 1
  Clique: 2
  Zero half: 31
  RLT: 1
  Relax-and-lift: 10

Explored 1 nodes (26003 simplex iterations) in 3.29 seconds (5.39 work units)
Thread count was 5 (of 32 available processors)

Solution count 9: 131468 136798 140022 ... 371280

Optimal solution found (tolerance 1.00e-02)
Best objective 1.314681909837e+05, best bound 1.314681909837e+05, gap 0.0000%
