
Gurobi 12.0.3 (win64) logging started Sun Aug 23 17:23:29 2026

Set parameter LogFile to value "C:\Users\TECNO-MASTER\Desktop\Elmo_infrastructure_sizing_NP-\output\DCH_agosto\Costo_variable\Carga_libre\Carga_on_board_variable_3estaciones_P1000kW_Descomp/station_1_d182_stage1\gurobi.log"
Set parameter Threads to value 1
Set parameter Heuristics to value 0.5
Set parameter MIPFocus to value 3
Set parameter Presolve to value 2
Set parameter FlowCoverCuts to value 2
Set parameter TimeLimit to value 172800
Gurobi Optimizer version 12.0.3 build v12.0.3rc0 (win64 - Windows 11+.0 (26200.2))

CPU model: Intel(R) Core(TM) i9-14900K, instruction set [SSE2|AVX|AVX2]
Thread count: 24 physical cores, 32 logical processors, using up to 1 threads

Non-default parameters:
TimeLimit  172800
MIPGap  0.01
Heuristics  0.5
MIPFocus  3
FlowCoverCuts  2
Presolve  2
Threads  1

Optimize a model with 22770 rows, 37249 columns and 110686 nonzeros
Model fingerprint: 0xcd824ce6
Variable types: 17323 continuous, 19926 integer (19925 binary)
Coefficient statistics:
  Matrix range     [1e-01, 1e+03]
  Objective range  [1e-02, 2e+05]
  Bounds range     [1e+00, 3e+00]
  RHS range        [1e+00, 1e+04]
Presolve removed 19880 rows and 26958 columns
Presolve time: 0.26s
Presolved: 2890 rows, 10291 columns, 32614 nonzeros
Variable types: 841 continuous, 9450 integer (9363 binary)
Root relaxation presolved: 2890 rows, 10291 columns, 32614 nonzeros


Root relaxation: objective 4.685026e+04, 7486 iterations, 0.99 seconds (1.02 work units)

    Nodes    |    Current Node    |     Objective Bounds      |     Work
 Expl Unexpl |  Obj  Depth IntInf | Incumbent    BestBd   Gap | It/Node Time

     0     0 46850.2613    0  377          - 46850.2613      -     -    2s
     0     0 71127.8120    0  230          - 71127.8120      -     -    4s
     0     0 77167.0942    0  242          - 77167.0942      -     -    4s
     0     0 97120.6507    0  427          - 97120.6507      -     -    6s
     0     0 97120.6507    0  564          - 97120.6507      -     -    7s
     0     0 98134.0983    0  548          - 98134.0983      -     -    9s
     0     0 100001.753    0  644          - 100001.753      -     -    9s
     0     0 100001.753    0  641          - 100001.753      -     -    9s
     0     0 100001.753    0  512          - 100001.753      -     -   11s
     0     0 100001.753    0  610          - 100001.753      -     -   12s
     0     0 100001.753    0  509          - 100001.753      -     -   14s
     0     0 100001.753    0  560          - 100001.753      -     -   14s
     0     0 100001.753    0  578          - 100001.753      -     -   15s
     0     0 100001.753    0  465          - 100001.753      -     -   16s
H    0     0                    410229.24008 100001.753  75.6%     -   17s
H    0     0                    410210.77680 100001.753  75.6%     -   17s
H    0     0                    410115.43816 100001.753  75.6%     -   17s
H    0     0                    410098.13682 100001.753  75.6%     -   17s
H    0     0                    409921.06796 100001.753  75.6%     -   17s
H    0     0                    215719.27715 100001.753  53.6%     -   17s
H    0     0                    215702.50651 100001.753  53.6%     -   17s
H    0     0                    215568.54199 100001.753  53.6%     -   17s
H    0     0                    214474.48715 100001.753  53.4%     -   17s
H    0     0                    213916.23389 100001.753  53.3%     -   17s
H    0     0                    213757.83506 100001.753  53.2%     -   17s
H    0     0                    213628.98148 100001.753  53.2%     -   17s
H    0     0                    213627.22321 100001.753  53.2%     -   17s
H    0     0                    213627.21515 100001.753  53.2%     -   17s
H    0     0                    213573.91035 100001.753  53.2%     -   17s
H    0     0                    213566.53225 100001.753  53.2%     -   17s
H    0     0                    213565.46346 100001.753  53.2%     -   17s
H    0     0                    213556.44804 100001.753  53.2%     -   17s
H    0     0                    213519.72747 100001.753  53.2%     -   17s
H    0     0                    213508.32024 100001.753  53.2%     -   17s
     0     2 100004.281    0  465 213508.320 100004.281  53.2%     -   17s
H    9     7                    212698.23347 211258.742  0.68%  2219   19s

Cutting planes:
  Gomory: 10
  Cover: 29
  Implied bound: 102
  Projected implied bound: 9
  Clique: 4
  MIR: 207
  Mixing: 38
  Flow cover: 438
  Zero half: 37
  RLT: 1
  Relax-and-lift: 79

Explored 10 nodes (83421 simplex iterations) in 19.54 seconds (27.87 work units)
Thread count was 1 (of 32 available processors)

Solution count 10: 212698 213508 213520 ... 213629

Optimal solution found (tolerance 1.00e-02)
Best objective 2.126982334748e+05, best bound 2.112587418926e+05, gap 0.6768%
