
Gurobi 12.0.3 (win64) logging started Sun Aug 23 17:22:03 2026

Set parameter LogFile to value "C:\Users\TECNO-MASTER\Desktop\Elmo_infrastructure_sizing_NP-\output\DCH_agosto\Costo_variable\Ventana_restringida\Carga_on_board_variable_3estaciones_P1000kW_Descomp/station_2_d213_stage1\gurobi.log"
Set parameter Threads to value 1
Set parameter Heuristics to value 0.5
Set parameter MIPFocus to value 3
Set parameter Presolve to value 2
Set parameter FlowCoverCuts to value 2
Set parameter TimeLimit to value 172800
Gurobi Optimizer version 12.0.3 build v12.0.3rc0 (win64 - Windows 11+.0 (26200.2))

CPU model: Intel(R) Core(TM) i9-14900K, instruction set [SSE2|AVX|AVX2]
Thread count: 24 physical cores, 32 logical processors, using up to 1 threads

Non-default parameters:
TimeLimit  172800
MIPGap  0.01
Heuristics  0.5
MIPFocus  3
FlowCoverCuts  2
Presolve  2
Threads  1

Optimize a model with 24316 rows, 39247 columns and 117254 nonzeros
Model fingerprint: 0xb486cdd1
Variable types: 18325 continuous, 20922 integer (20921 binary)
Coefficient statistics:
  Matrix range     [1e-01, 1e+03]
  Objective range  [8e-03, 2e+05]
  Bounds range     [1e+00, 3e+00]
  RHS range        [1e+00, 1e+04]
Presolve removed 23088 rows and 29969 columns
Presolve time: 0.22s
Presolved: 1228 rows, 9278 columns, 28898 nonzeros
Variable types: 233 continuous, 9045 integer (8953 binary)
Root relaxation presolved: 1228 rows, 9278 columns, 28898 nonzeros


Use crossover to convert LP symmetric solution to basic solution...

Root relaxation: objective 1.453539e+05, 3243 iterations, 0.07 seconds (0.05 work units)

    Nodes    |    Current Node    |     Objective Bounds      |     Work
 Expl Unexpl |  Obj  Depth IntInf | Incumbent    BestBd   Gap | It/Node Time

     0     0 145353.925    0  156          - 145353.925      -     -    0s
     0     0 164301.638    0  142          - 164301.638      -     -    1s
     0     0 166885.609    0  140          - 166885.609      -     -    1s
     0     0 193095.648    0  160          - 193095.648      -     -    2s
     0     0 196406.191    0  168          - 196406.191      -     -    2s
     0     0 196406.191    0  176          - 196406.191      -     -    2s
     0     0 196406.191    0  161          - 196406.191      -     -    3s
     0     0 196406.191    0  189          - 196406.191      -     -    3s
     0     0 196406.191    0  182          - 196406.191      -     -    4s
     0     0 196406.191    0  179          - 196406.191      -     -    4s
     0     0 196406.191    0  180          - 196406.191      -     -    5s
     0     0 196406.191    0  154          - 196406.191      -     -    5s
H    0     0                    403303.40026 196406.191  51.3%     -    5s
H    0     0                    403172.04371 196406.191  51.3%     -    5s
H    0     0                    403168.87594 196406.191  51.3%     -    5s
H    0     0                    403154.42417 196406.191  51.3%     -    5s
H    0     0                    403148.95693 196406.191  51.3%     -    5s
H    0     0                    393196.63589 196406.191  50.0%     -    5s
H    0     0                    393036.59264 196406.191  50.0%     -    6s
H    0     0                    246473.34909 196406.191  20.3%     -    6s
H    0     0                    229079.76773 196406.191  14.3%     -    6s
H    0     0                    228987.29041 196406.191  14.2%     -    6s
H    0     0                    228179.01655 196406.191  13.9%     -    6s
H    0     0                    227904.85512 196406.191  13.8%     -    7s
     0     2 196504.467    0  154 227904.855 196504.467  13.8%     -    7s
H   26    24                    224038.20829 218827.536  2.33%  1223    9s
H   26    24                    224033.47813 218827.536  2.32%  1223    9s
H   26    24                    224027.17411 218827.536  2.32%  1223    9s
H   26    24                    224026.61449 218827.536  2.32%  1223    9s
H   26    24                    224026.61446 218827.536  2.32%  1223    9s
H   26    24                    224026.61441 218827.536  2.32%  1223    9s
H   27    25                    223950.50283 218827.536  2.29%  1254   10s
H   27    25                    223860.11072 218827.536  2.25%  1254   10s
H   27    25                    223569.98504 218827.536  2.12%  1254   10s
H   27    25                    222923.41774 218827.536  1.84%  1254   10s
H   27    25                    222259.94159 218827.536  1.54%  1254   10s
H   27    25                    222259.44845 218827.536  1.54%  1254   10s
H   27    25                    222250.12386 218827.536  1.54%  1254   10s
H   27    25                    222195.99470 218827.536  1.52%  1254   10s
H   27    25                    222152.83639 218827.536  1.50%  1254   10s
H   52    50                    221958.18481 218914.807  1.37%  1175   11s
H   52    50                    221899.92400 218914.807  1.35%  1175   11s
H   54    52                    221892.51349 218937.969  1.33%  1164   12s
H   54    52                    220864.54319 218937.969  0.87%  1164   12s

Cutting planes:
  Gomory: 2
  Lift-and-project: 20
  Cover: 22
  Implied bound: 29
  Projected implied bound: 9
  Clique: 11
  MIR: 272
  Mixing: 17
  StrongCG: 2
  Flow cover: 367
  Zero half: 62
  RLT: 1
  Relax-and-lift: 63

Explored 55 nodes (80199 simplex iterations) in 12.19 seconds (16.02 work units)
Thread count was 1 (of 32 available processors)

Solution count 10: 220865 221893 221900 ... 222923

Optimal solution found (tolerance 1.00e-02)
Best objective 2.208645431922e+05, best bound 2.189398683979e+05, gap 0.8714%
