
Gurobi 12.0.0 (win64) logging started Mon Sep  7 03:45:51 2026

Set parameter LogFile to value "C:\Users\TECNO-MASTER\Desktop\Elmo_infrastructure_sizing_NP-\output\DCH_septiembre\Bateria_353\Costo_variable\Ventana_restringida\Carga_on_board_variable_3estaciones_P640kW_Descomp/station_1_d213\gurobi.log"
Set parameter Threads to value 1
Set parameter Heuristics to value 0.5
Set parameter MIPFocus to value 3
Set parameter Presolve to value 2
Set parameter FlowCoverCuts to value 2
Set parameter TimeLimit to value 1200
Gurobi Optimizer version 12.0.0 build v12.0.0rc1 (win64 - Windows 11+.0 (26200.2))

CPU model: Intel(R) Core(TM) i9-14900K, instruction set [SSE2|AVX|AVX2]
Thread count: 24 physical cores, 32 logical processors, using up to 1 threads

Non-default parameters:
TimeLimit  1200
MIPGap  0.05
Heuristics  0.5
MIPFocus  3
FlowCoverCuts  2
Presolve  2
Threads  1

Optimize a model with 23314 rows, 37249 columns and 110328 nonzeros
Model fingerprint: 0xd1f9c1b1
Variable types: 17323 continuous, 19926 integer (19925 binary)
Coefficient statistics:
  Matrix range     [1e-01, 6e+02]
  Objective range  [8e-03, 1e+02]
  Bounds range     [1e+00, 1e+00]
  RHS range        [1e+00, 1e+04]
Presolve removed 22249 rows and 28480 columns
Presolve time: 0.18s
Presolved: 1065 rows, 8769 columns, 26337 nonzeros
Variable types: 233 continuous, 8536 integer (8536 binary)
Root relaxation presolved: 1065 rows, 8769 columns, 26337 nonzeros


Use crossover to convert LP symmetric solution to basic solution...

Root relaxation: objective 1.568824e+05, 2822 iterations, 0.05 seconds (0.03 work units)

    Nodes    |    Current Node    |     Objective Bounds      |     Work
 Expl Unexpl |  Obj  Depth IntInf | Incumbent    BestBd   Gap | It/Node Time

     0     0 156882.395    0   48          - 156882.395      -     -    0s
H    0     0                    230309.61345 156882.395  31.9%     -    0s
H    0     0                    192051.23687 156882.395  18.3%     -    0s
H    0     0                    171002.60830 156882.395  8.26%     -    0s
H    0     0                    171001.98707 156882.395  8.26%     -    0s
H    0     0                    168705.32477 156882.395  7.01%     -    0s
H    0     0                    168687.57752 156882.395  7.00%     -    0s
     0     0 156888.049    0   55 168687.578 156888.049  6.99%     -    1s
H    0     0                    168542.82183 156888.049  6.92%     -    1s
     0     0 156888.049    0   68 168542.822 156888.049  6.92%     -    1s
     0     0 156888.049    0   36 168542.822 156888.049  6.92%     -    2s
     0     0 156888.049    0   41 168542.822 156888.049  6.92%     -    2s
     0     0 156888.049    0   54 168542.822 156888.049  6.92%     -    2s
     0     0 156888.049    0   44 168542.822 156888.049  6.92%     -    3s
     0     0 156888.049    0   27 168542.822 156888.049  6.92%     -    3s
H    0     0                    168420.06688 156888.049  6.85%     -    3s
     0     2 156888.049    0   27 168420.067 156888.049  6.85%     -    3s
H   15    15                    166039.47471 156888.049  5.51%   340    4s
    22    24 156888.049   11   50 166039.475 156888.049  5.51%   385    5s
H   54    54                    166039.47464 156888.049  5.51%   422    7s
H   54    54                    164641.23720 156888.049  4.71%   422    7s

Cutting planes:
  Gomory: 13
  Lift-and-project: 1
  Cover: 14
  Implied bound: 22
  Projected implied bound: 2
  Clique: 14
  MIR: 173
  Mixing: 1
  Flow cover: 256
  Zero half: 43
  RLT: 16
  Relax-and-lift: 37
  PSD: 9

Explored 55 nodes (42273 simplex iterations) in 7.13 seconds (9.07 work units)
Thread count was 1 (of 32 available processors)

Solution count 10: 164641 166039 166039 ... 192051

Optimal solution found (tolerance 5.00e-02)
Best objective 1.646412371975e+05, best bound 1.568880492016e+05, gap 4.7091%
