
Gurobi 12.0.0 (win64) logging started Mon Sep 21 18:30:09 2026

Set parameter LogFile to value "output/Resultados_finales_tesis/DET/P_red/241kW\gurobi.log"
Set parameter Threads to value 32
Set parameter Heuristics to value 0.5
Set parameter MIPFocus to value 3
Set parameter Presolve to value 2
Set parameter FlowCoverCuts to value 2
Set parameter TimeLimit to value 39600
Gurobi Optimizer version 12.0.0 build v12.0.0rc1 (win64 - Windows 11+.0 (26200.2))

CPU model: Intel(R) Core(TM) i9-14900K, instruction set [SSE2|AVX|AVX2]
Thread count: 24 physical cores, 32 logical processors, using up to 32 threads

Non-default parameters:
TimeLimit  39600
MIPGap  0.01
Heuristics  0.5
MIPFocus  3
FlowCoverCuts  2
Presolve  2
Threads  32

Optimize a model with 716453 rows, 1234752 columns and 5951490 nonzeros
Model fingerprint: 0xf540807a
Variable types: 161461 continuous, 1073291 integer (994722 binary)
Coefficient statistics:
  Matrix range     [2e-02, 7e+05]
  Objective range  [6e-01, 6e+05]
  Bounds range     [1e+00, 7e+05]
  RHS range        [1e+00, 3e+08]

User MIP start produced solution with objective 2.87719e+06 (0.68s)
Loaded user MIP start with objective 2.87719e+06

Presolve removed 478680 rows and 719702 columns (presolve time = 5s)...
Presolve removed 531984 rows and 719702 columns (presolve time = 10s)...
Presolve removed 532010 rows and 719718 columns (presolve time = 15s)...
Presolve removed 533624 rows and 720700 columns (presolve time = 20s)...
Presolve removed 534380 rows and 720700 columns
Presolve time: 21.21s
Presolved: 182073 rows, 514052 columns, 2186958 nonzeros
Variable types: 36214 continuous, 477838 integer (461204 binary)
Root relaxation presolve removed 32 rows and 16 columns
Root relaxation presolved: 182041 rows, 514036 columns, 2186510 nonzeros

Deterministic concurrent LP optimizer: primal simplex, dual simplex, and barrier
Showing barrier log only...

Root barrier log...

Ordering time: 0.22s

Barrier statistics:
 Dense cols : 29
 AA' NZ     : 2.117e+06
 Factor NZ  : 5.350e+06 (roughly 300 MB of memory)
 Factor Ops : 2.572e+08 (less than 1 second per iteration)
 Threads    : 30

                  Objective                Residual
Iter       Primal          Dual         Primal    Dual     Compl     Time
   0   1.04838473e+11 -4.20083039e+12  3.27e+07 1.43e+03  2.75e+09    25s
   1   9.77454619e+10 -3.98639650e+12  3.00e+07 4.37e+05  2.51e+09    26s
   2   5.60718109e+10 -3.59904488e+12  1.55e+07 6.26e-07  1.32e+09    26s
   3   1.06537819e+09 -3.42656924e+12  2.80e+05 3.25e-06  2.68e+07    26s
   4   1.31715301e+08 -1.66215645e+12  2.69e+04 5.44e-07  3.40e+06    26s
   5   9.48380618e+07 -8.90902902e+11  1.70e+04 1.11e-06  1.89e+06    27s
   6   7.38572464e+07 -7.17461548e+11  1.09e+04 6.17e-07  1.32e+06    27s
   7   6.32386772e+07 -6.18332249e+11  7.96e+03 1.47e-06  1.03e+06    27s
   8   4.62087051e+07 -3.88960742e+11  3.88e+03 2.84e-06  5.65e+05    27s
   9   4.13736029e+07 -2.17821329e+11  2.95e+03 4.18e-06  3.51e+05    27s
  10   3.34647474e+07 -1.48316849e+11  1.82e+03 6.59e-06  2.24e+05    28s
  11   2.46813449e+07 -7.10979825e+10  7.99e+02 1.33e-06  9.86e+04    28s
  12   1.75888647e+07 -2.75463916e+10  1.92e+02 6.39e-07  2.96e+04    28s
  13   1.59130507e+07 -7.19134763e+09  5.97e+01 1.09e-07  6.82e+03    28s
  14   1.48969805e+07 -2.62592855e+09  1.66e+01 3.71e-08  2.31e+03    28s
  15   1.40643416e+07 -6.57442445e+08  4.95e+00 8.13e-09  5.75e+02    29s
  16   1.35809584e+07 -4.60434640e+08  3.08e+00 6.60e-09  4.04e+02    29s
  17   1.20679727e+07 -2.92788468e+08  1.82e+00 3.93e-09  2.59e+02    29s
  18   1.09778400e+07 -2.56079992e+08  1.42e+00 3.79e-09  2.27e+02    29s
  19   1.02803610e+07 -2.00181688e+08  1.18e+00 2.78e-09  1.79e+02    30s
  20   9.70411658e+06 -1.65624167e+08  1.04e+00 2.49e-09  1.49e+02    30s
  21   9.44709543e+06 -1.19013272e+08  9.69e-01 4.66e-09  1.09e+02    30s
  22   8.63916462e+06 -1.07233149e+08  6.99e-01 4.76e-09  9.83e+01    31s
  23   8.24725268e+06 -8.67282832e+07  5.96e-01 1.30e-08  8.06e+01    31s
  24   7.67711883e+06 -6.11454852e+07  4.99e-01 1.95e-09  5.84e+01    31s
  25   6.56380151e+06 -5.07756146e+07  3.41e-01 3.54e-09  4.86e+01    32s
  26   6.18596061e+06 -3.53273910e+07  3.13e-01 4.30e-08  3.52e+01    32s
  27   5.48780854e+06 -2.63914254e+07  2.54e-01 2.34e-08  2.71e+01    32s
  28   4.72373206e+06 -2.16819211e+07  1.85e-01 2.00e-08  2.24e+01    33s
  29   3.73731629e+06 -6.75950407e+06  1.06e-01 3.02e-08  8.92e+00    33s
  30   2.82315100e+06 -2.48925518e+06  3.46e-02 1.62e-08  4.50e+00    33s
  31   2.62529770e+06 -1.26077547e+06  3.06e-02 1.22e-07  3.30e+00    34s
  32   2.56819296e+06 -7.70296599e+05  2.86e-02 1.38e-07  2.83e+00    34s
  33   2.50766494e+06 -4.12431697e+05  2.63e-02 1.47e-07  2.48e+00    34s
  34   2.45262250e+06  1.14052321e+05  2.40e-02 9.55e-08  1.99e+00    34s
  35   2.38817974e+06  4.96920322e+05  2.16e-02 1.14e-07  1.61e+00    34s
  36   2.30601779e+06  1.01894639e+06  1.78e-02 1.34e-07  1.10e+00    35s
  37   2.22873866e+06  1.25046558e+06  1.45e-02 1.23e-07  8.33e-01    35s
  38   2.18358704e+06  1.44751602e+06  1.25e-02 9.53e-08  6.27e-01    35s
  39   2.15465406e+06  1.56798595e+06  1.12e-02 1.11e-07  5.01e-01    36s
  40   2.11785029e+06  1.63713768e+06  9.41e-03 1.05e-07  4.10e-01    36s
  41   2.09803323e+06  1.73017739e+06  8.37e-03 1.15e-07  3.14e-01    36s
  42   2.07795233e+06  1.80016220e+06  7.32e-03 8.75e-08  2.38e-01    37s
  43   2.05816207e+06  1.82158296e+06  6.23e-03 1.08e-07  2.02e-01    37s
  44   2.04362260e+06  1.85835948e+06  5.38e-03 7.19e-08  1.59e-01    37s
  45   2.03358761e+06  1.87834438e+06  4.84e-03 6.74e-08  1.33e-01    38s
  46   2.02582564e+06  1.90652730e+06  4.37e-03 4.06e-08  1.03e-01    38s
  47   2.01577428e+06  1.92011113e+06  3.75e-03 3.36e-08  8.23e-02    38s
  48   2.00834597e+06  1.92625941e+06  3.29e-03 8.97e-08  7.06e-02    39s
  49   2.00522241e+06  1.93180727e+06  3.10e-03 8.15e-08  6.32e-02    39s
  50   1.99890242e+06  1.93838725e+06  2.72e-03 8.83e-08  5.22e-02    39s
  51   1.99515289e+06  1.94248772e+06  2.48e-03 1.03e-07  4.54e-02    40s
  52   1.99225011e+06  1.94482084e+06  2.30e-03 1.11e-07  4.09e-02    40s
  53   1.98792666e+06  1.94866726e+06  2.03e-03 6.02e-08  3.39e-02    40s
  54   1.98719351e+06  1.94938092e+06  1.98e-03 6.63e-08  3.27e-02    41s
  55   1.98556979e+06  1.95016612e+06  1.87e-03 5.74e-08  3.06e-02    41s
  56   1.98312830e+06  1.95231818e+06  1.71e-03 8.16e-09  2.67e-02    41s
  57   1.97982010e+06  1.95347624e+06  1.49e-03 1.37e-08  2.28e-02    42s
  58   1.97889254e+06  1.95390470e+06  1.43e-03 1.48e-08  2.16e-02    42s
  59   1.97643040e+06  1.95486746e+06  1.29e-03 2.34e-08  1.87e-02    42s
  60   1.97418629e+06  1.95594962e+06  1.13e-03 9.19e-08  1.58e-02    43s
  61   1.97218746e+06  1.95634645e+06  9.98e-04 1.01e-07  1.37e-02    43s
  62   1.97068771e+06  1.95690539e+06  8.94e-04 1.34e-07  1.20e-02    43s
  63   1.96765689e+06  1.95731874e+06  6.85e-04 8.36e-08  8.97e-03    44s
  64   1.96671793e+06  1.95765618e+06  6.16e-04 5.62e-08  7.87e-03    44s
  65   1.96599836e+06  1.95786286e+06  5.63e-04 8.45e-08  7.07e-03    44s
  66   1.96520857e+06  1.95795739e+06  5.10e-04 6.18e-08  6.30e-03    45s
  67   1.96404285e+06  1.95801703e+06  4.31e-04 3.87e-08  5.24e-03    45s
  68   1.96281292e+06  1.95808977e+06  3.48e-04 6.23e-08  4.11e-03    45s
  69   1.96156878e+06  1.95813778e+06  2.57e-04 6.05e-09  2.98e-03    45s
  70   1.96074149e+06  1.95821371e+06  1.98e-04 1.64e-09  2.20e-03    46s
  71   1.96007811e+06  1.95820242e+06  1.47e-04 1.50e-09  1.63e-03    46s
  72   1.95991405e+06  1.95821881e+06  1.35e-04 7.00e-09  1.47e-03    46s
  73   1.95918131e+06  1.95822770e+06  7.47e-05 1.27e-08  8.28e-04    47s
  74   1.95914767e+06  1.95824709e+06  7.19e-05 1.09e-08  7.83e-04    47s
  75   1.95912110e+06  1.95825558e+06  6.97e-05 6.62e-09  7.52e-04    47s
  76   1.95891141e+06  1.95825558e+06  5.25e-05 7.83e-09  5.70e-04    47s
  77   1.95881318e+06  1.95825724e+06  4.44e-05 5.79e-09  4.83e-04    47s
  78   1.95875257e+06  1.95826207e+06  3.93e-05 4.61e-09  4.26e-04    48s
  79   1.95827980e+06  1.95826970e+06  7.84e-07 8.63e-09  8.77e-06    48s
  80   1.95827012e+06  1.95827012e+06  2.73e-09 2.53e-09  7.94e-10    48s

Barrier solved model in 80 iterations and 48.07 seconds (83.37 work units)
Optimal objective 1.95827012e+06


Root crossover log...

   15281 DPushes remaining with DInf 0.0000000e+00                48s
       0 DPushes remaining with DInf 0.0000000e+00                49s

  348477 PPushes remaining with PInf 0.0000000e+00                49s
  249022 PPushes remaining with PInf 0.0000000e+00                50s
   68600 PPushes remaining with PInf 0.0000000e+00                55s
       0 PPushes remaining with PInf 0.0000000e+00                56s

  Push phase complete: Pinf 0.0000000e+00, Dinf 6.1456833e-09     56s


Root simplex log...

Iteration    Objective       Primal Inf.    Dual Inf.      Time
  360242    1.9582701e+06   0.000000e+00   0.000000e+00     56s
Concurrent spin time: 0.00s

Solved with barrier
  360242    1.9582701e+06   0.000000e+00   0.000000e+00     57s

Root relaxation: objective 1.958270e+06, 360242 iterations, 33.84 seconds (26.93 work units)
Total elapsed time = 65.11s (DegenMoves)
Total elapsed time = 71.73s (DegenMoves)
Total elapsed time = 75.77s (DegenMoves)
Total elapsed time = 101.12s (DegenMoves)
Total elapsed time = 105.97s (DegenMoves)

    Nodes    |    Current Node    |     Objective Bounds      |     Work
 Expl Unexpl |  Obj  Depth IntInf | Incumbent    BestBd   Gap | It/Node Time

     0     0 2454799.08    0 3365 2877186.20 2454799.08  14.7%     -  112s
     0     0 2454799.08    0 4516 2877186.20 2454799.08  14.7%     -  116s
     0     0 2490999.27    0 4860 2877186.20 2490999.27  13.4%     -  239s
     0     0 2493891.54    0 5487 2877186.20 2493891.54  13.3%     -  265s
     0     0 2493891.54    0 5476 2877186.20 2493891.54  13.3%     -  266s
     0     0 2496113.20    0 4919 2877186.20 2496113.20  13.2%     -  386s
     0     0 2498548.61    0 5768 2877186.20 2498548.61  13.2%     -  393s
     0     0 2498548.61    0 5703 2877186.20 2498548.61  13.2%     -  394s
     0     0 2500370.66    0 5348 2877186.20 2500370.66  13.1%     -  490s
     0     0 2500370.66    0 6238 2877186.20 2500370.66  13.1%     -  497s
     0     0 2500397.78    0 5305 2877186.20 2500397.78  13.1%     -  617s
     0     0 2500397.78    0 6392 2877186.20 2500397.78  13.1%     -  626s
     0     0 2500397.78    0 5254 2877186.20 2500397.78  13.1%     -  780s
     0     0 2500748.26    0 5899 2877186.20 2500748.26  13.1%     -  809s
     0     0 2500748.26    0 5964 2877186.20 2500748.26  13.1%     -  810s
     0     0 2500811.04    0 5236 2877186.20 2500811.04  13.1%     -  989s
     0     0 2500811.04    0 6128 2877186.20 2500811.04  13.1%     - 1012s
     0     0 2500811.04    0 5229 2877186.20 2500811.04  13.1%     - 1219s
     0     0 2500811.04    0 5941 2877186.20 2500811.04  13.1%     - 1224s
     0     0 2504405.04    0 5278 2877186.20 2504405.04  13.0%     - 1350s
     0     0 2504434.07    0 6188 2877186.20 2504434.07  13.0%     - 1361s
     0     0 2504434.07    0 6220 2877186.20 2504434.07  13.0%     - 1362s
     0     0 2507758.15    0 5135 2877186.20 2507758.15  12.8%     - 1511s
     0     0 2508535.05    0 6096 2877186.20 2508535.05  12.8%     - 1546s
     0     0 2508807.98    0 6157 2877186.20 2508807.98  12.8%     - 1550s
     0     0 2508820.24    0 6123 2877186.20 2508820.24  12.8%     - 1551s
     0     0 2508820.24    0 6125 2877186.20 2508820.24  12.8%     - 1552s
     0     0 2511027.04    0 5194 2877186.20 2511027.04  12.7%     - 1776s
     0     0 2511215.59    0 5992 2877186.20 2511215.59  12.7%     - 1784s
     0     0 2511215.59    0 6029 2877186.20 2511215.59  12.7%     - 1784s
     0     0 2514200.14    0 5087 2877186.20 2514200.14  12.6%     - 1932s
     0     0 2515301.34    0 6033 2877186.20 2515301.34  12.6%     - 1942s
     0     0 2515575.68    0 6039 2877186.20 2515575.68  12.6%     - 1945s
     0     0 2515628.49    0 6015 2877186.20 2515628.49  12.6%     - 1946s
     0     0 2515628.49    0 6020 2877186.20 2515628.49  12.6%     - 1947s
     0     0 2520628.67    0 4884 2877186.20 2520628.67  12.4%     - 2178s
     0     0 2520628.67    0 5460 2877186.20 2520628.67  12.4%     - 2245s
     0     0 2524397.73    0 5001 2877186.20 2524397.73  12.3%     - 2365s
H    0     0                    2877186.1932 2524397.73  12.3%     - 2385s
     0     0 2525969.55    0 5643 2877186.19 2525969.55  12.2%     - 2394s
     0     0 2526090.67    0 5667 2877186.19 2526090.67  12.2%     - 2395s
     0     0 2526113.81    0 5730 2877186.19 2526113.81  12.2%     - 2396s
     0     0 2526113.81    0 5746 2877186.19 2526113.81  12.2%     - 2397s
     0     0 2528609.10    0 4813 2877186.19 2528609.10  12.1%     - 2796s
     0     0 2528636.43    0 5376 2877186.19 2528636.43  12.1%     - 2802s
     0     0 2528636.43    0 5473 2877186.19 2528636.43  12.1%     - 2803s
     0     0 2529432.82    0 4969 2877186.19 2529432.82  12.1%     - 3186s
H    0     0                    2877186.1928 2529432.82  12.1%     - 3189s
     0     0 2529546.78    0 5472 2877186.19 2529546.78  12.1%     - 3274s
     0     0 2529547.09    0 5535 2877186.19 2529547.09  12.1%     - 3275s
     0     0 2530455.26    0 4913 2877186.19 2530455.26  12.1%     - 3487s
     0     0 2531407.79    0 5490 2877186.19 2531407.79  12.0%     - 3495s
     0     0 2531408.96    0 5580 2877186.19 2531408.96  12.0%     - 3496s
     0     0 2532290.33    0 4880 2877186.19 2532290.33  12.0%     - 3742s
     0     0 2532290.33    0 5570 2877186.19 2532290.33  12.0%     - 3809s
     0     0 2532407.70    0 5018 2877186.19 2532407.70  12.0%     - 4148s
     0     0 2532506.80    0 5443 2877186.19 2532506.80  12.0%     - 4204s
     0     0 2532524.00    0 5548 2877186.19 2532524.00  12.0%     - 4206s
     0     0 2532537.31    0 5609 2877186.19 2532537.31  12.0%     - 4206s
     0     0 2532788.01    0 4977 2877186.19 2532788.01  12.0%     - 4410s
     0     0 2532788.01    0 5518 2877186.19 2532788.01  12.0%     - 4413s
     0     0 2534896.77    0 4900 2877186.19 2534896.77  11.9%     - 4578s
     0     0 2534896.77    0 5491 2877186.19 2534896.77  11.9%     - 4585s
     0     0 2535035.63    0 4816 2877186.19 2535035.63  11.9%     - 4717s
     0     0 2535035.63    0 5406 2877186.19 2535035.63  11.9%     - 4746s
     0     0 2535117.17    0 4920 2877186.19 2535117.17  11.9%     - 4921s
     0     0 2535117.17    0 4843 2877186.19 2535117.17  11.9%     - 5030s
     0     2 2535117.17    0 4843 2877186.19 2535117.17  11.9%     - 5411s
     1     2 2540919.34    1 4274 2877186.19 2540919.34  11.7% 11667 5422s
     3     2 infeasible    2      2877186.19 2548100.67  11.4% 11143 5425s
     7     8 2551301.12    4 4216 2877186.19 2549021.20  11.4%  5951 5435s
    11    14 2549076.45    5 4459 2877186.19 2549055.06  11.4%  6456 5470s
    19    22 2549105.51    6 4387 2877186.19 2549076.45  11.4%  4416 5499s
    27    22 infeasible    6      2877186.19 2549105.51  11.4%  3692 5500s
    33    42 2552796.20    7 4305 2877186.19 2549105.51  11.4%  3446 5535s
    55    62 2552803.36    8 4447 2877186.19 2552796.20  11.3%  6593 5595s
    87    93 2552803.36    9 4496 2877186.19 2552803.36  11.3%  4955 5809s
    93    93 2552803.36    9 4551 2877186.19 2552803.36  11.3%  4657 5810s
   120   124 2559030.44   10 4407 2877186.19 2552803.36  11.3%  5130 6110s
   151   154 2552804.98   10 4419 2877186.19 2552804.98  11.3%  4652 6311s
H  157   154                    2877186.1921 2553233.62  11.3%  4646 6311s
H  170   154                    2874310.3699 2554975.23  11.1%  4502 6311s
   185   186 2559030.47   11 4410 2874310.37 2556014.71  11.1%  4410 6905s
   217   218 2562747.07   12 4174 2874310.37 2559030.44  11.0%  4039 7297s
   249   250 2559030.72   13 4275 2874310.37 2559030.44  11.0%  3754 7698s
H  263   250                    2874310.3691 2559030.47  11.0%  3580 7698s
H  274   250                    2874310.3671 2559030.58  11.0%  3439 7698s
   281   282 2562747.22   13 4449 2874310.37 2559030.58  11.0%  3356 8072s
   313   294 2562747.52   12 4547 2874310.37 2559031.22  11.0%  3028 8619s
   365   395 2562747.11   13 4699 2874310.37 2562747.11  10.8%  2839 9724s
   477   448 2562747.11   15 4705 2874310.37 2562747.11  10.8%  2248 11230s
H  525   448                    2874310.3661 2562747.22  10.8%  2104 11230s
   535  1230 2562747.22   14 4347 2874310.37 2562747.22  10.8%  2065 11351s
  1335  2006 2562747.36   12 4350 2874310.37 2562747.36  10.8%   872 11403s
  2129  2477 2562748.27   13 4628 2874310.37 2562747.98  10.8%   586 11455s
  2609  2771 2562766.37   12 4712 2874310.37 2562751.86  10.8%   505 11492s
  2939  2982 2564211.69   14 4567 2874310.37 2562858.08  10.8%   496 11521s
  3216  2983 2599202.71   39 4843 2874310.37 2562894.82  10.8%   488 11792s
  3218  2984 2602577.16   22 3571 2874310.37 2562894.82  10.8%   488 11947s
  3219  2985 2598694.34   25 4674 2874310.37 2562894.82  10.8%   488 12068s
  3220  2986 2584881.62   15 4808 2874310.37 2562894.82  10.8%   488 12103s
  3221  2986 2599215.27   31 2486 2874310.37 2562894.82  10.8%   487 12396s
  3222  2987 2599215.91   23 2753 2874310.37 2562894.82  10.8%   487 12579s
  3223  2988 2599214.78   28 2360 2874310.37 2564144.98  10.8%   487 12976s
  3224  2988 2598664.46   22 2630 2874310.37 2564144.98  10.8%   487 13152s
  3225  2989 2603066.50   21 2404 2874310.37 2564635.31  10.8%   487 13520s
  3226  2990 2598664.75   30 2817 2874310.37 2564985.61  10.8%   487 13564s
  3227  2990 2599204.82   16 2977 2874310.37 2564985.61  10.8%   486 13739s
  3228  2991 2599223.28   35 2346 2874310.37 2567508.72  10.7%   486 14173s
  3229  2992 2584767.16   13 2820 2874310.37 2567508.72  10.7%   486 14401s
  3230  2992 2598665.87   28 2327 2874310.37 2567688.87  10.7%   486 14796s
  3231  2993 2599204.09   24 2697 2874310.37 2567688.87  10.7%   486 15022s
  3232  2994 2584774.40   12 2303 2874310.37 2568087.77  10.7%   486 15376s
  3233  2994 2602030.63   27 2834 2874310.37 2568087.77  10.7%   486 15604s
  3234  2995 2599216.17   27 2327 2874310.37 2568100.43  10.7%   485 16037s
  3235  2996 2602568.44   20 2327 2874310.37 2568100.43  10.7%   485 16354s
  3237  2998 2599199.84   19 4843 2874310.37 2568100.43  10.7%   702 16362s
H 3238  2849                    2874310.3599 2568100.43  10.7%   702 16536s
  3240  2850 2599207.94   28 2644 2874310.36 2568100.43  10.7%   701 16672s
  3242  2851 2599205.43   19 2895 2874310.36 2568100.43  10.7%   701 16711s
  3243  2852 2602567.83   19 2261 2874310.36 2568503.86  10.6%   701 17122s
  3244  2853 2602569.15   30 2710 2874310.36 2568503.86  10.6%   700 17329s
  3245  2853 2584894.58   18 2246 2874310.36 2568612.21  10.6%   700 17745s
  3246  2854 2599212.67   17 2393 2874310.36 2568612.21  10.6%   700 17977s
  3247  2855 2599206.36   30 2389 2874310.36 2568612.21  10.6%   700 18394s
  3248  2855 2568612.21   14 2445 2874310.36 2568612.21  10.6%   699 18620s
  3249  2856 2577195.44   25 2136 2874310.36 2568785.10  10.6%   699 19008s

Cutting planes:
  Gomory: 82
  Lift-and-project: 124
  Cover: 1
  MIR: 455
  Flow cover: 17
  Inf proof: 1
  Zero half: 170

Explored 3249 nodes (4672439 simplex iterations) in 39610.17 seconds (35241.76 work units)
Thread count was 32 (of 32 available processors)

Solution count 9: 2.87431e+06 2.87431e+06 2.87431e+06 ... 2.87719e+06

Time limit reached
Best objective 2.874310359608e+06, best bound 2.568785099935e+06, gap 10.6295%

User-callback calls 3136110, time in user-callback 20.04 sec
