
Gurobi 12.0.0 (win64) logging started Wed Jul  1 13:54:30 2026

Set parameter LogFile to value "output/DCH_taller_julio/Costo_variable/Carga_on_board_320kW_st2_2ch/station_2_d244\gurobi.log"
Set parameter Threads to value 5
Set parameter Heuristics to value 0.5
Set parameter MIPFocus to value 3
Set parameter Presolve to value 2
Set parameter FlowCoverCuts to value 2
Set parameter TimeLimit to value 172800
Gurobi Optimizer version 12.0.0 build v12.0.0rc1 (win64 - Windows 11+.0 (26200.2))

CPU model: Intel(R) Core(TM) i9-14900K, instruction set [SSE2|AVX|AVX2]
Thread count: 24 physical cores, 32 logical processors, using up to 5 threads

Non-default parameters:
TimeLimit  172800
MIPGap  0.01
Heuristics  0.5
MIPFocus  3
FlowCoverCuts  2
Presolve  2
Threads  5

Optimize a model with 23795 rows, 37807 columns and 115930 nonzeros
Model fingerprint: 0x55f562c7
Variable types: 18325 continuous, 19482 integer (19481 binary)
Coefficient statistics:
  Matrix range     [1e-01, 3e+02]
  Objective range  [8e-03, 1e+02]
  Bounds range     [1e+00, 2e+00]
  RHS range        [1e+00, 1e+04]
Presolve removed 21482 rows and 27338 columns
Presolve time: 0.13s
Presolved: 2313 rows, 10469 columns, 31008 nonzeros
Variable types: 821 continuous, 9648 integer (9648 binary)
Root relaxation presolved: 2313 rows, 10469 columns, 31008 nonzeros


Root relaxation: objective 2.128918e+05, 3390 iterations, 0.14 seconds (0.16 work units)

    Nodes    |    Current Node    |     Objective Bounds      |     Work
 Expl Unexpl |  Obj  Depth IntInf | Incumbent    BestBd   Gap | It/Node Time

     0     0 212891.760    0  293          - 212891.760      -     -    0s
H    0     0                    247895.81691 212891.760  14.1%     -    0s
H    0     0                    223836.97789 212891.760  4.89%     -    0s
H    0     0                    223810.45183 212891.760  4.88%     -    0s
H    0     0                    223154.99173 212891.760  4.60%     -    0s
H    0     0                    223126.77947 212891.760  4.59%     -    0s
H    0     0                    222357.13839 212891.760  4.26%     -    0s
H    0     0                    222283.47510 212891.760  4.23%     -    0s
H    0     0                    222283.16752 212891.760  4.22%     -    0s
H    0     0                    221969.61598 212891.760  4.09%     -    1s
H    0     0                    220573.65594 212891.760  3.48%     -    1s
H    0     0                    220340.67137 212891.760  3.38%     -    1s
H    0     0                    218410.13163 212891.760  2.53%     -    1s
H    0     0                    216107.00179 213021.979  1.43%     -    1s
H    0     0                    216059.39960 213021.979  1.41%     -    1s
H    0     0                    215821.02933 213021.979  1.30%     -    1s
H    0     0                    215727.20889 213021.979  1.25%     -    1s
     0     0 213044.118    0  340 215727.209 213044.118  1.24%     -    1s
H    0     0                    215702.81579 213053.034  1.23%     -    1s
H    0     0                    215652.30010 213053.034  1.21%     -    1s
H    0     0                    215072.61398 213053.034  0.94%     -    1s

Cutting planes:
  Gomory: 28
  Lift-and-project: 11
  Cover: 8
  Implied bound: 9
  Clique: 4
  Flow cover: 12
  Zero half: 2
  RLT: 8
  Relax-and-lift: 10
  PSD: 4

Explored 1 nodes (10223 simplex iterations) in 1.93 seconds (1.64 work units)
Thread count was 5 (of 32 available processors)

Solution count 10: 215073 215652 215703 ... 220574

Optimal solution found (tolerance 1.00e-02)
Best objective 2.150726139840e+05, best bound 2.130530338141e+05, gap 0.9390%
