
Gurobi 12.0.3 (win64) logging started Sun Aug 23 02:43:34 2026

Set parameter LogFile to value "C:\Users\TECNO-MASTER\Desktop\Elmo_infrastructure_sizing_NP-\output\DCH_agosto\Costo_fijo\Ventana_restringida\Carga_on_board_fixed_3estaciones_P640kW_Descomp/station_3_d91_stage1\gurobi.log"
Set parameter Threads to value 1
Set parameter Heuristics to value 0.5
Set parameter MIPFocus to value 3
Set parameter Presolve to value 2
Set parameter FlowCoverCuts to value 2
Set parameter TimeLimit to value 172800
Gurobi Optimizer version 12.0.3 build v12.0.3rc0 (win64 - Windows 11+.0 (26200.2))

CPU model: Intel(R) Core(TM) i9-14900K, instruction set [SSE2|AVX|AVX2]
Thread count: 24 physical cores, 32 logical processors, using up to 1 threads

Non-default parameters:
TimeLimit  172800
MIPGap  0.01
Heuristics  0.5
MIPFocus  3
FlowCoverCuts  2
Presolve  2
Threads  1

Optimize a model with 23314 rows, 37249 columns and 111232 nonzeros
Model fingerprint: 0xb634a9d5
Variable types: 17323 continuous, 19926 integer (19925 binary)
Coefficient statistics:
  Matrix range     [1e-01, 6e+02]
  Objective range  [4e-01, 1e+05]
  Bounds range     [1e+00, 3e+00]
  RHS range        [1e+00, 1e+04]
Presolve removed 22108 rows and 28483 columns
Presolve time: 0.32s
Presolved: 1206 rows, 8766 columns, 26820 nonzeros
Variable types: 233 continuous, 8533 integer (8441 binary)
Root relaxation presolved: 1206 rows, 8766 columns, 26820 nonzeros


Use crossover to convert LP symmetric solution to basic solution...

Root relaxation: objective 1.620986e+05, 3396 iterations, 0.13 seconds (0.07 work units)

    Nodes    |    Current Node    |     Objective Bounds      |     Work
 Expl Unexpl |  Obj  Depth IntInf | Incumbent    BestBd   Gap | It/Node Time

     0     0 162098.619    0  175          - 162098.619      -     -    1s
     0     0 177552.099    0  144          - 177552.099      -     -    2s
H    0     0                    365537.10103 177552.099  51.4%     -    2s
H    0     0                    237821.86539 182074.474  23.4%     -    2s
H    0     0                    211811.12188 182074.474  14.0%     -    2s
H    0     0                    211247.01846 182074.474  13.8%     -    2s
H    0     0                    204222.56366 182074.474  10.8%     -    2s
H    0     0                    204218.55004 182074.474  10.8%     -    2s
H    0     0                    204216.39052 182074.474  10.8%     -    2s
     0     0 182219.629    0  151 204216.391 182219.629  10.8%     -    2s
     0     0 182219.629    0  150 204216.391 182219.629  10.8%     -    2s
     0     0 186055.474    0   60 204216.391 186055.474  8.89%     -    3s
H    0     0                    196803.53345 186055.474  5.46%     -    3s
H    0     0                    194871.15904 186055.474  4.52%     -    3s
H    0     0                    194001.84652 186055.474  4.10%     -    3s
     0     0 186055.474    0   59 194001.847 186055.474  4.10%     -    4s
H    0     0                    193999.33079 186055.474  4.09%     -    4s
H    0     0                    193308.38040 186055.474  3.75%     -    4s
H    0     0                    193151.11588 186055.474  3.67%     -    4s
H    0     0                    193136.49330 186055.474  3.67%     -    4s
     0     0 186055.474    0   55 193136.493 186055.474  3.67%     -    4s
     0     0 186055.474    0   24 193136.493 186055.474  3.67%     -    4s
     0     0 186055.474    0   36 193136.493 186055.474  3.67%     -    5s
     0     0 186055.474    0   34 193136.493 186055.474  3.67%     -    5s
H    0     0                    191347.39454 186055.474  2.77%     -    5s
H    0     0                    190193.20175 186055.474  2.18%     -    5s
H    0     0                    190110.31111 186055.474  2.13%     -    5s
H    0     0                    188713.68845 186055.474  1.41%     -    5s
H    0     0                    188713.68792 186055.474  1.41%     -    6s
     0     2 186055.474    0   34 188713.688 186055.474  1.41%     -    6s
H   16    16                    188440.33200 186055.474  1.27%   270    8s
H   27    27                    188086.65901 186055.474  1.08%   376    9s
H   27    27                    187893.28037 186055.474  0.98%   376   10s

Cutting planes:
  Gomory: 14
  Lift-and-project: 2
  Cover: 21
  Implied bound: 73
  Projected implied bound: 1
  Clique: 23
  MIR: 224
  Mixing: 98
  StrongCG: 1
  Flow cover: 303
  Zero half: 26
  Relax-and-lift: 64

Explored 28 nodes (23249 simplex iterations) in 10.08 seconds (8.14 work units)
Thread count was 1 (of 32 available processors)

Solution count 10: 187893 188087 188440 ... 193151

Optimal solution found (tolerance 1.00e-02)
Best objective 1.878932803687e+05, best bound 1.860554736843e+05, gap 0.9781%
