
Gurobi 12.0.3 (win64) logging started Sun Aug 23 17:24:23 2026

Set parameter LogFile to value "C:\Users\TECNO-MASTER\Desktop\Elmo_infrastructure_sizing_NP-\output\DCH_agosto\Costo_variable\Carga_libre\Carga_on_board_variable_3estaciones_P1000kW_Descomp/station_3_d1\gurobi.log"
Set parameter Threads to value 1
Set parameter Heuristics to value 0.5
Set parameter MIPFocus to value 3
Set parameter Presolve to value 2
Set parameter FlowCoverCuts to value 2
Set parameter TimeLimit to value 172800
Gurobi Optimizer version 12.0.3 build v12.0.3rc0 (win64 - Windows 11+.0 (26200.2))

CPU model: Intel(R) Core(TM) i9-14900K, instruction set [SSE2|AVX|AVX2]
Thread count: 24 physical cores, 32 logical processors, using up to 1 threads

Non-default parameters:
TimeLimit  172800
MIPGap  0.01
Heuristics  0.5
MIPFocus  3
FlowCoverCuts  2
Presolve  2
Threads  1

Optimize a model with 22740 rows, 37249 columns and 109726 nonzeros
Model fingerprint: 0x6c81211d
Variable types: 17323 continuous, 19926 integer (19925 binary)
Coefficient statistics:
  Matrix range     [1e-01, 1e+03]
  Objective range  [1e-02, 1e+02]
  Bounds range     [1e+00, 3e+00]
  RHS range        [1e+00, 1e+04]
Presolve removed 20295 rows and 26958 columns
Presolve time: 0.22s
Presolved: 2445 rows, 10291 columns, 31544 nonzeros
Variable types: 840 continuous, 9451 integer (9360 binary)
Root relaxation presolved: 2445 rows, 10291 columns, 31544 nonzeros


Root relaxation: objective 2.117040e+05, 4196 iterations, 0.24 seconds (0.20 work units)

    Nodes    |    Current Node    |     Objective Bounds      |     Work
 Expl Unexpl |  Obj  Depth IntInf | Incumbent    BestBd   Gap | It/Node Time

     0     0 211704.046    0  247          - 211704.046      -     -    1s
H    0     0                    215466.89703 211704.046  1.75%     -    1s
H    0     0                    214738.48863 211704.046  1.41%     -    1s
H    0     0                    214420.76780 211704.046  1.27%     -    1s
H    0     0                    214420.01328 211704.046  1.27%     -    1s
H    0     0                    214411.02475 211704.046  1.26%     -    1s
H    0     0                    214404.42925 211704.046  1.26%     -    1s
H    0     0                    214401.06059 211704.046  1.26%     -    1s
     0     0 211807.917    0  256 214401.061 211807.917  1.21%     -    2s
H    0     0                    214378.69276 211807.920  1.20%     -    2s
H    0     0                    214371.99420 211807.920  1.20%     -    2s
H    0     0                    213657.45816 211807.920  0.87%     -    2s

Cutting planes:
  Gomory: 23
  Lift-and-project: 5
  Cover: 1
  Implied bound: 9
  Clique: 1
  MIR: 1
  Flow cover: 10
  RLT: 3
  Relax-and-lift: 2
  PSD: 1

Explored 1 nodes (8081 simplex iterations) in 2.60 seconds (1.70 work units)
Thread count was 1 (of 32 available processors)

Solution count 10: 213657 214372 214379 ... 215467

Optimal solution found (tolerance 1.00e-02)
Best objective 2.136574581599e+05, best bound 2.118079201790e+05, gap 0.8657%
