
Gurobi 12.0.3 (win64) logging started Mon Oct 13 12:33:42 2025

Set parameter LogFile to value "ELMO_log.txt"
Set parameter Threads to value 32
Set parameter Heuristics to value 0.8
Gurobi Optimizer version 12.0.3 build v12.0.3rc0 (win64 - Windows 11+.0 (26200.2))

CPU model: Intel(R) Core(TM) i9-14900K, instruction set [SSE2|AVX|AVX2]
Thread count: 24 physical cores, 32 logical processors, using up to 32 threads

Non-default parameters:
MIPGap  0.05
Heuristics  0.8
Threads  32

Optimize a model with 8260 rows, 31122 columns and 58605 nonzeros
Model fingerprint: 0x7e079788
Variable types: 2316 continuous, 28806 integer (28803 binary)
Coefficient statistics:
  Matrix range     [5e-01, 1e+03]
  Objective range  [1e+00, 2e+05]
  Bounds range     [1e+00, 1e+00]
  RHS range        [1e+00, 2e+03]
Presolve removed 2988 rows and 22080 columns
Presolve time: 0.04s
Presolved: 5272 rows, 9042 columns, 30465 nonzeros
Variable types: 2268 continuous, 6774 integer (6772 binary)

Root relaxation: objective 2.253827e+05, 13605 iterations, 0.34 seconds (0.82 work units)

    Nodes    |    Current Node    |     Objective Bounds      |     Work
 Expl Unexpl |  Obj  Depth IntInf | Incumbent    BestBd   Gap | It/Node Time

     0     0 225382.737    0  533          - 225382.737      -     -    0s
H    0     0                    901246.46807 225567.150  75.0%     -    0s
     0     0 229919.542    0  816 901246.468 229919.542  74.5%     -    0s
H    0     0                    617246.46807 229944.752  62.7%     -    0s
     0     0 230058.519    0  803 617246.468 230058.519  62.7%     -    1s
     0     0 245243.713    0  819 617246.468 245243.713  60.3%     -    1s
     0     0 245243.713    0  813 617246.468 245243.713  60.3%     -    1s
     0     0 312293.829    0  822 617246.468 312293.829  49.4%     -    2s
H    0     0                    596453.23944 312293.829  47.6%     -    2s
H    0     0                    591096.89711 312293.829  47.2%     -    2s
     0     0 312293.829    0  828 591096.897 312293.829  47.2%     -    3s
     0     0 312293.829    0  817 591096.897 312293.829  47.2%     -    3s
     0     0 312293.829    0  832 591096.897 312293.829  47.2%     -    3s
     0     0 312293.829    0  836 591096.897 312293.829  47.2%     -    3s
H    0     0                    556729.10012 312293.829  43.9%     -    5s
H    0     0                    555271.65771 312293.829  43.8%     -    5s
H    0     0                    553757.86814 312293.829  43.6%     -    5s
H    0     0                    553745.89768 312293.829  43.6%     -    5s
H    0     0                    553510.23917 312293.829  43.6%     -    5s
H    0     0                    547846.76951 312293.829  43.0%     -    5s
H    0     0                    546001.41330 312293.829  42.8%     -    5s
H    0     0                    544378.86400 312293.829  42.6%     -    5s
H    0     0                    544083.74371 312293.829  42.6%     -    5s
H    0     0                    543989.20394 312293.829  42.6%     -    5s
H    0     0                    543694.92543 312293.829  42.6%     -    5s
H    0     0                    543694.67184 312293.829  42.6%     -    5s
H    0     0                    543694.11693 312293.829  42.6%     -    5s
H    0     0                    543653.04161 312293.829  42.6%     -    5s
H    0     0                    543532.74572 312293.829  42.5%     -    5s
H    0     0                    543488.07266 312293.829  42.5%     -    5s
H    0     0                    543439.81775 312293.829  42.5%     -    5s
H    0     0                    543429.16102 312293.829  42.5%     -    5s
H    0     0                    543428.22734 312293.829  42.5%     -    5s
H    0     0                    542532.17840 312293.829  42.4%     -    5s
H    0     0                    541717.16909 312293.829  42.4%     -    5s
H    0     0                    541481.07670 312293.829  42.3%     -    5s
H    0     0                    541480.56873 312293.829  42.3%     -    5s
H    0     0                    541480.48973 312293.829  42.3%     -    5s
     0     0 312293.829    0  606 541480.490 312293.829  42.3%     -    5s
     0     0 312293.829    0  635 541480.490 312293.829  42.3%     -    5s
     0     0 312293.829    0  639 541480.490 312293.829  42.3%     -    5s
H    0     0                    541385.51134 312293.829  42.3%     -    6s
H    0     0                    541334.03732 312293.829  42.3%     -    6s
H    0     0                    541333.19014 312293.829  42.3%     -    6s
H    0     0                    539445.01176 312293.829  42.1%     -    6s
H    0     0                    539388.81343 312293.829  42.1%     -    6s
H    0     0                    539363.83676 312293.829  42.1%     -    6s
H    0     0                    539360.24485 312293.829  42.1%     -    6s
H    0     0                    539274.82573 312293.829  42.1%     -    6s
H    0     0                    539232.73204 312293.829  42.1%     -    6s
H    0     0                    539216.72483 312293.829  42.1%     -    6s
H    0     0                    538695.98343 312293.829  42.0%     -    6s
H    0     0                    538450.12665 312293.829  42.0%     -    6s
H    0     0                    538360.61444 312293.829  42.0%     -    6s
H    0     0                    538358.88462 312293.829  42.0%     -    6s
H    0     0                    538074.38362 314083.981  41.6%     -    7s
H    0     0                    538049.24826 314083.981  41.6%     -    7s
H    0     0                    538042.85794 314083.981  41.6%     -    7s
H    0     0                    537933.42953 314083.981  41.6%     -    7s
H    0     0                    537933.42924 314083.981  41.6%     -    7s
H    0     0                    537932.25653 314083.981  41.6%     -    7s
     0     0 314083.981    0  648 537932.257 314083.981  41.6%     -    7s
H    0     0                    537836.13762 314083.981  41.6%     -    7s
     0     0 314083.981    0  563 537836.138 314083.981  41.6%     -    7s
H    0     0                    537835.54041 314083.981  41.6%     -   10s
H    0     0                    537835.54020 314083.981  41.6%     -   10s
H    0     0                    537832.82515 314083.981  41.6%     -   10s
H    0     0                    537832.82492 314083.981  41.6%     -   10s
H    0     0                    537832.82484 314083.981  41.6%     -   10s
H    0     0                    537831.95612 314083.981  41.6%     -   10s
H    0     2                    537827.87763 314083.981  41.6%     -   10s
     0     2 314083.981    0  539 537827.878 314083.981  41.6%     -   10s
H   29    52                    537827.87719 322769.299  40.0%  1866   13s
H   31    52                    537736.05144 323180.215  39.9%  1762   13s
   119   148 324365.619    8  506 537736.051 323628.560  39.8%   618   17s
H  152   180                    537732.55169 323628.560  39.8%   497   18s
H  174   180                    537729.23939 323628.560  39.8%   441   18s
H  343   372                    537723.05383 323628.560  39.8%   240   20s
H  344   372                    537723.05361 323628.560  39.8%   240   20s
H  345   372                    537720.86745 323628.560  39.8%   239   20s
H  347   372                    537719.19306 323628.560  39.8%   238   20s
H  355   372                    537716.86615 323628.560  39.8%   234   20s
H  356   372                    537696.42186 323628.560  39.8%   234   20s
H  369   372                    537684.54294 323628.560  39.8%   227   20s
H  442   470                    537679.67111 323628.560  39.8%   194   22s
H  447   470                    537672.95410 323628.560  39.8%   192   22s
H  533   562                    537672.95395 323628.560  39.8%   164   24s
H  534   562                    537666.90784 323628.560  39.8%   164   24s
H  556   562                    537616.15606 323628.560  39.8%   158   24s
   565   658 325206.189   16  489 537616.156 323628.560  39.8%   156   25s
H  673   690                    537611.90780 323628.560  39.8%   135   26s
H  688   690                    537609.25967 323628.560  39.8%   132   26s
H  852   881                    537488.94906 323628.560  39.8%   111   28s
H  866   881                    537487.92576 323628.560  39.8%   109   28s
H  877   881                    537473.00328 323628.560  39.8%   108   28s
  1053  1082 325206.391   20  485 537473.003 323628.560  39.8%  93.4   31s
H 1086  1135                    537471.45273 323628.560  39.8%  91.1   31s
H 1088  1135                    537471.39620 323628.560  39.8%  91.0   31s
H 1102  1135                    537471.33967 323628.560  39.8%  90.5   31s
H 1110  1135                    537457.27908 323628.560  39.8%  90.0   31s
H 1141  1167                    537457.27864 323628.560  39.8%  88.4   32s
H 1144  1167                    537457.27755 323628.560  39.8%  88.1   32s
H 1151  1167                    537457.27733 323628.560  39.8%  87.7   32s
  1373  1402 325206.390   23  483 537457.277 323628.560  39.8%  77.3   35s
H 1584  1585                    537455.93216 323628.560  39.8%  70.8   38s
H 1589  1651                    537455.93206 323628.560  39.8%  70.6   39s
H 1633  1651                    537455.93180 323628.560  39.8%  69.5   39s
  1654  1980 325206.391   24  482 537455.932 323628.560  39.8%  68.9   41s
  2113  2138 325206.831   29  471 537455.932 323628.560  39.8%  58.1   45s
H 2227  2283                    537453.54480 323628.560  39.8%  55.9   46s
H 2317  2318                    537453.54458 323628.560  39.8%  54.3   48s
  2325  2727 325209.622   32  470 537453.545 323628.560  39.8%  54.1   51s
H 2752  2759                    537453.54402 323628.560  39.8%  48.8   54s
  2766  3261 325242.154   35  467 537453.544 323628.560  39.8%  48.6   57s
  3300  3325 325778.030   40  434 537453.544 323628.560  39.8%  43.6   60s
H 3304  3325                    537451.89397 323628.560  39.8%  43.5   60s
H 3327  3325                    537446.91935 323628.560  39.8%  43.3   60s
H 3374  3531                    537446.91709 323628.560  39.8%  43.0   62s
H 3383  3531                    537446.91683 323628.560  39.8%  42.9   62s
  3634  3659 325661.335   42  440 537446.917 323628.560  39.8%  40.9   65s
  3896  3944 326276.940   48  423 537446.917 323628.560  39.8%  39.3   70s
  4129  4164 326276.940   50  425 537446.917 323628.560  39.8%  38.6   75s
  4802  5178 326327.774   71  431 537446.917 323628.560  39.8%  35.0   81s
  5700  5693 326341.222  105  421 537446.917 323628.560  39.8%  31.3   85s
  5876  5859 326776.367  108  419 537446.917 323701.215  39.8%  32.1   90s
H 5898  5859                    537446.49588 323701.215  39.8%  32.4   90s
  5908  6884 326776.759  108  419 537446.496 323701.215  39.8%  32.4   99s
  6949  6916 326957.219  120  419 537446.496 323712.527  39.8%  29.7  100s
  7191  7317 326955.792  121  418 537446.496 323717.068  39.8%  29.3  105s
  7716  8014 326953.178  123  416 537446.496 323717.068  39.8%  28.2  110s
  8738  9564 326966.862  124  413 537446.496 323717.068  39.8%  26.2  118s
  9673 10498 326955.838  123  410 537446.496 323717.068  39.8%  24.6  123s
 10633 10582 326956.311  125  413 537446.496 323717.068  39.8%  23.9  126s
 10749 10761 326967.382  125  415 537446.496 323717.068  39.8%  23.7  133s
H10889 10761                    537404.68369 323717.068  39.8%  23.7  133s
 10928 10825 326956.311  126  412 537404.684 323717.068  39.8%  23.6  135s
H10962 10857                    537404.68327 323717.068  39.8%  23.6  137s
 10992 11962 326967.382  126  411 537404.683 323717.068  39.8%  23.6  147s
 12111 13793 327921.356  142  395 537404.683 323717.068  39.8%  22.8  158s
 13974 13825 327937.748  172  396 537404.683 323774.178  39.8%  21.4  161s
 14070 14094 327937.748  173  397 537404.683 323774.178  39.8%  21.4  165s
 14534 14325 328055.959  160  563 537404.683 323774.178  39.8%  21.4  180s
 14538 14328 325753.471   81  492 537404.683 323774.178  39.8%  21.4  186s
 14625 14415 323774.178   16  437 537404.683 323774.178  39.8%  24.7  190s
 14785 14521 323774.178   21  428 537404.683 323774.178  39.8%  24.6  195s
H14823 13840                    537404.68320 323774.178  39.8%  24.6  196s
H14848 13150                    537404.68292 323774.178  39.8%  24.5  196s
 15166 13543 323774.178   29  436 537404.683 323774.178  39.8%  24.4  200s
H15667 13108                    537404.68265 323774.178  39.8%  24.9  202s
H15779 12530                    537399.84522 323774.178  39.8%  24.9  204s
 15815 12611 323774.178   33  419 537399.845 323774.178  39.8%  24.9  206s
H16087 12145                    537393.55591 323774.178  39.8%  25.1  208s
 16213 12231 323774.178   37  416 537393.556 323774.178  39.8%  25.2  210s
H16344 11771                    537393.55556 323774.178  39.8%  25.3  213s
 16514 12131 323774.178   42  405 537393.556 323774.178  39.8%  25.3  215s
H16731 11532                    537392.41412 323774.178  39.8%  25.5  215s
H16816 11037                    537392.41380 323774.178  39.8%  25.6  217s
H16825 10558                    537392.41328 323774.178  39.8%  25.6  217s
 16929 10652 324356.509   46  383 537392.413 323774.178  39.8%  25.7  220s
 17421 11094 324403.045   47  391 537392.413 323774.178  39.8%  25.9  225s
 17820 11289 325803.167   51  387 537392.413 323774.178  39.8%  26.2  231s
 18001 11582 326480.541   57  379 537392.413 323774.178  39.8%  26.2  235s
H18277 11071                    537392.41294 323774.178  39.8%  26.3  236s
 19132 11635 328969.213   64  372 537392.413 323774.178  39.8%  26.3  240s
 19286 11728 328852.784   64  372 537392.413 323774.178  39.8%  26.4  245s
 19451 11866 328486.178   66  376 537392.413 323774.178  39.8%  26.4  250s
 20088 12335 331038.037   73  367 537392.413 323774.178  39.8%  26.8  255s
 20545 12928 330899.612   75  346 537392.413 323774.178  39.8%  27.1  261s
 21345 12969 331399.875   77  347 537392.413 323774.178  39.8%  27.5  265s
 21960 13947 331465.994   77  348 537392.413 323774.178  39.8%  28.0  272s
 22593 15176 332099.959   84  320 537392.413 323774.178  39.8%  28.2  277s
 24258 15271 333740.238  105  256 537392.413 323774.178  39.8%  29.3  282s
 24776 15128 333730.596  104  261 537392.413 323774.178  39.8%  29.4  285s
 24810 15149 333594.988  105  263 537392.413 323774.178  39.8%  29.4  290s
H24811 14719                    537392.41286 323774.178  39.8%  29.4  290s
 24842 16189 333902.650  104  265 537392.413 323774.178  39.8%  29.5  296s
 26682 15962 334416.559  121  243 537392.413 323774.178  39.8%  31.7  301s
 28061 16519 335075.484  131  245 537392.413 323774.178  39.8%  33.4  305s
 28138 16744 335255.746  133  243 537392.413 323774.178  39.8%  34.0  310s
 28753 17007 335746.615  138  233 537392.413 323774.178  39.8%  35.3  317s
H28868 16561                    537389.97613 323774.178  39.8%  35.4  317s
 28970 16770 335763.337  139  223 537389.976 323774.178  39.8%  35.4  321s
H29187 16311                    537386.52754 323774.178  39.8%  35.4  321s
 29223 18911 335792.807  140  226 537386.528 323774.178  39.8%  35.4  336s
H29956 18298                    537386.52738 323774.178  39.8%  36.8  336s
H30047 17919                    537386.52725 323774.178  39.8%  37.0  336s
 32162 19213 336205.178  197  199 537386.527 323774.178  39.8%  37.9  343s
 34477 18691 337566.518  226  171 537386.527 323774.178  39.8%  39.9  346s
 34795 19241 337680.007  227  178 537386.527 323774.178  39.8%  40.1  352s
 35349 19272 337566.518  226  167 537386.527 323774.178  39.8%  40.3  357s
H35353 19272                    537386.52656 323774.178  39.8%  40.3  357s
 35381 21575 337566.518  225  163 537386.527 323774.178  39.8%  40.3  373s
 38008 21572 338427.604  263  141 537386.527 323774.178  39.8%  40.8  375s
 38317 21914 339746.698  282  137 537386.527 323774.178  39.8%  41.0  380s
 38535 22400 339746.698  287  136 537386.527 323774.178  39.8%  41.1  389s
 38975 22429 340169.042  337  109 537386.527 323774.178  39.8%  41.1  401s
 39009 22946 340169.042  338  107 537386.527 323774.178  39.8%  41.2  412s
H39285 22946                    537386.52583 323774.178  39.8%  41.2  412s
 39637 23210 340169.042  340  107 537386.526 323774.178  39.8%  41.3  417s
 39925 23606 340186.177  355  108 537386.526 323774.178  39.8%  41.3  422s
 40359 23658 340186.177  359  121 537386.526 323774.178  39.8%  41.3  427s
 40394 24420 340186.177  360  123 537386.526 323774.178  39.8%  41.4  432s
 41279 24926 340186.177  359  124 537386.526 323774.178  39.8%  41.9  440s
 41923 25807 340188.078  361  119 537386.526 323774.178  39.8%  42.3  449s
 42762 25847 341122.317  396  121 537386.526 323774.178  39.8%  42.4  451s
 42810 26671 342293.440  397  121 537386.526 323774.178  39.8%  42.5  458s
 43696 29682 341593.363  448  115 537386.526 323774.178  39.8%  42.4  482s
 47171 29695 342512.731  461  309 537386.526 323774.178  39.8%  44.3  485s
 47255 30017 342512.839  460  314 537386.526 323774.178  39.8%  44.7  505s
 47652 30048 342512.839  462  315 537386.526 323774.178  39.8%  45.2  517s
 47685 31018 342104.371  461   97 537386.526 323774.178  39.8%  45.3  527s
 48809 31089 342459.617  496   90 537386.526 323774.178  39.8%  45.6  530s
 48889 32131 342488.409  505   85 537386.526 323774.178  39.8%  45.6  536s
 50136 32184 342524.059  549   84 537386.526 323774.178  39.8%  46.5  542s
 50171 32323 342524.059  550   84 537386.526 323774.178  39.8%  46.9  546s
 50348 32348 342527.568  551   77 537386.526 323774.178  39.8%  47.4  552s
 50387 33652 342524.059  549   81 537386.526 323774.178  39.8%  47.4  561s
 51954 34877 342530.176  615   67 537386.526 323774.178  39.8%  48.0  585s
 53386 34903 342772.263  674   64 537386.526 323774.178  39.8%  48.4  590s
 53463 35169 342772.263  672   64 537386.526 323774.178  39.8%  48.4  598s
 53791 35358 342775.672  671   64 537386.526 323774.178  39.8%  48.7  610s
 54001 35387 342775.672  671   68 537386.526 323774.178  39.8%  48.8  615s
 54036 35418 342772.263  675   64 537386.526 323774.178  39.8%  48.8  620s
 54069 35961 342772.263  676   62 537386.526 323774.178  39.8%  48.8  640s
H54070 34869                    434926.62312 323774.178  25.6%  48.8  640s
 54698 37745 342772.331  677   61 434926.623 323774.178  25.6%  49.1  673s
H54798 37740                    431445.82781 323774.178  25.0%  49.0  673s
H57931 37739                    431440.09979 323774.178  25.0%  48.0  676s
H57931 37739                    431432.87021 323774.178  25.0%  48.0  676s
H57931 37739                    431432.62052 323774.178  25.0%  48.0  676s
H57931 37739                    431414.84839 323774.178  25.0%  48.0  676s
H57931 37739                    431346.21275 323774.178  24.9%  48.0  676s
H57933 35853                    431298.88282 323774.178  24.9%  48.0  679s
 57935 35854 330693.043   93  501 431298.883 323774.178  24.9%  48.0  682s
H57935 34062                    431289.44030 323774.178  24.9%  48.0  683s
H57935 32358                    431280.22417 323774.178  24.9%  48.0  683s
H57935 30740                    431279.40924 323774.178  24.9%  48.0  684s
H57935 29203                    431234.67987 323774.178  24.9%  48.0  685s
H57935 27743                    431220.38783 323774.178  24.9%  48.0  685s
H57935 26356                    431219.88407 323774.178  24.9%  48.0  685s
H57935 25038                    431101.57255 323774.178  24.9%  48.0  685s
H57936 23789                    431098.51440 323774.178  24.9%  48.3  685s
H57936 22600                    431091.83038 323774.178  24.9%  48.3  685s
H57968 21521                    431084.69238 323774.178  24.9%  48.9  687s
H57970 20446                    431081.74180 323774.178  24.9%  48.9  687s
H57971 19426                    431079.58692 323774.178  24.9%  48.9  687s
H57972 18458                    431074.00623 323774.178  24.9%  48.9  687s
H57975 17536                    430910.23331 323774.178  24.9%  48.9  687s
H57988 16657                    430793.35567 323774.178  24.8%  49.0  687s
 58063 16726 323774.178   26  439 430793.356 323774.178  24.8%  49.0  692s
H58071 15893                    430697.93086 323774.178  24.8%  49.0  692s
H58094 15096                    430277.14756 323774.178  24.8%  49.0  692s
H58095 14394                    429232.10207 323774.178  24.6%  49.0  693s
H58096 13680                    424222.53352 323774.178  23.7%  49.0  693s
 58302 13806 323774.178   32  437 424222.534 323774.178  23.7%  48.9  695s
H58303 13129                    424222.43027 323774.178  23.7%  48.9  695s
H58305 12486                    424202.25753 323774.178  23.7%  48.9  695s
H58306 11875                    424183.90396 323774.178  23.7%  48.9  695s
H58311 11294                    424133.59739 323774.178  23.7%  48.9  695s
H58313 10741                    424130.19498 323774.178  23.7%  48.9  695s
H58314 10218                    424127.90467 323774.178  23.7%  48.9  695s
H58325  9717                    423985.05257 323774.178  23.6%  48.9  695s
H58496  9379                    423957.05432 323774.178  23.6%  48.8  697s
H58498  8929                    423941.19117 323774.178  23.6%  48.8  697s
H58506  8501                    423936.61220 323774.178  23.6%  48.8  697s
H58526  8089                    423927.58539 323774.178  23.6%  48.8  697s
H58679  7826                    423864.24785 323774.178  23.6%  48.8  699s
H58700  7453                    423838.58162 323774.178  23.6%  48.8  699s
 58701  7485 323774.178   37  419 423838.582 323774.178  23.6%  48.8  700s
H58734  7159                    423829.44844 323774.178  23.6%  48.8  701s
H58765  6850                    423828.87110 323774.178  23.6%  48.8  704s
H58766  6537                    423684.82993 323774.178  23.6%  48.8  704s
H58773  6237                    423251.03760 323774.178  23.5%  48.8  704s
H58788  5949                    423237.22488 323774.178  23.5%  48.8  704s
 58797  6097 323774.178   37  422 423237.225 323774.178  23.5%  48.8  705s
H58982  5830                    422984.62691 323774.178  23.5%  48.8  706s
H58988  5573                    422683.72752 323774.178  23.4%  48.8  706s
H59002  5326                    422682.05750 323774.178  23.4%  48.8  706s
H59012  5124                    422670.61510 323774.178  23.4%  48.8  709s
H59017  4903                    422670.45937 323774.178  23.4%  48.8  709s
H59029  4691                    422660.08702 323774.178  23.4%  48.8  709s
H59039  4491                    422655.70988 323774.178  23.4%  48.8  709s
 59044  4669 323774.178   39  416 422655.710 323774.178  23.4%  48.8  710s
H59238  4449                    422655.13277 323774.178  23.4%  48.7  711s
 59661  4742 323774.178   42  431 422655.133 323774.178  23.4%  48.7  715s
 59881  4885 323774.178   43  424 422655.133 323774.178  23.4%  48.6  721s
H59919  4726                    422544.52172 323774.178  23.4%  48.6  722s
 60227  4939 324602.337   48  414 422544.522 323774.178  23.4%  48.5  725s
H60240  4766                    422354.53847 323774.178  23.3%  48.5  725s
H60629  4852                    422354.15495 323774.178  23.3%  48.4  729s
 60654  5215 325971.153   54  400 422354.155 323774.178  23.3%  48.4  732s
H61134  4994                    422354.15479 323774.178  23.3%  48.2  734s
 61142  5030 327631.275   58  392 422354.155 323774.178  23.3%  48.2  737s
H61146  4884                    422354.15445 323774.178  23.3%  48.2  737s
H61172  4737                    422353.53118 323774.178  23.3%  48.2  737s
H61180  4603                    422347.85087 323774.178  23.3%  48.2  737s
H61194  4514                    422341.32484 323774.178  23.3%  48.2  738s
 61221  4975 327656.931   57  396 422341.325 323774.178  23.3%  48.2  741s
H61750  4743                    422341.25450 323774.178  23.3%  48.0  743s
 61758  5231 328749.738   61  390 422341.254 323774.178  23.3%  48.0  746s
H62345  5017                    422341.09424 323774.178  23.3%  47.8  749s
H62350  4909                    422340.74287 323774.178  23.3%  47.8  749s
 62365  5251 330063.257   65  365 422340.743 323774.178  23.3%  47.8  753s
H62416  5132                    422340.74179 323774.178  23.3%  47.8  753s
H62660  4955                    422340.19176 323774.178  23.3%  47.7  753s
 62799  4967 331035.424   71  382 422340.192 323774.178  23.3%  47.7  755s
 63029  5113 331307.603   72  362 422340.192 323774.178  23.3%  47.6  760s
H63101  5029                    421768.82803 323774.178  23.2%  47.6  760s
 63125  5645 331955.558   78  347 421768.828 323774.178  23.2%  47.6  766s
H63814  5701                    421732.52612 323774.178  23.2%  47.3  768s
 63838  5725 332960.661   88  311 421732.526 323774.178  23.2%  47.3  770s
H63878  5757                    421727.35739 323774.178  23.2%  47.3  772s
H63889  5757                    421719.61496 323774.178  23.2%  47.3  772s
 63974  5876 333117.089   90  311 421719.615 323774.178  23.2%  47.3  776s
H63975  5876                    421714.44623 323774.178  23.2%  47.3  776s
H64042  6333                    421714.44604 323774.178  23.2%  47.2  779s
 64504  7311 333791.025  106  283 421714.446 323774.178  23.2%  47.1  786s
H65569  7451                    421714.44588 323774.178  23.2%  46.7  787s
H65611  7451                    421711.63560 323774.178  23.2%  46.7  787s
 65676  8574 335117.760  133  241 421711.636 323774.178  23.2%  46.6  793s
 66893  8839 335564.589  150  222 421711.636 323774.178  23.2%  46.2  795s
H66930  8839                    421711.20154 323774.178  23.2%  46.2  795s
H67267  8914                    421708.16838 323774.178  23.2%  46.0  799s
 67292  9082 336184.653  176  199 421708.168 323774.178  23.2%  46.0  800s
H67385  9082                    421708.16829 323774.178  23.2%  46.0  800s
 67468 10272 336618.942  188  191 421708.168 323774.178  23.2%  46.0  808s
 68785 10298 337406.551  196  186 421708.168 323774.178  23.2%  45.5  810s
H68835 10345                    420891.35266 323774.178  23.1%  45.5  811s
 68921 10402 337870.742  193  189 420891.353 323774.178  23.1%  45.5  815s
H68988 10460                    420887.90437 323774.178  23.1%  45.5  820s
H68991 10460                    420887.74000 323774.178  23.1%  45.5  820s
H69003 10460                    420747.39959 323774.178  23.0%  45.5  820s
H69006 10460                    420136.63829 323774.178  22.9%  45.5  820s
 69026 11562 337899.447  197  188 420136.638 323774.178  22.9%  45.5  828s
 70258 11593 339116.272  215  164 420136.638 323774.178  22.9%  45.1  830s
 70577 11856 339026.597  213  158 420136.638 323774.178  22.9%  45.0  835s
 70828 12073 339026.597  216  154 420136.638 323774.178  22.9%  44.9  843s
 70865 12135 339026.756  217  159 420136.638 323774.178  22.9%  44.9  846s
 70934 12719 339038.479  218  151 420136.638 323774.178  22.9%  44.9  853s
 71606 13597 339088.882  220  156 420136.638 323774.178  22.9%  44.7  859s
 72574 13629 340961.511  241  140 420136.638 323774.178  22.9%  44.4  860s
H72637 13826                    420136.63792 323774.178  22.9%  44.4  862s
H73041 14053                    420135.09146 323774.178  22.9%  44.3  864s
 73054 15743 340944.109  243  137 420135.091 323774.178  22.9%  44.3  876s
 75014 16531 341944.788  277  122 420135.091 323774.178  22.9%  43.7  882s
H75848 16557                    420135.09140 323774.178  22.9%  43.5  884s
 75870 17208 infeasible  279      420135.091 323774.178  22.9%  43.5  890s
 76725 17287 323774.178   55  384 420135.091 323774.178  22.9%  43.3  895s
H76767 17376                    419994.79515 323774.178  22.9%  43.3  898s
H76844 17376                    419994.58747 323774.178  22.9%  43.3  898s
 76858 17484 323774.178   57  377 419994.587 323774.178  22.9%  43.3  900s
 77162 17677 323774.178   59  368 419994.587 323774.178  22.9%  43.2  905s
H77176 17677                    419994.58740 323774.178  22.9%  43.2  905s
 77201 19680 323774.178   60  368 419994.587 323774.178  22.9%  43.2  920s
H79521 19751                    419994.19355 323774.178  22.9%  42.6  922s
 79570 22264 345114.390  136  248 419994.194 323774.178  22.9%  42.6  934s
 82499 22286 infeasible   48      419994.194 323774.178  22.9%  42.0  936s
 82753 22496 323774.178   34  442 419994.194 323774.178  22.9%  42.0  941s
H82766 22496                    419994.19306 323774.178  22.9%  42.0  941s
 82825 24253 323774.178   35  425 419994.193 323774.178  22.9%  42.0  948s
H84913 24285                    419994.19291 323774.178  22.9%  41.6  949s
 84931 26868 323774.178   49  416 419994.193 323774.178  22.9%  41.6  956s
 87682 26869 323774.178   62  563 419994.193 323774.178  22.9%  41.0  992s
 87688 26873 342190.020  117  664 419994.193 323774.178  22.9%  41.0  995s
H87688 25529                    419904.07339 323774.178  22.9%  41.0  996s
H87688 24252                    419875.73458 323774.178  22.9%  41.0  996s
H87688 23039                    419870.87022 323774.178  22.9%  41.0  996s
H87689 21888                    419869.32768 323774.178  22.9%  41.0  997s
H87694 20797                    419734.18892 323981.868  22.8%  41.0 1001s
H87694 19756                    419734.18886 323981.868  22.8%  41.0 1001s
H87695 18769                    419691.34602 324089.577  22.8%  41.0 1001s
H87695 17831                    419634.11572 324089.577  22.8%  41.0 1001s
H87696 16939                    352096.52981 324089.577  7.95%  41.0 1001s
H87696 16092                    350457.10360 324212.691  7.49%  41.0 1003s
H87696 15287                    350456.88659 324212.691  7.49%  41.0 1003s
H87696 14522                    350443.24355 324212.691  7.48%  41.0 1003s
H87696 13796                    347353.51576 324212.691  6.66%  41.0 1003s
H87696 13106                    347349.02483 324212.691  6.66%  41.0 1003s
H87696 12450                    347346.77887 324212.691  6.66%  41.0 1003s
H87696 11827                    347341.45011 324212.691  6.66%  41.0 1003s
H87696 11236                    343784.44192 324212.691  5.69%  41.0 1003s
H87696 10674                    343328.73903 324212.691  5.57%  41.0 1003s
H87696 10140                    342438.78646 324212.691  5.32%  41.0 1003s
H87696  9632                    342383.37112 324212.691  5.31%  41.0 1003s
H87696  9151                    342075.45924 324212.691  5.22%  41.0 1003s
H87698  8695                    341984.26950 324384.231  5.15%  41.0 1003s
H87698  8260                    341981.61848 324384.231  5.15%  41.0 1005s
H87698  7846                    341980.32373 324384.231  5.15%  41.0 1005s
H87698  7454                    341980.32361 324384.231  5.15%  41.0 1005s
H87698  7081                    341963.88051 324384.231  5.14%  41.0 1005s
H87699  6726                    341941.73812 324540.691  5.09%  41.0 1005s
H87700  6391                    341658.04481 324590.326  5.00%  41.0 1008s
H87700  6071                    341641.65250 324590.326  4.99%  41.0 1008s
H87700  5767                    341521.62651 324590.326  4.96%  41.0 1008s
H87700  5478                    341207.84899 324590.326  4.87%  41.0 1008s
H87700  5204                    341205.93958 324590.326  4.87%  41.0 1008s
H87700  4944                    341022.36516 324590.326  4.82%  41.0 1008s
H87700  4696                    341020.82744 324590.326  4.82%  41.0 1008s
H87700  4461                    341018.00434 324590.326  4.82%  41.0 1008s
H87700  4238                    341017.57955 324590.326  4.82%  41.0 1008s
H87700  4025                    340977.06290 324590.326  4.81%  41.0 1008s
H87700  3824                    340955.77171 324590.326  4.80%  41.0 1008s
H87700  3632                    340953.55723 324590.326  4.80%  41.0 1008s
H87700  3450                    340946.87917 324590.326  4.80%  41.0 1008s
H87700  3277                    340945.61335 324590.326  4.80%  41.0 1008s
H87700  3113                    340932.86107 324590.326  4.79%  41.0 1008s

Cutting planes:
  Gomory: 88
  Implied bound: 14
  Projected implied bound: 10
  MIR: 53
  Mixing: 1
  Flow cover: 93
  Relax-and-lift: 6

Explored 87700 nodes (3709695 simplex iterations) in 1008.77 seconds (450.82 work units)
Thread count was 32 (of 32 available processors)

Solution count 10: 340933 340933 340946 ... 341021

Optimal solution found (tolerance 5.00e-02)
Best objective 3.409328610722e+05, best bound 3.246358446911e+05, gap 4.7801%
