
Gurobi 12.0.3 (win64) logging started Sun Aug 23 17:25:04 2026

Set parameter LogFile to value "C:\Users\TECNO-MASTER\Desktop\Elmo_infrastructure_sizing_NP-\output\DCH_agosto\Costo_variable\Ventana_restringida\Carga_on_board_variable_3estaciones_P640kW_Descomp/station_1_d152_stage1\gurobi.log"
Set parameter Threads to value 1
Set parameter Heuristics to value 0.5
Set parameter MIPFocus to value 3
Set parameter Presolve to value 2
Set parameter FlowCoverCuts to value 2
Set parameter TimeLimit to value 172800
Gurobi Optimizer version 12.0.3 build v12.0.3rc0 (win64 - Windows 11+.0 (26200.2))

CPU model: Intel(R) Core(TM) i9-14900K, instruction set [SSE2|AVX|AVX2]
Thread count: 24 physical cores, 32 logical processors, using up to 1 threads

Non-default parameters:
TimeLimit  172800
MIPGap  0.01
Heuristics  0.5
MIPFocus  3
FlowCoverCuts  2
Presolve  2
Threads  1

Optimize a model with 23314 rows, 37249 columns and 111230 nonzeros
Model fingerprint: 0xa965b365
Variable types: 17323 continuous, 19926 integer (19925 binary)
Coefficient statistics:
  Matrix range     [1e-01, 6e+02]
  Objective range  [1e-02, 1e+05]
  Bounds range     [1e+00, 3e+00]
  RHS range        [1e+00, 1e+04]
Presolve removed 22108 rows and 28486 columns
Presolve time: 0.18s
Presolved: 1206 rows, 8763 columns, 27242 nonzeros
Variable types: 233 continuous, 8530 integer (8443 binary)
Root relaxation presolved: 1206 rows, 8763 columns, 27242 nonzeros


Use crossover to convert LP symmetric solution to basic solution...

Root relaxation: objective 1.515302e+05, 3467 iterations, 0.07 seconds (0.06 work units)

    Nodes    |    Current Node    |     Objective Bounds      |     Work
 Expl Unexpl |  Obj  Depth IntInf | Incumbent    BestBd   Gap | It/Node Time

     0     0 151530.183    0  142          - 151530.183      -     -    0s
     0     0 167885.856    0  143          - 167885.856      -     -    1s
     0     0 168379.377    0  142          - 168379.377      -     -    1s
     0     0 168379.377    0  138          - 168379.377      -     -    2s
H    0     0                    328608.20735 168379.377  48.8%     -    2s
H    0     0                    328608.15914 168379.377  48.8%     -    2s
H    0     0                    243747.30988 168379.377  30.9%     -    2s
H    0     0                    233490.39555 168379.377  27.9%     -    2s
H    0     0                    214973.05075 168379.377  21.7%     -    2s
H    0     0                    214446.63787 168379.377  21.5%     -    2s
H    0     0                    212588.28558 168379.377  20.8%     -    2s
H    0     0                    212539.09458 168379.377  20.8%     -    2s
H    0     0                    210118.10242 168379.377  19.9%     -    2s
H    0     0                    207204.14200 168379.377  18.7%     -    2s
     0     0 168379.377    0  135 207204.142 168379.377  18.7%     -    3s
H    0     0                    207196.43666 168379.377  18.7%     -    3s
     0     0 168379.377    0  143 207196.437 168379.377  18.7%     -    3s
     0     0 168379.377    0  127 207196.437 168379.377  18.7%     -    4s
H    0     0                    207195.54702 168379.377  18.7%     -    4s
H    0     0                    207124.62600 168379.377  18.7%     -    4s
     0     0 168379.377    0  129 207124.626 168379.377  18.7%     -    4s
     0     0 168379.377    0  129 207124.626 168379.377  18.7%     -    4s
     0     0 168379.377    0  138 207124.626 168379.377  18.7%     -    5s
H    0     0                    179815.90126 168379.377  6.36%     -    5s
H    0     0                    179640.52437 168379.377  6.27%     -    5s
H    0     0                    179572.12432 168379.377  6.23%     -    5s
H    0     0                    178854.24791 168379.377  5.86%     -    5s
H    0     0                    178791.02104 168379.377  5.82%     -    5s
H    0     0                    178728.95740 168379.377  5.79%     -    5s
H    0     0                    178713.06071 168379.377  5.78%     -    5s
H    0     0                    178338.17133 168379.377  5.58%     -    5s
H    0     0                    178325.89135 168379.377  5.58%     -    5s
H    0     0                    178263.13702 168379.377  5.54%     -    6s
H    0     0                    178191.68068 168379.377  5.51%     -    6s
     0     2 168383.854    0  137 178191.681 168383.854  5.50%     -    6s
H    9     7                    178187.21663 174586.354  2.02%   239    6s

Cutting planes:
  Gomory: 3
  Lift-and-project: 12
  Cover: 18
  Implied bound: 27
  Projected implied bound: 7
  Clique: 5
  MIR: 129
  Mixing: 1
  Flow cover: 192
  Zero half: 7
  Relax-and-lift: 39

Explored 37 nodes (22159 simplex iterations) in 8.29 seconds (7.52 work units)
Thread count was 1 (of 32 available processors)

Solution count 10: 178187 178192 178263 ... 179572

Optimal solution found (tolerance 1.00e-02)
Best objective 1.781872166314e+05, best bound 1.769367062103e+05, gap 0.7018%
