
Gurobi 12.0.3 (win64) logging started Tue Jun 30 14:31:47 2026

Set parameter LogFile to value "output/DCH_taller_julio/Costo_variable/Carga_on_board_320kW_Descomp/station_3_d91_stage1\gurobi.log"
Set parameter Threads to value 5
Set parameter Heuristics to value 0.5
Set parameter MIPFocus to value 3
Set parameter Presolve to value 2
Set parameter FlowCoverCuts to value 2
Set parameter TimeLimit to value 172800
Gurobi Optimizer version 12.0.3 build v12.0.3rc0 (win64 - Windows 11+.0 (26200.2))

CPU model: Intel(R) Core(TM) i9-14900K, instruction set [SSE2|AVX|AVX2]
Thread count: 24 physical cores, 32 logical processors, using up to 5 threads

Non-default parameters:
TimeLimit  172800
MIPGap  0.01
Heuristics  0.5
MIPFocus  3
FlowCoverCuts  2
Presolve  2
Threads  5

Optimize a model with 22793 rows, 35809 columns and 110802 nonzeros
Model fingerprint: 0x466ae415
Variable types: 17323 continuous, 18486 integer (18485 binary)
Coefficient statistics:
  Matrix range     [1e-01, 3e+02]
  Objective range  [1e-02, 9e+04]
  Bounds range     [1e+00, 1e+00]
  RHS range        [1e+00, 1e+04]
Presolve removed 20029 rows and 25836 columns
Presolve time: 0.09s
Presolved: 2764 rows, 9973 columns, 30553 nonzeros
Variable types: 821 continuous, 9152 integer (9151 binary)
Root relaxation presolved: 2764 rows, 9973 columns, 30553 nonzeros


Root relaxation: objective 1.007934e+05, 4995 iterations, 0.27 seconds (0.63 work units)

    Nodes    |    Current Node    |     Objective Bounds      |     Work
 Expl Unexpl |  Obj  Depth IntInf | Incumbent    BestBd   Gap | It/Node Time

     0     0 100793.401    0  449          - 100793.401      -     -    1s
H    0     0                    370784.04370 100793.401  72.8%     -    1s
     0     0 111962.779    0  479 370784.044 111962.779  69.8%     -    2s
H    0     0                    138958.21124 121747.000  12.4%     -    3s
H    0     0                    132814.00905 121747.000  8.33%     -    3s
H    0     0                    132764.51456 121747.000  8.30%     -    3s
H    0     0                    132760.78424 121747.000  8.30%     -    3s
H    0     0                    132755.80859 121747.000  8.29%     -    3s
     0     0 132066.327    0  518 132755.809 132066.327  0.52%     -    3s

Cutting planes:
  Gomory: 1
  Lift-and-project: 11
  Cover: 3
  Implied bound: 5
  Projected implied bound: 4
  Clique: 1
  MIR: 3
  Mixing: 1
  Flow cover: 3
  Zero half: 51
  Relax-and-lift: 2

Explored 1 nodes (39153 simplex iterations) in 3.96 seconds (7.66 work units)
Thread count was 5 (of 32 available processors)

Solution count 6: 132756 132761 132765 ... 370784

Optimal solution found (tolerance 1.00e-02)
Best objective 1.327558085921e+05, best bound 1.320663268043e+05, gap 0.5194%
