
Gurobi 12.0.0 (win64) logging started Mon Sep  7 03:35:38 2026

Set parameter LogFile to value "C:\Users\TECNO-MASTER\Desktop\Elmo_infrastructure_sizing_NP-\output\DCH_septiembre\Bateria_353\Costo_fijo\Ventana_restringida\Carga_on_board_fixed_3estaciones_P320kW_Descomp/station_2_d91\gurobi.log"
Set parameter Threads to value 1
Set parameter Heuristics to value 0.5
Set parameter MIPFocus to value 3
Set parameter Presolve to value 2
Set parameter FlowCoverCuts to value 2
Set parameter TimeLimit to value 1200
Gurobi Optimizer version 12.0.0 build v12.0.0rc1 (win64 - Windows 11+.0 (26200.2))

CPU model: Intel(R) Core(TM) i9-14900K, instruction set [SSE2|AVX|AVX2]
Thread count: 24 physical cores, 32 logical processors, using up to 1 threads

Non-default parameters:
TimeLimit  1200
MIPGap  0.05
Heuristics  0.5
MIPFocus  3
FlowCoverCuts  2
Presolve  2
Threads  1

Optimize a model with 24316 rows, 39247 columns and 116352 nonzeros
Model fingerprint: 0x3f88b505
Variable types: 18325 continuous, 20922 integer (20921 binary)
Coefficient statistics:
  Matrix range     [1e-01, 3e+02]
  Objective range  [4e-01, 1e+02]
  Bounds range     [1e+00, 2e+00]
  RHS range        [1e+00, 1e+04]
Presolve removed 23273 rows and 29962 columns
Presolve time: 0.18s
Presolved: 1043 rows, 9285 columns, 27655 nonzeros
Variable types: 233 continuous, 9052 integer (9052 binary)
Root relaxation presolved: 1043 rows, 9285 columns, 27655 nonzeros


Use crossover to convert LP symmetric solution to basic solution...

Root relaxation: objective 2.040546e+05, 2952 iterations, 0.04 seconds (0.03 work units)

    Nodes    |    Current Node    |     Objective Bounds      |     Work
 Expl Unexpl |  Obj  Depth IntInf | Incumbent    BestBd   Gap | It/Node Time

     0     0 204054.633    0   34          - 204054.633      -     -    0s
H    0     0                    232741.13693 204054.633  12.3%     -    0s
H    0     0                    232296.40284 204054.633  12.2%     -    0s
H    0     0                    227048.48661 204054.633  10.1%     -    0s
H    0     0                    209607.81667 204054.633  2.65%     -    0s

Explored 1 nodes (3896 simplex iterations) in 0.51 seconds (0.41 work units)
Thread count was 1 (of 32 available processors)

Solution count 4: 209608 227048 232296 232741 

Optimal solution found (tolerance 5.00e-02)
Best objective 2.096078166746e+05, best bound 2.040546327037e+05, gap 2.6493%
