
Gurobi 12.0.1 (win64) logging started Thu Jan  1 14:49:34 2026

Set parameter LogFile to value "ELMO_log.txt"
Set parameter Threads to value 32
Set parameter Heuristics to value 0.8
Gurobi Optimizer version 12.0.1 build v12.0.1rc0 (win64 - Windows 11.0 (26100.2))

CPU model: 11th Gen Intel(R) Core(TM) i7-1165G7 @ 2.80GHz, instruction set [SSE2|AVX|AVX2|AVX512]
Thread count: 4 physical cores, 8 logical processors, using up to 32 threads

Warning: Thread count (32) is larger than processor count (8)
         Reduce the value of the Threads parameter to improve performance


Non-default parameters:
MIPGap  0.01
Heuristics  0.8
Threads  32

Optimize a model with 33029 rows, 214329 columns and 234396 nonzeros
Model fingerprint: 0x9850ac71
Variable types: 9264 continuous, 205065 integer (115203 binary)
Coefficient statistics:
  Matrix range     [5e-01, 4e+02]
  Objective range  [3e+02, 2e+05]
  Bounds range     [1e+00, 1e+00]
  RHS range        [1e+00, 2e+03]
Presolve removed 12193 rows and 178179 columns
Presolve time: 1.18s
Presolved: 20836 rows, 36150 columns, 123974 nonzeros
Variable types: 9072 continuous, 27078 integer (27076 binary)
Deterministic concurrent LP optimizer: primal and dual simplex
Showing primal log only...

Concurrent spin time: 0.14s (can be avoided by choosing Method=3)

Solved with dual simplex

Use crossover to convert LP symmetric solution to basic solution...

Root relaxation: objective 1.292116e+05, 12959 iterations, 1.08 seconds (0.53 work units)
Total elapsed time = 5.09s (DegenMoves)

    Nodes    |    Current Node    |     Objective Bounds      |     Work
 Expl Unexpl |  Obj  Depth IntInf | Incumbent    BestBd   Gap | It/Node Time

     0     0 129211.611    0 1314          - 129211.611      -     -    5s
     0     0 147304.000    0 1976          - 147304.000      -     -   25s
     0     0 147304.000    0 1092          - 147304.000      -     -   28s
     0     0 147304.000    0 1096          - 147304.000      -     -   29s
     0     0 147304.000    0 1055          - 147304.000      -     -   30s
     0     0 147304.000    0  118          - 147304.000      -     -   32s
     0     0 147304.000    0  236          - 147304.000      -     -   41s
     0     0 147304.000    0  226          - 147304.000      -     -   41s
     0     0 147304.000    0   78          - 147304.000      -     -   42s
     0     0 147304.000    0   80          - 147304.000      -     -   42s
     0     0 147304.000    0   72          - 147304.000      -     -   43s
     0     0 147304.000    0   74          - 147304.000      -     -   43s
     0     0 147304.000    0   47          - 147304.000      -     -   43s
     0     0 147304.000    0   55          - 147304.000      -     -   43s
     0     0 147304.000    0   46          - 147304.000      -     -   43s
     0     0 147304.000    0   59          - 147304.000      -     -   43s
     0     0 147304.000    0   52          - 147304.000      -     -   44s
     0     0 147304.000    0   69          - 147304.000      -     -   44s
     0     0 147304.000    0   36          - 147304.000      -     -   44s
     0     0 147304.000    0   36          - 147304.000      -     -   44s
     0     0 147304.000    0   40          - 147304.000      -     -   45s
     0     0 147304.000    0   29          - 147304.000      -     -   45s
H    0     0                    147304.00000 147304.000  0.00%     -   63s
     0     0 147304.000    0   29 147304.000 147304.000  0.00%     -   63s

Cutting planes:
  Gomory: 2
  Implied bound: 5
  MIR: 15
  Flow cover: 33

Explored 1 nodes (139344 simplex iterations) in 63.47 seconds (34.10 work units)
Thread count was 32 (of 8 available processors)

Solution count 1: 147304 

Optimal solution found (tolerance 1.00e-02)
Best objective 1.473040000000e+05, best bound 1.473040000000e+05, gap 0.0000%
