
Gurobi 12.0.0 (win64) logging started Wed Jul  1 13:54:50 2026

Set parameter LogFile to value "output/DCH_taller_julio/Costo_variable/Carga_on_board_320kW_st2_2ch/station_3_d91\gurobi.log"
Set parameter Threads to value 5
Set parameter Heuristics to value 0.5
Set parameter MIPFocus to value 3
Set parameter Presolve to value 2
Set parameter FlowCoverCuts to value 2
Set parameter TimeLimit to value 172800
Gurobi Optimizer version 12.0.0 build v12.0.0rc1 (win64 - Windows 11+.0 (26200.2))

CPU model: Intel(R) Core(TM) i9-14900K, instruction set [SSE2|AVX|AVX2]
Thread count: 24 physical cores, 32 logical processors, using up to 5 threads

Non-default parameters:
TimeLimit  172800
MIPGap  0.01
Heuristics  0.5
MIPFocus  3
FlowCoverCuts  2
Presolve  2
Threads  5

Optimize a model with 22793 rows, 35809 columns and 109900 nonzeros
Model fingerprint: 0xf8ab53b3
Variable types: 17323 continuous, 18486 integer (18485 binary)
Coefficient statistics:
  Matrix range     [1e-01, 3e+02]
  Objective range  [1e-02, 1e+02]
  Bounds range     [1e+00, 1e+00]
  RHS range        [1e+00, 1e+04]
Presolve removed 20486 rows and 25838 columns
Presolve time: 0.12s
Presolved: 2307 rows, 9971 columns, 29520 nonzeros
Variable types: 821 continuous, 9150 integer (9150 binary)
Root relaxation presolved: 2307 rows, 9971 columns, 29520 nonzeros


Root relaxation: objective 1.320478e+05, 3647 iterations, 0.21 seconds (0.31 work units)

    Nodes    |    Current Node    |     Objective Bounds      |     Work
 Expl Unexpl |  Obj  Depth IntInf | Incumbent    BestBd   Gap | It/Node Time

     0     0 132047.821    0  141          - 132047.821      -     -    1s
H    0     0                    166274.53425 132047.821  20.6%     -    1s
H    0     0                    153842.79976 132047.821  14.2%     -    1s
H    0     0                    150334.03738 132047.821  12.2%     -    1s
H    0     0                    149682.37460 132047.821  11.8%     -    1s
H    0     0                    148944.38086 132066.338  11.3%     -    1s
H    0     0                    148102.40416 132066.338  10.8%     -    1s
H    0     0                    147211.43889 132066.338  10.3%     -    1s
H    0     0                    147004.06699 132066.338  10.2%     -    1s
H    0     0                    145134.43641 132066.338  9.00%     -    1s
H    0     0                    137123.00023 132066.338  3.69%     -    1s
H    0     0                    137084.49200 132066.338  3.66%     -    1s
     0     0 132066.338    0   94 137084.492 132066.338  3.66%     -    1s
H    0     0                    136921.73751 132066.338  3.55%     -    2s
     0     0 132066.338    0  108 136921.738 132066.338  3.55%     -    2s
H    0     0                    135956.70312 132066.338  2.86%     -    2s
H    0     0                    134532.35416 132066.338  1.83%     -    2s
     0     0 132066.338    0   76 134532.354 132066.338  1.83%     -    2s
H    0     0                    134466.99749 132066.338  1.79%     -    2s
H    0     0                    133696.02075 132066.338  1.22%     -    2s
H    0     0                    133301.01328 132066.338  0.93%     -    3s

Cutting planes:
  Gomory: 6
  Lift-and-project: 19
  Cover: 8
  Implied bound: 9
  Clique: 17
  MIR: 11
  Flow cover: 16
  Zero half: 13
  Mod-K: 2
  RLT: 13
  Relax-and-lift: 14
  BQP: 5
  PSD: 5

Explored 1 nodes (16896 simplex iterations) in 3.16 seconds (3.41 work units)
Thread count was 5 (of 32 available processors)

Solution count 10: 133301 133696 134467 ... 147004

Optimal solution found (tolerance 1.00e-02)
Best objective 1.333010132839e+05, best bound 1.320663377162e+05, gap 0.9262%
