
Gurobi 12.0.3 (win64) logging started Tue Jul  7 17:58:48 2026

Set parameter LogFile to value "output/DCH_taller_julio/Costo_variable/Ventana_restringida/Carga_on_board_1000kW_Descomp_ventana_carga/station_1_d305_stage1\gurobi.log"
Set parameter Threads to value 5
Set parameter Heuristics to value 0.5
Set parameter MIPFocus to value 3
Set parameter Presolve to value 2
Set parameter FlowCoverCuts to value 2
Set parameter TimeLimit to value 172800
Gurobi Optimizer version 12.0.3 build v12.0.3rc0 (win64 - Windows 11+.0 (26200.2))

CPU model: Intel(R) Core(TM) i9-14900K, instruction set [SSE2|AVX|AVX2]
Thread count: 24 physical cores, 32 logical processors, using up to 5 threads

Non-default parameters:
TimeLimit  172800
MIPGap  0.01
Heuristics  0.5
MIPFocus  3
FlowCoverCuts  2
Presolve  2
Threads  5

Optimize a model with 23299 rows, 35809 columns and 111278 nonzeros
Model fingerprint: 0xc63b9886
Variable types: 17323 continuous, 18486 integer (18485 binary)
Coefficient statistics:
  Matrix range     [1e-01, 1e+03]
  Objective range  [1e-01, 2e+05]
  Bounds range     [1e+00, 1e+00]
  RHS range        [1e+00, 1e+04]
Presolve removed 22062 rows and 27285 columns
Presolve time: 0.31s
Presolved: 1237 rows, 8524 columns, 25866 nonzeros
Variable types: 244 continuous, 8280 integer (8279 binary)
Root relaxation presolved: 1237 rows, 8524 columns, 25866 nonzeros


Use crossover to convert LP symmetric solution to basic solution...

Root relaxation: objective 1.160415e+05, 3334 iterations, 0.13 seconds (0.06 work units)

    Nodes    |    Current Node    |     Objective Bounds      |     Work
 Expl Unexpl |  Obj  Depth IntInf | Incumbent    BestBd   Gap | It/Node Time

     0     0 219241.952    0   85          - 219241.952      -     -    1s
H    0     0                    397011.50226 219241.952  44.8%     -    1s
H    0     0                    394661.54867 219247.854  44.4%     -    2s
H    0     0                    219287.83211 219247.854  0.02%     -    2s
H    0     0                    219281.22545 219247.854  0.02%     -    2s
     0     0 219247.854    0   61 219281.225 219247.854  0.02%     -    2s

Cutting planes:
  Gomory: 10
  Lift-and-project: 1
  Cover: 2
  Implied bound: 1
  Projected implied bound: 1
  MIR: 22
  Mixing: 1
  Flow cover: 41
  RLT: 3
  Relax-and-lift: 1

Explored 1 nodes (11527 simplex iterations) in 2.42 seconds (1.18 work units)
Thread count was 5 (of 32 available processors)

Solution count 4: 219281 219288 394662 397012 

Optimal solution found (tolerance 1.00e-02)
Best objective 2.192812254493e+05, best bound 2.192478544885e+05, gap 0.0152%
