
Gurobi 12.0.0 (win64) logging started Mon Sep  7 04:01:33 2026

Set parameter LogFile to value "C:\Users\TECNO-MASTER\Desktop\Elmo_infrastructure_sizing_NP-\output\DCH_septiembre\Bateria_482\Costo_variable\Carga_libre\Carga_on_board_variable_3estaciones_P640kW_Descomp/station_2_d91_stage1\gurobi.log"
Set parameter Threads to value 1
Set parameter Heuristics to value 0.5
Set parameter MIPFocus to value 3
Set parameter Presolve to value 2
Set parameter FlowCoverCuts to value 2
Set parameter TimeLimit to value 1200
Gurobi Optimizer version 12.0.0 build v12.0.0rc1 (win64 - Windows 11+.0 (26200.2))

CPU model: Intel(R) Core(TM) i9-14900K, instruction set [SSE2|AVX|AVX2]
Thread count: 24 physical cores, 32 logical processors, using up to 1 threads

Non-default parameters:
TimeLimit  1200
MIPGap  0.05
Heuristics  0.5
MIPFocus  3
FlowCoverCuts  2
Presolve  2
Threads  1

Optimize a model with 23772 rows, 39247 columns and 116710 nonzeros
Model fingerprint: 0x9f4795d4
Variable types: 18325 continuous, 20922 integer (20921 binary)
Coefficient statistics:
  Matrix range     [1e-01, 6e+02]
  Objective range  [1e-02, 1e+05]
  Bounds range     [1e+00, 1e+00]
  RHS range        [1e+00, 1e+04]
Presolve removed 20876 rows and 28432 columns
Presolve time: 0.27s
Presolved: 2896 rows, 10815 columns, 33492 nonzeros
Variable types: 841 continuous, 9974 integer (9973 binary)
Root relaxation presolved: 2896 rows, 10815 columns, 33492 nonzeros


Root relaxation: objective 5.734588e+04, 4170 iterations, 0.48 seconds (0.60 work units)

    Nodes    |    Current Node    |     Objective Bounds      |     Work
 Expl Unexpl |  Obj  Depth IntInf | Incumbent    BestBd   Gap | It/Node Time

     0     0 57345.8778    0  391          - 57345.8778      -     -    1s
     0     0 148624.306    0  222          - 148624.306      -     -    5s
H    0     0                    185343.77448 148624.306  19.8%     -    5s
H    0     0                    160209.98962 148624.306  7.23%     -    6s
H    0     0                    159593.43988 148624.306  6.87%     -    6s
H    0     0                    158449.06661 148624.306  6.20%     -    6s
H    0     0                    158446.73960 148624.306  6.20%     -    6s
H    0     0                    158157.42186 148624.306  6.03%     -    6s
H    0     0                    157817.40150 148624.306  5.83%     -    6s
H    0     0                    157753.03514 148624.306  5.79%     -    6s
     0     0 148624.306    0  222 157753.035 148624.306  5.79%     -    6s
     0     0 148638.254    0  147 157753.035 148638.254  5.78%     -    7s
H    0     0                    150613.08128 148674.739  1.29%     -    7s

Cutting planes:
  Gomory: 18
  Lift-and-project: 8
  Cover: 7
  Implied bound: 11
  Clique: 1
  Flow cover: 6
  Zero half: 9
  Relax-and-lift: 8

Explored 1 nodes (41463 simplex iterations) in 7.68 seconds (7.23 work units)
Thread count was 1 (of 32 available processors)

Solution count 9: 150613 157753 157817 ... 185344

Optimal solution found (tolerance 5.00e-02)
Best objective 1.506130812816e+05, best bound 1.486747385328e+05, gap 1.2870%
