
Gurobi 12.0.3 (win64) logging started Tue Jul  7 17:37:52 2026

Set parameter LogFile to value "output/DCH_taller_julio/Costo_variable/Ventana_restringida/Carga_on_board_320kW_Descomp_ventana_carga/station_3_d91_stage1\gurobi.log"
Set parameter Threads to value 5
Set parameter Heuristics to value 0.5
Set parameter MIPFocus to value 3
Set parameter Presolve to value 2
Set parameter FlowCoverCuts to value 2
Set parameter TimeLimit to value 172800
Gurobi Optimizer version 12.0.3 build v12.0.3rc0 (win64 - Windows 11+.0 (26200.2))

CPU model: Intel(R) Core(TM) i9-14900K, instruction set [SSE2|AVX|AVX2]
Thread count: 24 physical cores, 32 logical processors, using up to 5 threads

Non-default parameters:
TimeLimit  172800
MIPGap  0.01
Heuristics  0.5
MIPFocus  3
FlowCoverCuts  2
Presolve  2
Threads  5

Optimize a model with 23329 rows, 35809 columns and 111338 nonzeros
Model fingerprint: 0x1e365718
Variable types: 17323 continuous, 18486 integer (18485 binary)
Coefficient statistics:
  Matrix range     [1e-01, 3e+02]
  Objective range  [1e-02, 9e+04]
  Bounds range     [1e+00, 1e+00]
  RHS range        [1e+00, 1e+04]
Presolve removed 22106 rows and 27284 columns
Presolve time: 0.29s
Presolved: 1223 rows, 8525 columns, 25748 nonzeros
Variable types: 245 continuous, 8280 integer (8279 binary)
Root relaxation presolved: 1223 rows, 8525 columns, 25748 nonzeros


Use crossover to convert LP symmetric solution to basic solution...

Root relaxation: objective 2.525263e+05, 3481 iterations, 0.13 seconds (0.06 work units)

    Nodes    |    Current Node    |     Objective Bounds      |     Work
 Expl Unexpl |  Obj  Depth IntInf | Incumbent    BestBd   Gap | It/Node Time

     0     0 257868.239    0  102          - 257868.239      -     -    1s
H    0     0                    272053.83038 257868.239  5.21%     -    1s
H    0     0                    270193.95786 257868.239  4.56%     -    1s
H    0     0                    268549.54628 257868.239  3.98%     -    1s
H    0     0                    267703.11072 257868.239  3.67%     -    1s
H    0     0                    267327.27284 257868.239  3.54%     -    1s
H    0     0                    266815.03826 257868.239  3.35%     -    1s
H    0     0                    266120.39844 260559.944  2.09%     -    2s
H    0     0                    265983.77766 260559.944  2.04%     -    2s
H    0     0                    265393.01357 260559.944  1.82%     -    2s
H    0     0                    265350.03631 260559.944  1.81%     -    2s
H    0     0                    265190.04594 260559.944  1.75%     -    2s
H    0     0                    265177.19253 264973.021  0.08%     -    2s
     0     0 265177.193    0  132 265177.193 265177.193  0.00%     -    2s

Cutting planes:
  Gomory: 8
  Lift-and-project: 9
  Cover: 9
  Projected implied bound: 2
  MIR: 19
  Mixing: 1
  Flow cover: 34
  RLT: 1
  Relax-and-lift: 11

Explored 1 nodes (8061 simplex iterations) in 2.78 seconds (1.26 work units)
Thread count was 5 (of 32 available processors)

Solution count 10: 265177 265190 265350 ... 268550

Optimal solution found (tolerance 1.00e-02)
Best objective 2.651771925260e+05, best bound 2.651771925260e+05, gap 0.0000%
