
Gurobi 12.0.3 (win64) logging started Tue Jun 30 15:11:16 2026

Set parameter LogFile to value "output/DCH_taller_julio/Costo_fijo/Carga_on_board_1000kW_Descomp/station_1_d213_stage1\gurobi.log"
Set parameter Threads to value 5
Set parameter Heuristics to value 0.5
Set parameter MIPFocus to value 3
Set parameter Presolve to value 2
Set parameter FlowCoverCuts to value 2
Set parameter TimeLimit to value 172800
Gurobi Optimizer version 12.0.3 build v12.0.3rc0 (win64 - Windows 11+.0 (26200.2))

CPU model: Intel(R) Core(TM) i9-14900K, instruction set [SSE2|AVX|AVX2]
Thread count: 24 physical cores, 32 logical processors, using up to 5 threads

Non-default parameters:
TimeLimit  172800
MIPGap  0.01
Heuristics  0.5
MIPFocus  3
FlowCoverCuts  2
Presolve  2
Threads  5

Optimize a model with 22793 rows, 35809 columns and 110802 nonzeros
Model fingerprint: 0xb7afdc01
Variable types: 17323 continuous, 18486 integer (18485 binary)
Coefficient statistics:
  Matrix range     [1e-01, 1e+03]
  Objective range  [4e-01, 2e+05]
  Bounds range     [1e+00, 1e+00]
  RHS range        [1e+00, 1e+04]
Presolve removed 19960 rows and 25836 columns
Presolve time: 0.18s
Presolved: 2833 rows, 9973 columns, 30958 nonzeros
Variable types: 821 continuous, 9152 integer (9151 binary)
Root relaxation presolved: 2833 rows, 9973 columns, 30958 nonzeros


Root relaxation: objective 6.332753e+04, 4113 iterations, 0.38 seconds (0.61 work units)

    Nodes    |    Current Node    |     Objective Bounds      |     Work
 Expl Unexpl |  Obj  Depth IntInf | Incumbent    BestBd   Gap | It/Node Time

     0     0 63327.5315    0  401          - 63327.5315      -     -    1s
H    0     0                    576391.12505 66768.1222  88.4%     -    1s
H    0     0                    287509.02092 99891.4700  65.3%     -    2s
H    0     0                    287421.20747 99891.4700  65.2%     -    2s
H    0     0                    287405.01215 99891.4700  65.2%     -    2s
H    0     0                    282167.87328 99891.4700  64.6%     -    2s
H    0     0                    220801.92784 99891.4700  54.8%     -    2s
     0     0 220797.191    0  279 220801.928 220797.191  0.00%     -    3s

Cutting planes:
  Gomory: 12
  Implied bound: 16
  Projected implied bound: 6
  MIR: 104
  Mixing: 8
  Flow cover: 52
  Zero half: 9

Explored 1 nodes (16395 simplex iterations) in 3.07 seconds (3.87 work units)
Thread count was 5 (of 32 available processors)

Solution count 6: 220802 282168 287405 ... 576391

Optimal solution found (tolerance 1.00e-02)
Best objective 2.208019278408e+05, best bound 2.207971909837e+05, gap 0.0021%
