
Gurobi 12.0.3 (win64) logging started Sun Aug 23 02:54:11 2026

Set parameter LogFile to value "C:\Users\TECNO-MASTER\Desktop\Elmo_infrastructure_sizing_NP-\output\DCH_agosto\Costo_variable\Carga_libre\Carga_on_board_variable_3estaciones_P640kW_Descomp/station_3_d244_stage1\gurobi.log"
Set parameter Threads to value 1
Set parameter Heuristics to value 0.5
Set parameter MIPFocus to value 3
Set parameter Presolve to value 2
Set parameter FlowCoverCuts to value 2
Set parameter TimeLimit to value 172800
Gurobi Optimizer version 12.0.3 build v12.0.3rc0 (win64 - Windows 11+.0 (26200.2))

CPU model: Intel(R) Core(TM) i9-14900K, instruction set [SSE2|AVX|AVX2]
Thread count: 24 physical cores, 32 logical processors, using up to 1 threads

Non-default parameters:
TimeLimit  172800
MIPGap  0.01
Heuristics  0.5
MIPFocus  3
FlowCoverCuts  2
Presolve  2
Threads  1

Optimize a model with 22770 rows, 37249 columns and 110688 nonzeros
Model fingerprint: 0x20685d70
Variable types: 17323 continuous, 19926 integer (19925 binary)
Coefficient statistics:
  Matrix range     [1e-01, 6e+02]
  Objective range  [8e-03, 1e+05]
  Bounds range     [1e+00, 3e+00]
  RHS range        [1e+00, 1e+04]
Presolve removed 19880 rows and 26955 columns
Presolve time: 0.16s
Presolved: 2890 rows, 10294 columns, 32192 nonzeros
Variable types: 841 continuous, 9453 integer (9361 binary)
Root relaxation presolved: 2890 rows, 10294 columns, 32192 nonzeros


Root relaxation: objective 5.536858e+04, 4149 iterations, 0.33 seconds (0.60 work units)

    Nodes    |    Current Node    |     Objective Bounds      |     Work
 Expl Unexpl |  Obj  Depth IntInf | Incumbent    BestBd   Gap | It/Node Time

     0     0 55368.5766    0  369          - 55368.5766      -     -    1s
     0     0 164861.004    0  267          - 164861.004      -     -    3s
H    0     0                    228841.48556 164861.004  28.0%     -    3s
H    0     0                    225158.96689 164861.004  26.8%     -    3s
H    0     0                    224817.46544 164861.004  26.7%     -    3s
H    0     0                    224739.40582 164861.004  26.6%     -    3s
H    0     0                    219273.25598 164861.004  24.8%     -    3s
H    0     0                    186522.06557 164861.004  11.6%     -    3s
H    0     0                    179382.53446 164861.004  8.10%     -    3s
H    0     0                    168401.32830 164861.004  2.10%     -    3s
H    0     0                    167522.81224 164861.004  1.59%     -    3s
H    0     0                    166831.34969 164861.004  1.18%     -    4s
     0     0 165021.441    0  299 166831.350 165021.441  1.08%     -    5s
H    0     0                    166706.81440 165021.441  1.01%     -    5s
     0     0 165035.075    0  313 166706.814 165035.075  1.00%     -    5s
     0     0          -    0      166706.814 165058.923  0.99%     -    5s

Cutting planes:
  Gomory: 47
  Lift-and-project: 42
  Cover: 15
  Implied bound: 39
  Clique: 9
  MIR: 17
  Flow cover: 92
  Zero half: 12
  Relax-and-lift: 26

Explored 1 nodes (37557 simplex iterations) in 5.62 seconds (7.98 work units)
Thread count was 1 (of 32 available processors)

Solution count 10: 166707 166831 167523 ... 225159

Optimal solution found (tolerance 1.00e-02)
Best objective 1.667068144036e+05, best bound 1.650589225871e+05, gap 0.9885%
