
Gurobi 12.0.0 (win64) logging started Mon Sep  7 04:01:33 2026

Set parameter LogFile to value "C:\Users\TECNO-MASTER\Desktop\Elmo_infrastructure_sizing_NP-\output\DCH_septiembre\Bateria_482\Costo_variable\Carga_libre\Carga_on_board_variable_3estaciones_P640kW_Descomp/station_1_d121_stage1\gurobi.log"
Set parameter Threads to value 1
Set parameter Heuristics to value 0.5
Set parameter MIPFocus to value 3
Set parameter Presolve to value 2
Set parameter FlowCoverCuts to value 2
Set parameter TimeLimit to value 1200
Gurobi Optimizer version 12.0.0 build v12.0.0rc1 (win64 - Windows 11+.0 (26200.2))

CPU model: Intel(R) Core(TM) i9-14900K, instruction set [SSE2|AVX|AVX2]
Thread count: 24 physical cores, 32 logical processors, using up to 1 threads

Non-default parameters:
TimeLimit  1200
MIPGap  0.05
Heuristics  0.5
MIPFocus  3
FlowCoverCuts  2
Presolve  2
Threads  1

Optimize a model with 22770 rows, 37249 columns and 110686 nonzeros
Model fingerprint: 0x91d1b6b7
Variable types: 17323 continuous, 19926 integer (19925 binary)
Coefficient statistics:
  Matrix range     [1e-01, 6e+02]
  Objective range  [8e-03, 1e+05]
  Bounds range     [1e+00, 1e+00]
  RHS range        [1e+00, 1e+04]
Presolve removed 19880 rows and 26950 columns
Presolve time: 0.27s
Presolved: 2890 rows, 10299 columns, 31950 nonzeros
Variable types: 841 continuous, 9458 integer (9457 binary)
Root relaxation presolved: 2890 rows, 10299 columns, 31950 nonzeros


Root relaxation: objective 5.117695e+04, 6672 iterations, 0.91 seconds (0.98 work units)

    Nodes    |    Current Node    |     Objective Bounds      |     Work
 Expl Unexpl |  Obj  Depth IntInf | Incumbent    BestBd   Gap | It/Node Time

     0     0 51176.9522    0  388          - 51176.9522      -     -    2s
     0     0 78236.0192    0  190          - 78236.0192      -     -    4s
H    0     0                    150689.42329 86081.6089  42.9%     -    4s
H    0     0                    149386.83232 86081.6089  42.4%     -    4s
H    0     0                    148990.58576 86081.6089  42.2%     -    4s
H    0     0                    148721.47015 86081.6089  42.1%     -    4s
H    0     0                    148715.41289 86081.6089  42.1%     -    4s
H    0     0                    148657.34952 86081.6089  42.1%     -    4s
H    0     0                    148657.23672 86081.6089  42.1%     -    4s
     0     0 86081.6089    0  193 148657.237 86081.6089  42.1%     -    4s
     0     0 86081.6089    0  246 148657.237 86081.6089  42.1%     -    5s
H    0     0                    148604.74737 86081.6089  42.1%     -    5s
     0     0 86081.6089    0  231 148604.747 86081.6089  42.1%     -    7s
H    0     0                    148586.12084 86081.6089  42.1%     -    7s
H    0     0                    148569.19771 86081.6089  42.1%     -    7s
H    0     0                    148563.83718 86081.6089  42.1%     -    7s
H    0     0                    148514.35462 86081.6089  42.0%     -    7s
     0     0 86081.6089    0  237 148514.355 86081.6089  42.0%     -    7s
     0     0 86081.6089    0  229 148514.355 86081.6089  42.0%     -    8s
     0     0 86081.6089    0  229 148514.355 86081.6089  42.0%     -    8s
H    0     0                    148308.38681 86081.6089  42.0%     -    8s
H    0     0                    148286.58919 86081.6089  41.9%     -    8s
H    0     0                    148253.32336 86081.6089  41.9%     -    8s
H    0     0                    148251.91166 86081.6089  41.9%     -    9s
H    0     0                    148248.97872 86081.6089  41.9%     -    9s
H    0     0                    148247.35383 86081.6089  41.9%     -    9s
H    0     0                    148189.11490 86081.6089  41.9%     -    9s
     0     2 86086.7606    0  219 148189.115 86086.7606  41.9%     -    9s

Cutting planes:
  Gomory: 9
  Lift-and-project: 6
  Cover: 7
  Projected implied bound: 1
  Clique: 4
  MIR: 4
  Flow cover: 3
  Zero half: 66
  RLT: 1
  Relax-and-lift: 9

Explored 3 nodes (33533 simplex iterations) in 9.42 seconds (9.95 work units)
Thread count was 1 (of 32 available processors)

Solution count 10: 148189 148247 148249 ... 148569

Optimal solution found (tolerance 5.00e-02)
Best objective 1.481891149001e+05, best bound 1.478996511709e+05, gap 0.1953%
