
Gurobi 12.0.3 (win64) logging started Sun Aug 23 17:25:06 2026

Set parameter LogFile to value "C:\Users\TECNO-MASTER\Desktop\Elmo_infrastructure_sizing_NP-\output\DCH_agosto\Costo_variable\Ventana_restringida\Carga_on_board_variable_3estaciones_P640kW_Descomp/station_3_d1_stage1\gurobi.log"
Set parameter Threads to value 1
Set parameter Heuristics to value 0.5
Set parameter MIPFocus to value 3
Set parameter Presolve to value 2
Set parameter FlowCoverCuts to value 2
Set parameter TimeLimit to value 172800
Gurobi Optimizer version 12.0.3 build v12.0.3rc0 (win64 - Windows 11+.0 (26200.2))

CPU model: Intel(R) Core(TM) i9-14900K, instruction set [SSE2|AVX|AVX2]
Thread count: 24 physical cores, 32 logical processors, using up to 1 threads

Non-default parameters:
TimeLimit  172800
MIPGap  0.01
Heuristics  0.5
MIPFocus  3
FlowCoverCuts  2
Presolve  2
Threads  1

Optimize a model with 23284 rows, 37249 columns and 111172 nonzeros
Model fingerprint: 0xac7e5890
Variable types: 17323 continuous, 19926 integer (19925 binary)
Coefficient statistics:
  Matrix range     [1e-01, 6e+02]
  Objective range  [1e-02, 1e+05]
  Bounds range     [1e+00, 3e+00]
  RHS range        [1e+00, 1e+04]
Presolve removed 22078 rows and 28484 columns
Presolve time: 0.22s
Presolved: 1206 rows, 8765 columns, 26820 nonzeros
Variable types: 232 continuous, 8533 integer (8441 binary)
Root relaxation presolved: 1206 rows, 8765 columns, 26820 nonzeros


Use crossover to convert LP symmetric solution to basic solution...

Root relaxation: objective 1.111767e+05, 3338 iterations, 0.08 seconds (0.07 work units)

    Nodes    |    Current Node    |     Objective Bounds      |     Work
 Expl Unexpl |  Obj  Depth IntInf | Incumbent    BestBd   Gap | It/Node Time

     0     0 172443.849    0  105          - 172443.849      -     -    0s
     0     0 172471.571    0   57          - 172471.571      -     -    1s
     0     0 172472.378    0   58          - 172472.378      -     -    1s
     0     0 172472.378    0   36          - 172472.378      -     -    1s
H    0     0                    172559.31454 172472.378  0.05%     -    1s

Cutting planes:
  Gomory: 1
  Cover: 4
  Projected implied bound: 1
  MIR: 8
  Mixing: 1
  StrongCG: 2
  Flow cover: 16
  Zero half: 7
  Relax-and-lift: 6

Explored 1 nodes (8824 simplex iterations) in 1.76 seconds (1.54 work units)
Thread count was 1 (of 32 available processors)

Solution count 1: 172559 

Optimal solution found (tolerance 1.00e-02)
Best objective 1.725593145355e+05, best bound 1.724723784373e+05, gap 0.0504%
