
Gurobi 12.0.3 (win64) logging started Sun Aug 23 02:43:29 2026

Set parameter LogFile to value "C:\Users\TECNO-MASTER\Desktop\Elmo_infrastructure_sizing_NP-\output\DCH_agosto\Costo_fijo\Ventana_restringida\Carga_on_board_fixed_3estaciones_P640kW_Descomp/station_1_d121_stage1\gurobi.log"
Set parameter Threads to value 1
Set parameter Heuristics to value 0.5
Set parameter MIPFocus to value 3
Set parameter Presolve to value 2
Set parameter FlowCoverCuts to value 2
Set parameter TimeLimit to value 172800
Gurobi Optimizer version 12.0.3 build v12.0.3rc0 (win64 - Windows 11+.0 (26200.2))

CPU model: Intel(R) Core(TM) i9-14900K, instruction set [SSE2|AVX|AVX2]
Thread count: 24 physical cores, 32 logical processors, using up to 1 threads

Non-default parameters:
TimeLimit  172800
MIPGap  0.01
Heuristics  0.5
MIPFocus  3
FlowCoverCuts  2
Presolve  2
Threads  1

Optimize a model with 23314 rows, 37249 columns and 111230 nonzeros
Model fingerprint: 0x7caf10d4
Variable types: 17323 continuous, 19926 integer (19925 binary)
Coefficient statistics:
  Matrix range     [1e-01, 6e+02]
  Objective range  [4e-01, 1e+05]
  Bounds range     [1e+00, 3e+00]
  RHS range        [1e+00, 1e+04]
Presolve removed 22108 rows and 28486 columns
Presolve time: 0.53s
Presolved: 1206 rows, 8763 columns, 27242 nonzeros
Variable types: 233 continuous, 8530 integer (8443 binary)
Root relaxation presolved: 1206 rows, 8763 columns, 27242 nonzeros


Use crossover to convert LP symmetric solution to basic solution...

Root relaxation: objective 1.524896e+05, 3417 iterations, 0.18 seconds (0.06 work units)

    Nodes    |    Current Node    |     Objective Bounds      |     Work
 Expl Unexpl |  Obj  Depth IntInf | Incumbent    BestBd   Gap | It/Node Time

     0     0 152489.565    0  148          - 152489.565      -     -    2s
H    0     0                    306116.18834 152489.565  50.2%     -    2s
H    0     0                    299760.60065 152489.565  49.1%     -    2s
     0     0 167858.072    0  128 299760.601 167858.072  44.0%     -    4s
H    0     0                    216639.31819 171241.722  21.0%     -    4s
H    0     0                    216543.12606 171241.722  20.9%     -    4s
H    0     0                    216485.54571 171241.722  20.9%     -    4s
H    0     0                    214055.85222 171241.722  20.0%     -    4s
H    0     0                    213402.07502 171241.722  19.8%     -    4s
     0     0 171858.137    0  157 213402.075 171858.137  19.5%     -    4s
     0     0 173141.643    0  153 213402.075 173141.643  18.9%     -    4s
     0     0 174904.154    0   93 213402.075 174904.154  18.0%     -    5s
H    0     0                    210492.52877 174904.154  16.9%     -    5s
H    0     0                    189864.68355 174904.154  7.88%     -    5s
H    0     0                    188979.72301 174904.154  7.45%     -    5s
     0     0 176547.658    0   83 188979.723 176547.658  6.58%     -    5s
H    0     0                    186026.03567 176547.658  5.10%     -    6s
H    0     0                    182329.98591 176547.658  3.17%     -    6s
     0     0 176547.658    0   83 182329.986 176547.658  3.17%     -    6s
     0     0 176547.658    0   53 182329.986 176547.658  3.17%     -    6s
     0     0 176547.658    0   69 182329.986 176547.658  3.17%     -    7s
H    0     0                    181868.77510 176547.658  2.93%     -    7s
     0     0 176547.658    0   65 181868.775 176547.658  2.93%     -    7s
     0     0 176547.658    0   66 181868.775 176547.658  2.93%     -    8s
     0     0 176547.658    0   66 181868.775 176547.658  2.93%     -    8s
H    0     0                    181174.44945 176547.658  2.55%     -    8s
H    0     0                    181063.27218 176547.658  2.49%     -    8s
H    0     0                    178247.71130 176547.658  0.95%     -    8s

Cutting planes:
  Gomory: 6
  Lift-and-project: 5
  Cover: 7
  Implied bound: 26
  Projected implied bound: 2
  Clique: 5
  MIR: 13
  Flow cover: 26
  Zero half: 2
  Relax-and-lift: 16

Explored 1 nodes (21307 simplex iterations) in 8.85 seconds (5.83 work units)
Thread count was 1 (of 32 available processors)

Solution count 10: 178248 181063 181174 ... 213402

Optimal solution found (tolerance 1.00e-02)
Best objective 1.782477112987e+05, best bound 1.765476577654e+05, gap 0.9538%
