
Gurobi 12.0.3 (win64) logging started Tue Jun 30 14:54:49 2026

Set parameter LogFile to value "output/DCH_taller_julio/Costo_variable/Carga_on_board_640kW_Descomp/station_2_d182_stage1\gurobi.log"
Set parameter Threads to value 5
Set parameter Heuristics to value 0.5
Set parameter MIPFocus to value 3
Set parameter Presolve to value 2
Set parameter FlowCoverCuts to value 2
Set parameter TimeLimit to value 172800
Gurobi Optimizer version 12.0.3 build v12.0.3rc0 (win64 - Windows 11+.0 (26200.2))

CPU model: Intel(R) Core(TM) i9-14900K, instruction set [SSE2|AVX|AVX2]
Thread count: 24 physical cores, 32 logical processors, using up to 5 threads

Non-default parameters:
TimeLimit  172800
MIPGap  0.01
Heuristics  0.5
MIPFocus  3
FlowCoverCuts  2
Presolve  2
Threads  5

Optimize a model with 23795 rows, 37807 columns and 116832 nonzeros
Model fingerprint: 0x0a77f95c
Variable types: 18325 continuous, 19482 integer (19481 binary)
Coefficient statistics:
  Matrix range     [1e-01, 6e+02]
  Objective range  [1e-02, 1e+05]
  Bounds range     [1e+00, 1e+00]
  RHS range        [1e+00, 1e+04]
Presolve removed 20956 rows and 27336 columns
Presolve time: 0.17s
Presolved: 2839 rows, 10471 columns, 32446 nonzeros
Variable types: 821 continuous, 9650 integer (9649 binary)
Root relaxation presolved: 2839 rows, 10471 columns, 32446 nonzeros


Root relaxation: objective 7.656373e+04, 10213 iterations, 0.99 seconds (1.59 work units)

    Nodes    |    Current Node    |     Objective Bounds      |     Work
 Expl Unexpl |  Obj  Depth IntInf | Incumbent    BestBd   Gap | It/Node Time

     0     0 76563.7255    0  457          - 76563.7255      -     -    2s
H    0     0                    481960.20192 141362.053  70.7%     -    2s
H    0     0                    328994.07512 141362.053  57.0%     -    4s
H    0     0                    319040.44930 141362.053  55.7%     -    4s
H    0     0                    305672.22383 141362.053  53.8%     -    4s
H    0     0                    304904.13006 141362.053  53.6%     -    4s
     0     0 168046.398    0  418 304904.130 168046.398  44.9%     -    5s
H    0     0                    239986.60458 168046.398  30.0%     -    5s
H    0     0                    178152.93553 168046.398  5.67%     -    5s
H    0     0                    172484.59794 168046.398  2.57%     -    5s
H    0     0                    172115.36750 168046.398  2.36%     -    5s
H    0     0                    172087.26436 168046.398  2.35%     -    5s
H    0     0                    172077.49655 168046.398  2.34%     -    5s
H    0     0                    172024.27636 168046.398  2.31%     -    5s
H    0     0                    171996.64851 168046.398  2.30%     -    5s
H    0     0                    171968.21694 168046.398  2.28%     -    5s
     0     0 168046.398    0  422 171968.217 168046.398  2.28%     -    5s
     0     0 168046.398    0  421 171968.217 168046.398  2.28%     -    5s
H    0     0                    171775.63916 168046.398  2.17%     -    6s
H    0     0                    170358.45520 168046.398  1.36%     -    6s
H    0     0                    170357.53742 168046.398  1.36%     -    6s
     0     0 168047.238    0  375 170357.537 168047.238  1.36%     -    7s
     0     0 168047.238    0  414 170357.537 168047.238  1.36%     -    7s
H    0     0                    170354.15585 168047.238  1.35%     -    7s
H    0     0                    170327.78166 168047.238  1.34%     -    7s
H    0     0                    170314.66011 168047.592  1.33%     -    8s
H    0     0                    170245.09387 168047.592  1.29%     -    8s
     0     0 168084.778    0  359 170245.094 168084.778  1.27%     -    8s
     0     0 168088.182    0  353 170245.094 168088.182  1.27%     -    8s
H    0     0                    170244.00975 168162.667  1.22%     -   10s
H    0     0                    170201.35687 168162.667  1.20%     -   10s
     0     0 168162.667    0  333 170201.357 168162.667  1.20%     -   10s
H    0     0                    170166.60669 168162.667  1.18%     -   10s
     0     0 168164.058    0  346 170166.607 168164.058  1.18%     -   10s
H    0     0                    170018.04778 168164.058  1.09%     -   11s
H    0     0                    170003.57658 168164.058  1.08%     -   11s
H    0     0                    169997.23609 168164.058  1.08%     -   11s
H    0     0                    169996.12476 168164.058  1.08%     -   11s
H    0     0                    169995.96857 168164.058  1.08%     -   11s
H    0     0                    169993.92753 168164.058  1.08%     -   11s
H    0     0                    169920.79928 168164.058  1.03%     -   11s
H    0     0                    169914.94475 168164.058  1.03%     -   11s
H    0     0                    169909.46546 168164.058  1.03%     -   11s
H    0     0                    169769.29236 168164.058  0.95%     -   11s
H    0     0                    169768.23345 168164.058  0.94%     -   11s

Cutting planes:
  Gomory: 9
  Lift-and-project: 10
  Cover: 21
  Implied bound: 6
  MIR: 13
  Flow cover: 50
  Zero half: 99
  Relax-and-lift: 30

Explored 1 nodes (45780 simplex iterations) in 11.88 seconds (13.13 work units)
Thread count was 5 (of 32 available processors)

Solution count 10: 169768 169769 169909 ... 170004

Optimal solution found (tolerance 1.00e-02)
Best objective 1.697682334452e+05, best bound 1.681766238133e+05, gap 0.9375%
