
Gurobi 12.0.3 (win64) logging started Tue Jun 30 15:30:23 2026

Set parameter LogFile to value "output/DCH_taller_julio/Costo_variable/Carga_on_board_1000kW_Descomp/station_3_d274\gurobi.log"
Set parameter Threads to value 5
Set parameter Heuristics to value 0.5
Set parameter MIPFocus to value 3
Set parameter Presolve to value 2
Set parameter FlowCoverCuts to value 2
Set parameter TimeLimit to value 172800
Gurobi Optimizer version 12.0.3 build v12.0.3rc0 (win64 - Windows 11+.0 (26200.2))

CPU model: Intel(R) Core(TM) i9-14900K, instruction set [SSE2|AVX|AVX2]
Thread count: 24 physical cores, 32 logical processors, using up to 5 threads

Non-default parameters:
TimeLimit  172800
MIPGap  0.01
Heuristics  0.5
MIPFocus  3
FlowCoverCuts  2
Presolve  2
Threads  5

Optimize a model with 22763 rows, 35809 columns and 109840 nonzeros
Model fingerprint: 0x41b3c722
Variable types: 17323 continuous, 18486 integer (18485 binary)
Coefficient statistics:
  Matrix range     [1e-01, 1e+03]
  Objective range  [4e-03, 1e+02]
  Bounds range     [1e+00, 1e+00]
  RHS range        [1e+00, 1e+04]
Presolve removed 20367 rows and 25839 columns
Presolve time: 0.10s
Presolved: 2396 rows, 9970 columns, 30322 nonzeros
Variable types: 820 continuous, 9150 integer (9150 binary)
Root relaxation presolved: 2396 rows, 9970 columns, 30322 nonzeros


Root relaxation: objective 2.141891e+05, 3217 iterations, 0.11 seconds (0.17 work units)

    Nodes    |    Current Node    |     Objective Bounds      |     Work
 Expl Unexpl |  Obj  Depth IntInf | Incumbent    BestBd   Gap | It/Node Time

     0     0 214189.052    0  258          - 214189.052      -     -    0s
H    0     0                    218196.40985 214189.052  1.84%     -    0s
H    0     0                    218165.69963 214189.052  1.82%     -    0s
H    0     0                    216942.34144 214189.052  1.27%     -    0s
H    0     0                    216750.09288 214189.052  1.18%     -    0s
H    0     0                    216737.61997 214189.052  1.18%     -    0s
H    0     0                    216696.34936 214189.052  1.16%     -    0s
H    0     0                    216661.46996 214189.052  1.14%     -    0s
H    0     0                    216345.98487 214189.052  1.00%     -    0s
H    0     0                    215968.94141 214189.052  0.82%     -    0s
H    0     0                    215947.47819 214189.052  0.81%     -    0s
H    0     0                    215933.95392 214189.052  0.81%     -    0s

Cutting planes:
  Gomory: 13
  Lift-and-project: 19
  Cover: 4
  Implied bound: 24
  Projected implied bound: 2
  Clique: 6
  MIR: 28
  Mixing: 5
  Flow cover: 94
  Zero half: 16
  RLT: 42
  Relax-and-lift: 5
  BQP: 13
  PSD: 15

Explored 1 nodes (4923 simplex iterations) in 0.77 seconds (0.95 work units)
Thread count was 5 (of 32 available processors)

Solution count 10: 215934 215947 215969 ... 218166

Optimal solution found (tolerance 1.00e-02)
Best objective 2.159339539163e+05, best bound 2.142230306683e+05, gap 0.7923%
