
Gurobi 12.0.0 (win64) logging started Mon Sep  7 03:44:12 2026

Set parameter LogFile to value "C:\Users\TECNO-MASTER\Desktop\Elmo_infrastructure_sizing_NP-\output\DCH_septiembre\Bateria_353\Costo_variable\Carga_libre\Carga_on_board_variable_3estaciones_P320kW_Descomp/station_3_d274_stage1\gurobi.log"
Set parameter Threads to value 1
Set parameter Heuristics to value 0.5
Set parameter MIPFocus to value 3
Set parameter Presolve to value 2
Set parameter FlowCoverCuts to value 2
Set parameter TimeLimit to value 1200
Gurobi Optimizer version 12.0.0 build v12.0.0rc1 (win64 - Windows 11+.0 (26200.2))

CPU model: Intel(R) Core(TM) i9-14900K, instruction set [SSE2|AVX|AVX2]
Thread count: 24 physical cores, 32 logical processors, using up to 1 threads

Non-default parameters:
TimeLimit  1200
MIPGap  0.05
Heuristics  0.5
MIPFocus  3
FlowCoverCuts  2
Presolve  2
Threads  1

Optimize a model with 22740 rows, 37249 columns and 110628 nonzeros
Model fingerprint: 0x2090dcbf
Variable types: 17323 continuous, 19926 integer (19925 binary)
Coefficient statistics:
  Matrix range     [1e-01, 3e+02]
  Objective range  [4e-03, 8e+04]
  Bounds range     [1e+00, 1e+00]
  RHS range        [1e+00, 1e+04]
Presolve removed 19951 rows and 26953 columns
Presolve time: 0.09s
Presolved: 2789 rows, 10296 columns, 31379 nonzeros
Variable types: 840 continuous, 9456 integer (9455 binary)
Root relaxation presolved: 2789 rows, 10296 columns, 31379 nonzeros


Root relaxation: objective 5.375074e+04, 4635 iterations, 0.21 seconds (0.60 work units)

    Nodes    |    Current Node    |     Objective Bounds      |     Work
 Expl Unexpl |  Obj  Depth IntInf | Incumbent    BestBd   Gap | It/Node Time

     0     0 114237.883    0  181          - 114237.883      -     -    2s
H    0     0                    114796.07969 114237.883  0.49%     -    2s

Explored 1 nodes (30824 simplex iterations) in 2.16 seconds (4.98 work units)
Thread count was 1 (of 32 available processors)

Solution count 1: 114796 

Optimal solution found (tolerance 5.00e-02)
Best objective 1.147960796939e+05, best bound 1.142378831724e+05, gap 0.4863%
