
Gurobi 12.0.0 (win64) logging started Mon Sep  7 03:42:08 2026

Set parameter LogFile to value "C:\Users\TECNO-MASTER\Desktop\Elmo_infrastructure_sizing_NP-\output\DCH_septiembre\Bateria_353\Costo_variable\Carga_libre\Carga_on_board_variable_3estaciones_P160kW_Descomp/station_2_d60\gurobi.log"
Set parameter Threads to value 1
Set parameter Heuristics to value 0.5
Set parameter MIPFocus to value 3
Set parameter Presolve to value 2
Set parameter FlowCoverCuts to value 2
Set parameter TimeLimit to value 1200
Gurobi Optimizer version 12.0.0 build v12.0.0rc1 (win64 - Windows 11+.0 (26200.2))

CPU model: Intel(R) Core(TM) i9-14900K, instruction set [SSE2|AVX|AVX2]
Thread count: 24 physical cores, 32 logical processors, using up to 1 threads

Non-default parameters:
TimeLimit  1200
MIPGap  0.05
Heuristics  0.5
MIPFocus  3
FlowCoverCuts  2
Presolve  2
Threads  1

Optimize a model with 23742 rows, 39247 columns and 115748 nonzeros
Model fingerprint: 0xc0c246ff
Variable types: 18325 continuous, 20922 integer (20921 binary)
Coefficient statistics:
  Matrix range     [1e-01, 2e+02]
  Objective range  [9e-03, 1e+02]
  Bounds range     [1e+00, 2e+00]
  RHS range        [1e+00, 1e+04]
Presolve removed 21412 rows and 28435 columns
Presolve time: 0.20s
Presolved: 2330 rows, 10812 columns, 31876 nonzeros
Variable types: 840 continuous, 9972 integer (9972 binary)
Root relaxation presolved: 2330 rows, 10812 columns, 31876 nonzeros


Root relaxation: objective 1.541294e+05, 4247 iterations, 0.22 seconds (0.20 work units)

    Nodes    |    Current Node    |     Objective Bounds      |     Work
 Expl Unexpl |  Obj  Depth IntInf | Incumbent    BestBd   Gap | It/Node Time

     0     0 154129.444    0  167          - 154129.444      -     -    1s
     0     0 154135.283    0  149          - 154135.283      -     -    2s
     0     0 154137.212    0  191          - 154137.212      -     -    2s
     0     0 154140.789    0  155          - 154140.789      -     -    3s
     0     0 154140.797    0  154          - 154140.797      -     -    3s
     0     0 154140.805    0  147          - 154140.805      -     -    4s
     0     0 154140.837    0  168          - 154140.837      -     -    4s
     0     0 154140.841    0  171          - 154140.841      -     -    5s
     0     0 154140.841    0  171          - 154140.841      -     -    5s
H    0     0                    154324.04790 154141.068  0.12%     -    5s

Cutting planes:
  Gomory: 20
  Lift-and-project: 2
  Cover: 16
  Implied bound: 4
  Clique: 3
  MIR: 6
  Mixing: 2
  Flow cover: 9
  Zero half: 16
  RLT: 4
  Relax-and-lift: 7
  PSD: 7

Explored 1 nodes (19714 simplex iterations) in 5.83 seconds (5.37 work units)
Thread count was 1 (of 32 available processors)

Solution count 1: 154324 

Optimal solution found (tolerance 5.00e-02)
Best objective 1.543240479028e+05, best bound 1.541410684781e+05, gap 0.1186%
