
Gurobi 12.0.3 (win64) logging started Tue Jun 30 16:33:04 2026

Set parameter LogFile to value ".\output\DCH_taller_julio\Costo_fijo\Carga_on_board_142kW\station_1_d91_stage1\gurobi.log"
Set parameter Threads to value 5
Set parameter Heuristics to value 0.5
Set parameter MIPFocus to value 3
Set parameter Presolve to value 2
Set parameter FlowCoverCuts to value 2
Set parameter TimeLimit to value 172800
Gurobi Optimizer version 12.0.3 build v12.0.3rc0 (win64 - Windows 11+.0 (26200.2))

CPU model: Intel(R) Core(TM) i9-14900K, instruction set [SSE2|AVX|AVX2]
Thread count: 24 physical cores, 32 logical processors, using up to 5 threads

Non-default parameters:
TimeLimit  172800
MIPGap  0.01
Heuristics  0.5
MIPFocus  3
FlowCoverCuts  2
Presolve  2
Threads  5

Optimize a model with 22793 rows, 35809 columns and 110802 nonzeros
Model fingerprint: 0x87b9c01e
Variable types: 17323 continuous, 18486 integer (18485 binary)
Coefficient statistics:
  Matrix range     [1e-01, 1e+02]
  Objective range  [4e-01, 6e+04]
  Bounds range     [1e+00, 1e+00]
  RHS range        [1e+00, 1e+04]
Presolve removed 20029 rows and 25836 columns
Presolve time: 0.11s
Presolved: 2764 rows, 9973 columns, 30553 nonzeros
Variable types: 821 continuous, 9152 integer (9151 binary)
Root relaxation presolved: 2764 rows, 9973 columns, 30553 nonzeros


Root relaxation: objective 1.862556e+05, 6664 iterations, 0.60 seconds (0.99 work units)

    Nodes    |    Current Node    |     Objective Bounds      |     Work
 Expl Unexpl |  Obj  Depth IntInf | Incumbent    BestBd   Gap | It/Node Time

     0     0 186255.554    0  488          - 186255.554      -     -    1s
     0     0 189645.242    0  310          - 189645.242      -     -    1s
H    0     0                    238887.83784 189645.242  20.6%     -    1s
H    0     0                    201540.04990 190893.872  5.28%     -    2s
H    0     0                    197633.13673 190893.872  3.41%     -    2s
     0     0 195457.671    0   40 197633.137 195457.671  1.10%     -    2s
H    0     0                    195722.46331 195457.671  0.14%     -    2s
H    0     0                    195575.81960 195457.671  0.06%     -    2s
H    0     0                    195555.84689 195457.671  0.05%     -    2s

Cutting planes:
  Gomory: 12
  Cover: 12
  Clique: 5
  Zero half: 7
  RLT: 3
  Relax-and-lift: 12

Explored 1 nodes (20244 simplex iterations) in 2.50 seconds (3.52 work units)
Thread count was 5 (of 32 available processors)

Solution count 6: 195556 195576 195722 ... 238888

Optimal solution found (tolerance 1.00e-02)
Best objective 1.955558468916e+05, best bound 1.954576706626e+05, gap 0.0502%
