
Gurobi 12.0.0 (win64) logging started Mon Sep  7 04:01:34 2026

Set parameter LogFile to value "C:\Users\TECNO-MASTER\Desktop\Elmo_infrastructure_sizing_NP-\output\DCH_septiembre\Bateria_482\Costo_variable\Carga_libre\Carga_on_board_variable_3estaciones_P640kW_Descomp/station_2_d1_stage1\gurobi.log"
Set parameter Threads to value 1
Set parameter Heuristics to value 0.5
Set parameter MIPFocus to value 3
Set parameter Presolve to value 2
Set parameter FlowCoverCuts to value 2
Set parameter TimeLimit to value 1200
Gurobi Optimizer version 12.0.0 build v12.0.0rc1 (win64 - Windows 11+.0 (26200.2))

CPU model: Intel(R) Core(TM) i9-14900K, instruction set [SSE2|AVX|AVX2]
Thread count: 24 physical cores, 32 logical processors, using up to 1 threads

Non-default parameters:
TimeLimit  1200
MIPGap  0.05
Heuristics  0.5
MIPFocus  3
FlowCoverCuts  2
Presolve  2
Threads  1

Optimize a model with 23742 rows, 39247 columns and 116650 nonzeros
Model fingerprint: 0xa908e322
Variable types: 18325 continuous, 20922 integer (20921 binary)
Coefficient statistics:
  Matrix range     [1e-01, 6e+02]
  Objective range  [1e-02, 1e+05]
  Bounds range     [1e+00, 1e+00]
  RHS range        [1e+00, 1e+04]
Presolve removed 20846 rows and 28433 columns
Presolve time: 0.30s
Presolved: 2896 rows, 10814 columns, 33492 nonzeros
Variable types: 840 continuous, 9974 integer (9973 binary)
Root relaxation presolved: 2896 rows, 10814 columns, 33492 nonzeros


Root relaxation: objective 4.494017e+04, 5032 iterations, 0.71 seconds (0.77 work units)
Total elapsed time = 5.19s (DegenMoves)

    Nodes    |    Current Node    |     Objective Bounds      |     Work
 Expl Unexpl |  Obj  Depth IntInf | Incumbent    BestBd   Gap | It/Node Time

     0     0 148270.754    0  241          - 148270.754      -     -    5s
H    0     0                    154542.40685 148270.754  4.06%     -    5s

Explored 1 nodes (39251 simplex iterations) in 5.52 seconds (5.15 work units)
Thread count was 1 (of 32 available processors)

Solution count 1: 154542 

Optimal solution found (tolerance 5.00e-02)
Best objective 1.545424068526e+05, best bound 1.482707543674e+05, gap 4.0582%
