
Gurobi 12.0.3 (win64) logging started Sun Aug 23 02:49:27 2026

Set parameter LogFile to value "C:\Users\TECNO-MASTER\Desktop\Elmo_infrastructure_sizing_NP-\output\DCH_agosto\Costo_variable\Carga_libre\Carga_on_board_variable_3estaciones_P320kW_Descomp/station_3_d1_stage1\gurobi.log"
Set parameter Threads to value 1
Set parameter Heuristics to value 0.5
Set parameter MIPFocus to value 3
Set parameter Presolve to value 2
Set parameter FlowCoverCuts to value 2
Set parameter TimeLimit to value 172800
Gurobi Optimizer version 12.0.3 build v12.0.3rc0 (win64 - Windows 11+.0 (26200.2))

CPU model: Intel(R) Core(TM) i9-14900K, instruction set [SSE2|AVX|AVX2]
Thread count: 24 physical cores, 32 logical processors, using up to 1 threads

Non-default parameters:
TimeLimit  172800
MIPGap  0.01
Heuristics  0.5
MIPFocus  3
FlowCoverCuts  2
Presolve  2
Threads  1

Optimize a model with 22740 rows, 37249 columns and 110628 nonzeros
Model fingerprint: 0x3321762d
Variable types: 17323 continuous, 19926 integer (19925 binary)
Coefficient statistics:
  Matrix range     [1e-01, 3e+02]
  Objective range  [1e-02, 9e+04]
  Bounds range     [1e+00, 3e+00]
  RHS range        [1e+00, 1e+04]
Presolve removed 19951 rows and 26956 columns
Presolve time: 0.56s
Presolved: 2789 rows, 10293 columns, 31627 nonzeros
Variable types: 840 continuous, 9453 integer (9361 binary)
Root relaxation presolved: 2789 rows, 10293 columns, 31627 nonzeros


Root relaxation: objective 5.959227e+04, 4458 iterations, 0.68 seconds (0.47 work units)
Total elapsed time = 6.87s (DegenMoves)

    Nodes    |    Current Node    |     Objective Bounds      |     Work
 Expl Unexpl |  Obj  Depth IntInf | Incumbent    BestBd   Gap | It/Node Time

     0     0 125712.311    0  163          - 125712.311      -     -    7s
     0     0 125712.311    0  141          - 125712.311      -     -    9s
     0     0 125712.906    0  162          - 125712.906      -     -    9s
     0     0 125712.906    0  160          - 125712.906      -     -   11s
     0     0 125712.906    0  160          - 125712.906      -     -   11s
     0     0 125712.906    0  115          - 125712.906      -     -   13s
H    0     0                    126062.03635 125712.906  0.28%     -   13s

Cutting planes:
  Gomory: 1
  Lift-and-project: 4
  Cover: 3
  Implied bound: 10
  Clique: 1
  MIR: 3
  Mixing: 3
  StrongCG: 1
  Flow cover: 5
  Zero half: 1
  Relax-and-lift: 5

Explored 1 nodes (40932 simplex iterations) in 13.10 seconds (7.95 work units)
Thread count was 1 (of 32 available processors)

Solution count 1: 126062 

Optimal solution found (tolerance 1.00e-02)
Best objective 1.260620363489e+05, best bound 1.257129057611e+05, gap 0.2770%
