
Gurobi 12.0.3 (win64) logging started Sun Aug 23 17:23:30 2026

Set parameter LogFile to value "C:\Users\TECNO-MASTER\Desktop\Elmo_infrastructure_sizing_NP-\output\DCH_agosto\Costo_variable\Carga_libre\Carga_on_board_variable_3estaciones_P1000kW_Descomp/station_1_d274_stage1\gurobi.log"
Set parameter Threads to value 1
Set parameter Heuristics to value 0.5
Set parameter MIPFocus to value 3
Set parameter Presolve to value 2
Set parameter FlowCoverCuts to value 2
Set parameter TimeLimit to value 172800
Gurobi Optimizer version 12.0.3 build v12.0.3rc0 (win64 - Windows 11+.0 (26200.2))

CPU model: Intel(R) Core(TM) i9-14900K, instruction set [SSE2|AVX|AVX2]
Thread count: 24 physical cores, 32 logical processors, using up to 1 threads

Non-default parameters:
TimeLimit  172800
MIPGap  0.01
Heuristics  0.5
MIPFocus  3
FlowCoverCuts  2
Presolve  2
Threads  1

Optimize a model with 22740 rows, 37249 columns and 110626 nonzeros
Model fingerprint: 0x7cf0a2b3
Variable types: 17323 continuous, 19926 integer (19925 binary)
Coefficient statistics:
  Matrix range     [1e-01, 1e+03]
  Objective range  [4e-03, 2e+05]
  Bounds range     [1e+00, 3e+00]
  RHS range        [1e+00, 1e+04]
Presolve removed 19850 rows and 26959 columns
Presolve time: 0.27s
Presolved: 2890 rows, 10290 columns, 32614 nonzeros
Variable types: 840 continuous, 9450 integer (9363 binary)
Root relaxation presolved: 2890 rows, 10290 columns, 32614 nonzeros


Root relaxation: objective 3.738407e+04, 7121 iterations, 0.97 seconds (0.99 work units)

    Nodes    |    Current Node    |     Objective Bounds      |     Work
 Expl Unexpl |  Obj  Depth IntInf | Incumbent    BestBd   Gap | It/Node Time

     0     0 37384.0736    0  448          - 37384.0736      -     -    2s
     0     0 69575.1982    0  376          - 69575.1982      -     -    2s
H    0     0                    394168.09569 69575.1982  82.3%     -    2s
H    0     0                    217086.33929 69575.1982  68.0%     -    2s
H    0     0                    217029.61874 69575.1982  67.9%     -    2s
     0     0 212327.038    0  141 217029.619 212327.038  2.17%     -    4s
H    0     0                    213357.46471 212327.038  0.48%     -    4s

Cutting planes:
  Cover: 7
  Implied bound: 2
  Clique: 4
  Flow cover: 1
  Zero half: 2
  Relax-and-lift: 11

Explored 1 nodes (27472 simplex iterations) in 4.66 seconds (4.66 work units)
Thread count was 1 (of 32 available processors)

Solution count 4: 213357 217030 217086 394168 

Optimal solution found (tolerance 1.00e-02)
Best objective 2.133574647123e+05, best bound 2.123270382803e+05, gap 0.4830%
