
Gurobi 12.0.3 (win64) logging started Tue Jul  7 01:06:51 2026

Set parameter LogFile to value "output/DCH_taller_julio/Costo_variable/Ventana_restringida/Carga_on_board_1000kW_Descomp_ventana_carga/station_1_d182_stage1\gurobi.log"
Set parameter Threads to value 5
Set parameter Heuristics to value 0.5
Set parameter MIPFocus to value 3
Set parameter Presolve to value 2
Set parameter FlowCoverCuts to value 2
Set parameter TimeLimit to value 172800
Gurobi Optimizer version 12.0.3 build v12.0.3rc0 (win64 - Windows 11+.0 (26200.2))

CPU model: Intel(R) Core(TM) i9-14900K, instruction set [SSE2|AVX|AVX2]
Thread count: 24 physical cores, 32 logical processors, using up to 5 threads

Non-default parameters:
TimeLimit  172800
MIPGap  0.01
Heuristics  0.5
MIPFocus  3
FlowCoverCuts  2
Presolve  2
Threads  5

Optimize a model with 23329 rows, 35809 columns and 111338 nonzeros
Model fingerprint: 0x5e480611
Variable types: 17323 continuous, 18486 integer (18485 binary)
Coefficient statistics:
  Matrix range     [1e-01, 1e+03]
  Objective range  [1e-02, 2e+05]
  Bounds range     [1e+00, 1e+00]
  RHS range        [1e+00, 1e+04]
Presolve removed 22092 rows and 27284 columns
Presolve time: 0.10s
Presolved: 1237 rows, 8525 columns, 25866 nonzeros
Variable types: 245 continuous, 8280 integer (8279 binary)
Root relaxation presolved: 1237 rows, 8525 columns, 25866 nonzeros


Use crossover to convert LP symmetric solution to basic solution...

Root relaxation: objective 2.192808e+05, 3190 iterations, 0.04 seconds (0.06 work units)

    Nodes    |    Current Node    |     Objective Bounds      |     Work
 Expl Unexpl |  Obj  Depth IntInf | Incumbent    BestBd   Gap | It/Node Time

     0     0 219280.769    0  160          - 219280.769      -     -    0s
     0     0 351343.715    0  175          - 351343.715      -     -    0s
H    0     0                    531392.81509 351343.715  33.9%     -    0s
H    0     0                    526405.89907 351343.715  33.3%     -    0s
H    0     0                    524405.68499 351343.715  33.0%     -    0s
H    0     0                    520195.89075 351343.715  32.5%     -    0s
H    0     0                    519714.60108 351343.715  32.4%     -    0s
H    0     0                    519713.48636 351343.715  32.4%     -    0s
H    0     0                    519712.79143 351343.715  32.4%     -    0s
H    0     0                    519640.21170 351343.715  32.4%     -    0s
H    0     0                    370235.82990 351343.715  5.10%     -    0s
H    0     0                    370234.72719 351343.715  5.10%     -    0s
H    0     0                    369672.49627 351343.715  4.96%     -    0s
H    0     0                    369468.58593 351343.715  4.91%     -    0s
H    0     0                    368773.15612 351343.715  4.73%     -    0s
H    0     0                    368627.41505 354903.037  3.72%     -    0s
H    0     0                    368385.51770 354903.037  3.66%     -    0s
H    0     0                    365038.65281 354903.037  2.78%     -    0s
H    0     0                    363574.63797 354903.037  2.39%     -    0s
H    0     0                    363548.63509 354903.037  2.38%     -    0s
H    0     0                    362660.18561 354903.037  2.14%     -    0s
H    0     0                    361670.76867 354903.037  1.87%     -    0s
     0     0 357430.535    0   89 361670.769 357430.535  1.17%     -    1s
H    0     0                    361661.37523 357430.535  1.17%     -    1s
H    0     0                    361421.28383 357430.535  1.10%     -    1s
H    0     0                    360867.70306 357430.535  0.95%     -    1s

Cutting planes:
  Gomory: 7
  Cover: 2
  Clique: 1
  Flow cover: 3
  RLT: 1
  Relax-and-lift: 2

Explored 1 nodes (14172 simplex iterations) in 1.26 seconds (1.64 work units)
Thread count was 5 (of 32 available processors)

Solution count 10: 360868 361421 361661 ... 368627

Optimal solution found (tolerance 1.00e-02)
Best objective 3.608677030591e+05, best bound 3.574305351590e+05, gap 0.9525%
