
Gurobi 12.0.0 (win64) logging started Mon Sep  7 03:33:59 2026

Set parameter LogFile to value "C:\Users\TECNO-MASTER\Desktop\Elmo_infrastructure_sizing_NP-\output\DCH_septiembre\Bateria_353\Costo_fijo\Carga_libre\Carga_on_board_fixed_3estaciones_P160kW_Descomp/station_3_d244_stage1\gurobi.log"
Set parameter Threads to value 1
Set parameter Heuristics to value 0.5
Set parameter MIPFocus to value 3
Set parameter Presolve to value 2
Set parameter FlowCoverCuts to value 2
Set parameter TimeLimit to value 1200
Gurobi Optimizer version 12.0.0 build v12.0.0rc1 (win64 - Windows 11+.0 (26200.2))

CPU model: Intel(R) Core(TM) i9-14900K, instruction set [SSE2|AVX|AVX2]
Thread count: 24 physical cores, 32 logical processors, using up to 1 threads

Non-default parameters:
TimeLimit  1200
MIPGap  0.05
Heuristics  0.5
MIPFocus  3
FlowCoverCuts  2
Presolve  2
Threads  1

Optimize a model with 22770 rows, 37249 columns and 110688 nonzeros
Model fingerprint: 0xafcdecc6
Variable types: 17323 continuous, 19926 integer (19925 binary)
Coefficient statistics:
  Matrix range     [1e-01, 2e+02]
  Objective range  [4e-01, 6e+04]
  Bounds range     [1e+00, 1e+00]
  RHS range        [1e+00, 1e+04]
Presolve removed 19951 rows and 26952 columns
Presolve time: 0.10s
Presolved: 2819 rows, 10297 columns, 31529 nonzeros
Variable types: 841 continuous, 9456 integer (9455 binary)
Root relaxation presolved: 2819 rows, 10297 columns, 31529 nonzeros


Root relaxation: objective 1.406449e+05, 7998 iterations, 0.48 seconds (1.31 work units)

    Nodes    |    Current Node    |     Objective Bounds      |     Work
 Expl Unexpl |  Obj  Depth IntInf | Incumbent    BestBd   Gap | It/Node Time

     0     0 150472.535    0  160          - 150472.535      -     -    1s
     0     0 155322.792    0  183          - 155322.792      -     -    1s
     0     0 156503.424    0  191          - 156503.424      -     -    1s
     0     0 156503.424    0  163          - 156503.424      -     -    2s
     0     0 156503.424    0  157          - 156503.424      -     -    3s
     0     0 156503.424    0  154          - 156503.424      -     -    3s
     0     0 156503.424    0  144          - 156503.424      -     -    3s
     0     0 156503.424    0  144          - 156503.424      -     -    3s
H    0     0                    180926.76639 156503.424  13.5%     -    3s
H    0     0                    180702.68641 156503.424  13.4%     -    3s
H    0     0                    178237.80665 156503.424  12.2%     -    3s
H    0     0                    175835.58343 156503.424  11.0%     -    3s
H    0     0                    173183.65379 156503.424  9.63%     -    3s
H    0     0                    172807.58333 156503.424  9.43%     -    3s
     0     2 157567.282    0  142 172807.583 157567.282  8.82%     -    4s

Cutting planes:
  Gomory: 12
  Cover: 13
  Clique: 5
  Flow cover: 2
  Zero half: 107
  Relax-and-lift: 14

Explored 3 nodes (28675 simplex iterations) in 4.04 seconds (8.34 work units)
Thread count was 1 (of 32 available processors)

Solution count 6: 172808 173184 175836 ... 180927

Optimal solution found (tolerance 5.00e-02)
Best objective 1.728075833336e+05, best bound 1.655413897963e+05, gap 4.2048%
