[NestedBenders] presolve de capacidad (peak): meta por anio 1:1,074  2:14,728  3:33,712  4:44,805  5:48,543  6:50,583
[NestedBenders] presolve de capacidad: anios [6], modulos de 500 kW
[NestedBenders] presolve capacidad  anio 6  suma: sum n_ssee_k >= 3  (dual 3.0000, primal 3.000, 39s)
[NestedBenders] presolve capacidad  anio 6  station_1: n_ssee_k >= 1  (dual 1.0000, primal 1.000, 26s)
[NestedBenders] presolve capacidad  anio 6  station_2: n_ssee_k >= 1  (dual 1.0000, primal 1.000, 22s)
[NestedBenders] presolve capacidad  anio 6  station_3: n_ssee_k >= 1  (dual 1.0000, primal 1.000, 24s)
[NestedBenders] presolve de capacidad: cotas impuestas al anio 1: station_1: >= 1 (500 kW, anio 6)  station_2: >= 1 (500 kW, anio 6)  station_3: >= 1 (500 kW, anio 6)
[NestedBenders] presolve de capacidad: la cota agregada (3) no agrega nada sobre las cotas por nave
[NestedBenders] presolve de capacidad: 112s
[NestedBenders] cota inicial: relajacion lineal del monolitico completo...
[NestedBenders] cota del LP monolitico = 3,718,317.87  (199s)
[NestedBenders] k=1 FORWARD  anio 1 (1/6)  [UB=(sin cota aun)  LB=3,718,317.87]  resolviendo MILP...
[NestedBenders] k=1 FORWARD  anio 2 (2/6)  [UB=(sin cota aun)  LB=3,718,317.87]  resolviendo MILP...
WARNING: Loading a SolverResults object with an 'aborted' status, but
containing a solution
[NestedBenders] forward y=2  TimeLimit alcanzado sin cerrar MIPGap: UB=1,011,773.83  LB=1,001,501.24  gap=1.0153%
[NestedBenders] k=1 FORWARD  anio 3 (3/6)  [UB=(sin cota aun)  LB=3,718,317.87]  resolviendo MILP...
WARNING: Loading a SolverResults object with an 'aborted' status, but
containing a solution
[NestedBenders] forward y=3  TimeLimit alcanzado sin cerrar MIPGap: UB=1,036,964.80  LB=1,021,946.00  gap=1.4483%
[NestedBenders] k=1 FORWARD  anio 4 (4/6)  [UB=(sin cota aun)  LB=3,718,317.87]  resolviendo MILP...
WARNING: Loading a SolverResults object with an 'aborted' status, but
containing a solution
[NestedBenders] forward y=4  TimeLimit alcanzado sin cerrar MIPGap: UB=499,622.58  LB=449,262.60  gap=10.0796%
[NestedBenders] k=1 FORWARD  anio 5 (5/6)  [UB=(sin cota aun)  LB=3,718,317.87]  resolviendo MILP...
WARNING: Loading a SolverResults object with an 'aborted' status, but
containing a solution
[NestedBenders] forward y=5  TimeLimit alcanzado sin cerrar MIPGap: UB=268,138.88  LB=220,925.75  gap=17.6077%
[NestedBenders] k=1 FORWARD  anio 6 (6/6)  [UB=(sin cota aun)  LB=3,718,317.87]  resolviendo MILP...
WARNING: Loading a SolverResults object with an 'aborted' status, but
containing a solution
[NestedBenders] forward y=6  TimeLimit alcanzado sin cerrar MIPGap: UB=721,449.69  LB=225,837.51  gap=68.6967%
[NestedBenders] k=1 BACKWARD anio 6  [UB=4,670,065.52  LB=3,718,317.87]  relajando LP y leyendo duales (corte -> anio 5)...
[NestedBenders] k=1 BACKWARD anio 5  [UB=4,670,065.52  LB=3,718,317.87]  relajando LP y leyendo duales (corte -> anio 4)...
[NestedBenders] k=1 BACKWARD anio 4  [UB=4,670,065.52  LB=3,718,317.87]  relajando LP y leyendo duales (corte -> anio 3)...
[NestedBenders] k=1 BACKWARD anio 3  [UB=4,670,065.52  LB=3,718,317.87]  relajando LP y leyendo duales (corte -> anio 2)...
Warning for adding constraints: zero or small (< 1e-13) coefficients, ignored
[NestedBenders] k=1 BACKWARD anio 2  [UB=4,670,065.52  LB=3,718,317.87]  relajando LP y leyendo duales (corte -> anio 1)...
[NestedBenders] k=1 BACKWARD anio 1  [UB=4,670,065.52  LB=3,718,317.87]  relajando LP con los cortes actualizados (cota inferior)...
[NestedBenders] k=1  UB=4670065.5174  LB=3718317.8683  gap=20.3797%  tiempo_iteracion=3189.4s
[NestedBenders] k=2 FORWARD  anio 1 (1/6)  [UB=4,670,065.52  LB=3,718,317.87]  resolviendo MILP...
[NestedBenders] k=2 FORWARD  anio 2 (2/6)  [UB=4,670,065.52  LB=3,718,317.87]  resolviendo MILP...
[NestedBenders] k=2 FORWARD  anio 3 (3/6)  [UB=4,670,065.52  LB=3,718,317.87]  resolviendo MILP...
Warning for adding constraints: zero or small (< 1e-13) coefficients, ignored
WARNING: Loading a SolverResults object with an 'aborted' status, but
containing a solution
[NestedBenders] forward y=3  TimeLimit alcanzado sin cerrar MIPGap: UB=1,954,395.60  LB=1,654,840.85  gap=15.3272%
[NestedBenders] k=2 FORWARD  anio 4 (4/6)  [UB=4,670,065.52  LB=3,718,317.87]  resolviendo MILP...
WARNING: Loading a SolverResults object with an 'aborted' status, but
containing a solution
[NestedBenders] forward y=4  TimeLimit alcanzado sin cerrar MIPGap: UB=666,142.88  LB=595,971.96  gap=10.5339%
[NestedBenders] k=2 FORWARD  anio 5 (5/6)  [UB=4,670,065.52  LB=3,718,317.87]  resolviendo MILP...
WARNING: Loading a SolverResults object with an 'aborted' status, but
containing a solution
[NestedBenders] forward y=5  TimeLimit alcanzado sin cerrar MIPGap: UB=1,358,939.23  LB=405,495.72  gap=70.1609%
[NestedBenders] k=2 FORWARD  anio 6 (6/6)  [UB=4,670,065.52  LB=3,718,317.87]  resolviendo MILP...
WARNING: Loading a SolverResults object with an 'aborted' status, but
containing a solution
[NestedBenders] forward y=6  TimeLimit alcanzado sin cerrar MIPGap: UB=inf  LB=201,350.56  gap=nan%
[NestedBenders] k=2 BACKWARD anio 6  [UB=4,670,065.52  LB=3,718,317.87]  relajando LP y leyendo duales (corte -> anio 5)...
[NestedBenders] k=2 BACKWARD anio 5  [UB=4,670,065.52  LB=3,718,317.87]  relajando LP y leyendo duales (corte -> anio 4)...
[NestedBenders] k=2 BACKWARD anio 4  [UB=4,670,065.52  LB=3,718,317.87]  relajando LP y leyendo duales (corte -> anio 3)...
[NestedBenders] k=2 BACKWARD anio 3  [UB=4,670,065.52  LB=3,718,317.87]  relajando LP y leyendo duales (corte -> anio 2)...
Warning for adding constraints: zero or small (< 1e-13) coefficients, ignored
[NestedBenders] k=2 BACKWARD anio 2  [UB=4,670,065.52  LB=3,718,317.87]  relajando LP y leyendo duales (corte -> anio 1)...
[NestedBenders] k=2 BACKWARD anio 1  [UB=4,670,065.52  LB=3,718,317.87]  relajando LP con los cortes actualizados (cota inferior)...
[NestedBenders] k=2  UB=4670065.5174  LB=3718317.8683  gap=20.3797%  tiempo_iteracion=2848.7s
[NestedBenders] k=3 FORWARD  anio 1 (1/6)  [UB=4,670,065.52  LB=3,718,317.87]  resolviendo MILP...
[NestedBenders] k=3 FORWARD  anio 2 (2/6)  [UB=4,670,065.52  LB=3,718,317.87]  resolviendo MILP...
[NestedBenders] k=3 FORWARD  anio 3 (3/6)  [UB=4,670,065.52  LB=3,718,317.87]  resolviendo MILP...
Warning for adding constraints: zero or small (< 1e-13) coefficients, ignored
[NestedBenders] k=3 FORWARD  anio 4 (4/6)  [UB=4,670,065.52  LB=3,718,317.87]  resolviendo MILP...
WARNING: Loading a SolverResults object with an 'aborted' status, but
containing a solution
[NestedBenders] forward y=4  TimeLimit alcanzado sin cerrar MIPGap: UB=939,822.40  LB=870,080.60  gap=7.4207%
[NestedBenders] k=3 FORWARD  anio 5 (5/6)  [UB=4,670,065.52  LB=3,718,317.87]  resolviendo MILP...
WARNING: Loading a SolverResults object with an 'aborted' status, but
containing a solution
[NestedBenders] forward y=5  TimeLimit alcanzado sin cerrar MIPGap: UB=477,924.27  LB=432,631.88  gap=9.4769%
[NestedBenders] k=3 FORWARD  anio 6 (6/6)  [UB=4,670,065.52  LB=3,718,317.87]  resolviendo MILP...
[NestedBenders] k=3 BACKWARD anio 6  [UB=4,248,620.16  LB=3,718,317.87]  relajando LP y leyendo duales (corte -> anio 5)...
[NestedBenders] k=3 BACKWARD anio 5  [UB=4,248,620.16  LB=3,718,317.87]  relajando LP y leyendo duales (corte -> anio 4)...
[NestedBenders] k=3 BACKWARD anio 4  [UB=4,248,620.16  LB=3,718,317.87]  relajando LP y leyendo duales (corte -> anio 3)...
[NestedBenders] k=3 BACKWARD anio 3  [UB=4,248,620.16  LB=3,718,317.87]  relajando LP y leyendo duales (corte -> anio 2)...
Warning for adding constraints: zero or small (< 1e-13) coefficients, ignored
[NestedBenders] k=3 BACKWARD anio 2  [UB=4,248,620.16  LB=3,718,317.87]  relajando LP y leyendo duales (corte -> anio 1)...
[NestedBenders] k=3 BACKWARD anio 1  [UB=4,248,620.16  LB=3,718,317.87]  relajando LP con los cortes actualizados (cota inferior)...
[NestedBenders] k=3  UB=4248620.1574  LB=3718317.8683  gap=12.4818%  tiempo_iteracion=2268.6s
[NestedBenders] presolve de capacidad, fuerza de la cota: station_1: cota 1, elegido 1 (ajustada); station_2: cota 1, elegido 1 (ajustada); station_3: cota 1, elegido 1 (ajustada)
[NestedBenders] tiempo total: 8617.2s (3 iteraciones, 0 cortes de factibilidad)
[NestedBenders] termino en 3 iteraciones (8617s): UB=4,248,620.16  LB=3,718,317.87  gap=12.4818%
WARNING (W1001): Setting Var 'Z[LH518B_3,5,196,40.0]' to a value
`8.459551879662997e-07` (float) not in domain Binary.
    See also https://pyomo.readthedocs.io/en/stable/errors.html#w1001
WARNING (W1001): Setting Var 'Z_swap[station_1,LH518B_3,5,196,40.0]' to a
value `0.9999991544294274` (float) not in domain Binary.
    See also https://pyomo.readthedocs.io/en/stable/errors.html#w1001
WARNING (W1001): Setting Var 'S[station_1,5,196,49.0]' to a value
`8.427358436303948e-07` (float) not in domain NonNegativeIntegers.
    See also https://pyomo.readthedocs.io/en/stable/errors.html#w1001
WARNING (W1001): Setting Var 'S[station_1,5,196,50.0]' to a value
`8.424183832581753e-07` (float) not in domain NonNegativeIntegers.
    See also https://pyomo.readthedocs.io/en/stable/errors.html#w1001
WARNING (W1001): Setting Var 'S[station_1,5,196,51.0]' to a value
`8.424183832581753e-07` (float) not in domain NonNegativeIntegers.
    See also https://pyomo.readthedocs.io/en/stable/errors.html#w1001
WARNING (W1001): Setting Var 'S[station_1,5,196,52.0]' to a value
`8.424183832581753e-07` (float) not in domain NonNegativeIntegers.
    See also https://pyomo.readthedocs.io/en/stable/errors.html#w1001
WARNING (W1001): Setting Var 'S[station_1,5,196,53.0]' to a value
`8.424183832581753e-07` (float) not in domain NonNegativeIntegers.
    See also https://pyomo.readthedocs.io/en/stable/errors.html#w1001
WARNING (W1001): Setting Var 'S[station_1,5,196,54.0]' to a value
`8.424183832581753e-07` (float) not in domain NonNegativeIntegers.
    See also https://pyomo.readthedocs.io/en/stable/errors.html#w1001
WARNING (W1001): Setting Var 'S[station_1,5,196,55.0]' to a value
`8.424183832581753e-07` (float) not in domain NonNegativeIntegers.
    See also https://pyomo.readthedocs.io/en/stable/errors.html#w1001
WARNING (W1001): Setting Var 'S[station_1,5,196,56.0]' to a value
`8.424183832581753e-07` (float) not in domain NonNegativeIntegers.
    See also https://pyomo.readthedocs.io/en/stable/errors.html#w1001
WARNING (W1001): Setting Var 'S[station_1,5,196,57.0]' to a value
`8.424183832581753e-07` (float) not in domain NonNegativeIntegers.
    See also https://pyomo.readthedocs.io/en/stable/errors.html#w1001
WARNING (W1001): Setting Var 'S[station_1,5,196,67.0]' to a value
`1.0000008425969547` (float) not in domain NonNegativeIntegers.
    See also https://pyomo.readthedocs.io/en/stable/errors.html#w1001
WARNING (W1001): Setting Var 'S[station_1,5,196,68.0]' to a value
`1.0000008425969547` (float) not in domain NonNegativeIntegers.
    See also https://pyomo.readthedocs.io/en/stable/errors.html#w1001
WARNING (W1001): Setting Var 'S[station_1,5,196,69.0]' to a value
`1.0000008425969547` (float) not in domain NonNegativeIntegers.
    See also https://pyomo.readthedocs.io/en/stable/errors.html#w1001
WARNING (W1001): Setting Var 'S[station_1,5,196,70.0]' to a value
`1.0000008434133802` (float) not in domain NonNegativeIntegers.
    See also https://pyomo.readthedocs.io/en/stable/errors.html#w1001
WARNING (W1001): Setting Var 'S[station_1,5,196,71.0]' to a value
`1.0000008434133802` (float) not in domain NonNegativeIntegers.
    See also https://pyomo.readthedocs.io/en/stable/errors.html#w1001
WARNING (W1001): Setting Var 'S[station_1,5,196,72.0]' to a value
`1.0000008434133802` (float) not in domain NonNegativeIntegers.
    See also https://pyomo.readthedocs.io/en/stable/errors.html#w1001
WARNING (W1001): Setting Var 'S[station_1,5,196,73.0]' to a value
`1.0000008434133802` (float) not in domain NonNegativeIntegers.
    See also https://pyomo.readthedocs.io/en/stable/errors.html#w1001
WARNING (W1001): Setting Var 'S[station_1,5,196,74.0]' to a value
`1.0000008434133802` (float) not in domain NonNegativeIntegers.
    See also https://pyomo.readthedocs.io/en/stable/errors.html#w1001
WARNING (W1001): Setting Var 'S[station_1,5,196,75.0]' to a value
`1.0000008434133802` (float) not in domain NonNegativeIntegers.
    See also https://pyomo.readthedocs.io/en/stable/errors.html#w1001
WARNING (W1001): Setting Var 'Sv[station_1,5,196,22,21]' to a value
`0.9999991547652339` (float) not in domain NonNegativeIntegers.
    See also https://pyomo.readthedocs.io/en/stable/errors.html#w1001
WARNING (W1001): Setting Var 'Sv[station_1,5,196,23,21]' to a value
`0.9999991547652339` (float) not in domain NonNegativeIntegers.
    See also https://pyomo.readthedocs.io/en/stable/errors.html#w1001
WARNING (W1001): Setting Var 'Sv[station_1,5,196,24,21]' to a value
`0.9999991547652339` (float) not in domain NonNegativeIntegers.
    See also https://pyomo.readthedocs.io/en/stable/errors.html#w1001
WARNING (W1001): Setting Var 'Sv[station_1,5,196,25,21]' to a value
`0.9999991547652339` (float) not in domain NonNegativeIntegers.
    See also https://pyomo.readthedocs.io/en/stable/errors.html#w1001
WARNING (W1001): Setting Var 'Sv[station_1,5,196,26,21]' to a value
`0.9999991547652339` (float) not in domain NonNegativeIntegers.
    See also https://pyomo.readthedocs.io/en/stable/errors.html#w1001
WARNING (W1001): Setting Var 'Sv[station_1,5,196,27,21]' to a value
`0.9999991547652339` (float) not in domain NonNegativeIntegers.
    See also https://pyomo.readthedocs.io/en/stable/errors.html#w1001
WARNING (W1001): Setting Var 'Sv[station_1,5,196,28,21]' to a value
`0.9999991547652339` (float) not in domain NonNegativeIntegers.
    See also https://pyomo.readthedocs.io/en/stable/errors.html#w1001
WARNING (W1001): Setting Var 'Sv[station_1,5,196,29,21]' to a value
`0.9999991547652339` (float) not in domain NonNegativeIntegers.
    See also https://pyomo.readthedocs.io/en/stable/errors.html#w1001
WARNING (W1001): Setting Var 'Sv[station_1,5,196,30,21]' to a value
`0.9999991547652339` (float) not in domain NonNegativeIntegers.
    See also https://pyomo.readthedocs.io/en/stable/errors.html#w1001
WARNING (W1001): Setting Var 'Sv[station_1,5,196,31,21]' to a value
`0.9999991547652339` (float) not in domain NonNegativeIntegers.
    See also https://pyomo.readthedocs.io/en/stable/errors.html#w1001
WARNING (W1001): Setting Var 'Sv[station_1,5,196,31,30]' to a value
`8.452336884579811e-07` (float) not in domain NonNegativeIntegers.
    See also https://pyomo.readthedocs.io/en/stable/errors.html#w1001
WARNING (W1001): Setting Var 'Sv[station_1,5,196,32,21]' to a value
`0.9999991547652339` (float) not in domain NonNegativeIntegers.
    See also https://pyomo.readthedocs.io/en/stable/errors.html#w1001
WARNING (W1001): Setting Var 'Sv[station_1,5,196,32,30]' to a value
`8.452336884579811e-07` (float) not in domain NonNegativeIntegers.
    See also https://pyomo.readthedocs.io/en/stable/errors.html#w1001
WARNING (W1001): Setting Var 'Sv[station_1,5,196,33,21]' to a value
`0.9999991547652339` (float) not in domain NonNegativeIntegers.
    See also https://pyomo.readthedocs.io/en/stable/errors.html#w1001
WARNING (W1001): Setting Var 'Sv[station_1,5,196,33,30]' to a value
`8.452336884579811e-07` (float) not in domain NonNegativeIntegers.
    See also https://pyomo.readthedocs.io/en/stable/errors.html#w1001
WARNING (W1001): Setting Var 'Sv[station_1,5,196,34,21]' to a value
`0.9999991547652339` (float) not in domain NonNegativeIntegers.
    See also https://pyomo.readthedocs.io/en/stable/errors.html#w1001
WARNING (W1001): Setting Var 'Sv[station_1,5,196,34,30]' to a value
`8.452336884579811e-07` (float) not in domain NonNegativeIntegers.
    See also https://pyomo.readthedocs.io/en/stable/errors.html#w1001
WARNING (W1001): Setting Var 'Sv[station_1,5,196,35,21]' to a value
`0.9999991547652339` (float) not in domain NonNegativeIntegers.
    See also https://pyomo.readthedocs.io/en/stable/errors.html#w1001
WARNING (W1001): Setting Var 'Sv[station_1,5,196,35,30]' to a value
`8.452336884579811e-07` (float) not in domain NonNegativeIntegers.
    See also https://pyomo.readthedocs.io/en/stable/errors.html#w1001
WARNING (W1001): Setting Var 'Sv[station_1,5,196,36,21]' to a value
`0.9999991547652339` (float) not in domain NonNegativeIntegers.
    See also https://pyomo.readthedocs.io/en/stable/errors.html#w1001
WARNING (W1001): Setting Var 'Sv[station_1,5,196,36,30]' to a value
`8.452336884579811e-07` (float) not in domain NonNegativeIntegers.
    See also https://pyomo.readthedocs.io/en/stable/errors.html#w1001
WARNING (W1001): Setting Var 'Sv[station_1,5,196,37,21]' to a value
`0.9999991547652339` (float) not in domain NonNegativeIntegers.
    See also https://pyomo.readthedocs.io/en/stable/errors.html#w1001
WARNING (W1001): Setting Var 'Sv[station_1,5,196,37,30]' to a value
`8.452336884579811e-07` (float) not in domain NonNegativeIntegers.
    See also https://pyomo.readthedocs.io/en/stable/errors.html#w1001
WARNING (W1001): Setting Var 'Sv[station_1,5,196,38,21]' to a value
`0.9999991547652339` (float) not in domain NonNegativeIntegers.
    See also https://pyomo.readthedocs.io/en/stable/errors.html#w1001
WARNING (W1001): Setting Var 'Sv[station_1,5,196,38,30]' to a value
`8.452336884579811e-07` (float) not in domain NonNegativeIntegers.
    See also https://pyomo.readthedocs.io/en/stable/errors.html#w1001
WARNING (W1001): Setting Var 'Sv[station_1,5,196,39,21]' to a value
`0.9999991547652339` (float) not in domain NonNegativeIntegers.
    See also https://pyomo.readthedocs.io/en/stable/errors.html#w1001
WARNING (W1001): Setting Var 'Sv[station_1,5,196,39,30]' to a value
`8.452336884579811e-07` (float) not in domain NonNegativeIntegers.
    See also https://pyomo.readthedocs.io/en/stable/errors.html#w1001
WARNING (W1001): Setting Var 'Sv[station_1,5,196,40,30]' to a value
`8.449173056750842e-07` (float) not in domain NonNegativeIntegers.
    See also https://pyomo.readthedocs.io/en/stable/errors.html#w1001
WARNING (W1001): Setting Var 'Sv[station_1,5,196,40,39]' to a value
`0.9999991550837719` (float) not in domain NonNegativeIntegers.
    See also https://pyomo.readthedocs.io/en/stable/errors.html#w1001
WARNING (W1001): Setting Var 'Sv[station_1,5,196,41,30]' to a value
`8.449173056750842e-07` (float) not in domain NonNegativeIntegers.
    See also https://pyomo.readthedocs.io/en/stable/errors.html#w1001
WARNING (W1001): Setting Var 'Sv[station_1,5,196,41,39]' to a value
`0.9999991550837719` (float) not in domain NonNegativeIntegers.
    See also https://pyomo.readthedocs.io/en/stable/errors.html#w1001
WARNING (W1001): Setting Var 'Sv[station_1,5,196,42,30]' to a value
`8.449173056750842e-07` (float) not in domain NonNegativeIntegers.
    See also https://pyomo.readthedocs.io/en/stable/errors.html#w1001
WARNING (W1001): Setting Var 'Sv[station_1,5,196,42,39]' to a value
`0.9999991550837719` (float) not in domain NonNegativeIntegers.
    See also https://pyomo.readthedocs.io/en/stable/errors.html#w1001
WARNING (W1001): Setting Var 'Sv[station_1,5,196,43,30]' to a value
`8.449173056750842e-07` (float) not in domain NonNegativeIntegers.
    See also https://pyomo.readthedocs.io/en/stable/errors.html#w1001
WARNING (W1001): Setting Var 'Sv[station_1,5,196,43,39]' to a value
`0.9999991550837719` (float) not in domain NonNegativeIntegers.
    See also https://pyomo.readthedocs.io/en/stable/errors.html#w1001
WARNING (W1001): Setting Var 'Sv[station_1,5,196,44,30]' to a value
`8.449173056750842e-07` (float) not in domain NonNegativeIntegers.
    See also https://pyomo.readthedocs.io/en/stable/errors.html#w1001
WARNING (W1001): Setting Var 'Sv[station_1,5,196,44,39]' to a value
`0.9999991550837719` (float) not in domain NonNegativeIntegers.
    See also https://pyomo.readthedocs.io/en/stable/errors.html#w1001
WARNING (W1001): Setting Var 'Sv[station_1,5,196,45,30]' to a value
`8.449173056750842e-07` (float) not in domain NonNegativeIntegers.
    See also https://pyomo.readthedocs.io/en/stable/errors.html#w1001
WARNING (W1001): Setting Var 'Sv[station_1,5,196,45,39]' to a value
`0.9999991550837719` (float) not in domain NonNegativeIntegers.
    See also https://pyomo.readthedocs.io/en/stable/errors.html#w1001
WARNING (W1001): Setting Var 'Sv[station_1,5,196,46,30]' to a value
`8.449173056750842e-07` (float) not in domain NonNegativeIntegers.
    See also https://pyomo.readthedocs.io/en/stable/errors.html#w1001
WARNING (W1001): Setting Var 'Sv[station_1,5,196,46,39]' to a value
`0.9999991550837719` (float) not in domain NonNegativeIntegers.
    See also https://pyomo.readthedocs.io/en/stable/errors.html#w1001
WARNING (W1001): Setting Var 'Sv[station_1,5,196,47,30]' to a value
`8.449173056750842e-07` (float) not in domain NonNegativeIntegers.
    See also https://pyomo.readthedocs.io/en/stable/errors.html#w1001
WARNING (W1001): Setting Var 'Sv[station_1,5,196,47,39]' to a value
`0.9999991550837719` (float) not in domain NonNegativeIntegers.
    See also https://pyomo.readthedocs.io/en/stable/errors.html#w1001
WARNING (W1001): Setting Var 'Sv[station_1,5,196,48,30]' to a value
`8.449173056750842e-07` (float) not in domain NonNegativeIntegers.
    See also https://pyomo.readthedocs.io/en/stable/errors.html#w1001
WARNING (W1001): Setting Var 'Sv[station_1,5,196,48,39]' to a value
`0.9999991550837719` (float) not in domain NonNegativeIntegers.
    See also https://pyomo.readthedocs.io/en/stable/errors.html#w1001
WARNING (W1001): Setting Var 'Sv[station_1,5,196,49,39]' to a value
`0.9999991550816167` (float) not in domain NonNegativeIntegers.
    See also https://pyomo.readthedocs.io/en/stable/errors.html#w1001
WARNING (W1001): Setting Var 'Sv[station_1,5,196,49,48]' to a value
`8.449173056865759e-07` (float) not in domain NonNegativeIntegers.
    See also https://pyomo.readthedocs.io/en/stable/errors.html#w1001
WARNING (W1001): Setting Var 'Sv[station_1,5,196,50,39]' to a value
`0.9999991550816167` (float) not in domain NonNegativeIntegers.
    See also https://pyomo.readthedocs.io/en/stable/errors.html#w1001
WARNING (W1001): Setting Var 'Sv[station_1,5,196,50,48]' to a value
`8.449173053313046e-07` (float) not in domain NonNegativeIntegers.
    See also https://pyomo.readthedocs.io/en/stable/errors.html#w1001
WARNING (W1001): Setting Var 'Sv[station_1,5,196,51,39]' to a value
`0.9999991550816167` (float) not in domain NonNegativeIntegers.
    See also https://pyomo.readthedocs.io/en/stable/errors.html#w1001
WARNING (W1001): Setting Var 'Sv[station_1,5,196,51,48]' to a value
`8.449173053313046e-07` (float) not in domain NonNegativeIntegers.
    See also https://pyomo.readthedocs.io/en/stable/errors.html#w1001
WARNING (W1001): Setting Var 'Sv[station_1,5,196,52,39]' to a value
`0.9999991550816167` (float) not in domain NonNegativeIntegers.
    See also https://pyomo.readthedocs.io/en/stable/errors.html#w1001
WARNING (W1001): Setting Var 'Sv[station_1,5,196,52,48]' to a value
`8.449173053313046e-07` (float) not in domain NonNegativeIntegers.
    See also https://pyomo.readthedocs.io/en/stable/errors.html#w1001
WARNING (W1001): Setting Var 'Sv[station_1,5,196,53,39]' to a value
`0.9999991550816167` (float) not in domain NonNegativeIntegers.
    See also https://pyomo.readthedocs.io/en/stable/errors.html#w1001
WARNING (W1001): Setting Var 'Sv[station_1,5,196,53,48]' to a value
`8.449173053313046e-07` (float) not in domain NonNegativeIntegers.
    See also https://pyomo.readthedocs.io/en/stable/errors.html#w1001
WARNING (W1001): Setting Var 'Sv[station_1,5,196,54,39]' to a value
`0.9999991550816167` (float) not in domain NonNegativeIntegers.
    See also https://pyomo.readthedocs.io/en/stable/errors.html#w1001
WARNING (W1001): Setting Var 'Sv[station_1,5,196,54,48]' to a value
`8.449173053313046e-07` (float) not in domain NonNegativeIntegers.
    See also https://pyomo.readthedocs.io/en/stable/errors.html#w1001
WARNING (W1001): Setting Var 'Sv[station_1,5,196,55,39]' to a value
`0.9999991550816167` (float) not in domain NonNegativeIntegers.
    See also https://pyomo.readthedocs.io/en/stable/errors.html#w1001
WARNING (W1001): Setting Var 'Sv[station_1,5,196,55,48]' to a value
`8.449173053313046e-07` (float) not in domain NonNegativeIntegers.
    See also https://pyomo.readthedocs.io/en/stable/errors.html#w1001
WARNING (W1001): Setting Var 'Sv[station_1,5,196,56,39]' to a value
`0.9999991550816167` (float) not in domain NonNegativeIntegers.
    See also https://pyomo.readthedocs.io/en/stable/errors.html#w1001
WARNING (W1001): Setting Var 'Sv[station_1,5,196,56,48]' to a value
`8.449173053313046e-07` (float) not in domain NonNegativeIntegers.
    See also https://pyomo.readthedocs.io/en/stable/errors.html#w1001
WARNING (W1001): Setting Var 'Sv[station_1,5,196,57,39]' to a value
`0.9999991550816167` (float) not in domain NonNegativeIntegers.
    See also https://pyomo.readthedocs.io/en/stable/errors.html#w1001
WARNING (W1001): Setting Var 'Sv[station_1,5,196,57,48]' to a value
`8.449173053313046e-07` (float) not in domain NonNegativeIntegers.
    See also https://pyomo.readthedocs.io/en/stable/errors.html#w1001
WARNING (W1001): Setting Var 'Sv[station_1,5,196,58,48]' to a value
`8.45095877155299e-07` (float) not in domain NonNegativeIntegers.
    See also https://pyomo.readthedocs.io/en/stable/errors.html#w1001
WARNING (W1001): Setting Var 'Sv[station_1,5,196,58,57]' to a value
`0.999999154088775` (float) not in domain NonNegativeIntegers.
    See also https://pyomo.readthedocs.io/en/stable/errors.html#w1001
WARNING (W1001): Setting Var 'Sv[station_1,5,196,59,48]' to a value
`8.45095877155299e-07` (float) not in domain NonNegativeIntegers.
    See also https://pyomo.readthedocs.io/en/stable/errors.html#w1001
WARNING (W1001): Setting Var 'Sv[station_1,5,196,59,57]' to a value
`0.999999154088775` (float) not in domain NonNegativeIntegers.
    See also https://pyomo.readthedocs.io/en/stable/errors.html#w1001
WARNING (W1001): Setting Var 'Sv[station_1,5,196,60,48]' to a value
`8.45095877155299e-07` (float) not in domain NonNegativeIntegers.
    See also https://pyomo.readthedocs.io/en/stable/errors.html#w1001
WARNING (W1001): Setting Var 'Sv[station_1,5,196,60,57]' to a value
`0.999999154088775` (float) not in domain NonNegativeIntegers.
    See also https://pyomo.readthedocs.io/en/stable/errors.html#w1001
WARNING (W1001): Setting Var 'Sv[station_1,5,196,61,48]' to a value
`8.45095877155299e-07` (float) not in domain NonNegativeIntegers.
    See also https://pyomo.readthedocs.io/en/stable/errors.html#w1001
WARNING (W1001): Setting Var 'Sv[station_1,5,196,61,57]' to a value
`0.999999154088775` (float) not in domain NonNegativeIntegers.
    See also https://pyomo.readthedocs.io/en/stable/errors.html#w1001
WARNING (W1001): Setting Var 'Sv[station_1,5,196,62,48]' to a value
`8.45095877155299e-07` (float) not in domain NonNegativeIntegers.
    See also https://pyomo.readthedocs.io/en/stable/errors.html#w1001
WARNING (W1001): Setting Var 'Sv[station_1,5,196,62,57]' to a value
`0.999999154088775` (float) not in domain NonNegativeIntegers.
    See also https://pyomo.readthedocs.io/en/stable/errors.html#w1001
WARNING (W1001): Setting Var 'Sv[station_1,5,196,63,48]' to a value
`8.45095877155299e-07` (float) not in domain NonNegativeIntegers.
    See also https://pyomo.readthedocs.io/en/stable/errors.html#w1001
WARNING (W1001): Setting Var 'Sv[station_1,5,196,63,57]' to a value
`0.999999154088775` (float) not in domain NonNegativeIntegers.
    See also https://pyomo.readthedocs.io/en/stable/errors.html#w1001
WARNING (W1001): Setting Var 'Sv[station_1,5,196,64,48]' to a value
`8.45095877155299e-07` (float) not in domain NonNegativeIntegers.
    See also https://pyomo.readthedocs.io/en/stable/errors.html#w1001
WARNING (W1001): Setting Var 'Sv[station_1,5,196,64,57]' to a value
`0.999999154088775` (float) not in domain NonNegativeIntegers.
    See also https://pyomo.readthedocs.io/en/stable/errors.html#w1001
WARNING (W1001): Setting Var 'Sv[station_1,5,196,65,48]' to a value
`8.45095877155299e-07` (float) not in domain NonNegativeIntegers.
    See also https://pyomo.readthedocs.io/en/stable/errors.html#w1001
WARNING (W1001): Setting Var 'Sv[station_1,5,196,65,57]' to a value
`0.999999154088775` (float) not in domain NonNegativeIntegers.
    See also https://pyomo.readthedocs.io/en/stable/errors.html#w1001
WARNING (W1001): Setting Var 'Sv[station_1,5,196,66,48]' to a value
`8.45095877155299e-07` (float) not in domain NonNegativeIntegers.
    See also https://pyomo.readthedocs.io/en/stable/errors.html#w1001
WARNING (W1001): Setting Var 'Sv[station_1,5,196,66,57]' to a value
`0.999999154088775` (float) not in domain NonNegativeIntegers.
    See also https://pyomo.readthedocs.io/en/stable/errors.html#w1001
WARNING (W1001): Setting Var 'Sv[station_1,5,196,67,57]' to a value
`0.9999991540876975` (float) not in domain NonNegativeIntegers.
    See also https://pyomo.readthedocs.io/en/stable/errors.html#w1001
WARNING (W1001): Setting Var 'Sv[station_1,5,196,68,57]' to a value
`0.9999991540876975` (float) not in domain NonNegativeIntegers.
    See also https://pyomo.readthedocs.io/en/stable/errors.html#w1001
WARNING (W1001): Setting Var 'Sv[station_1,5,196,69,57]' to a value
`0.9999991540876972` (float) not in domain NonNegativeIntegers.
    See also https://pyomo.readthedocs.io/en/stable/errors.html#w1001
WARNING (W1001): Setting Var 'Sv[station_1,5,196,70,57]' to a value
`0.9999991540876975` (float) not in domain NonNegativeIntegers.
    See also https://pyomo.readthedocs.io/en/stable/errors.html#w1001
WARNING (W1001): Setting Var 'Sv[station_1,5,196,71,57]' to a value
`0.9999991540876975` (float) not in domain NonNegativeIntegers.
    See also https://pyomo.readthedocs.io/en/stable/errors.html#w1001
WARNING (W1001): Setting Var 'Sv[station_1,5,196,72,57]' to a value
`0.9999991540876975` (float) not in domain NonNegativeIntegers.
    See also https://pyomo.readthedocs.io/en/stable/errors.html#w1001
WARNING (W1001): Setting Var 'Sv[station_1,5,196,73,57]' to a value
`0.9999991540876975` (float) not in domain NonNegativeIntegers.
    See also https://pyomo.readthedocs.io/en/stable/errors.html#w1001
WARNING (W1001): Setting Var 'Sv[station_1,5,196,74,57]' to a value
`0.9999991540876975` (float) not in domain NonNegativeIntegers.
    See also https://pyomo.readthedocs.io/en/stable/errors.html#w1001
WARNING (W1001): Setting Var 'Sv[station_1,5,196,75,57]' to a value
`0.9999991540876975` (float) not in domain NonNegativeIntegers.
    See also https://pyomo.readthedocs.io/en/stable/errors.html#w1001
WARNING (W1001): Setting Var 'X_dch[station_1,5,196,22.0]' to a value
`8.427358436494834e-07` (float) not in domain NonNegativeIntegers.
    See also https://pyomo.readthedocs.io/en/stable/errors.html#w1001
WARNING (W1001): Setting Var 'X_dch[station_1,5,196,23.0]' to a value
`8.427358436303948e-07` (float) not in domain NonNegativeIntegers.
    See also https://pyomo.readthedocs.io/en/stable/errors.html#w1001
WARNING (W1001): Setting Var 'X_dch[station_1,5,196,24.0]' to a value
`8.427358436303948e-07` (float) not in domain NonNegativeIntegers.
    See also https://pyomo.readthedocs.io/en/stable/errors.html#w1001
WARNING (W1001): Setting Var 'X_dch[station_1,5,196,25.0]' to a value
`8.427358436303948e-07` (float) not in domain NonNegativeIntegers.
    See also https://pyomo.readthedocs.io/en/stable/errors.html#w1001
WARNING (W1001): Setting Var 'X_dch[station_1,5,196,26.0]' to a value
`8.427358436303948e-07` (float) not in domain NonNegativeIntegers.
    See also https://pyomo.readthedocs.io/en/stable/errors.html#w1001
WARNING (W1001): Setting Var 'X_dch[station_1,5,196,27.0]' to a value
`8.427358436303948e-07` (float) not in domain NonNegativeIntegers.
    See also https://pyomo.readthedocs.io/en/stable/errors.html#w1001
WARNING (W1001): Setting Var 'X_dch[station_1,5,196,28.0]' to a value
`8.427358436303948e-07` (float) not in domain NonNegativeIntegers.
    See also https://pyomo.readthedocs.io/en/stable/errors.html#w1001
WARNING (W1001): Setting Var 'X_dch[station_1,5,196,29.0]' to a value
`8.427358436303948e-07` (float) not in domain NonNegativeIntegers.
    See also https://pyomo.readthedocs.io/en/stable/errors.html#w1001
WARNING (W1001): Setting Var 'X_dch[station_1,5,196,30.0]' to a value
`8.427358436303948e-07` (float) not in domain NonNegativeIntegers.
    See also https://pyomo.readthedocs.io/en/stable/errors.html#w1001
WARNING (W1001): Setting Var 'X_dch[station_1,5,196,49.0]' to a value
`0.9999991565866199` (float) not in domain NonNegativeIntegers.
    See also https://pyomo.readthedocs.io/en/stable/errors.html#w1001
WARNING (W1001): Setting Var 'X_dch[station_1,5,196,50.0]' to a value
`0.9999991565866199` (float) not in domain NonNegativeIntegers.
    See also https://pyomo.readthedocs.io/en/stable/errors.html#w1001
WARNING (W1001): Setting Var 'X_dch[station_1,5,196,51.0]' to a value
`0.9999991565866199` (float) not in domain NonNegativeIntegers.
    See also https://pyomo.readthedocs.io/en/stable/errors.html#w1001
WARNING (W1001): Setting Var 'X_dch[station_1,5,196,52.0]' to a value
`0.9999991565866199` (float) not in domain NonNegativeIntegers.
    See also https://pyomo.readthedocs.io/en/stable/errors.html#w1001
WARNING (W1001): Setting Var 'X_dch[station_1,5,196,53.0]' to a value
`0.9999991565866199` (float) not in domain NonNegativeIntegers.
    See also https://pyomo.readthedocs.io/en/stable/errors.html#w1001
WARNING (W1001): Setting Var 'X_dch[station_1,5,196,54.0]' to a value
`0.9999991565866199` (float) not in domain NonNegativeIntegers.
    See also https://pyomo.readthedocs.io/en/stable/errors.html#w1001
WARNING (W1001): Setting Var 'X_dch[station_1,5,196,55.0]' to a value
`0.9999991565866199` (float) not in domain NonNegativeIntegers.
    See also https://pyomo.readthedocs.io/en/stable/errors.html#w1001
WARNING (W1001): Setting Var 'X_dch[station_1,5,196,56.0]' to a value
`0.9999991565866199` (float) not in domain NonNegativeIntegers.
    See also https://pyomo.readthedocs.io/en/stable/errors.html#w1001
WARNING (W1001): Setting Var 'X_dch[station_1,5,196,57.0]' to a value
`0.9999991565866199` (float) not in domain NonNegativeIntegers.
    See also https://pyomo.readthedocs.io/en/stable/errors.html#w1001
WARNING (W1001): Setting Var 'X_ini[station_1,5,196,21.0]' to a value
`0.9999991597641563` (float) not in domain NonNegativeIntegers.
    See also https://pyomo.readthedocs.io/en/stable/errors.html#w1001
WARNING (W1001): Setting Var 'X_ini[station_1,5,196,30.0]' to a value
`8.402358436303949e-07` (float) not in domain NonNegativeIntegers.
    See also https://pyomo.readthedocs.io/en/stable/errors.html#w1001
WARNING (W1001): Setting Var 'X_ini[station_1,5,196,39.0]' to a value
`0.9999991600837719` (float) not in domain NonNegativeIntegers.
    See also https://pyomo.readthedocs.io/en/stable/errors.html#w1001
WARNING (W1001): Setting Var 'X_ini[station_1,5,196,48.0]' to a value
`8.409133801208552e-07` (float) not in domain NonNegativeIntegers.
    See also https://pyomo.readthedocs.io/en/stable/errors.html#w1001
WARNING (W1001): Setting Var 'X_ini[station_1,5,196,57.0]' to a value
`0.9999991590866198` (float) not in domain NonNegativeIntegers.
    See also https://pyomo.readthedocs.io/en/stable/errors.html#w1001
WARNING (W1001): Setting Var 'W[station_1,5,196,40.0]' to a value
`0.9999991586530452` (float) not in domain NonNegativeIntegers.
    See also https://pyomo.readthedocs.io/en/stable/errors.html#w1001
WARNING (W1001): Setting Var 'Y[LH518B_4,C0418,6,15,118.0]' to a value
`8.176678906495724e-07` (float) not in domain Binary.
    See also https://pyomo.readthedocs.io/en/stable/errors.html#w1001
WARNING (W1001): Setting Var 'Z[LH518B_12,6,196,44.0]' to a value
`9.507414836862932e-07` (float) not in domain Binary.
    See also https://pyomo.readthedocs.io/en/stable/errors.html#w1001
WARNING (W1001): Setting Var 'Z[LH518B_4,6,15,118.0]' to a value
`0.9999991827321094` (float) not in domain Binary.
    See also https://pyomo.readthedocs.io/en/stable/errors.html#w1001
WARNING (W1001): Setting Var 'Z_swap[station_3,LH518B_12,6,196,44.0]' to a
value `0.9999990496751829` (float) not in domain Binary.
    See also https://pyomo.readthedocs.io/en/stable/errors.html#w1001
WARNING (W1001): Setting Var 'S[station_3,6,196,44.0]' to a value
`9.46165341489535e-07` (float) not in domain NonNegativeIntegers.
    See also https://pyomo.readthedocs.io/en/stable/errors.html#w1001
WARNING (W1001): Setting Var 'S[station_3,6,196,45.0]' to a value
`9.43665341489535e-07` (float) not in domain NonNegativeIntegers.
    See also https://pyomo.readthedocs.io/en/stable/errors.html#w1001
WARNING (W1001): Setting Var 'S[station_3,6,196,46.0]' to a value
`9.43665341489535e-07` (float) not in domain NonNegativeIntegers.
    See also https://pyomo.readthedocs.io/en/stable/errors.html#w1001
WARNING (W1001): Setting Var 'S[station_3,6,196,47.0]' to a value
`9.43665341489535e-07` (float) not in domain NonNegativeIntegers.
    See also https://pyomo.readthedocs.io/en/stable/errors.html#w1001
WARNING (W1001): Setting Var 'S[station_3,6,196,48.0]' to a value
`9.43665341489535e-07` (float) not in domain NonNegativeIntegers.
    See also https://pyomo.readthedocs.io/en/stable/errors.html#w1001
WARNING (W1001): Setting Var 'S[station_3,6,196,49.0]' to a value
`9.43665341489535e-07` (float) not in domain NonNegativeIntegers.
    See also https://pyomo.readthedocs.io/en/stable/errors.html#w1001
WARNING (W1001): Setting Var 'S[station_3,6,196,50.0]' to a value
`9.46165341489535e-07` (float) not in domain NonNegativeIntegers.
    See also https://pyomo.readthedocs.io/en/stable/errors.html#w1001
WARNING (W1001): Setting Var 'S[station_3,6,196,51.0]' to a value
`9.46165341489535e-07` (float) not in domain NonNegativeIntegers.
    See also https://pyomo.readthedocs.io/en/stable/errors.html#w1001
WARNING (W1001): Setting Var 'S[station_3,6,196,52.0]' to a value
`9.46165341489535e-07` (float) not in domain NonNegativeIntegers.
    See also https://pyomo.readthedocs.io/en/stable/errors.html#w1001
WARNING (W1001): Setting Var 'S[station_3,6,196,53.0]' to a value
`9.46165341489535e-07` (float) not in domain NonNegativeIntegers.
    See also https://pyomo.readthedocs.io/en/stable/errors.html#w1001
WARNING (W1001): Setting Var 'S[station_3,6,196,54.0]' to a value
`9.46165341489535e-07` (float) not in domain NonNegativeIntegers.
    See also https://pyomo.readthedocs.io/en/stable/errors.html#w1001
WARNING (W1001): Setting Var 'S[station_3,6,196,55.0]' to a value
`9.46165341489535e-07` (float) not in domain NonNegativeIntegers.
    See also https://pyomo.readthedocs.io/en/stable/errors.html#w1001
WARNING (W1001): Setting Var 'S[station_3,6,196,56.0]' to a value
`9.46165341489535e-07` (float) not in domain NonNegativeIntegers.
    See also https://pyomo.readthedocs.io/en/stable/errors.html#w1001
WARNING (W1001): Setting Var 'S[station_3,6,196,57.0]' to a value
`9.46165341489535e-07` (float) not in domain NonNegativeIntegers.
    See also https://pyomo.readthedocs.io/en/stable/errors.html#w1001
WARNING (W1001): Setting Var 'S[station_3,6,196,58.0]' to a value
`9.46165341489535e-07` (float) not in domain NonNegativeIntegers.
    See also https://pyomo.readthedocs.io/en/stable/errors.html#w1001
WARNING (W1001): Setting Var 'S[station_3,6,196,59.0]' to a value
`9.46165341489535e-07` (float) not in domain NonNegativeIntegers.
    See also https://pyomo.readthedocs.io/en/stable/errors.html#w1001
WARNING (W1001): Setting Var 'S[station_3,6,196,60.0]' to a value
`9.46165341489535e-07` (float) not in domain NonNegativeIntegers.
    See also https://pyomo.readthedocs.io/en/stable/errors.html#w1001
WARNING (W1001): Setting Var 'S[station_3,6,196,61.0]' to a value
`9.46165341489535e-07` (float) not in domain NonNegativeIntegers.
    See also https://pyomo.readthedocs.io/en/stable/errors.html#w1001
WARNING (W1001): Setting Var 'S[station_3,6,196,62.0]' to a value
`9.46165341489535e-07` (float) not in domain NonNegativeIntegers.
    See also https://pyomo.readthedocs.io/en/stable/errors.html#w1001
WARNING (W1001): Setting Var 'S[station_3,6,196,63.0]' to a value
`9.46165341489535e-07` (float) not in domain NonNegativeIntegers.
    See also https://pyomo.readthedocs.io/en/stable/errors.html#w1001
WARNING (W1001): Setting Var 'S[station_3,6,196,64.0]' to a value
`9.46165341489535e-07` (float) not in domain NonNegativeIntegers.
    See also https://pyomo.readthedocs.io/en/stable/errors.html#w1001
WARNING (W1001): Setting Var 'S[station_3,6,196,65.0]' to a value
`9.46165341489535e-07` (float) not in domain NonNegativeIntegers.
    See also https://pyomo.readthedocs.io/en/stable/errors.html#w1001
WARNING (W1001): Setting Var 'S[station_3,6,196,66.0]' to a value
`9.461653413937063e-07` (float) not in domain NonNegativeIntegers.
    See also https://pyomo.readthedocs.io/en/stable/errors.html#w1001
WARNING (W1001): Setting Var 'S[station_3,6,196,67.0]' to a value
`9.461653413937063e-07` (float) not in domain NonNegativeIntegers.
    See also https://pyomo.readthedocs.io/en/stable/errors.html#w1001
WARNING (W1001): Setting Var 'S[station_3,6,196,68.0]' to a value
`1.0000009461653414` (float) not in domain NonNegativeIntegers.
    See also https://pyomo.readthedocs.io/en/stable/errors.html#w1001
WARNING (W1001): Setting Var 'S[station_3,6,196,69.0]' to a value
`1.0000009461653414` (float) not in domain NonNegativeIntegers.
    See also https://pyomo.readthedocs.io/en/stable/errors.html#w1001
WARNING (W1001): Setting Var 'S[station_3,6,196,70.0]' to a value
`1.0000009436653416` (float) not in domain NonNegativeIntegers.
    See also https://pyomo.readthedocs.io/en/stable/errors.html#w1001
WARNING (W1001): Setting Var 'S[station_3,6,196,71.0]' to a value
`1.0000009436653416` (float) not in domain NonNegativeIntegers.
    See also https://pyomo.readthedocs.io/en/stable/errors.html#w1001
WARNING (W1001): Setting Var 'S[station_3,6,196,72.0]' to a value
`1.0000009436653416` (float) not in domain NonNegativeIntegers.
    See also https://pyomo.readthedocs.io/en/stable/errors.html#w1001
WARNING (W1001): Setting Var 'S[station_3,6,196,73.0]' to a value
`1.0000009436653416` (float) not in domain NonNegativeIntegers.
    See also https://pyomo.readthedocs.io/en/stable/errors.html#w1001
WARNING (W1001): Setting Var 'S[station_3,6,196,74.0]' to a value
`1.0000009436653416` (float) not in domain NonNegativeIntegers.
    See also https://pyomo.readthedocs.io/en/stable/errors.html#w1001
WARNING (W1001): Setting Var 'S[station_3,6,196,75.0]' to a value
`1.0000009436653416` (float) not in domain NonNegativeIntegers.
    See also https://pyomo.readthedocs.io/en/stable/errors.html#w1001
WARNING (W1001): Setting Var 'S[station_3,6,196,76.0]' to a value
`1.0000009453320082` (float) not in domain NonNegativeIntegers.
    See also https://pyomo.readthedocs.io/en/stable/errors.html#w1001
WARNING (W1001): Setting Var 'S[station_3,6,196,77.0]' to a value
`1.0000009436653416` (float) not in domain NonNegativeIntegers.
    See also https://pyomo.readthedocs.io/en/stable/errors.html#w1001
WARNING (W1001): Setting Var 'S[station_3,6,196,78.0]' to a value
`1.0000009461653414` (float) not in domain NonNegativeIntegers.
    See also https://pyomo.readthedocs.io/en/stable/errors.html#w1001
WARNING (W1001): Setting Var 'S[station_3,6,196,79.0]' to a value
`1.000000945332008` (float) not in domain NonNegativeIntegers.
    See also https://pyomo.readthedocs.io/en/stable/errors.html#w1001
WARNING (W1001): Setting Var 'S[station_3,6,196,80.0]' to a value
`9.436653412674904e-07` (float) not in domain NonNegativeIntegers.
    See also https://pyomo.readthedocs.io/en/stable/errors.html#w1001
WARNING (W1001): Setting Var 'S[station_3,6,196,81.0]' to a value
`9.436653412674904e-07` (float) not in domain NonNegativeIntegers.
    See also https://pyomo.readthedocs.io/en/stable/errors.html#w1001
WARNING (W1001): Setting Var 'S[station_3,6,196,82.0]' to a value
`9.436653412674904e-07` (float) not in domain NonNegativeIntegers.
    See also https://pyomo.readthedocs.io/en/stable/errors.html#w1001
WARNING (W1001): Setting Var 'S[station_3,6,196,83.0]' to a value
`9.436653412674904e-07` (float) not in domain NonNegativeIntegers.
    See also https://pyomo.readthedocs.io/en/stable/errors.html#w1001
WARNING (W1001): Setting Var 'S[station_3,6,196,84.0]' to a value
`9.45332007934157e-07` (float) not in domain NonNegativeIntegers.
    See also https://pyomo.readthedocs.io/en/stable/errors.html#w1001
WARNING (W1001): Setting Var 'S[station_3,6,196,85.0]' to a value
`9.47832007934157e-07` (float) not in domain NonNegativeIntegers.
    See also https://pyomo.readthedocs.io/en/stable/errors.html#w1001
WARNING (W1001): Setting Var 'Sv[station_3,6,196,68,67]' to a value
`0.9999990488897932` (float) not in domain NonNegativeIntegers.
    See also https://pyomo.readthedocs.io/en/stable/errors.html#w1001
WARNING (W1001): Setting Var 'Sv[station_3,6,196,69,67]' to a value
`0.9999990488897932` (float) not in domain NonNegativeIntegers.
    See also https://pyomo.readthedocs.io/en/stable/errors.html#w1001
WARNING (W1001): Setting Var 'Sv[station_3,6,196,70,67]' to a value
`0.9999990488897932` (float) not in domain NonNegativeIntegers.
    See also https://pyomo.readthedocs.io/en/stable/errors.html#w1001
WARNING (W1001): Setting Var 'Sv[station_3,6,196,71,67]' to a value
`0.9999990488897932` (float) not in domain NonNegativeIntegers.
    See also https://pyomo.readthedocs.io/en/stable/errors.html#w1001
WARNING (W1001): Setting Var 'Sv[station_3,6,196,72,67]' to a value
`0.9999990488897932` (float) not in domain NonNegativeIntegers.
    See also https://pyomo.readthedocs.io/en/stable/errors.html#w1001
WARNING (W1001): Setting Var 'Sv[station_3,6,196,73,67]' to a value
`0.9999990488897932` (float) not in domain NonNegativeIntegers.
    See also https://pyomo.readthedocs.io/en/stable/errors.html#w1001
WARNING (W1001): Setting Var 'Sv[station_3,6,196,74,67]' to a value
`0.9999990488897932` (float) not in domain NonNegativeIntegers.
    See also https://pyomo.readthedocs.io/en/stable/errors.html#w1001
WARNING (W1001): Setting Var 'Sv[station_3,6,196,75,67]' to a value
`0.9999990488897932` (float) not in domain NonNegativeIntegers.
    See also https://pyomo.readthedocs.io/en/stable/errors.html#w1001
WARNING (W1001): Setting Var 'Sv[station_3,6,196,76,67]' to a value
`0.9999990488897932` (float) not in domain NonNegativeIntegers.
    See also https://pyomo.readthedocs.io/en/stable/errors.html#w1001
WARNING (W1001): Setting Var 'Sv[station_3,6,196,77,67]' to a value
`0.9999990488897932` (float) not in domain NonNegativeIntegers.
    See also https://pyomo.readthedocs.io/en/stable/errors.html#w1001
WARNING (W1001): Setting Var 'Sv[station_3,6,196,78,67]' to a value
`0.9999990488897932` (float) not in domain NonNegativeIntegers.
    See also https://pyomo.readthedocs.io/en/stable/errors.html#w1001
WARNING (W1001): Setting Var 'Sv[station_3,6,196,79,67]' to a value
`0.9999990488897932` (float) not in domain NonNegativeIntegers.
    See also https://pyomo.readthedocs.io/en/stable/errors.html#w1001
WARNING (W1001): Setting Var 'Sv[station_3,6,196,80,67]' to a value
`0.9999990488897932` (float) not in domain NonNegativeIntegers.
    See also https://pyomo.readthedocs.io/en/stable/errors.html#w1001
WARNING (W1001): Setting Var 'Sv[station_3,6,196,81,67]' to a value
`0.9999990488897932` (float) not in domain NonNegativeIntegers.
    See also https://pyomo.readthedocs.io/en/stable/errors.html#w1001
WARNING (W1001): Setting Var 'Sv[station_3,6,196,82,67]' to a value
`0.9999990488897932` (float) not in domain NonNegativeIntegers.
    See also https://pyomo.readthedocs.io/en/stable/errors.html#w1001
WARNING (W1001): Setting Var 'Sv[station_3,6,196,83,67]' to a value
`0.9999990488897932` (float) not in domain NonNegativeIntegers.
    See also https://pyomo.readthedocs.io/en/stable/errors.html#w1001
WARNING (W1001): Setting Var 'Sv[station_3,6,196,84,67]' to a value
`0.9999990488897932` (float) not in domain NonNegativeIntegers.
    See also https://pyomo.readthedocs.io/en/stable/errors.html#w1001
WARNING (W1001): Setting Var 'Sv[station_3,6,196,85,67]' to a value
`0.9999990488897932` (float) not in domain NonNegativeIntegers.
    See also https://pyomo.readthedocs.io/en/stable/errors.html#w1001
WARNING (W1001): Setting Var 'X_dch[station_3,6,196,44.0]' to a value
`1.9999990513887156` (float) not in domain NonNegativeIntegers.
    See also https://pyomo.readthedocs.io/en/stable/errors.html#w1001
WARNING (W1001): Setting Var 'X_dch[station_3,6,196,45.0]' to a value
`1.9999990513887156` (float) not in domain NonNegativeIntegers.
    See also https://pyomo.readthedocs.io/en/stable/errors.html#w1001
WARNING (W1001): Setting Var 'X_dch[station_3,6,196,46.0]' to a value
`1.9999990513887156` (float) not in domain NonNegativeIntegers.
    See also https://pyomo.readthedocs.io/en/stable/errors.html#w1001
WARNING (W1001): Setting Var 'X_dch[station_3,6,196,47.0]' to a value
`1.9999990513887156` (float) not in domain NonNegativeIntegers.
    See also https://pyomo.readthedocs.io/en/stable/errors.html#w1001
WARNING (W1001): Setting Var 'X_dch[station_3,6,196,48.0]' to a value
`1.9999990513887156` (float) not in domain NonNegativeIntegers.
    See also https://pyomo.readthedocs.io/en/stable/errors.html#w1001
WARNING (W1001): Setting Var 'X_dch[station_3,6,196,49.0]' to a value
`1.9999990513887156` (float) not in domain NonNegativeIntegers.
    See also https://pyomo.readthedocs.io/en/stable/errors.html#w1001
WARNING (W1001): Setting Var 'X_dch[station_3,6,196,50.0]' to a value
`0.9999990513887156` (float) not in domain NonNegativeIntegers.
    See also https://pyomo.readthedocs.io/en/stable/errors.html#w1001
WARNING (W1001): Setting Var 'X_dch[station_3,6,196,51.0]' to a value
`0.9999990513887156` (float) not in domain NonNegativeIntegers.
    See also https://pyomo.readthedocs.io/en/stable/errors.html#w1001
WARNING (W1001): Setting Var 'X_dch[station_3,6,196,52.0]' to a value
`0.9999990513887156` (float) not in domain NonNegativeIntegers.
    See also https://pyomo.readthedocs.io/en/stable/errors.html#w1001
WARNING (W1001): Setting Var 'X_dch[station_3,6,196,53.0]' to a value
`0.9999990513887156` (float) not in domain NonNegativeIntegers.
    See also https://pyomo.readthedocs.io/en/stable/errors.html#w1001
WARNING (W1001): Setting Var 'X_dch[station_3,6,196,54.0]' to a value
`0.9999990513887156` (float) not in domain NonNegativeIntegers.
    See also https://pyomo.readthedocs.io/en/stable/errors.html#w1001
WARNING (W1001): Setting Var 'X_dch[station_3,6,196,55.0]' to a value
`0.9999990513887156` (float) not in domain NonNegativeIntegers.
    See also https://pyomo.readthedocs.io/en/stable/errors.html#w1001
WARNING (W1001): Setting Var 'X_dch[station_3,6,196,56.0]' to a value
`0.9999990513887156` (float) not in domain NonNegativeIntegers.
    See also https://pyomo.readthedocs.io/en/stable/errors.html#w1001
WARNING (W1001): Setting Var 'X_dch[station_3,6,196,57.0]' to a value
`0.9999990513887156` (float) not in domain NonNegativeIntegers.
    See also https://pyomo.readthedocs.io/en/stable/errors.html#w1001
WARNING (W1001): Setting Var 'X_dch[station_3,6,196,58.0]' to a value
`0.9999990513887156` (float) not in domain NonNegativeIntegers.
    See also https://pyomo.readthedocs.io/en/stable/errors.html#w1001
WARNING (W1001): Setting Var 'X_dch[station_3,6,196,59.0]' to a value
`0.9999990513887156` (float) not in domain NonNegativeIntegers.
    See also https://pyomo.readthedocs.io/en/stable/errors.html#w1001
WARNING (W1001): Setting Var 'X_dch[station_3,6,196,60.0]' to a value
`0.9999990513887156` (float) not in domain NonNegativeIntegers.
    See also https://pyomo.readthedocs.io/en/stable/errors.html#w1001
WARNING (W1001): Setting Var 'X_dch[station_3,6,196,61.0]' to a value
`0.9999990513887156` (float) not in domain NonNegativeIntegers.
    See also https://pyomo.readthedocs.io/en/stable/errors.html#w1001
WARNING (W1001): Setting Var 'X_dch[station_3,6,196,62.0]' to a value
`0.9999990513887156` (float) not in domain NonNegativeIntegers.
    See also https://pyomo.readthedocs.io/en/stable/errors.html#w1001
WARNING (W1001): Setting Var 'X_dch[station_3,6,196,63.0]' to a value
`0.9999990513887156` (float) not in domain NonNegativeIntegers.
    See also https://pyomo.readthedocs.io/en/stable/errors.html#w1001
WARNING (W1001): Setting Var 'X_dch[station_3,6,196,64.0]' to a value
`0.9999990513887156` (float) not in domain NonNegativeIntegers.
    See also https://pyomo.readthedocs.io/en/stable/errors.html#w1001
WARNING (W1001): Setting Var 'X_dch[station_3,6,196,65.0]' to a value
`0.9999990513887156` (float) not in domain NonNegativeIntegers.
    See also https://pyomo.readthedocs.io/en/stable/errors.html#w1001
WARNING (W1001): Setting Var 'X_dch[station_3,6,196,66.0]' to a value
`0.9999990513887156` (float) not in domain NonNegativeIntegers.
    See also https://pyomo.readthedocs.io/en/stable/errors.html#w1001
WARNING (W1001): Setting Var 'X_dch[station_3,6,196,67.0]' to a value
`0.9999990513887156` (float) not in domain NonNegativeIntegers.
    See also https://pyomo.readthedocs.io/en/stable/errors.html#w1001
WARNING (W1001): Setting Var 'X_ini[station_3,6,196,67.0]' to a value
`0.9999990538887156` (float) not in domain NonNegativeIntegers.
    See also https://pyomo.readthedocs.io/en/stable/errors.html#w1001
WARNING (W1001): Setting Var 'W[station_3,6,196,44.0]' to a value
`0.9999990513346585` (float) not in domain NonNegativeIntegers.
    See also https://pyomo.readthedocs.io/en/stable/errors.html#w1001
[NestedBenders] reporte: 829,830 valores cargados; costo recomputado = 4,858,328.49 (comparable 4,248,620.16 contra UB 4,248,620.16, desvio 0.000000)
[NestedBenders] variables de bloque sin equivalente en el monolitico (descartadas): ['D_prev', 'N_batteries_prev', 'N_bays_prev', 'N_chargers_prev', 'alpha']
JSONs, log y summary guardados en 'C:/Users/Agustin/Desktop/Elmo_infrastructure_NP/output/_bench_swap/B_decomposed/'.
