[NestedBenders] presolve de capacidad (peak): meta por anio 1:1,074  2:14,728  3:33,712  4:44,805  5:48,543  6:50,583
[NestedBenders] presolve de capacidad: anios [6], modulos de 500 kW
[NestedBenders] presolve capacidad  anio 6  suma: sum n_ssee_k >= 4  (dual 4.0000, primal 4.000, 32s)
[NestedBenders] presolve capacidad  anio 6  station_1: n_ssee_k >= 1  (dual 1.0000, primal 1.000, 18s)
[NestedBenders] presolve capacidad  anio 6  station_2: n_ssee_k >= 1  (dual 1.0000, primal 1.000, 17s)
[NestedBenders] presolve capacidad  anio 6  station_3: n_ssee_k >= 1  (dual 1.0000, primal 1.000, 18s)
[NestedBenders] presolve de capacidad: cotas impuestas al anio 1: station_1: >= 1 (500 kW, anio 6)  station_2: >= 1 (500 kW, anio 6)  station_3: >= 1 (500 kW, anio 6)
[NestedBenders] presolve de capacidad: cota agregada sum n_ssee_k >= 4 (anio 6; las cotas por nave suman 3)
[NestedBenders] presolve de capacidad: 86s
[NestedBenders] cota inicial: relajacion lineal del monolitico completo...
[NestedBenders] cota del LP monolitico = 3,856,475.85  (405s)
[NestedBenders] k=1 FORWARD  anio 1 (1/6)  [UB=(sin cota aun)  LB=3,856,475.85]  resolviendo MILP...
[NestedBenders] k=1 FORWARD  anio 2 (2/6)  [UB=(sin cota aun)  LB=3,856,475.85]  resolviendo MILP...
[NestedBenders] k=1 FORWARD  anio 2  AVISO: residuo McCormick = -801.075008 (N_ciclos*b_bar - S/n_elhd) -- revisar sec. 3.4/3.5 del documento si es grande frente a S/n_elhd.
[NestedBenders] k=1 FORWARD  anio 3 (3/6)  [UB=(sin cota aun)  LB=3,856,475.85]  resolviendo MILP...
[NestedBenders] k=1 FORWARD  anio 3  AVISO: residuo McCormick = -2026.477754 (N_ciclos*b_bar - S/n_elhd) -- revisar sec. 3.4/3.5 del documento si es grande frente a S/n_elhd.
[NestedBenders] k=1 FORWARD  anio 4 (4/6)  [UB=(sin cota aun)  LB=3,856,475.85]  resolviendo MILP...
[NestedBenders] k=1 FORWARD  anio 4  AVISO: residuo McCormick = -4384.976808 (N_ciclos*b_bar - S/n_elhd) -- revisar sec. 3.4/3.5 del documento si es grande frente a S/n_elhd.
[NestedBenders] k=1 FORWARD  anio 5 (5/6)  [UB=(sin cota aun)  LB=3,856,475.85]  resolviendo MILP...
[NestedBenders] k=1 FORWARD  anio 6 (6/6)  [UB=(sin cota aun)  LB=3,856,475.85]  resolviendo MILP...
WARNING: Loading a SolverResults object with an 'aborted' status, but
containing a solution
[NestedBenders] forward y=6  TimeLimit alcanzado sin cerrar MIPGap: UB=1,466,669.14  LB=317,431.14  gap=78.3570%
[NestedBenders] k=1 FORWARD  anio 6  AVISO: residuo McCormick = -1229.381122 (N_ciclos*b_bar - S/n_elhd) -- revisar sec. 3.4/3.5 del documento si es grande frente a S/n_elhd.
[NestedBenders] k=1 BACKWARD anio 6  [UB=7,682,499.34  LB=3,856,475.85]  relajando LP y leyendo duales (corte -> anio 5)...
[NestedBenders] k=1 BACKWARD anio 5  [UB=7,682,499.34  LB=3,856,475.85]  relajando LP y leyendo duales (corte -> anio 4)...
[NestedBenders] k=1 BACKWARD anio 4  [UB=7,682,499.34  LB=3,856,475.85]  relajando LP y leyendo duales (corte -> anio 3)...
[NestedBenders] k=1 BACKWARD anio 3  [UB=7,682,499.34  LB=3,856,475.85]  relajando LP y leyendo duales (corte -> anio 2)...
[NestedBenders] k=1 BACKWARD anio 2  [UB=7,682,499.34  LB=3,856,475.85]  relajando LP y leyendo duales (corte -> anio 1)...
[NestedBenders] k=1 BACKWARD anio 1  [UB=7,682,499.34  LB=3,856,475.85]  relajando LP (cota inferior LB)...
[NestedBenders] k=1  UB=7682499.3377  LB=3856475.8479  gap=49.8018%  tiempo_iteracion=1003.7s
[NestedBenders] presolve de capacidad, fuerza de la cota: station_1: cota 1, elegido 2 (floja por 1); station_2: cota 1, elegido 1 (ajustada); station_3: cota 1, elegido 1 (ajustada)
[NestedBenders] tiempo total: 1494.4s (1 iteracion, 0 cortes de factibilidad)
NestedBenders: UB=7682499.3377  LB=3856475.8479  gap=49.8018%  iteraciones=1  tiempo_total=1494.4s
[NestedBenders] reporte: costo recomputado = 8,292,207.67 (comparable 7,682,499.34 contra UB 7,682,499.34, desvio 0.000000)
[NestedBenders] residuo del MIP start por familia (max |violacion|, 30s):
    s_def                            1.164e-08  en 3  (0 filas > 1e-6)
    battery_soc                      2.817e-10  en ('LH518B_7', 5, 196, 87.0)  (0 filas > 1e-6)
    mccormick_ub2                    2.910e-11  en 2  (0 filas > 1e-6)
    power_balance                    2.683e-11  en (6, 196, 81.0)  (0 filas > 1e-6)
    power_cost_peak_limit            7.503e-12  en (6, 196, 80.0)  (0 filas > 1e-6)
    battery_soc_break_symmetry       5.798e-12  en ('LH518B_7', 'LH518B_8', 5, 196)  (0 filas > 1e-6)
    max_installed_capacity           1.364e-12  en ('station_3', 4, 15, 132.0)  (0 filas > 1e-6)
    battery_lower                    5.826e-13  en ('LH518B_2', 6, 196, 75.0)  (0 filas > 1e-6)
    battery_upper                    1.705e-13  en ('LH518B_11', 6, 196, 86.0)  (0 filas > 1e-6)
[NestedBenders] AVISO: 0 filas no evaluadas por variables sin valor; variables sin valor por familia: {'Z': 3864, 'StartCharge': 51840, 'EndCharge': 51840, 'StartAssign': 25920, 'EndAssign': 25920}
[Hibrido] resolviendo el monolitico con la solucion descompuesta como MIP start...
Solving opt model... (Puedes presionar Ctrl+C para detener y guardar la mejor solución actual)
Set parameter MIPGap to value 0.01
Set parameter LogFile to value "output/_hibrido_6y/gurobi.log"
Set parameter Threads to value 32
Set parameter Heuristics to value 0.5
Set parameter MIPFocus to value 3
Set parameter Presolve to value 2
Set parameter FlowCoverCuts to value 2
Set parameter TimeLimit to value 600
Gurobi Optimizer version 10.0.0 build v10.0.0rc2 (win64)

CPU model: 11th Gen Intel(R) Core(TM) i7-1165G7 @ 2.80GHz, instruction set [SSE2|AVX|AVX2|AVX512]
Thread count: 4 physical cores, 8 logical processors, using up to 32 threads

Warning: Thread count (32) is larger than processor count (8)
         Reduce the value of the Threads parameter to improve performance


Optimize a model with 829434 rows, 1433987 columns and 4040268 nonzeros
Model fingerprint: 0x322da3af
Variable types: 622466 continuous, 811521 integer (811482 binary)
Coefficient statistics:
  Matrix range     [4e-02, 1e+03]
  Objective range  [2e+00, 3e+06]
  Bounds range     [1e+00, 8e+02]
  RHS range        [1e+00, 4e+05]

User MIP start produced solution with objective 8.29221e+06 (0.87s)
Loaded user MIP start with objective 8.29221e+06

Presolve removed 754859 rows and 1138840 columns (presolve time = 5s) ...
Presolve removed 754859 rows and 1138840 columns
Presolve time: 8.42s
Presolved: 74575 rows, 295147 columns, 1023847 nonzeros
Variable types: 16734 continuous, 278413 integer (276096 binary)
Root relaxation presolve removed 5865 rows and 1091 columns
Root relaxation presolved: 68710 rows, 294056 columns, 1006863 nonzeros

Deterministic concurrent LP optimizer: primal simplex, dual simplex, and barrier
Showing barrier log only...

Root barrier log...

Ordering time: 0.05s

Barrier statistics:
 Dense cols : 11
 AA' NZ     : 8.518e+05
 Factor NZ  : 1.890e+06 (roughly 160 MB of memory)
 Factor Ops : 9.615e+07 (less than 1 second per iteration)
 Threads    : 30

                  Objective                Residual
Iter       Primal          Dual         Primal    Dual     Compl     Time
   0   2.78513529e+09 -5.60558333e+12  6.77e+05 3.08e+03  2.78e+08    13s
   1   2.54077210e+09 -4.18810408e+12  4.85e+05 3.15e+05  1.96e+08    13s
   2   1.92627287e+09 -2.05975933e+12  3.34e+05 1.03e+04  1.28e+08    13s
   3   1.35015645e+08 -1.12415420e+12  1.90e+04 1.16e-03  8.69e+06    13s
   4   3.20616075e+07 -4.03997969e+11  2.48e+03 1.49e-04  1.46e+06    13s
   5   2.52781736e+07 -1.20485936e+11  1.41e+03 8.86e-05  6.22e+05    13s
   6   1.85462056e+07 -4.07707052e+10  4.90e+02 6.12e-06  2.03e+05    13s
   7   1.49002827e+07 -2.22738242e+10  9.19e+01 1.40e-04  5.86e+04    14s
   8   1.40704720e+07 -1.43156087e+10  2.28e+01 8.78e-05  2.73e+04    14s
   9   1.34978240e+07 -3.18128445e+09  8.75e-01 1.82e-05  5.07e+03    14s
  10   1.28720284e+07 -8.90819037e+08  5.27e-02 4.99e-06  1.42e+03    14s
  11   1.13601879e+07 -7.17397541e+08  1.04e-02 4.05e-06  1.14e+03    14s
  12   1.06922096e+07 -4.36489796e+08  7.86e-03 2.42e-06  7.00e+02    14s
  13   1.01032041e+07 -2.56671474e+08  6.70e-03 1.45e-06  4.17e+02    14s
  14   9.71655306e+06 -2.00204931e+08  2.05e-03 1.13e-06  3.29e+02    14s
  15   9.11143694e+06 -1.23733986e+08  1.53e-03 7.15e-07  2.08e+02    15s
  16   9.54514239e+06 -9.67137003e+07  9.79e-04 5.68e-07  1.66e+02    15s
  17   8.29642440e+06 -6.79315182e+07  6.05e-04 4.08e-07  1.19e+02    15s
  18   7.75029126e+06 -6.46529424e+07  5.12e-04 3.90e-07  1.13e+02    15s
  19   7.74474086e+06 -4.70872208e+07  4.80e-04 2.98e-07  8.58e+01    15s
  20   6.41411360e+06 -1.34928497e+07  2.26e-04 9.64e-08  3.12e+01    16s
  21   6.03392536e+06 -1.09767428e+07  1.96e-04 8.31e-08  2.66e+01    16s
  22   5.81075840e+06 -6.81888612e+06  1.75e-04 6.16e-08  1.98e+01    16s
  23   5.52461609e+06 -3.58166184e+06  1.48e-04 4.29e-08  1.43e+01    16s
  24   5.17620485e+06 -3.38269937e+06  1.11e-04 4.20e-08  1.34e+01    16s
  25   4.93128958e+06 -2.26751156e+06  8.49e-05 3.65e-08  1.13e+01    16s
  26   4.79888159e+06 -8.54378225e+05  7.10e-05 3.05e-08  8.85e+00    16s
  27   4.66628696e+06  4.64070653e+05  5.64e-05 3.32e-08  6.58e+00    17s
  28   4.56230862e+06  1.10963595e+06  4.56e-05 2.70e-08  5.40e+00    17s
  29   4.47723293e+06  1.38625262e+06  3.69e-05 2.95e-08  4.84e+00    17s
  30   4.39583468e+06  2.02558831e+06  2.52e-05 3.18e-08  3.71e+00    17s
  31   4.35007834e+06  2.45912986e+06  1.84e-05 3.11e-08  2.96e+00    18s
  32   4.30319140e+06  2.93699024e+06  1.33e-05 3.25e-08  2.14e+00    18s
  33   4.27601551e+06  3.41718697e+06  1.07e-05 2.65e-08  1.34e+00    18s
  34   4.25944885e+06  3.68329786e+06  9.27e-06 2.58e-08  9.02e-01    18s
  35   4.24061247e+06  3.85224331e+06  7.81e-06 1.95e-08  6.08e-01    18s
  36   4.23034954e+06  3.94105778e+06  6.99e-06 2.06e-08  4.53e-01    18s
  37   4.22246472e+06  3.99236535e+06  6.38e-06 2.57e-08  3.60e-01    19s
  38   4.20871605e+06  4.05455570e+06  5.39e-06 2.44e-08  2.41e-01    19s
  39   4.20455350e+06  4.07136579e+06  5.09e-06 2.45e-08  2.09e-01    19s
  40   4.19539070e+06  4.09550105e+06  4.40e-06 2.68e-08  1.56e-01    19s
  41   4.18961388e+06  4.10842758e+06  3.89e-06 2.37e-08  1.27e-01    19s
  42   4.18587992e+06  4.11771832e+06  3.59e-06 2.25e-08  1.07e-01    20s
  43   4.18315013e+06  4.12252437e+06  3.35e-06 2.82e-08  9.50e-02    20s
  44   4.17818461e+06  4.12644548e+06  2.91e-06 2.92e-08  8.11e-02    20s
  45   4.17435333e+06  4.12950293e+06  2.59e-06 2.99e-08  7.03e-02    20s
  46   4.17121749e+06  4.13340003e+06  2.33e-06 3.26e-08  5.93e-02    20s
  47   4.16864555e+06  4.13940992e+06  2.11e-06 3.10e-08  4.58e-02    21s
  48   4.16647169e+06  4.14381773e+06  1.91e-06 2.23e-08  3.55e-02    21s
  49   4.16393132e+06  4.14529685e+06  1.67e-06 2.26e-08  2.92e-02    21s
  50   4.16344027e+06  4.14538418e+06  1.62e-06 2.48e-08  2.83e-02    21s
  51   4.16107794e+06  4.14573602e+06  1.40e-06 2.91e-08  2.41e-02    21s
  52   4.16059667e+06  4.14578380e+06  1.35e-06 2.66e-08  2.32e-02    22s
  53   4.15625764e+06  4.14580507e+06  9.36e-07 2.96e-08  1.64e-02    22s
  54   4.15525641e+06  4.14612148e+06  8.40e-07 2.17e-08  1.43e-02    22s
  55   4.15326939e+06  4.14619571e+06  6.39e-07 2.26e-08  1.11e-02    23s
  56   4.15011747e+06  4.14631340e+06  3.47e-07 2.49e-08  5.97e-03    23s
  57   4.14804005e+06  4.14641814e+06  1.50e-07 1.88e-08  2.54e-03    23s
  58   4.14773965e+06  4.14638482e+06  1.22e-07 2.17e-08  2.12e-03    24s
  59   4.14718929e+06  4.14644004e+06  6.92e-08 1.99e-08  1.18e-03    24s
  60   4.14716392e+06  4.14645967e+06  6.63e-08 1.97e-08  1.10e-03    24s
  61   4.14650448e+06  4.14646264e+06  3.36e-09 2.23e-08  6.56e-05    24s
  62   4.14647641e+06  4.14646568e+06  3.17e-09 2.60e-08  1.68e-05    24s
  63   4.14646716e+06  4.14646655e+06  5.83e-08 1.96e-08  9.67e-07    25s
  64   4.14646667e+06  4.14646659e+06  6.02e-09 1.68e-08  1.23e-07    25s
  65   4.14646661e+06  4.14646661e+06  1.72e-09 1.46e-08  7.70e-09    25s

Barrier solved model in 65 iterations and 24.86 seconds (20.12 work units)
Optimal objective 4.14646661e+06

  Building initial crossover basis                                30s

Root crossover log...

    8366 DPushes remaining with DInf 0.0000000e+00                31s
       0 DPushes remaining with DInf 0.0000000e+00                31s

  221786 PPushes remaining with PInf 0.0000000e+00                31s
   56339 PPushes remaining with PInf 0.0000000e+00                35s
       0 PPushes remaining with PInf 0.0000000e+00                37s

  Push phase complete: Pinf 0.0000000e+00, Dinf 1.0090824e-09     37s


Root simplex log...

Iteration    Objective       Primal Inf.    Dual Inf.      Time
  229395    4.1464666e+06   0.000000e+00   0.000000e+00     37s
Concurrent spin time: 0.03s

Solved with barrier
  229395    4.1464666e+06   0.000000e+00   0.000000e+00     37s

Root relaxation: objective 4.146467e+06, 229395 iterations, 26.59 seconds (16.14 work units)
Total elapsed time = 54.14s
Total elapsed time = 65.85s
Total elapsed time = 70.72s

    Nodes    |    Current Node    |     Objective Bounds      |     Work
 Expl Unexpl |  Obj  Depth IntInf | Incumbent    BestBd   Gap | It/Node Time

     0     0 4146466.61    0 3472 8292207.67 4146466.61  50.0%     -   71s
     0     0 4385208.89    0 3176 8292207.67 4385208.89  47.1%     -  161s
H    0     0                    8292153.3726 4385208.89  47.1%     -  202s
     0     0 4385209.20    0 3173 8292153.37 4385209.20  47.1%     -  203s
     0     0 4466400.54    0 3286 8292153.37 4466400.54  46.1%     -  296s
     0     0 4468692.48    0 3595 8292153.37 4468692.48  46.1%     -  306s
     0     0 4468692.48    0 3569 8292153.37 4468692.48  46.1%     -  306s
     0     0 4473512.32    0 3534 8292153.37 4473512.32  46.1%     -  401s
     0     0 4478305.01    0 4172 8292153.37 4478305.01  46.0%     -  433s
     0     0 4478307.48    0 4104 8292153.37 4478307.48  46.0%     -  434s
     0     0 4479056.51    0 3971 8292153.37 4479056.51  46.0%     -  556s
H    0     0                    8292087.4279 4479056.51  46.0%     -  565s
     0     0 4479854.33    0 4310 8292087.43 4479854.33  46.0%     -  569s
     0     0 4481128.37    0 4341 8292087.43 4481128.37  46.0%     -  572s
     0     0 4481128.37    0 4321 8292087.43 4481128.37  46.0%     -  574s

Cutting planes:
  Gomory: 18
  Lift-and-project: 20
  Cover: 272
  Projected implied bound: 1
  Clique: 6
  MIR: 824
  StrongCG: 2
  Flow cover: 84
  Zero half: 577
  RLT: 14
  Relax-and-lift: 1

Explored 1 nodes (655214 simplex iterations) in 600.33 seconds (811.71 work units)
Thread count was 32 (of 8 available processors)

Solution count 3: 8.29209e+06 8.29215e+06 8.29221e+06 

Time limit reached
Best objective 8.292087427885e+06, best bound 4.481128374690e+06, gap 45.9590%
WARNING: Loading a SolverResults object with an 'aborted' status, but
containing a solution
✅ Solution time [sec]: 702.98
📊 Status: maxTimeLimit
💰 Operation Cost: 8292087.427885374
[Hibrido] monolitico resuelto en 705s: costo = 8,292,087.43
JSONs, log y summary guardados en 'output/_hibrido_6y/'.
