[NestedBenders] presolve de capacidad (peak): meta por anio 1:1,074  2:14,728
[NestedBenders] presolve de capacidad: anios [2], modulos de 500 kW
[NestedBenders] presolve capacidad  anio 2  suma: sum n_ssee_k >= 2  (dual 2.0000, primal 2.000, 17s)
[NestedBenders] presolve capacidad  anio 2  station_1: n_ssee_k >= 1  (dual 1.0000, primal 1.000, 13s)
[NestedBenders] presolve capacidad  anio 2  station_2: n_ssee_k >= 0  (dual 0.0000, primal 0.000, 12s)
[NestedBenders] presolve capacidad  anio 2  station_3: n_ssee_k >= 0  (dual 0.0000, primal 0.000, 13s)
[NestedBenders] presolve de capacidad: cotas impuestas al anio 1: station_1: >= 1 (500 kW, anio 2)  station_2: >= 0 (0 kW, anio None)  station_3: >= 0 (0 kW, anio None)
[NestedBenders] presolve de capacidad: cota agregada sum n_ssee_k >= 2 (anio 2; las cotas por nave suman 1)
[NestedBenders] presolve de capacidad: 55s
[NestedBenders] k=1 FORWARD  anio 1 (1/2)  [UB=(sin cota aun)  LB=(sin cota aun)]  resolviendo MILP...
[NestedBenders] k=1 FORWARD  anio 2 (2/2)  [UB=(sin cota aun)  LB=(sin cota aun)]  resolviendo MILP...
[NestedBenders] k=1 BACKWARD anio 2  [UB=2,004,192.35  LB=(sin cota aun)]  relajando LP y leyendo duales (corte -> anio 1)...
[NestedBenders] k=1 BACKWARD anio 1  [UB=2,004,192.35  LB=(sin cota aun)]  relajando LP con los cortes actualizados (cota inferior)...
[NestedBenders] k=1  UB=2004192.3482  LB=317980.3366  gap=84.1342%  tiempo_iteracion=358.3s
[NestedBenders] presolve de capacidad, fuerza de la cota: station_1: cota 1, elegido 1 (ajustada); station_2: cota 0, elegido 1 (floja por 1); station_3: cota 0, elegido 0 (ajustada)
[NestedBenders] tiempo total: 413.3s (1 iteracion, 0 cortes de factibilidad)
UB=2,004,192.35  cortes de factibilidad=0
WARNING (W1001): Setting Var 'Z[LH518B_5,2,15,135.0]' to a value
`7.29593562037671e-07` (float) not in domain Binary.
    See also https://pyomo.readthedocs.io/en/stable/errors.html#w1001
WARNING (W1001): Setting Var 'Z_swap[station_2,LH518B_5,2,15,135.0]' to a
value `0.9999992705044772` (float) not in domain Binary.
    See also https://pyomo.readthedocs.io/en/stable/errors.html#w1001
WARNING (W1001): Setting Var 'S[station_2,2,15,135.0]' to a value
`7.255318685956132e-07` (float) not in domain NonNegativeIntegers.
    See also https://pyomo.readthedocs.io/en/stable/errors.html#w1001
WARNING (W1001): Setting Var 'S[station_2,2,15,136.0]' to a value
`7.255318685956132e-07` (float) not in domain NonNegativeIntegers.
    See also https://pyomo.readthedocs.io/en/stable/errors.html#w1001
WARNING (W1001): Setting Var 'S[station_2,2,15,137.0]' to a value
`7.255318685956132e-07` (float) not in domain NonNegativeIntegers.
    See also https://pyomo.readthedocs.io/en/stable/errors.html#w1001
WARNING (W1001): Setting Var 'S[station_2,2,15,138.0]' to a value
`7.255318685956132e-07` (float) not in domain NonNegativeIntegers.
    See also https://pyomo.readthedocs.io/en/stable/errors.html#w1001
WARNING (W1001): Setting Var 'S[station_2,2,15,139.0]' to a value
`7.255318685956132e-07` (float) not in domain NonNegativeIntegers.
    See also https://pyomo.readthedocs.io/en/stable/errors.html#w1001
WARNING (W1001): Setting Var 'S[station_2,2,15,140.0]' to a value
`7.259485352698767e-07` (float) not in domain NonNegativeIntegers.
    See also https://pyomo.readthedocs.io/en/stable/errors.html#w1001
WARNING (W1001): Setting Var 'S[station_2,2,15,141.0]' to a value
`7.259485352698767e-07` (float) not in domain NonNegativeIntegers.
    See also https://pyomo.readthedocs.io/en/stable/errors.html#w1001
WARNING (W1001): Setting Var 'S[station_2,2,15,142.0]' to a value
`7.259485352698767e-07` (float) not in domain NonNegativeIntegers.
    See also https://pyomo.readthedocs.io/en/stable/errors.html#w1001
WARNING (W1001): Setting Var 'S[station_2,2,15,143.0]' to a value
`7.259485352698767e-07` (float) not in domain NonNegativeIntegers.
    See also https://pyomo.readthedocs.io/en/stable/errors.html#w1001
WARNING (W1001): Setting Var 'S[station_2,2,15,144.0]' to a value
`7.259485352698767e-07` (float) not in domain NonNegativeIntegers.
    See also https://pyomo.readthedocs.io/en/stable/errors.html#w1001
WARNING (W1001): Setting Var 'S[station_2,2,15,145.0]' to a value
`7.259485352698767e-07` (float) not in domain NonNegativeIntegers.
    See also https://pyomo.readthedocs.io/en/stable/errors.html#w1001
WARNING (W1001): Setting Var 'S[station_2,2,15,146.0]' to a value
`7.259485352698767e-07` (float) not in domain NonNegativeIntegers.
    See also https://pyomo.readthedocs.io/en/stable/errors.html#w1001
WARNING (W1001): Setting Var 'S[station_2,2,15,147.0]' to a value
`7.259485352698767e-07` (float) not in domain NonNegativeIntegers.
    See also https://pyomo.readthedocs.io/en/stable/errors.html#w1001
WARNING (W1001): Setting Var 'S[station_2,2,15,148.0]' to a value
`7.259485352698767e-07` (float) not in domain NonNegativeIntegers.
    See also https://pyomo.readthedocs.io/en/stable/errors.html#w1001
WARNING (W1001): Setting Var 'S[station_2,2,15,149.0]' to a value
`7.259485352698767e-07` (float) not in domain NonNegativeIntegers.
    See also https://pyomo.readthedocs.io/en/stable/errors.html#w1001
WARNING (W1001): Setting Var 'S[station_2,2,15,150.0]' to a value
`7.259485352698767e-07` (float) not in domain NonNegativeIntegers.
    See also https://pyomo.readthedocs.io/en/stable/errors.html#w1001
WARNING (W1001): Setting Var 'S[station_2,2,15,151.0]' to a value
`7.259485352698767e-07` (float) not in domain NonNegativeIntegers.
    See also https://pyomo.readthedocs.io/en/stable/errors.html#w1001
WARNING (W1001): Setting Var 'S[station_2,2,15,152.0]' to a value
`7.259485352698767e-07` (float) not in domain NonNegativeIntegers.
    See also https://pyomo.readthedocs.io/en/stable/errors.html#w1001
WARNING (W1001): Setting Var 'Sv[station_2,2,15,135,134]' to a value
`0.9999992715525423` (float) not in domain NonNegativeIntegers.
    See also https://pyomo.readthedocs.io/en/stable/errors.html#w1001
WARNING (W1001): Setting Var 'Sv[station_2,2,15,136,134]' to a value
`0.9999992715525423` (float) not in domain NonNegativeIntegers.
    See also https://pyomo.readthedocs.io/en/stable/errors.html#w1001
WARNING (W1001): Setting Var 'Sv[station_2,2,15,137,134]' to a value
`0.9999992715525423` (float) not in domain NonNegativeIntegers.
    See also https://pyomo.readthedocs.io/en/stable/errors.html#w1001
WARNING (W1001): Setting Var 'Sv[station_2,2,15,138,134]' to a value
`0.9999992715514647` (float) not in domain NonNegativeIntegers.
    See also https://pyomo.readthedocs.io/en/stable/errors.html#w1001
WARNING (W1001): Setting Var 'Sv[station_2,2,15,139,134]' to a value
`0.9999992715514647` (float) not in domain NonNegativeIntegers.
    See also https://pyomo.readthedocs.io/en/stable/errors.html#w1001
WARNING (W1001): Setting Var 'Sv[station_2,2,15,140,134]' to a value
`0.9999992715514647` (float) not in domain NonNegativeIntegers.
    See also https://pyomo.readthedocs.io/en/stable/errors.html#w1001
WARNING (W1001): Setting Var 'Sv[station_2,2,15,141,134]' to a value
`0.9999992715514647` (float) not in domain NonNegativeIntegers.
    See also https://pyomo.readthedocs.io/en/stable/errors.html#w1001
WARNING (W1001): Setting Var 'Sv[station_2,2,15,142,134]' to a value
`0.9999992715525423` (float) not in domain NonNegativeIntegers.
    See also https://pyomo.readthedocs.io/en/stable/errors.html#w1001
WARNING (W1001): Setting Var 'Sv[station_2,2,15,143,134]' to a value
`0.9999992715525423` (float) not in domain NonNegativeIntegers.
    See also https://pyomo.readthedocs.io/en/stable/errors.html#w1001
WARNING (W1001): Setting Var 'Sv[station_2,2,15,144,134]' to a value
`0.9999992715525423` (float) not in domain NonNegativeIntegers.
    See also https://pyomo.readthedocs.io/en/stable/errors.html#w1001
WARNING (W1001): Setting Var 'Sv[station_2,2,15,145,134]' to a value
`0.9999992715525423` (float) not in domain NonNegativeIntegers.
    See also https://pyomo.readthedocs.io/en/stable/errors.html#w1001
WARNING (W1001): Setting Var 'Sv[station_2,2,15,146,134]' to a value
`0.9999992715525423` (float) not in domain NonNegativeIntegers.
    See also https://pyomo.readthedocs.io/en/stable/errors.html#w1001
WARNING (W1001): Setting Var 'Sv[station_2,2,15,147,134]' to a value
`0.9999992715525423` (float) not in domain NonNegativeIntegers.
    See also https://pyomo.readthedocs.io/en/stable/errors.html#w1001
WARNING (W1001): Setting Var 'Sv[station_2,2,15,148,134]' to a value
`0.9999992715525423` (float) not in domain NonNegativeIntegers.
    See also https://pyomo.readthedocs.io/en/stable/errors.html#w1001
WARNING (W1001): Setting Var 'Sv[station_2,2,15,149,134]' to a value
`0.9999992715525423` (float) not in domain NonNegativeIntegers.
    See also https://pyomo.readthedocs.io/en/stable/errors.html#w1001
WARNING (W1001): Setting Var 'Sv[station_2,2,15,150,134]' to a value
`0.9999992715514647` (float) not in domain NonNegativeIntegers.
    See also https://pyomo.readthedocs.io/en/stable/errors.html#w1001
WARNING (W1001): Setting Var 'Sv[station_2,2,15,151,134]' to a value
`0.9999992715514647` (float) not in domain NonNegativeIntegers.
    See also https://pyomo.readthedocs.io/en/stable/errors.html#w1001
WARNING (W1001): Setting Var 'Sv[station_2,2,15,152,134]' to a value
`0.9999992715525423` (float) not in domain NonNegativeIntegers.
    See also https://pyomo.readthedocs.io/en/stable/errors.html#w1001
WARNING (W1001): Setting Var 'X_ini[station_2,2,15,134.0]' to a value
`0.9999992753014647` (float) not in domain NonNegativeIntegers.
    See also https://pyomo.readthedocs.io/en/stable/errors.html#w1001
WARNING (W1001): Setting Var 'W[station_2,2,15,135.0]' to a value
`0.9999992728014647` (float) not in domain NonNegativeIntegers.
    See also https://pyomo.readthedocs.io/en/stable/errors.html#w1001
[NestedBenders] reporte: 228,026 valores cargados; costo recomputado = 2,613,900.68 (comparable 2,004,192.35 contra UB 2,004,192.35, desvio 0.000000)
[NestedBenders] variables de bloque sin equivalente en el monolitico (descartadas): ['D_prev', 'N_batteries_prev', 'N_bays_prev', 'N_chargers_prev', 'alpha']
[NestedBenders] residuo del MIP start por familia (max |violacion|, 4s):
    power_balance                    2.222e-08  en (2, 15, 138.0)  (0 filas > 1e-6)
    mc_w_deg_lb2                     1.610e-08  en 1  (0 filas > 1e-6)
    charging_duration                3.749e-09  en ('station_2', 2, 15, 135, 134)  (0 filas > 1e-6)
    inventory_discharged_batteries   2.500e-09  en ('station_2', 2, 15, 135.0)  (0 filas > 1e-6)
    inventory_charged_batteries      2.499e-09  en ('station_2', 2, 15, 152.0)  (0 filas > 1e-6)
    total_swaps                      2.297e-09  en ('station_2', 2, 15, 135.0)  (0 filas > 1e-6)
    state_unique_elhd_swap           9.804e-11  en ('LH518B_5', 2, 15, 135.0)  (0 filas > 1e-6)
    energy_consumed_def              4.547e-12  en 2  (0 filas > 1e-6)
    p_bbar_zagg_upper1               1.705e-13  en ('LH518B_3', 2, 15, 45.0)  (0 filas > 1e-6)
    battery_soc_swap_update_3        1.137e-13  en ('LH518B_1', 1, 196, 1.0)  (0 filas > 1e-6)
[NestedBenders] AVISO: 0 filas no evaluadas por variables sin valor; variables sin valor por familia: {'Z': 3312, 'StartAssign': 8640, 'EndAssign': 8640, 'B_s': 48, 'X_ini': 12}
