
Gurobi 12.0.0 (win64) logging started Mon Sep  7 03:58:03 2026

Set parameter LogFile to value "C:\Users\TECNO-MASTER\Desktop\Elmo_infrastructure_sizing_NP-\output\DCH_septiembre\Bateria_482\Costo_variable\Ventana_restringida\Carga_on_board_variable_3estaciones_P320kW_Descomp/station_3_d244_stage1\gurobi.log"
Set parameter Threads to value 1
Set parameter Heuristics to value 0.5
Set parameter MIPFocus to value 3
Set parameter Presolve to value 2
Set parameter FlowCoverCuts to value 2
Set parameter TimeLimit to value 1200
Gurobi Optimizer version 12.0.0 build v12.0.0rc1 (win64 - Windows 11+.0 (26200.2))

CPU model: Intel(R) Core(TM) i9-14900K, instruction set [SSE2|AVX|AVX2]
Thread count: 24 physical cores, 32 logical processors, using up to 1 threads

Non-default parameters:
TimeLimit  1200
MIPGap  0.05
Heuristics  0.5
MIPFocus  3
FlowCoverCuts  2
Presolve  2
Threads  1

Optimize a model with 23314 rows, 37249 columns and 111232 nonzeros
Model fingerprint: 0xcba41a90
Variable types: 17323 continuous, 19926 integer (19925 binary)
Coefficient statistics:
  Matrix range     [1e-01, 3e+02]
  Objective range  [8e-03, 8e+04]
  Bounds range     [1e+00, 1e+00]
  RHS range        [1e+00, 1e+04]
Presolve removed 22120 rows and 28480 columns
Presolve time: 0.07s
Presolved: 1194 rows, 8769 columns, 26464 nonzeros
Variable types: 233 continuous, 8536 integer (8535 binary)
Root relaxation presolved: 1194 rows, 8769 columns, 26464 nonzeros


Use crossover to convert LP symmetric solution to basic solution...

Root relaxation: objective 2.080252e+05, 3205 iterations, 0.03 seconds (0.05 work units)

    Nodes    |    Current Node    |     Objective Bounds      |     Work
 Expl Unexpl |  Obj  Depth IntInf | Incumbent    BestBd   Gap | It/Node Time

     0     0 216029.486    0   83          - 216029.486      -     -    0s
H    0     0                    236172.30772 216029.486  8.53%     -    0s
H    0     0                    231094.31521 216029.486  6.52%     -    0s
H    0     0                    228437.01004 216029.486  5.43%     -    0s
H    0     0                    222923.74141 216029.486  3.09%     -    0s

Explored 1 nodes (5067 simplex iterations) in 0.32 seconds (0.69 work units)
Thread count was 1 (of 32 available processors)

Solution count 4: 222924 228437 231094 236172 

Optimal solution found (tolerance 5.00e-02)
Best objective 2.229237414097e+05, best bound 2.160294855234e+05, gap 3.0927%
