
Gurobi 12.0.3 (win64) logging started Tue Jul  7 17:46:33 2026

Set parameter LogFile to value "output/DCH_taller_julio/Costo_variable/Ventana_restringida/Carga_on_board_640kW_Descomp_ventana_carga/station_2_d32_stage1\gurobi.log"
Set parameter Threads to value 5
Set parameter Heuristics to value 0.5
Set parameter MIPFocus to value 3
Set parameter Presolve to value 2
Set parameter FlowCoverCuts to value 2
Set parameter TimeLimit to value 172800
Gurobi Optimizer version 12.0.3 build v12.0.3rc0 (win64 - Windows 11+.0 (26200.2))

CPU model: Intel(R) Core(TM) i9-14900K, instruction set [SSE2|AVX|AVX2]
Thread count: 24 physical cores, 32 logical processors, using up to 5 threads

Non-default parameters:
TimeLimit  172800
MIPGap  0.01
Heuristics  0.5
MIPFocus  3
FlowCoverCuts  2
Presolve  2
Threads  5

Optimize a model with 24301 rows, 37807 columns and 117308 nonzeros
Model fingerprint: 0xe8429317
Variable types: 18325 continuous, 19482 integer (19481 binary)
Coefficient statistics:
  Matrix range     [1e-01, 6e+02]
  Objective range  [3e-03, 1e+05]
  Bounds range     [1e+00, 1e+00]
  RHS range        [1e+00, 1e+04]
Presolve removed 23058 rows and 28785 columns
Presolve time: 0.38s
Presolved: 1243 rows, 9022 columns, 27354 nonzeros
Variable types: 244 continuous, 8778 integer (8777 binary)
Root relaxation presolved: 1243 rows, 9022 columns, 27354 nonzeros


Use crossover to convert LP symmetric solution to basic solution...

Root relaxation: objective 1.438247e+05, 3423 iterations, 0.13 seconds (0.07 work units)

    Nodes    |    Current Node    |     Objective Bounds      |     Work
 Expl Unexpl |  Obj  Depth IntInf | Incumbent    BestBd   Gap | It/Node Time

     0     0 176687.703    0   77          - 176687.703      -     -    1s
H    0     0                    304338.78541 176687.703  41.9%     -    1s
H    0     0                    176759.40718 176700.143  0.03%     -    2s
     0     0 176700.143    0   97 176759.407 176700.143  0.03%     -    2s

Cutting planes:
  Gomory: 20
  Cover: 1
  MIR: 12
  Flow cover: 17
  RLT: 1
  Relax-and-lift: 3

Explored 1 nodes (9010 simplex iterations) in 2.15 seconds (1.06 work units)
Thread count was 5 (of 32 available processors)

Solution count 2: 176759 304339 

Optimal solution found (tolerance 1.00e-02)
Best objective 1.767594071775e+05, best bound 1.767001427009e+05, gap 0.0335%
