
Gurobi 12.0.3 (win64) logging started Mon Sep  7 19:26:36 2026

Set parameter LogFile to value "C:\Users\TECNO-MASTER\Desktop\Elmo_infrastructure_sizing_NP-\output\DCH_septiembre\Bateria_353\Costo_variable\Carga_libre\Carga_on_board_variable_3estaciones_P320kW_Descomp/station_1_d182_stage1\gurobi.log"
Set parameter Threads to value 1
Set parameter Heuristics to value 0.5
Set parameter MIPFocus to value 3
Set parameter Presolve to value 2
Set parameter FlowCoverCuts to value 2
Set parameter TimeLimit to value 1200
Gurobi Optimizer version 12.0.3 build v12.0.3rc0 (win64 - Windows 11+.0 (26200.2))

CPU model: Intel(R) Core(TM) i9-14900K, instruction set [SSE2|AVX|AVX2]
Thread count: 24 physical cores, 32 logical processors, using up to 1 threads

Non-default parameters:
TimeLimit  1200
MIPGap  0.05
Heuristics  0.5
MIPFocus  3
FlowCoverCuts  2
Presolve  2
Threads  1

Optimize a model with 22770 rows, 37249 columns and 110686 nonzeros
Model fingerprint: 0x6c6629d3
Variable types: 17323 continuous, 19926 integer (19925 binary)
Coefficient statistics:
  Matrix range     [1e-01, 3e+02]
  Objective range  [1e-02, 8e+04]
  Bounds range     [1e+00, 1e+00]
  RHS range        [1e+00, 1e+04]
Presolve removed 19951 rows and 26950 columns
Presolve time: 0.24s
Presolved: 2819 rows, 10299 columns, 31535 nonzeros
Variable types: 841 continuous, 9458 integer (9457 binary)
Root relaxation presolved: 2819 rows, 10299 columns, 31535 nonzeros


Root relaxation: objective 7.239359e+04, 4530 iterations, 0.46 seconds (0.53 work units)

    Nodes    |    Current Node    |     Objective Bounds      |     Work
 Expl Unexpl |  Obj  Depth IntInf | Incumbent    BestBd   Gap | It/Node Time

     0     0 72393.5941    0  390          - 72393.5941      -     -    1s
     0     0 94226.3473    0  380          - 94226.3473      -     -    3s
     0     0 94362.9484    0  395          - 94362.9484      -     -    3s
     0     0 115575.025    0  146          - 115575.025      -     -    6s
H    0     0                    116007.12739 115575.025  0.37%     -    6s

Cutting planes:
  Gomory: 6
  Cover: 1
  Implied bound: 1
  RLT: 1

Explored 1 nodes (27450 simplex iterations) in 6.17 seconds (6.44 work units)
Thread count was 1 (of 32 available processors)

Solution count 1: 116007 

Optimal solution found (tolerance 5.00e-02)
Best objective 1.160071273929e+05, best bound 1.155750252817e+05, gap 0.3725%
