
Gurobi 12.0.3 (win64) logging started Tue Jul  7 17:25:19 2026

Set parameter LogFile to value "output/DCH_taller_julio/Costo_fijo/Ventana_restringida/Carga_on_board_1000kW_Descomp_ventana_carga/station_2_d182_stage1\gurobi.log"
Set parameter Threads to value 5
Set parameter Heuristics to value 0.5
Set parameter MIPFocus to value 3
Set parameter Presolve to value 2
Set parameter FlowCoverCuts to value 2
Set parameter TimeLimit to value 172800
Gurobi Optimizer version 12.0.3 build v12.0.3rc0 (win64 - Windows 11+.0 (26200.2))

CPU model: Intel(R) Core(TM) i9-14900K, instruction set [SSE2|AVX|AVX2]
Thread count: 24 physical cores, 32 logical processors, using up to 5 threads

Non-default parameters:
TimeLimit  172800
MIPGap  0.01
Heuristics  0.5
MIPFocus  3
FlowCoverCuts  2
Presolve  2
Threads  5

Optimize a model with 24331 rows, 37807 columns and 117368 nonzeros
Model fingerprint: 0x52b60efa
Variable types: 18325 continuous, 19482 integer (19481 binary)
Coefficient statistics:
  Matrix range     [1e-01, 1e+03]
  Objective range  [4e-01, 2e+05]
  Bounds range     [1e+00, 1e+00]
  RHS range        [1e+00, 1e+04]
Presolve removed 23088 rows and 28784 columns
Presolve time: 0.41s
Presolved: 1243 rows, 9023 columns, 27354 nonzeros
Variable types: 245 continuous, 8778 integer (8777 binary)
Root relaxation presolved: 1243 rows, 9023 columns, 27354 nonzeros


Use crossover to convert LP symmetric solution to basic solution...

Root relaxation: objective 1.908114e+05, 3627 iterations, 0.14 seconds (0.07 work units)

    Nodes    |    Current Node    |     Objective Bounds      |     Work
 Expl Unexpl |  Obj  Depth IntInf | Incumbent    BestBd   Gap | It/Node Time

     0     0 190811.370    0  184          - 190811.370      -     -    1s
     0     0 212122.095    0  141          - 212122.095      -     -    1s
H    0     0                    434274.73532 212122.095  51.2%     -    1s
H    0     0                    415259.88546 212122.095  48.9%     -    1s
H    0     0                    415227.02579 212122.095  48.9%     -    1s
     0     0 231166.867    0   70 415227.026 231166.867  44.3%     -    3s
H    0     0                    408630.21462 231166.867  43.4%     -    3s
H    0     0                    249852.85234 231166.867  7.48%     -    3s
H    0     0                    247026.75032 231166.867  6.42%     -    3s
H    0     0                    238782.33317 231166.867  3.19%     -    3s
     0     0 231166.867    0   75 238782.333 231166.867  3.19%     -    3s
     0     0 231166.867    0   91 238782.333 231166.867  3.19%     -    4s
     0     0 231166.886    0  155 238782.333 231166.886  3.19%     -    4s
     0     0 231166.886    0  131 238782.333 231166.886  3.19%     -    4s
     0     0 231166.886    0   89 238782.333 231166.886  3.19%     -    6s
H    0     0                    238768.97598 231166.886  3.18%     -    6s
H    0     0                    237717.09582 231166.886  2.76%     -    6s
H    0     0                    236306.08720 231166.886  2.17%     -    6s
     0     0 231166.886    0   97 236306.087 231166.886  2.17%     -    6s
     0     0 231166.886    0   65 236306.087 231166.886  2.17%     -    8s
     0     0 231166.886    0  124 236306.087 231166.886  2.17%     -    8s
H    0     0                    236150.76689 231166.886  2.11%     -    9s
H    0     0                    235524.59690 231166.886  1.85%     -    9s
     0     0 231166.886    0   73 235524.597 231166.886  1.85%     -   10s
H    0     0                    234592.41375 231166.886  1.46%     -   10s
H    0     0                    234443.47396 231166.886  1.40%     -   10s
     0     0 231166.886    0   95 234443.474 231166.886  1.40%     -   10s
H    0     0                    233662.27446 231166.886  1.07%     -   12s
H    0     0                    233652.93905 231166.886  1.06%     -   12s
H    0     0                    233367.00348 231166.886  0.94%     -   12s
     0     0 231166.886    0   79 233367.003 231166.886  0.94%     -   12s

Cutting planes:
  Gomory: 11
  Lift-and-project: 22
  Cover: 13
  Implied bound: 30
  Projected implied bound: 4
  Clique: 1
  MIR: 32
  Mixing: 6
  Flow cover: 38
  Zero half: 8
  RLT: 3
  Relax-and-lift: 14

Explored 1 nodes (32785 simplex iterations) in 12.50 seconds (5.77 work units)
Thread count was 5 (of 32 available processors)

Solution count 10: 233367 233653 233662 ... 238769

Optimal solution found (tolerance 1.00e-02)
Best objective 2.333670034764e+05, best bound 2.311668860129e+05, gap 0.9428%
