
Gurobi 12.0.3 (win64) logging started Tue Jun 30 15:28:03 2026

Set parameter LogFile to value "output/DCH_taller_julio/Costo_variable/Carga_on_board_1000kW_Descomp/station_2_d32_stage1\gurobi.log"
Set parameter Threads to value 5
Set parameter Heuristics to value 0.5
Set parameter MIPFocus to value 3
Set parameter Presolve to value 2
Set parameter FlowCoverCuts to value 2
Set parameter TimeLimit to value 172800
Gurobi Optimizer version 12.0.3 build v12.0.3rc0 (win64 - Windows 11+.0 (26200.2))

CPU model: Intel(R) Core(TM) i9-14900K, instruction set [SSE2|AVX|AVX2]
Thread count: 24 physical cores, 32 logical processors, using up to 5 threads

Non-default parameters:
TimeLimit  172800
MIPGap  0.01
Heuristics  0.5
MIPFocus  3
FlowCoverCuts  2
Presolve  2
Threads  5

Optimize a model with 23765 rows, 37807 columns and 116772 nonzeros
Model fingerprint: 0xb3bc8098
Variable types: 18325 continuous, 19482 integer (19481 binary)
Coefficient statistics:
  Matrix range     [1e-01, 1e+03]
  Objective range  [3e-03, 2e+05]
  Bounds range     [1e+00, 1e+00]
  RHS range        [1e+00, 1e+04]
Presolve removed 20926 rows and 27337 columns
Presolve time: 0.11s
Presolved: 2839 rows, 10470 columns, 32446 nonzeros
Variable types: 820 continuous, 9650 integer (9649 binary)
Root relaxation presolved: 2839 rows, 10470 columns, 32446 nonzeros


Root relaxation: objective 5.436336e+04, 3523 iterations, 0.21 seconds (0.54 work units)

    Nodes    |    Current Node    |     Objective Bounds      |     Work
 Expl Unexpl |  Obj  Depth IntInf | Incumbent    BestBd   Gap | It/Node Time

     0     0 214734.012    0  351          - 214734.012      -     -    4s
H    0     0                    221569.85443 214734.012  3.09%     -    4s
H    0     0                    219099.27673 214734.012  1.99%     -    4s
H    0     0                    219092.48273 214734.012  1.99%     -    4s
H    0     0                    218676.93893 214734.012  1.80%     -    4s
     0     0 214990.373    0  337 218676.939 214990.373  1.69%     -    5s
H    0     0                    218626.00101 214990.373  1.66%     -    5s
H    0     0                    218621.04925 214990.373  1.66%     -    5s
H    0     0                    218592.97528 214990.373  1.65%     -    5s
H    0     0                    218494.46949 214990.373  1.60%     -    5s
H    0     0                    217892.15182 214990.373  1.33%     -    5s
H    0     0                    217522.54608 214990.373  1.16%     -    5s
H    0     0                    217521.13222 214990.373  1.16%     -    5s
H    0     0                    217466.80875 214990.373  1.14%     -    5s
H    0     0                    217457.11470 214990.373  1.13%     -    5s
H    0     0                    217444.83494 214990.373  1.13%     -    5s
H    0     0                    217394.99295 214990.373  1.11%     -    5s
     0     0 215059.900    0  338 217394.993 215059.900  1.07%     -    5s
     0     0 215076.034    0  315 217394.993 215076.034  1.07%     -    5s
     0     0 215076.427    0  339 217394.993 215076.427  1.07%     -    5s
     0     0 215076.428    0  346 217394.993 215076.428  1.07%     -    5s
     0     0 215124.503    0  317 217394.993 215124.503  1.04%     -    7s
H    0     0                    217371.64392 215132.069  1.03%     -    7s
     0     0 215138.228    0  355 217371.644 215138.228  1.03%     -    7s
     0     0 215139.102    0  379 217371.644 215139.102  1.03%     -    7s
     0     0 215139.103    0  385 217371.644 215139.103  1.03%     -    7s
     0     0 215149.550    0  365 217371.644 215149.550  1.02%     -    7s
H    0     0                    217264.59660 215150.189  0.97%     -    8s
H    0     0                    217124.75096 215150.189  0.91%     -    8s

Cutting planes:
  Gomory: 25
  Lift-and-project: 18
  Cover: 30
  Implied bound: 7
  Projected implied bound: 1
  Clique: 1
  MIR: 6
  Flow cover: 10
  Zero half: 12
  RLT: 1
  Relax-and-lift: 25

Explored 1 nodes (66963 simplex iterations) in 8.21 seconds (11.97 work units)
Thread count was 5 (of 32 available processors)

Solution count 10: 217125 217265 217372 ... 217892

Optimal solution found (tolerance 1.00e-02)
Best objective 2.171247509600e+05, best bound 2.151501891477e+05, gap 0.9094%
