
Gurobi 12.0.3 (win64) logging started Tue Oct  7 18:23:52 2025

Set parameter LogFile to value "ELMO_log.txt"
Set parameter Threads to value 32
Set parameter Heuristics to value 0.8
Gurobi Optimizer version 12.0.3 build v12.0.3rc0 (win64 - Windows 11+.0 (26200.2))

CPU model: Intel(R) Core(TM) i9-14900K, instruction set [SSE2|AVX|AVX2]
Thread count: 24 physical cores, 32 logical processors, using up to 32 threads

Non-default parameters:
MIPGap  0.06
Heuristics  0.8
Threads  32

Optimize a model with 2756 rows, 10378 columns and 19541 nonzeros
Model fingerprint: 0xbe268d7b
Variable types: 772 continuous, 9606 integer (9603 binary)
Coefficient statistics:
  Matrix range     [5e-01, 3e+02]
  Objective range  [5e+00, 2e+05]
  Bounds range     [1e+00, 1e+00]
  RHS range        [1e+00, 2e+03]
Presolve removed 1189 rows and 7360 columns
Presolve time: 0.02s
Presolved: 1567 rows, 3018 columns, 9438 nonzeros
Variable types: 756 continuous, 2262 integer (2260 binary)

Root relaxation: infeasible, 1479 iterations, 0.01 seconds (0.02 work units)

    Nodes    |    Current Node    |     Objective Bounds      |     Work
 Expl Unexpl |  Obj  Depth IntInf | Incumbent    BestBd   Gap | It/Node Time

     0     0 infeasible    0               - infeasible      -     -    0s

Explored 1 nodes (1479 simplex iterations) in 0.04 seconds (0.06 work units)
Thread count was 32 (of 32 available processors)

Solution count 0

Model is infeasible
Best objective -, best bound -, gap -
