
Gurobi 12.0.3 (win64) logging started Sun Aug 23 02:50:33 2026

Set parameter LogFile to value "C:\Users\TECNO-MASTER\Desktop\Elmo_infrastructure_sizing_NP-\output\DCH_agosto\Costo_variable\Carga_libre\Carga_on_board_variable_3estaciones_P320kW_Descomp/station_1_d91\gurobi.log"
Set parameter Threads to value 1
Set parameter Heuristics to value 0.5
Set parameter MIPFocus to value 3
Set parameter Presolve to value 2
Set parameter FlowCoverCuts to value 2
Set parameter TimeLimit to value 172800
Gurobi Optimizer version 12.0.3 build v12.0.3rc0 (win64 - Windows 11+.0 (26200.2))

CPU model: Intel(R) Core(TM) i9-14900K, instruction set [SSE2|AVX|AVX2]
Thread count: 24 physical cores, 32 logical processors, using up to 1 threads

Non-default parameters:
TimeLimit  172800
MIPGap  0.01
Heuristics  0.5
MIPFocus  3
FlowCoverCuts  2
Presolve  2
Threads  1

Optimize a model with 22770 rows, 37249 columns and 109784 nonzeros
Model fingerprint: 0x3c1a2290
Variable types: 17323 continuous, 19926 integer (19925 binary)
Coefficient statistics:
  Matrix range     [1e-01, 3e+02]
  Objective range  [1e-02, 1e+02]
  Bounds range     [1e+00, 3e+00]
  RHS range        [1e+00, 1e+04]
Presolve removed 20416 rows and 26960 columns
Presolve time: 0.18s
Presolved: 2354 rows, 10289 columns, 31148 nonzeros
Variable types: 841 continuous, 9448 integer (9362 binary)
Root relaxation presolved: 2354 rows, 10289 columns, 31148 nonzeros


Root relaxation: objective 1.269940e+05, 3892 iterations, 0.46 seconds (0.17 work units)

    Nodes    |    Current Node    |     Objective Bounds      |     Work
 Expl Unexpl |  Obj  Depth IntInf | Incumbent    BestBd   Gap | It/Node Time

     0     0 126993.996    0   60          - 126993.996      -     -    1s
H    0     0                    135934.09304 126993.996  6.58%     -    1s
H    0     0                    127096.10057 126993.996  0.08%     -    1s

Explored 1 nodes (6488 simplex iterations) in 1.39 seconds (0.92 work units)
Thread count was 1 (of 32 available processors)

Solution count 2: 127096 135934 

Optimal solution found (tolerance 1.00e-02)
Best objective 1.270961005681e+05, best bound 1.269939962754e+05, gap 0.0803%
