
Gurobi 12.0.1 (win64) logging started Sun Aug  9 20:03:43 2026

Set parameter LogFile to value "output/Taller_DET_Agosto/Resultados_finales/Carga_ob_8lhds_autonomo\station_1_d1\gurobi.log"
Set parameter Threads to value 1
Set parameter Heuristics to value 0.5
Set parameter MIPFocus to value 3
Set parameter Presolve to value 2
Set parameter FlowCoverCuts to value 2
Set parameter TimeLimit to value 200
Gurobi Optimizer version 12.0.1 build v12.0.1rc0 (win64 - Windows 11+.0 (26200.2))

CPU model: 11th Gen Intel(R) Core(TM) i7-1165G7 @ 2.80GHz, instruction set [SSE2|AVX|AVX2|AVX512]
Thread count: 4 physical cores, 8 logical processors, using up to 1 threads

Non-default parameters:
TimeLimit  200
MIPGap  0.01
Heuristics  0.5
MIPFocus  3
FlowCoverCuts  2
Presolve  2
Threads  1

Optimize a model with 51764 rows, 87364 columns and 258005 nonzeros
Model fingerprint: 0x777e3000
Variable types: 40922 continuous, 46442 integer (46441 binary)
Coefficient statistics:
  Matrix range     [1e-01, 1e+03]
  Objective range  [4e-01, 1e+02]
  Bounds range     [1e+00, 4e+00]
  RHS range        [1e+00, 4e+04]
Presolve removed 49038 rows and 60731 columns
Presolve time: 1.32s
Presolved: 2726 rows, 26633 columns, 79793 nonzeros
Variable types: 696 continuous, 25937 integer (25937 binary)
Root relaxation presolved: 2726 rows, 26633 columns, 79793 nonzeros


Use crossover to convert LP symmetric solution to basic solution...

Root relaxation: objective 8.262405e+05, 6870 iterations, 0.45 seconds (0.13 work units)

    Nodes    |    Current Node    |     Objective Bounds      |     Work
 Expl Unexpl |  Obj  Depth IntInf | Incumbent    BestBd   Gap | It/Node Time

     0     0 826240.455    0   49          - 826240.455      -     -    3s
     0     0 826240.455    0   46          - 826240.455      -     -    5s
     0     0 826240.455    0   71          - 826240.455      -     -    6s
     0     0 826240.455    0   45          - 826240.455      -     -   10s
     0     0 826240.455    0   62          - 826240.455      -     -   10s
     0     0 826240.455    0   56          - 826240.455      -     -   14s
     0     0 826240.455    0   44          - 826240.455      -     -   15s
     0     0 826240.455    0   46          - 826240.455      -     -   19s
     0     0 826240.455    0   46          - 826240.455      -     -   20s
H    0     0                    826240.45510 826240.455  0.00%     -   34s
     0     0 826240.455    0   46 826240.455 826240.455  0.00%     -   34s

Cutting planes:
  Gomory: 3
  Lift-and-project: 2
  Cover: 1
  MIR: 1
  Flow cover: 2

Explored 1 nodes (88393 simplex iterations) in 34.83 seconds (14.50 work units)
Thread count was 1 (of 8 available processors)

Solution count 1: 826240 

Optimal solution found (tolerance 1.00e-02)
Best objective 8.262404550953e+05, best bound 8.262404550953e+05, gap 0.0000%
