
Gurobi 12.0.3 (win64) logging started Sun Aug 23 02:55:11 2026

Set parameter LogFile to value "C:\Users\TECNO-MASTER\Desktop\Elmo_infrastructure_sizing_NP-\output\DCH_agosto\Costo_variable\Carga_libre\Carga_on_board_variable_3estaciones_P640kW_Descomp/station_3_d244\gurobi.log"
Set parameter Threads to value 1
Set parameter Heuristics to value 0.5
Set parameter MIPFocus to value 3
Set parameter Presolve to value 2
Set parameter FlowCoverCuts to value 2
Set parameter TimeLimit to value 172800
Gurobi Optimizer version 12.0.3 build v12.0.3rc0 (win64 - Windows 11+.0 (26200.2))

CPU model: Intel(R) Core(TM) i9-14900K, instruction set [SSE2|AVX|AVX2]
Thread count: 24 physical cores, 32 logical processors, using up to 1 threads

Non-default parameters:
TimeLimit  172800
MIPGap  0.01
Heuristics  0.5
MIPFocus  3
FlowCoverCuts  2
Presolve  2
Threads  1

Optimize a model with 22770 rows, 37249 columns and 109786 nonzeros
Model fingerprint: 0x783ed09a
Variable types: 17323 continuous, 19926 integer (19925 binary)
Coefficient statistics:
  Matrix range     [1e-01, 6e+02]
  Objective range  [8e-03, 1e+02]
  Bounds range     [1e+00, 3e+00]
  RHS range        [1e+00, 1e+04]
Presolve removed 20325 rows and 26957 columns
Presolve time: 0.15s
Presolved: 2445 rows, 10292 columns, 31454 nonzeros
Variable types: 841 continuous, 9451 integer (9360 binary)
Root relaxation presolved: 2445 rows, 10292 columns, 31454 nonzeros


Root relaxation: objective 1.648610e+05, 4278 iterations, 0.16 seconds (0.22 work units)

    Nodes    |    Current Node    |     Objective Bounds      |     Work
 Expl Unexpl |  Obj  Depth IntInf | Incumbent    BestBd   Gap | It/Node Time

     0     0 164861.004    0  283          - 164861.004      -     -    0s
H    0     0                    214723.60503 164861.004  23.2%     -    0s
H    0     0                    184203.20181 164861.004  10.5%     -    0s
H    0     0                    180956.49319 164861.004  8.89%     -    0s
H    0     0                    177825.46999 164861.004  7.29%     -    0s
H    0     0                    177346.33878 164861.004  7.04%     -    0s
H    0     0                    176595.22564 164861.004  6.64%     -    0s
H    0     0                    176292.66214 164861.004  6.48%     -    0s
H    0     0                    173996.74696 164861.004  5.25%     -    0s
H    0     0                    173430.25271 164861.004  4.94%     -    0s
H    0     0                    173362.90139 164861.004  4.90%     -    0s
H    0     0                    173355.05394 164861.004  4.90%     -    0s
     0     0 164973.162    0  261 173355.054 164973.162  4.84%     -    1s
H    0     0                    173348.72149 165001.806  4.82%     -    1s
H    0     0                    173336.51979 165001.806  4.81%     -    1s
H    0     0                    173328.01739 165001.806  4.80%     -    1s
H    0     0                    170429.98287 165001.806  3.18%     -    1s
H    0     0                    168698.30907 165001.806  2.19%     -    2s
H    0     0                    168692.54000 165001.806  2.19%     -    2s
H    0     0                    168692.42078 165001.806  2.19%     -    2s
H    0     0                    166974.07651 165001.806  1.18%     -    2s
H    0     0                    166531.91790 165001.806  0.92%     -    2s

Cutting planes:
  Gomory: 17
  Lift-and-project: 6
  Cover: 6
  Implied bound: 12
  Clique: 6
  MIR: 1
  Mixing: 1
  Flow cover: 11
  Zero half: 2
  RLT: 3
  Relax-and-lift: 8
  BQP: 8
  PSD: 3

Explored 1 nodes (9166 simplex iterations) in 2.28 seconds (2.28 work units)
Thread count was 1 (of 32 available processors)

Solution count 10: 166532 166974 168692 ... 173355

Optimal solution found (tolerance 1.00e-02)
Best objective 1.665319178970e+05, best bound 1.650018062307e+05, gap 0.9188%
