
Gurobi 12.0.0 (win64) logging started Thu Jan 22 00:30:23 2026

Set parameter LogFile to value "ELMO_log.txt"
Set parameter Threads to value 24
Set parameter Heuristics to value 0.5
Set parameter MIPFocus to value 3
Set parameter Presolve to value 2
Set parameter FlowCoverCuts to value 2
Set parameter TimeLimit to value 172800
Gurobi Optimizer version 12.0.0 build v12.0.0rc1 (win64 - Windows 11+.0 (26200.2))

CPU model: Intel(R) Core(TM) i9-14900K, instruction set [SSE2|AVX|AVX2]
Thread count: 24 physical cores, 32 logical processors, using up to 24 threads

Non-default parameters:
TimeLimit  172800
MIPGap  0.01
Heuristics  0.5
MIPFocus  3
FlowCoverCuts  2
Presolve  2
Threads  24

Optimize a model with 1905188 rows, 1285947 columns and 5857757 nonzeros
Model fingerprint: 0xcb58f0d5
Variable types: 4344 continuous, 1281603 integer (1248481 binary)
Coefficient statistics:
  Matrix range     [1e+00, 4e+02]
  Objective range  [4e+02, 3e+05]
  Bounds range     [1e+00, 1e+00]
  RHS range        [1e+00, 1e+04]
Presolve removed 1895939 rows and 1238494 columns
Presolve time: 0.44s
Presolved: 9249 rows, 47453 columns, 146350 nonzeros
Variable types: 3228 continuous, 44225 integer (27216 binary)
Performing another presolve...
Presolve removed 516 rows and 16228 columns
Presolve time: 0.23s
Root relaxation presolve removed 435 rows and 158 columns
Root relaxation presolved: 8298 rows, 31067 columns, 73510 nonzeros


Root relaxation: objective 4.751539e+05, 22725 iterations, 0.85 seconds (2.14 work units)

    Nodes    |    Current Node    |     Objective Bounds      |     Work
 Expl Unexpl |  Obj  Depth IntInf | Incumbent    BestBd   Gap | It/Node Time

     0     0 475153.909    0  586          - 475153.909      -     -    3s
H    0     0                    2796881.1471 475250.663  83.0%     -    3s
H    0     0                    985452.68510 477567.497  51.5%     -    3s
H    0     0                    985362.53069 477567.497  51.5%     -    3s
H    0     0                    960272.29776 477567.497  50.3%     -    3s
H    0     0                    933531.26428 477567.497  48.8%     -    3s
H    0     0                    843185.65361 477567.497  43.4%     -    3s
     0     0 477567.497    0  596 843185.654 477567.497  43.4%     -    3s
     0     0 477567.497    0  599 843185.654 477567.497  43.4%     -    4s
     0     0 477567.497    0  589 843185.654 477567.497  43.4%     -    4s
H    0     0                    843095.49920 477567.497  43.4%     -    4s
     0     0 477567.497    0  599 843095.499 477567.497  43.4%     -    4s
     0     0 477567.497    0  580 843095.499 477567.497  43.4%     -    5s
     0     0 477567.497    0  581 843095.499 477567.497  43.4%     -    5s
     0     0 477567.497    0  591 843095.499 477567.497  43.4%     -    5s
     0     0 477567.497    0  605 843095.499 477567.497  43.4%     -    5s
     0     0 477567.497    0  571 843095.499 477567.497  43.4%     -    5s
     0     0 477567.497    0  582 843095.499 477567.497  43.4%     -    6s
     0     0 477567.497    0  578 843095.499 477567.497  43.4%     -    6s
     0     0 478018.300    0  491 843095.499 478018.300  43.3%     -    7s
H    0     0                    836684.50207 478019.582  42.9%     -    7s
H    0     0                    833516.01713 478019.582  42.7%     -    8s
H    0     0                    833245.55391 478019.582  42.6%     -    8s
H    0     0                    774205.54683 478019.582  38.3%     -    8s
     0     2 478019.582    0  490 774205.547 478019.582  38.3%     -    8s
     7    12 485176.549    3  618 774205.547 481978.228  37.7%  5750   10s
H   46    58                    773448.85910 502819.400  35.0%  2735   12s
H   48    58                    772872.48019 502819.400  34.9%  2674   12s
   134   130 524539.830    8  494 772872.480 515023.550  33.4%  1559   15s
H  166   147                    770963.03463 537326.568  30.3%  1481   16s
H  183   184                    770872.88023 537326.568  30.3%  1405   18s
   281   262 537326.568   15  354 770872.880 537326.568  30.3%  1091   20s
H  324   283                    693078.09138 537490.723  22.4%  1063   21s
H  339   301                    691913.63402 537490.723  22.3%  1083   22s
H  365   329                    691823.47962 537490.723  22.3%  1106   24s
   395   345 infeasible   18      691823.480 537490.723  22.3%  1068   25s
H  436   369                    686745.54912 537490.725  21.7%  1047   26s
H  437   369                    680593.94762 537490.725  21.0%  1045   26s
H  498   418                    677515.61709 537491.233  20.7%   986   29s
H  516   418                    677335.30828 537491.233  20.6%   959   29s
   526   436 537491.233   20  235 677335.308 537491.233  20.6%   960   31s
H  562   452                    674256.97774 537491.245  20.3%   939   33s
   608   500 542403.065   23  247 674256.978 537509.561  20.3%   929   36s
H  624   499                    674166.82334 537509.561  20.3%   923   36s
   757   626 537742.547   18  321 674166.823 537742.547  20.2%   835   40s
H  758   626                    674076.66893 537742.547  20.2%   834   40s
H  843   726                    670998.33840 537742.943  19.9%   789   42s
  1038   927 539471.914   25  308 670998.338 537808.491  19.8%   716   45s
H 1127   927                    668728.27522 537875.701  19.6%   684   45s
  1269  1309 538010.611   15  429 668728.275 538010.611  19.5%   653   52s
H 1381  1309                    668547.96640 538010.611  19.5%   620   52s
  1560  2029 538010.611   16  419 668547.966 538010.611  19.5%   595   56s
  2310  2328 538119.184   20  366 668547.966 538016.093  19.5%   520   60s
  2646  2329 538514.017   21 4344 668547.966 538020.155  19.5%   499   66s
  2648  2330 558153.715   26  661 668547.966 538020.155  19.5%   498   70s
  2652  2333 538192.019   17  491 668547.966 538020.155  19.5%   498   78s
  2654  2334 558472.676   51  535 668547.966 538020.155  19.5%   497   80s
  2658  2337 559403.293   47  421 668547.966 538020.155  19.5%   497   88s
  2660  2338 545764.437   19  518 668547.966 538020.155  19.5%   496   90s
  2663  2340 558980.111   38  490 668547.966 538020.155  19.5%   496   95s
  2666  2342 538854.123   26  385 668547.966 538020.155  19.5%   495  103s
  2667  2343 560415.299   49  480 668547.966 538020.155  19.5%   495  105s
  2670  2345 556510.559   20  481 668547.966 538020.155  19.5%   494  111s
  2671  2346 538124.205   21  438 668547.966 538020.155  19.5%   494  116s
  2674  2348 546693.691   40  366 668547.966 538020.155  19.5%   494  121s
  2677  2350 559238.240   42  392 668547.966 538020.155  19.5%   493  125s
  2680  2352 545745.356    6  503 668547.966 538020.155  19.5%   492  131s
  2682  2353 547264.519   37  502 668547.966 538020.155  19.5%   492  135s
  2714  2393 548732.790   17  246 668547.966 538020.155  19.5%   549  141s
  2864  2493 548234.865   22  107 668547.966 548234.865  18.0%   540  145s
  2971  2665 548237.848   25   90 668547.966 548237.848  18.0%   531  150s
  3259  2956 548243.813   28   88 668547.966 548243.813  18.0%   504  157s
  3482  3026 548246.795   30  106 668547.966 548246.795  18.0%   487  161s
  3824  3155 552823.515   34  147 668547.966 548258.415  18.0%   471  166s
H 3884  3094                    668547.96601 548258.746  18.0%   473  168s
  3948  3107 552827.535   31  164 668547.966 548277.121  18.0%   473  170s
  4032  3185 552957.992   31  143 668547.966 548278.903  18.0%   477  175s
  4143  3262 548322.941   34   85 668547.966 548322.941  18.0%   475  180s
  4383  3402 553503.408   36  186 668547.966 548368.809  18.0%   468  186s
  4583  3614 548418.615   38   80 668547.966 548418.615  18.0%   462  191s
  4701  3731 553956.631   40  146 668547.966 548468.421  18.0%   457  195s
  5016  4001 549105.187   32   87 668547.966 548505.830  18.0%   441  200s
H 5339  3903                    668547.96339 548539.967  18.0%   430  203s
  5354  4150 554334.646   43  149 668547.963 548539.967  18.0%   431  206s
  5794  4489 553956.631   39  144 668547.963 548586.490  17.9%   416  211s
  6091  4580 554293.771   32  145 668547.963 548626.190  17.9%   407  215s
  6570  4944 552150.729   27  168 668547.963 548732.790  17.9%   394  222s
  6805  5022 548732.790   27  124 668547.963 548732.790  17.9%   387  225s
  7371  5494 552150.729   31  157 668547.963 548732.790  17.9%   372  235s
  8042  6036 548735.772   34  106 668547.963 548732.790  17.9%   359  244s
  8394  6409 595410.077   31  246 668547.963 548747.701  17.9%   352  249s
  8888  6611 552279.387   34  162 668547.963 548753.997  17.9%   345  253s
  9256  6938 552281.397   31  151 668547.963 548754.329  17.9%   340  258s
  9642  7441 548820.865   32   96 668547.963 548754.329  17.9%   336  263s
 10148  7724 552281.397   32  159 668547.963 548754.329  17.9%   330  268s
H10384  7724                    668547.96327 548754.329  17.9%   329  268s
 10431  8083 552281.397   31  184 668547.963 548754.329  17.9%   330  276s
H10436  8083                    668547.94778 548754.329  17.9%   330  276s
H10710  8051                    606129.16310 548754.329  9.47%   327  276s
 10791  8383 548754.329   30  110 606129.163 548754.329  9.47%   326  284s
H10799  8366                    596651.40369 548754.329  8.03%   326  284s
H10832  8364                    596025.07116 548754.329  7.93%   326  284s
H10862  8341                    592986.43790 548754.329  7.46%   325  284s
H10968  8336                    591361.83632 548754.329  7.20%   324  284s
H11126  8857                    591094.68055 548754.329  7.16%   322  292s
H11147  8857                    590311.30578 548754.329  7.04%   322  292s
H11193  8857                    590293.21322 548754.329  7.04%   322  292s
 11666  9312 556275.757   28  151 590293.213 548754.329  7.04%   316  298s
H11668  9312                    589997.13313 548754.329  6.99%   316  298s
 12131  9921 552281.397   26  164 589997.133 548754.329  6.99%   313  306s
H12263  9921                    589995.12287 548756.723  6.99%   312  306s
H12285  9920                    589617.34014 548757.047  6.93%   312  306s
 12744 10572 552291.448   39  178 589617.340 548761.707  6.93%   306  315s
H12895 10572                    589599.24758 548765.845  6.93%   304  315s
 13405 11191 548776.827   32   99 589599.248 548776.827  6.92%   298  322s
H13997 11191                    589597.23732 548776.827  6.92%   294  322s
 14038 11941 548776.827   31   89 589597.237 548776.827  6.92%   294  331s
 14805 12368 552417.884   32  149 589597.237 548785.858  6.92%   287  338s
H15002 12368                    589099.31329 548789.597  6.84%   286  338s
 15243 13512 552241.191   26  178 589099.313 548808.142  6.84%   284  346s
 16427 14217 548817.928   32  104 589099.313 548817.928  6.84%   275  357s
 17160 14571 556664.518   35  130 589099.313 548820.865  6.84%   270  370s
 17519 15144 548820.865   36   99 589099.313 548820.865  6.84%   269  380s
 18104 15792 548864.903   36   95 589099.313 548864.903  6.83%   267  389s
 18765 16724 548866.733   28  194 589099.313 548866.733  6.83%   265  402s
 19729 17132 552963.301   32  213 589099.313 548866.733  6.83%   259  417s
H20149 17132                    589099.29941 548891.636  6.83%   258  417s
 20150 18704 553114.375   37  171 589099.299 548891.636  6.83%   258  425s
 21804 19601 557596.709   37  134 589099.299 548941.812  6.82%   250  439s
 22742 20383 548966.345   45   90 589099.299 548966.345  6.81%   245  449s
 23555 21175 553718.671   39  141 589099.299 548991.248  6.81%   246  468s
 24381 21644 554643.481   47  174 589099.299 549016.151  6.80%   243  479s
 24870 22000 553105.908   30  217 589099.299 549056.228  6.80%   247  486s
 25270 22245 553324.611   39  230 589099.299 549105.187  6.79%   255  499s
 25534 23826 559045.065   47  204 589099.299 549159.172  6.78%   261  527s
 27206 25137 559206.960   56  208 589099.299 549311.130  6.75%   286  543s
 28539 25495 558797.517   45  197 589099.299 549700.899  6.69%   301  559s
 28924 26079 561525.159   60  200 589099.299 549728.593  6.68%   323  593s
H28988 26079                    589099.29935 549728.915  6.68%   323  593s
 29534 26937 549991.494   22  191 589099.299 549758.384  6.68%   327  623s
 30414 29077 560125.744   42  243 589099.299 549856.663  6.66%   335  647s
 32621 30721 561180.378   54  155 589099.299 550624.075  6.53%   346  668s
 34311 32179 556990.778   47  166 589099.299 551505.810  6.38%   350  711s
 35789 35607 555788.882   38  242 589099.299 551942.284  6.31%   350  740s
 39311 38587 553891.247   26  249 589099.299 552241.191  6.26%   343  772s
 42402 39850 554655.518   26  202 589099.299 552398.618  6.23%   334  810s
 43707 42156 555216.068   38  213 589099.299 552417.884  6.23%   330  844s
 46055 42373 556214.706   32  203 589099.299 552595.088  6.20%   329  887s
 46278 42980 554220.445   35  247 589099.299 552685.040  6.18%   329  950s
 46896 43345 554991.527   21  233 589099.299 552699.993  6.18%   328  999s
 47265 46677 557213.100   30  153 589099.299 552727.021  6.17%   328 1031s
 50715 48499 553859.582   25  229 589099.299 552821.505  6.16%   327 1073s
 52603 52589 558653.322   30  364 589099.299 552938.338  6.14%   329 1119s
 56378 52589 559942.701   49  197 589099.299 552953.594  6.14%   323 1120s
 56813 52758 557764.084   31  378 589099.299 552963.301  6.13%   323 1153s
H56940 52758                    589099.28557 553010.099  6.13%   323 1153s
 57003 54142 561451.813   33  108 589099.286 553041.149  6.12%   323 1176s
 58459 56520 554135.833   24  230 589099.286 553059.872  6.12%   325 1206s
 60944 58594 556105.165   31  319 589099.286 553169.647  6.10%   327 1236s
 63055 59268 555144.590   33  260 589099.286 553236.029  6.09%   332 1282s
 63751 61698 556334.966   45  239 589099.286 553265.634  6.08%   335 1320s
 66248 64313 563330.966   47  110 589099.286 553458.089  6.05%   338 1357s
 68926 67220 554932.403   29  175 589099.286 553605.075  6.03%   341 1394s
 71905 68103 562498.838   42  175 589099.286 553700.896  6.01%   343 1450s
 72799 70629 555146.006   28  148 589099.286 553718.782  6.01%   343 1504s
 75374 72472 561976.244   33  170 589099.286 553743.254  6.00%   345 1541s
 77254 73098 556895.150   34  184 589099.286 553814.065  5.99%   352 1603s
 77894 84545 556824.121   39  266 589099.286 553869.745  5.98%   355 1803s
 82791 84545 562643.062   51  149 589099.286 553901.738  5.97%   361 1805s
 89628 84716 557728.734   41  214 589099.286 554258.779  5.91%   368 1850s
 89804 85298 566975.678   44  172 589099.286 554263.982  5.91%   369 1889s
 90401 87319 558393.755   37  149 589099.286 554287.609  5.91%   370 1938s
 92487 90197 567344.785   45  165 589099.286 554325.468  5.90%   372 1999s
 95422 92265 567362.604   49  172 589099.286 554534.551  5.87%   374 2060s
 97528 93970 567764.485   56  160 589099.286 554621.975  5.85%   380 2114s
 99288 96319     cutoff   47      589099.286 554746.558  5.83%   383 2416s
 101701 96867 558826.194   45  276 589099.286 554842.254  5.82%   383 2539s
 102263 100154 558819.176   44  174 589099.286 554853.846  5.81%   384 2658s
 105696 103408 559121.324   47  166 589099.286 554927.755  5.80%   383 2724s
 108289 103408 557692.918   24  321 589099.286 554970.874  5.79%   382 2725s
 109015 105732 557858.535   27  213 589099.286 555016.301  5.79%   381 2783s
 111407 108107 566587.364   59  153 589099.286 555043.564  5.78%   381 2840s
 113862 110520 557589.567   28  173 589099.286 555111.300  5.77%   381 2903s
 116329 112678     cutoff   37      589099.286 555156.619  5.76%   381 2971s
 118537 112701 568245.161   54  164 589099.286 555210.320  5.75%   381 3043s
 118562 113704 558274.704   35  228 589099.286 555231.861  5.75%   382 3104s
 119464 113704     cutoff   34      589099.286 555233.256  5.75%   382 3105s
 119591 115762 560437.656   36  228 589099.286 555237.385  5.75%   382 3188s
 121692 116932 568028.287   51  136 589099.286 555292.915  5.74%   383 3402s
 122882 119822 567982.797   55  147 589099.286 555372.336  5.73%   384 3489s
 123528 119822 557010.400   31  224 589099.286 555382.116  5.72%   384 3490s
 125830 122144 556995.335   31  263 589099.286 555462.174  5.71%   384 3556s
 128216 125861 557688.071   38  161 589099.286 555527.274  5.70%   386 3646s
 132045 127976     cutoff   39      589099.286 555655.042  5.68%   386 3716s
 134197 128243 557763.364   32  134 589099.286 555715.626  5.67%   386 3816s
 134476 129506 569044.519   46  190 589099.286 555740.453  5.66%   387 3943s
 135763 131593 556095.680   31  197 589099.286 555759.607  5.66%   386 4033s
 137916 132461 558928.066   38  142 589099.286 555799.931  5.65%   386 4284s
 138809 135568 562095.318   33  238 589099.286 555840.392  5.65%   386 4376s
 142020 138838 568871.575   44  210 589099.286 555912.558  5.63%   387 4450s
 145394 141273 570254.061   60  193 589099.286 555959.926  5.63%   387 4520s
 147908 143085 558612.250   31  247 589099.286 555995.863  5.62%   388 4566s
 149771 143116 559162.880   35  239 589099.286 556077.844  5.61%   390 4671s
 149806 143877 568148.004   49  230 589099.286 556086.883  5.60%   391 4758s
 150587 145957 564630.012   37  221 589099.286 556099.582  5.60%   391 4830s
 152725 148498 558774.335   42  266 589099.286 556117.941  5.60%   392 4892s
 155329 151413 559141.788   27  229 589099.286 556172.946  5.59%   395 4956s
 158295 153329 570649.006   68  204 589099.286 556211.477  5.58%   397 5006s
 160265 155580 563746.157   36  219 589099.286 556275.757  5.57%   398 5057s
 162549 156814 568780.980   41  195 589099.286 556313.487  5.57%   401 5232s
 163823 158471 563131.545   60  275 589099.286 556365.611  5.56%   403 5273s

Cutting planes:
  Gomory: 3
  Lift-and-project: 21
  Implied bound: 16
  MIR: 59
  StrongCG: 5
  Flow cover: 1182
  Inf proof: 23
  Zero half: 67
  RLT: 296
  Relax-and-lift: 46

Explored 165517 nodes (67081456 simplex iterations) in 5275.62 seconds (2825.19 work units)
Thread count was 24 (of 32 available processors)

Solution count 10: 589099 589099 589099 ... 590293

Solve interrupted
Best objective 5.890992856019e+05, best bound 5.563740857656e+05, gap 5.5551%
