
Gurobi 12.0.3 (win64) logging started Sun Jun 21 00:09:44 2026

Set parameter LogFile to value "output\DCH_taller_julio\Costo_variable\Carga_on_board_640kW_3cargadores\gurobi.log"
Set parameter Threads to value 32
Set parameter Heuristics to value 0.5
Set parameter MIPFocus to value 3
Set parameter Presolve to value 2
Set parameter FlowCoverCuts to value 2
Set parameter TimeLimit to value 172800
Gurobi Optimizer version 12.0.3 build v12.0.3rc0 (win64 - Windows 11+.0 (26200.2))

CPU model: Intel(R) Core(TM) i9-14900K, instruction set [SSE2|AVX|AVX2]
Thread count: 24 physical cores, 32 logical processors, using up to 32 threads

Non-default parameters:
TimeLimit  172800
MIPGap  0.01
Heuristics  0.5
MIPFocus  3
FlowCoverCuts  2
Presolve  2
Threads  32

Optimize a model with 822978 rows, 1412359 columns and 4050729 nonzeros
Model fingerprint: 0x2dfc8103
Variable types: 631297 continuous, 781062 integer (781059 binary)
Coefficient statistics:
  Matrix range     [1e-01, 6e+02]
  Objective range  [3e-03, 1e+05]
  Bounds range     [1e+00, 1e+00]
  RHS range        [1e+00, 4e+04]

User MIP start produced solution with objective 710482 (0.35s)
User MIP start produced solution with objective 710482 (0.51s)
Loaded user MIP start with objective 710482

Presolve removed 729594 rows and 1040562 columns
Presolve time: 0.43s
Presolved: 93384 rows, 371797 columns, 1402836 nonzeros
Variable types: 35701 continuous, 336096 integer (336096 binary)
Performing another presolve...
Presolve removed 7092 rows and 5652 columns (presolve time = 22s)...
Presolve removed 7092 rows and 5652 columns
Presolve time: 22.21s
Root relaxation presolved: 102708 rows, 366145 columns, 1142268 nonzeros

Deterministic concurrent LP optimizer: primal simplex, dual simplex, and barrier
Showing barrier log only...

Root barrier log...

Ordering time: 0.11s

Barrier statistics:
 Dense cols : 1
 AA' NZ     : 1.108e+06
 Factor NZ  : 5.112e+06 (roughly 230 MB of memory)
 Factor Ops : 6.000e+08 (less than 1 second per iteration)
 Threads    : 30

                  Objective                Residual
Iter       Primal          Dual         Primal    Dual     Compl     Time
   0   4.00231635e+06 -7.55783672e+08  2.03e+04 6.11e+00  2.13e+04    24s
   1   3.13845130e+06 -4.55630146e+08  1.14e+04 1.42e+00  1.15e+04    25s
   2   1.86750024e+06 -2.88928125e+08  1.01e+03 3.41e-13  1.30e+03    25s
   3   1.08759246e+06 -9.58147822e+07  7.38e+01 2.84e-13  1.83e+02    25s
   4   9.55075695e+05 -1.28454734e+07  2.28e+01 3.41e-13  3.15e+01    25s
   5   9.38909490e+05 -8.16815002e+06  1.93e+01 1.99e-13  2.10e+01    25s
   6   8.81446875e+05 -5.98603519e+06  1.07e+01 1.28e-13  1.31e+01    25s
   7   7.73193394e+05 -2.31530926e+06  8.46e-01 7.82e-14  4.05e+00    25s
   8   7.27392982e+05 -3.61450120e+05  5.63e-01 3.33e-13  1.40e+00    25s
   9   6.85488207e+05  2.45845184e+05  2.84e-01 2.84e-14  5.58e-01    25s
  10   6.66844256e+05  4.37462281e+05  1.71e-01 2.15e-14  2.89e-01    25s
  11   6.50641019e+05  5.40460405e+05  8.82e-02 1.64e-14  1.38e-01    26s
  12   6.40764860e+05  5.80901896e+05  4.83e-02 1.67e-14  7.50e-02    26s
  13   6.33732669e+05  6.03746013e+05  2.36e-02 2.74e-13  3.75e-02    26s
  14   6.31327871e+05  6.12512852e+05  1.72e-02 1.85e-14  2.35e-02    26s
  15   6.28507195e+05  6.17492717e+05  1.03e-02 9.08e-13  1.38e-02    26s
  16   6.27430673e+05  6.19793233e+05  7.86e-03 2.62e-13  9.55e-03    26s
  17   6.26237632e+05  6.21576252e+05  5.26e-03 2.30e-14  5.83e-03    26s
  18   6.25360485e+05  6.22216570e+05  3.37e-03 2.82e-14  3.93e-03    26s
  19   6.24552680e+05  6.22969803e+05  1.69e-03 1.94e-14  1.98e-03    26s
  20   6.24314851e+05  6.23230953e+05  1.19e-03 2.88e-14  1.36e-03    26s
  21   6.24054488e+05  6.23397694e+05  6.56e-04 5.35e-13  8.21e-04    26s
  22   6.23966186e+05  6.23486916e+05  4.73e-04 4.92e-13  5.99e-04    27s
  23   6.23872630e+05  6.23520763e+05  2.85e-04 2.21e-13  4.40e-04    27s
  24   6.23831519e+05  6.23619264e+05  2.03e-04 4.12e-13  2.65e-04    27s
  25   6.23789664e+05  6.23657758e+05  1.19e-04 1.94e-13  1.65e-04    27s
  26   6.23744267e+05  6.23706694e+05  3.11e-05 1.74e-13  4.70e-05    27s
  27   6.23735849e+05  6.23718559e+05  1.62e-05 1.69e-14  2.16e-05    27s
  28   6.23730506e+05  6.23722720e+05  6.93e-06 5.79e-13  9.73e-06    27s
  29   6.23728166e+05  6.23725339e+05  2.95e-06 2.39e-14  3.53e-06    27s
  30   6.23727102e+05  6.23726095e+05  1.17e-06 1.72e-14  1.26e-06    27s
  31   6.23726740e+05  6.23726323e+05  5.81e-07 1.87e-14  5.23e-07    27s
  32   6.23726491e+05  6.23726370e+05  1.73e-07 2.25e-14  1.51e-07    27s
  33   6.23726389e+05  6.23726376e+05  7.91e-08 1.39e-12  1.66e-08    27s
  34   6.23726377e+05  6.23726377e+05  4.67e-09 1.82e-14  7.54e-12    28s

Barrier solved model in 34 iterations and 27.60 seconds (43.65 work units)
Optimal objective 6.23726377e+05


Root crossover log...

   15915 DPushes remaining with DInf 0.0000000e+00                28s
       0 DPushes remaining with DInf 0.0000000e+00                28s

  153432 PPushes remaining with PInf 0.0000000e+00                28s
    6897 PPushes remaining with PInf 0.0000000e+00                30s
       0 PPushes remaining with PInf 0.0000000e+00                30s

  Push phase complete: Pinf 0.0000000e+00, Dinf 1.2946834e-10     30s


Root simplex log...

Iteration    Objective       Primal Inf.    Dual Inf.      Time
  158165    6.2372638e+05   0.000000e+00   0.000000e+00     30s
Concurrent spin time: 0.75s (can be avoided by choosing Method=3)

Solved with barrier
  158165    6.2372638e+05   0.000000e+00   0.000000e+00     31s

Root relaxation: objective 6.237264e+05, 158165 iterations, 7.53 seconds (7.62 work units)
Total elapsed time = 37.60s (DegenMoves)
Total elapsed time = 42.18s (DegenMoves)
Total elapsed time = 46.06s (DegenMoves)
Total elapsed time = 50.20s (DegenMoves)

    Nodes    |    Current Node    |     Objective Bounds      |     Work
 Expl Unexpl |  Obj  Depth IntInf | Incumbent    BestBd   Gap | It/Node Time

     0     0 623726.377    0 10462 710481.525 623726.377  12.2%     -   51s
H    0     0                    710437.65890 623726.377  12.2%     -   52s
H    0     0                    709182.68747 623726.377  12.0%     -   53s
H    0     0                    709017.70173 623726.377  12.0%     -   53s
H    0     0                    708816.58386 623726.377  12.0%     -   53s
     0     0 625340.874    0 10868 708816.584 625340.874  11.8%     -   63s
     0     0 625391.528    0 11892 708816.584 625391.528  11.8%     -   65s
     0     0 625446.781    0 11840 708816.584 625446.781  11.8%     -   65s
     0     0 625446.808    0 11812 708816.584 625446.808  11.8%     -   66s
     0     0 627055.076    0 11328 708816.584 627055.076  11.5%     -   82s
H    0     0                    708805.37770 627070.291  11.5%     -   83s
H    0     0                    708181.48457 627070.291  11.5%     -   83s
H    0     0                    707116.52564 627070.291  11.3%     -   83s
H    0     0                    707106.79671 627070.291  11.3%     -   83s
H    0     0                    707052.47193 627070.291  11.3%     -   84s
     0     0 627182.029    0 11964 707052.472 627182.029  11.3%     -   86s
     0     0 627193.753    0 11930 707052.472 627193.753  11.3%     -   86s
     0     0 627194.658    0 11956 707052.472 627194.658  11.3%     -   87s
     0     0 627194.688    0 11976 707052.472 627194.688  11.3%     -   87s
     0     0 628403.218    0 11005 707052.472 628403.218  11.1%     -   97s
     0     0 628511.148    0 11939 707052.472 628511.148  11.1%     -  107s
     0     0 628521.298    0 11964 707052.472 628521.298  11.1%     -  107s
     0     0 628522.170    0 12021 707052.472 628522.170  11.1%     -  108s
     0     0 628522.207    0 12026 707052.472 628522.207  11.1%     -  108s
     0     0 629082.770    0 11317 707052.472 629082.770  11.0%     -  116s
H    0     0                    707035.42543 629086.483  11.0%     -  121s
H    0     0                    707035.42178 629086.483  11.0%     -  121s
     0     0 629143.089    0 12176 707035.422 629143.089  11.0%     -  123s
     0     0 629158.989    0 12329 707035.422 629158.989  11.0%     -  123s
     0     0 629159.556    0 12454 707035.422 629159.556  11.0%     -  124s
     0     0 629652.118    0 11694 707035.422 629652.118  10.9%     -  134s
     0     0 629734.336    0 12536 707035.422 629734.336  10.9%     -  136s
     0     0 629738.547    0 12861 707035.422 629738.547  10.9%     -  137s
     0     0 629745.094    0 12881 707035.422 629745.094  10.9%     -  138s
     0     0 629746.649    0 12984 707035.422 629746.649  10.9%     -  138s
     0     0 629746.653    0 12969 707035.422 629746.653  10.9%     -  138s
     0     0 630068.742    0 11868 707035.422 630068.742  10.9%     -  148s
H    0     0                    707032.66916 630082.695  10.9%     -  150s
H    0     0                    706305.84335 630082.695  10.8%     -  151s
H    0     0                    705560.38188 630082.695  10.7%     -  151s
H    0     0                    705379.70752 630082.695  10.7%     -  152s
H    0     0                    705378.71714 630082.695  10.7%     -  152s
H    0     0                    705031.52177 630082.695  10.6%     -  152s
H    0     0                    704619.99577 630082.695  10.6%     -  152s
H    0     0                    704619.98616 630082.695  10.6%     -  153s
H    0     0                    704619.97151 630082.695  10.6%     -  156s
H    0     0                    704619.97136 630082.695  10.6%     -  156s
H    0     0                    704619.94170 630082.695  10.6%     -  156s
H    0     0                    704619.93250 630082.695  10.6%     -  156s
H    0     0                    704596.82005 630082.695  10.6%     -  156s
     0     0 630150.082    0 12826 704596.820 630150.082  10.6%     -  159s
     0     0 630165.201    0 13067 704596.820 630165.201  10.6%     -  159s
     0     0 630166.004    0 13178 704596.820 630166.004  10.6%     -  160s
     0     0 630385.025    0 12313 704596.820 630385.025  10.5%     -  170s
     0     0 630512.482    0 13099 704596.820 630512.482  10.5%     -  176s
     0     0 630525.234    0 13527 704596.820 630525.234  10.5%     -  178s
     0     0 630526.067    0 13665 704596.820 630526.067  10.5%     -  178s
     0     0 630756.301    0 12557 704596.820 630756.301  10.5%     -  187s
H    0     0                    704593.54353 630760.901  10.5%     -  194s
H    0     0                    703957.67869 630760.901  10.4%     -  194s
H    0     0                    703896.28404 630760.901  10.4%     -  194s
H    0     0                    703460.72389 630760.901  10.3%     -  195s
H    0     0                    703458.59210 630760.901  10.3%     -  195s
H    0     0                    703393.70205 630760.901  10.3%     -  196s
H    0     0                    703392.90933 630760.901  10.3%     -  201s
H    0     0                    703392.43540 630760.901  10.3%     -  201s
     0     0 630829.219    0 13138 703392.435 630829.219  10.3%     -  203s
     0     0 630842.095    0 13646 703392.435 630842.095  10.3%     -  204s
     0     0 630842.700    0 13814 703392.435 630842.700  10.3%     -  205s
     0     0 631016.415    0 12739 703392.435 631016.415  10.3%     -  214s
H    0     0                    703391.59975 631019.666  10.3%     -  216s
H    0     0                    703360.31582 631019.666  10.3%     -  218s
H    0     0                    703347.92897 631019.666  10.3%     -  222s
H    0     0                    702792.33291 631019.666  10.2%     -  223s
H    0     0                    702784.78160 631019.666  10.2%     -  224s
H    0     0                    702740.60731 631019.666  10.2%     -  226s
H    0     0                    702538.45623 631019.666  10.2%     -  233s
H    0     0                    702459.02042 631019.666  10.2%     -  233s
H    0     0                    702319.58868 631019.666  10.2%     -  233s
H    0     0                    702253.79923 631019.666  10.1%     -  233s
H    0     0                    702214.47869 631019.666  10.1%     -  233s
H    0     0                    702209.90114 631019.666  10.1%     -  236s
H    0     0                    702190.24912 631019.666  10.1%     -  242s
     0     0 631104.607    0 13404 702190.249 631104.607  10.1%     -  246s
     0     0 631138.381    0 13962 702190.249 631138.381  10.1%     -  248s
     0     0 631141.192    0 14014 702190.249 631141.192  10.1%     -  248s
     0     0 631141.423    0 14133 702190.249 631141.423  10.1%     -  249s
     0     0 631306.890    0 12902 702190.249 631306.890  10.1%     -  259s
H    0     0                    702141.38064 631314.560  10.1%     -  262s
H    0     0                    702112.96052 631314.560  10.1%     -  262s
     0     0 631393.880    0 13529 702112.961 631393.880  10.1%     -  264s
     0     0 631408.298    0 13860 702112.961 631408.298  10.1%     -  265s
     0     0 631410.221    0 14159 702112.961 631410.221  10.1%     -  266s
     0     0 631620.845    0 13665 702112.961 631620.845  10.0%     -  278s
H    0     0                    702035.41678 631622.011  10.0%     -  281s
H    0     0                    702019.23487 631622.011  10.0%     -  285s
H    0     0                    701795.81018 631622.011  10.0%     -  286s
H    0     0                    701518.08700 631622.011  10.0%     -  287s
H    0     0                    701112.25980 631622.011  9.91%     -  295s
H    0     0                    701112.12760 631622.011  9.91%     -  297s
H    0     0                    701106.48558 631622.011  9.91%     -  303s
     0     0 631681.629    0 13860 701106.486 631681.629  9.90%     -  307s
     0     0 631693.199    0 14250 701106.486 631693.199  9.90%     -  308s
     0     0 631695.287    0 14435 701106.486 631695.287  9.90%     -  309s
     0     0 631921.517    0 13396 701106.486 631921.517  9.87%     -  321s
H    0     0                    701103.64456 631923.037  9.87%     -  327s
H    0     0                    700890.49059 631923.037  9.84%     -  328s
H    0     0                    699970.63923 631923.037  9.72%     -  329s
H    0     0                    699652.69168 631923.037  9.68%     -  330s
     0     0 631983.930    0 13845 699652.692 631983.930  9.67%     -  332s
     0     0 632009.133    0 14098 699652.692 632009.133  9.67%     -  333s
     0     0 632012.974    0 14435 699652.692 632012.974  9.67%     -  334s
     0     0 632013.294    0 14529 699652.692 632013.294  9.67%     -  335s
     0     0 632179.862    0 13842 699652.692 632179.862  9.64%     -  347s
H    0     0                    699648.68839 632186.745  9.64%     -  352s
H    0     0                    699560.40291 632186.745  9.63%     -  355s
H    0     0                    699107.45438 632186.745  9.57%     -  355s
H    0     0                    699081.40801 632186.745  9.57%     -  355s
     0     0 632249.906    0 13917 699081.408 632249.906  9.56%     -  361s
     0     0 632268.129    0 14317 699081.408 632268.129  9.56%     -  362s
     0     0 632273.646    0 14535 699081.408 632273.646  9.56%     -  363s
     0     0 632275.065    0 14678 699081.408 632275.065  9.56%     -  364s
     0     0 632560.726    0 13223 699081.408 632560.726  9.52%     -  375s
H    0     0                    698151.35892 632563.257  9.39%     -  389s
H    0     0                    697986.97636 632563.257  9.37%     -  390s
H    0     0                    697961.01992 632563.257  9.37%     -  392s
H    0     0                    697960.30569 632563.257  9.37%     -  393s
H    0     0                    697959.93152 632563.257  9.37%     -  394s
H    0     0                    697951.31044 632563.257  9.37%     -  395s
     0     0 632611.801    0 13694 697951.310 632611.801  9.36%     -  396s
     0     0 632630.366    0 14050 697951.310 632630.366  9.36%     -  398s
     0     0 632635.946    0 14481 697951.310 632635.946  9.36%     -  399s
     0     0 632636.839    0 14591 697951.310 632636.839  9.36%     -  400s
     0     0 632863.670    0 13393 697951.310 632863.670  9.33%     -  427s
H    0     0                    697863.57469 632864.717  9.31%     -  434s
H    0     0                    697837.61699 632864.717  9.31%     -  435s
H    0     0                    697615.36349 632864.717  9.28%     -  438s
H    0     0                    697615.35735 632864.717  9.28%     -  445s
H    0     0                    697610.50446 632864.717  9.28%     -  445s
H    0     0                    697599.85996 632864.717  9.28%     -  446s
H    0     0                    697598.69317 632864.717  9.28%     -  446s
H    0     0                    697581.98542 632864.717  9.28%     -  448s
H    0     0                    697581.88320 632864.717  9.28%     -  452s
     0     0 632911.945    0 13832 697581.883 632911.945  9.27%     -  456s
     0     0 632933.739    0 14155 697581.883 632933.739  9.27%     -  457s
     0     0 632944.397    0 14528 697581.883 632944.397  9.27%     -  458s
     0     0 632948.179    0 14731 697581.883 632948.179  9.27%     -  459s
     0     0 632948.524    0 14810 697581.883 632948.524  9.27%     -  460s
     0     0 633807.766    0 13214 697581.883 633807.766  9.14%     -  474s
     0     0 633897.075    0 13451 697581.883 633897.075  9.13%     -  500s
     0     0 633930.500    0 13600 697581.883 633930.500  9.12%     -  502s
     0     0 633938.717    0 13943 697581.883 633938.717  9.12%     -  503s
     0     0 633941.165    0 14225 697581.883 633941.165  9.12%     -  504s
     0     0 634179.029    0 12945 697581.883 634179.029  9.09%     -  516s
     0     0 634211.327    0 13348 697581.883 634211.327  9.08%     -  536s
     0     0 634253.267    0 13693 697581.883 634253.267  9.08%     -  538s
     0     0 634262.552    0 14012 697581.883 634262.552  9.08%     -  539s
     0     0 634268.524    0 14353 697581.883 634268.524  9.08%     -  540s
     0     0 634269.343    0 14665 697581.883 634269.343  9.08%     -  540s
     0     0 634534.887    0 13334 697581.883 634534.887  9.04%     -  550s
     0     0 634551.202    0 13724 697581.883 634551.202  9.04%     -  575s
     0     0 634594.569    0 13849 697581.883 634594.569  9.03%     -  577s
     0     0 634604.252    0 14213 697581.883 634604.252  9.03%     -  578s
     0     0 634609.022    0 14489 697581.883 634609.022  9.03%     -  579s
     0     0 634610.030    0 14628 697581.883 634610.030  9.03%     -  580s
     0     0 634960.948    0 13362 697581.883 634960.948  8.98%     -  589s
     0     0 634989.879    0 13768 697581.883 634989.879  8.97%     -  601s
     0     0 635010.936    0 13916 697581.883 635010.936  8.97%     -  602s
     0     0 635018.115    0 14240 697581.883 635018.115  8.97%     -  603s
     0     0 635021.877    0 14418 697581.883 635021.877  8.97%     -  604s
     0     0 635022.680    0 14577 697581.883 635022.680  8.97%     -  604s
     0     0 635254.252    0 12935 697581.883 635254.252  8.93%     -  614s
H    0     0                    695407.25896 635254.320  8.65%     -  667s
H    0     0                    695404.38687 635254.320  8.65%     -  667s
H    0     0                    695404.06148 635254.320  8.65%     -  667s
     0     0 635276.854    0 13532 695404.061 635276.854  8.65%     -  670s
     0     0 635306.187    0 13995 695404.061 635306.187  8.64%     -  671s
     0     0 635312.947    0 14200 695404.061 635312.947  8.64%     -  672s
     0     0 635317.181    0 14390 695404.061 635317.181  8.64%     -  673s
     0     0 635317.720    0 14603 695404.061 635317.720  8.64%     -  674s
     0     0 635612.107    0 12962 695404.061 635612.107  8.60%     -  683s
     0     0 635624.690    0 13595 695404.061 635624.690  8.60%     -  685s
     0     0 635646.416    0 13815 695404.061 635646.416  8.59%     -  686s
     0     0 635656.955    0 14135 695404.061 635656.955  8.59%     -  687s
     0     0 635663.022    0 14378 695404.061 635663.022  8.59%     -  688s
     0     0 635665.128    0 14613 695404.061 635665.128  8.59%     -  689s
     0     0 635875.918    0 13798 695404.061 635875.918  8.56%     -  704s
H    0     0                    695402.62793 635883.729  8.56%     -  713s
H    0     0                    695402.32238 635883.729  8.56%     -  715s
H    0     0                    695384.18802 635883.729  8.56%     -  716s
H    0     0                    695383.92585 635883.729  8.56%     -  717s
H    0     0                    695383.81260 635883.729  8.56%     -  723s
H    0     0                    695383.80173 635883.729  8.56%     -  723s
H    0     0                    695383.69071 635883.729  8.56%     -  723s
     0     0 635890.938    0 14042 695383.691 635890.938  8.56%     -  729s
     0     0 635903.865    0 14346 695383.691 635903.865  8.55%     -  731s
     0     0 635914.269    0 14356 695383.691 635914.269  8.55%     -  732s
     0     0 635919.171    0 14566 695383.691 635919.171  8.55%     -  733s
     0     0 635922.449    0 14842 695383.691 635922.449  8.55%     -  733s
     0     0 635922.572    0 14976 695383.691 635922.572  8.55%     -  734s
     0     0 636101.188    0 13174 695383.691 636101.188  8.53%     -  744s
     0     0 636133.379    0 13533 695383.691 636133.379  8.52%     -  746s
     0     0 636161.454    0 14023 695383.691 636161.454  8.52%     -  748s
     0     0 636169.247    0 14189 695383.691 636169.247  8.52%     -  748s
     0     0 636174.503    0 14476 695383.691 636174.503  8.51%     -  749s
     0     0 636177.973    0 14714 695383.691 636177.973  8.51%     -  750s
     0     0 636178.399    0 14858 695383.691 636178.399  8.51%     -  750s
     0     0 636437.397    0 13323 695383.691 636437.397  8.48%     -  761s
H    0     0                    694679.10707 636438.482  8.38%     -  773s
H    0     0                    693288.79810 636438.482  8.20%     -  777s
H    0     0                    692866.78289 636438.482  8.14%     -  779s
H    0     0                    692783.65666 636438.482  8.13%     -  782s
H    0     0                    692611.96211 636438.482  8.11%     -  787s
H    0     0                    692579.22392 636438.482  8.11%     -  792s
     0     0 636458.118    0 13813 692579.224 636458.118  8.10%     -  801s
     0     0 636465.913    0 14180 692579.224 636465.913  8.10%     -  802s
     0     0 636470.884    0 14503 692579.224 636470.884  8.10%     -  803s
     0     0 636477.470    0 14639 692579.224 636477.470  8.10%     -  804s
     0     0 636479.959    0 14770 692579.224 636479.959  8.10%     -  805s
     0     0 636591.646    0 13430 692579.224 636591.646  8.08%     -  814s
H    0     0                    692579.15001 636592.898  8.08%     -  817s
H    0     0                    692501.84292 636592.898  8.07%     -  821s
H    0     0                    692475.23192 636592.898  8.07%     -  823s
H    0     0                    692368.95500 636592.898  8.06%     -  824s
H    0     0                    692359.75299 636592.898  8.05%     -  825s
H    0     0                    692314.80000 636592.898  8.05%     -  834s
H    0     0                    692224.33068 636592.898  8.04%     -  834s
H    0     0                    692098.40665 636592.898  8.02%     -  834s
H    0     0                    692082.80436 636592.898  8.02%     -  834s
H    0     0                    692078.35429 636592.898  8.02%     -  836s
H    0     0                    691883.75992 636592.898  7.99%     -  896s
H    0     0                    691767.25051 636592.898  7.98%     -  896s
H    0     0                    691749.89406 636592.898  7.97%     -  896s
H    0     0                    691745.38476 636592.898  7.97%     -  896s
     0     0 636604.865    0 13869 691745.385 636604.865  7.97%     -  899s
     0     0 636624.138    0 14107 691745.385 636624.138  7.97%     -  900s
     0     0 636631.933    0 14439 691745.385 636631.933  7.97%     -  901s
     0     0 636638.950    0 14509 691745.385 636638.950  7.97%     -  902s
     0     0 636642.768    0 14585 691745.385 636642.768  7.97%     -  903s
     0     0 636643.991    0 14794 691745.385 636643.991  7.97%     -  903s
     0     0 636804.605    0 13622 691745.385 636804.605  7.94%     -  915s
H    0     0                    691663.67615 636809.267  7.93%     -  921s
H    0     0                    691601.55512 636809.267  7.92%     -  923s
H    0     0                    691473.54655 636809.267  7.91%     -  925s
     0     0 636822.564    0 13816 691473.547 636822.564  7.90%     -  960s
     0     0 636833.355    0 14128 691473.547 636833.355  7.90%     -  961s
     0     0 636842.845    0 14481 691473.547 636842.845  7.90%     -  962s
     0     0 636847.569    0 14640 691473.547 636847.569  7.90%     -  963s
     0     0 636851.747    0 14875 691473.547 636851.747  7.90%     -  964s
     0     0 636853.385    0 14986 691473.547 636853.385  7.90%     -  965s
     0     0 636961.318    0 13371 691473.547 636961.318  7.88%     -  975s
     0     0 636970.280    0 13640 691473.547 636970.280  7.88%     -  993s
     0     0 636984.637    0 14031 691473.547 636984.637  7.88%     -  995s
     0     0 636991.481    0 14182 691473.547 636991.481  7.88%     -  995s
     0     0 636996.898    0 14359 691473.547 636996.898  7.88%     -  996s
     0     0 637002.202    0 14575 691473.547 637002.202  7.88%     -  997s
     0     0 637003.504    0 14755 691473.547 637003.504  7.88%     -  997s
     0     0 637145.524    0 13432 691473.547 637145.524  7.86%     - 1007s
H    0     0                    689376.29164 637145.614  7.58%     - 1017s
H    0     0                    689239.78952 637145.614  7.56%     - 1018s
H    0     0                    689059.88109 637145.614  7.53%     - 1021s
H    0     0                    689059.85645 637145.614  7.53%     - 1027s
H    0     0                    689059.85475 637145.614  7.53%     - 1027s
H    0     0                    689059.75524 637145.614  7.53%     - 1027s
H    0     0                    689059.55527 637145.614  7.53%     - 1027s
H    0     0                    689059.38255 637145.614  7.53%     - 1027s
     0     0 637153.736    0 13958 689059.383 637153.736  7.53%     - 1031s
     0     0 637167.897    0 14130 689059.383 637167.897  7.53%     - 1033s
     0     0 637175.718    0 14373 689059.383 637175.718  7.53%     - 1034s
     0     0 637180.469    0 14472 689059.383 637180.469  7.53%     - 1034s
     0     0 637184.018    0 14631 689059.383 637184.018  7.53%     - 1035s
     0     0 637186.287    0 14838 689059.383 637186.287  7.53%     - 1036s
     0     0 637325.871    0 13414 689059.383 637325.871  7.51%     - 1047s
     0     0 637344.022    0 13846 689059.383 637344.022  7.51%     - 1049s
     0     0 637362.300    0 14150 689059.383 637362.300  7.50%     - 1050s
     0     0 637376.383    0 14257 689059.383 637376.383  7.50%     - 1051s
     0     0 637382.712    0 14411 689059.383 637382.712  7.50%     - 1052s
     0     0 637388.048    0 14603 689059.383 637388.048  7.50%     - 1053s
     0     0 637390.573    0 14789 689059.383 637390.573  7.50%     - 1054s
     0     0 637512.108    0 13550 689059.383 637512.108  7.48%     - 1069s
     0     0 637520.024    0 14139 689059.383 637520.024  7.48%     - 1109s
     0     0 637522.977    0 14485 689059.383 637522.977  7.48%     - 1110s
     0     0 637666.972    0 13490 689059.383 637666.972  7.46%     - 1119s
     0     0 637678.056    0 13875 689059.383 637678.056  7.46%     - 1139s
     0     0 637706.073    0 14070 689059.383 637706.073  7.45%     - 1140s
     0     0 637710.082    0 14301 689059.383 637710.082  7.45%     - 1141s
     0     0 637717.210    0 14510 689059.383 637717.210  7.45%     - 1142s
     0     0 637721.642    0 14725 689059.383 637721.642  7.45%     - 1143s
     0     0 637724.072    0 15031 689059.383 637724.072  7.45%     - 1144s
     0     0 637838.305    0 13549 689059.383 637838.305  7.43%     - 1162s
     0     0 637854.581    0 13935 689059.383 637854.581  7.43%     - 1164s
     0     0 637870.431    0 14232 689059.383 637870.431  7.43%     - 1165s
     0     0 637877.846    0 14414 689059.383 637877.846  7.43%     - 1166s
     0     0 637883.515    0 14662 689059.383 637883.515  7.43%     - 1167s
     0     0 637886.361    0 14782 689059.383 637886.361  7.43%     - 1168s
     0     0 638055.733    0 13519 689059.383 638055.733  7.40%     - 1178s
     0     0 638068.776    0 14033 689059.383 638068.776  7.40%     - 1179s
     0     0 638091.173    0 14329 689059.383 638091.173  7.40%     - 1181s
     0     0 638099.056    0 14483 689059.383 638099.056  7.40%     - 1182s
     0     0 638113.990    0 14702 689059.383 638113.990  7.39%     - 1183s
     0     0 638117.491    0 14821 689059.383 638117.491  7.39%     - 1184s
     0     0 638172.177    0 14307 689059.383 638172.177  7.39%     - 1197s
H    0     0                    688356.78901 638183.228  7.29%     - 1210s
H    0     0                    687634.96964 638183.228  7.19%     - 1214s
H    0     0                    687258.27302 638183.228  7.14%     - 1222s
H    0     0                    687177.17799 638183.228  7.13%     - 1223s
H    0     0                    687176.59903 638183.228  7.13%     - 1228s
H    0     0                    687158.76435 638183.228  7.13%     - 1240s
H    0     0                    687157.63374 638183.228  7.13%     - 1247s
H    0     0                    686620.82382 638183.228  7.05%     - 1251s
     0     0 638198.696    0 14417 686620.824 638198.696  7.05%     - 1259s
     0     0 638216.941    0 14578 686620.824 638216.941  7.05%     - 1260s
     0     0 638229.224    0 14670 686620.824 638229.224  7.05%     - 1261s
     0     0 638236.861    0 14911 686620.824 638236.861  7.05%     - 1262s
     0     0 638239.349    0 15057 686620.824 638239.349  7.05%     - 1263s
     0     0 638332.112    0 13569 686620.824 638332.112  7.03%     - 1273s
H    0     0                    686618.90955 638332.575  7.03%     - 1277s
H    0     0                    686617.90502 638332.575  7.03%     - 1281s
H    0     0                    686603.74685 638332.575  7.03%     - 1286s
H    0     0                    686336.23610 638332.575  6.99%     - 1296s
H    0     0                    686097.37024 638332.575  6.96%     - 1296s
H    0     0                    686068.83603 638332.575  6.96%     - 1299s
H    0     0                    686051.84817 638332.575  6.96%     - 1307s
     0     0 638336.873    0 13941 686051.848 638336.873  6.96%     - 1311s
     0     0 638354.145    0 14097 686051.848 638354.145  6.95%     - 1312s
     0     0 638360.936    0 14305 686051.848 638360.936  6.95%     - 1313s
     0     0 638368.284    0 14567 686051.848 638368.284  6.95%     - 1314s
     0     0 638371.349    0 14683 686051.848 638371.349  6.95%     - 1315s
     0     0 638450.183    0 13607 686051.848 638450.183  6.94%     - 1330s
     0     0 638454.087    0 14176 686051.848 638454.087  6.94%     - 1374s
     0     0 638465.680    0 14330 686051.848 638465.680  6.94%     - 1375s
     0     0 638469.003    0 14509 686051.848 638469.003  6.94%     - 1376s
     0     0 638526.739    0 13474 686051.848 638526.739  6.93%     - 1385s
H    0     0                    685865.00713 638526.903  6.90%     - 1392s
H    0     0                    685864.54871 638526.903  6.90%     - 1394s
H    0     0                    685799.57201 638526.903  6.89%     - 1398s
H    0     0                    685543.66173 638526.903  6.86%     - 1399s
H    0     0                    685465.99510 638526.903  6.85%     - 1410s
H    0     0                    685442.16659 638526.903  6.84%     - 1410s
H    0     0                    685414.08513 638526.903  6.84%     - 1410s
H    0     0                    685157.86022 638526.903  6.81%     - 1410s
     0     0 638532.332    0 13848 685157.860 638532.332  6.81%     - 1488s
     0     0 638549.141    0 14070 685157.860 638549.141  6.80%     - 1489s
     0     0 638564.512    0 14299 685157.860 638564.512  6.80%     - 1490s
     0     0 638569.733    0 14369 685157.860 638569.733  6.80%     - 1491s
     0     0 638574.464    0 14554 685157.860 638574.464  6.80%     - 1492s
     0     0 638579.903    0 14773 685157.860 638579.903  6.80%     - 1493s
     0     0 638583.707    0 14852 685157.860 638583.707  6.80%     - 1493s
     0     0 638674.609    0 13574 685157.860 638674.609  6.78%     - 1506s
H    0     0                    684451.93229 638674.987  6.69%     - 1538s
H    0     0                    684310.31686 638674.987  6.67%     - 1546s
H    0     0                    684029.26422 638674.987  6.63%     - 1563s
H    0     0                    683960.12691 638674.987  6.62%     - 1570s
H    0     0                    682890.26311 638674.987  6.47%     - 1579s
     0     0 638682.608    0 13856 682890.263 638682.608  6.47%     - 1595s
     0     0 638692.032    0 14120 682890.263 638692.032  6.47%     - 1596s
     0     0 638702.804    0 14202 682890.263 638702.804  6.47%     - 1598s
     0     0 638705.844    0 14422 682890.263 638705.844  6.47%     - 1599s
     0     0 638822.682    0 13594 682890.263 638822.682  6.45%     - 1613s
     0     0 638827.562    0 13884 682890.263 638827.562  6.45%     - 1642s
     0     0 638840.354    0 14217 682890.263 638840.354  6.45%     - 1643s
     0     0 638847.193    0 14406 682890.263 638847.193  6.45%     - 1644s
     0     0 638854.126    0 14548 682890.263 638854.126  6.45%     - 1645s
     0     0 638861.125    0 14598 682890.263 638861.125  6.45%     - 1646s
     0     0 638867.396    0 14751 682890.263 638867.396  6.45%     - 1647s
     0     0 638871.239    0 14870 682890.263 638871.239  6.45%     - 1648s
     0     0 638954.756    0 13605 682890.263 638954.756  6.43%     - 1657s
     0     0 638960.355    0 14060 682890.263 638960.355  6.43%     - 1711s
     0     0 639002.367    0 13491 682890.263 639002.367  6.43%     - 1719s
     0     0 639005.009    0 13958 682890.263 639005.009  6.43%     - 1734s
     0     0 639067.372    0 13457 682890.263 639067.372  6.42%     - 1742s
     0     0 639082.426    0 13884 682890.263 639082.426  6.42%     - 1830s
     0     0 639086.356    0 14127 682890.263 639086.356  6.41%     - 1831s
     0     0 639099.069    0 14297 682890.263 639099.069  6.41%     - 1833s
     0     0 639100.211    0 14474 682890.263 639100.211  6.41%     - 1833s
     0     0 639159.933    0 13279 682890.263 639159.933  6.40%     - 1843s
     0     0 639163.818    0 13787 682890.263 639163.818  6.40%     - 1845s
     0     0 639226.803    0 13267 682890.263 639226.803  6.39%     - 1854s
     0     0 639238.667    0 13814 682890.263 639238.667  6.39%     - 1922s
     0     0 639257.768    0 13881 682890.263 639257.768  6.39%     - 1923s
     0     0 639264.541    0 14155 682890.263 639264.541  6.39%     - 1924s
     0     0 639278.403    0 14359 682890.263 639278.403  6.39%     - 1925s
     0     0 639286.445    0 14457 682890.263 639286.445  6.39%     - 1926s
     0     0 639290.262    0 14573 682890.263 639290.262  6.38%     - 1927s
     0     0 639381.229    0 13587 682890.263 639381.229  6.37%     - 1938s
     0     0 639409.789    0 14029 682890.263 639409.789  6.37%     - 1953s
     0     0 639409.789    0 14328 682890.263 639409.789  6.37%     - 1954s
     0     0 639409.789    0 14388 682890.263 639409.789  6.37%     - 1955s
     0     0 639503.055    0 13619 682890.263 639503.055  6.35%     - 1970s
     0     0 639507.023    0 13796 682890.263 639507.023  6.35%     - 2039s
     0     0 639594.580    0 13357 682890.263 639594.580  6.34%     - 2050s
     0     0 639607.745    0 13793 682890.263 639607.745  6.34%     - 2052s
     0     0 639614.037    0 14050 682890.263 639614.037  6.34%     - 2052s
     0     0 639624.940    0 14254 682890.263 639624.940  6.34%     - 2054s
     0     0 639631.743    0 14376 682890.263 639631.743  6.33%     - 2055s
     0     0 639637.075    0 14543 682890.263 639637.075  6.33%     - 2055s
     0     0 639643.565    0 14622 682890.263 639643.565  6.33%     - 2056s
     0     0 639651.375    0 14714 682890.263 639651.375  6.33%     - 2057s
     0     0 639654.528    0 14812 682890.263 639654.528  6.33%     - 2058s
     0     0 639729.932    0 13816 682890.263 639729.932  6.32%     - 2069s
     0     0 639733.958    0 14087 682890.263 639733.958  6.32%     - 2096s
     0     0 639787.540    0 13501 682890.263 639787.540  6.31%     - 2105s
     0     0 639790.798    0 13837 682890.263 639790.798  6.31%     - 2109s
     0     0 639831.753    0 13191 682890.263 639831.753  6.31%     - 2120s
     0     0 639835.904    0 13625 682890.263 639835.904  6.30%     - 2238s
     0     0 639873.476    0 13311 682890.263 639873.476  6.30%     - 2247s
     0     0 639877.647    0 13233 682890.263 639877.647  6.30%     - 2252s
     8     4 640107.032    2 1540 682890.263 640107.032  6.27%   251 2479s
    10     8 640112.365    3 1620 682890.263 640108.198  6.26%   407 2480s
    38    64 640169.742    6 1690 682890.263 640129.968  6.26%  1417 2487s
    70    96 640175.316    7 1674 682890.263 640166.419  6.26%  1478 2492s
   102   144 640214.406    8 1679 682890.263 640177.715  6.25%  1370 2499s
   150   176 640195.352    9 1652 682890.263 640193.435  6.25%  1172 2504s
   182   208 640218.578   10 1649 682890.263 640201.086  6.25%  1141 2508s
   214   240 640239.455   11 1673 682890.263 640219.747  6.25%  1168 2512s
   246   272 640273.102   12 1665 682890.263 640239.768  6.25%  1167 2528s
   278   538 640287.849   11 1607 682890.263 640250.177  6.24%  1174 2647s
H  544   538                    682726.16617 640254.613  6.22%  1478 2647s
   545   542 640398.940    2 1254 682726.166 640388.634  6.20%  1480 2778s
   559   570 640415.003    5 1442 682726.166 640414.124  6.20%  1471 2781s
   575   602 640431.913    6 1471 682726.166 640421.890  6.20%  1475 2785s
   639   666 640446.664    8 1442 682726.166 640436.162  6.19%  1448 2793s
   671   698 640465.679    9 1435 682726.166 640451.637  6.19%  1431 2797s
   703   730 640479.190   10 1480 682726.166 640465.648  6.19%  1412 2801s
   735   762 640537.661   11 1467 682726.166 640470.369  6.19%  1409 2805s
   767   794 640501.630   12 1417 682726.166 640486.812  6.19%  1392 2822s
   799  1274 640507.753    8 1453 682726.166 640495.371  6.19%  1385 2838s
H 1279  1274                    682612.97207 640500.036  6.17%  1213 2838s
  1280  1278 640536.629    2 1265 682612.972 640533.807  6.16%  1215 2933s
  1286  1290 640558.124    4 1414 682612.972 640541.795  6.16%  1218 2935s
  1310  1338 640620.894    6 1439 682612.972 640605.306  6.15%  1244 2943s
  1342  1370 640654.309    7 1458 682612.972 640621.060  6.15%  1261 2948s
  1374  1402 640676.639    8 1502 682612.972 640668.803  6.14%  1285 2960s
  1406  1434 640677.371    9 1430 682612.972 640676.802  6.14%  1285 2979s
  1438  1466 640701.702   10 1442 682612.972 640678.987  6.14%  1293 2987s
  1470  1498 640693.556   11 1453 682612.972 640691.523  6.14%  1302 2994s
  1502  1530 640695.521   12 1456 682612.972 640695.521  6.14%  1320 3001s
  1534  1565 640706.467   13 1430 682612.972 640695.715  6.14%  1322 3010s
  1569  1597 640701.036   14 1430 682612.972 640700.456  6.14%  1324 3023s
  1601  1670 640702.095   15 1412 682612.972 640702.026  6.14%  1313 3098s
  1674  1702 640766.355   16 1383 682612.972 640702.521  6.14%  1281 3107s
  1706  1739 640796.658   18 1325 682612.972 640732.473  6.14%  1282 3134s
  1743  1990 640805.064   13 1381 682612.972 640740.236  6.13%  1286 3145s
H 1994  1990                    682328.30280 640751.000  6.09%  1312 3146s
  1995  1994 640782.634    2 1066 682328.303 640780.468  6.09%  1313 3250s
  2025  2054 640849.171    6 1117 682328.303 640838.084  6.08%  1327 3258s
  2057  2086 640914.815    7 1086 682328.303 640844.661  6.08%  1332 3263s
  2089  2118 640865.603    8 1126 682328.303 640847.080  6.08%  1341 3269s
  2121  2150 640906.876    9 1073 682328.303 640867.258  6.08%  1342 3274s
  2153  2182 640891.717   10 1101 682328.303 640878.820  6.07%  1352 3278s
  2185  2214 640894.593   11 1102 682328.303 640893.731  6.07%  1353 3284s
  2217  2246 640898.270   12 1076 682328.303 640894.644  6.07%  1350 3292s
  2249  2278 640897.252   13 1069 682328.303 640895.696  6.07%  1342 3308s
  2281  2310 640901.765   14 1064 682328.303 640898.303  6.07%  1336 3331s
  2313  2342 640905.857   15 1039 682328.303 640901.843  6.07%  1333 3340s
H 2501  2498                    682245.04831 640911.218  6.06%  1381 3345s
  2502  2502 640911.218    2 1219 682245.048 640911.218  6.06%  1382 3406s
  2516  2530 640912.163    5 1365 682245.048 640911.218  6.06%  1390 3411s
  2532  2562 640911.218    6 1380 682245.048 640911.218  6.06%  1407 3418s
  2564  2594 640912.528    7 1402 682245.048 640911.218  6.06%  1429 3423s
  2596  2626 640949.427    8 1370 682245.048 640912.595  6.06%  1453 3429s
  2628  2658 640967.878    9 1445 682245.048 640930.810  6.06%  1473 3436s
  2660  2720 640962.696   10 1390 682245.048 640941.641  6.05%  1491 3446s
  2860  2890 640996.422   12 1348 682245.048 640983.810  6.05%  1493 3458s
  2892  2922 641005.156   10 1305 682245.048 640984.674  6.05%  1511 3466s
  2924  3078 641036.648    9 1265 682245.048 640992.419  6.05%  1531 3486s
H 3080  3078                    682234.63581 640996.790  6.04%  1566 3487s
  3081  3082 641062.260    2 1061 682234.636 641062.260  6.03%  1566 3610s
  3111  3142 641096.239    6 1117 682234.636 641064.198  6.03%  1560 3618s
  3143  3174 641074.692    7 1127 682234.636 641068.882  6.03%  1552 3622s
  3175  3206 641083.150    8 1111 682234.636 641073.710  6.03%  1546 3631s
  3207  3238 641079.304    9 1151 682234.636 641076.745  6.03%  1540 3637s
  3239  3270 641086.225   10 1198 682234.636 641082.565  6.03%  1533 3644s
  3271  3302 641085.784   11 1147 682234.636 641085.784  6.03%  1530 3655s
  3303  3334 641091.889   12 1148 682234.636 641085.928  6.03%  1524 3663s
  3335  3366 641092.142   13 1124 682234.636 641092.142  6.03%  1520 3668s
  3367  3398 641102.194   14 1163 682234.636 641093.551  6.03%  1515 3675s
  3399  3795 641113.444   15 1091 682234.636 641102.252  6.03%  1511 3775s
H 3796  3795                    682152.32185 641106.386  6.02%  1476 3776s
  3797  3799 642665.038    2 5569 682152.322 642664.335  5.79%  1479 5327s
  3799  3803 642679.256    3 5915 682152.322 642664.335  5.79%  1479 5332s
  3803  3811 642691.296    4 6195 682152.322 642673.176  5.79%  1482 5341s
  3811  3827 642792.445    5 6393 682152.322 642703.358  5.78%  1498 5357s
  3827  3859 642743.011    6 6447 682152.322 642714.509  5.78%  1534 5395s
  3859  3891 642741.765    7 6544 682152.322 642725.924  5.78%  1569 5432s
  3891  3923 642787.652    8 6992 682152.322 642737.416  5.78%  1584 5491s
  3923  3955 642841.249    9 6999 682152.322 642748.964  5.78%  1602 5628s
  3955  3987 642863.196   10 6659 682152.322 642771.221  5.77%  1624 5809s
  3987  4019 642810.689   11 6769 682152.322 642778.980  5.77%  1649 5941s
  4019  4051 642905.183   10 6708 682152.322 642810.689  5.77%  1670 6145s
  4051  4083 642824.775   11 6711 682152.322 642820.802  5.77%  1675 6230s
  4083  4115 642837.191   12 6674 682152.322 642829.751  5.76%  1696 6448s
  4115  4147 642837.631   13 6691 682152.322 642832.699  5.76%  1703 6645s
  4147  4179 642845.875   14 6705 682152.322 642838.256  5.76%  1704 6724s
  4179  4223 642846.937   15 6691 682152.322 642841.996  5.76%  1715 7161s
  4223  4789 642872.569   16 6664 682152.322 642847.394  5.76%  1714 7538s
H 4789  4789                    669459.46972 642854.450  3.97%  1997 7539s
  4789  5375 642884.692   11 1622 669459.470 642854.533  3.97%  1922 7579s
  5375  5407 642878.406    7 1542 669459.470 642858.814  3.97%  1752 7588s
  5407  5439 642891.910   11 1607 669459.470 642861.747  3.97%  1750 7659s
H 5439  5439                    669312.01139 642862.137  3.95%  1812 7660s
  5439  5471 642870.151   10 1373 669312.011 642862.644  3.95%  1760 7700s
  5471  5951 642874.707   10 1368 669312.011 642866.986  3.95%  1759 7708s
  5951  5983 642906.923    9 1293 669312.011 642871.901  3.95%  1643 7720s
  5983  6015 642917.936   11 1357 669312.011 642875.765  3.95%  1641 7728s
  6015  6047 642928.973   12 1329 669312.011 642879.533  3.95%  1638 7734s
  6047  6079 642929.693   12 1393 669312.011 642884.686  3.95%  1635 7761s
  6079  6111 642931.861   12 1379 669312.011 642886.530  3.95%  1631 7779s
H 6111  6111                    669311.60629 642891.284  3.95%  1676 7780s
  6111  6311 642939.318   17 1324 669311.606 642891.298  3.95%  1635 7908s
  6311  6904 642948.662   16 1345 669311.606 642895.287  3.95%  1602 7936s
H 6904  6904                    669147.76489 642898.548  3.92%  1539 7937s
  6904  6936 642930.585   17 1068 669147.765 642898.557  3.92%  1503 7942s
  6936  7284 642931.944   14 1028 669147.765 642927.205  3.92%  1502 8073s
  7284  7316 642977.134   16 1056 669147.765 642931.673  3.92%  1459 8095s
  7316  7351 642968.344   13  984 669147.765 642933.513  3.92%  1459 8104s
  7351  7383 642995.375   17  970 669147.765 642934.580  3.92%  1460 8123s
  7383  7740 642941.189   13  991 669147.765 642937.214  3.92%  1461 8129s
H 7740  7740                    669140.92223 642941.203  3.92%  1453 8130s
  7740  7772 642984.495   14 1306 669140.922 642941.348  3.92%  1429 8161s
  7772  8572 642953.114   13 1363 669140.922 642944.987  3.91%  1434 8269s
H 8572  8572                    669134.61513 642947.596  3.91%  1370 8270s
  8572  9169 642965.346   16 1099 669134.615 642948.573  3.91%  1335 8306s
  9169  9829 642969.032    9 1087 669134.615 642953.905  3.91%  1277 8322s
  9829  9861 642985.910    8 6619 669134.615 642956.191  3.91%  1042 9068s
  9861 10661 642963.078   10 6679 669134.615 642958.608  3.91%  1048 9459s
 10661 11288 643067.336   12 1577 669134.615 642961.096  3.91%  1162 9472s
 11288 11320 643032.719   13 1618 669134.615 642965.924  3.91%  1118 9483s
 11320 11352 643021.023   10 1581 669134.615 642969.722  3.91%  1119 9530s
 11352 11384 643000.486   10 1619 669134.615 642973.156  3.91%  1119 9543s
 11384 11416 643077.907   11 1539 669134.615 642975.612  3.91%  1119 9556s
 11416 11448 643043.526    9 1574 669134.615 642977.434  3.91%  1119 9577s
 11448 11480 643013.575   14 1617 669134.615 642980.395  3.91%  1119 9592s
 11480 11516 642983.343   12 1660 669134.615 642983.073  3.91%  1119 9693s
H11516 11516                    669044.44268 642983.405  3.90%  1150 9694s
 11516 11557 643026.475    8 1313 669044.443 642983.414  3.90%  1125 9808s
 11557 12517 642994.124   10 1309 669044.443 642986.403  3.89%  1124 9911s
H12517 12517                    668994.38040 642991.012  3.89%  1082 9912s
 12517 12644 643036.279   10 1419 668994.380 642993.134  3.89%  1062 9934s
 12644 13093 643013.192   19 1337 668994.380 642998.013  3.89%  1057 10089s
 13093 13125 642998.901   11 1393 668994.380 642998.238  3.89%  1036 10101s
 13125 13157 643003.075   12 1371 668994.380 642998.922  3.89%  1036 10109s
 13157 13215 643043.484   13 1368 668994.380 643004.371  3.88%  1036 10251s
 13215 13574 643274.046   20 1331 668994.380 643011.873  3.88%  1036 10268s
H13574 13574                    668925.27165 643012.433  3.87%  1039 10269s
 13574 13606 643050.966   14  930 668925.272 643012.983  3.87%  1020 10296s
 13606 14086 643056.543   12 1034 668925.272 643018.474  3.87%  1023 10370s
 14086 14559 643042.252    9 1076 668925.272 643023.497  3.87%  1010 10379s
H14559 14559                    668923.19192 643024.285  3.87%  1015 10380s
 14559 14922 643072.830   12 1353 668923.192 643025.193  3.87%  1003 10479s
 14922 14954 643052.004   11 1352 668923.192 643027.577  3.87%   998 10489s
 14954 14986 643045.218   10 1313 668923.192 643030.165  3.87%  1001 10497s
 14986 15294 643061.864   11 1263 668923.192 643033.901  3.87%  1004 10616s
 15294 15474 643078.714    9 1366 668923.192 643037.248  3.87%   998 10632s
H15474 15474                    668874.33665 643039.678  3.86%  1009 10633s
 15474 15545 643076.362    9 1099 668874.337 643039.783  3.86%   990 10680s
 15545 17145 643056.305   10 1135 668874.337 643041.898  3.86%   988 10779s
H17145 17145                    668850.96856 643044.261  3.86%   952 10781s
 17145 18105 643064.682   14 6415 668850.969 643044.305  3.86%   834 10819s
 18105 18950 643114.337   13 1649 668850.969 643046.253  3.86%   907 10915s
 19067 16766 643360.128   14 1921 668850.969 643359.015  3.81%   892 11760s
 19069 16770 643376.407   15 2022 668850.969 643367.512  3.81%   892 11767s
 19073 16776 643378.228   16 2064 668850.969 643376.479  3.81%   894 11773s
 19081 16790 643381.998   17 1970 668850.969 643377.969  3.81%   896 11779s
 19097 16816 643384.102   18 1984 668850.969 643382.472  3.81%   900 11879s
 19129 16733 643412.280   19 1965 668850.969 643384.102  3.81%   906 11890s
 19161 16754 643413.093   20 1950 668850.969 643384.587  3.81%   912 11955s
 19193 16775 643401.110   21 1917 668850.969 643387.464  3.81%   918 12010s
H19225 16765                    668737.83810 643390.213  3.79%   942 12011s
 19225 17224 643439.663   14 1322 668737.838 643390.513  3.79%   927 12032s
 19684 17309 643397.521   11 1370 668737.838 643393.070  3.79%   913 12090s
 19958 14368 643703.764   14 1663 668737.838 643701.610  3.74%   925 13246s
 19964 14378 643707.858   16 1751 668737.838 643703.624  3.74%   926 13251s
 19972 14392 643707.452   17 1793 668737.838 643706.116  3.74%   927 13255s
 19988 14420 643727.132   18 1752 668737.838 643707.659  3.74%   929 13299s
 20020 14452 643736.225   19 1712 668737.838 643727.132  3.74%   933 13307s
 20052 14498 643735.522   20 1718 668737.838 643731.668  3.74%   936 13490s
 20098 14820 643734.563   21 1688 668737.838 643733.176  3.74%   937 13529s
H20420 14820                    668441.25790 643734.563  3.70%   964 13530s
 20420 15651 643753.453   12 1380 668441.258 643735.255  3.70%   951 13543s
 21305 13489 644056.771   14 1510 668441.258 644056.771  3.65%   937 13923s
 21307 13493 644065.317   15 1568 668441.258 644056.788  3.65%   937 13926s
 21319 13513 644065.646   17 1728 668441.258 644064.936  3.65%   939 13935s
 21335 13539 644077.842   18 1679 668441.258 644066.919  3.65%   941 13953s
 21367 13498 644097.886   19 1678 668441.258 644079.473  3.64%   944 13962s
 21399 13519 644126.890   20 1643 668441.258 644081.202  3.64%   947 13993s
 21431 13540 644093.675   21 1616 668441.258 644091.875  3.64%   951 14028s
 21463 13562 644100.679   22 1607 668441.258 644092.110  3.64%   955 14074s
 21495 13725 644110.636   23 1537 668441.258 644099.096  3.64%   958 14099s
H21784 13524                    668397.60969 644099.280  3.64%   976 14100s
 21784 13556 644137.594   12 1012 668397.610 644106.412  3.63%   964 14134s
 21816 15476 644150.549    8  988 668397.610 644112.295  3.63%   966 14313s
H23736 15476                    668393.48424 644117.701  3.63%   943 14314s
 23736 16328 644166.150   16 1276 668393.484 644118.013  3.63%   935 14465s
 24636 14498 644171.971   14 1380 668393.484 644171.971  3.62%   931 14827s
 24642 14508 644185.852   16 1498 668393.484 644179.560  3.62%   932 14832s
 24650 14522 644188.349   17 1429 668393.484 644186.342  3.62%   932 14837s
 24666 14480 644189.939   18 1440 668393.484 644188.349  3.62%   933 14884s
 24698 14502 644191.491   19 1455 668393.484 644189.132  3.62%   934 14891s
 24730 14582 644205.673   20 1461 668393.484 644191.100  3.62%   936 14913s
 24821 14584 644206.279   21 1455 668393.484 644195.336  3.62%   937 14924s
H24853 14573                    668357.26819 644200.689  3.61%   946 14924s
 24925 12566 644222.438   14 1259 668357.268 644219.164  3.61%   939 15241s
 24931 12576 644223.700   16 1377 668357.268 644221.191  3.61%   940 15245s
 24955 12616 644228.231   18 1351 668357.268 644227.361  3.61%   943 15255s
 24987 12555 644232.963   19 1352 668357.268 644228.759  3.61%   947 15260s
 25019 12576 644232.749   20 1323 668357.268 644231.376  3.61%   951 15271s
 25051 12597 644246.921   21 1296 668357.268 644233.046  3.61%   953 15281s
 25083 12619 644250.332   22 1326 668357.268 644239.380  3.61%   956 15288s
 25115 12643 644253.280   23 1272 668357.268 644253.280  3.61%   959 15310s
 25150 12752 644267.747   24 1284 668357.268 644253.280  3.61%   963 15375s
 25350 12941 644264.770   25 1225 668357.268 644262.899  3.61%   976 15429s
 25680 13702 644277.084   26 1194 668357.268 644265.634  3.60%   987 15454s
H26622 13388                    668342.65245 644267.070  3.60%  1012 15454s
 26622 14508 644289.755   13 6550 668342.652 644267.104  3.60%   935 15489s
 26902 14508 644296.392    7 6605 668342.652 644267.564  3.60%   930 15490s
 27742 14544 644307.266   22 1972 668342.652 644269.473  3.60%   976 15513s
 27778 14588 644272.499   23 1961 668342.652 644272.300  3.60%   980 15568s
 27896 14551 644274.905   24 1963 668342.652 644273.756  3.60%   988 15588s
 27928 14573 644333.257   25 1960 668342.652 644276.141  3.60%   992 15604s
 27960 14609 644288.163   26 2057 668342.652 644286.577  3.60%   997 15703s
 28007 15026 644349.400   27 1996 668342.652 644292.992  3.60%  1000 15733s
 28467 14905 644333.220   21 1964 668342.652 644297.056  3.60%  1024 15759s
 28499 14900 644298.918   25 1964 668342.652 644298.895  3.60%  1029 15811s
 28531 15001 644372.331   26 1912 668342.652 644298.918  3.60%  1033 15825s
 28642 14996 644391.336   22 1872 668342.652 644306.222  3.60%  1041 15858s
 28674 15017 644308.743   23 1940 668342.652 644308.393  3.60%  1045 15894s
 28706 15042 644312.920   24 1915 668342.652 644308.461  3.60%  1049 15960s
 28742 15072 644311.184   25 1895 668342.652 644308.579  3.60%  1053 15983s
 28784 15090 644384.626   26 1860 668342.652 644311.184  3.60%  1059 16004s
 28816 15118 644407.397   27 1850 668342.652 644320.871  3.59%  1062 16075s
 28854 15235 644359.776   28 1921 668342.652 644322.876  3.59%  1066 16147s
 28984 15255 644363.962   23 1988 668342.652 644330.599  3.59%  1075 16276s
 29032 15799 644370.728   25 1895 668342.652 644335.303  3.59%  1079 16328s
H29576 15799                    668342.18390 644339.060  3.59%  1114 16329s
 29576 15996 644385.242   22 1718 668342.184 644339.102  3.59%  1105 16453s
 29773 16109 644385.999   22 1674 668342.184 644341.277  3.59%  1109 16484s
 29886 16141 644387.919   24 1675 668342.184 644342.596  3.59%  1113 16581s
 29918 16466 644389.138   22 1690 668342.184 644343.891  3.59%  1115 16595s
 30243 16498 644363.439   23 1636 668342.184 644344.724  3.59%  1118 16630s
 30275 16543 644352.152   23 1614 668342.184 644345.952  3.59%  1120 16701s
 30320 16748 644347.139   23 1665 668342.184 644346.884  3.59%  1123 16712s
 30525 16785 644441.770   24 1562 668342.184 644348.650  3.59%  1127 16782s
 30562 16817 644350.378   23 1565 668342.184 644349.623  3.59%  1130 16812s
 30594 16849 644393.150   26 1645 668342.184 644350.369  3.59%  1131 16835s
 30626 16883 644354.463   27 1701 668342.184 644352.421  3.59%  1133 16932s
 30660 17066 644356.802   25 1583 668342.184 644352.646  3.59%  1134 16959s
 30843 17101 644391.590   22 1676 668342.184 644354.825  3.59%  1138 17080s
 30878 17295 644401.285   25 1606 668342.184 644355.659  3.59%  1140 17091s
H31072 17295                    668155.40365 644358.696  3.56%  1153 17092s
 31072 17327 644388.251   24 1598 668155.404 644361.508  3.56%  1145 17116s
 31104 17458 644368.575   22 1666 668155.404 644367.396  3.56%  1148 17227s
 31294 17373 644367.964   24 1674 668155.404 644367.935  3.56%  1150 17269s
 31362 17416 644413.170   25 1616 668155.404 644368.459  3.56%  1153 17336s
 31509 17454 644429.830   23 1557 668155.404 644380.635  3.56%  1156 17400s
 31734 17810 644383.916   22 1611 668155.404 644383.820  3.56%  1158 17505s
 32225 17709 644391.833   23 1600 668155.404 644387.727  3.56%  1159 17556s
 32275 18083 644412.097   26 1608 668155.404 644390.738  3.56%  1161 17675s
H32649 18083                    668145.51908 644393.135  3.55%  1170 17676s
 32742 15299 644678.747   14 1100 668145.519 644678.747  3.51%  1167 18189s
 32744 15303 644678.747   15 1197 668145.519 644678.747  3.51%  1167 18190s
 32756 15323 644678.747   17 1131 668145.519 644678.747  3.51%  1168 18196s
 32772 15349 644678.747   18 1182 668145.519 644678.747  3.51%  1169 18218s
 32804 15154 644678.747   19 1138 668145.519 644678.747  3.51%  1170 18225s
 32836 15192 644678.747   20 1204 668145.519 644678.747  3.51%  1171 18253s
 32885 15208 644678.747   21 1216 668145.519 644678.747  3.51%  1172 18277s
 32917 15163 644715.467   22 1150 668145.519 644678.747  3.51%  1174 18331s
 32949 15341 644722.161   23 1151 668145.519 644678.747  3.51%  1175 18364s
 33138 15535 644729.594   20 1171 668145.519 644678.747  3.51%  1175 18389s
 33457 15619 644731.211   20 1107 668145.519 644678.747  3.51%  1175 18414s
 33647 15588 644731.012   23 1069 668145.519 644678.747  3.51%  1175 18446s
 33679 15609 644742.990   22 1178 668145.519 644678.747  3.51%  1177 18471s
 33711 15630 644678.747   20 1106 668145.519 644678.747  3.51%  1180 18498s
 33743 15716 644749.793   24 1065 668145.519 644678.747  3.51%  1182 18539s
 33839 15860 644726.536   23 1125 668145.519 644679.257  3.51%  1183 18563s
 34015 15948 644730.195   22 1080 668145.519 644682.477  3.51%  1183 18590s
H34162 15840                    668100.31410 644686.825  3.50%  1192 18591s
 34162 15872 644697.513   23 1440 668100.314 644686.960  3.50%  1186 18631s
 34194 16476 644699.122   23 1478 668100.314 644697.523  3.50%  1188 18772s
 34994 16134 644733.315   24 1407 668100.314 644701.361  3.50%  1183 18794s
 35026 16245 644717.870   20 1420 668100.314 644702.537  3.50%  1185 18899s
 35198 16044 644745.956   22 1404 668100.314 644705.347  3.50%  1184 18931s
 35230 16342 644722.787   22 1406 668100.314 644705.533  3.50%  1185 19038s
 35578 16153 644715.116   23 1439 668100.314 644708.241  3.50%  1183 19074s
H35610 16111                    668095.88364 644710.175  3.50%  1190 19075s
 35610 16485 644722.135   28 1173 668095.884 644711.662  3.50%  1181 19223s
 35984 17579 644719.300   22 1211 668095.884 644712.834  3.50%  1188 19286s
H37334 17074                    668093.04273 644714.863  3.50%  1205 19287s
 37645 13177 647442.018   29 6262 668093.043 647442.018  3.09%  1235 28226s
 37647 13181 647454.015   30 6733 668093.043 647442.018  3.09%  1235 28238s
 37651 13187 647456.244   31 7006 668093.043 647454.050  3.09%  1236 28254s
 37659 13201 647459.418   32 7079 668093.043 647456.253  3.09%  1239 28281s
 37675 13232 647458.392   33 7178 668093.043 647458.392  3.09%  1240 28404s
 37707 13264 647461.268   34 7215 668093.043 647458.740  3.09%  1242 28503s
 37739 13296 647598.678   35 7200 668093.043 647462.410  3.09%  1244 28732s
 37771 13328 647482.500   36 7242 668093.043 647469.730  3.09%  1244 28954s
 37803 13360 647583.920   37 7223 668093.043 647472.180  3.09%  1246 29207s
 37835 13392 647485.609   38 7259 668093.043 647475.404  3.09%  1246 29412s
 37867 13705 647488.898   39 7203 668093.043 647479.737  3.09%  1246 29659s
 37977 13705 647557.841   37 7265 668093.043 647488.884  3.08%  1244 29660s
 38180 13737 647523.788   34 7157 668093.043 647490.035  3.08%  1241 29972s
 38212 13769 647498.041   38 6951 668093.043 647492.542  3.08%  1242 30161s
 38244 13801 647497.901   38 7068 668093.043 647497.564  3.08%  1243 30346s
 38276 13833 647512.040   42 7196 668093.043 647505.404  3.08%  1243 30597s
 38308 13995 647509.613   39 7091 668093.043 647507.986  3.08%  1244 31307s
 38470 14827 647531.009   40 7026 668093.043 647509.913  3.08%  1242 31742s
H39302 14827                    662434.56037 647513.455  2.25%  1281 31743s
 39302 14969 647517.193   22 1998 662434.560 647513.455  2.25%  1271 31925s
 39444 15720 647554.508   24 1928 662434.560 647516.925  2.25%  1278 31991s
 40195 15770 647525.762   27 1966 662434.560 647519.254  2.25%  1297 32017s
 40245 15831 647561.313   24 2008 662434.560 647522.059  2.25%  1300 32066s
 40306 15931 647525.493   24 1964 662434.560 647523.254  2.25%  1303 32114s
 40406 16398 647543.756   28 1989 662434.560 647524.738  2.25%  1307 32171s
 40873 16927 647530.124   27 1918 662434.560 647526.110  2.25%  1320 32214s
 41402 16959 647530.134   23 1673 662434.560 647528.013  2.25%  1336 32235s
 41434 16991 647566.842   24 1591 662434.560 647530.134  2.25%  1338 32285s
 41466 18751 647543.634   19 1564 662434.560 647540.180  2.25%  1341 32489s
 43226 18942 647557.063   22 1674 662434.560 647542.526  2.25%  1336 32621s
H43417 18942                    662432.40795 647543.924  2.25%  1344 32622s
 43417 19194 647548.897   22 1574 662432.408 647544.187  2.25%  1338 32652s
 43669 19524 647585.720   22 1600 662432.408 647547.077  2.25%  1339 32746s
 43999 19556 647594.606   22 1585 662432.408 647548.909  2.25%  1338 32785s
 44031 19699 647721.118   26 1618 662432.408 647550.192  2.25%  1340 32820s
 44174 19910 647552.038   27 1555 662432.408 647552.038  2.25%  1341 32846s
 44385 20186 647565.606   25 1610 662432.408 647555.318  2.25%  1341 32918s
 44661 20218 647595.342   24 1587 662432.408 647556.060  2.25%  1340 32955s
 44693 20250 647642.031   31 1423 662432.408 647558.077  2.25%  1341 32976s
 44725 20282 647562.313   21 1647 662432.408 647562.313  2.24%  1342 32996s
 44757 20314 647585.236   22 1582 662432.408 647564.304  2.24%  1343 33017s
 44789 20346 647634.183   23 1582 662432.408 647564.957  2.24%  1344 33042s
 44821 20378 647619.217   23 1583 662432.408 647568.477  2.24%  1346 33074s
 44853 20463 647594.554   23 1575 662432.408 647571.144  2.24%  1347 33126s
 44938 20994 647619.667   22 1494 662432.408 647573.893  2.24%  1348 33196s
H45469 20994                    662432.37609 647574.134  2.24%  1352 33198s
 45469 21156 647608.134   21 1083 662432.376 647574.311  2.24%  1347 33216s
 45631 21164 647636.371   25 1183 662432.376 647578.382  2.24%  1347 33269s
 45713 21084 647642.845   25 1095 662432.376 647581.441  2.24%  1347 33270s
 45749 21104 647646.626   23 1139 662432.376 647581.627  2.24%  1347 33313s
 45781 21275 647603.531   22 1165 662432.376 647585.360  2.24%  1348 33389s
 46151 21092 647662.601   21  970 662432.376 647588.141  2.24%  1345 33409s
 46183 21124 647665.011   22 1117 662432.376 647592.905  2.24%  1346 33439s
 46210 21124 647623.607   25 1219 662432.376 647598.162  2.24%  1347 33440s
 46215 21233 647644.634   26 1151 662432.376 647598.538  2.24%  1347 33492s
 46324 22007 647631.232   24 1095 662432.376 647603.512  2.24%  1347 33543s
 47098 23001 647622.642   25 1201 662432.376 647608.405  2.24%  1338 33638s
H48092 23001                    662431.82319 647612.444  2.24%  1330 33639s
 48092 23561 647615.518   22 1370 662431.823 647612.477  2.24%  1326 33804s
 48652 23872 647675.619   25 1408 662431.823 647614.310  2.24%  1323 33856s
 48991 24272 647616.328   27 1390 662431.823 647616.255  2.24%  1320 34020s
 49391 24912 647640.263   28 1389 662431.823 647617.415  2.24%  1318 34177s
H50031 24912                    662431.53566 647618.158  2.24%  1317 34178s
 50031 26048 647622.980   30 1166 662431.536 647618.259  2.24%  1311 34261s
 51167 26872 647623.783   29 1235 662431.536 647620.692  2.24%  1319 34403s
H51991 26872                    662431.39170 647621.789  2.24%  1329 34405s
 51991 27022 647643.382   40 6981 662431.392 647621.790  2.24%  1290 35686s
 52141 28142 647624.800   36 7149 662431.392 647623.122  2.24%  1290 36535s
 53261 28174 647649.426   36 7078 662431.392 647624.406  2.24%  1277 37151s
 53293 28206 647636.104   43 7225 662431.392 647625.744  2.24%  1279 37624s
 53325 28291 647641.611   42 7194 662431.392 647626.533  2.23%  1280 38153s
 53410 28527 647652.778   41 7205 662431.392 647627.683  2.23%  1281 39023s
 53646 29194 647653.699   36 7358 662431.392 647628.610  2.23%  1281 39505s
 54313 30132 647634.729   27 1948 662431.392 647629.888  2.23%  1307 39734s
 55251 30663 647674.104   27 1843 662431.392 647632.047  2.23%  1323 39776s
 55782 31044 647644.136   25 1988 662431.392 647634.353  2.23%  1333 39878s
 56163 31605 647705.269   27 1854 662431.392 647635.260  2.23%  1341 39939s
 56724 32066 647684.478   22 2027 662431.392 647636.643  2.23%  1351 40043s
 57185 32875 647637.663   21 1601 662431.392 647637.516  2.23%  1360 40343s
 57994 33712 647644.124   25 1771 662431.392 647640.327  2.23%  1361 40752s
 58831 34812 647771.192   27 1702 662431.392 647644.137  2.23%  1361 41099s
H59931 34812                    662378.07865 647645.658  2.22%  1368 41101s
 59931 35696 647691.501   23 1488 662378.079 647645.658  2.22%  1364 41378s
 60815 36130 647655.466   20 1537 662378.079 647650.725  2.22%  1362 41582s
 61249 36558 647722.491   25 1545 662378.079 647653.493  2.22%  1361 41692s
 61677 37290 647700.491   23 1535 662378.079 647654.586  2.22%  1360 41782s
H62409 37290                    662376.56928 647655.408  2.22%  1362 41783s
 62409 37322 647656.751   22 1223 662376.569 647655.510  2.22%  1358 41989s
 62441 40682 647659.431   26 1093 662376.569 647656.650  2.22%  1358 42457s
H65801 40682                    662375.24682 647661.903  2.22%  1327 42459s
 65801 40943 647706.712   24 1392 662375.247 647662.027  2.22%  1324 42714s
 66062 42041 647705.854   29 1347 662375.247 647663.960  2.22%  1323 42994s
 67051 42041 647674.002   22 1363 662375.247 647664.644  2.22%  1318 42995s
 67160 42073 647711.836   25 1363 662375.247 647664.891  2.22%  1317 43049s
 67192 42680 647665.879   26 1383 662375.247 647665.852  2.22%  1318 43106s
 67799 42893 647674.331   22 1346 662375.247 647667.938  2.22%  1315 43302s
 68012 43503 647679.698   26 1375 662375.247 647669.496  2.22%  1314 43542s
H68622 43503                    662325.92624 647670.417  2.21%  1314 43543s
 68622 44870 647675.659   29 1183 662325.926 647670.452  2.21%  1309 43655s
 69989 45868 647673.138   27 1215 662325.926 647671.788  2.21%  1313 44078s
 70987 47235 647691.695   28 1179 662325.926 647673.105  2.21%  1317 44260s
H72354 47235                    662312.65880 647673.965  2.21%  1328 44262s
 72354 48079 647675.556   36 7153 662312.659 647674.008  2.21%  1300 45940s
 73198 48294 647765.060   37 7176 662312.659 647675.566  2.21%  1295 47074s
 73413 48895 647701.770   44 7067 662312.659 647676.689  2.21%  1295 48069s
 74014 49503 647785.081   42 7157 662312.659 647677.756  2.21%  1291 49027s
 74622 49566 647785.538   40 7018 662312.659 647678.002  2.21%  1288 50802s
 74685 49682 647690.177   39 7192 662312.659 647679.780  2.21%  1289 51896s
 74801 49714 647687.396   24 1901 662312.659 647681.509  2.21%  1312 52004s
 74833 52274 647691.338   28 1853 662312.659 647682.643  2.21%  1313 52603s
 77393 53028 647692.659   24 1815 662312.659 647686.162  2.21%  1343 52930s
 78147 54329 647691.682   23 1657 662312.659 647687.726  2.21%  1354 53440s
 79448 55233 647692.189   23 1631 662312.659 647689.233  2.21%  1356 53851s
 80352 56314 647690.216   22 1750 662312.659 647690.216  2.21%  1358 54206s
H81433 56314                    662270.39853 647690.777  2.20%  1364 54207s
 81433 57210 647704.898   29 1579 662270.399 647690.867  2.20%  1361 54572s
 82329 58022 647703.546   22 1496 662270.399 647692.285  2.20%  1360 54838s
 83141 58282 647708.584   29 1560 662270.399 647693.351  2.20%  1358 55418s
 83401 58845 647741.259   21 1589 662270.399 647694.963  2.20%  1358 55782s
 83964 59524 647708.736   28 1512 662270.399 647695.291  2.20%  1357 56098s
H84643 59524                    662217.76863 647696.575  2.19%  1358 56099s
 84643 61734 647751.752   25  960 662217.769 647696.897  2.19%  1355 56395s
 86853 61988 647701.554   24 1171 662217.769 647699.717  2.19%  1336 56720s
 87107 62823 647772.975   28 1105 662217.769 647701.520  2.19%  1334 56989s
H87942 62823                    662197.40040 647702.172  2.19%  1330 56990s
 87942 63494 647702.423   25 1348 662197.400 647702.192  2.19%  1328 57226s
 88613 64181 647722.530   27 1427 662197.400 647704.028  2.19%  1325 57452s
 89300 64213 647780.689   24 1412 662197.400 647706.086  2.19%  1321 57499s
 89332 64984 647707.537   23 1418 662197.400 647707.172  2.19%  1321 57770s
 90103 65401 647729.004   30 1346 662197.400 647708.725  2.19%  1318 58165s
 90520 66038 647746.391   25 1298 662197.400 647709.857  2.19%  1316 58373s
H91157 66038                    662188.06882 647710.502  2.19%  1315 58374s
 91157 67659 647716.064   23 1239 662188.069 647710.809  2.19%  1312 58837s
 92778 69235 647724.540   26 1166 662188.069 647711.968  2.19%  1317 59000s
H94354 69235                    662183.13029 647712.568  2.19%  1322 59001s
 94354 70650 647717.979   40 6991 662183.130 647712.582  2.19%  1300 61198s
 95769 71702 647715.821   40 7176 662183.130 647713.430  2.19%  1291 61346s
 96821 71734 647822.089   47 7112 662183.130 647714.459  2.18%  1285 62831s
 96853 71766 647720.384   42 7087 662183.130 647715.237  2.18%  1286 64137s
 96885 71798 647824.902   41 7058 662183.130 647715.276  2.18%  1287 64676s
 96917 72035 647828.577   42 7108 662183.130 647715.291  2.18%  1287 65111s
 97154 72856 647830.333   45 7088 662183.130 647717.311  2.18%  1287 66225s
 97975 73525 647725.917   26 1908 662183.130 647717.530  2.18%  1299 67007s
 98644 73589 647726.704   24 1948 662183.130 647718.553  2.18%  1306 67421s
 98708 75020 647727.308   24 1930 662183.130 647719.441  2.18%  1308 67588s
 100139 75052 647755.228   25 1977 662183.130 647721.805  2.18%  1322 67845s
 100171 75752 647739.350   27 1951 662183.130 647722.544  2.18%  1323 68228s
 100871 76426 647726.693   21 1987 662183.130 647723.418  2.18%  1331 68594s
 101545 77071 647753.277   26 1914 662183.130 647724.277  2.18%  1338 69014s
 102058 77071 647755.789   26 1867 662183.130 647725.074  2.18%  1343 69015s
H102190 77071                    662153.38352 647725.228  2.18%  1348 69016s
 102190 78436 647729.267   23 1572 662153.384 647725.266  2.18%  1345 69651s
 103555 79426 647763.427   25 1702 662153.384 647726.198  2.18%  1347 70131s
 104545 80612 647729.278   24 1705 662153.384 647726.657  2.18%  1349 70522s
 105731 81553 647728.487   23 1551 662153.384 647727.249  2.18%  1351 71169s
 105792 81553 647767.256   25 1655 662153.384 647727.299  2.18%  1351 71170s
H106672 81553                    662149.18045 647727.675  2.18%  1355 71171s
 106672 82465 647773.026   21 1570 662149.180 647727.687  2.18%  1352 71629s
 107584 83259 647730.938   27 1541 662149.180 647729.870  2.18%  1350 71841s
 108378 83679 647738.350   26 1544 662149.180 647731.925  2.18%  1348 72084s
 108798 84046 647778.788   27 1495 662149.180 647732.883  2.18%  1347 72590s
 109165 84573 647779.242   26 1543 662149.180 647733.574  2.18%  1347 73080s
 109692 84957 647779.918   27 1496 662149.180 647734.669  2.18%  1346 73611s
 110076 84989 647781.353   26 1522 662149.180 647735.557  2.18%  1346 73757s
 110108 85719 647737.880   34 1470 662149.180 647737.242  2.18%  1346 74291s
H110838 85719                    662103.74962 647737.826  2.17%  1348 74293s
 110838 87778 647738.768   25 1139 662103.750 647737.870  2.17%  1345 74808s
 112897 87810 647739.908   24 1152 662103.750 647739.908  2.17%  1332 74928s
 112929 90222 647757.983   24 1151 662103.750 647740.652  2.17%  1332 75140s
H115341 90222                    662103.49983 647742.592  2.17%  1319 75142s
 115341 91210 647743.296   20 1370 662103.500 647742.695  2.17%  1317 75428s
 116329 91694 647762.339   23 1343 662103.500 647744.377  2.17%  1314 75715s
 116813 92505 647820.081   28 1343 662103.500 647745.332  2.17%  1312 76010s
 117624 93337 647783.322   29 1337 662103.500 647746.077  2.17%  1309 76187s
 118456 94196 647782.395   29 1380 662103.500 647747.579  2.17%  1307 76539s
 118986 94196 647748.672   23 1375 662103.500 647748.076  2.17%  1305 76540s
 119315 95080 647752.034   31 1341 662103.500 647748.921  2.17%  1304 76868s
H120199 95080                    662103.20831 647750.159  2.17%  1303 76870s
 120199 96950 647750.306   29 1221 662103.208 647750.306  2.17%  1301 77301s
 122069 98816 647755.187   29 1120 662103.208 647751.282  2.17%  1305 77614s
 123935 100481 647760.151   25 1223 662103.208 647752.494  2.17%  1308 78052s
H125600 100481                    662102.78454 647753.218  2.17%  1314 78054s
 125600 103308 647866.427   47 7065 662102.785 647753.218  2.17%  1297 78784s
 128427 103340 647865.197   41 7070 662102.785 647754.101  2.17%  1281 79387s
 128459 103868 647861.779   40 7017 662102.785 647754.733  2.17%  1282 79523s
 128987 103900 647755.218   42 6931 662102.785 647755.218  2.17%  1280 81239s
 129019 103932 647755.218   43 6976 662102.785 647755.218  2.17%  1281 82409s
 129051 103964 647755.361   44 6961 662102.785 647755.274  2.17%  1281 83664s

Cutting planes:
  Gomory: 14
  Cover: 12
  Implied bound: 150
  Projected implied bound: 7
  MIR: 8
  Flow cover: 3213
  RLT: 35
  Relax-and-lift: 36

Explored 129083 nodes (173138413 simplex iterations) in 83707.38 seconds (18100.66 work units)
Thread count was 32 (of 32 available processors)

Solution count 10: 662103 662103 662103 ... 662197

Solve interrupted
Warning: max constraint violation (7.4379e-06) exceeds tolerance
Warning: max bound violation (1.2150e-05) exceeds tolerance
Best objective 6.621027845373e+05, best bound 6.477562139224e+05, gap 2.1668%
