
Gurobi 12.0.3 (win64) logging started Sun Aug 23 17:22:58 2026

Set parameter LogFile to value "C:\Users\TECNO-MASTER\Desktop\Elmo_infrastructure_sizing_NP-\output\DCH_agosto\Costo_variable\Ventana_restringida\Carga_on_board_variable_3estaciones_P1000kW_Descomp/station_3_d244\gurobi.log"
Set parameter Threads to value 1
Set parameter Heuristics to value 0.5
Set parameter MIPFocus to value 3
Set parameter Presolve to value 2
Set parameter FlowCoverCuts to value 2
Set parameter TimeLimit to value 172800
Gurobi Optimizer version 12.0.3 build v12.0.3rc0 (win64 - Windows 11+.0 (26200.2))

CPU model: Intel(R) Core(TM) i9-14900K, instruction set [SSE2|AVX|AVX2]
Thread count: 24 physical cores, 32 logical processors, using up to 1 threads

Non-default parameters:
TimeLimit  172800
MIPGap  0.01
Heuristics  0.5
MIPFocus  3
FlowCoverCuts  2
Presolve  2
Threads  1

Optimize a model with 23314 rows, 37249 columns and 110330 nonzeros
Model fingerprint: 0xc662e73f
Variable types: 17323 continuous, 19926 integer (19925 binary)
Coefficient statistics:
  Matrix range     [1e-01, 1e+03]
  Objective range  [8e-03, 1e+02]
  Bounds range     [1e+00, 3e+00]
  RHS range        [1e+00, 1e+04]
Presolve removed 22249 rows and 28485 columns
Presolve time: 0.08s
Presolved: 1065 rows, 8764 columns, 26579 nonzeros
Variable types: 233 continuous, 8531 integer (8440 binary)
Root relaxation presolved: 1065 rows, 8764 columns, 26579 nonzeros


Use crossover to convert LP symmetric solution to basic solution...

Root relaxation: objective 2.176550e+05, 2968 iterations, 0.02 seconds (0.03 work units)

    Nodes    |    Current Node    |     Objective Bounds      |     Work
 Expl Unexpl |  Obj  Depth IntInf | Incumbent    BestBd   Gap | It/Node Time

     0     0 217655.035    0   78          - 217655.035      -     -    0s
H    0     0                    334081.13277 217655.035  34.8%     -    0s
H    0     0                    334078.94865 217655.035  34.8%     -    0s
H    0     0                    283032.60165 217655.035  23.1%     -    0s
H    0     0                    279229.65369 217655.035  22.1%     -    0s
H    0     0                    258586.45535 217655.035  15.8%     -    0s
H    0     0                    252781.97002 217655.035  13.9%     -    0s
H    0     0                    252582.93178 217655.035  13.8%     -    0s
H    0     0                    252576.77532 217655.035  13.8%     -    0s
H    0     0                    248568.65184 217655.035  12.4%     -    0s
     0     0 217655.035    0   76 248568.652 217655.035  12.4%     -    0s
H    0     0                    248107.57310 217655.035  12.3%     -    0s
H    0     0                    247701.95402 217655.035  12.1%     -    0s
H    0     0                    247696.46636 217655.035  12.1%     -    0s
H    0     0                    247062.55248 217655.035  11.9%     -    0s
H    0     0                    247061.85114 217655.035  11.9%     -    0s
H    0     0                    247061.30300 217655.035  11.9%     -    0s
H    0     0                    247055.81534 217655.035  11.9%     -    0s
     0     0 217655.751    0   95 247055.815 217655.751  11.9%     -    0s
     0     0 217655.751    0   80 247055.815 217655.751  11.9%     -    0s
     0     0 217655.751    0   51 247055.815 217655.751  11.9%     -    0s
H    0     0                    235272.08225 217655.751  7.49%     -    0s
H    0     0                    232591.94019 217655.751  6.42%     -    0s
H    0     0                    232564.80923 217655.751  6.41%     -    0s
     0     0 217655.751    0   72 232564.809 217655.751  6.41%     -    0s
     0     0 217655.751    0   74 232564.809 217655.751  6.41%     -    1s
H    0     0                    232489.00831 217655.751  6.38%     -    1s
H    0     0                    232048.95154 217655.751  6.20%     -    1s
H    0     0                    232030.32322 217655.751  6.20%     -    1s
     0     0 217655.751    0   70 232030.323 217655.751  6.20%     -    1s
     0     0 217655.751    0   90 232030.323 217655.751  6.20%     -    1s
H    0     0                    231994.15820 217655.751  6.18%     -    1s
     0     0 217655.751    0   95 231994.158 217655.751  6.18%     -    1s
     0     0 217655.751    0   89 231994.158 217655.751  6.18%     -    2s
     0     0 217655.751    0   77 231994.158 217655.751  6.18%     -    2s
H    0     0                    231537.99864 217655.751  6.00%     -    2s
H    0     0                    231062.86218 217655.751  5.80%     -    2s
H    0     0                    230650.32446 217655.751  5.63%     -    2s
H    0     0                    230615.17667 217655.751  5.62%     -    2s
H    0     0                    230549.82014 217655.751  5.59%     -    2s
H    0     0                    230547.75143 217655.751  5.59%     -    2s
H    0     0                    230543.09846 217655.751  5.59%     -    2s
H    0     0                    230530.05600 217655.751  5.58%     -    2s
H    0     0                    230526.12416 217655.751  5.58%     -    2s
H    0     0                    230525.91195 217655.751  5.58%     -    2s
H    0     0                    230521.37988 217655.751  5.58%     -    2s
     0     2 217655.751    0   58 230521.380 217655.751  5.58%     -    2s
H    7     7                    230459.29435 217655.754  5.56%   710    3s
H    9     9                    226417.36339 217656.049  3.87%   644    3s
H   26    26                    222061.35376 217678.631  1.97%   918    4s
H   26    26                    221229.81882 217678.631  1.61%   918    4s
H   26    26                    221227.23827 217678.631  1.60%   918    4s
H   26    26                    221222.82851 217678.631  1.60%   918    4s
H   26    26                    221101.79900 217678.631  1.55%   918    4s
H   26    26                    221099.42844 217678.631  1.55%   918    4s
H   26    26                    221097.78583 217678.631  1.55%   918    4s
H   26    26                    221097.78529 217678.631  1.55%   918    4s
H   27    27                    220340.03014 217678.631  1.21%   887    4s
    41    43 217830.755    5  114 220340.030 217711.839  1.19%  1039    5s
H   48    45                    218310.84869 217754.967  0.25%  1064    5s

Cutting planes:
  Gomory: 45
  Lift-and-project: 13
  Cover: 22
  Implied bound: 26
  Projected implied bound: 2
  Clique: 12
  MIR: 227
  Mixing: 16
  StrongCG: 1
  Flow cover: 352
  Zero half: 30
  RLT: 30
  Relax-and-lift: 70
  BQP: 3
  PSD: 18

Explored 49 nodes (69519 simplex iterations) in 5.29 seconds (10.62 work units)
Thread count was 1 (of 32 available processors)

Solution count 10: 218311 220340 221098 ... 222061

Optimal solution found (tolerance 1.00e-02)
Best objective 2.183108486857e+05, best bound 2.177591584514e+05, gap 0.2527%
