
Gurobi 12.0.0 (win64) logging started Mon Sep  7 03:42:48 2026

Set parameter LogFile to value "C:\Users\TECNO-MASTER\Desktop\Elmo_infrastructure_sizing_NP-\output\DCH_septiembre\Bateria_353\Costo_variable\Ventana_restringida\Carga_on_board_variable_3estaciones_P320kW_Descomp/station_2_d121_stage1\gurobi.log"
Set parameter Threads to value 1
Set parameter Heuristics to value 0.5
Set parameter MIPFocus to value 3
Set parameter Presolve to value 2
Set parameter FlowCoverCuts to value 2
Set parameter TimeLimit to value 1200
Gurobi Optimizer version 12.0.0 build v12.0.0rc1 (win64 - Windows 11+.0 (26200.2))

CPU model: Intel(R) Core(TM) i9-14900K, instruction set [SSE2|AVX|AVX2]
Thread count: 24 physical cores, 32 logical processors, using up to 1 threads

Non-default parameters:
TimeLimit  1200
MIPGap  0.05
Heuristics  0.5
MIPFocus  3
FlowCoverCuts  2
Presolve  2
Threads  1

Optimize a model with 24316 rows, 39247 columns and 117254 nonzeros
Model fingerprint: 0xbb3789f0
Variable types: 18325 continuous, 20922 integer (20921 binary)
Coefficient statistics:
  Matrix range     [1e-01, 3e+02]
  Objective range  [8e-03, 8e+04]
  Bounds range     [1e+00, 1e+00]
  RHS range        [1e+00, 1e+04]
Presolve removed 23116 rows and 29960 columns
Presolve time: 0.20s
Presolved: 1200 rows, 9287 columns, 28012 nonzeros
Variable types: 233 continuous, 9054 integer (9053 binary)
Root relaxation presolved: 1200 rows, 9287 columns, 28012 nonzeros


Use crossover to convert LP symmetric solution to basic solution...

Root relaxation: objective 1.874317e+05, 3394 iterations, 0.06 seconds (0.05 work units)

    Nodes    |    Current Node    |     Objective Bounds      |     Work
 Expl Unexpl |  Obj  Depth IntInf | Incumbent    BestBd   Gap | It/Node Time

     0     0 197597.561    0   91          - 197597.561      -     -    0s
H    0     0                    264771.12481 197597.561  25.4%     -    0s
H    0     0                    231133.90907 197597.561  14.5%     -    0s
H    0     0                    222479.83807 197597.561  11.2%     -    0s
H    0     0                    222416.26749 197597.561  11.2%     -    0s
H    0     0                    219594.58807 197597.561  10.0%     -    0s
H    0     0                    218796.91537 197597.561  9.69%     -    0s
     0     0 201567.151    0   83 218796.915 201567.151  7.87%     -    1s
H    0     0                    217766.87255 202103.722  7.19%     -    1s
H    0     0                    213068.01020 202103.722  5.15%     -    1s
H    0     0                    211386.95042 202103.722  4.39%     -    1s

Cutting planes:
  Gomory: 8
  Cover: 3
  Flow cover: 1
  Zero half: 42
  Relax-and-lift: 3

Explored 1 nodes (6647 simplex iterations) in 1.49 seconds (1.29 work units)
Thread count was 1 (of 32 available processors)

Solution count 9: 211387 213068 217767 ... 264771

Optimal solution found (tolerance 5.00e-02)
Best objective 2.113869504231e+05, best bound 2.021037218925e+05, gap 4.3916%
