
Gurobi 12.0.0 (win64) logging started Mon Sep  7 03:45:13 2026

Set parameter LogFile to value "C:\Users\TECNO-MASTER\Desktop\Elmo_infrastructure_sizing_NP-\output\DCH_septiembre\Bateria_353\Costo_variable\Ventana_restringida\Carga_on_board_variable_3estaciones_P640kW_Descomp/station_1_d121_stage1\gurobi.log"
Set parameter Threads to value 1
Set parameter Heuristics to value 0.5
Set parameter MIPFocus to value 3
Set parameter Presolve to value 2
Set parameter FlowCoverCuts to value 2
Set parameter TimeLimit to value 1200
Gurobi Optimizer version 12.0.0 build v12.0.0rc1 (win64 - Windows 11+.0 (26200.2))

CPU model: Intel(R) Core(TM) i9-14900K, instruction set [SSE2|AVX|AVX2]
Thread count: 24 physical cores, 32 logical processors, using up to 1 threads

Non-default parameters:
TimeLimit  1200
MIPGap  0.05
Heuristics  0.5
MIPFocus  3
FlowCoverCuts  2
Presolve  2
Threads  1

Optimize a model with 23314 rows, 37249 columns and 111230 nonzeros
Model fingerprint: 0x95ca1b20
Variable types: 17323 continuous, 19926 integer (19925 binary)
Coefficient statistics:
  Matrix range     [1e-01, 6e+02]
  Objective range  [8e-03, 1e+05]
  Bounds range     [1e+00, 1e+00]
  RHS range        [1e+00, 1e+04]
Presolve removed 22108 rows and 28478 columns
Presolve time: 0.17s
Presolved: 1206 rows, 8771 columns, 26578 nonzeros
Variable types: 233 continuous, 8538 integer (8537 binary)
Root relaxation presolved: 1206 rows, 8771 columns, 26578 nonzeros


Use crossover to convert LP symmetric solution to basic solution...

Root relaxation: objective 1.364142e+05, 2917 iterations, 0.05 seconds (0.05 work units)

    Nodes    |    Current Node    |     Objective Bounds      |     Work
 Expl Unexpl |  Obj  Depth IntInf | Incumbent    BestBd   Gap | It/Node Time

     0     0 136414.211    0   96          - 136414.211      -     -    0s
H    0     0                    265547.77258 136414.211  48.6%     -    0s
H    0     0                    264667.51929 136414.211  48.5%     -    0s
     0     0 150420.791    0  113 264667.519 150420.791  43.2%     -    1s
H    0     0                    190294.42298 152908.752  19.6%     -    1s
H    0     0                    190183.83074 152908.752  19.6%     -    1s
H    0     0                    186831.95109 152908.752  18.2%     -    1s
H    0     0                    181211.20596 152908.752  15.6%     -    1s
H    0     0                    173232.71209 152908.752  11.7%     -    1s
     0     0 152908.752    0  119 173232.712 152908.752  11.7%     -    2s
     0     0 152908.752    0  124 173232.712 152908.752  11.7%     -    2s
     0     0 152908.752    0  103 173232.712 152908.752  11.7%     -    3s
H    0     0                    172177.59078 152908.752  11.2%     -    3s
     0     0 152908.752    0  121 172177.591 152908.752  11.2%     -    3s
     0     0 152908.752    0  100 172177.591 152908.752  11.2%     -    3s
     0     0 152908.752    0   96 172177.591 152908.752  11.2%     -    4s
     0     0 152908.752    0  105 172177.591 152908.752  11.2%     -    4s
     0     0 152908.752    0   90 172177.591 152908.752  11.2%     -    5s
H    0     0                    171793.20751 152908.752  11.0%     -    5s
     0     0 152908.752    0  113 171793.208 152908.752  11.0%     -    5s
     0     0 152908.752    0   98 171793.208 152908.752  11.0%     -    5s
     0     0 152908.752    0  114 171793.208 152908.752  11.0%     -    5s
H    0     0                    170959.78621 152908.752  10.6%     -    6s
H    0     0                    170778.83138 152908.752  10.5%     -    6s
H    0     0                    169523.68823 152908.752  9.80%     -    6s
H    0     0                    167956.35655 152908.752  8.96%     -    6s
H    0     0                    161755.60582 152908.752  5.47%     -    6s
H    0     0                    160281.25337 152908.752  4.60%     -    6s

Cutting planes:
  Lift-and-project: 1
  Cover: 7
  Projected implied bound: 1
  MIR: 2
  Flow cover: 1
  Zero half: 2
  RLT: 1
  Relax-and-lift: 7

Explored 1 nodes (12966 simplex iterations) in 6.16 seconds (5.44 work units)
Thread count was 1 (of 32 available processors)

Solution count 10: 160281 161756 167956 ... 181211

Optimal solution found (tolerance 5.00e-02)
Best objective 1.602812533652e+05, best bound 1.529087523810e+05, gap 4.5997%
