
Gurobi 12.0.3 (win64) logging started Sun Aug 23 02:54:57 2026

Set parameter LogFile to value "C:\Users\TECNO-MASTER\Desktop\Elmo_infrastructure_sizing_NP-\output\DCH_agosto\Costo_variable\Carga_libre\Carga_on_board_variable_3estaciones_P640kW_Descomp/station_2_d182\gurobi.log"
Set parameter Threads to value 1
Set parameter Heuristics to value 0.5
Set parameter MIPFocus to value 3
Set parameter Presolve to value 2
Set parameter FlowCoverCuts to value 2
Set parameter TimeLimit to value 172800
Gurobi Optimizer version 12.0.3 build v12.0.3rc0 (win64 - Windows 11+.0 (26200.2))

CPU model: Intel(R) Core(TM) i9-14900K, instruction set [SSE2|AVX|AVX2]
Thread count: 24 physical cores, 32 logical processors, using up to 1 threads

Non-default parameters:
TimeLimit  172800
MIPGap  0.01
Heuristics  0.5
MIPFocus  3
FlowCoverCuts  2
Presolve  2
Threads  1

Optimize a model with 23772 rows, 39247 columns and 115808 nonzeros
Model fingerprint: 0x944de71b
Variable types: 18325 continuous, 20922 integer (20921 binary)
Coefficient statistics:
  Matrix range     [1e-01, 6e+02]
  Objective range  [1e-02, 1e+02]
  Bounds range     [1e+00, 3e+00]
  RHS range        [1e+00, 1e+04]
Presolve removed 21321 rows and 28443 columns
Presolve time: 0.37s
Presolved: 2451 rows, 10804 columns, 33500 nonzeros
Variable types: 841 continuous, 9963 integer (9872 binary)
Root relaxation presolved: 2451 rows, 10804 columns, 33500 nonzeros


Root relaxation: objective 1.640123e+05, 3777 iterations, 0.45 seconds (0.26 work units)

    Nodes    |    Current Node    |     Objective Bounds      |     Work
 Expl Unexpl |  Obj  Depth IntInf | Incumbent    BestBd   Gap | It/Node Time

     0     0 164012.264    0  151          - 164012.264      -     -    2s
     0     0 164014.308    0  241          - 164014.308      -     -    3s
H    0     0                    218027.38086 164024.087  24.8%     -    3s
H    0     0                    217979.05102 164024.087  24.8%     -    3s
H    0     0                    184606.84130 164024.087  11.1%     -    3s
H    0     0                    183410.78590 164024.087  10.6%     -    3s
H    0     0                    171259.80080 164024.087  4.22%     -    3s
H    0     0                    170477.97737 164024.087  3.79%     -    3s
H    0     0                    169067.80176 164024.087  2.98%     -    3s
H    0     0                    166502.48256 164024.087  1.49%     -    3s
H    0     0                    166499.85012 164024.087  1.49%     -    3s
     0     0 164024.087    0  249 166499.850 164024.087  1.49%     -    4s
     0     0 164024.087    0  250 166499.850 164024.087  1.49%     -    4s
     0     0 164143.969    0  231 166499.850 164143.969  1.41%     -    4s
H    0     0                    166399.71332 164153.410  1.35%     -    5s
H    0     0                    166368.79204 164153.410  1.33%     -    5s
H    0     0                    166367.42878 164153.410  1.33%     -    5s
H    0     0                    166365.50703 164153.410  1.33%     -    5s
H    0     0                    166361.95422 164153.410  1.33%     -    5s
     0     0 164153.410    0  238 166361.954 164153.410  1.33%     -    5s
     0     0 164153.410    0  238 166361.954 164153.410  1.33%     -    5s
     0     0 164153.410    0  226 166361.954 164153.410  1.33%     -    6s
H    0     0                    166179.21819 164164.927  1.21%     -    6s
H    0     0                    166117.20359 164164.927  1.18%     -    6s
H    0     0                    166115.69050 164164.927  1.17%     -    6s
H    0     0                    166103.59099 164164.927  1.17%     -    6s
H    0     0                    166074.73795 164164.927  1.15%     -    6s
H    0     0                    166052.88865 164164.927  1.14%     -    6s
H    0     0                    165717.80793 164164.927  0.94%     -    6s

Cutting planes:
  Gomory: 15
  Lift-and-project: 2
  Cover: 11
  Implied bound: 14
  Clique: 6
  MIR: 18
  Mixing: 2
  Flow cover: 36
  Zero half: 6
  RLT: 3
  Relax-and-lift: 16
  BQP: 1
  PSD: 2

Explored 1 nodes (15495 simplex iterations) in 6.45 seconds (4.53 work units)
Thread count was 1 (of 32 available processors)

Solution count 10: 165718 166053 166075 ... 166367

Optimal solution found (tolerance 1.00e-02)
Best objective 1.657178079307e+05, best bound 1.641649266574e+05, gap 0.9371%
