
Gurobi 12.0.0 (win64) logging started Sun Aug 23 02:33:34 2026

Set parameter LogFile to value "C:\Users\TECNO-MASTER\Desktop\Elmo_infrastructure_sizing_NP-\output\DCH_agosto\Costo_variable\Ventana_restringida\Carga_on_board_variable_3estaciones_P320kW_Descomp/station_3_d213\gurobi.log"
Set parameter Threads to value 1
Set parameter Heuristics to value 0.5
Set parameter MIPFocus to value 3
Set parameter Presolve to value 2
Set parameter FlowCoverCuts to value 2
Set parameter TimeLimit to value 172800
Gurobi Optimizer version 12.0.0 build v12.0.0rc1 (win64 - Windows 11+.0 (26200.2))

CPU model: Intel(R) Core(TM) i9-14900K, instruction set [SSE2|AVX|AVX2]
Thread count: 24 physical cores, 32 logical processors, using up to 1 threads

Non-default parameters:
TimeLimit  172800
MIPGap  0.01
Heuristics  0.5
MIPFocus  3
FlowCoverCuts  2
Presolve  2
Threads  1

Optimize a model with 23314 rows, 37249 columns and 110330 nonzeros
Model fingerprint: 0x58b754fe
Variable types: 17323 continuous, 19926 integer (19925 binary)
Coefficient statistics:
  Matrix range     [1e-01, 3e+02]
  Objective range  [8e-03, 1e+02]
  Bounds range     [1e+00, 3e+00]
  RHS range        [1e+00, 1e+04]
Presolve removed 22277 rows and 28485 columns
Presolve time: 0.17s
Presolved: 1037 rows, 8764 columns, 26355 nonzeros
Variable types: 233 continuous, 8531 integer (8440 binary)
Root relaxation presolved: 1037 rows, 8764 columns, 26355 nonzeros


Use crossover to convert LP symmetric solution to basic solution...

Root relaxation: objective 2.267718e+05, 3084 iterations, 0.05 seconds (0.04 work units)

    Nodes    |    Current Node    |     Objective Bounds      |     Work
 Expl Unexpl |  Obj  Depth IntInf | Incumbent    BestBd   Gap | It/Node Time

     0     0 226771.779    0   30          - 226771.779      -     -    0s
H    0     0                    242980.94640 226771.779  6.67%     -    0s
H    0     0                    235604.68762 226771.779  3.75%     -    0s
H    0     0                    235591.62699 226771.779  3.74%     -    0s
H    0     0                    231469.42442 226771.779  2.03%     -    0s
H    0     0                    231405.67059 226771.779  2.00%     -    0s
H    0     0                    230711.25823 226771.779  1.71%     -    0s
H    0     0                    229354.06657 226771.779  1.13%     -    0s
H    0     0                    229201.61516 226771.779  1.06%     -    0s
     0     0 226781.356    0   13 229201.615 226781.356  1.06%     -    0s
H    0     0                    228630.90340 226781.356  0.81%     -    0s

Cutting planes:
  Gomory: 2
  Projected implied bound: 1
  MIR: 4
  Mixing: 3
  Flow cover: 8
  Zero half: 1
  RLT: 1

Explored 1 nodes (5390 simplex iterations) in 1.00 seconds (0.83 work units)
Thread count was 1 (of 32 available processors)

Solution count 9: 228631 229202 229354 ... 242981

Optimal solution found (tolerance 1.00e-02)
Best objective 2.286309034039e+05, best bound 2.267813564535e+05, gap 0.8090%
