
Gurobi 12.0.3 (win64) logging started Tue Jun 30 14:53:58 2026

Set parameter LogFile to value "output/DCH_taller_julio/Costo_variable/Carga_on_board_640kW_Descomp/station_1_d244_stage1\gurobi.log"
Set parameter Threads to value 5
Set parameter Heuristics to value 0.5
Set parameter MIPFocus to value 3
Set parameter Presolve to value 2
Set parameter FlowCoverCuts to value 2
Set parameter TimeLimit to value 172800
Gurobi Optimizer version 12.0.3 build v12.0.3rc0 (win64 - Windows 11+.0 (26200.2))

CPU model: Intel(R) Core(TM) i9-14900K, instruction set [SSE2|AVX|AVX2]
Thread count: 24 physical cores, 32 logical processors, using up to 5 threads

Non-default parameters:
TimeLimit  172800
MIPGap  0.01
Heuristics  0.5
MIPFocus  3
FlowCoverCuts  2
Presolve  2
Threads  5

Optimize a model with 22793 rows, 35809 columns and 110802 nonzeros
Model fingerprint: 0x476d91f4
Variable types: 17323 continuous, 18486 integer (18485 binary)
Coefficient statistics:
  Matrix range     [1e-01, 6e+02]
  Objective range  [8e-03, 1e+05]
  Bounds range     [1e+00, 1e+00]
  RHS range        [1e+00, 1e+04]
Presolve removed 19960 rows and 25836 columns
Presolve time: 0.18s
Presolved: 2833 rows, 9973 columns, 30958 nonzeros
Variable types: 821 continuous, 9152 integer (9151 binary)
Root relaxation presolved: 2833 rows, 9973 columns, 30958 nonzeros


Root relaxation: objective 7.096734e+04, 4777 iterations, 0.51 seconds (0.75 work units)

    Nodes    |    Current Node    |     Objective Bounds      |     Work
 Expl Unexpl |  Obj  Depth IntInf | Incumbent    BestBd   Gap | It/Node Time

     0     0 70967.3387    0  449          - 70967.3387      -     -    1s
H    0     0                    482492.24708 127331.761  73.6%     -    1s
     0     0 166888.824    0  367 482492.247 166888.824  65.4%     -    5s
H    0     0                    314327.04501 166888.824  46.9%     -    5s
H    0     0                    313131.38350 166888.824  46.7%     -    5s
H    0     0                    313091.76894 166888.824  46.7%     -    5s
H    0     0                    312923.50088 166888.824  46.7%     -    5s
H    0     0                    309186.17793 166888.824  46.0%     -    5s
H    0     0                    309114.65638 166888.824  46.0%     -    5s
H    0     0                    309031.42436 166888.824  46.0%     -    5s
H    0     0                    309028.52217 166888.824  46.0%     -    5s
H    0     0                    220823.15545 166897.324  24.4%     -    5s
H    0     0                    218107.28910 166897.324  23.5%     -    5s
H    0     0                    217757.26730 166897.324  23.4%     -    5s
H    0     0                    212984.37024 166897.324  21.6%     -    5s
H    0     0                    212914.07707 166897.324  21.6%     -    5s
H    0     0                    212821.06060 166897.324  21.6%     -    5s
H    0     0                    212629.53202 166897.324  21.5%     -    5s
H    0     0                    212626.13254 166897.324  21.5%     -    5s
H    0     0                    206854.36009 166897.324  19.3%     -    5s
H    0     0                    206718.16663 166897.324  19.3%     -    5s
H    0     0                    206704.11581 166897.324  19.3%     -    5s
H    0     0                    206696.00245 166897.324  19.3%     -    5s
H    0     0                    182510.15738 166897.324  8.55%     -    5s
H    0     0                    180055.74276 166897.324  7.31%     -    5s
H    0     0                    169372.31260 166897.324  1.46%     -    5s
H    0     0                    169360.83755 166897.324  1.45%     -    5s
H    0     0                    169336.58436 166897.324  1.44%     -    5s
H    0     0                    169336.15927 166897.324  1.44%     -    5s
H    0     0                    169336.02720 166897.324  1.44%     -    5s
H    0     0                    169335.38204 166897.324  1.44%     -    5s
     0     0 167121.985    0  374 169335.382 167121.985  1.31%     -    5s
H    0     0                    169335.30369 167179.025  1.27%     -    6s
H    0     0                    169332.21947 167179.025  1.27%     -    6s
H    0     0                    169260.74740 167179.025  1.23%     -    6s
H    0     0                    169239.83630 167179.025  1.22%     -    6s
H    0     0                    169167.74603 167179.025  1.18%     -    6s
H    0     0                    169135.42015 167179.025  1.16%     -    6s
H    0     0                    169135.23683 167179.025  1.16%     -    6s
     0     0 167179.025    0  368 169135.237 167179.025  1.16%     -    7s
     0     0 167217.204    0  402 169135.237 167217.204  1.13%     -    7s
H    0     0                    168999.23582 167217.204  1.05%     -    7s
H    0     0                    168941.99213 167217.204  1.02%     -    7s
H    0     0                    168917.48765 167217.204  1.01%     -    7s
H    0     0                    168895.81787 167217.204  0.99%     -    7s
H    0     0                    168871.32933 167217.204  0.98%     -    7s
H    0     0                    168871.16297 167217.204  0.98%     -    7s

Cutting planes:
  Gomory: 112
  Lift-and-project: 45
  Cover: 44
  Implied bound: 34
  Projected implied bound: 1
  Clique: 19
  MIR: 41
  Mixing: 11
  Flow cover: 239
  Zero half: 58
  Relax-and-lift: 106

Explored 1 nodes (48577 simplex iterations) in 7.75 seconds (9.65 work units)
Thread count was 5 (of 32 available processors)

Solution count 10: 168871 168871 168896 ... 169240

Optimal solution found (tolerance 1.00e-02)
Best objective 1.688711629672e+05, best bound 1.672172040465e+05, gap 0.9794%
