
Gurobi 12.0.0 (win64) logging started Mon Sep  7 03:59:02 2026

Set parameter LogFile to value "C:\Users\TECNO-MASTER\Desktop\Elmo_infrastructure_sizing_NP-\output\DCH_septiembre\Bateria_482\Costo_variable\Carga_libre\Carga_on_board_variable_3estaciones_P320kW_Descomp/station_3_d152_stage1\gurobi.log"
Set parameter Threads to value 1
Set parameter Heuristics to value 0.5
Set parameter MIPFocus to value 3
Set parameter Presolve to value 2
Set parameter FlowCoverCuts to value 2
Set parameter TimeLimit to value 1200
Gurobi Optimizer version 12.0.0 build v12.0.0rc1 (win64 - Windows 11+.0 (26200.2))

CPU model: Intel(R) Core(TM) i9-14900K, instruction set [SSE2|AVX|AVX2]
Thread count: 24 physical cores, 32 logical processors, using up to 1 threads

Non-default parameters:
TimeLimit  1200
MIPGap  0.05
Heuristics  0.5
MIPFocus  3
FlowCoverCuts  2
Presolve  2
Threads  1

Optimize a model with 22770 rows, 37249 columns and 110688 nonzeros
Model fingerprint: 0xb4727526
Variable types: 17323 continuous, 19926 integer (19925 binary)
Coefficient statistics:
  Matrix range     [1e-01, 3e+02]
  Objective range  [1e-02, 8e+04]
  Bounds range     [1e+00, 1e+00]
  RHS range        [1e+00, 1e+04]
Presolve removed 19951 rows and 26952 columns
Presolve time: 0.25s
Presolved: 2819 rows, 10297 columns, 31529 nonzeros
Variable types: 841 continuous, 9456 integer (9455 binary)
Root relaxation presolved: 2819 rows, 10297 columns, 31529 nonzeros


Root relaxation: objective 7.617445e+04, 4383 iterations, 0.52 seconds (0.59 work units)

    Nodes    |    Current Node    |     Objective Bounds      |     Work
 Expl Unexpl |  Obj  Depth IntInf | Incumbent    BestBd   Gap | It/Node Time

     0     0 76174.4536    0  421          - 76174.4536      -     -    1s
     0     0 96289.0683    0  399          - 96289.0683      -     -    4s
     0     0 96473.5550    0  425          - 96473.5550      -     -    6s
     0     0 96473.5550    0  393          - 96473.5550      -     -    7s
     0     0 96473.5550    0  436          - 96473.5550      -     -    7s
     0     0 96473.5550    0  397          - 96473.5550      -     -    9s
     0     0 96473.5550    0  384          - 96473.5550      -     -    9s
H    0     0                    231793.33537 96473.5550  58.4%     -    9s
H    0     0                    222856.68294 96473.5550  56.7%     -   10s
H    0     0                    142219.84044 96473.5550  32.2%     -   10s
H    0     0                    118047.50150 96473.5550  18.3%     -   10s
H    0     0                    117335.61385 96473.5550  17.8%     -   10s
H    0     0                    117095.19055 96473.5550  17.6%     -   10s
     0     2 96473.5550    0  384 117095.191 96473.5550  17.6%     -   10s

Cutting planes:
  Gomory: 5
  Cover: 1
  Projected implied bound: 1
  Zero half: 1

Explored 3 nodes (38150 simplex iterations) in 10.68 seconds (11.94 work units)
Thread count was 1 (of 32 available processors)

Solution count 6: 117095 117336 118048 ... 231793

Optimal solution found (tolerance 5.00e-02)
Best objective 1.170951905483e+05, best bound 1.160963120493e+05, gap 0.8530%
