
Gurobi 12.0.0 (win64) logging started Mon Sep  7 03:43:58 2026

Set parameter LogFile to value "C:\Users\TECNO-MASTER\Desktop\Elmo_infrastructure_sizing_NP-\output\DCH_septiembre\Bateria_353\Costo_variable\Carga_libre\Carga_on_board_variable_3estaciones_P320kW_Descomp/station_1_d213_stage1\gurobi.log"
Set parameter Threads to value 1
Set parameter Heuristics to value 0.5
Set parameter MIPFocus to value 3
Set parameter Presolve to value 2
Set parameter FlowCoverCuts to value 2
Set parameter TimeLimit to value 1200
Gurobi Optimizer version 12.0.0 build v12.0.0rc1 (win64 - Windows 11+.0 (26200.2))

CPU model: Intel(R) Core(TM) i9-14900K, instruction set [SSE2|AVX|AVX2]
Thread count: 24 physical cores, 32 logical processors, using up to 1 threads

Non-default parameters:
TimeLimit  1200
MIPGap  0.05
Heuristics  0.5
MIPFocus  3
FlowCoverCuts  2
Presolve  2
Threads  1

Optimize a model with 22770 rows, 37249 columns and 110686 nonzeros
Model fingerprint: 0xa01af74d
Variable types: 17323 continuous, 19926 integer (19925 binary)
Coefficient statistics:
  Matrix range     [1e-01, 3e+02]
  Objective range  [8e-03, 8e+04]
  Bounds range     [1e+00, 1e+00]
  RHS range        [1e+00, 1e+04]
Presolve removed 19951 rows and 26950 columns
Presolve time: 0.24s
Presolved: 2819 rows, 10299 columns, 31535 nonzeros
Variable types: 841 continuous, 9458 integer (9457 binary)
Root relaxation presolved: 2819 rows, 10299 columns, 31535 nonzeros


Root relaxation: objective 6.538737e+04, 4893 iterations, 0.54 seconds (0.57 work units)

    Nodes    |    Current Node    |     Objective Bounds      |     Work
 Expl Unexpl |  Obj  Depth IntInf | Incumbent    BestBd   Gap | It/Node Time

     0     0 65387.3725    0  383          - 65387.3725      -     -    2s
     0     0 89032.1004    0  479          - 89032.1004      -     -    4s
     0     0 96572.7354    0  349          - 96572.7354      -     -    6s
     0     0 96572.7354    0  349          - 96572.7354      -     -    6s
     0     0 96572.7354    0  273          - 96572.7354      -     -    7s
     0     0 96572.7354    0  261          - 96572.7354      -     -    8s
     0     0 96572.7354    0  273          - 96572.7354      -     -    9s
     0     0 96572.7354    0  266          - 96572.7354      -     -   10s
     0     0 96572.7354    0  262          - 96572.7354      -     -   10s
     0     0 96572.7354    0  262          - 96572.7354      -     -   10s
H    0     0                    215478.12262 96572.7354  55.2%     -   11s
H    0     0                    150865.24111 96572.7354  36.0%     -   11s
H    0     0                    150777.22996 96572.7354  36.0%     -   11s
H    0     0                    135270.61964 96572.7354  28.6%     -   11s
H    0     0                    135236.16013 96572.7354  28.6%     -   11s
H    0     0                    133218.20348 96572.7354  27.5%     -   11s
H    0     0                    117018.55813 96572.7354  17.5%     -   11s
H    0     0                    116138.10915 96572.7354  16.8%     -   11s

Cutting planes:
  Gomory: 3
  Cover: 1
  Flow cover: 1
  Zero half: 1
  RLT: 1

Explored 1 nodes (43351 simplex iterations) in 11.41 seconds (14.19 work units)
Thread count was 1 (of 32 available processors)

Solution count 8: 116138 117019 133218 ... 215478

Optimal solution found (tolerance 5.00e-02)
Best objective 1.161381091518e+05, best bound 1.152774238938e+05, gap 0.7411%
