
Gurobi 10.0.0 (win64) logging started Wed Sep 30 21:50:41 2026

Set parameter LogFile to value "output/Resultados_finales_tesis/Mina_modelo/cota_op_con_cortes_4anios\gurobi_base.log"
Set parameter LogToConsole to value 0
Set parameter Threads to value 32
Gurobi Optimizer version 10.0.0 build v10.0.0rc2 (win64)

CPU model: Intel(R) Core(TM) i9-14900K, instruction set [SSE2|AVX|AVX2]
Thread count: 24 physical cores, 32 logical processors, using up to 32 threads

Optimize a model with 242342 rows, 261688 columns and 1217536 nonzeros
Model fingerprint: 0x25b97b44
Variable types: 261651 continuous, 37 integer (4 binary)
Coefficient statistics:
  Matrix range     [1e-02, 1e+03]
  Objective range  [8e-01, 5e+05]
  Bounds range     [1e+00, 5e+02]
  RHS range        [1e+00, 6e+04]
Presolve removed 109366 rows and 119534 columns
Presolve time: 0.65s
Presolved: 132976 rows, 142154 columns, 681008 nonzeros
Variable types: 142135 continuous, 19 integer (3 binary)
Deterministic concurrent LP optimizer: primal simplex, dual simplex, and barrier
Showing barrier log only...

Root barrier log...

Ordering time: 0.04s

Barrier statistics:
 Dense cols : 15
 AA' NZ     : 1.124e+06
 Factor NZ  : 4.440e+06 (roughly 150 MB of memory)
 Factor Ops : 6.022e+08 (less than 1 second per iteration)
 Threads    : 29

                  Objective                Residual
Iter       Primal          Dual         Primal    Dual     Compl     Time
   0   3.88696069e+09 -4.60396581e+12  1.06e+05 1.32e+04  5.00e+08     1s
   1   3.68211930e+09 -4.43026008e+12  9.55e+04 4.89e+05  4.40e+08     1s
   2   3.00295039e+09 -3.76591574e+12  6.55e+04 1.52e+04  2.88e+08     2s
   3   1.14514177e+09 -3.14240120e+12  2.48e+04 4.90e-06  1.11e+08     2s
   4   1.09234076e+08 -2.06872245e+12  1.95e+03 2.74e-05  1.26e+07     2s
   5   4.77861979e+07 -1.13310358e+12  4.21e+02 9.12e-06  4.15e+06     2s
   6   4.13098912e+07 -8.96968663e+11  2.97e+02 2.42e-05  3.09e+06     2s
   7   3.52438851e+07 -5.93411534e+11  1.82e+02 5.93e-05  1.93e+06     2s
   8   3.27663090e+07 -2.50417037e+11  1.40e+02 1.05e-04  9.00e+05     2s
   9   2.98023088e+07 -1.82620011e+11  1.02e+02 6.07e-05  6.41e+05     2s
  10   2.86854029e+07 -1.20712103e+11  8.89e+01 5.42e-05  4.47e+05     2s
  11   2.38367669e+07 -8.38140812e+10  4.51e+01 4.32e-05  2.76e+05     2s
  12   1.86298847e+07 -2.74416265e+10  2.70e+00 3.04e-05  7.19e+04     2s
  13   1.82905746e+07 -4.03683622e+09  1.27e+00 2.30e-06  1.04e+04     2s
  14   1.79261118e+07 -8.28014716e+08  3.30e-01 1.53e-07  2.14e+03     2s
  15   1.71649627e+07 -5.66668569e+08  7.06e-02 9.99e-08  1.47e+03     2s
  16   1.12970184e+07 -1.49054634e+08  8.54e-03 3.46e-08  4.04e+02     3s
  17   1.05027474e+07 -9.31934141e+07  3.35e-03 4.45e-08  2.61e+02     3s
  18   1.00924324e+07 -6.85277469e+07  2.38e-03 4.87e-08  1.98e+02     3s
  19   8.87436298e+06 -4.93540434e+07  1.43e-03 5.10e-08  1.47e+02     3s
  20   6.33993688e+06 -3.83054343e+07  6.91e-04 6.35e-08  1.12e+02     3s
  21   6.27206334e+06 -3.15825878e+07  6.78e-04 6.87e-08  9.53e+01     3s
  22   3.43781314e+06 -1.74064646e+07  2.11e-04 6.45e-08  5.25e+01     3s
  23   2.87483109e+06 -1.06777514e+07  1.52e-04 2.38e-07  3.41e+01     3s
  24   2.45714730e+06 -5.52029949e+06  9.46e-05 3.64e-07  2.01e+01     3s
  25   2.21312812e+06 -3.51448799e+06  7.50e-05 1.72e-07  1.44e+01     3s
  26   2.19050671e+06 -3.15255373e+06  7.20e-05 1.56e-07  1.35e+01     3s
  27   1.90948788e+06 -2.16146409e+06  4.93e-05 1.13e-07  1.02e+01     3s
  28   1.84615129e+06 -1.72662114e+06  4.29e-05 8.54e-08  8.99e+00     3s
  29   1.66159585e+06 -9.62959064e+05  2.23e-05 7.05e-08  6.61e+00     3s
  30   1.64930997e+06 -4.82237774e+05  2.12e-05 6.63e-08  5.37e+00     4s
  31   1.58899915e+06 -1.74597765e+05  1.58e-05 6.74e-08  4.44e+00     4s
  32   1.59893412e+06  2.00408783e+05  1.41e-05 6.61e-08  3.52e+00     4s
  33   1.56735646e+06  2.43499533e+05  1.20e-05 7.73e-08  3.33e+00     4s
  34   1.49490327e+06  5.28735589e+05  7.69e-06 7.27e-08  2.43e+00     4s
  35   1.48001933e+06  7.33570468e+05  6.92e-06 6.65e-08  1.88e+00     4s
  36   1.44998995e+06  8.83504029e+05  5.31e-06 6.51e-08  1.43e+00     4s
  37   1.43731110e+06  1.09540497e+06  4.66e-06 4.85e-08  8.61e-01     4s
  38   1.42144564e+06  1.16998182e+06  3.70e-06 5.71e-08  6.33e-01     4s
  39   1.41901480e+06  1.21210204e+06  3.31e-06 5.92e-08  5.21e-01     4s
  40   1.41289128e+06  1.29290509e+06  2.52e-06 4.19e-08  3.02e-01     4s
  41   1.40834161e+06  1.32532988e+06  1.94e-06 5.17e-08  2.09e-01     5s
  42   1.40442011e+06  1.35761464e+06  1.58e-06 4.33e-08  1.18e-01     5s
  43   1.40141587e+06  1.36631573e+06  1.29e-06 5.07e-08  8.84e-02     5s
  44   1.40084584e+06  1.37057522e+06  1.23e-06 6.31e-08  7.62e-02     5s
  45   1.39929833e+06  1.37456693e+06  1.07e-06 6.21e-08  6.23e-02     5s
  46   1.39667084e+06  1.37939172e+06  8.13e-07 6.34e-08  4.35e-02     5s
  47   1.39530958e+06  1.38191298e+06  6.67e-07 6.16e-08  3.37e-02     5s
  48   1.39267404e+06  1.38649360e+06  3.80e-07 4.39e-08  1.56e-02     5s
  49   1.39211584e+06  1.38826125e+06  3.20e-07 4.28e-08  9.71e-03     5s
  50   1.39126877e+06  1.38880555e+06  3.08e-07 4.32e-08  6.21e-03     5s
  51   1.39104119e+06  1.38928573e+06  2.23e-07 3.73e-08  4.42e-03     5s
  52   1.39087279e+06  1.38952556e+06  1.39e-07 4.61e-08  3.40e-03     5s
  53   1.39047627e+06  1.38971644e+06  8.82e-08 4.07e-08  1.91e-03     5s
  54   1.39012389e+06  1.38992605e+06  3.59e-07 3.20e-08  4.98e-04     6s
  55   1.39002911e+06  1.38997753e+06  2.42e-07 3.25e-08  1.30e-04     6s
  56   1.39001144e+06  1.38998512e+06  8.38e-07 4.44e-08  6.64e-05     6s
  57   1.39000498e+06  1.38998680e+06  5.64e-07 5.81e-08  4.58e-05     6s
  58   1.38999881e+06  1.38999704e+06  1.66e-07 2.95e-08  4.48e-06     6s
  59   1.38999760e+06  1.38999757e+06  3.17e-07 2.97e-08  8.36e-08     6s
  60   1.38999759e+06  1.38999759e+06  1.77e-07 2.94e-08  5.87e-09     6s

Barrier solved model in 60 iterations and 6.29 seconds (9.32 work units)
Optimal objective 1.38999759e+06


Root crossover log...

   16846 DPushes remaining with DInf 0.0000000e+00                 6s
       0 DPushes remaining with DInf 0.0000000e+00                 7s

  109071 PPushes remaining with PInf 3.0925163e-04                 7s
   31746 PPushes remaining with PInf 3.2769411e-05                10s
       0 PPushes remaining with PInf 0.0000000e+00                13s

  Push phase complete: Pinf 0.0000000e+00, Dinf 2.7139694e-09     13s


Root simplex log...

Iteration    Objective       Primal Inf.    Dual Inf.      Time
  121236    1.3899976e+06   0.000000e+00   0.000000e+00     13s
Concurrent spin time: 4.57s (can be avoided by choosing Method=3)

Solved with barrier
  121236    1.3899976e+06   0.000000e+00   0.000000e+00     18s

Root relaxation: objective 1.389998e+06, 121236 iterations, 16.80 seconds (37.01 work units)

    Nodes    |    Current Node    |     Objective Bounds      |     Work
 Expl Unexpl |  Obj  Depth IntInf | Incumbent    BestBd   Gap | It/Node Time

     0     0 1389997.59    0   12          - 1389997.59      -     -   18s
     0     0 1561648.05    0   14          - 1561648.05      -     -   38s
H    0     0                    1.813564e+07 1561648.05  91.4%     -   39s
     0     0 1562246.02    0   13 1.8136e+07 1562246.02  91.4%     -   44s
     0     0 1562246.02    0   14 1.8136e+07 1562246.02  91.4%     -   51s
     0     0 1562246.02    0   12 1.8136e+07 1562246.02  91.4%     -   70s
     0     0 1575707.22    0   12 1.8136e+07 1575707.22  91.3%     -   80s
H    0     0                    6936112.0529 1575707.22  77.3%     -   87s
     0     0 1575976.05    0   12 6936112.05 1575976.05  77.3%     -   89s
     0     0 1575976.05    0   12 6936112.05 1575976.05  77.3%     -   89s
     0     0 1577302.49    0   12 6936112.05 1577302.49  77.3%     -   94s
     0     0 1577302.49    0   12 6936112.05 1577302.49  77.3%     -   95s
     0     0 1638285.21    0    6 6936112.05 1638285.21  76.4%     -  104s
H    0     0                    1824373.2990 1638285.21  10.2%     -  109s
     0     2 1638285.21    0    6 1824373.30 1638285.21  10.2%     -  109s
     1     2 infeasible    1      1824373.30 1639401.16  10.1%  19.0  113s
     3     2 1811033.05    2    4 1824373.30 1707793.20  6.39%  8531  121s
     5     2     cutoff    3      1824373.30 1812509.01  0.65%  6309  128s
     7     2     cutoff    4      1824373.30 1823019.48  0.07%  9195  131s
     9     0     cutoff    5      1824373.30 1823827.54  0.03%  7785  150s

Cutting planes:
  Gomory: 3
  Implied bound: 2
  MIR: 1

Explored 11 nodes (413074 simplex iterations) in 151.27 seconds (555.52 work units)
Thread count was 32 (of 32 available processors)

Solution count 4: 1.82437e+06 1.82437e+06 6.93611e+06 1.81356e+07 

Optimal solution found (tolerance 1.00e-04)
Best objective 1.824373298952e+06, best bound 1.824373298952e+06, gap 0.0000%
