
Gurobi 12.0.3 (win64) logging started Sun Aug 23 17:22:47 2026

Set parameter LogFile to value "C:\Users\TECNO-MASTER\Desktop\Elmo_infrastructure_sizing_NP-\output\DCH_agosto\Costo_variable\Ventana_restringida\Carga_on_board_variable_3estaciones_P1000kW_Descomp/station_2_d213\gurobi.log"
Set parameter Threads to value 1
Set parameter Heuristics to value 0.5
Set parameter MIPFocus to value 3
Set parameter Presolve to value 2
Set parameter FlowCoverCuts to value 2
Set parameter TimeLimit to value 172800
Gurobi Optimizer version 12.0.3 build v12.0.3rc0 (win64 - Windows 11+.0 (26200.2))

CPU model: Intel(R) Core(TM) i9-14900K, instruction set [SSE2|AVX|AVX2]
Thread count: 24 physical cores, 32 logical processors, using up to 1 threads

Non-default parameters:
TimeLimit  172800
MIPGap  0.01
Heuristics  0.5
MIPFocus  3
FlowCoverCuts  2
Presolve  2
Threads  1

Optimize a model with 24316 rows, 39247 columns and 116352 nonzeros
Model fingerprint: 0x4f5ab6fd
Variable types: 18325 continuous, 20922 integer (20921 binary)
Coefficient statistics:
  Matrix range     [1e-01, 1e+03]
  Objective range  [8e-03, 1e+02]
  Bounds range     [1e+00, 3e+00]
  RHS range        [1e+00, 1e+04]
Presolve removed 23245 rows and 29971 columns
Presolve time: 0.22s
Presolved: 1071 rows, 9276 columns, 28625 nonzeros
Variable types: 233 continuous, 9043 integer (8952 binary)
Root relaxation presolved: 1071 rows, 9276 columns, 28625 nonzeros


Use crossover to convert LP symmetric solution to basic solution...

Root relaxation: objective 2.188271e+05, 2991 iterations, 0.06 seconds (0.04 work units)

    Nodes    |    Current Node    |     Objective Bounds      |     Work
 Expl Unexpl |  Obj  Depth IntInf | Incumbent    BestBd   Gap | It/Node Time

     0     0 218827.096    0   61          - 218827.096      -     -    0s
     0     0 218827.096    0   42          - 218827.096      -     -    1s
H    0     0                    279285.67271 218827.096  21.6%     -    1s
H    0     0                    279273.03171 218827.096  21.6%     -    1s
H    0     0                    269895.10391 218827.096  18.9%     -    1s
     0     0 218827.536    0   44 269895.104 218827.536  18.9%     -    1s
     0     0 218827.536    0   38 269895.104 218827.536  18.9%     -    1s
H    0     0                    269891.75411 218827.536  18.9%     -    1s
H    0     0                    242766.28168 218827.536  9.86%     -    1s
H    0     0                    240740.34363 218827.536  9.10%     -    1s
H    0     0                    239489.54291 218827.536  8.63%     -    1s
H    0     0                    238632.20423 218827.536  8.30%     -    1s
H    0     0                    238505.40605 218827.536  8.25%     -    1s
     0     0 218827.536    0   50 238505.406 218827.536  8.25%     -    1s
     0     0 218827.536    0   49 238505.406 218827.536  8.25%     -    2s
     0     0 218827.536    0   49 238505.406 218827.536  8.25%     -    2s
H    0     0                    235345.26369 218827.536  7.02%     -    2s
H    0     0                    234437.54735 218827.536  6.66%     -    2s
H    0     0                    229250.42397 218827.536  4.55%     -    2s
H    0     0                    228027.72797 218827.536  4.03%     -    2s
H    0     0                    228020.07685 218827.536  4.03%     -    2s
H    0     0                    228016.87398 218827.536  4.03%     -    2s
H    0     0                    227888.67092 218827.536  3.98%     -    3s
H    0     0                    227787.74383 218827.536  3.93%     -    3s
H    0     0                    227755.51850 218827.536  3.92%     -    3s
H    0     0                    227755.51838 218827.536  3.92%     -    3s
H    0     0                    227755.29178 218827.536  3.92%     -    3s
H    0     0                    227752.37021 218827.536  3.92%     -    3s
     0     2 218827.536    0   49 227752.370 218827.536  3.92%     -    3s
H    9     9                    227736.73207 218827.536  3.91%   846    4s
H    9     9                    227735.84299 218827.536  3.91%   846    4s
    16    18 219175.159    6   94 227735.843 218827.536  3.91%   982    5s
H   26    26                    226465.03178 218827.536  3.37%  1033    5s
H   26    26                    225166.13013 218827.536  2.82%  1033    5s
H   26    26                    225165.26036 218827.536  2.81%  1033    5s
H   27    27                    225164.61012 218827.536  2.81%  1053    6s
H   27    27                    225138.51174 218827.536  2.80%  1053    6s
H   27    27                    225099.65363 218827.536  2.79%  1053    6s
H   27    27                    223790.46875 218827.536  2.22%  1053    6s
H   27    27                    223788.23661 218827.536  2.22%  1053    6s
H   27    27                    223333.04334 218827.536  2.02%  1053    6s
H   52    52                    223332.73424 219062.294  1.91%   936    7s
H   52    52                    223248.54281 219062.294  1.88%   936    7s
H   54    54                    223232.14418 219073.426  1.86%   918    8s
H   54    54                    223111.64317 219073.426  1.81%   918    8s
H   54    54                    222622.86542 219073.426  1.59%   918    8s
H   54    54                    222611.98674 219073.426  1.59%   918    8s
H   54    54                    220591.48133 219073.426  0.69%   918    8s

Cutting planes:
  Gomory: 24
  Lift-and-project: 6
  Cover: 23
  Implied bound: 47
  Projected implied bound: 2
  Clique: 34
  MIR: 253
  Mixing: 23
  StrongCG: 1
  Flow cover: 358
  Zero half: 28
  RLT: 17
  Relax-and-lift: 102
  BQP: 1
  PSD: 15

Explored 55 nodes (60029 simplex iterations) in 8.38 seconds (10.55 work units)
Thread count was 1 (of 32 available processors)

Solution count 10: 220591 222612 222623 ... 223790

Optimal solution found (tolerance 1.00e-02)
Best objective 2.205914813333e+05, best bound 2.190743815268e+05, gap 0.6877%
