
Gurobi 12.0.3 (win64) logging started Tue Jun 30 15:29:59 2026

Set parameter LogFile to value "output/DCH_taller_julio/Costo_variable/Carga_on_board_1000kW_Descomp/station_2_d335\gurobi.log"
Set parameter Threads to value 5
Set parameter Heuristics to value 0.5
Set parameter MIPFocus to value 3
Set parameter Presolve to value 2
Set parameter FlowCoverCuts to value 2
Set parameter TimeLimit to value 172800
Gurobi Optimizer version 12.0.3 build v12.0.3rc0 (win64 - Windows 11+.0 (26200.2))

CPU model: Intel(R) Core(TM) i9-14900K, instruction set [SSE2|AVX|AVX2]
Thread count: 24 physical cores, 32 logical processors, using up to 5 threads

Non-default parameters:
TimeLimit  172800
MIPGap  0.01
Heuristics  0.5
MIPFocus  3
FlowCoverCuts  2
Presolve  2
Threads  5

Optimize a model with 23765 rows, 37807 columns and 115870 nonzeros
Model fingerprint: 0x7790c9ca
Variable types: 18325 continuous, 19482 integer (19481 binary)
Coefficient statistics:
  Matrix range     [1e-01, 1e+03]
  Objective range  [4e-03, 1e+02]
  Bounds range     [1e+00, 1e+00]
  RHS range        [1e+00, 1e+04]
Presolve removed 21363 rows and 27339 columns
Presolve time: 0.10s
Presolved: 2402 rows, 10468 columns, 31810 nonzeros
Variable types: 820 continuous, 9648 integer (9648 binary)
Root relaxation presolved: 2402 rows, 10468 columns, 31810 nonzeros


Root relaxation: objective 2.136884e+05, 3001 iterations, 0.08 seconds (0.13 work units)

    Nodes    |    Current Node    |     Objective Bounds      |     Work
 Expl Unexpl |  Obj  Depth IntInf | Incumbent    BestBd   Gap | It/Node Time

     0     0 213688.363    0  238          - 213688.363      -     -    0s
H    0     0                    219017.54927 213688.363  2.43%     -    0s
H    0     0                    218328.15443 213688.363  2.13%     -    0s
H    0     0                    218109.50371 213688.363  2.03%     -    0s
H    0     0                    217877.02125 213688.363  1.92%     -    0s
H    0     0                    217816.45521 213688.363  1.90%     -    0s
H    0     0                    217748.94704 213688.363  1.86%     -    0s
H    0     0                    217652.02221 213688.363  1.82%     -    0s
H    0     0                    217630.94885 213688.363  1.81%     -    0s
H    0     0                    217010.74138 213688.363  1.53%     -    0s
H    0     0                    216800.78637 213688.363  1.44%     -    0s
H    0     0                    216719.63606 213688.363  1.40%     -    0s
H    0     0                    216573.39785 213688.363  1.33%     -    0s
H    0     0                    216510.61998 213688.363  1.30%     -    0s
H    0     0                    216510.36466 213688.363  1.30%     -    0s
H    0     0                    216478.84256 213688.363  1.29%     -    0s
H    0     0                    216454.64147 213688.363  1.28%     -    0s
H    0     0                    216426.60879 213688.363  1.27%     -    0s
H    0     0                    216421.91585 213688.363  1.26%     -    0s
H    0     0                    216420.96744 213688.363  1.26%     -    0s
H    0     0                    216353.61034 213688.363  1.23%     -    0s
H    0     0                    216324.16463 213951.856  1.10%     -    0s
H    0     0                    215469.07442 213951.856  0.70%     -    0s
H    0     0                    215379.29476 213951.856  0.66%     -    0s
H    0     0                    215328.21338 213951.856  0.64%     -    0s
H    0     0                    215062.62768 213951.856  0.52%     -    0s
H    0     0                    215055.14950 213951.856  0.51%     -    0s
H    0     0                    214947.42041 213951.856  0.46%     -    0s
H    0     0                    214941.16911 213951.856  0.46%     -    0s
H    0     0                    214938.34513 213951.856  0.46%     -    0s
H    0     0                    214932.50077 213951.856  0.46%     -    0s
     0     0 213951.856    0  258 214932.501 213951.856  0.46%     -    0s

Cutting planes:
  Gomory: 44
  Lift-and-project: 29
  Cover: 5
  Implied bound: 29
  Projected implied bound: 2
  Clique: 6
  MIR: 21
  Mixing: 7
  Flow cover: 112
  Zero half: 27
  RLT: 13
  Relax-and-lift: 11
  BQP: 2
  PSD: 5

Explored 1 nodes (6580 simplex iterations) in 0.96 seconds (1.15 work units)
Thread count was 5 (of 32 available processors)

Solution count 10: 214933 214938 214941 ... 216324

Optimal solution found (tolerance 1.00e-02)
Best objective 2.149325007667e+05, best bound 2.139518564627e+05, gap 0.4563%
