
Gurobi 12.0.3 (win64) logging started Tue Jul  7 01:03:44 2026

Set parameter LogFile to value "output/DCH_taller_julio/Costo_variable/Ventana_restringida/Carga_on_board_640kW_Descomp_ventana_carga/station_3_d121_stage1\gurobi.log"
Set parameter Threads to value 5
Set parameter Heuristics to value 0.5
Set parameter MIPFocus to value 3
Set parameter Presolve to value 2
Set parameter FlowCoverCuts to value 2
Set parameter TimeLimit to value 172800
Gurobi Optimizer version 12.0.3 build v12.0.3rc0 (win64 - Windows 11+.0 (26200.2))

CPU model: Intel(R) Core(TM) i9-14900K, instruction set [SSE2|AVX|AVX2]
Thread count: 24 physical cores, 32 logical processors, using up to 5 threads

Non-default parameters:
TimeLimit  172800
MIPGap  0.01
Heuristics  0.5
MIPFocus  3
FlowCoverCuts  2
Presolve  2
Threads  5

Optimize a model with 23329 rows, 35809 columns and 111338 nonzeros
Model fingerprint: 0x62a2a2eb
Variable types: 17323 continuous, 18486 integer (18485 binary)
Coefficient statistics:
  Matrix range     [1e-01, 6e+02]
  Objective range  [8e-03, 2e+05]
  Bounds range     [1e+00, 1e+00]
  RHS range        [1e+00, 1e+04]
Presolve removed 22092 rows and 27284 columns
Presolve time: 0.09s
Presolved: 1237 rows, 8525 columns, 25866 nonzeros
Variable types: 245 continuous, 8280 integer (8279 binary)
Root relaxation presolved: 1237 rows, 8525 columns, 25866 nonzeros


Use crossover to convert LP symmetric solution to basic solution...

Root relaxation: objective 2.350493e+05, 3352 iterations, 0.04 seconds (0.07 work units)

    Nodes    |    Current Node    |     Objective Bounds      |     Work
 Expl Unexpl |  Obj  Depth IntInf | Incumbent    BestBd   Gap | It/Node Time

     0     0 352838.923    0  142          - 352838.923      -     -    0s
H    0     0                    569811.92721 352838.923  38.1%     -    0s
H    0     0                    447493.96813 353153.443  21.1%     -    0s
H    0     0                    441480.27012 353153.443  20.0%     -    0s
H    0     0                    441418.04090 353153.443  20.0%     -    0s
H    0     0                    441110.62610 353153.443  19.9%     -    0s
H    0     0                    434912.47373 353153.443  18.8%     -    0s
H    0     0                    434814.14144 353153.443  18.8%     -    0s
H    0     0                    434814.10817 353153.443  18.8%     -    0s
H    0     0                    434812.34440 353153.443  18.8%     -    0s
H    0     0                    434809.77665 353153.443  18.8%     -    0s
H    0     0                    428355.92368 353153.443  17.6%     -    0s
     0     0 353354.996    0  122 428355.924 353354.996  17.5%     -    0s
H    0     0                    419242.83035 355040.561  15.3%     -    0s
H    0     0                    416834.49354 355040.561  14.8%     -    0s
H    0     0                    415455.42469 355040.561  14.5%     -    0s
H    0     0                    403954.30305 355040.561  12.1%     -    0s
H    0     0                    403952.15508 355040.561  12.1%     -    1s
H    0     0                    399121.97010 355040.561  11.0%     -    1s
H    0     0                    398877.91440 355040.561  11.0%     -    1s
H    0     0                    398859.49892 355040.561  11.0%     -    1s
H    0     0                    398805.07117 355040.561  11.0%     -    1s
H    0     0                    398798.59610 355040.561  11.0%     -    1s
H    0     0                    395761.10062 355040.561  10.3%     -    1s
H    0     0                    395760.62821 355040.561  10.3%     -    1s
H    0     0                    381057.90681 355040.561  6.83%     -    1s
H    0     0                    380128.97641 355040.561  6.60%     -    1s
H    0     0                    380076.47580 355040.561  6.59%     -    1s
H    0     0                    380006.72628 355040.561  6.57%     -    1s
H    0     0                    368460.10550 355040.561  3.64%     -    1s
     0     0 356085.126    0   95 368460.106 356085.126  3.36%     -    1s
H    0     0                    368443.97841 356085.126  3.35%     -    1s
H    0     0                    364299.89680 356085.126  2.25%     -    1s
H    0     0                    363106.50134 356085.126  1.93%     -    1s
H    0     0                    362394.83974 356085.126  1.74%     -    1s
H    0     0                    361998.88975 356085.126  1.63%     -    1s
H    0     0                    361850.42326 356085.126  1.59%     -    1s
     0     0 356085.126    0   57 361850.423 356085.126  1.59%     -    1s
H    0     0                    361850.42311 356085.126  1.59%     -    2s
     0     0 356085.126    0   72 361850.423 356085.126  1.59%     -    2s
     0     0 356085.126    0   69 361850.423 356085.126  1.59%     -    3s
H    0     0                    361769.09397 356085.126  1.57%     -    3s
H    0     0                    361469.58281 356085.126  1.49%     -    3s
H    0     0                    361452.36033 356085.126  1.48%     -    3s
     0     0 356085.126    0   64 361452.360 356085.126  1.48%     -    3s
H    0     0                    361180.46374 356085.126  1.41%     -    3s
H    0     0                    361176.23171 356085.126  1.41%     -    3s
H    0     0                    360834.17833 356085.126  1.32%     -    3s
     0     0 356085.126    0   77 360834.178 356085.126  1.32%     -    4s
     0     0 356085.126    0   77 360834.178 356085.126  1.32%     -    4s
H    0     0                    360058.79952 356085.126  1.10%     -    4s
H    0     0                    360048.26415 356085.126  1.10%     -    4s
H    0     0                    360048.09854 356085.126  1.10%     -    4s
H    0     0                    358207.84579 356085.126  0.59%     -    4s

Cutting planes:
  Gomory: 10
  Lift-and-project: 4
  Cover: 15
  Implied bound: 12
  Projected implied bound: 4
  Clique: 4
  MIR: 11
  Flow cover: 23
  Zero half: 1
  Relax-and-lift: 15

Explored 1 nodes (17021 simplex iterations) in 4.95 seconds (4.90 work units)
Thread count was 5 (of 32 available processors)

Solution count 10: 358208 360048 360048 ... 361769

Optimal solution found (tolerance 1.00e-02)
Best objective 3.582078457878e+05, best bound 3.560851259218e+05, gap 0.5926%
