
Gurobi 12.0.0 (win64) logging started Mon Sep  7 03:45:14 2026

Set parameter LogFile to value "C:\Users\TECNO-MASTER\Desktop\Elmo_infrastructure_sizing_NP-\output\DCH_septiembre\Bateria_353\Costo_variable\Ventana_restringida\Carga_on_board_variable_3estaciones_P640kW_Descomp/station_3_d121_stage1\gurobi.log"
Set parameter Threads to value 1
Set parameter Heuristics to value 0.5
Set parameter MIPFocus to value 3
Set parameter Presolve to value 2
Set parameter FlowCoverCuts to value 2
Set parameter TimeLimit to value 1200
Gurobi Optimizer version 12.0.0 build v12.0.0rc1 (win64 - Windows 11+.0 (26200.2))

CPU model: Intel(R) Core(TM) i9-14900K, instruction set [SSE2|AVX|AVX2]
Thread count: 24 physical cores, 32 logical processors, using up to 1 threads

Non-default parameters:
TimeLimit  1200
MIPGap  0.05
Heuristics  0.5
MIPFocus  3
FlowCoverCuts  2
Presolve  2
Threads  1

Optimize a model with 23314 rows, 37249 columns and 111232 nonzeros
Model fingerprint: 0x9a7cf30a
Variable types: 17323 continuous, 19926 integer (19925 binary)
Coefficient statistics:
  Matrix range     [1e-01, 6e+02]
  Objective range  [8e-03, 1e+05]
  Bounds range     [1e+00, 1e+00]
  RHS range        [1e+00, 1e+04]
Presolve removed 22108 rows and 28480 columns
Presolve time: 0.17s
Presolved: 1206 rows, 8769 columns, 26572 nonzeros
Variable types: 233 continuous, 8536 integer (8535 binary)
Root relaxation presolved: 1206 rows, 8769 columns, 26572 nonzeros


Use crossover to convert LP symmetric solution to basic solution...

Root relaxation: objective 1.433579e+05, 2992 iterations, 0.06 seconds (0.05 work units)

    Nodes    |    Current Node    |     Objective Bounds      |     Work
 Expl Unexpl |  Obj  Depth IntInf | Incumbent    BestBd   Gap | It/Node Time

     0     0 143357.929    0  109          - 143357.929      -     -    0s
H    0     0                    417407.83374 143357.929  65.7%     -    0s
H    0     0                    272586.56414 143357.929  47.4%     -    0s
H    0     0                    265475.13725 143357.929  46.0%     -    0s
H    0     0                    265462.98220 143357.929  46.0%     -    0s
     0     0 158096.348    0  140 265462.982 158096.348  40.4%     -    1s
H    0     0                    189753.27116 160315.640  15.5%     -    1s
H    0     0                    186251.16529 160315.640  13.9%     -    1s
H    0     0                    186203.48875 160315.640  13.9%     -    1s
H    0     0                    183182.48925 160315.640  12.5%     -    1s
H    0     0                    180914.46614 160315.640  11.4%     -    1s
H    0     0                    179922.07396 160315.640  10.9%     -    1s
H    0     0                    178956.73412 160315.640  10.4%     -    2s
H    0     0                    178259.11622 160315.640  10.1%     -    2s
H    0     0                    177603.85369 160315.640  9.73%     -    2s
     0     0 160315.640    0   95 177603.854 160315.640  9.73%     -    2s
     0     0 160315.640    0   99 177603.854 160315.640  9.73%     -    2s
     0     0 160315.640    0  118 177603.854 160315.640  9.73%     -    3s
H    0     0                    177353.76093 160315.640  9.61%     -    3s
H    0     0                    172636.63599 160315.640  7.14%     -    3s
     0     0 160315.640    0  118 172636.636 160315.640  7.14%     -    3s
     0     0 160315.640    0  103 172636.636 160315.640  7.14%     -    4s
     0     0 160315.640    0  111 172636.636 160315.640  7.14%     -    4s
     0     0 160315.640    0   85 172636.636 160315.640  7.14%     -    4s
H    0     0                    172126.95456 160315.640  6.86%     -    4s
H    0     0                    172006.13943 160315.640  6.80%     -    4s
     0     0 160315.640    0   88 172006.139 160315.640  6.80%     -    4s
     0     0 160315.640    0   89 172006.139 160315.640  6.80%     -    5s
     0     0 160315.640    0   95 172006.139 160315.640  6.80%     -    5s
H    0     0                    169368.74213 160315.640  5.35%     -    5s
H    0     0                    168946.26886 160315.640  5.11%     -    5s
H    0     0                    166437.82640 160315.640  3.68%     -    5s

Cutting planes:
  Cover: 4
  Implied bound: 1
  Projected implied bound: 1
  MIR: 2
  Flow cover: 1
  Zero half: 18
  Relax-and-lift: 6

Explored 1 nodes (13916 simplex iterations) in 5.46 seconds (4.78 work units)
Thread count was 1 (of 32 available processors)

Solution count 10: 166438 168946 169369 ... 178957

Optimal solution found (tolerance 5.00e-02)
Best objective 1.664378264040e+05, best bound 1.603156400689e+05, gap 3.6784%
