
Gurobi 12.0.3 (win64) logging started Wed Jul  8 01:34:01 2026

Set parameter LogFile to value "output/GX_pruebas/P160kW/gurobi.log"
Set parameter Threads to value 32
Set parameter Heuristics to value 0.5
Set parameter MIPFocus to value 3
Set parameter Presolve to value 2
Set parameter FlowCoverCuts to value 2
Set parameter TimeLimit to value 172800
Gurobi Optimizer version 12.0.3 build v12.0.3rc0 (win64 - Windows 11+.0 (26200.2))

CPU model: Intel(R) Core(TM) i9-14900K, instruction set [SSE2|AVX|AVX2]
Thread count: 24 physical cores, 32 logical processors, using up to 32 threads

Non-default parameters:
TimeLimit  172800
MIPGap  0.01
Heuristics  0.5
MIPFocus  3
FlowCoverCuts  2
Presolve  2
Threads  32

Optimize a model with 136890 rows, 204829 columns and 972256 nonzeros
Model fingerprint: 0x601b14ff
Variable types: 98619 continuous, 106210 integer (106207 binary)
Coefficient statistics:
  Matrix range     [1e-02, 2e+04]
  Objective range  [3e+00, 1e+06]
  Bounds range     [1e+00, 2e+04]
  RHS range        [1e+00, 2e+04]
Presolve removed 117447 rows and 155206 columns
Presolve time: 0.88s
Presolved: 19443 rows, 49623 columns, 336756 nonzeros
Variable types: 5284 continuous, 44339 integer (44336 binary)
Root relaxation presolve removed 870 rows and 0 columns
Root relaxation presolved: 18573 rows, 49623 columns, 334481 nonzeros

Deterministic concurrent LP optimizer: primal and dual simplex
Showing primal log only...

Concurrent spin time: 0.08s

Solved with primal simplex

Root relaxation: infeasible, 13769 iterations, 0.71 seconds (1.39 work units)

    Nodes    |    Current Node    |     Objective Bounds      |     Work
 Expl Unexpl |  Obj  Depth IntInf | Incumbent    BestBd   Gap | It/Node Time

     0     0 infeasible    0               - infeasible      -     -    1s

Explored 1 nodes (13030 simplex iterations) in 1.83 seconds (4.31 work units)
Thread count was 32 (of 32 available processors)

Solution count 0

Model is infeasible
Best objective -, best bound -, gap -
