[STOP] para cortar a mano conservando la solucion, cree: output/Resultados_finales_tesis/Mina_modelo/P_red_gen_bat_swap_libre_v2/STOP
[Hibrido] se omite la cota del LP monolitico: la fase monolitica la supera con su propio root bound en una fraccion del tiempo.
[NestedBenders] presolve de capacidad (peak): meta por anio 1:4,700  2:9,400  3:17,860  4:23,500  5:23,500  6:23,500  7:23,500  8:18,800  9:9,400  10:4,700
[NestedBenders] presolve de capacidad: anios [4], modulos de 500 kW
[NestedBenders] presolve capacidad  anio 4  suma: sum n_ssee_k >= 1  (dual 1.0000, primal 1.000, 170s)
[NestedBenders] presolve capacidad  anio 4  station_1: n_ssee_k >= 1  (dual 1.0000, primal 1.000, 171s)
[NestedBenders] presolve de capacidad: cotas impuestas al anio 1: station_1: >= 1 (500 kW, anio 4)
[NestedBenders] presolve de capacidad: la cota agregada (1) no agrega nada sobre las cotas por nave
[NestedBenders] presolve de capacidad: 341s
[NestedBenders] cota inicial externa (--lb_inicial) = 1,968,564.61  -> LB = 1,968,564.61
[NestedBenders] k=1 FORWARD  anio 1 (1/10)  [UB=(sin cota aun)  LB=1,968,564.61]  resolviendo MILP...
[DayDecomp] año 1: MIP start por dias (fase 1 libre, max, fase 2 fija, pulido)...
[DayDecomp]   y1 d15 fase1: 290,435.68  (optimal, 3s)
[DayDecomp]   y1 d105 fase1: 290,435.68  (optimal, 4s)
[DayDecomp]   y1 d196 fase1: 293,634.41  (optimal, 3s)
[DayDecomp]   y1 d288 fase1: 293,634.41  (optimal, 3s)
[DayDecomp]   agregado (max entre dias): N_bays=1  N_chargers=1  N_batteries=1  Delta_N_bays=1  Delta_N_chargers=1  Delta_N_batteries=1  n_ssee_k=1  G_g=0, 0  H=0  P_pot=0  R=0  b_bar=482
[DayDecomp]   y1 d15 fase2: 293,634.41  (optimal, 3s)
[DayDecomp]   y1 d105 fase2: 287,236.95  (optimal, 4s)
[DayDecomp]   y1 d196 fase2: 287,236.95  (optimal, 3s)
[DayDecomp]   y1 d288 fase2: 293,634.41  (optimal, 3s)
[DayDecomp]   pulido sobre el bloque anual: 59,481 valores, 45,773 enteras fijas, LP optimo en 4s -> incumbente 1,161,742.73
[DayDecomp] año 1: listo en 47s
WARNING: Loading a SolverResults object with an 'aborted' status, but
containing a solution
[NestedBenders] forward y=1  TimeLimit alcanzado sin cerrar MIPGap: UB=1,148,947.81  LB=1,135,655.79  gap=1.1569%
[NestedBenders] k=1 FORWARD  anio 2 (2/10)  [UB=(sin cota aun)  LB=1,968,564.61]  resolviendo MILP...
[DayDecomp] año 2: MIP start por dias (fase 1 libre, max, fase 2 fija, pulido)...
[DayDecomp]   y2 d15 fase1: 20,355.54  (optimal, 26s)
[DayDecomp]   y2 d105 fase1: 20,355.54  (optimal, 37s)
[DayDecomp]   y2 d196 fase1: 20,355.54  (optimal, 6s)
[DayDecomp]   y2 d288 fase1: 20,355.54  (optimal, 26s)
[DayDecomp]   agregado (max entre dias): N_bays=1  N_chargers=1  N_batteries=1  Delta_N_bays=0  Delta_N_chargers=0  Delta_N_batteries=0  n_ssee_k=1  G_g=0, 0  H=0  P_pot=0  R=-0  b_bar=480.5
[DayDecomp]   y2 d15 fase2: 20,355.54  (optimal, 10s)
[DayDecomp]   y2 d105 fase2: 20,355.54  (optimal, 9s)
[DayDecomp]   y2 d196 fase2: 20,355.54  (optimal, 9s)
[DayDecomp]   y2 d288 fase2: 20,355.54  (optimal, 10s)
[DayDecomp]   pulido sobre el bloque anual: 59,484 valores, 45,774 enteras fijas, LP optimo en 4s -> incumbente 81,422.15
[DayDecomp] año 2: listo en 153s
[NestedBenders] k=1 FORWARD  anio 3 (3/10)  [UB=(sin cota aun)  LB=1,968,564.61]  resolviendo MILP...
[DayDecomp] año 3: MIP start por dias (fase 1 libre, max, fase 2 fija, pulido)...
[DayDecomp]   y3 d15 fase1: 34,366.49  (optimal, 24s)
[DayDecomp]   y3 d105 fase1: 39,798.50  (optimal, 12s)
[DayDecomp]   y3 d196 fase1: 39,798.50  (optimal, 12s)
[DayDecomp]   y3 d288 fase1: 34,366.49  (optimal, 24s)
[DayDecomp]   agregado (max entre dias): N_bays=1  N_chargers=1  N_batteries=1  Delta_N_bays=0  Delta_N_chargers=0  Delta_N_batteries=0  n_ssee_k=1  G_g=0, 0  H=0  P_pot=241  R=-0  b_bar=476.7
[DayDecomp]   y3 d15 fase2: 39,798.50  (optimal, 20s)
[DayDecomp]   y3 d105 fase2: 39,798.50  (optimal, 20s)
[DayDecomp]   y3 d196 fase2: 39,798.50  (optimal, 19s)
[DayDecomp]   y3 d288 fase2: 39,798.50  (optimal, 20s)
[DayDecomp]   pulido sobre el bloque anual: 59,484 valores, 45,774 enteras fijas, LP optimo en 4s -> incumbente 159,193.99
[DayDecomp] año 3: listo en 171s
WARNING: Loading a SolverResults object with an 'aborted' status, but
containing a solution
[NestedBenders] forward y=3  TimeLimit alcanzado sin cerrar MIPGap: UB=159,193.99  LB=156,255.28  gap=1.8460%
[NestedBenders] k=1 FORWARD  anio 4 (4/10)  [UB=(sin cota aun)  LB=1,968,564.61]  resolviendo MILP...
[DayDecomp] año 4: MIP start por dias (fase 1 libre, max, fase 2 fija, pulido)...
[DayDecomp]   y4 d15 fase1: 148,489.28  (optimal, 10s)
[DayDecomp]   y4 d105 fase1: 146,086.03  (optimal, 34s)
[DayDecomp]   y4 d196 fase1: 146,086.03  (optimal, 35s)
[DayDecomp]   y4 d288 fase1: 148,489.28  (optimal, 10s)
[DayDecomp]   agregado (max entre dias): N_bays=1  N_chargers=2  N_batteries=2  Delta_N_bays=0  Delta_N_chargers=1  Delta_N_batteries=1  n_ssee_k=1  G_g=0, 0  H=0  P_pot=0  R=-0  b_bar=471.2
[DayDecomp]   y4 d15 fase2: 148,489.28  (optimal, 5s)
[DayDecomp]   y4 d105 fase2: 146,086.03  (optimal, 48s)
[DayDecomp]   y4 d196 fase2: 146,086.03  (optimal, 48s)
[DayDecomp]   y4 d288 fase2: 148,489.28  (optimal, 5s)
[DayDecomp]   pulido sobre el bloque anual: 59,484 valores, 45,774 enteras fijas, LP optimo en 4s -> incumbente 589,150.60
[DayDecomp] año 4: listo en 215s
WARNING: Loading a SolverResults object with an 'aborted' status, but
containing a solution
[NestedBenders] forward y=4  TimeLimit alcanzado sin cerrar MIPGap: UB=589,150.60  LB=573,529.47  gap=2.6515%
[NestedBenders] k=1 FORWARD  anio 5 (5/10)  [UB=(sin cota aun)  LB=1,968,564.61]  resolviendo MILP...
[DayDecomp] año 5: MIP start por dias (fase 1 libre, max, fase 2 fija, pulido)...
WARNING: Loading a SolverResults object with an 'aborted' status, but
containing a solution
[DayDecomp]   y5 d15 fase1: 41,510.70  (maxTimeLimit, 61s)
WARNING: Loading a SolverResults object with an 'aborted' status, but
containing a solution
[DayDecomp]   y5 d105 fase1: 39,325.93  (maxTimeLimit, 61s)
WARNING: Loading a SolverResults object with an 'aborted' status, but
containing a solution
[DayDecomp]   y5 d196 fase1: 43,815.19  (maxTimeLimit, 61s)
WARNING: Loading a SolverResults object with an 'aborted' status, but
containing a solution
[DayDecomp]   y5 d288 fase1: 41,510.70  (maxTimeLimit, 61s)
[DayDecomp]   agregado (max entre dias): N_bays=1  N_chargers=2  N_batteries=2  Delta_N_bays=0  Delta_N_chargers=0  Delta_N_batteries=0  n_ssee_k=1  G_g=0, 0  H=0  P_pot=241  R=-0  b_bar=463.4
[DayDecomp]   y5 d15 fase2: 43,815.19  (optimal, 25s)
[DayDecomp]   y5 d105 fase2: 43,815.19  (optimal, 16s)
[DayDecomp]   y5 d196 fase2: 43,815.19  (optimal, 16s)
[DayDecomp]   y5 d288 fase2: 43,815.19  (optimal, 25s)
[DayDecomp]   pulido sobre el bloque anual: 59,484 valores, 45,774 enteras fijas, LP optimo en 6s -> incumbente 175,260.76
[DayDecomp] año 5: listo en 348s
WARNING: Loading a SolverResults object with an 'aborted' status, but
containing a solution
[NestedBenders] forward y=5  TimeLimit alcanzado sin cerrar MIPGap: UB=175,260.76  LB=148,736.93  gap=15.1339%
[NestedBenders] k=1 FORWARD  anio 6 (6/10)  [UB=(sin cota aun)  LB=1,968,564.61]  resolviendo MILP...
[DayDecomp] año 6: MIP start por dias (fase 1 libre, max, fase 2 fija, pulido)...
WARNING: Loading a SolverResults object with an 'aborted' status, but
containing a solution
[DayDecomp]   y6 d15 fase1: 37,737.00  (maxTimeLimit, 61s)
WARNING: Loading a SolverResults object with an 'aborted' status, but
containing a solution
[DayDecomp]   y6 d105 fase1: 41,818.15  (maxTimeLimit, 61s)
WARNING: Loading a SolverResults object with an 'aborted' status, but
containing a solution
[DayDecomp]   y6 d196 fase1: 41,818.15  (maxTimeLimit, 62s)
WARNING: Loading a SolverResults object with an 'aborted' status, but
containing a solution
[DayDecomp]   y6 d288 fase1: 37,737.00  (maxTimeLimit, 61s)
[DayDecomp]   agregado (max entre dias): N_bays=1  N_chargers=2  N_batteries=2  Delta_N_bays=0  Delta_N_chargers=0  Delta_N_batteries=0  n_ssee_k=1  G_g=0, 0  H=0  P_pot=241  R=-0  b_bar=455.8
[DayDecomp]   y6 d15 fase2: 39,831.99  (optimal, 32s)
[DayDecomp]   y6 d105 fase2: 39,831.99  (optimal, 49s)
[DayDecomp]   y6 d196 fase2: 39,831.99  (optimal, 49s)
[DayDecomp]   y6 d288 fase2: 39,831.99  (optimal, 33s)
[DayDecomp]   pulido sobre el bloque anual: 59,484 valores, 45,774 enteras fijas, LP optimo en 4s -> incumbente 159,327.96
[DayDecomp] año 6: listo en 428s
WARNING: Loading a SolverResults object with an 'aborted' status, but
containing a solution
[NestedBenders] forward y=6  TimeLimit alcanzado sin cerrar MIPGap: UB=159,327.96  LB=138,864.43  gap=12.8436%
[NestedBenders] k=1 FORWARD  anio 7 (7/10)  [UB=(sin cota aun)  LB=1,968,564.61]  resolviendo MILP...
[DayDecomp] año 7: MIP start por dias (fase 1 libre, max, fase 2 fija, pulido)...
WARNING: Loading a SolverResults object with an 'aborted' status, but
containing a solution
[DayDecomp]   y7 d15 fase1: 34,306.36  (maxTimeLimit, 61s)
WARNING: Loading a SolverResults object with an 'aborted' status, but
containing a solution
[DayDecomp]   y7 d105 fase1: 39,822.10  (maxTimeLimit, 61s)
WARNING: Loading a SolverResults object with an 'aborted' status, but
containing a solution
[DayDecomp]   y7 d196 fase1: 39,822.10  (maxTimeLimit, 61s)
WARNING: Loading a SolverResults object with an 'aborted' status, but
containing a solution
[DayDecomp]   y7 d288 fase1: 34,306.36  (maxTimeLimit, 61s)
[DayDecomp]   agregado (max entre dias): N_bays=1  N_chargers=2  N_batteries=2  Delta_N_bays=0  Delta_N_chargers=0  Delta_N_batteries=0  n_ssee_k=1  G_g=0, 0  H=0  P_pot=241  R=-0  b_bar=448.6
WARNING: Loading a SolverResults object with an 'aborted' status, but
containing a solution
[DayDecomp]   y7 d15 fase2: 38,016.50  (maxTimeLimit, 61s)
WARNING: Loading a SolverResults object with an 'aborted' status, but
containing a solution
[DayDecomp]   y7 d105 fase2: 38,016.50  (maxTimeLimit, 62s)
WARNING: Loading a SolverResults object with an 'aborted' status, but
containing a solution
[DayDecomp]   y7 d196 fase2: 38,016.50  (maxTimeLimit, 61s)
WARNING: Loading a SolverResults object with an 'aborted' status, but
containing a solution
[DayDecomp]   y7 d288 fase2: 38,016.50  (maxTimeLimit, 61s)
[DayDecomp]   pulido sobre el bloque anual: 59,484 valores, 45,774 enteras fijas, LP optimo en 4s -> incumbente 152,065.99
[DayDecomp] año 7: listo en 510s
WARNING: Loading a SolverResults object with an 'aborted' status, but
containing a solution
[NestedBenders] forward y=7  TimeLimit alcanzado sin cerrar MIPGap: UB=152,065.99  LB=126,980.55  gap=16.4964%
[NestedBenders] k=1 FORWARD  anio 8 (8/10)  [UB=(sin cota aun)  LB=1,968,564.61]  resolviendo MILP...
[DayDecomp] año 8: MIP start por dias (fase 1 libre, max, fase 2 fija, pulido)...
[DayDecomp]   y8 d15 fase1: 24,621.79  (optimal, 59s)
WARNING: Loading a SolverResults object with an 'aborted' status, but
containing a solution
[DayDecomp]   y8 d105 fase1: 24,621.79  (maxTimeLimit, 61s)
WARNING: Loading a SolverResults object with an 'aborted' status, but
containing a solution
[DayDecomp]   y8 d196 fase1: 24,621.79  (maxTimeLimit, 61s)
[DayDecomp]   y8 d288 fase1: 24,621.79  (optimal, 59s)
[DayDecomp]   agregado (max entre dias): N_bays=1  N_chargers=2  N_batteries=2  Delta_N_bays=0  Delta_N_chargers=0  Delta_N_batteries=0  n_ssee_k=1  G_g=0, 0  H=0  P_pot=0  R=-0  b_bar=441.4
WARNING: Loading a SolverResults object with an 'aborted' status, but
containing a solution
[DayDecomp]   y8 d15 fase2: 24,621.79  (maxTimeLimit, 62s)
WARNING: Loading a SolverResults object with an 'aborted' status, but
containing a solution
[DayDecomp]   y8 d105 fase2: 24,621.79  (maxTimeLimit, 61s)
WARNING: Loading a SolverResults object with an 'aborted' status, but
containing a solution
[DayDecomp]   y8 d196 fase2: 24,621.79  (maxTimeLimit, 61s)
WARNING: Loading a SolverResults object with an 'aborted' status, but
containing a solution
[DayDecomp]   y8 d288 fase2: 24,621.79  (maxTimeLimit, 61s)
[DayDecomp]   pulido sobre el bloque anual: 59,484 valores, 45,774 enteras fijas, LP optimo en 5s -> incumbente 98,487.17
[DayDecomp] año 8: listo en 507s
WARNING: Loading a SolverResults object with an 'aborted' status, but
containing a solution
[NestedBenders] forward y=8  TimeLimit alcanzado sin cerrar MIPGap: UB=98,487.17  LB=92,715.93  gap=5.8599%
[NestedBenders] k=1 FORWARD  anio 9 (9/10)  [UB=(sin cota aun)  LB=1,968,564.61]  resolviendo MILP...
[DayDecomp] año 9: MIP start por dias (fase 1 libre, max, fase 2 fija, pulido)...
WARNING: Loading a SolverResults object with an 'aborted' status, but
containing a solution
[DayDecomp]   y9 d15 fase1: 11,937.84  (maxTimeLimit, 61s)
WARNING: Loading a SolverResults object with an 'aborted' status, but
containing a solution
[DayDecomp]   y9 d105 fase1: 11,937.84  (maxTimeLimit, 61s)
WARNING: Loading a SolverResults object with an 'aborted' status, but
containing a solution
[DayDecomp]   y9 d196 fase1: 11,937.84  (maxTimeLimit, 61s)
WARNING: Loading a SolverResults object with an 'aborted' status, but
containing a solution
[DayDecomp]   y9 d288 fase1: 11,937.84  (maxTimeLimit, 61s)
[DayDecomp]   agregado (max entre dias): N_bays=1  N_chargers=2  N_batteries=2  Delta_N_bays=0  Delta_N_chargers=0  Delta_N_batteries=0  n_ssee_k=1  G_g=0, 0  H=0  P_pot=0  R=-0  b_bar=435.5
WARNING: Loading a SolverResults object with an 'aborted' status, but
containing a solution
[DayDecomp]   y9 d15 fase2: 11,937.84  (maxTimeLimit, 61s)
WARNING: Loading a SolverResults object with an 'aborted' status, but
containing a solution
[DayDecomp]   y9 d105 fase2: 11,937.84  (maxTimeLimit, 61s)
WARNING: Loading a SolverResults object with an 'aborted' status, but
containing a solution
[DayDecomp]   y9 d196 fase2: 11,937.84  (maxTimeLimit, 61s)
WARNING: Loading a SolverResults object with an 'aborted' status, but
containing a solution
[DayDecomp]   y9 d288 fase2: 11,937.84  (maxTimeLimit, 61s)
[DayDecomp]   pulido sobre el bloque anual: 59,484 valores, 45,774 enteras fijas, LP optimo en 4s -> incumbente 47,751.36
[DayDecomp] año 9: listo en 512s
WARNING: Loading a SolverResults object with an 'aborted' status, but
containing a solution
[NestedBenders] forward y=9  TimeLimit alcanzado sin cerrar MIPGap: UB=47,751.36  LB=41,409.38  gap=13.2812%
[NestedBenders] k=1 FORWARD  anio 10 (10/10)  [UB=(sin cota aun)  LB=1,968,564.61]  resolviendo MILP...
[DayDecomp] año 10: MIP start por dias (fase 1 libre, max, fase 2 fija, pulido)...
[DayDecomp]   y10 d15 fase1: 5,426.29  (optimal, 43s)
WARNING: Loading a SolverResults object with an 'aborted' status, but
containing a solution
[DayDecomp]   y10 d105 fase1: 5,426.29  (maxTimeLimit, 61s)
WARNING: Loading a SolverResults object with an 'aborted' status, but
containing a solution
[DayDecomp]   y10 d196 fase1: 5,426.29  (maxTimeLimit, 62s)
[DayDecomp]   y10 d288 fase1: 5,426.29  (optimal, 43s)
[DayDecomp]   agregado (max entre dias): N_bays=1  N_chargers=2  N_batteries=2  Delta_N_bays=0  Delta_N_chargers=0  Delta_N_batteries=0  n_ssee_k=1  G_g=0, 0  H=0  P_pot=0  R=-0  b_bar=432.1
WARNING: Loading a SolverResults object with an 'aborted' status, but
containing a solution
[DayDecomp]   y10 d15 fase2: 5,426.29  (maxTimeLimit, 61s)
WARNING: Loading a SolverResults object with an 'aborted' status, but
containing a solution
[DayDecomp]   y10 d105 fase2: 5,426.29  (maxTimeLimit, 61s)
WARNING: Loading a SolverResults object with an 'aborted' status, but
containing a solution
[DayDecomp]   y10 d196 fase2: 5,426.29  (maxTimeLimit, 61s)
WARNING: Loading a SolverResults object with an 'aborted' status, but
containing a solution
[DayDecomp]   y10 d288 fase2: 5,426.29  (maxTimeLimit, 61s)
[DayDecomp]   pulido sobre el bloque anual: 59,484 valores, 45,774 enteras fijas, LP optimo en 5s -> incumbente 21,705.16
[DayDecomp] año 10: listo en 476s
[NestedBenders] k=1 pulido de la solucion: 2,633,312.95 -> 2,190,481.89 (16.82% menos, 87s)
[NestedBenders] k=1 BACKWARD anio 10  [UB=2,190,481.89  LB=1,968,564.61]  relajando LP y leyendo duales (corte -> anio 9)...
[NestedBenders] k=1 BACKWARD anio 9  [UB=2,190,481.89  LB=1,968,564.61]  relajando LP y leyendo duales (corte -> anio 8)...
[NestedBenders] k=1 BACKWARD anio 8  [UB=2,190,481.89  LB=1,968,564.61]  relajando LP y leyendo duales (corte -> anio 7)...
[NestedBenders] k=1 BACKWARD anio 7  [UB=2,190,481.89  LB=1,968,564.61]  relajando LP y leyendo duales (corte -> anio 6)...
[NestedBenders] k=1 BACKWARD anio 6  [UB=2,190,481.89  LB=1,968,564.61]  relajando LP y leyendo duales (corte -> anio 5)...
[NestedBenders] k=1 BACKWARD anio 5  [UB=2,190,481.89  LB=1,968,564.61]  relajando LP y leyendo duales (corte -> anio 4)...
[NestedBenders] k=1 BACKWARD anio 4  [UB=2,190,481.89  LB=1,968,564.61]  relajando LP y leyendo duales (corte -> anio 3)...
[NestedBenders] k=1 BACKWARD anio 3  [UB=2,190,481.89  LB=1,968,564.61]  relajando LP y leyendo duales (corte -> anio 2)...
[NestedBenders] k=1 BACKWARD anio 2  [UB=2,190,481.89  LB=1,968,564.61]  relajando LP y leyendo duales (corte -> anio 1)...
[NestedBenders] k=1 BACKWARD anio 1  [UB=2,190,481.89  LB=1,968,564.61]  resolviendo LP con los cortes actualizados (cota inferior)...
[NestedBenders] k=1 cota del backward = 615,840.73  (no supera LB=1,968,564.61)
[NestedBenders] k=1  UB=2190481.8864  LB=1968564.6100  gap=10.1310%  tiempo_iteracion=6015.6s
[NestedBenders] k=2 FORWARD  anio 1 (1/10)  [UB=2,190,481.89  LB=1,968,564.61]  resolviendo MILP...
[DayDecomp] año 1: MIP start por dias (fase 1 libre, max, fase 2 fija, pulido)...
[DayDecomp]   y1 d15 fase1: 290,435.68  (optimal, 3s)
[DayDecomp]   y1 d105 fase1: 290,435.68  (optimal, 3s)
[DayDecomp]   y1 d196 fase1: 293,634.41  (optimal, 3s)
[DayDecomp]   y1 d288 fase1: 293,634.41  (optimal, 3s)
[DayDecomp]   agregado (max entre dias): N_bays=1  N_chargers=1  N_batteries=1  Delta_N_bays=1  Delta_N_chargers=1  Delta_N_batteries=1  n_ssee_k=1  G_g=0, 0  H=0  P_pot=0  R=0  b_bar=482
[DayDecomp]   y1 d15 fase2: 293,634.41  (optimal, 3s)
[DayDecomp]   y1 d105 fase2: 287,236.95  (optimal, 4s)
[DayDecomp]   y1 d196 fase2: 287,236.95  (optimal, 4s)
[DayDecomp]   y1 d288 fase2: 293,634.41  (optimal, 4s)
[DayDecomp]   pulido sobre el bloque anual: 59,481 valores, 45,773 enteras fijas, LP optimo en 4s -> incumbente 1,228,502.17
[DayDecomp] año 1: listo en 48s
[NestedBenders] k=2 FORWARD  anio 2 (2/10)  [UB=2,190,481.89  LB=1,968,564.61]  resolviendo MILP...
[DayDecomp] año 2: MIP start por dias (fase 1 libre, max, fase 2 fija, pulido)...
WARNING: Loading a SolverResults object with an 'aborted' status, but
containing a solution
[DayDecomp]   y2 d15 fase1: 12,549.49  (maxTimeLimit, 61s)
WARNING: Loading a SolverResults object with an 'aborted' status, but
containing a solution
[DayDecomp]   y2 d105 fase1: 12,852.55  (maxTimeLimit, 61s)
WARNING: Loading a SolverResults object with an 'aborted' status, but
containing a solution
[DayDecomp]   y2 d196 fase1: 14,019.82  (maxTimeLimit, 61s)
WARNING: Loading a SolverResults object with an 'aborted' status, but
containing a solution
[DayDecomp]   y2 d288 fase1: 11,778.71  (maxTimeLimit, 61s)
[DayDecomp]   agregado (max entre dias): N_bays=1  N_chargers=1  N_batteries=1  Delta_N_bays=0  Delta_N_chargers=0  Delta_N_batteries=0  n_ssee_k=1  G_g=0.3928, 0  H=0.579  P_pot=0  R=-0  b_bar=480.5
WARNING: Loading a SolverResults object with an 'aborted' status, but
containing a solution
[DayDecomp]   y2 d15 fase2: 12,549.49  (maxTimeLimit, 61s)
WARNING: Loading a SolverResults object with an 'aborted' status, but
containing a solution
[DayDecomp]   y2 d105 fase2: 12,852.55  (maxTimeLimit, 61s)
WARNING: Loading a SolverResults object with an 'aborted' status, but
containing a solution
[DayDecomp]   y2 d196 fase2: 14,019.83  (maxTimeLimit, 61s)
WARNING: Loading a SolverResults object with an 'aborted' status, but
containing a solution
[DayDecomp]   y2 d288 fase2: 11,778.71  (maxTimeLimit, 61s)
[DayDecomp]   pulido sobre el bloque anual: 59,484 valores, 45,774 enteras fijas, LP optimo en 4s -> incumbente 113,867.42
[DayDecomp] año 2: listo en 512s
WARNING: Loading a SolverResults object with an 'aborted' status, but
containing a solution
[NestedBenders] forward y=2  TimeLimit alcanzado sin cerrar MIPGap: UB=113,867.41  LB=105,568.03  gap=7.2886%
[NestedBenders] k=2 FORWARD  anio 3 (3/10)  [UB=2,190,481.89  LB=1,968,564.61]  resolviendo MILP...
[DayDecomp] año 3: MIP start por dias (fase 1 libre, max, fase 2 fija, pulido)...
WARNING: Loading a SolverResults object with an 'aborted' status, but
containing a solution
[DayDecomp]   y3 d15 fase1: 27,270.09  (maxTimeLimit, 61s)
WARNING: Loading a SolverResults object with an 'aborted' status, but
containing a solution
[DayDecomp]   y3 d105 fase1: 29,715.03  (maxTimeLimit, 61s)
WARNING: Loading a SolverResults object with an 'aborted' status, but
containing a solution
[DayDecomp]   y3 d196 fase1: 30,776.19  (maxTimeLimit, 61s)
WARNING: Loading a SolverResults object with an 'aborted' status, but
containing a solution
[DayDecomp]   y3 d288 fase1: 26,569.38  (maxTimeLimit, 61s)
[DayDecomp]   agregado (max entre dias): N_bays=1  N_chargers=1  N_batteries=1  Delta_N_bays=0  Delta_N_chargers=0  Delta_N_batteries=0  n_ssee_k=1  G_g=0.3928, 0  H=0.579  P_pot=96.25  R=-0  b_bar=477.7
[DayDecomp]   y3 d15 fase2: 29,439.53  (optimal, 42s)
WARNING: Loading a SolverResults object with an 'aborted' status, but
containing a solution
[DayDecomp]   y3 d105 fase2: 29,802.00  (maxTimeLimit, 61s)
WARNING: Loading a SolverResults object with an 'aborted' status, but
containing a solution
[DayDecomp]   y3 d196 fase2: 30,776.19  (maxTimeLimit, 61s)
WARNING: Loading a SolverResults object with an 'aborted' status, but
containing a solution
[DayDecomp]   y3 d288 fase2: 28,738.82  (maxTimeLimit, 61s)
[DayDecomp]   pulido sobre el bloque anual: 59,484 valores, 45,774 enteras fijas, LP optimo en 4s -> incumbente 185,952.67
[DayDecomp] año 3: listo en 492s
WARNING: Loading a SolverResults object with an 'aborted' status, but
containing a solution
[NestedBenders] forward y=3  TimeLimit alcanzado sin cerrar MIPGap: UB=185,865.70  LB=180,868.64  gap=2.6885%
[NestedBenders] k=2 FORWARD  anio 4 (4/10)  [UB=2,190,481.89  LB=1,968,564.61]  resolviendo MILP...
[DayDecomp] año 4: MIP start por dias (fase 1 libre, max, fase 2 fija, pulido)...
[DayDecomp]   y4 d15 fase1: 142,038.00  (optimal, 14s)
[DayDecomp]   y4 d105 fase1: 142,048.16  (optimal, 56s)
[DayDecomp]   y4 d196 fase1: 142,822.12  (optimal, 34s)
[DayDecomp]   y4 d288 fase1: 141,400.99  (optimal, 19s)
[DayDecomp]   agregado (max entre dias): N_bays=1  N_chargers=2  N_batteries=2  Delta_N_bays=0  Delta_N_chargers=1  Delta_N_batteries=1  n_ssee_k=1  G_g=0.3928, 0  H=0.579  P_pot=96.25  R=-0  b_bar=472.2
[DayDecomp]   y4 d15 fase2: 144,010.22  (optimal, 16s)
[DayDecomp]   y4 d105 fase2: 144,260.68  (optimal, 17s)
[DayDecomp]   y4 d196 fase2: 142,844.57  (optimal, 18s)
[DayDecomp]   y4 d288 fase2: 143,373.21  (optimal, 15s)
[DayDecomp]   pulido sobre el bloque anual: 59,484 valores, 45,774 enteras fijas, LP optimo en 4s -> incumbente 583,707.69
[DayDecomp] año 4: listo en 213s
WARNING: Loading a SolverResults object with an 'aborted' status, but
containing a solution
[NestedBenders] forward y=4  TimeLimit alcanzado sin cerrar MIPGap: UB=583,685.24  LB=556,106.85  gap=4.7249%
[NestedBenders] k=2 FORWARD  anio 5 (5/10)  [UB=2,190,481.89  LB=1,968,564.61]  resolviendo MILP...
[DayDecomp] año 5: MIP start por dias (fase 1 libre, max, fase 2 fija, pulido)...
WARNING: Loading a SolverResults object with an 'aborted' status, but
containing a solution
[DayDecomp]   y5 d15 fase1: 33,461.13  (maxTimeLimit, 62s)
WARNING: Loading a SolverResults object with an 'aborted' status, but
containing a solution
[DayDecomp]   y5 d105 fase1: 35,873.59  (maxTimeLimit, 62s)
WARNING: Loading a SolverResults object with an 'aborted' status, but
containing a solution
[DayDecomp]   y5 d196 fase1: 36,750.59  (maxTimeLimit, 61s)
WARNING: Loading a SolverResults object with an 'aborted' status, but
containing a solution
[DayDecomp]   y5 d288 fase1: 32,882.03  (maxTimeLimit, 61s)
[DayDecomp]   agregado (max entre dias): N_bays=1  N_chargers=2  N_batteries=2  Delta_N_bays=0  Delta_N_chargers=0  Delta_N_batteries=0  n_ssee_k=1  G_g=0.3928, 0  H=0.579  P_pot=0  R=0  b_bar=465
WARNING: Loading a SolverResults object with an 'aborted' status, but
containing a solution
[DayDecomp]   y5 d15 fase2: 33,461.13  (maxTimeLimit, 61s)
WARNING: Loading a SolverResults object with an 'aborted' status, but
containing a solution
[DayDecomp]   y5 d105 fase2: 33,688.82  (maxTimeLimit, 61s)
[DayDecomp]   y5 d196 fase2: maxTimeLimit, sin solucion en 62s
[DayDecomp] año 5: sin MIP start (y5 d196 fase2: maxTimeLimit, sin solucion en 62s)
WARNING: Loading a SolverResults object with an 'aborted' status, but
containing a solution
[NestedBenders] forward y=5  TimeLimit alcanzado sin cerrar MIPGap: UB=4,437,067.19  LB=114,791.92  gap=97.4129%
[NestedBenders] k=2 FORWARD  anio 6 (6/10)  [UB=2,190,481.89  LB=1,968,564.61]  resolviendo MILP...
[DayDecomp] año 6: MIP start por dias (fase 1 libre, max, fase 2 fija, pulido)...
WARNING: Loading a SolverResults object with an 'aborted' status, but
containing a solution
[DayDecomp]   y6 d15 fase1: 30,419.21  (maxTimeLimit, 61s)
WARNING: Loading a SolverResults object with an 'aborted' status, but
containing a solution
[DayDecomp]   y6 d105 fase1: 30,626.20  (maxTimeLimit, 61s)
[DayDecomp]   y6 d196 fase1: 29,437.31  (optimal, 26s)
WARNING: Loading a SolverResults object with an 'aborted' status, but
containing a solution
[DayDecomp]   y6 d288 fase1: 29,892.76  (maxTimeLimit, 61s)
[DayDecomp]   agregado (max entre dias): N_bays=4  N_chargers=4  N_batteries=8  Delta_N_bays=0  Delta_N_chargers=0  Delta_N_batteries=0  n_ssee_k=1  G_g=0.3928, 0  H=0.579  P_pot=0  R=-0  b_bar=474.6
[DayDecomp]   y6 d15 fase2: 28,433.05  (optimal, 10s)
WARNING: Loading a SolverResults object with an 'aborted' status, but
containing a solution
[DayDecomp]   y6 d105 fase2: 30,626.20  (maxTimeLimit, 61s)
WARNING: Loading a SolverResults object with an 'aborted' status, but
containing a solution
[DayDecomp]   y6 d196 fase2: 31,423.47  (maxTimeLimit, 61s)
WARNING: Loading a SolverResults object with an 'aborted' status, but
containing a solution
[DayDecomp]   y6 d288 fase2: 27,906.60  (maxTimeLimit, 61s)
[DayDecomp]   pulido sobre el bloque anual: 59,484 valores, 45,774 enteras fijas, LP optimo en 5s -> incumbente 113,384.13
[DayDecomp] año 6: listo en 426s
WARNING: Loading a SolverResults object with an 'aborted' status, but
containing a solution
[NestedBenders] forward y=6  TimeLimit alcanzado sin cerrar MIPGap: UB=113,384.13  LB=106,370.65  gap=6.1856%
[NestedBenders] k=2 FORWARD  anio 7 (7/10)  [UB=2,190,481.89  LB=1,968,564.61]  resolviendo MILP...
[DayDecomp] año 7: MIP start por dias (fase 1 libre, max, fase 2 fija, pulido)...
WARNING: Loading a SolverResults object with an 'aborted' status, but
containing a solution
[DayDecomp]   y7 d15 fase1: 27,653.83  (maxTimeLimit, 61s)
WARNING: Loading a SolverResults object with an 'aborted' status, but
containing a solution
[DayDecomp]   y7 d105 fase1: 27,842.00  (maxTimeLimit, 61s)
WARNING: Loading a SolverResults object with an 'aborted' status, but
containing a solution
[DayDecomp]   y7 d196 fase1: 28,566.79  (maxTimeLimit, 61s)
WARNING: Loading a SolverResults object with an 'aborted' status, but
containing a solution
[DayDecomp]   y7 d288 fase1: 27,175.23  (maxTimeLimit, 61s)
[DayDecomp]   agregado (max entre dias): N_bays=4  N_chargers=4  N_batteries=8  Delta_N_bays=0  Delta_N_chargers=0  Delta_N_batteries=0  n_ssee_k=1  G_g=0.3928, 0  H=0.579  P_pot=0  R=-0  b_bar=467.5
WARNING: Loading a SolverResults object with an 'aborted' status, but
containing a solution
[DayDecomp]   y7 d15 fase2: 27,653.83  (maxTimeLimit, 62s)
WARNING: Loading a SolverResults object with an 'aborted' status, but
containing a solution
[DayDecomp]   y7 d105 fase2: 27,842.00  (maxTimeLimit, 62s)
WARNING: Loading a SolverResults object with an 'aborted' status, but
containing a solution
[DayDecomp]   y7 d196 fase2: 28,566.79  (maxTimeLimit, 61s)
WARNING: Loading a SolverResults object with an 'aborted' status, but
containing a solution
[DayDecomp]   y7 d288 fase2: 27,175.23  (maxTimeLimit, 61s)
[DayDecomp]   pulido sobre el bloque anual: 59,484 valores, 45,774 enteras fijas, LP optimo en 4s -> incumbente 106,687.68
[DayDecomp] año 7: listo en 512s
WARNING: Loading a SolverResults object with an 'aborted' status, but
containing a solution
[NestedBenders] forward y=7  TimeLimit alcanzado sin cerrar MIPGap: UB=106,687.68  LB=98,536.30  gap=7.6404%
[NestedBenders] k=2 FORWARD  anio 8 (8/10)  [UB=2,190,481.89  LB=1,968,564.61]  resolviendo MILP...
[DayDecomp] año 8: MIP start por dias (fase 1 libre, max, fase 2 fija, pulido)...
WARNING: Loading a SolverResults object with an 'aborted' status, but
containing a solution
[DayDecomp]   y8 d15 fase1: 18,574.03  (maxTimeLimit, 62s)
[DayDecomp]   y8 d105 fase1: 18,745.10  (optimal, 45s)
[DayDecomp]   y8 d196 fase1: 19,404.00  (optimal, 50s)
[DayDecomp]   y8 d288 fase1: 18,138.95  (optimal, 50s)
[DayDecomp]   agregado (max entre dias): N_bays=4  N_chargers=4  N_batteries=8  Delta_N_bays=0  Delta_N_chargers=0  Delta_N_batteries=0  n_ssee_k=1  G_g=0.3928, 0  H=0.579  P_pot=0  R=-0  b_bar=460.2
[DayDecomp]   y8 d15 fase2: 18,574.03  (optimal, 16s)
[DayDecomp]   y8 d105 fase2: 18,745.10  (optimal, 15s)
[DayDecomp]   y8 d196 fase2: 19,404.00  (optimal, 11s)
[DayDecomp]   y8 d288 fase2: 18,138.95  (optimal, 8s)
[DayDecomp]   pulido sobre el bloque anual: 59,484 valores, 45,774 enteras fijas, LP optimo en 4s -> incumbente 70,725.55
[DayDecomp] año 8: listo en 278s
WARNING: Loading a SolverResults object with an 'aborted' status, but
containing a solution
[NestedBenders] forward y=8  TimeLimit alcanzado sin cerrar MIPGap: UB=70,725.55  LB=67,713.22  gap=4.2592%
[NestedBenders] k=2 FORWARD  anio 9 (9/10)  [UB=2,190,481.89  LB=1,968,564.61]  resolviendo MILP...
[DayDecomp] año 9: MIP start por dias (fase 1 libre, max, fase 2 fija, pulido)...
WARNING: Loading a SolverResults object with an 'aborted' status, but
containing a solution
[DayDecomp]   y9 d15 fase1: 7,932.10  (maxTimeLimit, 61s)
WARNING: Loading a SolverResults object with an 'aborted' status, but
containing a solution
[DayDecomp]   y9 d105 fase1: 8,087.62  (maxTimeLimit, 61s)
WARNING: Loading a SolverResults object with an 'aborted' status, but
containing a solution
[DayDecomp]   y9 d196 fase1: 8,686.62  (maxTimeLimit, 61s)
WARNING: Loading a SolverResults object with an 'aborted' status, but
containing a solution
[DayDecomp]   y9 d288 fase1: 7,536.57  (maxTimeLimit, 61s)
[DayDecomp]   agregado (max entre dias): N_bays=4  N_chargers=4  N_batteries=8  Delta_N_bays=0  Delta_N_chargers=0  Delta_N_batteries=0  n_ssee_k=1  G_g=0.3928, 0  H=0.579  P_pot=0  R=-0  b_bar=454.4
WARNING: Loading a SolverResults object with an 'aborted' status, but
containing a solution
[DayDecomp]   y9 d15 fase2: 6,439.88  (maxTimeLimit, 61s)
WARNING: Loading a SolverResults object with an 'aborted' status, but
containing a solution
[DayDecomp]   y9 d105 fase2: 6,595.39  (maxTimeLimit, 61s)
WARNING: Loading a SolverResults object with an 'aborted' status, but
containing a solution
[DayDecomp]   y9 d196 fase2: 7,194.39  (maxTimeLimit, 61s)
WARNING: Loading a SolverResults object with an 'aborted' status, but
containing a solution
[DayDecomp]   y9 d288 fase2: 6,044.34  (maxTimeLimit, 62s)
[DayDecomp]   pulido sobre el bloque anual: 59,484 valores, 45,774 enteras fijas, LP optimo en 4s -> incumbente 22,513.52
[DayDecomp] año 9: listo en 513s
WARNING: Loading a SolverResults object with an 'aborted' status, but
containing a solution
[NestedBenders] forward y=9  TimeLimit alcanzado sin cerrar MIPGap: UB=22,513.52  LB=20,568.33  gap=8.6401%
[NestedBenders] k=2 FORWARD  anio 10 (10/10)  [UB=2,190,481.89  LB=1,968,564.61]  resolviendo MILP...
[DayDecomp] año 10: MIP start por dias (fase 1 libre, max, fase 2 fija, pulido)...
WARNING: Loading a SolverResults object with an 'aborted' status, but
containing a solution
[DayDecomp]   y10 d15 fase1: 1,802.09  (maxTimeLimit, 61s)
WARNING: Loading a SolverResults object with an 'aborted' status, but
containing a solution
[DayDecomp]   y10 d105 fase1: 1,926.09  (maxTimeLimit, 62s)
WARNING: Loading a SolverResults object with an 'aborted' status, but
containing a solution
[DayDecomp]   y10 d196 fase1: 2,470.63  (maxTimeLimit, 61s)
WARNING: Loading a SolverResults object with an 'aborted' status, but
containing a solution
[DayDecomp]   y10 d288 fase1: 1,483.71  (maxTimeLimit, 61s)
[DayDecomp]   agregado (max entre dias): N_bays=4  N_chargers=4  N_batteries=8  Delta_N_bays=0  Delta_N_chargers=0  Delta_N_batteries=0  n_ssee_k=1  G_g=0.3928, 0  H=0.579  P_pot=0  R=-0  b_bar=451.5
WARNING: Loading a SolverResults object with an 'aborted' status, but
containing a solution
[DayDecomp]   y10 d15 fase2: 1,793.40  (maxTimeLimit, 61s)
WARNING: Loading a SolverResults object with an 'aborted' status, but
containing a solution
[DayDecomp]   y10 d105 fase2: 1,926.09  (maxTimeLimit, 61s)
WARNING: Loading a SolverResults object with an 'aborted' status, but
containing a solution
[DayDecomp]   y10 d196 fase2: 2,470.63  (maxTimeLimit, 61s)
[DayDecomp]   y10 d288 fase2: 1,478.45  (optimal, 51s)
[DayDecomp]   pulido sobre el bloque anual: 59,484 valores, 45,774 enteras fijas, LP optimo en 6s -> incumbente 4,249.97
[DayDecomp] año 10: listo en 505s
WARNING: Loading a SolverResults object with an 'aborted' status, but
containing a solution
[NestedBenders] forward y=10  TimeLimit alcanzado sin cerrar MIPGap: UB=4,249.96  LB=1,401.88  gap=67.0143%
[NestedBenders] k=2 pulido de la solucion: 6,690,136.72 -> 6,421,757.50 (4.01% menos, 86s)
[NestedBenders] k=2 BACKWARD anio 10  [UB=2,190,481.89  LB=1,968,564.61]  relajando LP y leyendo duales (corte -> anio 9)...
[NestedBenders] k=2 BACKWARD anio 9  [UB=2,190,481.89  LB=1,968,564.61]  relajando LP y leyendo duales (corte -> anio 8)...
[NestedBenders] k=2 BACKWARD anio 8  [UB=2,190,481.89  LB=1,968,564.61]  relajando LP y leyendo duales (corte -> anio 7)...
[NestedBenders] k=2 BACKWARD anio 7  [UB=2,190,481.89  LB=1,968,564.61]  relajando LP y leyendo duales (corte -> anio 6)...
[NestedBenders] k=2 BACKWARD anio 6  [UB=2,190,481.89  LB=1,968,564.61]  relajando LP y leyendo duales (corte -> anio 5)...
[NestedBenders] k=2 BACKWARD anio 5  [UB=2,190,481.89  LB=1,968,564.61]  relajando LP y leyendo duales (corte -> anio 4)...
[NestedBenders] k=2 BACKWARD anio 4  [UB=2,190,481.89  LB=1,968,564.61]  relajando LP y leyendo duales (corte -> anio 3)...
[NestedBenders] k=2 BACKWARD anio 3  [UB=2,190,481.89  LB=1,968,564.61]  relajando LP y leyendo duales (corte -> anio 2)...
[NestedBenders] k=2 BACKWARD anio 2  [UB=2,190,481.89  LB=1,968,564.61]  relajando LP y leyendo duales (corte -> anio 1)...
[NestedBenders] k=2 BACKWARD anio 1  [UB=2,190,481.89  LB=1,968,564.61]  resolviendo LP con los cortes actualizados (cota inferior)...
[NestedBenders] k=2 cota del backward = 978,003.52  (no supera LB=1,968,564.61)
[NestedBenders] k=2  UB=2190481.8864  LB=1968564.6100  gap=10.1310%  tiempo_iteracion=6902.0s
[NestedBenders] k=3 FORWARD  anio 1 (1/10)  [UB=2,190,481.89  LB=1,968,564.61]  resolviendo MILP...
[DayDecomp] año 1: MIP start por dias (fase 1 libre, max, fase 2 fija, pulido)...
[DayDecomp]   y1 d15 fase1: 290,435.68  (optimal, 3s)
[DayDecomp]   y1 d105 fase1: 290,435.68  (optimal, 3s)
[DayDecomp]   y1 d196 fase1: 293,634.41  (optimal, 3s)
[DayDecomp]   y1 d288 fase1: 293,634.41  (optimal, 4s)
[DayDecomp]   agregado (max entre dias): N_bays=1  N_chargers=1  N_batteries=1  Delta_N_bays=1  Delta_N_chargers=1  Delta_N_batteries=1  n_ssee_k=1  G_g=0, 0  H=0  P_pot=0  R=0  b_bar=482
[DayDecomp]   y1 d15 fase2: 293,634.41  (optimal, 4s)
[DayDecomp]   y1 d105 fase2: 287,236.95  (optimal, 4s)
[DayDecomp]   y1 d196 fase2: 287,236.95  (optimal, 3s)
[DayDecomp]   y1 d288 fase2: 293,634.41  (optimal, 3s)
[DayDecomp]   pulido sobre el bloque anual: 59,481 valores, 45,773 enteras fijas, LP optimo en 4s -> incumbente 1,334,175.54
[DayDecomp] año 1: listo en 48s
[NestedBenders] k=3 FORWARD  anio 2 (2/10)  [UB=2,190,481.89  LB=1,968,564.61]  resolviendo MILP...
[DayDecomp] año 2: MIP start por dias (fase 1 libre, max, fase 2 fija, pulido)...
WARNING: Loading a SolverResults object with an 'aborted' status, but
containing a solution
[DayDecomp]   y2 d15 fase1: 5,986.51  (maxTimeLimit, 61s)
[DayDecomp]   y2 d105 fase1: 8,410.85  (optimal, 18s)
[DayDecomp]   y2 d196 fase1: 9,503.18  (optimal, 19s)
[DayDecomp]   y2 d288 fase1: 5,888.01  (optimal, 31s)
[DayDecomp]   agregado (max entre dias): N_bays=1  N_chargers=1  N_batteries=1  Delta_N_bays=0  Delta_N_chargers=0  Delta_N_batteries=0  n_ssee_k=1  G_g=1.546, 0  H=0  P_pot=0  R=-0  b_bar=480.6
[DayDecomp]   y2 d15 fase2: 5,986.51  (optimal, 5s)
[DayDecomp]   y2 d105 fase2: 8,410.85  (optimal, 9s)
WARNING: Loading a SolverResults object with an 'aborted' status, but
containing a solution
[DayDecomp]   y2 d196 fase2: 9,503.18  (maxTimeLimit, 61s)
[DayDecomp]   y2 d288 fase2: 5,888.01  (optimal, 6s)
[DayDecomp]   pulido sobre el bloque anual: 59,484 valores, 45,774 enteras fijas, LP optimo en 4s -> incumbente 97,841.87
[DayDecomp] año 2: listo en 232s
WARNING: Loading a SolverResults object with an 'aborted' status, but
containing a solution
[NestedBenders] forward y=2  TimeLimit alcanzado sin cerrar MIPGap: UB=97,841.87  LB=94,289.53  gap=3.6307%
[NestedBenders] k=3 FORWARD  anio 3 (3/10)  [UB=2,190,481.89  LB=1,968,564.61]  resolviendo MILP...
[DayDecomp] año 3: MIP start por dias (fase 1 libre, max, fase 2 fija, pulido)...
WARNING: Loading a SolverResults object with an 'aborted' status, but
containing a solution
[DayDecomp]   y3 d15 fase1: 20,916.16  (maxTimeLimit, 61s)
WARNING: Loading a SolverResults object with an 'aborted' status, but
containing a solution
[DayDecomp]   y3 d105 fase1: 27,304.90  (maxTimeLimit, 61s)
WARNING: Loading a SolverResults object with an 'aborted' status, but
containing a solution
[DayDecomp]   y3 d196 fase1: 28,613.46  (maxTimeLimit, 61s)
WARNING: Loading a SolverResults object with an 'aborted' status, but
containing a solution
[DayDecomp]   y3 d288 fase1: 20,893.85  (maxTimeLimit, 61s)
[DayDecomp]   agregado (max entre dias): N_bays=1  N_chargers=1  N_batteries=1  Delta_N_bays=0  Delta_N_chargers=0  Delta_N_batteries=0  n_ssee_k=1  G_g=1.546, 0  H=0  P_pot=241  R=-0  b_bar=477.7
[DayDecomp]   y3 d15 fase2: 26,348.16  (optimal, 28s)
WARNING: Loading a SolverResults object with an 'aborted' status, but
containing a solution
[DayDecomp]   y3 d105 fase2: 27,304.90  (maxTimeLimit, 61s)
WARNING: Loading a SolverResults object with an 'aborted' status, but
containing a solution
[DayDecomp]   y3 d196 fase2: 28,613.46  (maxTimeLimit, 61s)
[DayDecomp]   y3 d288 fase2: 26,325.86  (optimal, 42s)
[DayDecomp]   pulido sobre el bloque anual: 59,484 valores, 45,774 enteras fijas, LP optimo en 4s -> incumbente 187,064.69
[DayDecomp] año 3: listo en 460s
WARNING: Loading a SolverResults object with an 'aborted' status, but
containing a solution
[NestedBenders] forward y=3  TimeLimit alcanzado sin cerrar MIPGap: UB=187,064.69  LB=177,115.91  gap=5.3184%
[NestedBenders] k=3 FORWARD  anio 4 (4/10)  [UB=2,190,481.89  LB=1,968,564.61]  resolviendo MILP...
[DayDecomp] año 4: MIP start por dias (fase 1 libre, max, fase 2 fija, pulido)...
WARNING: Loading a SolverResults object with an 'aborted' status, but
containing a solution
[DayDecomp]   y4 d15 fase1: 127,370.86  (maxTimeLimit, 61s)
WARNING: Loading a SolverResults object with an 'aborted' status, but
containing a solution
[DayDecomp]   y4 d105 fase1: 130,793.03  (maxTimeLimit, 61s)
WARNING: Loading a SolverResults object with an 'aborted' status, but
containing a solution
[DayDecomp]   y4 d196 fase1: 138,005.86  (maxTimeLimit, 61s)
WARNING: Loading a SolverResults object with an 'aborted' status, but
containing a solution
[DayDecomp]   y4 d288 fase1: 126,527.56  (maxTimeLimit, 61s)
[DayDecomp]   agregado (max entre dias): N_bays=1  N_chargers=2  N_batteries=2  Delta_N_bays=0  Delta_N_chargers=1  Delta_N_batteries=1  n_ssee_k=1  G_g=1.546, 0  H=0  P_pot=241  R=0  b_bar=472.3
WARNING: Loading a SolverResults object with an 'aborted' status, but
containing a solution
[DayDecomp]   y4 d15 fase2: 131,691.06  (maxTimeLimit, 61s)
WARNING: Loading a SolverResults object with an 'aborted' status, but
containing a solution
[DayDecomp]   y4 d105 fase2: 132,377.62  (maxTimeLimit, 61s)
[DayDecomp]   y4 d196 fase2: 132,725.17  (optimal, 23s)
WARNING: Loading a SolverResults object with an 'aborted' status, but
containing a solution
[DayDecomp]   y4 d288 fase2: 131,947.50  (maxTimeLimit, 61s)
[DayDecomp]   pulido sobre el bloque anual: 59,484 valores, 45,774 enteras fijas, LP optimo en 4s -> incumbente 546,191.98
[DayDecomp] año 4: listo en 473s
WARNING: Loading a SolverResults object with an 'aborted' status, but
containing a solution
[NestedBenders] forward y=4  TimeLimit alcanzado sin cerrar MIPGap: UB=546,191.98  LB=500,418.69  gap=8.3804%
[NestedBenders] k=3 FORWARD  anio 5 (5/10)  [UB=2,190,481.89  LB=1,968,564.61]  resolviendo MILP...
[DayDecomp] año 5: MIP start por dias (fase 1 libre, max, fase 2 fija, pulido)...
WARNING: Loading a SolverResults object with an 'aborted' status, but
containing a solution
[DayDecomp]   y5 d15 fase1: 22,611.54  (maxTimeLimit, 61s)
WARNING: Loading a SolverResults object with an 'aborted' status, but
containing a solution
[DayDecomp]   y5 d105 fase1: 23,357.71  (maxTimeLimit, 61s)
WARNING: Loading a SolverResults object with an 'aborted' status, but
containing a solution
[DayDecomp]   y5 d196 fase1: 29,466.53  (maxTimeLimit, 61s)
WARNING: Loading a SolverResults object with an 'aborted' status, but
containing a solution
[DayDecomp]   y5 d288 fase1: 23,184.49  (maxTimeLimit, 61s)
[DayDecomp]   agregado (max entre dias): N_bays=1  N_chargers=2  N_batteries=2  Delta_N_bays=0  Delta_N_chargers=0  Delta_N_batteries=0  n_ssee_k=1  G_g=1.546, 0  H=0  P_pot=237.7  R=-0  b_bar=464.3
WARNING: Loading a SolverResults object with an 'aborted' status, but
containing a solution
[DayDecomp]   y5 d15 fase2: 25,874.43  (maxTimeLimit, 61s)
WARNING: Loading a SolverResults object with an 'aborted' status, but
containing a solution
[DayDecomp]   y5 d105 fase2: 26,888.06  (maxTimeLimit, 61s)
WARNING: Loading a SolverResults object with an 'aborted' status, but
containing a solution
[DayDecomp]   y5 d196 fase2: 29,304.71  (maxTimeLimit, 62s)
WARNING: Loading a SolverResults object with an 'aborted' status, but
containing a solution
[DayDecomp]   y5 d288 fase2: 26,459.59  (maxTimeLimit, 62s)
[DayDecomp]   pulido sobre el bloque anual: 59,484 valores, 45,774 enteras fijas, LP optimo en 4s -> incumbente 99,165.93
[DayDecomp] año 5: listo en 512s
WARNING: Loading a SolverResults object with an 'aborted' status, but
containing a solution
[NestedBenders] forward y=5  TimeLimit alcanzado sin cerrar MIPGap: UB=98,853.04  LB=58,292.91  gap=41.0307%
[NestedBenders] k=3 FORWARD  anio 6 (6/10)  [UB=2,190,481.89  LB=1,968,564.61]  resolviendo MILP...
[DayDecomp] año 6: MIP start por dias (fase 1 libre, max, fase 2 fija, pulido)...
WARNING: Loading a SolverResults object with an 'aborted' status, but
containing a solution
[DayDecomp]   y6 d15 fase1: 21,227.58  (maxTimeLimit, 61s)
WARNING: Loading a SolverResults object with an 'aborted' status, but
containing a solution
[DayDecomp]   y6 d105 fase1: 26,872.12  (maxTimeLimit, 61s)
WARNING: Loading a SolverResults object with an 'aborted' status, but
containing a solution
[DayDecomp]   y6 d196 fase1: 27,321.73  (maxTimeLimit, 61s)
WARNING: Loading a SolverResults object with an 'aborted' status, but
containing a solution
[DayDecomp]   y6 d288 fase1: 20,129.26  (maxTimeLimit, 61s)
[DayDecomp]   agregado (max entre dias): N_bays=1  N_chargers=2  N_batteries=2  Delta_N_bays=0  Delta_N_chargers=0  Delta_N_batteries=0  n_ssee_k=1  G_g=1.546, 0  H=0  P_pot=241  R=-0  b_bar=457.1
WARNING: Loading a SolverResults object with an 'aborted' status, but
containing a solution
[DayDecomp]   y6 d15 fase2: 22,918.71  (maxTimeLimit, 61s)
WARNING: Loading a SolverResults object with an 'aborted' status, but
containing a solution
[DayDecomp]   y6 d105 fase2: 25,386.05  (maxTimeLimit, 62s)
WARNING: Loading a SolverResults object with an 'aborted' status, but
containing a solution
[DayDecomp]   y6 d196 fase2: 25,832.14  (maxTimeLimit, 62s)
WARNING: Loading a SolverResults object with an 'aborted' status, but
containing a solution
[DayDecomp]   y6 d288 fase2: 24,069.62  (maxTimeLimit, 62s)
[DayDecomp]   pulido sobre el bloque anual: 59,484 valores, 45,774 enteras fijas, LP optimo en 4s -> incumbente 89,696.66
[DayDecomp] año 6: listo en 515s
WARNING: Loading a SolverResults object with an 'aborted' status, but
containing a solution
[NestedBenders] forward y=6  TimeLimit alcanzado sin cerrar MIPGap: UB=88,993.96  LB=55,107.11  gap=38.0777%
[NestedBenders] k=3 FORWARD  anio 7 (7/10)  [UB=2,190,481.89  LB=1,968,564.61]  resolviendo MILP...
[DayDecomp] año 7: MIP start por dias (fase 1 libre, max, fase 2 fija, pulido)...
WARNING: Loading a SolverResults object with an 'aborted' status, but
containing a solution
[DayDecomp]   y7 d15 fase1: 20,530.96  (maxTimeLimit, 61s)
WARNING: Loading a SolverResults object with an 'aborted' status, but
containing a solution
[DayDecomp]   y7 d105 fase1: 25,598.20  (maxTimeLimit, 61s)
WARNING: Loading a SolverResults object with an 'aborted' status, but
containing a solution
[DayDecomp]   y7 d196 fase1: 21,827.55  (maxTimeLimit, 62s)
WARNING: Loading a SolverResults object with an 'aborted' status, but
containing a solution
[DayDecomp]   y7 d288 fase1: 20,628.45  (maxTimeLimit, 61s)
[DayDecomp]   agregado (max entre dias): N_bays=1  N_chargers=2  N_batteries=2  Delta_N_bays=0  Delta_N_chargers=0  Delta_N_batteries=0  n_ssee_k=1  G_g=1.546, 0  H=0  P_pot=241  R=-0  b_bar=450
WARNING: Loading a SolverResults object with an 'aborted' status, but
containing a solution
[DayDecomp]   y7 d15 fase2: 22,046.29  (maxTimeLimit, 61s)
WARNING: Loading a SolverResults object with an 'aborted' status, but
containing a solution
[DayDecomp]   y7 d105 fase2: 23,078.23  (maxTimeLimit, 61s)
WARNING: Loading a SolverResults object with an 'aborted' status, but
containing a solution
[DayDecomp]   y7 d196 fase2: 24,268.16  (maxTimeLimit, 61s)
WARNING: Loading a SolverResults object with an 'aborted' status, but
containing a solution
[DayDecomp]   y7 d288 fase2: 21,988.64  (maxTimeLimit, 61s)
[DayDecomp]   pulido sobre el bloque anual: 59,484 valores, 45,774 enteras fijas, LP optimo en 4s -> incumbente 83,645.07
[DayDecomp] año 7: listo en 512s
WARNING: Loading a SolverResults object with an 'aborted' status, but
containing a solution
[NestedBenders] forward y=7  TimeLimit alcanzado sin cerrar MIPGap: UB=83,614.02  LB=52,055.36  gap=37.7433%
[NestedBenders] k=3 FORWARD  anio 8 (8/10)  [UB=2,190,481.89  LB=1,968,564.61]  resolviendo MILP...
[DayDecomp] año 8: MIP start por dias (fase 1 libre, max, fase 2 fija, pulido)...
WARNING: Loading a SolverResults object with an 'aborted' status, but
containing a solution
[DayDecomp]   y8 d15 fase1: 9,742.89  (maxTimeLimit, 62s)
WARNING: Loading a SolverResults object with an 'aborted' status, but
containing a solution
[DayDecomp]   y8 d105 fase1: 12,002.63  (maxTimeLimit, 61s)
WARNING: Loading a SolverResults object with an 'aborted' status, but
containing a solution
[DayDecomp]   y8 d196 fase1: 12,536.00  (maxTimeLimit, 61s)
WARNING: Loading a SolverResults object with an 'aborted' status, but
containing a solution
[DayDecomp]   y8 d288 fase1: 10,677.85  (maxTimeLimit, 61s)
[DayDecomp]   agregado (max entre dias): N_bays=1  N_chargers=2  N_batteries=2  Delta_N_bays=0  Delta_N_chargers=0  Delta_N_batteries=0  n_ssee_k=1  G_g=1.546, 0  H=0  P_pot=0  R=-0  b_bar=442.7
WARNING: Loading a SolverResults object with an 'aborted' status, but
containing a solution
[DayDecomp]   y8 d15 fase2: 10,197.63  (maxTimeLimit, 61s)
WARNING: Loading a SolverResults object with an 'aborted' status, but
containing a solution
[DayDecomp]   y8 d105 fase2: 11,705.41  (maxTimeLimit, 61s)
WARNING: Loading a SolverResults object with an 'aborted' status, but
containing a solution
[DayDecomp]   y8 d196 fase2: 12,447.18  (maxTimeLimit, 61s)
WARNING: Loading a SolverResults object with an 'aborted' status, but
containing a solution
[DayDecomp]   y8 d288 fase2: 11,213.16  (maxTimeLimit, 61s)
[DayDecomp]   pulido sobre el bloque anual: 59,484 valores, 45,774 enteras fijas, LP optimo en 5s -> incumbente 38,530.43
[DayDecomp] año 8: listo en 514s
WARNING: Loading a SolverResults object with an 'aborted' status, but
containing a solution
[NestedBenders] forward y=8  TimeLimit alcanzado sin cerrar MIPGap: UB=38,318.13  LB=24,742.64  gap=35.4284%
[NestedBenders] k=3 FORWARD  anio 9 (9/10)  [UB=2,190,481.89  LB=1,968,564.61]  resolviendo MILP...
[DayDecomp] año 9: MIP start por dias (fase 1 libre, max, fase 2 fija, pulido)...
[DayDecomp]   y9 d15 fase1: 2,178.72  (optimal, 7s)
[DayDecomp]   y9 d105 fase1: 2,131.20  (optimal, 7s)
[DayDecomp]   y9 d196 fase1: 2,131.20  (optimal, 8s)
[DayDecomp]   y9 d288 fase1: 2,131.20  (optimal, 7s)
[DayDecomp]   agregado (max entre dias): N_bays=1  N_chargers=2  N_batteries=2  Delta_N_bays=0  Delta_N_chargers=0  Delta_N_batteries=0  n_ssee_k=1  G_g=1.546, 0  H=0  P_pot=0  R=-0  b_bar=436.9
[DayDecomp]   y9 d15 fase2: 2,218.69  (optimal, 3s)
[DayDecomp]   y9 d105 fase2: 2,131.20  (optimal, 4s)
[DayDecomp]   y9 d196 fase2: 2,131.20  (optimal, 5s)
[DayDecomp]   y9 d288 fase2: 2,159.05  (optimal, 4s)
[DayDecomp]   pulido sobre el bloque anual: 59,484 valores, 45,774 enteras fijas, LP optimo en 5s -> incumbente 2,246.54
[DayDecomp] año 9: listo en 72s
[NestedBenders] k=3 FORWARD  anio 10 (10/10)  [UB=2,190,481.89  LB=1,968,564.61]  resolviendo MILP...
[DayDecomp] año 10: MIP start por dias (fase 1 libre, max, fase 2 fija, pulido)...
[DayDecomp]   y10 d15 fase1: 1,937.45  (optimal, 4s)
[DayDecomp]   y10 d105 fase1: 1,973.75  (optimal, 3s)
[DayDecomp]   y10 d196 fase1: 1,939.76  (optimal, 3s)
[DayDecomp]   y10 d288 fase1: 1,937.45  (optimal, 2s)
[DayDecomp]   agregado (max entre dias): N_bays=1  N_chargers=2  N_batteries=2  Delta_N_bays=0  Delta_N_chargers=0  Delta_N_batteries=0  n_ssee_k=1  G_g=1.546, 0  H=0  P_pot=0  R=-0  b_bar=419.1
[DayDecomp]   y10 d15 fase2: 1,937.45  (optimal, 4s)
[DayDecomp]   y10 d105 fase2: 2,018.12  (optimal, 2s)
[DayDecomp]   y10 d196 fase2: 1,937.45  (optimal, 2s)
[DayDecomp]   y10 d288 fase2: 1,937.45  (optimal, 2s)
[DayDecomp]   pulido sobre el bloque anual: 59,484 valores, 45,774 enteras fijas, LP optimo en 5s -> incumbente 2,018.12
[DayDecomp] año 10: listo en 49s
[NestedBenders] k=3 pulido de la solucion: 2,247,771.68 -> 2,118,775.38 (5.74% menos, 109s)
[NestedBenders] k=3 BACKWARD anio 10  [UB=2,118,775.38  LB=1,968,564.61]  relajando LP y leyendo duales (corte -> anio 9)...
[NestedBenders] k=3 BACKWARD anio 9  [UB=2,118,775.38  LB=1,968,564.61]  relajando LP y leyendo duales (corte -> anio 8)...
[NestedBenders] k=3 BACKWARD anio 8  [UB=2,118,775.38  LB=1,968,564.61]  relajando LP y leyendo duales (corte -> anio 7)...
[NestedBenders] k=3 BACKWARD anio 7  [UB=2,118,775.38  LB=1,968,564.61]  relajando LP y leyendo duales (corte -> anio 6)...
[NestedBenders] k=3 BACKWARD anio 6  [UB=2,118,775.38  LB=1,968,564.61]  relajando LP y leyendo duales (corte -> anio 5)...
[NestedBenders] k=3 BACKWARD anio 5  [UB=2,118,775.38  LB=1,968,564.61]  relajando LP y leyendo duales (corte -> anio 4)...
[NestedBenders] k=3 BACKWARD anio 4  [UB=2,118,775.38  LB=1,968,564.61]  relajando LP y leyendo duales (corte -> anio 3)...
[NestedBenders] k=3 BACKWARD anio 3  [UB=2,118,775.38  LB=1,968,564.61]  relajando LP y leyendo duales (corte -> anio 2)...
[NestedBenders] k=3 BACKWARD anio 2  [UB=2,118,775.38  LB=1,968,564.61]  relajando LP y leyendo duales (corte -> anio 1)...
[NestedBenders] k=3 BACKWARD anio 1  [UB=2,118,775.38  LB=1,968,564.61]  resolviendo LP con los cortes actualizados (cota inferior)...
[NestedBenders] k=3 cota del backward = 1,056,831.59  (no supera LB=1,968,564.61)
[NestedBenders] k=3  UB=2118775.3779  LB=1968564.6100  gap=7.0895%  tiempo_iteracion=5856.5s
[NestedBenders] k=4 FORWARD  anio 1 (1/10)  [UB=2,118,775.38  LB=1,968,564.61]  resolviendo MILP...
[DayDecomp] año 1: MIP start por dias (fase 1 libre, max, fase 2 fija, pulido)...
[DayDecomp]   y1 d15 fase1: 290,435.68  (optimal, 4s)
[DayDecomp]   y1 d105 fase1: 290,435.68  (optimal, 4s)
[DayDecomp]   y1 d196 fase1: 293,634.41  (optimal, 4s)
[DayDecomp]   y1 d288 fase1: 293,634.41  (optimal, 5s)
[DayDecomp]   agregado (max entre dias): N_bays=1  N_chargers=1  N_batteries=1  Delta_N_bays=1  Delta_N_chargers=1  Delta_N_batteries=1  n_ssee_k=1  G_g=0, 0  H=0  P_pot=0  R=0  b_bar=482
[DayDecomp]   y1 d15 fase2: 293,634.41  (optimal, 5s)
[DayDecomp]   y1 d105 fase2: 287,236.95  (optimal, 5s)
[DayDecomp]   y1 d196 fase2: 287,236.95  (optimal, 4s)
[DayDecomp]   y1 d288 fase2: 293,634.41  (optimal, 4s)
[DayDecomp]   pulido sobre el bloque anual: 59,481 valores, 45,773 enteras fijas, LP optimo en 5s -> incumbente 1,372,117.41
[DayDecomp] año 1: listo en 60s
[NestedBenders] k=4 FORWARD  anio 2 (2/10)  [UB=2,118,775.38  LB=1,968,564.61]  resolviendo MILP...
[DayDecomp] año 2: MIP start por dias (fase 1 libre, max, fase 2 fija, pulido)...
[DayDecomp]   y2 d15 fase1: 5,812.70  (optimal, 9s)
WARNING: Loading a SolverResults object with an 'aborted' status, but
containing a solution
[DayDecomp]   y2 d105 fase1: 6,933.73  (maxTimeLimit, 61s)
WARNING: Loading a SolverResults object with an 'aborted' status, but
containing a solution
[DayDecomp]   y2 d196 fase1: 7,032.44  (maxTimeLimit, 61s)
[DayDecomp]   y2 d288 fase1: 5,786.78  (optimal, 10s)
[DayDecomp]   agregado (max entre dias): N_bays=1  N_chargers=1  N_batteries=1  Delta_N_bays=0  Delta_N_chargers=0  Delta_N_batteries=0  n_ssee_k=1  G_g=1.523, 0  H=0.6629  P_pot=0  R=-0  b_bar=480.6
[DayDecomp]   y2 d15 fase2: 5,812.70  (optimal, 3s)
[DayDecomp]   y2 d105 fase2: 6,933.73  (optimal, 12s)
[DayDecomp]   y2 d196 fase2: 7,032.44  (optimal, 23s)
[DayDecomp]   y2 d288 fase2: 5,773.34  (optimal, 14s)
[DayDecomp]   pulido sobre el bloque anual: 59,484 valores, 45,774 enteras fijas, LP optimo en 4s -> incumbente 85,131.79
[DayDecomp] año 2: listo en 220s
WARNING: Loading a SolverResults object with an 'aborted' status, but
containing a solution
[NestedBenders] forward y=2  TimeLimit alcanzado sin cerrar MIPGap: UB=85,118.35  LB=83,799.40  gap=1.5495%
[NestedBenders] k=4 FORWARD  anio 3 (3/10)  [UB=2,118,775.38  LB=1,968,564.61]  resolviendo MILP...
[DayDecomp] año 3: MIP start por dias (fase 1 libre, max, fase 2 fija, pulido)...
[DayDecomp]   y3 d15 fase1: 17,890.52  (optimal, 28s)
WARNING: Loading a SolverResults object with an 'aborted' status, but
containing a solution
[DayDecomp]   y3 d105 fase1: 20,529.78  (maxTimeLimit, 62s)
[DayDecomp]   y3 d196 fase1: 22,723.04  (optimal, 53s)
[DayDecomp]   y3 d288 fase1: 17,845.35  (optimal, 35s)
[DayDecomp]   agregado (max entre dias): N_bays=1  N_chargers=1  N_batteries=1  Delta_N_bays=0  Delta_N_chargers=0  Delta_N_batteries=0  n_ssee_k=1  G_g=1.523, 0  H=0.6629  P_pot=75.29  R=-0  b_bar=477.8
[DayDecomp]   y3 d15 fase2: 19,587.44  (optimal, 5s)
[DayDecomp]   y3 d105 fase2: maxTimeLimit, sin solucion en 62s
[DayDecomp] año 3: sin MIP start (y3 d105 fase2: maxTimeLimit, sin solucion en 62s)
WARNING: Loading a SolverResults object with an 'aborted' status, but
containing a solution
Traceback (most recent call last):
  File "C:\Users\Agustin\Desktop\Elmo_infrastructure_NP\setup.py", line 650, in <module>
    main()
  File "C:\Users\Agustin\Desktop\Elmo_infrastructure_NP\setup.py", line 622, in main
    run_decomposed(args, mine_system, time_series, hybrid=(args.mode == 'hybrid'))
  File "C:\Users\Agustin\Desktop\Elmo_infrastructure_NP\setup.py", line 180, in run_decomposed
    resultado = solver.solve(verbose=True)
  File "C:\Users\Agustin\Desktop\Elmo_infrastructure_NP\src\optimization\decomposition\driver.py", line 1127, in solve
    fwd = self.forward_pass.run(
  File "C:\Users\Agustin\Desktop\Elmo_infrastructure_NP\src\optimization\decomposition\passes.py", line 275, in run
    return self._sweep(iteration, verbose, current_ub, current_lb)
  File "C:\Users\Agustin\Desktop\Elmo_infrastructure_NP\src\optimization\decomposition\passes.py", line 418, in _sweep
    self._solve_block(block, f"forward y={block.year}", warm, iteration)
  File "C:\Users\Agustin\Desktop\Elmo_infrastructure_NP\src\optimization\decomposition\passes.py", line 228, in _solve_block
    return _solve(block.model, label=label, warmstart=warm, **self.solver_kwargs)
  File "C:\Users\Agustin\Desktop\Elmo_infrastructure_NP\src\optimization\decomposition\passes.py", line 139, in _solve
    raise SubproblemNoIncumbent(
src.optimization.decomposition.passes.SubproblemNoIncumbent: forward y=3: TimeLimit (300s) alcanzado SIN ninguna solucion factible (cota dual 144,192.29). El bloque queda con variables sin valor y el forward no puede continuar. Subir --solve_timelimit, usar --block_mip_focus 1 para que Gurobi priorice encontrar incumbentes, o --day_warm_start para armarle un MIP start por dias.
