
Gurobi 12.0.3 (win64) logging started Mon Apr 13 23:03:08 2026

Set parameter LogFile to value "output\DCH_final\costo_variable\Carga_on_board_variable_3estaciones_P640kW\gurobi.log"
Set parameter Threads to value 24
Set parameter Heuristics to value 0.5
Set parameter MIPFocus to value 3
Set parameter Presolve to value 2
Set parameter FlowCoverCuts to value 2
Set parameter TimeLimit to value 172800
Gurobi Optimizer version 12.0.3 build v12.0.3rc0 (win64 - Windows 11+.0 (26200.2))

CPU model: Intel(R) Core(TM) i9-14900K, instruction set [SSE2|AVX|AVX2]
Thread count: 24 physical cores, 32 logical processors, using up to 24 threads

Non-default parameters:
TimeLimit  172800
MIPGap  0.01
Heuristics  0.5
MIPFocus  3
FlowCoverCuts  2
Presolve  2
Threads  24

Optimize a model with 274470 rows, 895254 columns and 2891817 nonzeros
Model fingerprint: 0xb2bf93b8
Variable types: 114192 continuous, 781062 integer (781059 binary)
Coefficient statistics:
  Matrix range     [1e-01, 6e+02]
  Objective range  [3e-03, 3e+05]
  Bounds range     [1e+00, 1e+00]
  RHS range        [1e+00, 1e+18]
Warning: Model contains large rhs
         Consider reformulating model or setting NumericFocus parameter
         to avoid numerical issues.
Found heuristic solution: objective 9.880240e+10
Presolve removed 220014 rows and 547638 columns (presolve time = 44s)...
Presolve removed 220014 rows and 547638 columns
Presolve time: 44.37s
Presolved: 54456 rows, 347616 columns, 1011788 nonzeros
Variable types: 46944 continuous, 300672 integer (300672 binary)
Root relaxation presolve removed 14976 rows and 12312 columns
Root relaxation presolved: 39480 rows, 335304 columns, 965853 nonzeros

Deterministic concurrent LP optimizer: primal simplex, dual simplex, and barrier
Showing barrier log only...

Root barrier log...

Ordering time: 0.30s

Barrier statistics:
 AA' NZ     : 6.634e+05
 Factor NZ  : 2.697e+06 (roughly 170 MB of memory)
 Factor Ops : 2.705e+08 (less than 1 second per iteration)
 Threads    : 22

                  Objective                Residual
Iter       Primal          Dual         Primal    Dual     Compl     Time
   0   8.41527070e+11 -1.31545102e+12  7.19e+03 3.87e+04  7.96e+07    46s
   1   1.12238663e+11 -1.28830593e+12  5.37e+02 2.33e-09  7.36e+06    46s
   2   1.56837298e+10 -3.45106864e+11  6.82e-13 2.33e-09  5.21e+05    46s
   3   2.22218913e+09 -7.52852638e+09  5.97e-13 1.41e-09  1.41e+04    46s
   4   1.52282074e+08 -1.00238451e+09  5.68e-13 1.23e-09  1.67e+03    46s
   5   3.31930028e+07 -2.29432116e+08  3.98e-13 1.12e-09  3.79e+02    46s
   6   1.24820520e+07 -8.26970415e+07  5.12e-13 9.50e-10  1.37e+02    46s
   7   7.51458784e+06 -3.88741963e+07  3.98e-13 8.92e-10  6.70e+01    46s
   8   5.78246788e+06 -1.14167640e+07  3.69e-13 1.08e-09  2.48e+01    46s
   9   3.21068228e+06 -5.00809587e+06  5.68e-13 8.86e-10  1.19e+01    46s
  10   1.98835332e+06 -1.65180845e+06  4.26e-13 9.77e-10  5.25e+00    46s
  11   1.82964680e+06 -7.62284844e+05  5.86e-13 9.75e-10  3.74e+00    46s
  12   1.68303929e+06  6.98616774e+03  4.35e-13 9.04e-10  2.42e+00    46s
  13   1.55607757e+06  3.01416463e+05  2.90e-12 8.20e-10  1.81e+00    46s
  14   1.47623345e+06  5.54113074e+05  2.42e-12 8.67e-10  1.33e+00    46s
  15   1.33380126e+06  7.08765069e+05  1.46e-12 1.01e-09  9.02e-01    46s
  16   1.23955490e+06  8.12029371e+05  1.22e-12 1.06e-09  6.17e-01    46s
  17   1.20026323e+06  9.01231638e+05  1.14e-12 9.26e-10  4.32e-01    46s
  18   1.14443713e+06  9.50761683e+05  2.90e-12 9.72e-10  2.80e-01    46s
  19   1.11050649e+06  9.82540521e+05  3.60e-12 8.65e-10  1.85e-01    46s
  20   1.10161466e+06  9.95629932e+05  3.24e-12 9.08e-10  1.53e-01    46s
  21   1.08744502e+06  1.00591024e+06  3.31e-12 9.27e-10  1.18e-01    46s
  22   1.06870068e+06  1.01160825e+06  1.66e-12 8.21e-10  8.24e-02    47s
  23   1.06100360e+06  1.01587804e+06  2.88e-12 7.41e-10  6.51e-02    47s
  24   1.04327725e+06  1.02122007e+06  3.95e-12 9.70e-10  3.18e-02    47s
  25   1.03093537e+06  1.02331736e+06  1.07e-11 9.67e-10  1.10e-02    47s
  26   1.02738421e+06  1.02386336e+06  8.17e-12 8.84e-10  5.08e-03    47s
  27   1.02627893e+06  1.02426674e+06  7.77e-11 1.03e-09  2.90e-03    47s
  28   1.02566073e+06  1.02441423e+06  4.82e-11 8.81e-10  1.80e-03    47s
  29   1.02510869e+06  1.02449406e+06  2.93e-11 9.29e-10  8.87e-04    47s
  30   1.02488202e+06  1.02453200e+06  9.96e-12 8.85e-10  5.05e-04    47s
  31   1.02475078e+06  1.02455707e+06  5.28e-11 9.34e-10  2.80e-04    47s
  32   1.02465324e+06  1.02456689e+06  5.39e-11 1.16e-09  1.25e-04    47s
  33   1.02461352e+06  1.02457019e+06  4.44e-11 9.11e-10  6.25e-05    47s
  34   1.02458571e+06  1.02457313e+06  1.26e-10 8.52e-10  1.82e-05    47s
  35   1.02457978e+06  1.02457589e+06  2.08e-10 9.45e-10  5.61e-06    47s
  36   1.02457793e+06  1.02457703e+06  1.88e-10 9.86e-10  1.31e-06    47s
  37   1.02457747e+06  1.02457728e+06  2.25e-10 9.03e-10  2.77e-07    47s
  38   1.02457742e+06  1.02457740e+06  5.11e-09 1.01e-09  3.20e-08    47s
  39   1.02457742e+06  1.02457742e+06  3.10e-09 9.57e-10  5.33e-10    47s

Barrier solved model in 39 iterations and 47.24 seconds (35.96 work units)
Optimal objective 1.02457742e+06


Root crossover log...

    7138 DPushes remaining with DInf 0.0000000e+00                47s
       0 DPushes remaining with DInf 0.0000000e+00                47s

  118957 PPushes remaining with PInf 1.2706393e-04                47s
       0 PPushes remaining with PInf 0.0000000e+00                49s

  Push phase complete: Pinf 0.0000000e+00, Dinf 1.2404237e-11     49s


Root simplex log...

Iteration    Objective       Primal Inf.    Dual Inf.      Time
  125834    1.0245774e+06   0.000000e+00   0.000000e+00     49s
Concurrent spin time: 0.00s

Solved with barrier
  130035    1.0245774e+06   0.000000e+00   0.000000e+00     49s
Extra simplex iterations after uncrush: 4201

Root relaxation: objective 1.024577e+06, 130035 iterations, 4.37 seconds (4.96 work units)
Total elapsed time = 53.15s (DegenMoves)
Total elapsed time = 55.53s (DegenMoves)

    Nodes    |    Current Node    |     Objective Bounds      |     Work
 Expl Unexpl |  Obj  Depth IntInf | Incumbent    BestBd   Gap | It/Node Time

     0     0 1024577.42    0 7209 9.8802e+10 1024577.42   100%     -   59s
H    0     0                    3.456257e+07 1024577.42  97.0%     -   59s
H    0     0                    2.666403e+07 1024577.42  96.2%     -   60s
H    0     0                    2.323774e+07 1024577.42  95.6%     -   60s
     0     0 1024779.63    0 6844 2.3238e+07 1024779.63  95.6%     -   72s
     0     0 1024830.84    0 7530 2.3238e+07 1024830.84  95.6%     -   74s
     0     0 1024830.84    0 7638 2.3238e+07 1024830.84  95.6%     -   74s
     0     0 1031808.54    0 7104 2.3238e+07 1031808.54  95.6%     -   85s
H    0     0                    1.700371e+07 1031809.00  93.9%     -   87s
H    0     0                    1.671216e+07 1031809.00  93.8%     -   87s
H    0     0                    1.668310e+07 1031809.00  93.8%     -   87s
H    0     0                    1.668299e+07 1031809.00  93.8%     -   87s
H    0     0                    1.653774e+07 1031809.00  93.8%     -   88s
     0     0 1047966.96    0 8017 1.6538e+07 1047966.96  93.7%     -   89s
     0     0 1069966.27    0 8109 1.6538e+07 1069966.27  93.5%     -   90s
     0     0 1095969.08    0 7976 1.6538e+07 1095969.08  93.4%     -   91s
     0     0 1123072.61    0 7664 1.6538e+07 1123072.61  93.2%     -   92s
     0     0 1156743.72    0 7157 1.6538e+07 1156743.72  93.0%     -   93s
     0     0 1193191.61    0 6828 1.6538e+07 1193191.61  92.8%     -   94s
     0     0 1227426.92    0 6211 1.6538e+07 1227426.92  92.6%     -   95s
     0     0 1255979.59    0 5830 1.6538e+07 1255979.59  92.4%     -   96s
     0     0 1283730.45    0 5246 1.6538e+07 1283730.45  92.2%     -   96s
     0     0 1305382.31    0 5217 1.6538e+07 1305382.31  92.1%     -   97s
     0     0 1305562.47    0 5295 1.6538e+07 1305562.47  92.1%     -   98s
     0     0 1305565.17    0 5325 1.6538e+07 1305565.17  92.1%     -   98s
     0     0 1305566.03    0 5330 1.6538e+07 1305566.03  92.1%     -   98s
     0     0 1305789.49    0 3914 1.6538e+07 1305789.49  92.1%     -  118s
H    0     0                    1.054667e+07 1305789.50  87.6%     -  119s
H    0     0                    9157401.3109 1305789.50  85.7%     -  120s
H    0     0                    9157157.5017 1305789.50  85.7%     -  120s
H    0     0                    9040407.9437 1305789.50  85.6%     -  121s
H    0     0                    6701679.9875 1305789.50  80.5%     -  123s
H    0     0                    6668386.0974 1305789.50  80.4%     -  123s
H    0     0                    6668258.8740 1305789.50  80.4%     -  124s
H    0     0                    6576528.4528 1305789.50  80.1%     -  124s
H    0     0                    6576414.0753 1305789.50  80.1%     -  124s
H    0     0                    6576413.9318 1305789.50  80.1%     -  124s
H    0     0                    6576400.0787 1305789.50  80.1%     -  124s
H    0     0                    6576190.0113 1305789.50  80.1%     -  124s
H    0     0                    6484528.3324 1305789.50  79.9%     -  124s
     0     0 1305808.39    0 4625 6484528.33 1305808.39  79.9%     -  125s
     0     0 1306154.44    0 3823 6484528.33 1306154.44  79.9%     -  149s
     0     0 1306154.70    0 3738 6484528.33 1306154.70  79.9%     -  157s
H    0     0                    6484528.2364 1306154.70  79.9%     -  163s
H    0     0                    6455038.3052 1306154.70  79.8%     -  163s
H    0     0                    6425788.4592 1306154.70  79.7%     -  164s
H    0     0                    6304707.1566 1306154.70  79.3%     -  164s
H    0     0                    5911942.8326 1306154.70  77.9%     -  166s
H    0     0                    5911814.6315 1306154.70  77.9%     -  168s
H    0     0                    5911460.6313 1306154.70  77.9%     -  168s
H    0     0                    5882563.3925 1306154.70  77.8%     -  168s
H    0     0                    5882431.3667 1306154.70  77.8%     -  168s
H    0     0                    5732727.3583 1306154.70  77.2%     -  168s
H    0     0                    5611476.7933 1306154.70  76.7%     -  170s
H    0     0                    5490523.9320 1306154.70  76.2%     -  170s
H    0     0                    5432291.0569 1306154.70  76.0%     -  175s
H    0     0                    5161096.7077 1306154.70  74.7%     -  175s
H    0     0                    5161094.9394 1306154.70  74.7%     -  178s
H    0     0                    4918364.1751 1306154.70  73.4%     -  235s
H    0     0                    4560314.5541 1306154.70  71.4%     -  242s
H    0     0                    3717424.3693 1306154.70  64.9%     -  252s
H    0     0                    3509090.5394 1306154.70  62.8%     -  259s
H    0     0                    3329180.8087 1306154.70  60.8%     -  266s
H    0     0                    3119398.6634 1306154.70  58.1%     -  274s
H    0     0                    3032359.0172 1306154.70  56.9%     -  280s
H    0     0                    2886888.5341 1306154.70  54.8%     -  291s
H    0     0                    2678489.3474 1306154.70  51.2%     -  302s
H    0     0                    2136788.1265 1306154.70  38.9%     -  315s
H    0     0                    1628390.2675 1306154.70  19.8%     -  323s
    13     4 1306671.03    2  539 1628390.27 1306670.90  19.8% 69005  336s
    43    56 1306722.19    6  919 1628390.27 1306697.00  19.8% 21718  340s
   250   263 1306749.16    6  944 1628390.27 1306722.33  19.8%  4126  347s
   274   287 1306750.28    7  923 1628390.27 1306728.07  19.8%  3838  350s
   298   543 1306772.34    8  944 1628390.27 1306735.07  19.8%  3598  359s
H  554   543                    1360770.3303 1306737.87  3.97%   484  360s
   555   547 1307302.70    2  553 1360770.33 1307275.62  3.93%  2099  374s
   557   551 1307310.46    3  687 1360770.33 1307275.99  3.93%  2094  375s
   609   732 1307336.44    7  757 1360770.33 1307324.57  3.93%  2013  383s
   742   756 1307382.04    8  725 1360770.33 1307336.75  3.93%  1689  391s
   766   780 1307389.43   11  696 1360770.33 1307339.25  3.93%  1693  408s
   790  1860 1307422.96    7  717 1360770.33 1307349.54  3.93%  1692  417s
H 1870  1860                    1359094.5630 1307354.41  3.81%   319  418s
  1871  1864 1307989.64    2  434 1359094.56 1307989.52  3.76%   799  433s
  1885  1892 1307995.99    5  800 1359094.56 1307993.54  3.76%   804  436s
  1925  2005 1308084.44    7  770 1359094.56 1308050.52  3.76%   835  442s
  2014  2029 1308113.08    7  774 1359094.56 1308077.66  3.75%   839  452s
  2038  2054 1308114.57    7  769 1359094.56 1308085.48  3.75%   852  469s
  2063  2318 1308184.91    8  800 1359094.56 1308100.50  3.75%   862  497s
  2327  3278 1308155.20    8  718 1359094.56 1308109.65  3.75%   803  513s
H 3287  3278                    1328942.4807 1308115.76  1.57%   368  514s
  3288  3282 1308211.63    2  183 1328942.48 1308211.63  1.56%   641  527s
  3318  3334 1308272.72    6  390 1328942.48 1308268.58  1.56%   639  532s
  3342  3539 1308290.16    7  402 1328942.48 1308289.40  1.55%   636  536s
  3571  3587 1308328.85   10  383 1328942.48 1308300.95  1.55%   604  544s
  3595  3611 1308321.72    9  394 1328942.48 1308308.11  1.55%   605  560s
  3619  4567 1308446.30   11  364 1328942.48 1308316.34  1.55%   605  571s
H 4575  4567                    1328521.8144 1308322.35  1.52%   325  572s
  4576  4571 1308372.94    2  102 1328521.81 1308372.94  1.52%   522  587s
  4606  4623 1308376.30    6  216 1328521.81 1308376.30  1.52%   519  590s
  4679  4696 1308376.30    7  210 1328521.81 1308376.30  1.52%   511  597s
  4703  5273 1308376.30    7  237 1328521.81 1308376.30  1.52%   509  605s
H 5280  5273                    1328072.3799 1308376.30  1.48%   297  606s
  5281  5277 1308394.86    2   96 1328072.38 1308394.86  1.48%   467  619s
  5283  5281 1308398.18    3  183 1328072.38 1308394.86  1.48%   467  620s
  5335  5540 1308398.42    7  245 1328072.38 1308398.42  1.48%   463  629s
  5546  5564 1308398.42   11  231 1328072.38 1308398.42  1.48%   447  634s
  5570  5728 1308398.42    8  259 1328072.38 1308398.42  1.48%   445  642s
  5734  6960 1308398.42   16  229 1328072.38 1308398.42  1.48%   433  664s
H 6966  6960                    1327498.7240 1308398.42  1.44%   239  664s
  6967  6964 1308585.93    2  200 1327498.72 1308585.93  1.42%   368  679s
  6969  6968 1308602.96    3  352 1327498.72 1308585.93  1.42%   368  680s
  7021  7191 1308627.78    7  519 1327498.72 1308613.54  1.42%   369  688s
  7196  7215 1308628.25    9  445 1327498.72 1308627.87  1.42%   365  692s
  7220  7239 1308647.63    9  462 1327498.72 1308628.14  1.42%   368  697s
  7244  7265 1308666.66    9  395 1327498.72 1308637.75  1.42%   372  716s
  7270  8001 1308663.72   12  456 1327498.72 1308641.90  1.42%   377  735s
H 8006  8001                    1327283.3993 1308647.70  1.40%   251  736s
  8007  8005 1309187.00    2  267 1327283.40 1309187.00  1.36%   364  756s
  8037  8057 1309241.73    6  529 1327283.40 1309237.81  1.36%   365  766s
  8061  8273 1309238.95    7  548 1327283.40 1309238.94  1.36%   366  773s
  8277  8297 1309246.88    9  498 1327283.40 1309238.99  1.36%   360  783s
  8301  8441 1309250.98   12  484 1327283.40 1309244.70  1.36%   360  803s
  8445 10601 1309260.29   12  518 1327283.40 1309246.06  1.36%   358  838s
H10605 10601                    1326790.9512 1309247.19  1.32%   223  839s
 10606 10605 1309584.38    2  348 1326790.95 1309584.38  1.30%   307  857s
 10620 10633 1309601.21    5  584 1326790.95 1309595.06  1.30%   308  860s
 10636 10657 1309601.27    6  603 1326790.95 1309600.80  1.30%   308  865s
 10709 10767 1309602.05    7  635 1326790.95 1309601.37  1.30%   308  870s
 10770 10791 1309689.56    8  591 1326790.95 1309601.37  1.30%   308  877s
 10794 10815 1309618.74    6  601 1326790.95 1309602.58  1.30%   309  887s
 10818 11641 1309618.74    7  628 1326790.95 1309602.89  1.30%   312  903s
H11644 11641                    1326258.0731 1309610.32  1.26%   224  904s
 11645 11645 1309708.75    2  529 1326258.07 1309708.75  1.25%   301  924s
 11647 11649 1309727.92    3  679 1326258.07 1309711.99  1.25%   301  925s
 11675 11697 1309757.46    6  783 1326258.07 1309735.16  1.25%   305  932s
 11699 11862 1309751.44    7  794 1326258.07 1309745.32  1.25%   308  939s
 11864 11886 1309780.68    8  791 1326258.07 1309751.88  1.24%   311  952s
 11888 13086 1309759.62    9  777 1326258.07 1309754.18  1.24%   311  966s
H13088 13086                    1325188.1250 1309761.21  1.16%   232  967s
 13089 13090 1309846.90    2  430 1325188.13 1309846.90  1.16%   300  986s
 13103 13118 1309867.26    5  693 1325188.13 1309863.27  1.16%   301  990s
 13143 13191 1309885.65    7  688 1325188.13 1309870.99  1.16%   304  998s
 13192 13215 1309902.72    7  724 1325188.13 1309880.06  1.16%   306 1007s
 13216 13551 1309912.89    7  685 1325188.13 1309886.48  1.15%   309 1023s
 13552 14295 1309909.58    9  684 1325188.13 1309889.63  1.15%   307 1066s
H14296 14295                    1324259.7311 1309893.59  1.08%   238 1067s
 14297 14299 1310406.58    2  352 1324259.73 1310404.86  1.05%   301 1088s
 14303 14311 1310423.68    4  560 1324259.73 1310422.53  1.04%   302 1090s
 14351 14472 1310438.56    7  568 1324259.73 1310436.69  1.04%   305 1099s
 14472 14496 1310454.95    8  631 1324259.73 1310443.79  1.04%   307 1111s
 14496 14589 1310471.71    6  591 1324259.73 1310448.94  1.04%   310 1128s
 14589 14613 1310487.81   10  643 1324259.73 1310451.05  1.04%   314 1167s
 14613 16173 1310516.15   12  575 1324259.73 1310453.46  1.04%   323 1187s
H16173 16173                    1323702.0834 1310457.51  1.00%   252 1188s
 16173 17028 1310483.85   12  946 1323702.08 1310457.52  1.00%   304 1210s
H17028 17028                    1323561.8216 1310461.07  0.99%   243 1211s

Cutting planes:
  Gomory: 128
  Lift-and-project: 56
  Implied bound: 438
  MIR: 97
  Mixing: 36
  Flow cover: 4159
  RLT: 18
  Relax-and-lift: 84

Explored 17028 nodes (5031648 simplex iterations) in 1213.47 seconds (791.78 work units)
Thread count was 24 (of 32 available processors)

Solution count 10: 1.32356e+06 1.3237e+06 1.32426e+06 ... 1.32852e+06

Optimal solution found (tolerance 1.00e-02)
Best objective 1.323561821629e+06, best bound 1.310461067643e+06, gap 0.9898%
