
Gurobi 12.0.0 (win64) logging started Thu Aug 27 01:31:04 2026

Set parameter LogFile to value "output/Monolithic_241kW_2dias_mccormick/gurobi.log"
Set parameter Threads to value 32
Set parameter Heuristics to value 0.5
Set parameter MIPFocus to value 3
Set parameter Presolve to value 2
Set parameter FlowCoverCuts to value 2
Set parameter TimeLimit to value 172800
Gurobi Optimizer version 12.0.0 build v12.0.0rc1 (win64 - Windows 11+.0 (26200.2))

CPU model: Intel(R) Core(TM) i9-14900K, instruction set [SSE2|AVX|AVX2]
Thread count: 24 physical cores, 32 logical processors, using up to 32 threads

Non-default parameters:
TimeLimit  172800
MIPGap  0.01
Heuristics  0.5
MIPFocus  3
FlowCoverCuts  2
Presolve  2
Threads  32

Optimize a model with 1201789 rows, 2181176 columns and 10648255 nonzeros
Model fingerprint: 0x1c78eaed
Variable types: 258982 continuous, 1922194 integer (994722 binary)
Coefficient statistics:
  Matrix range     [2e-02, 7e+05]
  Objective range  [6e-01, 6e+05]
  Bounds range     [1e+00, 7e+05]
  RHS range        [1e+00, 3e+08]
Presolve removed 973804 rows and 1669206 columns
Presolve time: 2.27s
Presolved: 227985 rows, 511970 columns, 2006062 nonzeros
Variable types: 36956 continuous, 475014 integer (465257 binary)
Performing another presolve...
Presolve removed 53525 rows and 772 columns (presolve time = 5s)...
Presolve removed 55807 rows and 1570 columns
Presolve time: 6.09s
Root relaxation presolved: 172178 rows, 510400 columns, 1919583 nonzeros

Deterministic concurrent LP optimizer: primal simplex, dual simplex, and barrier
Showing barrier log only...

Root barrier log...

Ordering time: 0.15s

Barrier statistics:
 Dense cols : 41
 AA' NZ     : 2.079e+06
 Factor NZ  : 5.227e+06 (roughly 300 MB of memory)
 Factor Ops : 2.526e+08 (less than 1 second per iteration)
 Threads    : 29

                  Objective                Residual
Iter       Primal          Dual         Primal    Dual     Compl     Time
   0   2.46752646e+12 -3.27597640e+12  1.50e+08 4.18e+03  1.81e+10    13s
   1   2.10970912e+12 -3.69991971e+12  1.28e+08 2.91e+05  1.56e+10    13s
   2   8.90832443e+11 -3.91147494e+12  5.29e+07 2.56e-05  6.60e+09    13s
   3   1.29986626e+10 -3.74189371e+12  7.67e+05 2.39e-05  9.89e+07    13s
   4   8.95210970e+08 -2.98942462e+12  5.10e+04 6.59e-05  8.71e+06    13s
   5   3.30952826e+08 -1.30570990e+12  1.77e+04 2.19e-05  2.96e+06    13s
   6   2.08804165e+08 -7.81797170e+11  1.04e+04 1.25e-05  1.68e+06    14s
   7   1.70470196e+08 -5.71507572e+11  8.06e+03 9.32e-06  1.25e+06    14s
   8   1.08262893e+08 -3.57250997e+11  4.43e+03 5.90e-06  7.07e+05    14s
   9   9.18908956e+07 -2.24807551e+11  3.54e+03 7.46e-06  5.00e+05    14s
  10   6.29844026e+07 -1.50899183e+11  2.03e+03 6.49e-06  2.98e+05    14s
  11   4.38131507e+07 -1.10948663e+11  1.13e+03 2.63e-06  1.86e+05    14s
  12   3.78158827e+07 -8.00982265e+10  8.69e+02 2.83e-06  1.34e+05    14s
  13   2.51480248e+07 -4.16725972e+10  3.47e+02 1.50e-06  5.70e+04    15s
  14   2.11646932e+07 -3.38243579e+10  1.99e+02 1.14e-06  3.99e+04    15s
  15   1.80916038e+07 -1.32658179e+10  8.88e+01 3.52e-07  1.41e+04    15s
  16   1.59743030e+07 -3.03928391e+09  1.58e+01 5.30e-08  2.77e+03    15s
  17   1.50086364e+07 -1.38014796e+09  3.26e+00 2.37e-08  1.21e+03    15s
  18   1.46787345e+07 -6.10206123e+08  1.92e+00 1.01e-08  5.39e+02    15s
  19   1.38121718e+07 -5.20045521e+08  1.14e+00 8.56e-09  4.59e+02    16s
  20   1.32243995e+07 -4.35330995e+08  8.99e-01 7.15e-09  3.85e+02    16s
  21   1.25408891e+07 -2.67715518e+08  6.99e-01 4.49e-09  2.41e+02    16s
  22   1.20918520e+07 -2.02000720e+08  6.33e-01 3.42e-09  1.84e+02    16s
  23   1.15671320e+07 -1.86708147e+08  5.40e-01 3.21e-09  1.70e+02    16s
  24   1.06350965e+07 -1.28136505e+08  3.68e-01 2.29e-09  1.19e+02    16s
  25   9.46378391e+06 -1.06219423e+08  2.76e-01 1.87e-09  9.91e+01    17s
  26   7.74186444e+06 -7.26827017e+07  1.50e-01 1.32e-09  6.89e+01    17s
  27   7.25872365e+06 -6.87825031e+07  1.28e-01 1.20e-09  6.51e+01    17s
  28   5.60015099e+06 -4.35359910e+07  7.12e-02 8.10e-10  4.20e+01    17s
  29   4.45791496e+06 -1.41601396e+07  3.80e-02 3.03e-10  1.59e+01    18s
  30   3.75272635e+06 -6.90972556e+06  1.84e-02 2.82e-10  9.12e+00    18s
  31   3.54083688e+06 -4.05954817e+06  1.50e-02 8.40e-10  6.51e+00    18s
  32   3.35194770e+06 -2.65041732e+06  1.22e-02 8.71e-10  5.14e+00    18s
  33   3.23250192e+06 -1.39529460e+06  1.11e-02 2.45e-09  3.96e+00    18s
  34   3.21806433e+06 -1.09998150e+06  1.10e-02 2.84e-09  3.70e+00    18s
  35   3.18542274e+06 -8.60380936e+05  1.05e-02 2.56e-09  3.47e+00    18s
  36   3.10338814e+06  1.27834041e+05  8.93e-03 1.61e-09  2.55e+00    19s
  37   3.01373644e+06  1.07649154e+06  7.19e-03 1.98e-09  1.66e+00    19s
  38   2.87700689e+06  1.63809228e+06  4.47e-03 1.34e-09  1.06e+00    19s
  39   2.84266743e+06  1.87903076e+06  3.88e-03 1.26e-09  8.27e-01    19s
  40   2.80805186e+06  2.18077515e+06  3.22e-03 1.36e-09  5.39e-01    19s
  41   2.78540560e+06  2.27249171e+06  2.69e-03 1.52e-09  4.40e-01    20s
  42   2.76494249e+06  2.43860777e+06  2.23e-03 9.35e-10  2.81e-01    20s
  43   2.74366613e+06  2.53890650e+06  1.71e-03 9.64e-10  1.76e-01    20s
  44   2.73038534e+06  2.58568291e+06  1.32e-03 7.78e-10  1.25e-01    20s
  45   2.71317028e+06  2.61728377e+06  7.93e-04 8.32e-10  8.25e-02    21s
  46   2.70806304e+06  2.64719138e+06  6.45e-04 2.68e-10  5.25e-02    21s
  47   2.70306737e+06  2.66373326e+06  4.80e-04 5.15e-10  3.39e-02    21s
  48   2.70025452e+06  2.67229629e+06  3.88e-04 7.63e-10  2.41e-02    21s
  49   2.69768832e+06  2.67752902e+06  2.94e-04 6.55e-10  1.74e-02    21s
  50   2.69657139e+06  2.68095124e+06  2.51e-04 6.45e-10  1.35e-02    21s
  51   2.69503295e+06  2.68470339e+06  1.96e-04 3.14e-10  8.94e-03    22s
  52   2.69377393e+06  2.68644619e+06  1.49e-04 2.64e-10  6.35e-03    22s
  53   2.69277579e+06  2.68724810e+06  1.10e-04 2.66e-10  4.78e-03    22s
  54   2.69181946e+06  2.68859164e+06  7.34e-05 3.05e-10  2.80e-03    22s
  55   2.69116105e+06  2.68927227e+06  4.74e-05 2.34e-10  1.64e-03    22s
  56   2.69079207e+06  2.68947332e+06  3.15e-05 2.93e-10  1.14e-03    23s
  57   2.69037048e+06  2.68960589e+06  1.35e-05 3.48e-10  6.60e-04    23s
  58   2.69012561e+06  2.68996137e+06  3.13e-06 1.09e-09  1.42e-04    23s
  59   2.69005196e+06  2.69001524e+06  7.05e-08 3.33e-10  3.14e-05    23s
  60   2.69005028e+06  2.69004935e+06  1.51e-08 2.98e-10  7.93e-07    23s
  61   2.69005018e+06  2.69005018e+06  2.65e-11 2.38e-10  5.53e-11    23s

Barrier solved model in 61 iterations and 23.28 seconds (50.17 work units)
Optimal objective 2.69005018e+06


Root crossover log...

   13488 DPushes remaining with DInf 0.0000000e+00                23s
       0 DPushes remaining with DInf 0.0000000e+00                24s

  425535 PPushes remaining with PInf 0.0000000e+00                24s
  316852 PPushes remaining with PInf 0.0000000e+00                25s
    3365 PPushes remaining with PInf 0.0000000e+00                30s
       0 PPushes remaining with PInf 0.0000000e+00                30s

  Push phase complete: Pinf 0.0000000e+00, Dinf 3.8583741e-09     30s


Root simplex log...

Iteration    Objective       Primal Inf.    Dual Inf.      Time
  435566    2.6900502e+06   0.000000e+00   0.000000e+00     30s
Concurrent spin time: 2.01s

Solved with barrier
  435566    2.6900502e+06   0.000000e+00   0.000000e+00     32s

Root relaxation: objective 2.690050e+06, 435566 iterations, 21.38 seconds (21.99 work units)
Total elapsed time = 36.40s (DegenMoves)
Total elapsed time = 41.08s (DegenMoves)
Total elapsed time = 47.68s (DegenMoves)
Total elapsed time = 50.06s (DegenMoves)

    Nodes    |    Current Node    |     Objective Bounds      |     Work
 Expl Unexpl |  Obj  Depth IntInf | Incumbent    BestBd   Gap | It/Node Time

     0     0 3581178.80    0 1716          - 3581178.80      -     -   52s
     0     0 3598682.15    0 1677          - 3598682.15      -     -   78s
     0     0 3599598.36    0 2351          - 3599598.36      -     -   81s
     0     0 3599816.60    0 2265          - 3599816.60      -     -   82s
     0     0 3599816.60    0 2265          - 3599816.60      -     -   82s
     0     0 3601468.59    0 1499          - 3601468.59      -     -  102s
     0     0 3601468.59    0 1890          - 3601468.59      -     -  105s
     0     0 3601468.59    0 1516          - 3601468.59      -     -  120s
     0     0 3601468.59    0 1688          - 3601468.59      -     -  122s
     0     0 3601468.59    0 1469          - 3601468.59      -     -  136s
     0     0 3601468.59    0 1524          - 3601468.59      -     -  138s
     0     0 3601468.59    0 1523          - 3601468.59      -     -  152s
     0     0 3601468.59    0 1762          - 3601468.59      -     -  154s
     0     0 3601468.59    0 1485          - 3601468.59      -     -  178s
     0     0 3601468.59    0 1443          - 3601468.59      -     -  187s
     0     2 3601468.59    0 1443          - 3601468.59      -     -  314s
     1     4 3650381.32    1 2240          - 3601798.53      - 18751  320s
     5    10 3609457.95    2 2720          - 3601798.53      -  4366  326s
    10    15 3650381.32    4 2899          - 3601798.53      -  2909  334s
    17    27 3601798.53    2 4386          - 3601798.53      -  4994  344s
    32    49 3613618.35    3 4344          - 3601798.53      -  6519  355s
    59    78 3608713.00    4 3879          - 3608713.00      -  4797  378s
    90   133 3609151.62    5 3980          - 3608713.00      - 10185  405s
   146   269 3608713.00    5 4259          - 3608713.00      -  7697  424s
   282   345 3609151.62    6 4196          - 3608713.00      -  4138  437s
   358   417 3608713.00    5 3348          - 3608713.00      -  3402  446s
   430   506 3609151.62    6 3239          - 3609151.62      -  2938  455s
   519   598 3616811.04   16 3836          - 3611066.48      -  2545  463s
   611   701 3611120.25   16 3903          - 3611066.48      -  2262  476s
   714   890 3616811.04   22 3870          - 3611066.48      -  2007  493s
   903   962 3611066.48    9 3793          - 3611066.48      -  1681  504s
   922   962 3616831.66   17 3792          - 3611066.48      -  1688  505s
   975   989 3616831.66   16 3811          - 3611066.48      -  1635  517s
  1004  1060 3616811.04   22 3824          - 3611066.48      -  1676  529s
  1075  1090 3611087.09   13 3298          - 3611066.48      -  1606  540s
  1108  1135 3616811.04   24 3865          - 3611066.48      -  1603  552s
  1157  1157 3632631.20   25 3753          - 3611066.48      -  1586  566s
  1186  1183 3616831.66   11 3023          - 3611066.48      -  1592  580s
  1219  1207 3611066.48   10 3102          - 3611066.48      -  1630  606s
  1246  2571 3616831.66   18 4938          - 3616811.04      -  1817  702s
  2624  3981 3616831.65   19 3597          - 3616811.04      -  1013  775s
  4035  3982 3623101.78   55 79954          - 3616811.04      -   742  786s
  4037  3983 3616854.97   20 1759          - 3616811.04      -   741  903s
  4038  3984 3623101.78   23 1853          - 3616811.04      -   741  956s
  4039  3985 3616811.04   25 2970          - 3616811.04      -   741  963s
  4040  3985 3623081.16   22 3262          - 3616811.04      -   741  967s
  4041  3986 3622012.43   53 3165          - 3616811.04      -   740  970s
  4042  3987 3622012.43   25 3158          - 3616811.04      -   740  988s
  4043  3987 3622012.43   37 1517          - 3616811.04      -   740 1082s
  4044  3988 3622012.43   21 3193          - 3616811.04      -   740 1094s
  4045  3989 3623101.78   32 3168          - 3616811.04      -   740 1149s
  4046  3989 3616996.06   14 1496          - 3616996.06      -   740 1220s
  4048  3991 3738622.61    7 2593          - 3617402.21      -   739 1257s
  4049  3991 3623101.78   21 1513          - 3617910.14      -   739 1355s
  4050  3992 3623101.77   59 2125          - 3617910.14      -   739 1397s
  4051  3993 3621673.19   27 1476          - 3617910.14      -   739 1475s
  4052  3993 3617910.14   14 1959          - 3617910.14      -   738 1520s
  4053  3994 3617910.14   23 1469          - 3617910.14      -   738 1652s
  4054  3995 3617910.14   11 1433          - 3617910.14      -   738 1733s
  4055  3995 3622012.43   52 1433          - 3617910.14      -   738 1953s
  4056  3999 3617910.14   11 1385          - 3617910.14      -  1213 1964s
  4058  4002 3618815.47   12 1403          - 3618815.47      -  1213 1971s
  4062  4009 3619400.86   13 2392          - 3619400.86      -  1215 2010s
H 4070  3821                    2.758813e+07 3619400.86  86.9%  1245 2085s
H 4086  3658                    2.451938e+07 3619400.86  85.2%  1247 2176s
H 4087  3478                    2.449316e+07 3619400.86  85.2%  1246 2177s
H 4088  3305                    2.244266e+07 3619400.86  83.9%  1249 2177s
H 4098  3139                    2.164984e+07 3619400.86  83.3%  1250 2177s
H 4106  2981                    1.876390e+07 3619400.86  80.7%  1248 2177s
H 4118  2858                    1.876100e+07 3619400.86  80.7%  1246 2218s
H 4118  2719                    1.503016e+07 3619400.86  75.9%  1246 2219s
H 4125  2584                    1.329144e+07 3619400.86  72.8%  1255 2219s
H 4137  2454                    1.316645e+07 3619400.86  72.5%  1255 2219s
H 4148  2362                    1.116891e+07 3619400.86  67.6%  1263 2322s
H 4149  2248                    1.105638e+07 3621211.54  67.2%  1263 2323s
H 4152  2139                    9568030.8474 3621211.54  62.2%  1262 2323s
H 4160  2033                    9448079.6409 3621211.54  61.7%  1262 2323s
  4180  2059 3626053.07   18 3654 9448079.64 3621211.55  61.7%  1258 2372s
H 4212  2227                    9445179.8503 3626053.07  61.6%  1251 2680s
H 4227  2129                    7686067.0285 3626053.07  52.8%  1246 2680s
H 4397  1984                    7224741.4480 3626053.07  49.8%  1200 2680s
H 4506  2449                    7221841.6574 3626053.07  49.8%  1175 2764s
  5133  2352 3641871.78   22 3807 7221841.66 3626053.08  49.8%  1034 2806s
H 5140  2271                    7218332.9107 3626053.08  49.8%  1033 2806s
H 5245  2160                    7217982.0360 3626053.08  49.8%  1014 2806s
  5276  2274 3626053.08   26 2652 7217982.04 3626053.08  49.8%  1008 2835s
  5408  2260 3626369.00   18 2272 7217982.04 3626369.00  49.8%   985 2878s
H 5409  2188                    7211549.9486 3626369.00  49.7%   985 2878s
H 5410  2120                    7210895.7146 3626369.00  49.7%   985 2878s
H 5419  2053                    7202690.1008 3626369.01  49.7%   983 2878s
H 5434  1986                    7202329.9924 3626369.01  49.7%   985 2878s
H 5435  1927                    7201876.2559 3626369.01  49.6%   984 2878s
  5438  1954 3626369.01   17 3243 7201876.26 3626369.01  49.6%   987 2914s
H 5452  1894                    7199715.6057 3626369.01  49.6%   988 2914s
  5467  1904 3626369.01   17 2944 7199715.61 3626369.01  49.6%   986 2982s
H 5470  1850                    7184918.4057 3626369.01  49.5%   988 2983s
H 5471  1799                    7173049.5598 3626369.01  49.4%   988 2983s
H 5482  1749                    7167642.7835 3627165.73  49.4%   986 2983s
  5499  2134 3627165.74   23 2636 7167642.78 3627165.74  49.4%   983 3034s
H 5933  1956                    7140180.9474 3627165.74  49.2%   913 3130s
  5965  1972 3645960.09   34 3773 7140180.95 3627165.74  49.2%   909 3235s
H 5966  1929                    7129604.3486 3627165.74  49.1%   908 3235s
H 5986  1882                    7111298.7169 3627173.77  49.0%   905 3235s
H 5988  1842                    7085104.1637 3627173.77  48.8%   905 3235s
H 5997  1834                    7081124.9662 3627173.77  48.8%   904 3308s
H 5998  1799                    7047914.4328 3627173.77  48.5%   904 3308s
H 5999  1789                    7045327.2653 3627481.66  48.5%   904 3308s
H 6003  1789                    6997461.7008 3627481.66  48.2%   904 3308s
H 6023  1789                    6963408.6820 3627481.67  47.9%   901 3308s
H 6029  1821                    6954247.3287 3627481.67  47.8%   900 3419s
H 6033  1821                    6949568.3994 3627481.67  47.8%   899 3419s
H 6035  1821                    6933417.3629 3627481.67  47.7%   899 3419s
H 6040  1821                    6926140.2183 3627481.67  47.6%   898 3419s
  6061  1851 3627481.67   19 3579 6926140.22 3627481.67  47.6%   895 3504s
H 6062  1851                    6923763.5030 3627481.67  47.6%   895 3504s
H 6064  1851                    6922552.6623 3627481.67  47.6%   895 3504s
H 6070  1851                    6921833.6496 3627481.67  47.6%   894 3504s
H 6076  1851                    6920196.7933 3627481.67  47.6%   893 3504s
H 6079  1851                    6821366.8510 3627481.67  46.8%   893 3504s
  6093  3280 3642128.96   33 2180 6821366.85 3627604.36  46.8%   892 3862s
H 6119  3280                    6819206.2008 3627604.36  46.8%   888 3862s
H 6166  3280                    6817025.9083 3627604.36  46.8%   882 3862s
H 6260  3280                    6809139.2408 3627920.28  46.7%   869 3862s
H 6307  3280                    6790523.0570 3627920.28  46.6%   862 3862s
H 6401  3280                    6764018.8104 3627920.28  46.4%   850 3862s
H 6448  3280                    6760370.8511 3627920.28  46.3%   844 3862s
H 6589  3280                    6734564.2755 3627920.28  46.1%   826 3862s
H 7597  3299                    6672655.8748 3627920.28  45.6%   721 4417s
  7629  4735 3646714.63   31 3741 6672655.87 3627920.28  45.6%   718 4574s
  9131  4745 3646714.63   36 3714 6672655.87 3627920.28  45.6%   606 5017s
H 9163  4765                    6671032.5463 3627920.28  45.6%   605 5491s
H 9170  4765                    6660390.9717 3627920.28  45.5%   604 5491s
  9195  6170 3646714.63   39 3718 6660390.97 3627920.28  45.5%   603 5625s
H10699  6559                    6660227.2860 3627920.28  45.5%   523 6090s
H10700  6559                    6658230.3215 3627920.28  45.5%   523 6090s
H10749  6559                    6653718.8170 3627920.28  45.5%   521 6090s
H10990  6559                    6649260.3297 3627920.28  45.4%   510 6090s
H11118  7251                    6647459.7879 3627920.28  45.4%   504 6353s
H11577  7251                    6625675.0196 3627920.28  45.2%   487 6353s
 11854  8352 3630983.27   43 3539 6625675.02 3627920.28  45.2%   476 6655s
H11955  8352                    6622166.2729 3627920.28  45.2%   472 6655s
 13037  8810 3630983.27   46 3547 6622166.27 3627920.28  45.2%   436 7200s
H13038  8810                    6616949.7431 3627920.28  45.2%   436 7201s
H13079  8810                    6615910.1304 3627920.28  45.2%   435 7201s
H13169  8810                    6613250.5476 3627920.28  45.1%   432 7201s
H13318  8810                    6581767.0994 3627920.28  44.9%   428 7201s
 13522  8831 3630983.27   45 3545 6581767.10 3627920.28  44.9%   422 7654s
H13528  8831                    6579370.5782 3627920.28  44.9%   422 7655s
H13533  8831                    6576672.3992 3627920.28  44.8%   422 7655s
H13554  9833                    6574275.8780 3627920.28  44.8%   422 8042s
H13598  9833                    6571616.2953 3627920.28  44.8%   420 8042s
H13645  9833                    6565398.7489 3627920.28  44.7%   419 8042s
H14616 10790                    6560899.5950 3627920.28  44.7%   395 9034s
H14663 10790                    6559142.6064 3627920.28  44.7%   394 9034s
H14977 10790                    6528410.3442 3627920.28  44.4%   388 9034s
 15672 12167 3646714.63   30 3720 6528410.34 3627920.28  44.4%   373 9152s
 17176 12184 3646714.63   29 3720 6528410.34 3627920.28  44.4%   346 9937s
H17177 12184                    6525534.5187 3627920.28  44.4%   346 9937s
H17178 12184                    6523373.8685 3627920.28  44.4%   346 9937s
H17184 12184                    6523355.8631 3627920.28  44.4%   346 9937s
H17196 12184                    6522054.7700 3627920.28  44.4%   345 9937s
 17208 12199 3646714.63   50 3717 6522054.77 3627920.28  44.4%   345 10447s
H17214 12199                    6519894.1198 3627920.28  44.4%   345 10447s
H17229 12199                    6517809.1865 3627920.28  44.3%   345 10447s
 17240 13584 3635024.62   55 3573 6517809.19 3627920.28  44.3%   345 10570s
 18744 14953 3646714.63   33 3014 6517809.19 3627920.28  44.3%   324 10663s
H20243 16332                    6515648.5363 3627920.28  44.3%   307 11091s
H21167 16332                    6515648.5354 3627920.28  44.3%   298 11092s
 21731 17666 3646714.63   34 2753 6515648.54 3627920.28  44.3%   292 11176s
 23199 19071 3646714.63   27 2940 6515648.54 3627920.28  44.3%   279 11648s
H23857 19071                    6515648.5342 3627920.28  44.3%   274 11649s
H23904 19071                    6512168.7875 3627920.28  44.3%   274 11649s
 24703 20427 3627920.28   29 3437 6512168.79 3627920.28  44.3%   267 11722s
 26176 21788 3627920.28   32 3422 6512168.79 3627920.28  44.3%   260 12201s
 27650 23163 3646714.63   32 3549 6512168.79 3627920.28  44.3%   252 12263s
H29143 24073                    6510680.7364 3627920.28  44.3%   246 14236s
H29190 24073                    6509772.2664 3627920.28  44.3%   246 14236s
H29225 24073                    6507613.4167 3627920.28  44.3%   246 14236s
H29319 24073                    6507074.0874 3627920.28  44.2%   245 14236s
H29414 24073                    6506649.5290 3627920.28  44.2%   244 14236s
H29731 24073                    6499343.2139 3627920.28  44.2%   243 14236s
 30125 25461 3635024.62   44 3455 6499343.21 3627920.28  44.2%   240 14331s
 31625 26818 3632383.75   42 2255 6499343.21 3627920.28  44.2%   239 14877s
H31766 26818                    6499343.2114 3627920.28  44.2%   238 14877s
H31813 26818                    6496179.8059 3627920.28  44.2%   237 14877s
 33072 26824 3646714.63   36 2498 6496179.81 3627920.28  44.2%   232 15928s
H33089 26824                    6494215.5785 3627920.28  44.1%   233 15928s
 33104 26831 3627920.28   25 2704 6494215.58 3627920.28  44.1%   234 16402s
H33107 26831                    6492036.9229 3627920.28  44.1%   234 16402s
 33136 27979 3646714.63   48 3613 6492036.92 3627920.28  44.1%   236 17087s
H33339 27979                    6490251.2615 3627920.28  44.1%   236 17087s
H33469 27979                    6489876.2726 3627920.28  44.1%   236 17088s
H33804 27979                    6488090.6113 3627920.28  44.1%   236 17088s
 34392 28634 3646714.63   36 2481 6488090.61 3627920.28  44.1%   237 18198s
H34414 28634                    6455990.4905 3627920.28  43.8%   236 18198s
 35126 29982 3646714.63   25 2515 6455990.49 3627920.28  43.8%   237 18875s
H36115 29982                    6454026.2631 3627920.28  43.8%   234 18876s
H36350 29982                    6451150.4376 3627920.28  43.8%   234 18876s
 36585 31332 3646714.63   22 2912 6451150.44 3627920.28  43.8%   233 18950s
 38046 32699 3630983.27   52 3429 6451150.44 3627920.28  43.8%   231 19668s
H38218 32699                    6448753.9164 3627920.28  43.7%   231 19668s
 39519 32973 3646714.63   34 2927 6448753.92 3627920.28  43.7%   226 20856s
H39522 32973                    6444894.2951 3627920.28  43.7%   226 20856s
 39831 34188 3646714.63   25 2538 6444894.30 3627920.28  43.7%   227 21707s
H40336 34188                    6443108.6338 3627920.28  43.7%   226 21707s
 41127 35435 3627920.28   27 2284 6443108.63 3627920.28  43.7%   227 21790s
 42475 36584 3646714.63   30 2535 6443108.63 3627920.28  43.7%   227 22633s
H42785 36584                    6386152.8247 3627920.28  43.2%   227 22633s
H42871 36584                    6360047.3675 3627920.28  43.0%   227 22633s
 43714 37931 3635024.62   38 3411 6360047.37 3627920.28  43.0%   227 22710s
 45165 39093 3635024.62   47 3428 6360047.37 3627920.28  43.0%   225 23570s
H45303 39093                    6327897.2981 3627920.28  42.7%   224 23570s
 46424 40434 3635024.62   35 2408 6327897.30 3627920.28  42.7%   224 23660s
H47865 40454                    6325520.5829 3627920.28  42.6%   223 24856s
H47866 40454                    6193872.2864 3627920.28  41.4%   223 24856s
H47869 40454                    6121188.2282 3627920.28  40.7%   223 24856s
H47880 40454                    6095519.7241 3627920.28  40.5%   224 24856s
H47885 40454                    6080146.8174 3627920.28  40.3%   225 24856s
 47897 41775 3627920.28   23 2788 6080146.82 3627920.28  40.3%   225 24932s
 49326 43111 3627920.28   57 3395 6080146.82 3627920.28  40.3%   223 26416s
H49373 43111                    6034033.0644 3627920.28  39.9%   222 26416s
H49889 43111                    6008364.5604 3627920.28  39.6%   221 26417s
 50741 44273 3627920.29   37 3417 6008364.56 3627920.29  39.6%   218 26541s
 51945 44303 3627920.29   29 3137 6008364.56 3627920.29  39.6%   216 27191s
 51977 44330 3627920.29   30 3363 6008364.56 3627920.29  39.6%   218 28282s
H51982 44330                    5996980.1898 3627920.29  39.5%   218 28282s
 52009 44358 3646218.70   27 3565 5996980.19 3627920.29  39.5%   218 29921s
 52041 44418 3627920.29   34 3390 5996980.19 3627920.29  39.5%   219 30892s
 52110 44725 3627920.29   28 3325 5996980.19 3627920.29  39.5%   220 31773s
 52443 45422 3646218.70   37 3486 5996980.19 3627920.29  39.5%   219 32609s
 53175 45445 3627920.29   27 3322 5996980.19 3627920.29  39.5%   218 35145s
H53183 45445                    5996594.2276 3627920.29  39.5%   218 35145s
H53186 45445                    5996304.2486 3627920.29  39.5%   218 35145s
 53207 46859 3627920.29   35 2544 5996304.25 3627920.29  39.5%   218 35243s
 54677 48242 3627920.29   37 2538 5996304.25 3627920.29  39.5%   215 37001s
H55006 48242                    5996304.2468 3627920.29  39.5%   214 37001s
 56113 49648 3627920.29   34 2550 5996304.25 3627920.29  39.5%   212 37131s
 57560 50773 3627920.29   27 2492 5996304.25 3627920.29  39.5%   211 39059s
H58376 50773                    5996304.2417 3627920.29  39.5%   211 39060s
 58712 52216 3653742.23   34 3274 5996304.24 3627920.29  39.5%   210 39212s
 60190 53065 3627920.29   24 2492 5996304.24 3627920.29  39.5%   209 40640s
H60374 53065                    5971900.8360 3627920.29  39.3%   209 40640s
 61062 54431 3627920.29   25 2492 5971900.84 3627920.29  39.3%   208 40746s
 62459 55499 3627920.29   27 2499 5971900.84 3627920.29  39.3%   207 42114s
 62717 55499 3627920.29   26 2492 5971900.84 3627920.29  39.3%   207 42115s
 63559 56752 3627920.29   26 2497 5971900.84 3627920.29  39.3%   207 42239s
 64818 56752 3627920.29   29 2595 5971900.84 3627920.29  39.3%   207 42240s
 64843 56777 3630983.28   24 2898 5971900.84 3627920.29  39.3%   207 45812s
H64860 56777                    5969524.1239 3627920.29  39.2%   208 45812s
 64875 57159 3630983.28   41 2691 5969524.12 3627920.29  39.2%   208 46312s
H64887 57159                    5965278.5405 3627920.29  39.2%   208 46312s
 65277 58346 3630983.28   35 2644 5965278.54 3627920.29  39.2%   210 47627s
H65525 58346                    5965278.5372 3627920.29  39.2%   209 47627s
 66501 59616 3630983.28   36 2649 5965278.54 3627920.29  39.2%   210 47741s
 67800 60547 3627920.29   37 2652 5965278.54 3627920.29  39.2%   210 49298s
H67874 60547                    5965278.5292 3627920.29  39.2%   210 49298s
 68754 61898 3630983.28   38 2652 5965278.53 3627920.29  39.2%   210 49432s
 70134 63115 3627920.29   27 2779 5965278.53 3627920.29  39.2%   209 50763s
 71378 64418 3627920.29   33 2420 5965278.53 3627920.29  39.2%   209 50877s
H72720 65312                    5913500.5322 3627920.29  38.7%   209 53029s
 73656 66728 3653742.23   36 3263 5913500.53 3627920.29  38.7%   210 53140s
H75109 68072                    5913500.5302 3627920.29  38.7%   209 55059s
H75203 68072                    5889768.2984 3627920.29  38.4%   208 55059s
H75238 68072                    5866433.2947 3627920.29  38.2%   209 55059s
 75661 68072 3627920.29   26 2623 5866433.29 3627920.29  38.2%   208 55060s
 76495 69435 3627920.29   22 2434 5866433.29 3627920.29  38.2%   208 55221s
 77893 70786 3627920.29   23 2429 5866433.29 3627920.29  38.2%   208 57052s
H78122 70786                    5866433.2930 3627920.29  38.2%   208 57052s
H78451 70786                    5866433.2924 3627920.29  38.2%   207 57053s
 79278 72148 3627920.29   25 2444 5866433.29 3627920.29  38.2%   207 57219s
 80676 72179 3627920.29   27 2341 5866433.29 3627920.29  38.2%   207 59495s
H80701 72179                    5866433.2827 3627920.29  38.2%   207 59496s
H80702 72179                    5864272.6445 3627920.29  38.1%   207 59496s
 80708 73509 3627920.29   37 2898 5864272.64 3627920.29  38.1%   207 59650s
 82071 73541 3630983.28   21 3547 5864272.64 3627920.29  38.1%   206 65388s
H82074 73541                    5861109.2365 3627920.29  38.1%   206 65388s
 82103 74902 3627920.29   22 2228 5861109.24 3627920.29  38.1%   207 65551s
 83492 76230 3630983.28   23 2214 5861109.24 3627920.29  38.1%   206 68433s
H83972 76230                    5861109.2355 3627920.29  38.1%   205 68433s
 84703 76230 3627920.29   20 2411 5861109.24 3627920.29  38.1%   205 68435s
 84848 77666 3627920.29   43 2641 5861109.24 3627920.29  38.1%   204 68621s
 86317 77694 3627920.29   44 2638 5861109.24 3627920.29  38.1%   203 69601s
 86349 77724 3627920.29   44 2579 5861109.24 3627920.29  38.1%   204 70671s
 86381 77753 3627920.29   44 2580 5861109.24 3627920.29  38.1%   204 72855s
 86413 77785 3627920.29   45 2633 5861109.24 3627920.29  38.1%   204 76603s
 86445 77817 3627920.29   46 2628 5861109.24 3627920.29  38.1%   204 80782s
 86477 77846 3627920.29   25 2357 5861109.24 3627920.29  38.1%   204 83100s
 86509 77924 3627920.29   36 2274 5861109.24 3627920.29  38.1%   205 84629s
 86595 77944 3630983.28   37 2275 5861109.24 3627920.29  38.1%   205 85626s
 86627 78067 3627920.29   38 2260 5861109.24 3627920.29  38.1%   207 87212s

Cutting planes:
  Gomory: 65
  Lift-and-project: 36
  Cover: 7
  Implied bound: 42
  MIR: 53
  Flow cover: 2066
  GUB cover: 17
  Inf proof: 4
  Zero half: 5
  RLT: 17
  Relax-and-lift: 1
  PSD: 6

Explored 86751 nodes (17926711 simplex iterations) in 87215.55 seconds (14768.23 work units)
Thread count was 32 (of 32 available processors)

Solution count 10: 5.86111e+06 5.86111e+06 5.86427e+06 ... 5.9135e+06

Solve interrupted
Best objective 5.861109235495e+06, best bound 3.627920289098e+06, gap 38.1018%
