
Gurobi 12.0.0 (win64) logging started Fri Feb  6 00:09:18 2026

Set parameter LogFile to value "ELMO_log.txt"
Set parameter Threads to value 24
Set parameter Heuristics to value 0.5
Set parameter MIPFocus to value 3
Set parameter Presolve to value 2
Set parameter FlowCoverCuts to value 2
Set parameter TimeLimit to value 172800
Gurobi Optimizer version 12.0.0 build v12.0.0rc1 (win64 - Windows 11+.0 (26200.2))

CPU model: Intel(R) Core(TM) i9-14900K, instruction set [SSE2|AVX|AVX2]
Thread count: 24 physical cores, 32 logical processors, using up to 24 threads

Non-default parameters:
TimeLimit  172800
MIPGap  0.01
Heuristics  0.5
MIPFocus  3
FlowCoverCuts  2
Presolve  2
Threads  24

Optimize a model with 275043 rows, 895254 columns and 2912262 nonzeros
Model fingerprint: 0x46b0fef6
Variable types: 114192 continuous, 781062 integer (781059 binary)
Coefficient statistics:
  Matrix range     [1e-01, 4e+02]
  Objective range  [3e-03, 3e+05]
  Bounds range     [1e+00, 1e+00]
  RHS range        [1e+00, 1e+18]
Warning: Model contains large rhs
         Consider reformulating model or setting NumericFocus parameter
         to avoid numerical issues.
Found heuristic solution: objective 9.739107e+10
Presolve removed 226587 rows and 561459 columns (presolve time = 175s)...
Presolve removed 226587 rows and 561459 columns
Presolve time: 174.61s
Presolved: 48456 rows, 333795 columns, 935496 nonzeros
Variable types: 46656 continuous, 287139 integer (287136 binary)
Root relaxation presolve removed 17568 rows and 17568 columns
Root relaxation presolved: 30888 rows, 316227 columns, 900360 nonzeros

Deterministic concurrent LP optimizer: primal simplex, dual simplex, and barrier
Showing barrier log only...

Root barrier log...

Ordering time: 0.09s

Barrier statistics:
 Dense cols : 3
 AA' NZ     : 5.954e+05
 Factor NZ  : 2.054e+06 (roughly 160 MB of memory)
 Factor Ops : 1.732e+08 (less than 1 second per iteration)
 Threads    : 22

                  Objective                Residual
Iter       Primal          Dual         Primal    Dual     Compl     Time
   0   1.39703557e+11 -1.35744796e+12  2.11e+02 3.44e+04  1.09e+07   175s
   1   7.30942536e+10 -4.33954177e+11  8.42e+01 3.08e+04  3.49e+06   176s
   2   2.53977356e+09 -1.97677193e+11  5.51e-14 2.53e-06  3.07e+05   176s
   3   1.11791173e+09 -1.28245641e+09  3.00e-13 1.48e-07  3.68e+03   176s
   4   1.45777504e+08 -3.18459716e+08  5.12e-13 2.87e-08  7.13e+02   176s
   5   1.69851657e+07 -1.04097893e+08  8.66e-13 9.44e-09  1.86e+02   176s
   6   1.21381251e+07 -4.24691425e+07  7.15e-13 3.80e-09  8.38e+01   176s
   7   4.13604647e+06 -1.58923238e+07  9.29e-13 1.57e-09  3.07e+01   176s
   8   2.38983932e+06 -8.06028089e+06  6.62e-13 9.62e-10  1.60e+01   176s
   9   1.90997027e+06 -3.11470215e+06  5.48e-13 8.79e-10  7.71e+00   176s
  10   1.27570055e+06 -1.08226003e+06  5.82e-13 1.10e-09  3.62e+00   176s
  11   1.07160938e+06 -4.94435363e+05  4.96e-13 9.22e-10  2.40e+00   176s
  12   7.89987788e+05 -8.63616768e+04  5.57e-13 9.06e-10  1.35e+00   176s
  13   7.26220987e+05  2.23968750e+04  4.14e-13 9.71e-10  1.08e+00   176s
  14   6.65371356e+05  1.13720609e+05  5.02e-13 1.03e-09  8.47e-01   176s
  15   6.22420116e+05  1.64651410e+05  5.84e-13 9.62e-10  7.03e-01   176s
  16   5.81581574e+05  2.28747261e+05  7.49e-13 9.45e-10  5.42e-01   176s
  17   5.45094309e+05  2.74310227e+05  1.75e-12 9.45e-10  4.16e-01   176s
  18   5.10802123e+05  3.23097566e+05  2.28e-12 8.62e-10  2.88e-01   176s
  19   4.73630116e+05  3.49826788e+05  9.14e-12 8.54e-10  1.90e-01   176s
  20   4.47440985e+05  3.64216593e+05  6.98e-12 8.95e-10  1.28e-01   177s
  21   4.35606047e+05  3.71973823e+05  5.35e-12 9.06e-10  9.77e-02   177s
  22   4.26496360e+05  3.79224996e+05  8.03e-12 9.10e-10  7.26e-02   177s
  23   4.17025990e+05  3.88661573e+05  4.87e-11 8.49e-10  4.35e-02   177s
  24   4.13692819e+05  3.93465439e+05  4.00e-11 8.33e-10  3.10e-02   177s
  25   4.08523005e+05  3.95552931e+05  2.44e-11 1.03e-09  1.99e-02   177s
  26   4.07603072e+05  3.96233340e+05  1.75e-11 9.69e-10  1.75e-02   177s
  27   4.05091573e+05  3.97233008e+05  1.24e-11 9.36e-10  1.21e-02   177s
  28   4.03514170e+05  3.97516830e+05  2.41e-11 9.90e-10  9.21e-03   177s
  29   4.03127390e+05  3.97698683e+05  2.58e-11 8.84e-10  8.33e-03   177s
  30   4.01307349e+05  3.98142946e+05  2.44e-11 8.74e-10  4.86e-03   177s
  31   3.99964978e+05  3.98841980e+05  4.16e-11 1.13e-09  1.72e-03   177s
  32   3.99384920e+05  3.98917603e+05  3.24e-11 9.23e-10  7.17e-04   177s
  33   3.99192981e+05  3.98929798e+05  5.27e-11 9.21e-10  4.04e-04   177s
  34   3.99108908e+05  3.98966707e+05  3.38e-11 9.05e-10  2.18e-04   177s
  35   3.99056275e+05  3.98986401e+05  3.23e-11 9.17e-10  1.07e-04   177s
  36   3.99032078e+05  3.99002387e+05  3.14e-11 9.32e-10  4.56e-05   177s
  37   3.99022174e+05  3.99010907e+05  2.29e-11 1.14e-09  1.73e-05   177s
  38   3.99019406e+05  3.99012393e+05  1.14e-10 8.79e-10  1.08e-05   177s
  39   3.99017348e+05  3.99013157e+05  3.52e-10 8.83e-10  6.43e-06   178s
  40   3.99015567e+05  3.99013505e+05  4.88e-10 8.47e-10  3.17e-06   178s
  41   3.99015295e+05  3.99014106e+05  3.69e-10 8.58e-10  1.82e-06   178s
  42   3.99014896e+05  3.99014257e+05  1.98e-10 8.58e-10  9.82e-07   178s
  43   3.99014645e+05  3.99014484e+05  1.48e-10 8.71e-10  2.47e-07   178s
  44   3.99014558e+05  3.99014527e+05  2.87e-08 7.97e-10  4.75e-08   178s
  45   3.99014546e+05  3.99014532e+05  1.23e-08 6.93e-10  2.19e-08   178s
  46   3.99014539e+05  3.99014536e+05  2.64e-09 7.75e-10  3.96e-09   178s

Barrier solved model in 46 iterations and 177.87 seconds (104.29 work units)
Optimal objective 3.99014539e+05


Root crossover log...

    8285 DPushes remaining with DInf 0.0000000e+00               178s
       0 DPushes remaining with DInf 0.0000000e+00               178s

  141001 PPushes remaining with PInf 3.6398480e-04               178s
   25287 PPushes remaining with PInf 0.0000000e+00               180s
       0 PPushes remaining with PInf 0.0000000e+00               180s

  Push phase complete: Pinf 0.0000000e+00, Dinf 1.2966607e+03    180s


Root simplex log...

Iteration    Objective       Primal Inf.    Dual Inf.      Time
  149268    3.9901454e+05   0.000000e+00   1.296661e+03    180s
  149273    3.9901454e+05   0.000000e+00   0.000000e+00    180s
Concurrent spin time: 0.13s

Solved with barrier
  152896    3.9901454e+05   0.000000e+00   0.000000e+00    181s
Extra simplex iterations after uncrush: 3623

Root relaxation: objective 3.990145e+05, 152896 iterations, 5.83 seconds (7.17 work units)
Total elapsed time = 185.27s (DegenMoves)
Total elapsed time = 190.08s (DegenMoves)

    Nodes    |    Current Node    |     Objective Bounds      |     Work
 Expl Unexpl |  Obj  Depth IntInf | Incumbent    BestBd   Gap | It/Node Time

     0     0 399014.537    0 9664 9.7391e+10 399014.537   100%     -  194s
H    0     0                    2.281266e+07 399014.537  98.3%     -  195s
H    0     0                    2.280616e+07 399014.537  98.3%     -  195s
     0     0 399025.128    0 9267 2.2806e+07 399025.128  98.3%     -  211s
H    0     0                    2.057789e+07 399205.881  98.1%     -  211s
H    0     0                    1.964300e+07 399205.881  98.0%     -  212s
H    0     0                    1.949797e+07 399205.881  98.0%     -  212s
H    0     0                    1.949792e+07 399205.881  98.0%     -  212s
H    0     0                    1.946881e+07 399205.881  97.9%     -  212s
H    0     0                    1.946875e+07 399205.881  97.9%     -  212s
H    0     0                    1.943968e+07 399205.881  97.9%     -  212s
H    0     0                    1.942142e+07 399205.881  97.9%     -  212s
H    0     0                    1.941051e+07 399205.881  97.9%     -  212s
H    0     0                    1.941046e+07 399205.881  97.9%     -  212s
     0     0 399205.881    0 10417 1.9410e+07 399205.881  97.9%     -  213s
     0     0 431608.912    0 9996 1.9410e+07 431608.912  97.8%     -  218s
     0     0 466322.809    0 9919 1.9410e+07 466322.809  97.6%     -  221s
     0     0 501024.454    0 9966 1.9410e+07 501024.454  97.4%     -  225s
     0     0 535873.130    0 9854 1.9410e+07 535873.130  97.2%     -  230s
     0     0 572197.828    0 9624 1.9410e+07 572197.828  97.1%     -  232s
     0     0 608907.515    0 9503 1.9410e+07 608907.515  96.9%     -  233s
     0     0 645433.929    0 9410 1.9410e+07 645433.929  96.7%     -  235s
     0     0 685783.317    0 8208 1.9410e+07 685783.317  96.5%     -  240s
     0     0 728629.395    0 7088 1.9410e+07 728629.395  96.2%     -  244s
     0     0 779226.768    0 5154 1.9410e+07 779226.768  96.0%     -  247s
     0     0 786760.601    0 4819 1.9410e+07 786760.601  95.9%     -  248s
     0     0 786760.605    0 4807 1.9410e+07 786760.605  95.9%     -  249s
     0     0 787099.486    0 3515 1.9410e+07 787099.486  95.9%     -  266s
H    0     0                    1024434.2091 787099.486  23.2%     -  267s
H    0     0                    996864.20416 787099.486  21.0%     -  268s
H    0     0                    996149.46180 787099.486  21.0%     -  268s
     0     0 787160.805    0 3902 996149.462 787160.805  21.0%     -  268s
     0     0 787180.414    0 3325 996149.462 787180.414  21.0%     -  289s
     0     0 787180.415    0 3271 996149.462 787180.415  21.0%     -  297s
H    0     0                    984003.12231 787180.415  20.0%     -  329s
H    0     0                    936699.12231 787180.415  16.0%     -  329s
H    0     0                    897013.46365 787180.415  12.2%     -  335s
H    0     0                    894287.24456 787180.415  12.0%     -  336s
H    0     0                    846500.27413 787180.415  7.01%     -  336s
H    0     0                    846307.08894 787180.415  6.99%     -  336s
H    0     0                    846261.66261 787180.415  6.98%     -  336s
H    0     0                    845783.31332 787180.415  6.93%     -  336s
H    0     0                    845772.29290 787180.415  6.93%     -  336s
H    0     0                    845711.48836 787180.415  6.92%     -  336s
H    0     0                    845708.88421 787180.415  6.92%     -  337s
H    0     0                    843034.16729 787180.415  6.63%     -  361s
H    0     0                    842574.42340 787180.415  6.57%     -  380s
     4     4 805533.140    2 1042 842574.423 788745.893  6.39% 219171  472s
    18    32 788766.345    5 1061 842574.423 788763.669  6.39% 49988  475s
    58    80 788778.342    7 1121 842574.423 788771.309  6.39% 16230  484s
    82   152 788789.642    7 1042 842574.423 788772.725  6.39% 11941  496s
   154   176 788790.291    8 1121 842574.423 788778.352  6.38%  6614  534s
   178   849 788794.245    8 1163 842574.423 788778.658  6.38%  5957  594s
H  851   849                    837952.65403 788789.492  5.87%   793  595s
   852   853 790457.564    2  972 837952.654 790455.675  5.67%  1768  689s
   854   857 790473.641    3  972 837952.654 790457.564  5.67%  1817  690s
   866   881 790491.375    5 1107 837952.654 790488.688  5.66%  1820  695s
   882   905 790492.434    6 1221 837952.654 790491.375  5.66%  1884  701s
   906  1025 790493.502    7 1200 837952.654 790492.434  5.66%  1852  706s
  1026  1049 790495.501   12 1243 837952.654 790493.502  5.66%  1656  735s
  1050  1073 790496.373   12 1213 837952.654 790493.517  5.66%  1630  775s
  1074  2032 790504.006    8 1240 837952.654 790493.571  5.66%  1616  817s
H 2033  2032                    836449.02779 790493.603  5.49%   634  818s
  2034  2034 793481.308    2  578 836449.028 793446.717  5.14%  1041  904s
  2036  2036 793481.308    3  572 836449.028 793481.308  5.14%  1063  905s
  2050  2064 793481.956    6  589 836449.028 793481.952  5.14%  1057  913s
  2066  2088 793481.981    7  557 836449.028 793481.956  5.14%  1050  922s
  2090  2256 793481.981    7  583 836449.028 793481.956  5.14%  1039  933s
  2258  2280 793481.981   10  604 836449.028 793481.981  5.14%   962  966s
  2282  2762 793481.982   13  601 836449.028 793481.981  5.14%   953 1034s
H 2764  2762                    834834.06573 793481.981  4.95%   588 1034s
  2764  4372 793491.707   10 1132 834834.066 793481.981  4.95%   750 1363s
H 4374  4372                    834816.84439 793482.078  4.95%   390 1364s
  4374 10132 793493.729   12 1161 834816.844 793482.078  4.95%   502 1460s
H10134 10132                    834181.40227 793483.975  4.88%   175 1462s
 10134 13603 793483.979    9  628 834181.402 793483.975  4.88%   230 1669s
 12907 13603 793483.979   15  651 834181.402 793483.975  4.88%   183 1670s
H13605 13603                    834149.76659 793483.975  4.88%   134 1671s
 13605 19603 793495.223   11 1127 834149.767 793483.975  4.88%   167 1919s
 18855 19603 793498.941   10 1112 834149.767 793484.000  4.88%   125 1920s

Cutting planes:
  Gomory: 86
  Lift-and-project: 63
  Implied bound: 106
  MIR: 79
  Mixing: 23
  Flow cover: 3735
  RLT: 12
  Relax-and-lift: 18

Explored 19623 nodes (3013277 simplex iterations) in 2402.55 seconds (1201.86 work units)
Thread count was 24 (of 32 available processors)

Solution count 10: 834150 834181 834817 ... 845711

Solve interrupted
Best objective 8.341497665944e+05, best bound 7.935089940954e+05, gap 4.8721%
