
Gurobi 12.0.3 (win64) logging started Tue Jul  7 01:06:30 2026

Set parameter LogFile to value "output/DCH_taller_julio/Costo_variable/Ventana_restringida/Carga_on_board_1000kW_Descomp_ventana_carga/station_1_d152_stage1\gurobi.log"
Set parameter Threads to value 5
Set parameter Heuristics to value 0.5
Set parameter MIPFocus to value 3
Set parameter Presolve to value 2
Set parameter FlowCoverCuts to value 2
Set parameter TimeLimit to value 172800
Gurobi Optimizer version 12.0.3 build v12.0.3rc0 (win64 - Windows 11+.0 (26200.2))

CPU model: Intel(R) Core(TM) i9-14900K, instruction set [SSE2|AVX|AVX2]
Thread count: 24 physical cores, 32 logical processors, using up to 5 threads

Non-default parameters:
TimeLimit  172800
MIPGap  0.01
Heuristics  0.5
MIPFocus  3
FlowCoverCuts  2
Presolve  2
Threads  5

Optimize a model with 23329 rows, 35809 columns and 111338 nonzeros
Model fingerprint: 0x6c4a371c
Variable types: 17323 continuous, 18486 integer (18485 binary)
Coefficient statistics:
  Matrix range     [1e-01, 1e+03]
  Objective range  [1e-02, 2e+05]
  Bounds range     [1e+00, 1e+00]
  RHS range        [1e+00, 1e+04]
Presolve removed 22092 rows and 27284 columns
Presolve time: 0.10s
Presolved: 1237 rows, 8525 columns, 25866 nonzeros
Variable types: 245 continuous, 8280 integer (8279 binary)
Root relaxation presolved: 1237 rows, 8525 columns, 25866 nonzeros


Use crossover to convert LP symmetric solution to basic solution...

Root relaxation: objective 2.189158e+05, 3180 iterations, 0.05 seconds (0.06 work units)

    Nodes    |    Current Node    |     Objective Bounds      |     Work
 Expl Unexpl |  Obj  Depth IntInf | Incumbent    BestBd   Gap | It/Node Time

     0     0 218915.793    0  156          - 218915.793      -     -    0s
     0     0 350810.274    0  158          - 350810.274      -     -    0s
H    0     0                    541991.29194 350810.274  35.3%     -    0s
H    0     0                    515938.43341 350810.274  32.0%     -    0s
H    0     0                    506624.66756 350810.274  30.8%     -    0s
H    0     0                    505915.41727 350810.274  30.7%     -    0s
H    0     0                    468355.23921 353248.173  24.6%     -    1s
H    0     0                    366226.15926 355705.927  2.87%     -    1s
H    0     0                    365765.02168 355705.927  2.75%     -    1s
H    0     0                    365764.83989 355705.927  2.75%     -    1s
H    0     0                    365558.11866 355705.927  2.70%     -    1s
H    0     0                    364914.73206 355705.927  2.52%     -    1s
H    0     0                    364851.46809 355705.927  2.51%     -    1s
H    0     0                    364790.06151 355705.927  2.49%     -    1s
     0     0 355716.776    0   91 364790.062 355716.776  2.49%     -    1s
H    0     0                    363203.37932 355716.776  2.06%     -    1s
H    0     0                    363190.93862 355716.776  2.06%     -    1s
H    0     0                    363163.33263 355716.776  2.05%     -    1s
H    0     0                    363162.85324 355716.776  2.05%     -    1s
H    0     0                    363114.85833 355716.776  2.04%     -    2s
H    0     0                    362649.09177 355716.776  1.91%     -    2s
H    0     0                    360834.32395 355716.776  1.42%     -    2s
H    0     0                    360833.81320 355716.776  1.42%     -    2s
     0     0 355716.776    0   93 360833.813 355716.776  1.42%     -    2s
H    0     0                    359517.31548 355716.776  1.06%     -    2s
H    0     0                    357525.80419 355716.776  0.51%     -    2s
H    0     0                    357437.57261 355716.776  0.48%     -    2s
H    0     0                    356188.40147 355716.776  0.13%     -    2s
H    0     0                    355957.72887 355716.776  0.07%     -    2s
H    0     0                    355956.09333 355716.776  0.07%     -    2s
     0     0 355716.776    0   81 355956.093 355716.776  0.07%     -    2s

Cutting planes:
  Gomory: 16
  Cover: 9
  Implied bound: 3
  Projected implied bound: 5
  MIR: 26
  Mixing: 4
  Flow cover: 70
  Zero half: 10
  RLT: 1
  Relax-and-lift: 17

Explored 1 nodes (16546 simplex iterations) in 2.49 seconds (2.08 work units)
Thread count was 5 (of 32 available processors)

Solution count 10: 355956 355958 356188 ... 363115

Optimal solution found (tolerance 1.00e-02)
Best objective 3.559560933288e+05, best bound 3.557167761626e+05, gap 0.0672%
