
Gurobi 12.0.3 (win64) logging started Tue Jun 30 15:28:39 2026

Set parameter LogFile to value "output/DCH_taller_julio/Costo_variable/Carga_on_board_1000kW_Descomp/station_3_d32_stage1\gurobi.log"
Set parameter Threads to value 5
Set parameter Heuristics to value 0.5
Set parameter MIPFocus to value 3
Set parameter Presolve to value 2
Set parameter FlowCoverCuts to value 2
Set parameter TimeLimit to value 172800
Gurobi Optimizer version 12.0.3 build v12.0.3rc0 (win64 - Windows 11+.0 (26200.2))

CPU model: Intel(R) Core(TM) i9-14900K, instruction set [SSE2|AVX|AVX2]
Thread count: 24 physical cores, 32 logical processors, using up to 5 threads

Non-default parameters:
TimeLimit  172800
MIPGap  0.01
Heuristics  0.5
MIPFocus  3
FlowCoverCuts  2
Presolve  2
Threads  5

Optimize a model with 22763 rows, 35809 columns and 110742 nonzeros
Model fingerprint: 0x782a9461
Variable types: 17323 continuous, 18486 integer (18485 binary)
Coefficient statistics:
  Matrix range     [1e-01, 1e+03]
  Objective range  [3e-03, 2e+05]
  Bounds range     [1e+00, 1e+00]
  RHS range        [1e+00, 1e+04]
Presolve removed 19930 rows and 25837 columns
Presolve time: 0.11s
Presolved: 2833 rows, 9972 columns, 30958 nonzeros
Variable types: 820 continuous, 9152 integer (9151 binary)
Root relaxation presolved: 2833 rows, 9972 columns, 30958 nonzeros


Root relaxation: objective 5.193148e+04, 4902 iterations, 0.35 seconds (0.73 work units)

    Nodes    |    Current Node    |     Objective Bounds      |     Work
 Expl Unexpl |  Obj  Depth IntInf | Incumbent    BestBd   Gap | It/Node Time

     0     0 214064.185    0  353          - 214064.185      -     -    4s
H    0     0                    221228.37850 214064.185  3.24%     -    4s
H    0     0                    221163.71984 214064.185  3.21%     -    4s
H    0     0                    219764.04195 214064.185  2.59%     -    4s
H    0     0                    218634.92470 214064.185  2.09%     -    4s
H    0     0                    218433.59141 214064.185  2.00%     -    4s
     0     0 214261.631    0  350 218433.591 214261.631  1.91%     -    5s
H    0     0                    218069.51216 214261.631  1.75%     -    5s
H    0     0                    217469.31464 214261.631  1.48%     -    5s
H    0     0                    217382.73405 214261.631  1.44%     -    5s
H    0     0                    217382.41268 214261.631  1.44%     -    5s
H    0     0                    217380.83893 214261.631  1.43%     -    5s
H    0     0                    217380.51756 214261.631  1.43%     -    5s
H    0     0                    217313.01270 214261.631  1.40%     -    5s
H    0     0                    217312.69133 214261.631  1.40%     -    5s
H    0     0                    217301.12749 214261.631  1.40%     -    5s
     0     0 214297.565    0  365 217301.127 214297.565  1.38%     -    5s
     0     0 214305.003    0  365 217301.127 214305.003  1.38%     -    5s
     0     0 214305.926    0  379 217301.127 214305.926  1.38%     -    5s
     0     0 214305.938    0  379 217301.127 214305.938  1.38%     -    5s
     0     0 214403.111    0  343 217301.127 214403.111  1.33%     -    7s
H    0     0                    217246.64157 214403.570  1.31%     -    7s
     0     0 214412.653    0  369 217246.642 214412.653  1.30%     -    7s
     0     0 214413.122    0  381 217246.642 214413.122  1.30%     -    7s
     0     0 214413.311    0  394 217246.642 214413.311  1.30%     -    7s
     0     0 214413.469    0  402 217246.642 214413.469  1.30%     -    7s
     0     0 214457.998    0  366 217246.642 214457.998  1.28%     -    8s
H    0     0                    217243.99354 214460.597  1.28%     -    8s
H    0     0                    217206.48698 214460.597  1.26%     -    8s
H    0     0                    217200.64480 214460.597  1.26%     -    8s
     0     0 214470.019    0  393 217200.645 214470.019  1.26%     -    8s
     0     0 214470.120    0  388 217200.645 214470.120  1.26%     -    8s
H    0     0                    216238.74525 214561.107  0.78%     -    9s
H    0     0                    216235.85531 214561.107  0.77%     -    9s
H    0     0                    216235.78983 214561.107  0.77%     -    9s
H    0     0                    216235.73447 214561.107  0.77%     -    9s
H    0     0                    216210.34694 214561.107  0.76%     -    9s
H    0     0                    216208.71775 214561.107  0.76%     -    9s
H    0     0                    216206.20839 214561.107  0.76%     -    9s
H    0     0                    216204.57921 214561.107  0.76%     -    9s
H    0     0                    216203.19908 214561.107  0.76%     -    9s
H    0     0                    216110.10374 214561.107  0.72%     -    9s
H    0     0                    216073.11931 214561.107  0.70%     -    9s
H    0     0                    215949.19841 214561.107  0.64%     -    9s
H    0     0                    215946.87046 214561.107  0.64%     -    9s
     0     0 214561.107    0  382 215946.870 214561.107  0.64%     -    9s

Cutting planes:
  Gomory: 38
  Lift-and-project: 14
  Cover: 51
  Implied bound: 17
  Projected implied bound: 1
  Clique: 4
  MIR: 79
  Mixing: 5
  Flow cover: 108
  Zero half: 54
  RLT: 5
  Relax-and-lift: 44

Explored 1 nodes (68388 simplex iterations) in 9.03 seconds (12.94 work units)
Thread count was 5 (of 32 available processors)

Solution count 10: 215947 215949 216073 ... 216236

Optimal solution found (tolerance 1.00e-02)
Best objective 2.159468704645e+05, best bound 2.145611071232e+05, gap 0.6417%
