
Gurobi 12.0.3 (win64) logging started Mon Sep  7 19:25:24 2026

Set parameter LogFile to value "C:\Users\TECNO-MASTER\Desktop\Elmo_infrastructure_sizing_NP-\output\DCH_septiembre\Bateria_353\Costo_variable\Ventana_restringida\Carga_on_board_variable_3estaciones_P320kW_Descomp/station_1_d213_stage1\gurobi.log"
Set parameter Threads to value 1
Set parameter Heuristics to value 0.5
Set parameter MIPFocus to value 3
Set parameter Presolve to value 2
Set parameter FlowCoverCuts to value 2
Set parameter TimeLimit to value 1200
Gurobi Optimizer version 12.0.3 build v12.0.3rc0 (win64 - Windows 11+.0 (26200.2))

CPU model: Intel(R) Core(TM) i9-14900K, instruction set [SSE2|AVX|AVX2]
Thread count: 24 physical cores, 32 logical processors, using up to 1 threads

Non-default parameters:
TimeLimit  1200
MIPGap  0.05
Heuristics  0.5
MIPFocus  3
FlowCoverCuts  2
Presolve  2
Threads  1

Optimize a model with 23314 rows, 37249 columns and 111230 nonzeros
Model fingerprint: 0x297e72dd
Variable types: 17323 continuous, 19926 integer (19925 binary)
Coefficient statistics:
  Matrix range     [1e-01, 3e+02]
  Objective range  [8e-03, 8e+04]
  Bounds range     [1e+00, 1e+00]
  RHS range        [1e+00, 1e+04]
Presolve removed 22120 rows and 28478 columns
Presolve time: 0.20s
Presolved: 1194 rows, 8771 columns, 26470 nonzeros
Variable types: 233 continuous, 8538 integer (8537 binary)
Root relaxation presolved: 1194 rows, 8771 columns, 26470 nonzeros


Use crossover to convert LP symmetric solution to basic solution...

Root relaxation: objective 1.985861e+05, 3461 iterations, 0.10 seconds (0.06 work units)

    Nodes    |    Current Node    |     Objective Bounds      |     Work
 Expl Unexpl |  Obj  Depth IntInf | Incumbent    BestBd   Gap | It/Node Time

     0     0 207787.063    0   75          - 207787.063      -     -    0s
H    0     0                    222449.92051 207787.063  6.59%     -    0s
H    0     0                    222288.26409 207787.063  6.52%     -    1s
H    0     0                    220477.90880 207787.063  5.76%     -    1s
     0     0          -    0      220477.909 210484.509  4.53%     -    1s

Cutting planes:
  Gomory: 36
  Cover: 2
  MIR: 2
  Flow cover: 1
  Zero half: 2
  RLT: 1
  Relax-and-lift: 1

Explored 1 nodes (6554 simplex iterations) in 1.19 seconds (1.02 work units)
Thread count was 1 (of 32 available processors)

Solution count 3: 220478 222288 222450 

Optimal solution found (tolerance 5.00e-02)
Best objective 2.204779087991e+05, best bound 2.104845088230e+05, gap 4.5326%
