
Gurobi 12.0.3 (win64) logging started Sun Aug 23 17:23:29 2026

Set parameter LogFile to value "C:\Users\TECNO-MASTER\Desktop\Elmo_infrastructure_sizing_NP-\output\DCH_agosto\Costo_variable\Carga_libre\Carga_on_board_variable_3estaciones_P1000kW_Descomp/station_1_d213_stage1\gurobi.log"
Set parameter Threads to value 1
Set parameter Heuristics to value 0.5
Set parameter MIPFocus to value 3
Set parameter Presolve to value 2
Set parameter FlowCoverCuts to value 2
Set parameter TimeLimit to value 172800
Gurobi Optimizer version 12.0.3 build v12.0.3rc0 (win64 - Windows 11+.0 (26200.2))

CPU model: Intel(R) Core(TM) i9-14900K, instruction set [SSE2|AVX|AVX2]
Thread count: 24 physical cores, 32 logical processors, using up to 1 threads

Non-default parameters:
TimeLimit  172800
MIPGap  0.01
Heuristics  0.5
MIPFocus  3
FlowCoverCuts  2
Presolve  2
Threads  1

Optimize a model with 22770 rows, 37249 columns and 110686 nonzeros
Model fingerprint: 0x8054bc15
Variable types: 17323 continuous, 19926 integer (19925 binary)
Coefficient statistics:
  Matrix range     [1e-01, 1e+03]
  Objective range  [8e-03, 2e+05]
  Bounds range     [1e+00, 3e+00]
  RHS range        [1e+00, 1e+04]
Presolve removed 19880 rows and 26958 columns
Presolve time: 0.25s
Presolved: 2890 rows, 10291 columns, 32614 nonzeros
Variable types: 841 continuous, 9450 integer (9363 binary)
Root relaxation presolved: 2890 rows, 10291 columns, 32614 nonzeros


Root relaxation: objective 4.690311e+04, 7206 iterations, 0.93 seconds (1.00 work units)

    Nodes    |    Current Node    |     Objective Bounds      |     Work
 Expl Unexpl |  Obj  Depth IntInf | Incumbent    BestBd   Gap | It/Node Time

     0     0 46903.1091    0  405          - 46903.1091      -     -    2s
     0     0 76882.9285    0  237          - 76882.9285      -     -    4s
H    0     0                    442159.91709 77796.5285  82.4%     -    4s
H    0     0                    215589.26049 77796.5285  63.9%     -    4s
H    0     0                    215589.24463 77796.5285  63.9%     -    4s
H    0     0                    215585.59890 77796.5285  63.9%     -    4s
H    0     0                    215584.41475 77796.5285  63.9%     -    4s
H    0     0                    215579.78784 77796.5285  63.9%     -    4s
H    0     0                    215577.73938 77796.5285  63.9%     -    4s
H    0     0                    215577.23368 77796.5285  63.9%     -    4s
H    0     0                    215576.57482 77796.5285  63.9%     -    4s
     0     0 77796.5285    0  267 215576.575 77796.5285  63.9%     -    4s
     0     0 97320.1282    0  467 215576.575 97320.1282  54.9%     -    6s
H    0     0                    215576.56931 97320.1282  54.9%     -    6s
H    0     0                    215485.66334 97320.1282  54.8%     -    6s
     0     0 97320.1282    0  589 215485.663 97320.1282  54.8%     -    6s
     0     0 129490.145    0  285 215485.663 129490.145  39.9%     -   10s
     0     0 211406.167    0  274 215485.663 211406.167  1.89%     -   11s
H    0     0                    215241.90810 211406.167  1.78%     -   11s
     0     0 211406.167    0  273 215241.908 211406.167  1.78%     -   11s
     0     0 211653.539    0  162 215241.908 211653.539  1.67%     -   12s
     0     0 211653.563    0  193 215241.908 211653.563  1.67%     -   12s
     0     0 211705.337    0  228 215241.908 211705.337  1.64%     -   13s
H    0     0                    213225.29423 211705.337  0.71%     -   14s

Cutting planes:
  Gomory: 16
  Lift-and-project: 6
  Cover: 12
  Implied bound: 6
  Clique: 2
  MIR: 1
  Flow cover: 11
  Zero half: 9
  Relax-and-lift: 11

Explored 1 nodes (52510 simplex iterations) in 14.06 seconds (14.03 work units)
Thread count was 1 (of 32 available processors)

Solution count 10: 213225 213225 215242 ... 215584

Optimal solution found (tolerance 1.00e-02)
Best objective 2.132252942325e+05, best bound 2.117053373526e+05, gap 0.7128%
