
Gurobi 12.0.0 (win64) logging started Mon Sep  7 04:01:34 2026

Set parameter LogFile to value "C:\Users\TECNO-MASTER\Desktop\Elmo_infrastructure_sizing_NP-\output\DCH_septiembre\Bateria_482\Costo_variable\Carga_libre\Carga_on_board_variable_3estaciones_P640kW_Descomp/station_3_d32_stage1\gurobi.log"
Set parameter Threads to value 1
Set parameter Heuristics to value 0.5
Set parameter MIPFocus to value 3
Set parameter Presolve to value 2
Set parameter FlowCoverCuts to value 2
Set parameter TimeLimit to value 1200
Gurobi Optimizer version 12.0.0 build v12.0.0rc1 (win64 - Windows 11+.0 (26200.2))

CPU model: Intel(R) Core(TM) i9-14900K, instruction set [SSE2|AVX|AVX2]
Thread count: 24 physical cores, 32 logical processors, using up to 1 threads

Non-default parameters:
TimeLimit  1200
MIPGap  0.05
Heuristics  0.5
MIPFocus  3
FlowCoverCuts  2
Presolve  2
Threads  1

Optimize a model with 22740 rows, 37249 columns and 110628 nonzeros
Model fingerprint: 0x50f3ef41
Variable types: 17323 continuous, 19926 integer (19925 binary)
Coefficient statistics:
  Matrix range     [1e-01, 6e+02]
  Objective range  [3e-03, 1e+05]
  Bounds range     [1e+00, 1e+00]
  RHS range        [1e+00, 1e+04]
Presolve removed 19850 rows and 26953 columns
Presolve time: 0.28s
Presolved: 2890 rows, 10296 columns, 31944 nonzeros
Variable types: 840 continuous, 9456 integer (9455 binary)
Root relaxation presolved: 2890 rows, 10296 columns, 31944 nonzeros


Root relaxation: objective 4.449903e+04, 5345 iterations, 0.79 seconds (0.85 work units)
Total elapsed time = 5.10s (DegenMoves)

    Nodes    |    Current Node    |     Objective Bounds      |     Work
 Expl Unexpl |  Obj  Depth IntInf | Incumbent    BestBd   Gap | It/Node Time

     0     0 148574.926    0  200          - 148574.926      -     -    5s
H    0     0                    150965.06435 148574.926  1.58%     -    5s

Explored 1 nodes (38699 simplex iterations) in 5.32 seconds (4.81 work units)
Thread count was 1 (of 32 available processors)

Solution count 1: 150965 

Optimal solution found (tolerance 5.00e-02)
Best objective 1.509650643461e+05, best bound 1.485749255930e+05, gap 1.5832%
