
Gurobi 12.0.3 (win64) logging started Sun Aug 23 02:54:53 2026

Set parameter LogFile to value "C:\Users\TECNO-MASTER\Desktop\Elmo_infrastructure_sizing_NP-\output\DCH_agosto\Costo_variable\Carga_libre\Carga_on_board_variable_3estaciones_P640kW_Descomp/station_3_d213\gurobi.log"
Set parameter Threads to value 1
Set parameter Heuristics to value 0.5
Set parameter MIPFocus to value 3
Set parameter Presolve to value 2
Set parameter FlowCoverCuts to value 2
Set parameter TimeLimit to value 172800
Gurobi Optimizer version 12.0.3 build v12.0.3rc0 (win64 - Windows 11+.0 (26200.2))

CPU model: Intel(R) Core(TM) i9-14900K, instruction set [SSE2|AVX|AVX2]
Thread count: 24 physical cores, 32 logical processors, using up to 1 threads

Non-default parameters:
TimeLimit  172800
MIPGap  0.01
Heuristics  0.5
MIPFocus  3
FlowCoverCuts  2
Presolve  2
Threads  1

Optimize a model with 22770 rows, 37249 columns and 109786 nonzeros
Model fingerprint: 0x5960d4af
Variable types: 17323 continuous, 19926 integer (19925 binary)
Coefficient statistics:
  Matrix range     [1e-01, 6e+02]
  Objective range  [8e-03, 1e+02]
  Bounds range     [1e+00, 3e+00]
  RHS range        [1e+00, 1e+04]
Presolve removed 20325 rows and 26957 columns
Presolve time: 0.36s
Presolved: 2445 rows, 10292 columns, 31454 nonzeros
Variable types: 841 continuous, 9451 integer (9360 binary)
Root relaxation presolved: 2445 rows, 10292 columns, 31454 nonzeros


Root relaxation: objective 1.651947e+05, 4111 iterations, 0.63 seconds (0.22 work units)

    Nodes    |    Current Node    |     Objective Bounds      |     Work
 Expl Unexpl |  Obj  Depth IntInf | Incumbent    BestBd   Gap | It/Node Time

     0     0 165194.655    0  193          - 165194.655      -     -    1s
H    0     0                    195266.20668 165194.655  15.4%     -    1s
H    0     0                    190954.60617 165194.655  13.5%     -    2s
H    0     0                    168398.81351 165194.655  1.90%     -    2s
H    0     0                    168379.21600 165194.655  1.89%     -    2s
H    0     0                    167725.57411 165194.655  1.51%     -    2s
H    0     0                    167715.18267 165194.655  1.50%     -    2s
H    0     0                    167709.90118 165194.655  1.50%     -    2s
H    0     0                    167696.82383 165194.655  1.49%     -    2s
     0     0 165386.305    0  228 167696.824 165386.305  1.38%     -    3s
H    0     0                    167042.04059 165395.251  0.99%     -    3s

Cutting planes:
  Gomory: 16
  Lift-and-project: 4
  Cover: 4
  Implied bound: 10
  Clique: 3
  Flow cover: 12
  Zero half: 6
  Relax-and-lift: 7
  BQP: 1
  PSD: 1

Explored 1 nodes (8560 simplex iterations) in 3.35 seconds (1.61 work units)
Thread count was 1 (of 32 available processors)

Solution count 9: 167042 167697 167710 ... 195266

Optimal solution found (tolerance 1.00e-02)
Best objective 1.670420405931e+05, best bound 1.653952514956e+05, gap 0.9859%
